
> qwork2026@1.0.0 pretest C:\apps\QWork
> dotenv -e .env.test --override -- node scripts/checks/validate-test-isolation.js && dotenv -e .env.test --override -- node scripts/checks/ensure-test-env.js && dotenv -e .env.test --override -- node scripts/checks/no-dev-db-in-tests.cjs && dotenv -e .env.test --override -- node scripts/checks/fix-duplicated-fk.cjs && dotenv -e .env.test --override -- node scripts/checks/fix-detectar-anomalias.cjs


­ƒöì Validando isolamento de ambientes...

Ô£à TEST_DATABASE_URL: nr-bps_db_test
ÔÜá´©Å  AVISO: LOCAL_DATABASE_URL aponta para banco de teste
   Banco: nr-bps_db_test
   LOCAL_DATABASE_URL deve apontar para nr-bps_db (desenvolvimento)

ÔÜá´©Å  AVISO: JEST_WORKER_ID n├úo definida (executando fora do Jest?)


======================================================================

Ô£à VALIDA├ç├âO PASSOU: Ambiente de teste est├í isolado e seguro
   Banco de testes: nr-bps_db_test
   Banco de desenvolvimento protegido: nr-bps_db
   Pol├¡tica: TESTING-POLICY.md

Ô£à TEST_DATABASE_URL est├í definida e aponta para um banco de teste: nr-bps_db_test
Ô£à Nenhuma refer├¬ncia direta a nr-bps_db encontrada em __tests__.
Verificando e removendo FK duplicada lotes_avaliacao_liberado_por_fkey1 (se existir)...
Corre├º├úo aplicada (se necess├íria).
