
> qwork2026@1.0.0 pretest C:\apps\QWork
> dotenv -e .env.test --override -- node scripts/checks/validate-test-isolation.js && dotenv -e .env.test --override -- node scripts/checks/ensure-test-env.js && dotenv -e .env.test --override -- node scripts/checks/no-dev-db-in-tests.cjs && dotenv -e .env.test --override -- node scripts/checks/fix-duplicated-fk.cjs && dotenv -e .env.test --override -- node scripts/checks/fix-detectar-anomalias.cjs && dotenv -e .env.test --override -- node scripts/checks/validate-test-data-integrity.cjs


­ƒöì Validando isolamento de ambientes...

Ô£à TEST_DATABASE_URL: nr-bps_db_test

======================================================================

Ô£à VALIDA├ç├âO PASSOU: Ambiente de teste est├í isolado e seguro
ÔÜá´©Å  AVISO: LOCAL_DATABASE_URL aponta para banco de teste
   Banco: nr-bps_db_test
   LOCAL_DATABASE_URL deve apontar para nr-bps_db (desenvolvimento)

ÔÜá´©Å  AVISO: JEST_WORKER_ID n├úo definida (executando fora do Jest?)

   Banco de testes: nr-bps_db_test
   Banco de desenvolvimento protegido: nr-bps_db
   Pol├¡tica: TESTING-POLICY.md

Ô£à TEST_DATABASE_URL est├í definida e aponta para um banco de teste: nr-bps_db_test
Ô£à Nenhuma refer├¬ncia direta a nr-bps_db encontrada em __tests__.
Verificando e removendo FK duplicada lotes_avaliacao_liberado_por_fkey1 (se existir)...
Corre├º├úo aplicada (se necess├íria).
Aplicando corre├º├úo da fun├º├úo detectar_anomalias_indice...
Corre├º├úo aplicada com sucesso.

ÔÜá´©Å  [validate-test-data-integrity] Coluna "clinicas.ativa" existe mas permite NULL ÔÇö pode causar falhas em datasets de teste.

ÔÜá´©Å  [validate-test-data-integrity] Coluna "entidades.tipo" existe mas permite NULL ÔÇö pode causar falhas em datasets de teste.

ÔÜá´©Å  [validate-test-data-integrity] Coluna "empresas_clientes.ativa" existe mas permite NULL ÔÇö pode causar falhas em datasets de teste.

ÔÜá´©Å  [validate-test-data-integrity] Coluna "lotes_avaliacao.empresa_id" existe mas permite NULL ÔÇö pode causar falhas em datasets de teste.

ÔÜá´©Å  [validate-test-data-integrity] Coluna "lotes_avaliacao.clinica_id" existe mas permite NULL ÔÇö pode causar falhas em datasets de teste.

ÔÜá´©Å  [validate-test-data-integrity] Coluna "lotes_avaliacao.tipo" existe mas permite NULL ÔÇö pode causar falhas em datasets de teste.

ÔÜá´©Å  [validate-test-data-integrity] Coluna "lotes_avaliacao.status" existe mas permite NULL ÔÇö pode causar falhas em datasets de teste.

ÔÜá´©Å  [validate-test-data-integrity] Coluna "lotes_avaliacao.liberado_por" existe mas permite NULL ÔÇö pode causar falhas em datasets de teste.

ÔÜá´©Å  [validate-test-data-integrity] Coluna "avaliacoes.lote_id" existe mas permite NULL ÔÇö pode causar falhas em datasets de teste.

ÔÜá´©Å  [validate-test-data-integrity] Coluna "avaliacoes.status" existe mas permite NULL ÔÇö pode causar falhas em datasets de teste.

ÔÜá´©Å  [validate-test-data-integrity] Coluna "tomador_id" n├úo existe na tabela "funcionarios". Se testes falharem, verifique se migrations foram aplicadas.

ÔÜá´©Å  [validate-test-data-integrity] Coluna "usuario_tipo" n├úo existe na tabela "funcionarios". Se testes falharem, verifique se migrations foram aplicadas.
Ô£à [validate-test-data-integrity] Esquema do banco "nr-bps_db_test" foi validado (6 tabelas verificadas).

> qwork2026@1.0.0 test C:\apps\QWork
> dotenv -e .env.test --override -- jest

[jest.config] SKIP_GLOBAL_JEST_SETUP=1 ÔÇö globalSetup/globalTeardown removidos
RBAC seed applied to test database
RBAC seed applied to test database
RBAC seed applied to test database
RBAC seed applied to test database
RBAC seed applied to test database
RBAC seed applied to test database
RBAC seed applied to test database
PASS __tests__/termos/termos-aceite-suite.test.ts
  ÔùÅ Console

    console.log
      [dotenv@17.2.3] injecting env (0) from .env.test -- tip: ÔÜÖ´©Å  enable debug logging with { debug: true }

      at _log (node_modules/.pnpm/dotenv@17.2.3/node_modules/dotenv/lib/main.js:142:11)

    console.log
      ­ƒøí´©Å [jest.setup] Removendo DATABASE_URL do ambiente de testes (valor n├úo importa)

      at Object.<anonymous> (__tests__/config/jest.setup.js:125:17)

    console.log
      ­ƒøí´©Å [jest.setup] Prote├º├úo do banco de testes ativada - usando: nr-bps_db_test

      at Object.<anonymous> (__tests__/config/jest.setup.js:150:13)

PASS __tests__/api/avaliacao/auto-conclusao-error-handling.test.ts
  ÔùÅ Console

    console.log
      [dotenv@17.2.3] injecting env (0) from .env.test -- tip: ­ƒôí add observability to secrets: https://dotenvx.com/ops

      at _log (node_modules/.pnpm/dotenv@17.2.3/node_modules/dotenv/lib/main.js:142:11)

    console.log
      ­ƒøí´©Å [jest.setup] Removendo DATABASE_URL do ambiente de testes (valor n├úo importa)

      at Object.<anonymous> (__tests__/config/jest.setup.js:125:17)

    console.log
      ­ƒøí´©Å [jest.setup] Prote├º├úo do banco de testes ativada - usando: nr-bps_db_test

      at Object.<anonymous> (__tests__/config/jest.setup.js:150:13)

    console.log
      [RESPOSTAS] Ô£à Atualizado status da avalia├º├úo 1 para 'em_andamento'

      at log (app/api/avaliacao/respostas/route.ts:68:17)

    console.log
      [AUTO-CONCLUS├âO] Avalia├º├úo 1 tem 10 respostas ├║nicas

      at log (lib/avaliacao-conclusao.ts:45:11)

    console.log
      [RESPOSTAS] Ô£à Atualizado status da avalia├º├úo 1 para 'em_andamento'

      at log (app/api/avaliacao/respostas/route.ts:68:17)

    console.log
      [AUTO-CONCLUS├âO] Avalia├º├úo 1 tem 37 respostas ├║nicas

      at log (lib/avaliacao-conclusao.ts:45:11)

    console.log
      [AUTO-CONCLUSAO] Avaliacao 1 COMPLETA (37/37 respostas)! Status: iniciada -> concluida

      at log (lib/avaliacao-conclusao.ts:94:11)

    console.log
      [AUTO-CONCLUS├âO] Ô£à Resultados calculados e salvos

      at log (lib/avaliacao-conclusao.ts:147:15)

    console.log
      [AUTO-CONCLUS├âO] Ô£à Avalia├º├úo 1 marcada como conclu├¡da com sucesso

      at log (lib/avaliacao-conclusao.ts:169:13)

    console.log
      [AUTO-CONCLUS├âO] Ô£à Avalia├º├úo 1 marcada como conclu├¡da dentro da transa├º├úo

      at log (lib/avaliacao-conclusao.ts:198:13)

    console.log
      [AUTO-CONCLUS├âO] Ô£à Lote 1 recalculado

      at log (lib/avaliacao-conclusao.ts:217:13)

    console.log
      [AUTO-CONCLUS├âO] Ô£à Avalia├º├úo 1 conclu├¡da automaticamente - 37/37 respostas recebidas

      at log (lib/avaliacao-conclusao.ts:220:11)

    console.log
      [RESPOSTAS] Ô£à Atualizado status da avalia├º├úo 1 para 'em_andamento'

      at log (app/api/avaliacao/respostas/route.ts:68:17)

    console.log
      [AUTO-CONCLUS├âO] Avalia├º├úo 1 tem 36 respostas ├║nicas

      at log (lib/avaliacao-conclusao.ts:45:11)

    console.log
      [RESPOSTAS] Ô£à Atualizado status da avalia├º├úo 1 para 'em_andamento'

      at log (app/api/avaliacao/respostas/route.ts:68:17)

    console.log
      [AUTO-CONCLUS├âO] Avalia├º├úo 1 tem 37 respostas ├║nicas

      at log (lib/avaliacao-conclusao.ts:45:11)

    console.log
      [AUTO-CONCLUSAO] Avaliacao 1 COMPLETA (37/37 respostas)! Status: iniciada -> concluida

      at log (lib/avaliacao-conclusao.ts:94:11)

    console.log
      [AUTO-CONCLUS├âO] Ô£à Avalia├º├úo 1 marcada como conclu├¡da com sucesso

      at log (lib/avaliacao-conclusao.ts:169:13)

    console.log
      [AUTO-CONCLUS├âO] Ô£à Avalia├º├úo 1 marcada como conclu├¡da dentro da transa├º├úo

      at log (lib/avaliacao-conclusao.ts:198:13)

    console.log
      [AUTO-CONCLUS├âO] Ô£à Lote 1 recalculado

      at log (lib/avaliacao-conclusao.ts:217:13)

    console.log
      [AUTO-CONCLUS├âO] Ô£à Avalia├º├úo 1 conclu├¡da automaticamente - 37/37 respostas recebidas

      at log (lib/avaliacao-conclusao.ts:220:11)

    console.log
      [RESPOSTAS] Ô£à Atualizado status da avalia├º├úo 1 para 'em_andamento'

      at log (app/api/avaliacao/respostas/route.ts:68:17)

    console.log
      [AUTO-CONCLUS├âO] Avalia├º├úo 1 tem 37 respostas ├║nicas

      at log (lib/avaliacao-conclusao.ts:45:11)

    console.log
      [AUTO-CONCLUSAO] Avaliacao 1 COMPLETA (37/37 respostas)! Status: iniciada -> concluida

      at log (lib/avaliacao-conclusao.ts:94:11)

    console.log
      [AUTO-CONCLUS├âO] Ô£à Avalia├º├úo 1 marcada como conclu├¡da com sucesso

      at log (lib/avaliacao-conclusao.ts:169:13)

    console.log
      [AUTO-CONCLUS├âO] Ô£à Funcion├írio atualizado | Lote 1 ser├í recalculado automaticamente

      at log (lib/avaliacao-conclusao.ts:193:15)

    console.log
      [AUTO-CONCLUS├âO] Ô£à Avalia├º├úo 1 marcada como conclu├¡da dentro da transa├º├úo

      at log (lib/avaliacao-conclusao.ts:198:13)

    console.log
      [AUTO-CONCLUS├âO] Ô£à Lote 1 recalculado

      at log (lib/avaliacao-conclusao.ts:217:13)

    console.log
      [AUTO-CONCLUS├âO] Ô£à Avalia├º├úo 1 conclu├¡da automaticamente - 37/37 respostas recebidas

      at log (lib/avaliacao-conclusao.ts:220:11)

    console.log
      [RESPOSTAS] Ô£à Atualizado status da avalia├º├úo 1 para 'em_andamento'

      at log (app/api/avaliacao/respostas/route.ts:68:17)

    console.log
      [AUTO-CONCLUS├âO] Avalia├º├úo 1 tem 37 respostas ├║nicas

      at log (lib/avaliacao-conclusao.ts:45:11)

    console.log
      [AUTO-CONCLUSAO] Avaliacao 1 COMPLETA (37/37 respostas)! Status: iniciada -> concluida

      at log (lib/avaliacao-conclusao.ts:94:11)

    console.log
      [AUTO-CONCLUS├âO] Ô£à Resultados calculados e salvos

      at log (lib/avaliacao-conclusao.ts:147:15)

    console.log
      [AUTO-CONCLUS├âO] Ô£à Avalia├º├úo 1 marcada como conclu├¡da com sucesso

      at log (lib/avaliacao-conclusao.ts:169:13)

    console.log
      [AUTO-CONCLUS├âO] Ô£à Funcion├írio atualizado | Lote 1 ser├í recalculado automaticamente

      at log (lib/avaliacao-conclusao.ts:193:15)

    console.log
      [AUTO-CONCLUS├âO] Ô£à Avalia├º├úo 1 marcada como conclu├¡da dentro da transa├º├úo

      at log (lib/avaliacao-conclusao.ts:198:13)

    console.log
      [AUTO-CONCLUS├âO] Ô£à Lote 1 recalculado

      at log (lib/avaliacao-conclusao.ts:217:13)

    console.log
      [AUTO-CONCLUS├âO] Ô£à Avalia├º├úo 1 conclu├¡da automaticamente - 37/37 respostas recebidas

      at log (lib/avaliacao-conclusao.ts:220:11)

    console.log
      [RESPOSTAS] Ô£à Atualizado status da avalia├º├úo 1 para 'em_andamento'

      at log (app/api/avaliacao/respostas/route.ts:68:17)

    console.log
      [AUTO-CONCLUS├âO] Avalia├º├úo 1 tem 37 respostas ├║nicas

      at log (lib/avaliacao-conclusao.ts:45:11)

    console.log
      [AUTO-CONCLUSAO] Avaliacao 1 COMPLETA (37/37 respostas)! Status: iniciada -> concluida

      at log (lib/avaliacao-conclusao.ts:94:11)

    console.log
      [AUTO-CONCLUS├âO] Ô£à Resultados calculados e salvos

      at log (lib/avaliacao-conclusao.ts:147:15)

    console.log
      [AUTO-CONCLUS├âO] Ô£à Avalia├º├úo 1 marcada como conclu├¡da com sucesso

      at log (lib/avaliacao-conclusao.ts:169:13)

    console.log
      [AUTO-CONCLUS├âO] Ô£à Funcion├írio atualizado | Lote 1 ser├í recalculado automaticamente

      at log (lib/avaliacao-conclusao.ts:193:15)

    console.log
      [AUTO-CONCLUS├âO] Ô£à Avalia├º├úo 1 marcada como conclu├¡da dentro da transa├º├úo

      at log (lib/avaliacao-conclusao.ts:198:13)

    console.log
      [AUTO-CONCLUS├âO] Ô£à Lote 1 recalculado

      at log (lib/avaliacao-conclusao.ts:217:13)

    console.log
      [AUTO-CONCLUS├âO] Ô£à Avalia├º├úo 1 conclu├¡da automaticamente - 37/37 respostas recebidas

      at log (lib/avaliacao-conclusao.ts:220:11)

FAIL __tests__/integration/testes-basicos-estado.test.ts
  ÔùÅ Console

    console.log
      [dotenv@17.2.3] injecting env (0) from .env.test -- tip: ­ƒöä add secrets lifecycle management: https://dotenvx.com/ops

      at _log (node_modules/.pnpm/dotenv@17.2.3/node_modules/dotenv/lib/main.js:142:11)

    console.log
      ­ƒøí´©Å [jest.setup] Removendo DATABASE_URL do ambiente de testes (valor n├úo importa)

      at Object.<anonymous> (__tests__/config/jest.setup.js:125:17)

    console.log
      ­ƒøí´©Å [jest.setup] Prote├º├úo do banco de testes ativada - usando: nr-bps_db_test

      at Object.<anonymous> (__tests__/config/jest.setup.js:150:13)

    console.log
      ­ƒöî [lib/db.ts] Conectado ao banco: nr-bps_db_test @ localhost (ambiente: test)

      at Object.log (lib/db.ts:673:15)

  ÔùÅ Testes B├ísicos de Estado ÔÇ║ Lotes ÔÇ║ deve criar lote com status "ativo"

    error: o valor nulo na coluna "endereco" da rela├º├úo "clinicas" viola a restri├º├úo de n├úo-nulo

      487 |         // No session: just execute the query normally
      488 |         try {
    > 489 |           const result = await client.query(text, params);
          |                          ^
      490 |           const duration = Date.now() - start;
      491 |
      492 |           // Log apenas queries lentas (>500ms)

      at node_modules/.pnpm/pg@8.16.3/node_modules/pg/lib/client.js:545:17
      at query (lib/db.ts:489:26)
      at Object.<anonymous> (__tests__/integration/testes-basicos-estado.test.ts:27:27)

  ÔùÅ Testes B├ísicos de Estado ÔÇ║ Avalia├º├Áes ÔÇ║ deve criar avalia├º├úo com status "iniciada"

    error: o valor nulo na coluna "endereco" da rela├º├úo "clinicas" viola a restri├º├úo de n├úo-nulo

      487 |         // No session: just execute the query normally
      488 |         try {
    > 489 |           const result = await client.query(text, params);
          |                          ^
      490 |           const duration = Date.now() - start;
      491 |
      492 |           // Log apenas queries lentas (>500ms)

      at node_modules/.pnpm/pg@8.16.3/node_modules/pg/lib/client.js:545:17
      at query (lib/db.ts:489:26)
      at Object.<anonymous> (__tests__/integration/testes-basicos-estado.test.ts:27:27)

  ÔùÅ Testes B├ísicos de Estado ÔÇ║ Avalia├º├Áes ÔÇ║ deve transicionar de "iniciada" para "em_andamento"

    error: o valor nulo na coluna "endereco" da rela├º├úo "clinicas" viola a restri├º├úo de n├úo-nulo

      487 |         // No session: just execute the query normally
      488 |         try {
    > 489 |           const result = await client.query(text, params);
          |                          ^
      490 |           const duration = Date.now() - start;
      491 |
      492 |           // Log apenas queries lentas (>500ms)

      at node_modules/.pnpm/pg@8.16.3/node_modules/pg/lib/client.js:545:17
      at query (lib/db.ts:489:26)
      at Object.<anonymous> (__tests__/integration/testes-basicos-estado.test.ts:27:27)

  ÔùÅ Testes B├ísicos de Estado ÔÇ║ Avalia├º├Áes ÔÇ║ deve transicionar de "em_andamento" para "concluida"

    error: o valor nulo na coluna "endereco" da rela├º├úo "clinicas" viola a restri├º├úo de n├úo-nulo

      487 |         // No session: just execute the query normally
      488 |         try {
    > 489 |           const result = await client.query(text, params);
          |                          ^
      490 |           const duration = Date.now() - start;
      491 |
      492 |           // Log apenas queries lentas (>500ms)

      at node_modules/.pnpm/pg@8.16.3/node_modules/pg/lib/client.js:545:17
      at query (lib/db.ts:489:26)
      at Object.<anonymous> (__tests__/integration/testes-basicos-estado.test.ts:27:27)

  ÔùÅ Testes B├ísicos de Estado ÔÇ║ Avalia├º├Áes ÔÇ║ deve atualizar lote para "concluido" quando avalia├º├úo finalizada

    error: o valor nulo na coluna "endereco" da rela├º├úo "clinicas" viola a restri├º├úo de n├úo-nulo

      487 |         // No session: just execute the query normally
      488 |         try {
    > 489 |           const result = await client.query(text, params);
          |                          ^
      490 |           const duration = Date.now() - start;
      491 |
      492 |           // Log apenas queries lentas (>500ms)

      at node_modules/.pnpm/pg@8.16.3/node_modules/pg/lib/client.js:545:17
      at query (lib/db.ts:489:26)
      at Object.<anonymous> (__tests__/integration/testes-basicos-estado.test.ts:27:27)

FAIL __tests__/integration/recibo-on-demand.test.ts
  ÔùÅ Console

    console.log
      [dotenv@17.2.3] injecting env (0) from .env.test -- tip: ­ƒöÉ prevent building .env in docker: https://dotenvx.com/prebuild

      at _log (node_modules/.pnpm/dotenv@17.2.3/node_modules/dotenv/lib/main.js:142:11)

    console.log
      ­ƒøí´©Å [jest.setup] Removendo DATABASE_URL do ambiente de testes (valor n├úo importa)

      at Object.<anonymous> (__tests__/config/jest.setup.js:125:17)

    console.log
      ­ƒøí´©Å [jest.setup] Prote├º├úo do banco de testes ativada - usando: nr-bps_db_test

      at Object.<anonymous> (__tests__/config/jest.setup.js:150:13)

    console.log
      ­ƒöî [lib/db.ts] Conectado ao banco: nr-bps_db_test @ localhost (ambiente: test)

      at Object.log (lib/db.ts:673:15)

  ÔùÅ Integra├º├úo: Recibo sob demanda (confirmar -> gerar) ÔÇ║ Confirmar pagamento: marca pago, ativa tomador e cria login

    error: a nova linha da rela├º├úo "pagamentos" viola a restri├º├úo de verifica├º├úo "pagamentos_entidade_or_clinica_check"

      487 |         // No session: just execute the query normally
      488 |         try {
    > 489 |           const result = await client.query(text, params);
          |                          ^
      490 |           const duration = Date.now() - start;
      491 |
      492 |           // Log apenas queries lentas (>500ms)

      at node_modules/.pnpm/pg@8.16.3/node_modules/pg/lib/client.js:545:17
      at query (lib/db.ts:489:26)
      at Object.<anonymous> (__tests__/integration/recibo-on-demand.test.ts:108:29)

  ÔùÅ Integra├º├úo: Recibo sob demanda (confirmar -> gerar) ÔÇ║ Gerar recibo via API /api/recibo/gerar (contrato)

    error: a nova linha da rela├º├úo "pagamentos" viola a restri├º├úo de verifica├º├úo "pagamentos_entidade_or_clinica_check"

      487 |         // No session: just execute the query normally
      488 |         try {
    > 489 |           const result = await client.query(text, params);
          |                          ^
      490 |           const duration = Date.now() - start;
      491 |
      492 |           // Log apenas queries lentas (>500ms)

      at node_modules/.pnpm/pg@8.16.3/node_modules/pg/lib/client.js:545:17
      at query (lib/db.ts:489:26)
      at Object.<anonymous> (__tests__/integration/recibo-on-demand.test.ts:161:29)

  ÔùÅ Integra├º├úo: Recibo sob demanda (confirmar -> gerar) ÔÇ║ Gerar recibo via endpoint RH (/api/rh/parcelas/gerar-recibo)

    error: o valor nulo na coluna "email" da rela├º├úo "clinicas" viola a restri├º├úo de n├úo-nulo

      487 |         // No session: just execute the query normally
      488 |         try {
    > 489 |           const result = await client.query(text, params);
          |                          ^
      490 |           const duration = Date.now() - start;
      491 |
      492 |           // Log apenas queries lentas (>500ms)

      at node_modules/.pnpm/pg@8.16.3/node_modules/pg/lib/client.js:545:17
      at query (lib/db.ts:489:26)
      at Object.<anonymous> (__tests__/integration/recibo-on-demand.test.ts:249:24)

  ÔùÅ Integra├º├úo: Recibo sob demanda (confirmar -> gerar) ÔÇ║ POL├ìTICA: N├úo pode gerar recibo sem contrato aceito

    error: a nova linha da rela├º├úo "pagamentos" viola a restri├º├úo de verifica├º├úo "pagamentos_entidade_or_clinica_check"

      487 |         // No session: just execute the query normally
      488 |         try {
    > 489 |           const result = await client.query(text, params);
          |                          ^
      490 |           const duration = Date.now() - start;
      491 |
      492 |           // Log apenas queries lentas (>500ms)

      at node_modules/.pnpm/pg@8.16.3/node_modules/pg/lib/client.js:545:17
      at query (lib/db.ts:489:26)
      at Object.<anonymous> (__tests__/integration/recibo-on-demand.test.ts:463:27)

  ÔùÅ Integra├º├úo: Recibo sob demanda (confirmar -> gerar) ÔÇ║ POL├ìTICA: N├úo pode gerar recibo com pagamento n├úo confirmado

    error: o valor nulo na coluna "email" da rela├º├úo "clinicas" viola a restri├º├úo de n├úo-nulo

      487 |         // No session: just execute the query normally
      488 |         try {
    > 489 |           const result = await client.query(text, params);
          |                          ^
      490 |           const duration = Date.now() - start;
      491 |
      492 |           // Log apenas queries lentas (>500ms)

      at node_modules/.pnpm/pg@8.16.3/node_modules/pg/lib/client.js:545:17
      at query (lib/db.ts:489:26)
      at Object.<anonymous> (__tests__/integration/recibo-on-demand.test.ts:499:25)

  ÔùÅ Integra├º├úo: Recibo sob demanda (confirmar -> gerar) ÔÇ║ Gerar recibo falha graciosamente quando tabela recibos n├úo existe (rh)

    error: o valor nulo na coluna "email" da rela├º├úo "clinicas" viola a restri├º├úo de n├úo-nulo

      487 |         // No session: just execute the query normally
      488 |         try {
    > 489 |           const result = await client.query(text, params);
          |                          ^
      490 |           const duration = Date.now() - start;
      491 |
      492 |           // Log apenas queries lentas (>500ms)

      at node_modules/.pnpm/pg@8.16.3/node_modules/pg/lib/client.js:545:17
      at query (lib/db.ts:489:26)
      at Object.<anonymous> (__tests__/integration/recibo-on-demand.test.ts:562:24)

RBAC seed applied to test database
RBAC seed applied to test database
RBAC seed applied to test database
RBAC seed applied to test database
FAIL __tests__/rh/empresa-dashboard-ui.test.tsx
  ÔùÅ Console

    console.log
      [dotenv@17.2.3] injecting env (0) from .env.test -- tip: ÔÜÖ´©Å  override existing env vars with { override: true }

      at _log (node_modules/.pnpm/dotenv@17.2.3/node_modules/dotenv/lib/main.js:142:11)

    console.log
      ­ƒøí´©Å [jest.setup] Removendo DATABASE_URL do ambiente de testes (valor n├úo importa)

      at Object.<anonymous> (__tests__/config/jest.setup.js:125:17)

    console.log
      ­ƒøí´©Å [jest.setup] Prote├º├úo do banco de testes ativada - usando: nr-bps_db_test

      at Object.<anonymous> (__tests__/config/jest.setup.js:150:13)

  ÔùÅ Interface Melhorada - Dashboard Empresa ÔÇ║ deve exibir hint amig├ível quando fetch de lotes retorna 403

    expect(received).toBeInTheDocument()

    received value must be an HTMLElement or an SVGElement.
    Received has value: null

      177 |     expect(banner).not.toBeNull();
      178 |     const voltarBtn = banner!.querySelector('button');
    > 179 |     expect(voltarBtn).toBeInTheDocument();
          |                       ^
      180 |     fireEvent.click(voltarBtn as HTMLElement);
      181 |     expect(mockPush).toHaveBeenCalledWith('/rh');
      182 |   });

      at __EXTERNAL_MATCHER_TRAP__ (node_modules/.pnpm/expect@30.2.0/node_modules/expect/build/index.js:2240:22)
      at Object.throwingMatcher [as toBeInTheDocument] (node_modules/.pnpm/expect@30.2.0/node_modules/expect/build/index.js:2241:6)
      at Object.toBeInTheDocument (__tests__/rh/empresa-dashboard-ui.test.tsx:179:23)

  ÔùÅ Interface Melhorada - Dashboard Empresa ÔÇ║ Intera├º├úo com Upload e Inser├º├úo ÔÇ║ deve exibir bot├úo de inserir funcion├írio

    Unable to find an element with the text: /Inserir Funcion├írio|Ô×ò/i. This could be because the text is broken up by multiple elements. In this case, you can provide a function for your text matcher to make your matcher more flexible.

    Ignored nodes: comments, script, style
    <body>
      <div>
        <div>
          <main
            class="flex-1 container mx-auto px-4 py-6"
          >
            <div
              class="flex flex-col sm:flex-row sm:items-center sm:justify-between gap-4 mb-6"
            >
              <div>
                <div
                  class="flex items-center gap-3 mb-2"
                >
                  <button
                    class="flex items-center gap-2 bg-white hover:bg-gray-50 text-gray-700 px-3 py-2 rounded-lg border border-gray-200 transition-colors text-sm"
                  >
                    ÔåÉ Voltar
                  </button>
                  <h1
                    class="text-2xl font-bold text-gray-800"
                  >
                    Dashboard 
                    Empresa Teste
                  </h1>
                </div>
                <p
                  class="text-sm text-gray-600"
                >
                  An├ílise das avalia├º├Áes psicossociais
                </p>
              </div>
              <button
                class="bg-red-500 hover:bg-red-600 text-white px-4 py-2 rounded-lg font-medium transition-colors text-sm"
              >
                Sair
              </button>
            </div>
            <div
              class="mb-6"
            >
              <div
                class="border-b border-gray-200"
              >
                <nav
                  class="-mb-px flex space-x-8"
                >
                  <button
                    class="py-2 px-1 border-b-2 font-medium text-sm relative border-transparent text-gray-500 hover:text-gray-700 hover:border-gray-300"
                  >
                    ­ƒôï Ciclos de Coletas Avaliativas
                  </button>
                  <button
                    class="py-2 px-1 border-b-2 font-medium text-sm relative border-transparent text-gray-500 hover:text-gray-700 hover:border-gray-300"
                  >
                    ­ƒôä Laudos
                  </button>
                  <button
                    class="py-2 px-1 border-b-2 font-medium text-sm relative border-primary text-primary"
                  >
                    ­ƒæÑ Funcion├írios Ativos
                  </button>
                  <button
                    class="py-2 px-1 border-b-2 font-medium text-sm relative border-transparent text-gray-500 hover:text-gray-700 hover:border-gray-300"
                  >
                    ­ƒÜ¬ Desligamentos
                  </button>
                </nav>
              </div>
            </div>
            <div
              class="space-y-6"
            >
              <div
                class="space-y-6"
                data-testid="funcionarios-section-ativos"
              >
                <div
                  class="grid grid-cols-1 sm:grid-cols-3 gap-4"
                >
                  <div
                    class="bg-white rounded-lg shadow-sm p-6 border border-gray-200"
                  >
                    <div
                      class="flex items-center justify-between mb-2"
                    >
                      <svg
                        aria-hidden="true"
                        class="lucide lucide-users text-blue-500"
                        fill="none"
                        height="24"
                        stroke="currentColor"
                        stroke-linecap="round"
                        stroke-linejoin="round"
                        stroke-width="2"
                        viewBox="0 0 24 24"
                        width="24"
                        xmlns="http://www.w3.org/2000/svg"
                      >
                        <path
                          d="M16 21v-2a4 4 0 0 0-4-4H6a4 4 0 0 0-4 4v2"
                        />
                        <path
                          d="M16 3.128a4 4 0 0 1 0 7.744"
                        />
                        <path
                          d="M22 21v-2a4 4 0 0 0-3-3.87"
                        />
                        <circle
                          cx="9"
                          cy="7"
                          r="4"
                        />
                      </svg>
                      <span
                        class="text-2xl font-bold text-gray-900"
                      >
                        0
                      </span>
                    </div>
                    <p
                      class="text-sm text-gray-600"
                    >
                      Total de Funcion├írios
                    </p>
                  </div>
                  <div
                    class="bg-white rounded-lg shadow-sm p-6 border border-gray-200"
                  >
                    <div
                      class="flex items-center justify-between mb-2"
                    >
                      <svg
                        aria-hidden="true"
                        class="lucide lucide-user-check text-green-500"
                        fill="none"
                        height="24"
                        stroke="currentColor"
                        stroke-linecap="round"
                        stroke-linejoin="round"
                        stroke-width="2"
                        viewBox="0 0 24 24"
                        width="24"
                        xmlns="http://www.w3.org/2000/svg"
                      >
                        <path
                          d="m16 11 2 2 4-4"
                        />
                        <path
                          d="M16 21v-2a4 4 0 0 0-4-4H6a4 4 0 0 0-4 4v2"[3...

      703 |       fireEvent.click(funcionariosTab);
      704 |
    > 705 |       await waitFor(() => {
          |                    ^
      706 |         expect(screen.getByText(/Inserir Funcion├írio|Ô×ò/i)).toBeInTheDocument();
      707 |       });
      708 |     });

      at waitForWrapper (node_modules/.pnpm/@testing-library+dom@10.4.1/node_modules/@testing-library/dom/dist/wait-for.js:163:27)
      at Object.<anonymous> (__tests__/rh/empresa-dashboard-ui.test.tsx:705:20)

RBAC seed applied to test database
PASS __tests__/rh/funcionarios-bulk.test.tsx (6.677 s)
  ÔùÅ Console

    console.log
      [dotenv@17.2.3] injecting env (0) from .env.test -- tip: ÔÜÖ´©Å  enable debug logging with { debug: true }

      at _log (node_modules/.pnpm/dotenv@17.2.3/node_modules/dotenv/lib/main.js:142:11)

    console.log
      ­ƒøí´©Å [jest.setup] Removendo DATABASE_URL do ambiente de testes (valor n├úo importa)

      at Object.<anonymous> (__tests__/config/jest.setup.js:125:17)

    console.log
      ­ƒøí´©Å [jest.setup] Prote├º├úo do banco de testes ativada - usando: nr-bps_db_test

      at Object.<anonymous> (__tests__/config/jest.setup.js:150:13)

FAIL __tests__/components/entidade/ContaSection.test.tsx
  ÔùÅ Console

    console.log
      [dotenv@17.2.3] injecting env (0) from .env.test -- tip: ­ƒöä add secrets lifecycle management: https://dotenvx.com/ops

      at _log (node_modules/.pnpm/dotenv@17.2.3/node_modules/dotenv/lib/main.js:142:11)

    console.log
      ­ƒøí´©Å [jest.setup] Removendo DATABASE_URL do ambiente de testes (valor n├úo importa)

      at Object.<anonymous> (__tests__/config/jest.setup.js:125:17)

    console.log
      ­ƒøí´©Å [jest.setup] Prote├º├úo do banco de testes ativada - usando: nr-bps_db_test

      at Object.<anonymous> (__tests__/config/jest.setup.js:150:13)

  ÔùÅ EntidadeContaSection ÔÇ║ deve exibir plano e status

    TestingLibraryElementError: Unable to find an accessible element with the role "button" and name `/Plano/`

    Here are the accessible roles:

      heading:

      Name "Informa├º├Áes da Conta":
      <h1
        class="text-2xl font-bold text-gray-900"
      />

      Name "Dados da Entidade":
      <h2
        class="text-lg font-semibold text-gray-900"
      />

      Name "Dados Financeiros de Laudos":
      <h2
        class="text-lg font-semibold text-gray-900"
      />

      --------------------------------------------------
      paragraph:

      Name "":
      <p
        class="text-sm text-gray-600 mt-1"
      />

      Name "":
      <p
        class="text-sm text-gray-600"
      />

      Name "":
      <p
        class="text-sm text-gray-900 font-medium"
      />

      Name "":
      <p
        class="text-sm text-gray-900"
      />

      Name "":
      <p
        class="text-sm text-gray-900"
      />

      Name "":
      <p
        class="text-sm text-gray-900"
      />

      Name "":
      <p
        class="text-sm text-gray-900"
      />

      Name "":
      <p
        class="text-sm text-gray-600"
      />

      --------------------------------------------------

    Ignored nodes: comments, script, style
    <body>
      <div>
        <div
          class="mb-6"
        >
          <h1
            class="text-2xl font-bold text-gray-900"
          >
            Informa├º├Áes da Conta
          </h1>
          <p
            class="text-sm text-gray-600 mt-1"
          >
            Dados cadastrais da entidade
          </p>
        </div>
        <div
          class="space-y-6"
        >
          <div
            class="bg-white rounded-lg shadow-sm p-6 border border-gray-200"
          >
            <div
              class="flex items-center gap-3 mb-4"
            >
              <div
                class="p-3 bg-primary-100 rounded-lg"
              >
                <svg
                  aria-hidden="true"
                  class="lucide lucide-building2 lucide-building-2 text-primary-600"
                  fill="none"
                  height="24"
                  stroke="currentColor"
                  stroke-linecap="round"
                  stroke-linejoin="round"
                  stroke-width="2"
                  viewBox="0 0 24 24"
                  width="24"
                  xmlns="http://www.w3.org/2000/svg"
                >
                  <path
                    d="M10 12h4"
                  />
                  <path
                    d="M10 8h4"
                  />
                  <path
                    d="M14 21v-3a2 2 0 0 0-4 0v3"
                  />
                  <path
                    d="M6 10H4a2 2 0 0 0-2 2v7a2 2 0 0 0 2 2h16a2 2 0 0 0 2-2V9a2 2 0 0 0-2-2h-2"
                  />
                  <path
                    d="M6 21V5a2 2 0 0 1 2-2h8a2 2 0 0 1 2 2v16"
                  />
                </svg>
              </div>
              <div>
                <h2
                  class="text-lg font-semibold text-gray-900"
                >
                  Dados da Entidade
                </h2>
                <p
                  class="text-sm text-gray-600"
                >
                  Informa├º├Áes cadastrais
                </p>
              </div>
            </div>
            <div
              class="grid grid-cols-1 md:grid-cols-2 gap-6"
            >
              <div
                class="space-y-3"
              >
                <div>
                  <label
                    class="text-xs text-gray-500 uppercase tracking-wide"
                  >
                    Nome
                  </label>
                  <p
                    class="text-sm text-gray-900 font-medium"
                  >
                    Cl├¡nica Teste
                  </p>
                </div>
                <div>
                  <label
                    class="text-xs text-gray-500 uppercase tracking-wide"
                  >
                    CNPJ
                  </label>
                  <p
                    class="text-sm text-gray-900"
                  >
                    12.345.678/0001-90
                  </p>
                </div>
                <div>
                  <label
                    class="text-xs text-gray-500 uppercase tracking-wide"
                  >
                    Email
                  </label>
                  <p
                    class="text-sm text-gray-900"
                  >
                    contato@clinica.com
                  </p>
                </div>
                <div>
                  <label
                    class="text-xs text-gray-500 uppercase tracking-wide"
                  >
                    Telefone
                  </label>
                  <p
                    class="text-sm text-gray-900"
                  >
                    (11) 98765-4321
                  </p>
                </div>
              </div>
              <div
                class="space-y-3"
              >
                <div>
                  <label
                    class="text-xs text-gray-500 uppercase tracking-wide"
                  >
                    Data de Cadastro
                  </label>
                  <p
                    class="text-sm text-gray-900"
                  >
                    01/01/2025
                  </p>
                </div>
              </div>
            </div>
          </div>
          <div
            class="bg-white rounded-lg shadow-sm p-6 border border-gray-200"
          >
            <div
              class="flex items-center gap-3 mb-4"
            >
              <div
                class="p-3 bg-primary-100 rounded-lg"
              >
                <svg
                  aria-hidden="true"
                  class="lucide lucide-credit-card text-primary-600"
                  fill="none"
                  height="24"
                  stroke="currentColor"
                  stroke-linecap="round"
                  stroke-linejoin="round"
                  stroke-width="2"
                  viewBox="0 0 24 24"
                  width="24"
                  xmlns="http://www.w3.org/2000/svg"
                >
                  <rect
                    height="14"
                    rx="2"
                    width="20"
                    x="2"
                    y="5"
                  />
                  <line
                    x1="2"
                    x2="22"
                    y1="10"
                    y2="10"
                  />
                </svg>
              </div>
              <div>
                <h2
                  class="text-lg font-semibold text-gray-900"
                >
                  Dados Financeiros de Laudos
                </h2>
                <p
                  class="text-sm text-gray-600"
                >
                  Hist├│rico de pagamentos
                </p>
              </div>
            </div>
            <div
              class="flex items-center justify-center py-8 text-gray-400 gap-2"
            >
              <svg
                aria-hidden="true"
                class="lucide lucide-loader-circle animate-spin"
                fill="none"
                height="20"
                stroke="currentColor"
                stroke-linecap="round"
                stroke-linejoin="round"
                stroke-width="2"
                viewBox="0 0 24 24"
                width="20"
                xmlns="http://www.w3.org/2000/svg"
              >
                <path
                  d="M21 12a9 9 0 1 1-6.219-8.56"
                />
              </svg>
              <span
                class="text-sm"
              >
                Carregando pagamentos...
              </span>
            </div>
          </div>
        </div>
      </div>
    </body>

      217 |
      218 |     // Clicar na aba "Plano"
    > 219 |     fireEvent.click(screen.getByRole('button', { name: /Plano/ }));
          |                            ^
      220 |
      221 |     await waitFor(() => {
      222 |       expect(screen.getByText(/Premium/)).toBeInTheDocument();

      at Object.getElementError (node_modules/.pnpm/@testing-library+dom@10.4.1/node_modules/@testing-library/dom/dist/config.js:37:19)
      at node_modules/.pnpm/@testing-library+dom@10.4.1/node_modules/@testing-library/dom/dist/query-helpers.js:76:38
      at node_modules/.pnpm/@testing-library+dom@10.4.1/node_modules/@testing-library/dom/dist/query-helpers.js:52:17
      at node_modules/.pnpm/@testing-library+dom@10.4.1/node_modules/@testing-library/dom/dist/query-helpers.js:95:19
      at Object.getByRole (__tests__/components/entidade/ContaSection.test.tsx:219:28)

  ÔùÅ EntidadeContaSection ÔÇ║ deve renderizar componente PaymentSummaryCard com resumo financeiro

    TestingLibraryElementError: Unable to find an accessible element with the role "button" and name `/Plano/`

    Here are the accessible roles:

      heading:

      Name "Informa├º├Áes da Conta":
      <h1
        class="text-2xl font-bold text-gray-900"
      />

      Name "Dados da Entidade":
      <h2
        class="text-lg font-semibold text-gray-900"
      />

      Name "Dados Financeiros de Laudos":
      <h2
        class="text-lg font-semibold text-gray-900"
      />

      --------------------------------------------------
      paragraph:

      Name "":
      <p
        class="text-sm text-gray-600 mt-1"
      />

      Name "":
      <p
        class="text-sm text-gray-600"
      />

      Name "":
      <p
        class="text-sm text-gray-900 font-medium"
      />

      Name "":
      <p
        class="text-sm text-gray-900"
      />

      Name "":
      <p
        class="text-sm text-gray-900"
      />

      Name "":
      <p
        class="text-sm text-gray-900"
      />

      Name "":
      <p
        class="text-sm text-gray-900"
      />

      Name "":
      <p
        class="text-sm text-gray-600"
      />

      --------------------------------------------------

    Ignored nodes: comments, script, style
    <body>
      <div>
        <div
          class="mb-6"
        >
          <h1
            class="text-2xl font-bold text-gray-900"
          >
            Informa├º├Áes da Conta
          </h1>
          <p
            class="text-sm text-gray-600 mt-1"
          >
            Dados cadastrais da entidade
          </p>
        </div>
        <div
          class="space-y-6"
        >
          <div
            class="bg-white rounded-lg shadow-sm p-6 border border-gray-200"
          >
            <div
              class="flex items-center gap-3 mb-4"
            >
              <div
                class="p-3 bg-primary-100 rounded-lg"
              >
                <svg
                  aria-hidden="true"
                  class="lucide lucide-building2 lucide-building-2 text-primary-600"
                  fill="none"
                  height="24"
                  stroke="currentColor"
                  stroke-linecap="round"
                  stroke-linejoin="round"
                  stroke-width="2"
                  viewBox="0 0 24 24"
                  width="24"
                  xmlns="http://www.w3.org/2000/svg"
                >
                  <path
                    d="M10 12h4"
                  />
                  <path
                    d="M10 8h4"
                  />
                  <path
                    d="M14 21v-3a2 2 0 0 0-4 0v3"
                  />
                  <path
                    d="M6 10H4a2 2 0 0 0-2 2v7a2 2 0 0 0 2 2h16a2 2 0 0 0 2-2V9a2 2 0 0 0-2-2h-2"
                  />
                  <path
                    d="M6 21V5a2 2 0 0 1 2-2h8a2 2 0 0 1 2 2v16"
                  />
                </svg>
              </div>
              <div>
                <h2
                  class="text-lg font-semibold text-gray-900"
                >
                  Dados da Entidade
                </h2>
                <p
                  class="text-sm text-gray-600"
                >
                  Informa├º├Áes cadastrais
                </p>
              </div>
            </div>
            <div
              class="grid grid-cols-1 md:grid-cols-2 gap-6"
            >
              <div
                class="space-y-3"
              >
                <div>
                  <label
                    class="text-xs text-gray-500 uppercase tracking-wide"
                  >
                    Nome
                  </label>
                  <p
                    class="text-sm text-gray-900 font-medium"
                  >
                    Cl├¡nica Teste
                  </p>
                </div>
                <div>
                  <label
                    class="text-xs text-gray-500 uppercase tracking-wide"
                  >
                    CNPJ
                  </label>
                  <p
                    class="text-sm text-gray-900"
                  >
                    12.345.678/0001-90
                  </p>
                </div>
                <div>
                  <label
                    class="text-xs text-gray-500 uppercase tracking-wide"
                  >
                    Email
                  </label>
                  <p
                    class="text-sm text-gray-900"
                  >
                    contato@clinica.com
                  </p>
                </div>
                <div>
                  <label
                    class="text-xs text-gray-500 uppercase tracking-wide"
                  >
                    Telefone
                  </label>
                  <p
                    class="text-sm text-gray-900"
                  >
                    (11) 98765-4321
                  </p>
                </div>
              </div>
              <div
                class="space-y-3"
              >
                <div>
                  <label
                    class="text-xs text-gray-500 uppercase tracking-wide"
                  >
                    Data de Cadastro
                  </label>
                  <p
                    class="text-sm text-gray-900"
                  >
                    01/01/2025
                  </p>
                </div>
              </div>
            </div>
          </div>
          <div
            class="bg-white rounded-lg shadow-sm p-6 border border-gray-200"
          >
            <div
              class="flex items-center gap-3 mb-4"
            >
              <div
                class="p-3 bg-primary-100 rounded-lg"
              >
                <svg
                  aria-hidden="true"
                  class="lucide lucide-credit-card text-primary-600"
                  fill="none"
                  height="24"
                  stroke="currentColor"
                  stroke-linecap="round"
                  stroke-linejoin="round"
                  stroke-width="2"
                  viewBox="0 0 24 24"
                  width="24"
                  xmlns="http://www.w3.org/2000/svg"
                >
                  <rect
                    height="14"
                    rx="2"
                    width="20"
                    x="2"
                    y="5"
                  />
                  <line
                    x1="2"
                    x2="22"
                    y1="10"
                    y2="10"
                  />
                </svg>
              </div>
              <div>
                <h2
                  class="text-lg font-semibold text-gray-900"
                >
                  Dados Financeiros de Laudos
                </h2>
                <p
                  class="text-sm text-gray-600"
                >
                  Hist├│rico de pagamentos
                </p>
              </div>
            </div>
            <div
              class="flex items-center justify-center py-8 text-gray-400 gap-2"
            >
              <svg
                aria-hidden="true"
                class="lucide lucide-loader-circle animate-spin"
                fill="none"
                height="20"
                stroke="currentColor"
                stroke-linecap="round"
                stroke-linejoin="round"
                stroke-width="2"
                viewBox="0 0 24 24"
                width="20"
                xmlns="http://www.w3.org/2000/svg"
              >
                <path
                  d="M21 12a9 9 0 1 1-6.219-8.56"
                />
              </svg>
              <span
                class="text-sm"
              >
                Carregando pagamentos...
              </span>
            </div>
          </div>
        </div>
      </div>
    </body>

      238 |
      239 |     // Clicar na aba "Plano" onde o resumo ├® exibido
    > 240 |     fireEvent.click(screen.getByRole('button', { name: /Plano/ }));
          |                            ^
      241 |
      242 |     await waitFor(() => {
      243 |       expect(screen.getByTestId('payment-summary')).toBeInTheDocument();

      at Object.getElementError (node_modules/.pnpm/@testing-library+dom@10.4.1/node_modules/@testing-library/dom/dist/config.js:37:19)
      at node_modules/.pnpm/@testing-library+dom@10.4.1/node_modules/@testing-library/dom/dist/query-helpers.js:76:38
      at node_modules/.pnpm/@testing-library+dom@10.4.1/node_modules/@testing-library/dom/dist/query-helpers.js:52:17
      at node_modules/.pnpm/@testing-library+dom@10.4.1/node_modules/@testing-library/dom/dist/query-helpers.js:95:19
      at Object.getByRole (__tests__/components/entidade/ContaSection.test.tsx:240:28)

  ÔùÅ EntidadeContaSection ÔÇ║ deve calcular resumo financeiro considerando parcelas (parciais)

    TestingLibraryElementError: Unable to find an accessible element with the role "button" and name `/Plano/`

    Here are the accessible roles:

      heading:

      Name "Informa├º├Áes da Conta":
      <h1
        class="text-2xl font-bold text-gray-900"
      />

      Name "Dados da Entidade":
      <h2
        class="text-lg font-semibold text-gray-900"
      />

      Name "Dados Financeiros de Laudos":
      <h2
        class="text-lg font-semibold text-gray-900"
      />

      --------------------------------------------------
      paragraph:

      Name "":
      <p
        class="text-sm text-gray-600 mt-1"
      />

      Name "":
      <p
        class="text-sm text-gray-600"
      />

      Name "":
      <p
        class="text-sm text-gray-900 font-medium"
      />

      Name "":
      <p
        class="text-sm text-gray-900"
      />

      Name "":
      <p
        class="text-sm text-gray-900"
      />

      Name "":
      <p
        class="text-sm text-gray-900"
      />

      Name "":
      <p
        class="text-sm text-gray-900"
      />

      Name "":
      <p
        class="text-sm text-gray-600"
      />

      --------------------------------------------------

    Ignored nodes: comments, script, style
    <body>
      <div>
        <div
          class="mb-6"
        >
          <h1
            class="text-2xl font-bold text-gray-900"
          >
            Informa├º├Áes da Conta
          </h1>
          <p
            class="text-sm text-gray-600 mt-1"
          >
            Dados cadastrais da entidade
          </p>
        </div>
        <div
          class="space-y-6"
        >
          <div
            class="bg-white rounded-lg shadow-sm p-6 border border-gray-200"
          >
            <div
              class="flex items-center gap-3 mb-4"
            >
              <div
                class="p-3 bg-primary-100 rounded-lg"
              >
                <svg
                  aria-hidden="true"
                  class="lucide lucide-building2 lucide-building-2 text-primary-600"
                  fill="none"
                  height="24"
                  stroke="currentColor"
                  stroke-linecap="round"
                  stroke-linejoin="round"
                  stroke-width="2"
                  viewBox="0 0 24 24"
                  width="24"
                  xmlns="http://www.w3.org/2000/svg"
                >
                  <path
                    d="M10 12h4"
                  />
                  <path
                    d="M10 8h4"
                  />
                  <path
                    d="M14 21v-3a2 2 0 0 0-4 0v3"
                  />
                  <path
                    d="M6 10H4a2 2 0 0 0-2 2v7a2 2 0 0 0 2 2h16a2 2 0 0 0 2-2V9a2 2 0 0 0-2-2h-2"
                  />
                  <path
                    d="M6 21V5a2 2 0 0 1 2-2h8a2 2 0 0 1 2 2v16"
                  />
                </svg>
              </div>
              <div>
                <h2
                  class="text-lg font-semibold text-gray-900"
                >
                  Dados da Entidade
                </h2>
                <p
                  class="text-sm text-gray-600"
                >
                  Informa├º├Áes cadastrais
                </p>
              </div>
            </div>
            <div
              class="grid grid-cols-1 md:grid-cols-2 gap-6"
            >
              <div
                class="space-y-3"
              >
                <div>
                  <label
                    class="text-xs text-gray-500 uppercase tracking-wide"
                  >
                    Nome
                  </label>
                  <p
                    class="text-sm text-gray-900 font-medium"
                  >
                    Cl├¡nica Teste
                  </p>
                </div>
                <div>
                  <label
                    class="text-xs text-gray-500 uppercase tracking-wide"
                  >
                    CNPJ
                  </label>
                  <p
                    class="text-sm text-gray-900"
                  >
                    12.345.678/0001-90
                  </p>
                </div>
                <div>
                  <label
                    class="text-xs text-gray-500 uppercase tracking-wide"
                  >
                    Email
                  </label>
                  <p
                    class="text-sm text-gray-900"
                  >
                    contato@clinica.com
                  </p>
                </div>
                <div>
                  <label
                    class="text-xs text-gray-500 uppercase tracking-wide"
                  >
                    Telefone
                  </label>
                  <p
                    class="text-sm text-gray-900"
                  >
                    (11) 98765-4321
                  </p>
                </div>
              </div>
              <div
                class="space-y-3"
              >
                <div>
                  <label
                    class="text-xs text-gray-500 uppercase tracking-wide"
                  >
                    Data de Cadastro
                  </label>
                  <p
                    class="text-sm text-gray-900"
                  >
                    01/01/2025
                  </p>
                </div>
              </div>
            </div>
          </div>
          <div
            class="bg-white rounded-lg shadow-sm p-6 border border-gray-200"
          >
            <div
              class="flex items-center gap-3 mb-4"
            >
              <div
                class="p-3 bg-primary-100 rounded-lg"
              >
                <svg
                  aria-hidden="true"
                  class="lucide lucide-credit-card text-primary-600"
                  fill="none"
                  height="24"
                  stroke="currentColor"
                  stroke-linecap="round"
                  stroke-linejoin="round"
                  stroke-width="2"
                  viewBox="0 0 24 24"
                  width="24"
                  xmlns="http://www.w3.org/2000/svg"
                >
                  <rect
                    height="14"
                    rx="2"
                    width="20"
                    x="2"
                    y="5"
                  />
                  <line
                    x1="2"
                    x2="22"
                    y1="10"
                    y2="10"
                  />
                </svg>
              </div>
              <div>
                <h2
                  class="text-lg font-semibold text-gray-900"
                >
                  Dados Financeiros de Laudos
                </h2>
                <p
                  class="text-sm text-gray-600"
                >
                  Hist├│rico de pagamentos
                </p>
              </div>
            </div>
            <div
              class="flex items-center justify-center py-8 text-gray-400 gap-2"
            >
              <svg
                aria-hidden="true"
                class="lucide lucide-loader-circle animate-spin"
                fill="none"
                height="20"
                stroke="currentColor"
                stroke-linecap="round"
                stroke-linejoin="round"
                stroke-width="2"
                viewBox="0 0 24 24"
                width="20"
                xmlns="http://www.w3.org/2000/svg"
              >
                <path
                  d="M21 12a9 9 0 1 1-6.219-8.56"
                />
              </svg>
              <span
                class="text-sm"
              >
                Carregando pagamentos...
              </span>
            </div>
          </div>
        </div>
      </div>
    </body>

      320 |     });
      321 |
    > 322 |     fireEvent.click(screen.getByRole('button', { name: /Plano/ }));
          |                            ^
      323 |
      324 |     await waitFor(() => {
      325 |       const summary = screen.getByTestId('payment-summary');

      at Object.getElementError (node_modules/.pnpm/@testing-library+dom@10.4.1/node_modules/@testing-library/dom/dist/config.js:37:19)
      at node_modules/.pnpm/@testing-library+dom@10.4.1/node_modules/@testing-library/dom/dist/query-helpers.js:76:38
      at node_modules/.pnpm/@testing-library+dom@10.4.1/node_modules/@testing-library/dom/dist/query-helpers.js:52:17
      at node_modules/.pnpm/@testing-library+dom@10.4.1/node_modules/@testing-library/dom/dist/query-helpers.js:95:19
      at Object.getByRole (__tests__/components/entidade/ContaSection.test.tsx:322:28)

  ÔùÅ EntidadeContaSection ÔÇ║ deve renderizar todos os pagamentos como PaymentItem

    TestingLibraryElementError: Unable to find an accessible element with the role "button" and name `/Plano/`

    Here are the accessible roles:

      heading:

      Name "Informa├º├Áes da Conta":
      <h1
        class="text-2xl font-bold text-gray-900"
      />

      Name "Dados da Entidade":
      <h2
        class="text-lg font-semibold text-gray-900"
      />

      Name "Dados Financeiros de Laudos":
      <h2
        class="text-lg font-semibold text-gray-900"
      />

      --------------------------------------------------
      paragraph:

      Name "":
      <p
        class="text-sm text-gray-600 mt-1"
      />

      Name "":
      <p
        class="text-sm text-gray-600"
      />

      Name "":
      <p
        class="text-sm text-gray-900 font-medium"
      />

      Name "":
      <p
        class="text-sm text-gray-900"
      />

      Name "":
      <p
        class="text-sm text-gray-900"
      />

      Name "":
      <p
        class="text-sm text-gray-900"
      />

      Name "":
      <p
        class="text-sm text-gray-900"
      />

      Name "":
      <p
        class="text-sm text-gray-600"
      />

      --------------------------------------------------

    Ignored nodes: comments, script, style
    <body>
      <div>
        <div
          class="mb-6"
        >
          <h1
            class="text-2xl font-bold text-gray-900"
          >
            Informa├º├Áes da Conta
          </h1>
          <p
            class="text-sm text-gray-600 mt-1"
          >
            Dados cadastrais da entidade
          </p>
        </div>
        <div
          class="space-y-6"
        >
          <div
            class="bg-white rounded-lg shadow-sm p-6 border border-gray-200"
          >
            <div
              class="flex items-center gap-3 mb-4"
            >
              <div
                class="p-3 bg-primary-100 rounded-lg"
              >
                <svg
                  aria-hidden="true"
                  class="lucide lucide-building2 lucide-building-2 text-primary-600"
                  fill="none"
                  height="24"
                  stroke="currentColor"
                  stroke-linecap="round"
                  stroke-linejoin="round"
                  stroke-width="2"
                  viewBox="0 0 24 24"
                  width="24"
                  xmlns="http://www.w3.org/2000/svg"
                >
                  <path
                    d="M10 12h4"
                  />
                  <path
                    d="M10 8h4"
                  />
                  <path
                    d="M14 21v-3a2 2 0 0 0-4 0v3"
                  />
                  <path
                    d="M6 10H4a2 2 0 0 0-2 2v7a2 2 0 0 0 2 2h16a2 2 0 0 0 2-2V9a2 2 0 0 0-2-2h-2"
                  />
                  <path
                    d="M6 21V5a2 2 0 0 1 2-2h8a2 2 0 0 1 2 2v16"
                  />
                </svg>
              </div>
              <div>
                <h2
                  class="text-lg font-semibold text-gray-900"
                >
                  Dados da Entidade
                </h2>
                <p
                  class="text-sm text-gray-600"
                >
                  Informa├º├Áes cadastrais
                </p>
              </div>
            </div>
            <div
              class="grid grid-cols-1 md:grid-cols-2 gap-6"
            >
              <div
                class="space-y-3"
              >
                <div>
                  <label
                    class="text-xs text-gray-500 uppercase tracking-wide"
                  >
                    Nome
                  </label>
                  <p
                    class="text-sm text-gray-900 font-medium"
                  >
                    Cl├¡nica Teste
                  </p>
                </div>
                <div>
                  <label
                    class="text-xs text-gray-500 uppercase tracking-wide"
                  >
                    CNPJ
                  </label>
                  <p
                    class="text-sm text-gray-900"
                  >
                    12.345.678/0001-90
                  </p>
                </div>
                <div>
                  <label
                    class="text-xs text-gray-500 uppercase tracking-wide"
                  >
                    Email
                  </label>
                  <p
                    class="text-sm text-gray-900"
                  >
                    contato@clinica.com
                  </p>
                </div>
                <div>
                  <label
                    class="text-xs text-gray-500 uppercase tracking-wide"
                  >
                    Telefone
                  </label>
                  <p
                    class="text-sm text-gray-900"
                  >
                    (11) 98765-4321
                  </p>
                </div>
              </div>
              <div
                class="space-y-3"
              >
                <div>
                  <label
                    class="text-xs text-gray-500 uppercase tracking-wide"
                  >
                    Data de Cadastro
                  </label>
                  <p
                    class="text-sm text-gray-900"
                  >
                    01/01/2025
                  </p>
                </div>
              </div>
            </div>
          </div>
          <div
            class="bg-white rounded-lg shadow-sm p-6 border border-gray-200"
          >
            <div
              class="flex items-center gap-3 mb-4"
            >
              <div
                class="p-3 bg-primary-100 rounded-lg"
              >
                <svg
                  aria-hidden="true"
                  class="lucide lucide-credit-card text-primary-600"
                  fill="none"
                  height="24"
                  stroke="currentColor"
                  stroke-linecap="round"
                  stroke-linejoin="round"
                  stroke-width="2"
                  viewBox="0 0 24 24"
                  width="24"
                  xmlns="http://www.w3.org/2000/svg"
                >
                  <rect
                    height="14"
                    rx="2"
                    width="20"
                    x="2"
                    y="5"
                  />
                  <line
                    x1="2"
                    x2="22"
                    y1="10"
                    y2="10"
                  />
                </svg>
              </div>
              <div>
                <h2
                  class="text-lg font-semibold text-gray-900"
                >
                  Dados Financeiros de Laudos
                </h2>
                <p
                  class="text-sm text-gray-600"
                >
                  Hist├│rico de pagamentos
                </p>
              </div>
            </div>
            <div
              class="flex items-center justify-center py-8 text-gray-400 gap-2"
            >
              <svg
                aria-hidden="true"
                class="lucide lucide-loader-circle animate-spin"
                fill="none"
                height="20"
                stroke="currentColor"
                stroke-linecap="round"
                stroke-linejoin="round"
                stroke-width="2"
                viewBox="0 0 24 24"
                width="20"
                xmlns="http://www.w3.org/2000/svg"
              >
                <path
                  d="M21 12a9 9 0 1 1-6.219-8.56"
                />
              </svg>
              <span
                class="text-sm"
              >
                Carregando pagamentos...
              </span>
            </div>
          </div>
        </div>
      </div>
    </body>

      343 |
      344 |     // Clicar na aba "Plano" onde os pagamentos (Tabela de Parcelas) s├úo exibidos
    > 345 |     fireEvent.click(screen.getByRole('button', { name: /Plano/ }));
          |                            ^
      346 |
      347 |     await waitFor(() => {
      348 |       expect(screen.getByText(/Pagamentos/)).toBeInTheDocument();

      at Object.getElementError (node_modules/.pnpm/@testing-library+dom@10.4.1/node_modules/@testing-library/dom/dist/config.js:37:19)
      at node_modules/.pnpm/@testing-library+dom@10.4.1/node_modules/@testing-library/dom/dist/query-helpers.js:76:38
      at node_modules/.pnpm/@testing-library+dom@10.4.1/node_modules/@testing-library/dom/dist/query-helpers.js:52:17
      at node_modules/.pnpm/@testing-library+dom@10.4.1/node_modules/@testing-library/dom/dist/query-helpers.js:95:19
      at Object.getByRole (__tests__/components/entidade/ContaSection.test.tsx:345:28)

  ÔùÅ EntidadeContaSection ÔÇ║ deve exibir comportamento correto quando n├úo h├í pagamentos

    TestingLibraryElementError: Unable to find an accessible element with the role "button" and name `/Plano/`

    Here are the accessible roles:

      heading:

      Name "Informa├º├Áes da Conta":
      <h1
        class="text-2xl font-bold text-gray-900"
      />

      Name "Dados da Entidade":
      <h2
        class="text-lg font-semibold text-gray-900"
      />

      Name "Dados Financeiros de Laudos":
      <h2
        class="text-lg font-semibold text-gray-900"
      />

      --------------------------------------------------
      paragraph:

      Name "":
      <p
        class="text-sm text-gray-600 mt-1"
      />

      Name "":
      <p
        class="text-sm text-gray-600"
      />

      Name "":
      <p
        class="text-sm text-gray-900 font-medium"
      />

      Name "":
      <p
        class="text-sm text-gray-900"
      />

      Name "":
      <p
        class="text-sm text-gray-900"
      />

      Name "":
      <p
        class="text-sm text-gray-900"
      />

      Name "":
      <p
        class="text-sm text-gray-900"
      />

      Name "":
      <p
        class="text-sm text-gray-600"
      />

      --------------------------------------------------

    Ignored nodes: comments, script, style
    <body>
      <div>
        <div
          class="mb-6"
        >
          <h1
            class="text-2xl font-bold text-gray-900"
          >
            Informa├º├Áes da Conta
          </h1>
          <p
            class="text-sm text-gray-600 mt-1"
          >
            Dados cadastrais da entidade
          </p>
        </div>
        <div
          class="space-y-6"
        >
          <div
            class="bg-white rounded-lg shadow-sm p-6 border border-gray-200"
          >
            <div
              class="flex items-center gap-3 mb-4"
            >
              <div
                class="p-3 bg-primary-100 rounded-lg"
              >
                <svg
                  aria-hidden="true"
                  class="lucide lucide-building2 lucide-building-2 text-primary-600"
                  fill="none"
                  height="24"
                  stroke="currentColor"
                  stroke-linecap="round"
                  stroke-linejoin="round"
                  stroke-width="2"
                  viewBox="0 0 24 24"
                  width="24"
                  xmlns="http://www.w3.org/2000/svg"
                >
                  <path
                    d="M10 12h4"
                  />
                  <path
                    d="M10 8h4"
                  />
                  <path
                    d="M14 21v-3a2 2 0 0 0-4 0v3"
                  />
                  <path
                    d="M6 10H4a2 2 0 0 0-2 2v7a2 2 0 0 0 2 2h16a2 2 0 0 0 2-2V9a2 2 0 0 0-2-2h-2"
                  />
                  <path
                    d="M6 21V5a2 2 0 0 1 2-2h8a2 2 0 0 1 2 2v16"
                  />
                </svg>
              </div>
              <div>
                <h2
                  class="text-lg font-semibold text-gray-900"
                >
                  Dados da Entidade
                </h2>
                <p
                  class="text-sm text-gray-600"
                >
                  Informa├º├Áes cadastrais
                </p>
              </div>
            </div>
            <div
              class="grid grid-cols-1 md:grid-cols-2 gap-6"
            >
              <div
                class="space-y-3"
              >
                <div>
                  <label
                    class="text-xs text-gray-500 uppercase tracking-wide"
                  >
                    Nome
                  </label>
                  <p
                    class="text-sm text-gray-900 font-medium"
                  >
                    Cl├¡nica Teste
                  </p>
                </div>
                <div>
                  <label
                    class="text-xs text-gray-500 uppercase tracking-wide"
                  >
                    CNPJ
                  </label>
                  <p
                    class="text-sm text-gray-900"
                  >
                    12.345.678/0001-90
                  </p>
                </div>
                <div>
                  <label
                    class="text-xs text-gray-500 uppercase tracking-wide"
                  >
                    Email
                  </label>
                  <p
                    class="text-sm text-gray-900"
                  >
                    contato@clinica.com
                  </p>
                </div>
                <div>
                  <label
                    class="text-xs text-gray-500 uppercase tracking-wide"
                  >
                    Telefone
                  </label>
                  <p
                    class="text-sm text-gray-900"
                  >
                    (11) 98765-4321
                  </p>
                </div>
              </div>
              <div
                class="space-y-3"
              >
                <div>
                  <label
                    class="text-xs text-gray-500 uppercase tracking-wide"
                  >
                    Data de Cadastro
                  </label>
                  <p
                    class="text-sm text-gray-900"
                  >
                    01/01/2025
                  </p>
                </div>
              </div>
            </div>
          </div>
          <div
            class="bg-white rounded-lg shadow-sm p-6 border border-gray-200"
          >
            <div
              class="flex items-center gap-3 mb-4"
            >
              <div
                class="p-3 bg-primary-100 rounded-lg"
              >
                <svg
                  aria-hidden="true"
                  class="lucide lucide-credit-card text-primary-600"
                  fill="none"
                  height="24"
                  stroke="currentColor"
                  stroke-linecap="round"
                  stroke-linejoin="round"
                  stroke-width="2"
                  viewBox="0 0 24 24"
                  width="24"
                  xmlns="http://www.w3.org/2000/svg"
                >
                  <rect
                    height="14"
                    rx="2"
                    width="20"
                    x="2"
                    y="5"
                  />
                  <line
                    x1="2"
                    x2="22"
                    y1="10"
                    y2="10"
                  />
                </svg>
              </div>
              <div>
                <h2
                  class="text-lg font-semibold text-gray-900"
                >
                  Dados Financeiros de Laudos
                </h2>
                <p
                  class="text-sm text-gray-600"
                >
                  Hist├│rico de pagamentos
                </p>
              </div>
            </div>
            <div
              class="flex items-center justify-center py-8 text-gray-400 gap-2"
            >
              <svg
                aria-hidden="true"
                class="lucide lucide-loader-circle animate-spin"
                fill="none"
                height="20"
                stroke="currentColor"
                stroke-linecap="round"
                stroke-linejoin="round"
                stroke-width="2"
                viewBox="0 0 24 24"
                width="20"
                xmlns="http://www.w3.org/2000/svg"
              >
                <path
                  d="M21 12a9 9 0 1 1-6.219-8.56"
                />
              </svg>
              <span
                class="text-sm"
              >
                Carregando pagamentos...
              </span>
            </div>
          </div>
        </div>
      </div>
    </body>

      374 |
      375 |     // Ir para aba Plano e verificar que n├úo h├í resumo financeiro e que n├úo h├í parcelas
    > 376 |     fireEvent.click(screen.getByRole('button', { name: /Plano/ }));
          |                            ^
      377 |
      378 |     await waitFor(() => {
      379 |       expect(screen.queryByTestId('payment-summary')).not.toBeInTheDocument();

      at Object.getElementError (node_modules/.pnpm/@testing-library+dom@10.4.1/node_modules/@testing-library/dom/dist/config.js:37:19)
      at node_modules/.pnpm/@testing-library+dom@10.4.1/node_modules/@testing-library/dom/dist/query-helpers.js:76:38
      at node_modules/.pnpm/@testing-library+dom@10.4.1/node_modules/@testing-library/dom/dist/query-helpers.js:52:17
      at node_modules/.pnpm/@testing-library+dom@10.4.1/node_modules/@testing-library/dom/dist/query-helpers.js:95:19
      at Object.getByRole (__tests__/components/entidade/ContaSection.test.tsx:376:28)

  ÔùÅ EntidadeContaSection ÔÇ║ deve exibir link para o contrato padr├úo em "Ver Contrato"

    TestingLibraryElementError: Unable to find an accessible element with the role "button" and name `/Plano/`

    Here are the accessible roles:

      heading:

      Name "Informa├º├Áes da Conta":
      <h1
        class="text-2xl font-bold text-gray-900"
      />

      Name "Dados da Entidade":
      <h2
        class="text-lg font-semibold text-gray-900"
      />

      Name "Dados Financeiros de Laudos":
      <h2
        class="text-lg font-semibold text-gray-900"
      />

      --------------------------------------------------
      paragraph:

      Name "":
      <p
        class="text-sm text-gray-600 mt-1"
      />

      Name "":
      <p
        class="text-sm text-gray-600"
      />

      Name "":
      <p
        class="text-sm text-gray-900 font-medium"
      />

      Name "":
      <p
        class="text-sm text-gray-900"
      />

      Name "":
      <p
        class="text-sm text-gray-900"
      />

      Name "":
      <p
        class="text-sm text-gray-900"
      />

      Name "":
      <p
        class="text-sm text-gray-900"
      />

      Name "":
      <p
        class="text-sm text-gray-600"
      />

      --------------------------------------------------

    Ignored nodes: comments, script, style
    <body>
      <div>
        <div
          class="mb-6"
        >
          <h1
            class="text-2xl font-bold text-gray-900"
          >
            Informa├º├Áes da Conta
          </h1>
          <p
            class="text-sm text-gray-600 mt-1"
          >
            Dados cadastrais da entidade
          </p>
        </div>
        <div
          class="space-y-6"
        >
          <div
            class="bg-white rounded-lg shadow-sm p-6 border border-gray-200"
          >
            <div
              class="flex items-center gap-3 mb-4"
            >
              <div
                class="p-3 bg-primary-100 rounded-lg"
              >
                <svg
                  aria-hidden="true"
                  class="lucide lucide-building2 lucide-building-2 text-primary-600"
                  fill="none"
                  height="24"
                  stroke="currentColor"
                  stroke-linecap="round"
                  stroke-linejoin="round"
                  stroke-width="2"
                  viewBox="0 0 24 24"
                  width="24"
                  xmlns="http://www.w3.org/2000/svg"
                >
                  <path
                    d="M10 12h4"
                  />
                  <path
                    d="M10 8h4"
                  />
                  <path
                    d="M14 21v-3a2 2 0 0 0-4 0v3"
                  />
                  <path
                    d="M6 10H4a2 2 0 0 0-2 2v7a2 2 0 0 0 2 2h16a2 2 0 0 0 2-2V9a2 2 0 0 0-2-2h-2"
                  />
                  <path
                    d="M6 21V5a2 2 0 0 1 2-2h8a2 2 0 0 1 2 2v16"
                  />
                </svg>
              </div>
              <div>
                <h2
                  class="text-lg font-semibold text-gray-900"
                >
                  Dados da Entidade
                </h2>
                <p
                  class="text-sm text-gray-600"
                >
                  Informa├º├Áes cadastrais
                </p>
              </div>
            </div>
            <div
              class="grid grid-cols-1 md:grid-cols-2 gap-6"
            >
              <div
                class="space-y-3"
              >
                <div>
                  <label
                    class="text-xs text-gray-500 uppercase tracking-wide"
                  >
                    Nome
                  </label>
                  <p
                    class="text-sm text-gray-900 font-medium"
                  >
                    Cl├¡nica Teste
                  </p>
                </div>
                <div>
                  <label
                    class="text-xs text-gray-500 uppercase tracking-wide"
                  >
                    CNPJ
                  </label>
                  <p
                    class="text-sm text-gray-900"
                  >
                    12.345.678/0001-90
                  </p>
                </div>
                <div>
                  <label
                    class="text-xs text-gray-500 uppercase tracking-wide"
                  >
                    Email
                  </label>
                  <p
                    class="text-sm text-gray-900"
                  >
                    contato@clinica.com
                  </p>
                </div>
                <div>
                  <label
                    class="text-xs text-gray-500 uppercase tracking-wide"
                  >
                    Telefone
                  </label>
                  <p
                    class="text-sm text-gray-900"
                  >
                    (11) 98765-4321
                  </p>
                </div>
              </div>
              <div
                class="space-y-3"
              >
                <div>
                  <label
                    class="text-xs text-gray-500 uppercase tracking-wide"
                  >
                    Data de Cadastro
                  </label>
                  <p
                    class="text-sm text-gray-900"
                  >
                    01/01/2025
                  </p>
                </div>
              </div>
            </div>
          </div>
          <div
            class="bg-white rounded-lg shadow-sm p-6 border border-gray-200"
          >
            <div
              class="flex items-center gap-3 mb-4"
            >
              <div
                class="p-3 bg-primary-100 rounded-lg"
              >
                <svg
                  aria-hidden="true"
                  class="lucide lucide-credit-card text-primary-600"
                  fill="none"
                  height="24"
                  stroke="currentColor"
                  stroke-linecap="round"
                  stroke-linejoin="round"
                  stroke-width="2"
                  viewBox="0 0 24 24"
                  width="24"
                  xmlns="http://www.w3.org/2000/svg"
                >
                  <rect
                    height="14"
                    rx="2"
                    width="20"
                    x="2"
                    y="5"
                  />
                  <line
                    x1="2"
                    x2="22"
                    y1="10"
                    y2="10"
                  />
                </svg>
              </div>
              <div>
                <h2
                  class="text-lg font-semibold text-gray-900"
                >
                  Dados Financeiros de Laudos
                </h2>
                <p
                  class="text-sm text-gray-600"
                >
                  Hist├│rico de pagamentos
                </p>
              </div>
            </div>
            <div
              class="flex items-center justify-center py-8 text-gray-400 gap-2"
            >
              <svg
                aria-hidden="true"
                class="lucide lucide-loader-circle animate-spin"
                fill="none"
                height="20"
                stroke="currentColor"
                stroke-linecap="round"
                stroke-linejoin="round"
                stroke-width="2"
                viewBox="0 0 24 24"
                width="20"
                xmlns="http://www.w3.org/2000/svg"
              >
                <path
                  d="M21 12a9 9 0 1 1-6.219-8.56"
                />
              </svg>
              <span
                class="text-sm"
              >
                Carregando pagamentos...
              </span>
            </div>
          </div>
        </div>
      </div>
    </body>

      397 |
      398 |     // Clicar na aba "Plano"
    > 399 |     fireEvent.click(screen.getByRole('button', { name: /Plano/ }));
          |                            ^
      400 |
      401 |     await waitFor(() => {
      402 |       const link = screen.getByText('Ver Contrato');

      at Object.getElementError (node_modules/.pnpm/@testing-library+dom@10.4.1/node_modules/@testing-library/dom/dist/config.js:37:19)
      at node_modules/.pnpm/@testing-library+dom@10.4.1/node_modules/@testing-library/dom/dist/query-helpers.js:76:38
      at node_modules/.pnpm/@testing-library+dom@10.4.1/node_modules/@testing-library/dom/dist/query-helpers.js:52:17
      at node_modules/.pnpm/@testing-library+dom@10.4.1/node_modules/@testing-library/dom/dist/query-helpers.js:95:19
      at Object.getByRole (__tests__/components/entidade/ContaSection.test.tsx:399:28)

  ÔùÅ EntidadeContaSection ÔÇ║ deve alternar entre abas "Informa├º├Áes da Conta" e "Plano"

    TestingLibraryElementError: Unable to find an accessible element with the role "button" and name `/Plano/`

    Here are the accessible roles:

      heading:

      Name "Informa├º├Áes da Conta":
      <h1
        class="text-2xl font-bold text-gray-900"
      />

      Name "Dados da Entidade":
      <h2
        class="text-lg font-semibold text-gray-900"
      />

      Name "Dados Financeiros de Laudos":
      <h2
        class="text-lg font-semibold text-gray-900"
      />

      --------------------------------------------------
      paragraph:

      Name "":
      <p
        class="text-sm text-gray-600 mt-1"
      />

      Name "":
      <p
        class="text-sm text-gray-600"
      />

      Name "":
      <p
        class="text-sm text-gray-900 font-medium"
      />

      Name "":
      <p
        class="text-sm text-gray-900"
      />

      Name "":
      <p
        class="text-sm text-gray-900"
      />

      Name "":
      <p
        class="text-sm text-gray-900"
      />

      Name "":
      <p
        class="text-sm text-gray-900"
      />

      Name "":
      <p
        class="text-sm text-gray-600"
      />

      --------------------------------------------------

    Ignored nodes: comments, script, style
    <body>
      <div>
        <div
          class="mb-6"
        >
          <h1
            class="text-2xl font-bold text-gray-900"
          >
            Informa├º├Áes da Conta
          </h1>
          <p
            class="text-sm text-gray-600 mt-1"
          >
            Dados cadastrais da entidade
          </p>
        </div>
        <div
          class="space-y-6"
        >
          <div
            class="bg-white rounded-lg shadow-sm p-6 border border-gray-200"
          >
            <div
              class="flex items-center gap-3 mb-4"
            >
              <div
                class="p-3 bg-primary-100 rounded-lg"
              >
                <svg
                  aria-hidden="true"
                  class="lucide lucide-building2 lucide-building-2 text-primary-600"
                  fill="none"
                  height="24"
                  stroke="currentColor"
                  stroke-linecap="round"
                  stroke-linejoin="round"
                  stroke-width="2"
                  viewBox="0 0 24 24"
                  width="24"
                  xmlns="http://www.w3.org/2000/svg"
                >
                  <path
                    d="M10 12h4"
                  />
                  <path
                    d="M10 8h4"
                  />
                  <path
                    d="M14 21v-3a2 2 0 0 0-4 0v3"
                  />
                  <path
                    d="M6 10H4a2 2 0 0 0-2 2v7a2 2 0 0 0 2 2h16a2 2 0 0 0 2-2V9a2 2 0 0 0-2-2h-2"
                  />
                  <path
                    d="M6 21V5a2 2 0 0 1 2-2h8a2 2 0 0 1 2 2v16"
                  />
                </svg>
              </div>
              <div>
                <h2
                  class="text-lg font-semibold text-gray-900"
                >
                  Dados da Entidade
                </h2>
                <p
                  class="text-sm text-gray-600"
                >
                  Informa├º├Áes cadastrais
                </p>
              </div>
            </div>
            <div
              class="grid grid-cols-1 md:grid-cols-2 gap-6"
            >
              <div
                class="space-y-3"
              >
                <div>
                  <label
                    class="text-xs text-gray-500 uppercase tracking-wide"
                  >
                    Nome
                  </label>
                  <p
                    class="text-sm text-gray-900 font-medium"
                  >
                    Cl├¡nica Teste
                  </p>
                </div>
                <div>
                  <label
                    class="text-xs text-gray-500 uppercase tracking-wide"
                  >
                    CNPJ
                  </label>
                  <p
                    class="text-sm text-gray-900"
                  >
                    12.345.678/0001-90
                  </p>
                </div>
                <div>
                  <label
                    class="text-xs text-gray-500 uppercase tracking-wide"
                  >
                    Email
                  </label>
                  <p
                    class="text-sm text-gray-900"
                  >
                    contato@clinica.com
                  </p>
                </div>
                <div>
                  <label
                    class="text-xs text-gray-500 uppercase tracking-wide"
                  >
                    Telefone
                  </label>
                  <p
                    class="text-sm text-gray-900"
                  >
                    (11) 98765-4321
                  </p>
                </div>
              </div>
              <div
                class="space-y-3"
              >
                <div>
                  <label
                    class="text-xs text-gray-500 uppercase tracking-wide"
                  >
                    Data de Cadastro
                  </label>
                  <p
                    class="text-sm text-gray-900"
                  >
                    01/01/2025
                  </p>
                </div>
              </div>
            </div>
          </div>
          <div
            class="bg-white rounded-lg shadow-sm p-6 border border-gray-200"
          >
            <div
              class="flex items-center gap-3 mb-4"
            >
              <div
                class="p-3 bg-primary-100 rounded-lg"
              >
                <svg
                  aria-hidden="true"
                  class="lucide lucide-credit-card text-primary-600"
                  fill="none"
                  height="24"
                  stroke="currentColor"
                  stroke-linecap="round"
                  stroke-linejoin="round"
                  stroke-width="2"
                  viewBox="0 0 24 24"
                  width="24"
                  xmlns="http://www.w3.org/2000/svg"
                >
                  <rect
                    height="14"
                    rx="2"
                    width="20"
                    x="2"
                    y="5"
                  />
                  <line
                    x1="2"
                    x2="22"
                    y1="10"
                    y2="10"
                  />
                </svg>
              </div>
              <div>
                <h2
                  class="text-lg font-semibold text-gray-900"
                >
                  Dados Financeiros de Laudos
                </h2>
                <p
                  class="text-sm text-gray-600"
                >
                  Hist├│rico de pagamentos
                </p>
              </div>
            </div>
            <div
              class="flex items-center justify-center py-8 text-gray-400 gap-2"
            >
              <svg
                aria-hidden="true"
                class="lucide lucide-loader-circle animate-spin"
                fill="none"
                height="20"
                stroke="currentColor"
                stroke-linecap="round"
                stroke-linejoin="round"
                stroke-width="2"
                viewBox="0 0 24 24"
                width="20"
                xmlns="http://www.w3.org/2000/svg"
              >
                <path
                  d="M21 12a9 9 0 1 1-6.219-8.56"
                />
              </svg>
              <span
                class="text-sm"
              >
                Carregando pagamentos...
              </span>
            </div>
          </div>
        </div>
      </div>
    </body>

      425 |
      426 |     // Clicar na aba "Plano"
    > 427 |     const tabPlano = screen.getByRole('button', { name: /Plano/ });
          |                             ^
      428 |     fireEvent.click(tabPlano);
      429 |
      430 |     // Agora a se├º├úo de pagamentos deve estar vis├¡vel

      at Object.getElementError (node_modules/.pnpm/@testing-library+dom@10.4.1/node_modules/@testing-library/dom/dist/config.js:37:19)
      at node_modules/.pnpm/@testing-library+dom@10.4.1/node_modules/@testing-library/dom/dist/query-helpers.js:76:38
      at node_modules/.pnpm/@testing-library+dom@10.4.1/node_modules/@testing-library/dom/dist/query-helpers.js:52:17
      at node_modules/.pnpm/@testing-library+dom@10.4.1/node_modules/@testing-library/dom/dist/query-helpers.js:95:19
      at Object.getByRole (__tests__/components/entidade/ContaSection.test.tsx:427:29)

  ÔùÅ EntidadeContaSection ÔÇ║ exibe badge e subtexto para pagamentos parcelados parcialmente quitados

    TestingLibraryElementError: Unable to find an accessible element with the role "button" and name `/Plano/`

    Here are the accessible roles:

      heading:

      Name "Informa├º├Áes da Conta":
      <h1
        class="text-2xl font-bold text-gray-900"
      />

      Name "Dados da Entidade":
      <h2
        class="text-lg font-semibold text-gray-900"
      />

      Name "Dados Financeiros de Laudos":
      <h2
        class="text-lg font-semibold text-gray-900"
      />

      --------------------------------------------------
      paragraph:

      Name "":
      <p
        class="text-sm text-gray-600 mt-1"
      />

      Name "":
      <p
        class="text-sm text-gray-600"
      />

      Name "":
      <p
        class="text-sm text-gray-900 font-medium"
      />

      Name "":
      <p
        class="text-sm text-gray-900"
      />

      Name "":
      <p
        class="text-sm text-gray-600"
      />

      --------------------------------------------------

    Ignored nodes: comments, script, style
    <body>
      <div>
        <div
          class="mb-6"
        >
          <h1
            class="text-2xl font-bold text-gray-900"
          >
            Informa├º├Áes da Conta
          </h1>
          <p
            class="text-sm text-gray-600 mt-1"
          >
            Dados cadastrais da entidade
          </p>
        </div>
        <div
          class="space-y-6"
        >
          <div
            class="bg-white rounded-lg shadow-sm p-6 border border-gray-200"
          >
            <div
              class="flex items-center gap-3 mb-4"
            >
              <div
                class="p-3 bg-primary-100 rounded-lg"
              >
                <svg
                  aria-hidden="true"
                  class="lucide lucide-building2 lucide-building-2 text-primary-600"
                  fill="none"
                  height="24"
                  stroke="currentColor"
                  stroke-linecap="round"
                  stroke-linejoin="round"
                  stroke-width="2"
                  viewBox="0 0 24 24"
                  width="24"
                  xmlns="http://www.w3.org/2000/svg"
                >
                  <path
                    d="M10 12h4"
                  />
                  <path
                    d="M10 8h4"
                  />
                  <path
                    d="M14 21v-3a2 2 0 0 0-4 0v3"
                  />
                  <path
                    d="M6 10H4a2 2 0 0 0-2 2v7a2 2 0 0 0 2 2h16a2 2 0 0 0 2-2V9a2 2 0 0 0-2-2h-2"
                  />
                  <path
                    d="M6 21V5a2 2 0 0 1 2-2h8a2 2 0 0 1 2 2v16"
                  />
                </svg>
              </div>
              <div>
                <h2
                  class="text-lg font-semibold text-gray-900"
                >
                  Dados da Entidade
                </h2>
                <p
                  class="text-sm text-gray-600"
                >
                  Informa├º├Áes cadastrais
                </p>
              </div>
            </div>
            <div
              class="grid grid-cols-1 md:grid-cols-2 gap-6"
            >
              <div
                class="space-y-3"
              >
                <div>
                  <label
                    class="text-xs text-gray-500 uppercase tracking-wide"
                  >
                    Nome
                  </label>
                  <p
                    class="text-sm text-gray-900 font-medium"
                  >
                    Cl├¡nica Teste
                  </p>
                </div>
              </div>
              <div
                class="space-y-3"
              >
                <div>
                  <label
                    class="text-xs text-gray-500 uppercase tracking-wide"
                  >
                    Data de Cadastro
                  </label>
                  <p
                    class="text-sm text-gray-900"
                  >
                    01/01/2025
                  </p>
                </div>
              </div>
            </div>
          </div>
          <div
            class="bg-white rounded-lg shadow-sm p-6 border border-gray-200"
          >
            <div
              class="flex items-center gap-3 mb-4"
            >
              <div
                class="p-3 bg-primary-100 rounded-lg"
              >
                <svg
                  aria-hidden="true"
                  class="lucide lucide-credit-card text-primary-600"
                  fill="none"
                  height="24"
                  stroke="currentColor"
                  stroke-linecap="round"
                  stroke-linejoin="round"
                  stroke-width="2"
                  viewBox="0 0 24 24"
                  width="24"
                  xmlns="http://www.w3.org/2000/svg"
                >
                  <rect
                    height="14"
                    rx="2"
                    width="20"
                    x="2"
                    y="5"
                  />
                  <line
                    x1="2"
                    x2="22"
                    y1="10"
                    y2="10"
                  />
                </svg>
              </div>
              <div>
                <h2
                  class="text-lg font-semibold text-gray-900"
                >
                  Dados Financeiros de Laudos
                </h2>
                <p
                  class="text-sm text-gray-600"
                >
                  Hist├│rico de pagamentos
                </p>
              </div>
            </div>
            <div
              class="flex items-center justify-center py-8 text-gray-400 gap-2"
            >
              <svg
                aria-hidden="true"
                class="lucide lucide-loader-circle animate-spin"
                fill="none"
                height="20"
                stroke="currentColor"
                stroke-linecap="round"
                stroke-linejoin="round"
                stroke-width="2"
                viewBox="0 0 24 24"
                width="20"
                xmlns="http://www.w3.org/2000/svg"
              >
                <path
                  d="M21 12a9 9 0 1 1-6.219-8.56"
                />
              </svg>
              <span
                class="text-sm"
              >
                Carregando pagamentos...
              </span>
            </div>
          </div>
        </div>
      </div>
    </body>

      547 |
      548 |     // Ir para aba Plano
    > 549 |     const planTabs = screen.getAllByRole('button', { name: /Plano/ });
          |                             ^
      550 |     fireEvent.click(planTabs[planTabs.length - 1]);
      551 |
      552 |     // Escopar ao cart├úo de contrato e verificar badge/subtexto

      at Object.getElementError (node_modules/.pnpm/@testing-library+dom@10.4.1/node_modules/@testing-library/dom/dist/config.js:37:19)
      at node_modules/.pnpm/@testing-library+dom@10.4.1/node_modules/@testing-library/dom/dist/query-helpers.js:76:38
      at node_modules/.pnpm/@testing-library+dom@10.4.1/node_modules/@testing-library/dom/dist/query-helpers.js:109:15
      at Object.getAllByRole (__tests__/components/entidade/ContaSection.test.tsx:549:29)

  ÔùÅ EntidadeContaSection ÔÇ║ quando n├úo houver contrato, exibe mensagem apropriada e n├úo chama fallback/modal

    TestingLibraryElementError: Unable to find an accessible element with the role "button" and name `/Plano/`

    Here are the accessible roles:

      heading:

      Name "Informa├º├Áes da Conta":
      <h1
        class="text-2xl font-bold text-gray-900"
      />

      Name "Dados da Entidade":
      <h2
        class="text-lg font-semibold text-gray-900"
      />

      Name "Dados Financeiros de Laudos":
      <h2
        class="text-lg font-semibold text-gray-900"
      />

      --------------------------------------------------
      paragraph:

      Name "":
      <p
        class="text-sm text-gray-600 mt-1"
      />

      Name "":
      <p
        class="text-sm text-gray-600"
      />

      Name "":
      <p
        class="text-sm text-gray-900 font-medium"
      />

      Name "":
      <p
        class="text-sm text-gray-900"
      />

      Name "":
      <p
        class="text-sm text-gray-900"
      />

      Name "":
      <p
        class="text-sm text-gray-900"
      />

      Name "":
      <p
        class="text-sm text-gray-900"
      />

      Name "":
      <p
        class="text-sm text-gray-600"
      />

      --------------------------------------------------

    Ignored nodes: comments, script, style
    <body>
      <div>
        <div
          class="mb-6"
        >
          <h1
            class="text-2xl font-bold text-gray-900"
          >
            Informa├º├Áes da Conta
          </h1>
          <p
            class="text-sm text-gray-600 mt-1"
          >
            Dados cadastrais da entidade
          </p>
        </div>
        <div
          class="space-y-6"
        >
          <div
            class="bg-white rounded-lg shadow-sm p-6 border border-gray-200"
          >
            <div
              class="flex items-center gap-3 mb-4"
            >
              <div
                class="p-3 bg-primary-100 rounded-lg"
              >
                <svg
                  aria-hidden="true"
                  class="lucide lucide-building2 lucide-building-2 text-primary-600"
                  fill="none"
                  height="24"
                  stroke="currentColor"
                  stroke-linecap="round"
                  stroke-linejoin="round"
                  stroke-width="2"
                  viewBox="0 0 24 24"
                  width="24"
                  xmlns="http://www.w3.org/2000/svg"
                >
                  <path
                    d="M10 12h4"
                  />
                  <path
                    d="M10 8h4"
                  />
                  <path
                    d="M14 21v-3a2 2 0 0 0-4 0v3"
                  />
                  <path
                    d="M6 10H4a2 2 0 0 0-2 2v7a2 2 0 0 0 2 2h16a2 2 0 0 0 2-2V9a2 2 0 0 0-2-2h-2"
                  />
                  <path
                    d="M6 21V5a2 2 0 0 1 2-2h8a2 2 0 0 1 2 2v16"
                  />
                </svg>
              </div>
              <div>
                <h2
                  class="text-lg font-semibold text-gray-900"
                >
                  Dados da Entidade
                </h2>
                <p
                  class="text-sm text-gray-600"
                >
                  Informa├º├Áes cadastrais
                </p>
              </div>
            </div>
            <div
              class="grid grid-cols-1 md:grid-cols-2 gap-6"
            >
              <div
                class="space-y-3"
              >
                <div>
                  <label
                    class="text-xs text-gray-500 uppercase tracking-wide"
                  >
                    Nome
                  </label>
                  <p
                    class="text-sm text-gray-900 font-medium"
                  >
                    Cl├¡nica Teste
                  </p>
                </div>
                <div>
                  <label
                    class="text-xs text-gray-500 uppercase tracking-wide"
                  >
                    CNPJ
                  </label>
                  <p
                    class="text-sm text-gray-900"
                  >
                    12.345.678/0001-90
                  </p>
                </div>
                <div>
                  <label
                    class="text-xs text-gray-500 uppercase tracking-wide"
                  >
                    Email
                  </label>
                  <p
                    class="text-sm text-gray-900"
                  >
                    contato@clinica.com
                  </p>
                </div>
                <div>
                  <label
                    class="text-xs text-gray-500 uppercase tracking-wide"
                  >
                    Telefone
                  </label>
                  <p
                    class="text-sm text-gray-900"
                  >
                    (11) 98765-4321
                  </p>
                </div>
              </div>
              <div
                class="space-y-3"
              >
                <div>
                  <label
                    class="text-xs text-gray-500 uppercase tracking-wide"
                  >
                    Data de Cadastro
                  </label>
                  <p
                    class="text-sm text-gray-900"
                  >
                    01/01/2025
                  </p>
                </div>
              </div>
            </div>
          </div>
          <div
            class="bg-white rounded-lg shadow-sm p-6 border border-gray-200"
          >
            <div
              class="flex items-center gap-3 mb-4"
            >
              <div
                class="p-3 bg-primary-100 rounded-lg"
              >
                <svg
                  aria-hidden="true"
                  class="lucide lucide-credit-card text-primary-600"
                  fill="none"
                  height="24"
                  stroke="currentColor"
                  stroke-linecap="round"
                  stroke-linejoin="round"
                  stroke-width="2"
                  viewBox="0 0 24 24"
                  width="24"
                  xmlns="http://www.w3.org/2000/svg"
                >
                  <rect
                    height="14"
                    rx="2"
                    width="20"
                    x="2"
                    y="5"
                  />
                  <line
                    x1="2"
                    x2="22"
                    y1="10"
                    y2="10"
                  />
                </svg>
              </div>
              <div>
                <h2
                  class="text-lg font-semibold text-gray-900"
                >
                  Dados Financeiros de Laudos
                </h2>
                <p
                  class="text-sm text-gray-600"
                >
                  Hist├│rico de pagamentos
                </p>
              </div>
            </div>
            <div
              class="flex items-center justify-center py-8 text-gray-400 gap-2"
            >
              <svg
                aria-hidden="true"
                class="lucide lucide-loader-circle animate-spin"
                fill="none"
                height="20"
                stroke="currentColor"
                stroke-linecap="round"
                stroke-linejoin="round"
                stroke-width="2"
                viewBox="0 0 24 24"
                width="20"
                xmlns="http://www.w3.org/2000/svg"
              >
                <path
                  d="M21 12a9 9 0 1 1-6.219-8.56"
                />
              </svg>
              <span
                class="text-sm"
              >
                Carregando pagamentos...
              </span>
            </div>
          </div>
        </div>
      </div>
    </body>

      591 |
      592 |     // Ir para aba Plano onde a mensagem 'Nenhum plano contratado' aparece
    > 593 |     fireEvent.click(screen.getByRole('button', { name: /Plano/ }));
          |                            ^
      594 |
      595 |     await waitFor(() => {
      596 |       expect(screen.getByText('Nenhum plano contratado')).toBeInTheDocument();

      at Object.getElementError (node_modules/.pnpm/@testing-library+dom@10.4.1/node_modules/@testing-library/dom/dist/config.js:37:19)
      at node_modules/.pnpm/@testing-library+dom@10.4.1/node_modules/@testing-library/dom/dist/query-helpers.js:76:38
      at node_modules/.pnpm/@testing-library+dom@10.4.1/node_modules/@testing-library/dom/dist/query-helpers.js:52:17
      at node_modules/.pnpm/@testing-library+dom@10.4.1/node_modules/@testing-library/dom/dist/query-helpers.js:95:19
      at Object.getByRole (__tests__/components/entidade/ContaSection.test.tsx:593:28)

  ÔùÅ EntidadeContaSection ÔÇ║ "Ver Contrato" ├® um link externo (target=_blank) e n├úo abre modal

    TestingLibraryElementError: Unable to find an accessible element with the role "button" and name `/Plano/`

    Here are the accessible roles:

      heading:

      Name "Informa├º├Áes da Conta":
      <h1
        class="text-2xl font-bold text-gray-900"
      />

      Name "Dados da Entidade":
      <h2
        class="text-lg font-semibold text-gray-900"
      />

      Name "Dados Financeiros de Laudos":
      <h2
        class="text-lg font-semibold text-gray-900"
      />

      --------------------------------------------------
      paragraph:

      Name "":
      <p
        class="text-sm text-gray-600 mt-1"
      />

      Name "":
      <p
        class="text-sm text-gray-600"
      />

      Name "":
      <p
        class="text-sm text-gray-900 font-medium"
      />

      Name "":
      <p
        class="text-sm text-gray-900"
      />

      Name "":
      <p
        class="text-sm text-gray-900"
      />

      Name "":
      <p
        class="text-sm text-gray-900"
      />

      Name "":
      <p
        class="text-sm text-gray-900"
      />

      Name "":
      <p
        class="text-sm text-gray-600"
      />

      --------------------------------------------------

    Ignored nodes: comments, script, style
    <body>
      <div>
        <div
          class="mb-6"
        >
          <h1
            class="text-2xl font-bold text-gray-900"
          >
            Informa├º├Áes da Conta
          </h1>
          <p
            class="text-sm text-gray-600 mt-1"
          >
            Dados cadastrais da entidade
          </p>
        </div>
        <div
          class="space-y-6"
        >
          <div
            class="bg-white rounded-lg shadow-sm p-6 border border-gray-200"
          >
            <div
              class="flex items-center gap-3 mb-4"
            >
              <div
                class="p-3 bg-primary-100 rounded-lg"
              >
                <svg
                  aria-hidden="true"
                  class="lucide lucide-building2 lucide-building-2 text-primary-600"
                  fill="none"
                  height="24"
                  stroke="currentColor"
                  stroke-linecap="round"
                  stroke-linejoin="round"
                  stroke-width="2"
                  viewBox="0 0 24 24"
                  width="24"
                  xmlns="http://www.w3.org/2000/svg"
                >
                  <path
                    d="M10 12h4"
                  />
                  <path
                    d="M10 8h4"
                  />
                  <path
                    d="M14 21v-3a2 2 0 0 0-4 0v3"
                  />
                  <path
                    d="M6 10H4a2 2 0 0 0-2 2v7a2 2 0 0 0 2 2h16a2 2 0 0 0 2-2V9a2 2 0 0 0-2-2h-2"
                  />
                  <path
                    d="M6 21V5a2 2 0 0 1 2-2h8a2 2 0 0 1 2 2v16"
                  />
                </svg>
              </div>
              <div>
                <h2
                  class="text-lg font-semibold text-gray-900"
                >
                  Dados da Entidade
                </h2>
                <p
                  class="text-sm text-gray-600"
                >
                  Informa├º├Áes cadastrais
                </p>
              </div>
            </div>
            <div
              class="grid grid-cols-1 md:grid-cols-2 gap-6"
            >
              <div
                class="space-y-3"
              >
                <div>
                  <label
                    class="text-xs text-gray-500 uppercase tracking-wide"
                  >
                    Nome
                  </label>
                  <p
                    class="text-sm text-gray-900 font-medium"
                  >
                    Cl├¡nica Teste
                  </p>
                </div>
                <div>
                  <label
                    class="text-xs text-gray-500 uppercase tracking-wide"
                  >
                    CNPJ
                  </label>
                  <p
                    class="text-sm text-gray-900"
                  >
                    12.345.678/0001-90
                  </p>
                </div>
                <div>
                  <label
                    class="text-xs text-gray-500 uppercase tracking-wide"
                  >
                    Email
                  </label>
                  <p
                    class="text-sm text-gray-900"
                  >
                    contato@clinica.com
                  </p>
                </div>
                <div>
                  <label
                    class="text-xs text-gray-500 uppercase tracking-wide"
                  >
                    Telefone
                  </label>
                  <p
                    class="text-sm text-gray-900"
                  >
                    (11) 98765-4321
                  </p>
                </div>
              </div>
              <div
                class="space-y-3"
              >
                <div>
                  <label
                    class="text-xs text-gray-500 uppercase tracking-wide"
                  >
                    Data de Cadastro
                  </label>
                  <p
                    class="text-sm text-gray-900"
                  >
                    01/01/2025
                  </p>
                </div>
              </div>
            </div>
          </div>
          <div
            class="bg-white rounded-lg shadow-sm p-6 border border-gray-200"
          >
            <div
              class="flex items-center gap-3 mb-4"
            >
              <div
                class="p-3 bg-primary-100 rounded-lg"
              >
                <svg
                  aria-hidden="true"
                  class="lucide lucide-credit-card text-primary-600"
                  fill="none"
                  height="24"
                  stroke="currentColor"
                  stroke-linecap="round"
                  stroke-linejoin="round"
                  stroke-width="2"
                  viewBox="0 0 24 24"
                  width="24"
                  xmlns="http://www.w3.org/2000/svg"
                >
                  <rect
                    height="14"
                    rx="2"
                    width="20"
                    x="2"
                    y="5"
                  />
                  <line
                    x1="2"
                    x2="22"
                    y1="10"
                    y2="10"
                  />
                </svg>
              </div>
              <div>
                <h2
                  class="text-lg font-semibold text-gray-900"
                >
                  Dados Financeiros de Laudos
                </h2>
                <p
                  class="text-sm text-gray-600"
                >
                  Hist├│rico de pagamentos
                </p>
              </div>
            </div>
            <div
              class="flex items-center justify-center py-8 text-gray-400 gap-2"
            >
              <svg
                aria-hidden="true"
                class="lucide lucide-loader-circle animate-spin"
                fill="none"
                height="20"
                stroke="currentColor"
                stroke-linecap="round"
                stroke-linejoin="round"
                stroke-width="2"
                viewBox="0 0 24 24"
                width="20"
                xmlns="http://www.w3.org/2000/svg"
              >
                <path
                  d="M21 12a9 9 0 1 1-6.219-8.56"
                />
              </svg>
              <span
                class="text-sm"
              >
                Carregando pagamentos...
              </span>
            </div>
          </div>
        </div>
      </div>
    </body>

      617 |
      618 |     // Clicar na aba "Plano"
    > 619 |     fireEvent.click(screen.getByRole('button', { name: /Plano/ }));
          |                            ^
      620 |
      621 |     await waitFor(() => {
      622 |       const link = screen.getByText('Ver Contrato');

      at Object.getElementError (node_modules/.pnpm/@testing-library+dom@10.4.1/node_modules/@testing-library/dom/dist/config.js:37:19)
      at node_modules/.pnpm/@testing-library+dom@10.4.1/node_modules/@testing-library/dom/dist/query-helpers.js:76:38
      at node_modules/.pnpm/@testing-library+dom@10.4.1/node_modules/@testing-library/dom/dist/query-helpers.js:52:17
      at node_modules/.pnpm/@testing-library+dom@10.4.1/node_modules/@testing-library/dom/dist/query-helpers.js:95:19
      at Object.getByRole (__tests__/components/entidade/ContaSection.test.tsx:619:28)

  ÔùÅ EntidadeContaSection ÔÇ║ deve ter acessibilidade adequada nas abas

    TestingLibraryElementError: Unable to find an accessible element with the role "button" and name `/Cadastradas/`

    Here are the accessible roles:

      heading:

      Name "Informa├º├Áes da Conta":
      <h1
        class="text-2xl font-bold text-gray-900"
      />

      Name "Dados da Entidade":
      <h2
        class="text-lg font-semibold text-gray-900"
      />

      Name "Dados Financeiros de Laudos":
      <h2
        class="text-lg font-semibold text-gray-900"
      />

      --------------------------------------------------
      paragraph:

      Name "":
      <p
        class="text-sm text-gray-600 mt-1"
      />

      Name "":
      <p
        class="text-sm text-gray-600"
      />

      Name "":
      <p
        class="text-sm text-gray-900 font-medium"
      />

      Name "":
      <p
        class="text-sm text-gray-900"
      />

      Name "":
      <p
        class="text-sm text-gray-900"
      />

      Name "":
      <p
        class="text-sm text-gray-900"
      />

      Name "":
      <p
        class="text-sm text-gray-900"
      />

      Name "":
      <p
        class="text-sm text-gray-600"
      />

      --------------------------------------------------

    Ignored nodes: comments, script, style
    <body>
      <div>
        <div
          class="mb-6"
        >
          <h1
            class="text-2xl font-bold text-gray-900"
          >
            Informa├º├Áes da Conta
          </h1>
          <p
            class="text-sm text-gray-600 mt-1"
          >
            Dados cadastrais da entidade
          </p>
        </div>
        <div
          class="space-y-6"
        >
          <div
            class="bg-white rounded-lg shadow-sm p-6 border border-gray-200"
          >
            <div
              class="flex items-center gap-3 mb-4"
            >
              <div
                class="p-3 bg-primary-100 rounded-lg"
              >
                <svg
                  aria-hidden="true"
                  class="lucide lucide-building2 lucide-building-2 text-primary-600"
                  fill="none"
                  height="24"
                  stroke="currentColor"
                  stroke-linecap="round"
                  stroke-linejoin="round"
                  stroke-width="2"
                  viewBox="0 0 24 24"
                  width="24"
                  xmlns="http://www.w3.org/2000/svg"
                >
                  <path
                    d="M10 12h4"
                  />
                  <path
                    d="M10 8h4"
                  />
                  <path
                    d="M14 21v-3a2 2 0 0 0-4 0v3"
                  />
                  <path
                    d="M6 10H4a2 2 0 0 0-2 2v7a2 2 0 0 0 2 2h16a2 2 0 0 0 2-2V9a2 2 0 0 0-2-2h-2"
                  />
                  <path
                    d="M6 21V5a2 2 0 0 1 2-2h8a2 2 0 0 1 2 2v16"
                  />
                </svg>
              </div>
              <div>
                <h2
                  class="text-lg font-semibold text-gray-900"
                >
                  Dados da Entidade
                </h2>
                <p
                  class="text-sm text-gray-600"
                >
                  Informa├º├Áes cadastrais
                </p>
              </div>
            </div>
            <div
              class="grid grid-cols-1 md:grid-cols-2 gap-6"
            >
              <div
                class="space-y-3"
              >
                <div>
                  <label
                    class="text-xs text-gray-500 uppercase tracking-wide"
                  >
                    Nome
                  </label>
                  <p
                    class="text-sm text-gray-900 font-medium"
                  >
                    Cl├¡nica Teste
                  </p>
                </div>
                <div>
                  <label
                    class="text-xs text-gray-500 uppercase tracking-wide"
                  >
                    CNPJ
                  </label>
                  <p
                    class="text-sm text-gray-900"
                  >
                    12.345.678/0001-90
                  </p>
                </div>
                <div>
                  <label
                    class="text-xs text-gray-500 uppercase tracking-wide"
                  >
                    Email
                  </label>
                  <p
                    class="text-sm text-gray-900"
                  >
                    contato@clinica.com
                  </p>
                </div>
                <div>
                  <label
                    class="text-xs text-gray-500 uppercase tracking-wide"
                  >
                    Telefone
                  </label>
                  <p
                    class="text-sm text-gray-900"
                  >
                    (11) 98765-4321
                  </p>
                </div>
              </div>
              <div
                class="space-y-3"
              >
                <div>
                  <label
                    class="text-xs text-gray-500 uppercase tracking-wide"
                  >
                    Data de Cadastro
                  </label>
                  <p
                    class="text-sm text-gray-900"
                  >
                    01/01/2025
                  </p>
                </div>
              </div>
            </div>
          </div>
          <div
            class="bg-white rounded-lg shadow-sm p-6 border border-gray-200"
          >
            <div
              class="flex items-center gap-3 mb-4"
            >
              <div
                class="p-3 bg-primary-100 rounded-lg"
              >
                <svg
                  aria-hidden="true"
                  class="lucide lucide-credit-card text-primary-600"
                  fill="none"
                  height="24"
                  stroke="currentColor"
                  stroke-linecap="round"
                  stroke-linejoin="round"
                  stroke-width="2"
                  viewBox="0 0 24 24"
                  width="24"
                  xmlns="http://www.w3.org/2000/svg"
                >
                  <rect
                    height="14"
                    rx="2"
                    width="20"
                    x="2"
                    y="5"
                  />
                  <line
                    x1="2"
                    x2="22"
                    y1="10"
                    y2="10"
                  />
                </svg>
              </div>
              <div>
                <h2
                  class="text-lg font-semibold text-gray-900"
                >
                  Dados Financeiros de Laudos
                </h2>
                <p
                  class="text-sm text-gray-600"
                >
                  Hist├│rico de pagamentos
                </p>
              </div>
            </div>
            <div
              class="flex items-center justify-center py-8 text-gray-400 gap-2"
            >
              <svg
                aria-hidden="true"
                class="lucide lucide-loader-circle animate-spin"
                fill="none"
                height="20"
                stroke="currentColor"
                stroke-linecap="round"
                stroke-linejoin="round"
                stroke-width="2"
                viewBox="0 0 24 24"
                width="20"
                xmlns="http://www.w3.org/2000/svg"
              >
                <path
                  d="M21 12a9 9 0 1 1-6.219-8.56"
                />
              </svg>
              <span
                class="text-sm"
              >
                Carregando pagamentos...
              </span>
            </div>
          </div>
        </div>
      </div>
    </body>

      641 |     });
      642 |
    > 643 |     const tabCadastradas = screen.getByRole('button', { name: /Cadastradas/ });
          |                                   ^
      644 |     const tabPlano = screen.getByRole('button', { name: /Plano/ });
      645 |
      646 |     expect(tabCadastradas).toBeInTheDocument();

      at Object.getElementError (node_modules/.pnpm/@testing-library+dom@10.4.1/node_modules/@testing-library/dom/dist/config.js:37:19)
      at node_modules/.pnpm/@testing-library+dom@10.4.1/node_modules/@testing-library/dom/dist/query-helpers.js:76:38
      at node_modules/.pnpm/@testing-library+dom@10.4.1/node_modules/@testing-library/dom/dist/query-helpers.js:52:17
      at node_modules/.pnpm/@testing-library+dom@10.4.1/node_modules/@testing-library/dom/dist/query-helpers.js:95:19
      at Object.getByRole (__tests__/components/entidade/ContaSection.test.tsx:643:35)

FAIL __tests__/rh/rh-cards-empresas.test.tsx (7.012 s)
  ÔùÅ Console

    console.log
      [dotenv@17.2.3] injecting env (0) from .env.test -- tip: ­ƒùé´©Å backup and recover secrets: https://dotenvx.com/ops

      at _log (node_modules/.pnpm/dotenv@17.2.3/node_modules/dotenv/lib/main.js:142:11)

    console.log
      ­ƒøí´©Å [jest.setup] Removendo DATABASE_URL do ambiente de testes (valor n├úo importa)

      at Object.<anonymous> (__tests__/config/jest.setup.js:125:17)

    console.log
      ­ƒøí´©Å [jest.setup] Prote├º├úo do banco de testes ativada - usando: nr-bps_db_test

      at Object.<anonymous> (__tests__/config/jest.setup.js:150:13)

  ÔùÅ RH Page - Tela Raiz com Cards de Empresas ÔÇ║ Cards de Empresas ÔÇ║ deve exibir informa├º├Áes do representante

    Unable to find an element with the text: Representante: Jo├úo Silva. This could be because the text is broken up by multiple elements. In this case, you can provide a function for your text matcher to make your matcher more flexible.

    Ignored nodes: comments, script, style
    <body>
      <div>
        <div
          class="min-h-screen bg-gray-50"
        >
          <div
            class="bg-white shadow-sm border-b"
          >
            <div
              class="max-w-7xl mx-auto px-4 py-6"
            >
              <div
                class="flex items-center justify-between"
              >
                <div>
                  <h1
                    class="text-3xl font-bold text-gray-800"
                  >
                    Gest├úo de Empresas
                  </h1>
                  <p
                    class="text-gray-600 mt-1"
                  >
                    Gerencie as empresas clientes e suas avalia├º├Áes psicossociais
                  </p>
                </div>
                <button
                  class="flex items-center gap-2 px-6 py-3 bg-primary text-white rounded-lg hover:bg-primary-hover transition-colors shadow-md"
                  data-testid="nova-empresa-button"
                  type="button"
                >
                  <svg
                    aria-hidden="true"
                    class="lucide lucide-plus"
                    fill="none"
                    height="20"
                    stroke="currentColor"
                    stroke-linecap="round"
                    stroke-linejoin="round"
                    stroke-width="2"
                    viewBox="0 0 24 24"
                    width="20"
                    xmlns="http://www.w3.org/2000/svg"
                  >
                    <path
                      d="M5 12h14"
                    />
                    <path
                      d="M12 5v14"
                    />
                  </svg>
                  Nova Empresa
                </button>
              </div>
            </div>
          </div>
          <div
            class="max-w-7xl mx-auto px-4 py-8"
          >
            <div
              class="bg-blue-50 p-6 rounded-lg shadow-sm border border-blue-200 mb-8"
            >
              <h2
                class="text-lg font-semibold text-blue-900 mb-4"
              >
                ­ƒôï Entenda o Fluxo Completo
              </h2>
              <div
                class="flex flex-wrap items-center gap-2 mb-4"
              >
                <div
                  class="relative"
                >
                  <button
                    class="px-3 py-2 bg-white rounded-md border border-blue-300 text-blue-900 text-sm font-medium hover:bg-blue-100 transition-colors cursor-help relative"
                    type="button"
                  >
                    Inser├º├úo de Funcion├írio
                  </button>
                  <span
                    class="ml-2 text-blue-400 font-bold"
                  >
                    ÔåÆ
                  </span>
                </div>
                <div
                  class="relative"
                >
                  <button
                    class="px-3 py-2 bg-white rounded-md border border-blue-300 text-blue-900 text-sm font-medium hover:bg-blue-100 transition-colors cursor-help relative"
                    type="button"
                  >
                    Libera├º├úo de Lotes
                  </button>
                  <span
                    class="ml-2 text-blue-400 font-bold"
                  >
                    ÔåÆ
                  </span>
                </div>
                <div
                  class="relative"
                >
                  <button
                    class="px-3 py-2 bg-white rounded-md border border-blue-300 text-blue-900 text-sm font-medium hover:bg-blue-100 transition-colors cursor-help relative"
                    type="button"
                  >
                    Avalia├º├Áes
                  </button>
                  <span
                    class="ml-2 text-blue-400 font-bold"
                  >
                    ÔåÆ
                  </span>
                </div>
                <div
                  class="relative"
                >
                  <button
                    class="px-3 py-2 bg-white rounded-md border border-blue-300 text-blue-900 text-sm font-medium hover:bg-blue-100 transition-colors cursor-help relative"
                    type="button"
                  >
                    Solicita├º├úo de Emiss├úo de Laudo
                  </button>
                  <span
                    class="ml-2 text-blue-400 font-bold"
                  >
                    ÔåÆ
                  </span>
                </div>
                <div
                  class="relative"
                >
                  <button
                    class="px-3 py-2 bg-white rounded-md border border-blue-300 text-blue-900 text-sm font-medium hover:bg-blue-100 transition-colors cursor-help relative"
                    type="button"
                  >
                    Recebimento do Link para Pagamento
                  </button>
                  <span
                    class="ml-2 text-blue-400 font-bold"
                  >
                    ÔåÆ
                  </span>
                </div>
                <div
                  class="relative"
                >
                  <button
                    class="px-3 py-2 bg-white rounded-md border border-blue-300 text-blue-900 text-sm font-medium hover:bg-blue-100 transition-colors cursor-help relative"
                    type="button"
                  >
                    Emiss├úo e Recebimento do Laudo
                  </button>
                </div>
              </div>
              <div
                class...

      211 |       render(<RhPage />);
      212 |
    > 213 |       await waitFor(() => {
          |                    ^
      214 |         expect(
      215 |           screen.getByText('Representante: Jo├úo Silva')
      216 |         ).toBeInTheDocument();

      at waitForWrapper (node_modules/.pnpm/@testing-library+dom@10.4.1/node_modules/@testing-library/dom/dist/wait-for.js:163:27)
      at Object.<anonymous> (__tests__/rh/rh-cards-empresas.test.tsx:213:20)

RBAC seed applied to test database
RBAC seed applied to test database
RBAC seed applied to test database
FAIL __tests__/rh/lote-detalhes.test.tsx
  ÔùÅ Console

    console.log
      [dotenv@17.2.3] injecting env (0) from .env.test -- tip: ÔÜÖ´©Å  load multiple .env files with { path: ['.env.local', '.env'] }

      at _log (node_modules/.pnpm/dotenv@17.2.3/node_modules/dotenv/lib/main.js:142:11)

    console.log
      ­ƒøí´©Å [jest.setup] Removendo DATABASE_URL do ambiente de testes (valor n├úo importa)

      at Object.<anonymous> (__tests__/config/jest.setup.js:125:17)

    console.log
      ­ƒøí´©Å [jest.setup] Prote├º├úo do banco de testes ativada - usando: nr-bps_db_test

      at Object.<anonymous> (__tests__/config/jest.setup.js:150:13)

    console.debug
      [Filtro] buscaDebouncedValue:  filtrosColuna: {
        nome: [],
        cpf: [],
        nivel_cargo: [],
        status: [],
        g1: [],
        g2: [],
        g3: [],
        g4: [],
        g5: [],
        g6: [],
        g7: [],
        g8: [],
        g9: [],
        g10: []
      }

      at debug (app/rh/empresa/[id]/lote/[loteId]/page.tsx:680:15)

    console.debug
      [Filtro] resultados filtrados (sample): [] count: 0

      at debug (app/rh/empresa/[id]/lote/[loteId]/page.tsx:687:15)

    console.debug
      [Filtro] buscaDebouncedValue:  filtrosColuna: {
        nome: [],
        cpf: [],
        nivel_cargo: [],
        status: [],
        g1: [],
        g2: [],
        g3: [],
        g4: [],
        g5: [],
        g6: [],
        g7: [],
        g8: [],
        g9: [],
        g10: []
      }

      at debug (app/rh/empresa/[id]/lote/[loteId]/page.tsx:680:15)

    console.debug
      [Filtro] resultados filtrados (sample): [] count: 0

      at debug (app/rh/empresa/[id]/lote/[loteId]/page.tsx:687:15)

    console.debug
      [Filtro] buscaDebouncedValue:  filtrosColuna: {
        nome: [],
        cpf: [],
        nivel_cargo: [],
        status: [],
        g1: [],
        g2: [],
        g3: [],
        g4: [],
        g5: [],
        g6: [],
        g7: [],
        g8: [],
        g9: [],
        g10: []
      }

      at debug (app/rh/empresa/[id]/lote/[loteId]/page.tsx:680:15)

    console.debug
      [Filtro] resultados filtrados (sample): [] count: 0

      at debug (app/rh/empresa/[id]/lote/[loteId]/page.tsx:687:15)

    console.debug
      [Filtro] buscaDebouncedValue:  filtrosColuna: {
        nome: [],
        cpf: [],
        nivel_cargo: [],
        status: [],
        g1: [],
        g2: [],
        g3: [],
        g4: [],
        g5: [],
        g6: [],
        g7: [],
        g8: [],
        g9: [],
        g10: []
      }

      at debug (app/rh/empresa/[id]/lote/[loteId]/page.tsx:680:15)

    console.debug
      [Filtro] resultados filtrados (sample): [] count: 0

      at debug (app/rh/empresa/[id]/lote/[loteId]/page.tsx:687:15)

    console.debug
      [Filtro] buscaDebouncedValue:  filtrosColuna: {
        nome: [],
        cpf: [],
        nivel_cargo: [],
        status: [],
        g1: [],
        g2: [],
        g3: [],
        g4: [],
        g5: [],
        g6: [],
        g7: [],
        g8: [],
        g9: [],
        g10: []
      }

      at debug (app/rh/empresa/[id]/lote/[loteId]/page.tsx:680:15)

    console.debug
      [Filtro] resultados filtrados (sample): [ { cpf: '55544433322', nome: 'Teste Usu├írio' } ] count: 1

      at debug (app/rh/empresa/[id]/lote/[loteId]/page.tsx:687:15)

    console.debug
      [Filtro] buscaDebouncedValue:  filtrosColuna: {
        nome: [],
        cpf: [],
        nivel_cargo: [],
        status: [],
        g1: [],
        g2: [],
        g3: [],
        g4: [],
        g5: [],
        g6: [],
        g7: [],
        g8: [],
        g9: [],
        g10: []
      }

      at debug (app/rh/empresa/[id]/lote/[loteId]/page.tsx:680:15)

    console.debug
      [Filtro] resultados filtrados (sample): [] count: 0

      at debug (app/rh/empresa/[id]/lote/[loteId]/page.tsx:687:15)

    console.debug
      [Filtro] buscaDebouncedValue:  filtrosColuna: {
        nome: [],
        cpf: [],
        nivel_cargo: [],
        status: [],
        g1: [],
        g2: [],
        g3: [],
        g4: [],
        g5: [],
        g6: [],
        g7: [],
        g8: [],
        g9: [],
        g10: []
      }

      at debug (app/rh/empresa/[id]/lote/[loteId]/page.tsx:680:15)

    console.debug
      [Filtro] resultados filtrados (sample): [
        { cpf: '12345678901', nome: 'Jo├úo Silva' },
        { cpf: '98765432109', nome: 'Maria Santos' }
      ] count: 2

      at debug (app/rh/empresa/[id]/lote/[loteId]/page.tsx:687:15)

    console.debug
      [Filtro] buscaDebouncedValue:  filtrosColuna: {
        nome: [],
        cpf: [],
        nivel_cargo: [],
        status: [],
        g1: [],
        g2: [],
        g3: [],
        g4: [],
        g5: [],
        g6: [],
        g7: [],
        g8: [],
        g9: [],
        g10: []
      }

      at debug (app/rh/empresa/[id]/lote/[loteId]/page.tsx:680:15)

    console.debug
      [Filtro] resultados filtrados (sample): [] count: 0

      at debug (app/rh/empresa/[id]/lote/[loteId]/page.tsx:687:15)

    console.debug
      [Filtro] buscaDebouncedValue:  filtrosColuna: {
        nome: [],
        cpf: [],
        nivel_cargo: [],
        status: [],
        g1: [],
        g2: [],
        g3: [],
        g4: [],
        g5: [],
        g6: [],
        g7: [],
        g8: [],
        g9: [],
        g10: []
      }

      at debug (app/rh/empresa/[id]/lote/[loteId]/page.tsx:680:15)

    console.debug
      [Filtro] resultados filtrados (sample): [
        { cpf: '12345678901', nome: 'Jo├úo Silva' },
        { cpf: '98765432109', nome: 'Maria Santos' }
      ] count: 2

      at debug (app/rh/empresa/[id]/lote/[loteId]/page.tsx:687:15)

  ÔùÅ P├ígina de Detalhes do Lote ÔÇ║ Carregamento e Autentica├º├úo ÔÇ║ n├úo deve renderizar bot├úo Inativar quando lote tem laudo emitido

    Unable to find an element with the text: Lote Emitido. This could be because the text is broken up by multiple elements. In this case, you can provide a function for your text matcher to make your matcher more flexible.

    Ignored nodes: comments, script, style
    <body>
      <div>
        <div
          class="min-h-screen bg-gray-50"
        >
          <main
            class="container mx-auto px-4 py-6"
          >
            <div
              class="mb-6"
            >
              <button
                class="flex items-center gap-2 text-gray-600 hover:text-gray-800 mb-4 text-sm"
              >
                ÔåÉ Voltar para Dashboard
              </button>
              <div
                class="bg-white rounded-lg shadow-md border border-gray-200 p-6"
              >
                <div
                  class="flex flex-col lg:flex-row lg:items-start lg:justify-between gap-6"
                >
                  <div
                    class="flex-1"
                  >
                    <div
                      class="mb-1"
                    >
                      <span
                        class="text-xs font-semibold text-gray-500 uppercase tracking-wide"
                      >
                        Lote ID
                      </span>
                    </div>
                    <h1
                      class="text-3xl font-bold text-gray-900 mb-3"
                    >
                      1
                    </h1>
                    <div
                      class="grid grid-cols-1 md:grid-cols-2 gap-x-6 gap-y-2 text-sm text-gray-700"
                    >
                      <div>
                        <span
                          class="text-gray-500"
                        >
                          Empresa:
                        </span>
                         
                        <span
                          class="font-medium"
                        >
                          Empresa Teste
                        </span>
                      </div>
                      <div>
                        <span
                          class="text-gray-500"
                        >
                          Tipo:
                        </span>
                         
                        <span
                          class="font-medium"
                        >
                          Completo
                        </span>
                      </div>
                      <div>
                        <span
                          class="text-gray-500"
                        >
                          Liberado em:
                        </span>
                         
                        <span
                          class="font-medium"
                        >
                          20/11/2025 ├ás 10:00
                        </span>
                      </div>
                      <div>
                        <span
                          class="text-gray-500"
                        >
                          Liberado por:
                        </span>
                         
                        <span
                          class="font-medium"
                        >
                          Admin Silva
                        </span>
                      </div>
                    </div>
                    <p
                      class="mt-3 text-sm text-gray-600 italic"
                    >
                      Lote com laudo emitido
                    </p>
                  </div>
                  <div
                    class="w-full md:w-auto lg:w-72"
                  >
                    <div
                      class="flex flex-col sm:flex-row sm:items-start gap-3"
                    >
                      <div
                        class="w-full sm:w-44 md:w-48 flex-shrink-0 flex flex-col gap-2"
                      >
                        <button
                          aria-label="Gerar Relat├│rio PDF do Lote"
                          class="w-full bg-green-600 text-white px-4 py-3 rounded-lg hover:bg-green-700 transition-colors disabled:bg-gray-400 disabled:cursor-not-allowed text-sm font-medium"
                          disabled=""
                        >
                          ÔÅ│ Aguardando conclus├úo
                        </button>
                      </div>
                    </div>
                  </div>
                </div>
              </div>
            </div>
            <div
              class="bg-white rounded-lg shadow-sm p-6 mb-6"
            >
              <div
                class="flex flex-col md:flex-row gap-4"
              >
                <div
                  class="flex-1 relative"
                >
                  <input
                    class="w-full px-4 py-2 pr-10 border border-gray-300 rounded-lg text-sm focus:outline-none focus:ring-2 focus:ring-primary"
                    placeholder="Buscar por nome, CPF, setor, fun├º├úo, matr├¡cula... (ignora acentos)"
                    type="text"
                    value=""
                  />
                </div>
                <div
                  class="flex gap-2"
                >
                  <select
                    class="px-4 py-2 border border-gray-300 rounded-lg text-sm focus:outline-none focus:ring-2 focus:ring-primary"
                  >
                    <option
                      value="todos"
                    >
                      Todos os status
                    </option>
                    <option
                      value="concluido"
                    >
                      Conclu├¡das
                    </option>
                    <option
                      value="pendente"
                    >
                      Pendentes
                    </option>
                  </select>
                  <button
                    cla...

      216 |
      217 |       // Esperar que o carregamento termine e o t├¡tulo apare├ºa
    > 218 |       await waitFor(() => {
          |                    ^
      219 |         expect(screen.getByText('Lote Emitido')).toBeInTheDocument();
      220 |       });
      221 |

      at waitForWrapper (node_modules/.pnpm/@testing-library+dom@10.4.1/node_modules/@testing-library/dom/dist/wait-for.js:163:27)
      at Object.<anonymous> (__tests__/rh/lote-detalhes.test.tsx:218:20)

FAIL __tests__/api/emissor/lotes.test.ts
  ÔùÅ Console

    console.log
      [dotenv@17.2.3] injecting env (0) from .env.test -- tip: ÔÜÖ´©Å  specify custom .env file path with { path: '/custom/path/.env' }

      at _log (node_modules/.pnpm/dotenv@17.2.3/node_modules/dotenv/lib/main.js:142:11)

    console.log
      ­ƒøí´©Å [jest.setup] Removendo DATABASE_URL do ambiente de testes (valor n├úo importa)

      at Object.<anonymous> (__tests__/config/jest.setup.js:125:17)

    console.log
      ­ƒøí´©Å [jest.setup] Prote├º├úo do banco de testes ativada - usando: nr-bps_db_test

      at Object.<anonymous> (__tests__/config/jest.setup.js:150:13)

    console.log
      ­ƒöî [lib/db.ts] Conectado ao banco: nr-bps_db_test @ localhost (ambiente: test)

      at Object.log (lib/db.ts:673:15)

  ÔùÅ /api/emissor/lotes ÔÇ║ Listagem de Todos os Lotes ÔÇ║ deve considerar laudo emitido se arquivo local existe mesmo sem hash/emitido_em

    TypeError: Cannot read properties of null (reading '_emitido')

      225 |
      226 |       expect(data.lotes[0].laudo).toBeDefined();
    > 227 |       expect(data.lotes[0].laudo._emitido).toBeTruthy();
          |                                  ^
      228 |
      229 |       spyAccess.mockRestore();
      230 |       realRead.mockRestore();

      at Object._emitido (__tests__/api/emissor/lotes.test.ts:227:34)

  ÔùÅ /api/emissor/lotes ÔÇ║ Listagem de Todos os Lotes ÔÇ║ deve criar registro de laudo no banco se arquivo local existe e n├úo h├í registro

    TypeError: Cannot read properties of null (reading '_emitido')

      284 |
      285 |       expect(data.lotes[0].laudo).toBeDefined();
    > 286 |       expect(data.lotes[0].laudo._emitido).toBeTruthy();
          |                                  ^
      287 |
      288 |       (fs.access as jest.MockedFunction<any>).mockRestore();
      289 |       (fs.readFile as jest.MockedFunction<any>).mockRestore();

      at Object._emitido (__tests__/api/emissor/lotes.test.ts:286:34)

  ÔùÅ /api/emissor/lotes ÔÇ║ Estrutura da Resposta ÔÇ║ deve retornar estrutura correta com m├║ltiplos lotes

    expect(received).toHaveProperty(path)

    Expected path: "titulo"
    Received path: []

    Received value: {"clinica_nome": "Cl├¡nica A", "descricao": "Lote #1", "empresa_nome": "Empresa A", "id": 1, "laudo": {"_emitido": true, "arquivo_remoto_key": null, "arquivo_remoto_uploaded_at": null, "arquivo_remoto_url": null, "emissor_cpf": null, "emissor_nome": null, "emitido_em": null, "enviado_em": null, "hash_pdf": null, "id": 100, "observacoes": "Laudo existente", "status": "enviado"}, "liberado_em": "2025-11-29T10:00:00Z", "motivos_bloqueio": ["Erro ao validar lote"], "pode_emitir_laudo": false, "solicitado_em": null, "solicitado_por": null, "taxa_conclusao": 0, "tipo": "completo", "tipo_solicitante": null, "total_avaliacoes": "4"}

      465 |       expect(lote).toHaveProperty('id');
      466 |       // codigo removido
    > 467 |       expect(lote).toHaveProperty('titulo');
          |                    ^
      468 |       expect(lote).toHaveProperty('tipo');
      469 |       expect(lote).toHaveProperty('empresa_nome');
      470 |       expect(lote).toHaveProperty('clinica_nome');

      at Object.toHaveProperty (__tests__/api/emissor/lotes.test.ts:467:20)

RBAC seed applied to test database
RBAC seed applied to test database
FAIL __tests__/integration/clinica-criacao-login-fluxo.test.ts
  ÔùÅ Test suite failed to run


      x Expression expected
         ,-[C:\apps\QWork\__tests__\integration\clinica-criacao-login-fluxo.test.ts:188:1]
     188 |       expect(funcionario.tomador_id).toBe(tomadorId);
     189 |       expect(funcionario.clinica_id).toBe(clinicaId);
     190 |         `[TESTE] Ô£à Funcion├írio RH criado: clinica_id=${funcionario.clinica_id}`
     191 |       );
         :       ^
     192 |     }
     193 | 
     193 |     // ============================================================================
         `----


    Caused by:
        Syntax Error

      at Object.transformSync (node_modules/.pnpm/next@14.2.33_@babel+core@7._7ed58a22f15b2f2041835ab71b63c437/node_modules/next/src/build/swc/index.ts:1433:25)
      at transformSync (node_modules/.pnpm/next@14.2.33_@babel+core@7._7ed58a22f15b2f2041835ab71b63c437/node_modules/next/src/build/swc/index.ts:1550:19)
      at Object.process (node_modules/.pnpm/next@14.2.33_@babel+core@7._7ed58a22f15b2f2041835ab71b63c437/node_modules/next/src/build/swc/jest-transformer.ts:104:25)
      at ScriptTransformer.transformSource (node_modules/.pnpm/@jest+transform@30.2.0/node_modules/@jest/transform/build/index.js:422:31)
      at ScriptTransformer._transformAndBuildScript (node_modules/.pnpm/@jest+transform@30.2.0/node_modules/@jest/transform/build/index.js:519:40)
      at ScriptTransformer.transform (node_modules/.pnpm/@jest+transform@30.2.0/node_modules/@jest/transform/build/index.js:558:19)

RBAC seed applied to test database
RBAC seed applied to test database
PASS __tests__/lib/pdf-relatorio-generator.test.ts
  ÔùÅ Console

    console.log
      [dotenv@17.2.3] injecting env (0) from .env.test -- tip: ÔÜÖ´©Å  override existing env vars with { override: true }

      at _log (node_modules/.pnpm/dotenv@17.2.3/node_modules/dotenv/lib/main.js:142:11)

    console.log
      ­ƒøí´©Å [jest.setup] Removendo DATABASE_URL do ambiente de testes (valor n├úo importa)

      at Object.<anonymous> (__tests__/config/jest.setup.js:125:17)

    console.log
      ­ƒøí´©Å [jest.setup] Prote├º├úo do banco de testes ativada - usando: nr-bps_db_test

      at Object.<anonymous> (__tests__/config/jest.setup.js:150:13)

RBAC seed applied to test database
FAIL __tests__/rh/empresa-dashboard.test.tsx (7.05 s)
  ÔùÅ Console

    console.log
      [dotenv@17.2.3] injecting env (0) from .env.test -- tip: ­ƒøá´©Å  run anywhere with `dotenvx run -- yourcommand`

      at _log (node_modules/.pnpm/dotenv@17.2.3/node_modules/dotenv/lib/main.js:142:11)

    console.log
      ­ƒøí´©Å [jest.setup] Removendo DATABASE_URL do ambiente de testes (valor n├úo importa)

      at Object.<anonymous> (__tests__/config/jest.setup.js:125:17)

    console.log
      ­ƒøí´©Å [jest.setup] Prote├º├úo do banco de testes ativada - usando: nr-bps_db_test

      at Object.<anonymous> (__tests__/config/jest.setup.js:150:13)

  ÔùÅ RH Empresa Dashboard ÔÇ║ Conte├║do do dashboard ÔÇ║ corrige visual da se├º├úo de lotes (sem padr├úo estranho e ├írea de cards maior)

    expect(received).toBeInTheDocument()

    received value must be an HTMLElement or an SVGElement.
    Received has value: null

      272 |       const lotesGrid = document.querySelector('.lotes-grid');
      273 |
    > 274 |       expect(lotesContainer).toBeInTheDocument();
          |                              ^
      275 |       expect(lotesGrid).toBeInTheDocument();
      276 |
      277 |       // Assegura que o bot├úo para Iniciar Novo Ciclo continua dispon├¡vel

      at __EXTERNAL_MATCHER_TRAP__ (node_modules/.pnpm/expect@30.2.0/node_modules/expect/build/index.js:2240:22)
      at Object.throwingMatcher [as toBeInTheDocument] (node_modules/.pnpm/expect@30.2.0/node_modules/expect/build/index.js:2241:6)
      at Object.toBeInTheDocument (__tests__/rh/empresa-dashboard.test.tsx:274:30)

  ÔùÅ RH Empresa Dashboard ÔÇ║ Layout com sidebar inteligente ÔÇ║ deve ter sidebar compacta com a├º├Áes organizadas

    Unable to find an element with the text: /Gerenciar Funcion├írios/i. This could be because the text is broken up by multiple elements. In this case, you can provide a function for your text matcher to make your matcher more flexible.

    Ignored nodes: comments, script, style
    <body>
      <div>
        <div>
          <main
            class="flex-1 container mx-auto px-4 py-6"
          >
            <div
              class="flex flex-col sm:flex-row sm:items-center sm:justify-between gap-4 mb-6"
            >
              <div>
                <div
                  class="flex items-center gap-3 mb-2"
                >
                  <button
                    class="flex items-center gap-2 bg-white hover:bg-gray-50 text-gray-700 px-3 py-2 rounded-lg border border-gray-200 transition-colors text-sm"
                  >
                    ÔåÉ Voltar
                  </button>
                  <h1
                    class="text-2xl font-bold text-gray-800"
                  >
                    Dashboard 
                    Ind├║stria Metal├║rgica
                  </h1>
                </div>
                <p
                  class="text-sm text-gray-600"
                >
                  An├ílise das avalia├º├Áes psicossociais
                </p>
              </div>
              <button
                class="bg-red-500 hover:bg-red-600 text-white px-4 py-2 rounded-lg font-medium transition-colors text-sm"
              >
                Sair
              </button>
            </div>
            <div
              class="mb-6"
            >
              <div
                class="border-b border-gray-200"
              >
                <nav
                  class="-mb-px flex space-x-8"
                >
                  <button
                    class="py-2 px-1 border-b-2 font-medium text-sm relative border-transparent text-gray-500 hover:text-gray-700 hover:border-gray-300"
                  >
                    ­ƒôï Ciclos de Coletas Avaliativas
                  </button>
                  <button
                    class="py-2 px-1 border-b-2 font-medium text-sm relative border-transparent text-gray-500 hover:text-gray-700 hover:border-gray-300"
                  >
                    ­ƒôä Laudos
                  </button>
                  <button
                    class="py-2 px-1 border-b-2 font-medium text-sm relative border-primary text-primary"
                  >
                    ­ƒæÑ Funcion├írios Ativos
                  </button>
                  <button
                    class="py-2 px-1 border-b-2 font-medium text-sm relative border-transparent text-gray-500 hover:text-gray-700 hover:border-gray-300"
                  >
                    ­ƒÜ¬ Desligamentos
                  </button>
                </nav>
              </div>
            </div>
            <div
              class="space-y-6"
            >
              <div
                class="space-y-6"
                data-testid="funcionarios-section-ativos"
              >
                <div
                  class="grid grid-cols-1 sm:grid-cols-3 gap-4"
                >
                  <div
                    class="bg-white rounded-lg shadow-sm p-6 border border-gray-200"
                  >
                    <div
                      class="flex items-center justify-between mb-2"
                    >
                      <svg
                        aria-hidden="true"
                        class="lucide lucide-users text-blue-500"
                        fill="none"
                        height="24"
                        stroke="currentColor"
                        stroke-linecap="round"
                        stroke-linejoin="round"
                        stroke-width="2"
                        viewBox="0 0 24 24"
                        width="24"
                        xmlns="http://www.w3.org/2000/svg"
                      >
                        <path
                          d="M16 21v-2a4 4 0 0 0-4-4H6a4 4 0 0 0-4 4v2"
                        />
                        <path
                          d="M16 3.128a4 4 0 0 1 0 7.744"
                        />
                        <path
                          d="M22 21v-2a4 4 0 0 0-3-3.87"
                        />
                        <circle
                          cx="9"
                          cy="7"
                          r="4"
                        />
                      </svg>
                      <span
                        class="text-2xl font-bold text-gray-900"
                      >
                        0
                      </span>
                    </div>
                    <p
                      class="text-sm text-gray-600"
                    >
                      Total de Funcion├írios
                    </p>
                  </div>
                  <div
                    class="bg-white rounded-lg shadow-sm p-6 border border-gray-200"
                  >
                    <div
                      class="flex items-center justify-between mb-2"
                    >
                      <svg
                        aria-hidden="true"
                        class="lucide lucide-user-check text-green-500"
                        fill="none"
                        height="24"
                        stroke="currentColor"
                        stroke-linecap="round"
                        stroke-linejoin="round"
                        stroke-width="2"
                        viewBox="0 0 24 24"
                        width="24"
                        xmlns="http://www.w3.org/2000/svg"
                      >
                        <path
                          d="m16 11 2 2 4-4"
                        />
                        <path
                          d="M16 21v-2a4 4 0 0 0-4-4H6a4 4 0 0 0-4...

      480 |       fireEvent.click(funcionariosTab);
      481 |
    > 482 |       await waitFor(
          |                    ^
      483 |         () => {
      484 |           expect(
      485 |             screen.getByText(/Gerenciar Funcion├írios/i)

      at waitForWrapper (node_modules/.pnpm/@testing-library+dom@10.4.1/node_modules/@testing-library/dom/dist/wait-for.js:163:27)
      at Object.<anonymous> (__tests__/rh/empresa-dashboard.test.tsx:482:20)

RBAC seed applied to test database
PASS __tests__/components/ModalInserirFuncionario.test.tsx
  ÔùÅ Console

    console.log
      [dotenv@17.2.3] injecting env (0) from .env.test -- tip: ­ƒøá´©Å  run anywhere with `dotenvx run -- yourcommand`

      at _log (node_modules/.pnpm/dotenv@17.2.3/node_modules/dotenv/lib/main.js:142:11)

    console.log
      ­ƒøí´©Å [jest.setup] Removendo DATABASE_URL do ambiente de testes (valor n├úo importa)

      at Object.<anonymous> (__tests__/config/jest.setup.js:125:17)

    console.log
      ­ƒøí´©Å [jest.setup] Prote├º├úo do banco de testes ativada - usando: nr-bps_db_test

      at Object.<anonymous> (__tests__/config/jest.setup.js:150:13)

    console.log
      ­ƒöî [lib/db.ts] Conectado ao banco: nr-bps_db_test @ localhost (ambiente: test)

      at Object.log (lib/db.ts:673:15)

    console.log
      [AUDIT] Funcion├írio 12345678909 (Jo├úo Silva) criado pela cl├¡nica 1 para empresa 1 por 11111111111

      at log (app/api/rh/funcionarios/route.ts:225:13)

RBAC seed applied to test database
RBAC seed applied to test database
FAIL __tests__/integration/isolamento-entidades-clinicas.test.ts
  ÔùÅ Console

    console.log
      [dotenv@17.2.3] injecting env (0) from .env.test -- tip: ÔÜÖ´©Å  write to custom object with { processEnv: myObject }

      at _log (node_modules/.pnpm/dotenv@17.2.3/node_modules/dotenv/lib/main.js:142:11)

    console.log
      ­ƒøí´©Å [jest.setup] Removendo DATABASE_URL do ambiente de testes (valor n├úo importa)

      at Object.<anonymous> (__tests__/config/jest.setup.js:125:17)

    console.log
      ­ƒøí´©Å [jest.setup] Prote├º├úo do banco de testes ativada - usando: nr-bps_db_test

      at Object.<anonymous> (__tests__/config/jest.setup.js:150:13)

    console.log
      ­ƒöî [lib/db.ts] Conectado ao banco: nr-bps_db_test @ localhost (ambiente: test)

      at Object.log (lib/db.ts:673:15)

  ÔùÅ Isolamento: Entidades vs Cl├¡nicas ÔÇ║ 1. Isolamento de Funcion├írios ÔÇ║ funcion├írio de ENTIDADE N├âO deve aparecer em query de CL├ìNICA

    error: valor de entrada ├® inv├ílido para enum status_aprovacao_enum: "ativa"

      487 |         // No session: just execute the query normally
      488 |         try {
    > 489 |           const result = await client.query(text, params);
          |                          ^
      490 |           const duration = Date.now() - start;
      491 |
      492 |           // Log apenas queries lentas (>500ms)

      at node_modules/.pnpm/pg@8.16.3/node_modules/pg/lib/client.js:545:17
      at query (lib/db.ts:489:26)
      at Object.<anonymous> (__tests__/integration/isolamento-entidades-clinicas.test.ts:39:28)

  ÔùÅ Isolamento: Entidades vs Cl├¡nicas ÔÇ║ 1. Isolamento de Funcion├írios ÔÇ║ funcion├írio de EMPRESA/CL├ìNICA N├âO deve aparecer em query de ENTIDADE

    error: valor de entrada ├® inv├ílido para enum status_aprovacao_enum: "ativa"

      487 |         // No session: just execute the query normally
      488 |         try {
    > 489 |           const result = await client.query(text, params);
          |                          ^
      490 |           const duration = Date.now() - start;
      491 |
      492 |           // Log apenas queries lentas (>500ms)

      at node_modules/.pnpm/pg@8.16.3/node_modules/pg/lib/client.js:545:17
      at query (lib/db.ts:489:26)
      at Object.<anonymous> (__tests__/integration/isolamento-entidades-clinicas.test.ts:39:28)

  ÔùÅ Isolamento: Entidades vs Cl├¡nicas ÔÇ║ 1. Isolamento de Funcion├írios ÔÇ║ query de funcion├írios de ENTIDADE deve retornar APENAS funcion├írios com tomador_id

    error: valor de entrada ├® inv├ílido para enum status_aprovacao_enum: "ativa"

      487 |         // No session: just execute the query normally
      488 |         try {
    > 489 |           const result = await client.query(text, params);
          |                          ^
      490 |           const duration = Date.now() - start;
      491 |
      492 |           // Log apenas queries lentas (>500ms)

      at node_modules/.pnpm/pg@8.16.3/node_modules/pg/lib/client.js:545:17
      at query (lib/db.ts:489:26)
      at Object.<anonymous> (__tests__/integration/isolamento-entidades-clinicas.test.ts:39:28)

  ÔùÅ Isolamento: Entidades vs Cl├¡nicas ÔÇ║ 1. Isolamento de Funcion├írios ÔÇ║ query de funcion├írios de CL├ìNICA deve retornar APENAS funcion├írios com clinica_id

    error: valor de entrada ├® inv├ílido para enum status_aprovacao_enum: "ativa"

      487 |         // No session: just execute the query normally
      488 |         try {
    > 489 |           const result = await client.query(text, params);
          |                          ^
      490 |           const duration = Date.now() - start;
      491 |
      492 |           // Log apenas queries lentas (>500ms)

      at node_modules/.pnpm/pg@8.16.3/node_modules/pg/lib/client.js:545:17
      at query (lib/db.ts:489:26)
      at Object.<anonymous> (__tests__/integration/isolamento-entidades-clinicas.test.ts:39:28)

  ÔùÅ Isolamento: Entidades vs Cl├¡nicas ÔÇ║ 2. Isolamento de Lotes ÔÇ║ lote de ENTIDADE N├âO deve aparecer em query de CL├ìNICA

    error: valor de entrada ├® inv├ílido para enum status_aprovacao_enum: "ativa"

      487 |         // No session: just execute the query normally
      488 |         try {
    > 489 |           const result = await client.query(text, params);
          |                          ^
      490 |           const duration = Date.now() - start;
      491 |
      492 |           // Log apenas queries lentas (>500ms)

      at node_modules/.pnpm/pg@8.16.3/node_modules/pg/lib/client.js:545:17
      at query (lib/db.ts:489:26)
      at Object.<anonymous> (__tests__/integration/isolamento-entidades-clinicas.test.ts:39:28)

  ÔùÅ Isolamento: Entidades vs Cl├¡nicas ÔÇ║ 2. Isolamento de Lotes ÔÇ║ lote de CL├ìNICA N├âO deve aparecer em query de ENTIDADE

    error: valor de entrada ├® inv├ílido para enum status_aprovacao_enum: "ativa"

      487 |         // No session: just execute the query normally
      488 |         try {
    > 489 |           const result = await client.query(text, params);
          |                          ^
      490 |           const duration = Date.now() - start;
      491 |
      492 |           // Log apenas queries lentas (>500ms)

      at node_modules/.pnpm/pg@8.16.3/node_modules/pg/lib/client.js:545:17
      at query (lib/db.ts:489:26)
      at Object.<anonymous> (__tests__/integration/isolamento-entidades-clinicas.test.ts:39:28)

  ÔùÅ Isolamento: Entidades vs Cl├¡nicas ÔÇ║ 2. Isolamento de Lotes ÔÇ║ query de lotes de ENTIDADE deve retornar APENAS lotes com tomador_id

    error: valor de entrada ├® inv├ílido para enum status_aprovacao_enum: "ativa"

      487 |         // No session: just execute the query normally
      488 |         try {
    > 489 |           const result = await client.query(text, params);
          |                          ^
      490 |           const duration = Date.now() - start;
      491 |
      492 |           // Log apenas queries lentas (>500ms)

      at node_modules/.pnpm/pg@8.16.3/node_modules/pg/lib/client.js:545:17
      at query (lib/db.ts:489:26)
      at Object.<anonymous> (__tests__/integration/isolamento-entidades-clinicas.test.ts:39:28)

  ÔùÅ Isolamento: Entidades vs Cl├¡nicas ÔÇ║ 2. Isolamento de Lotes ÔÇ║ query de lotes de CL├ìNICA deve retornar APENAS lotes com clinica_id

    error: valor de entrada ├® inv├ílido para enum status_aprovacao_enum: "ativa"

      487 |         // No session: just execute the query normally
      488 |         try {
    > 489 |           const result = await client.query(text, params);
          |                          ^
      490 |           const duration = Date.now() - start;
      491 |
      492 |           // Log apenas queries lentas (>500ms)

      at node_modules/.pnpm/pg@8.16.3/node_modules/pg/lib/client.js:545:17
      at query (lib/db.ts:489:26)
      at Object.<anonymous> (__tests__/integration/isolamento-entidades-clinicas.test.ts:39:28)

  ÔùÅ Isolamento: Entidades vs Cl├¡nicas ÔÇ║ 3. Isolamento de Avalia├º├Áes ÔÇ║ avalia├º├úo de funcion├írio ENTIDADE N├âO deve aparecer em query de CL├ìNICA

    error: valor de entrada ├® inv├ílido para enum status_aprovacao_enum: "ativa"

      487 |         // No session: just execute the query normally
      488 |         try {
    > 489 |           const result = await client.query(text, params);
          |                          ^
      490 |           const duration = Date.now() - start;
      491 |
      492 |           // Log apenas queries lentas (>500ms)

      at node_modules/.pnpm/pg@8.16.3/node_modules/pg/lib/client.js:545:17
      at query (lib/db.ts:489:26)
      at Object.<anonymous> (__tests__/integration/isolamento-entidades-clinicas.test.ts:39:28)

  ÔùÅ Isolamento: Entidades vs Cl├¡nicas ÔÇ║ 3. Isolamento de Avalia├º├Áes ÔÇ║ avalia├º├úo de funcion├írio CL├ìNICA N├âO deve aparecer em query de ENTIDADE

    error: valor de entrada ├® inv├ílido para enum status_aprovacao_enum: "ativa"

      487 |         // No session: just execute the query normally
      488 |         try {
    > 489 |           const result = await client.query(text, params);
          |                          ^
      490 |           const duration = Date.now() - start;
      491 |
      492 |           // Log apenas queries lentas (>500ms)

      at node_modules/.pnpm/pg@8.16.3/node_modules/pg/lib/client.js:545:17
      at query (lib/db.ts:489:26)
      at Object.<anonymous> (__tests__/integration/isolamento-entidades-clinicas.test.ts:39:28)

  ÔùÅ Isolamento: Entidades vs Cl├¡nicas ÔÇ║ 3. Isolamento de Avalia├º├Áes ÔÇ║ query de avalia├º├Áes de ENTIDADE deve respeitar isolamento

    error: valor de entrada ├® inv├ílido para enum status_aprovacao_enum: "ativa"

      487 |         // No session: just execute the query normally
      488 |         try {
    > 489 |           const result = await client.query(text, params);
          |                          ^
      490 |           const duration = Date.now() - start;
      491 |
      492 |           // Log apenas queries lentas (>500ms)

      at node_modules/.pnpm/pg@8.16.3/node_modules/pg/lib/client.js:545:17
      at query (lib/db.ts:489:26)
      at Object.<anonymous> (__tests__/integration/isolamento-entidades-clinicas.test.ts:39:28)

  ÔùÅ Isolamento: Entidades vs Cl├¡nicas ÔÇ║ 3. Isolamento de Avalia├º├Áes ÔÇ║ query de avalia├º├Áes de CL├ìNICA deve respeitar isolamento

    error: valor de entrada ├® inv├ílido para enum status_aprovacao_enum: "ativa"

      487 |         // No session: just execute the query normally
      488 |         try {
    > 489 |           const result = await client.query(text, params);
          |                          ^
      490 |           const duration = Date.now() - start;
      491 |
      492 |           // Log apenas queries lentas (>500ms)

      at node_modules/.pnpm/pg@8.16.3/node_modules/pg/lib/client.js:545:17
      at query (lib/db.ts:489:26)
      at Object.<anonymous> (__tests__/integration/isolamento-entidades-clinicas.test.ts:39:28)

  ÔùÅ Isolamento: Entidades vs Cl├¡nicas ÔÇ║ 4. Validar Exclusividade de Campos ÔÇ║ funcion├írio N├âO pode ter tomador_id E clinica_id ao mesmo tempo

    error: valor de entrada ├® inv├ílido para enum status_aprovacao_enum: "ativa"

      487 |         // No session: just execute the query normally
      488 |         try {
    > 489 |           const result = await client.query(text, params);
          |                          ^
      490 |           const duration = Date.now() - start;
      491 |
      492 |           // Log apenas queries lentas (>500ms)

      at node_modules/.pnpm/pg@8.16.3/node_modules/pg/lib/client.js:545:17
      at query (lib/db.ts:489:26)
      at Object.<anonymous> (__tests__/integration/isolamento-entidades-clinicas.test.ts:39:28)

  ÔùÅ Isolamento: Entidades vs Cl├¡nicas ÔÇ║ 4. Validar Exclusividade de Campos ÔÇ║ lote N├âO pode ter tomador_id E clinica_id ao mesmo tempo

    error: valor de entrada ├® inv├ílido para enum status_aprovacao_enum: "ativa"

      487 |         // No session: just execute the query normally
      488 |         try {
    > 489 |           const result = await client.query(text, params);
          |                          ^
      490 |           const duration = Date.now() - start;
      491 |
      492 |           // Log apenas queries lentas (>500ms)

      at node_modules/.pnpm/pg@8.16.3/node_modules/pg/lib/client.js:545:17
      at query (lib/db.ts:489:26)
      at Object.<anonymous> (__tests__/integration/isolamento-entidades-clinicas.test.ts:39:28)

  ÔùÅ Isolamento: Entidades vs Cl├¡nicas ÔÇ║ 4. Validar Exclusividade de Campos ÔÇ║ funcion├írio de entidade DEVE ter tomador_id E N├âO ter clinica_id/empresa_id

    error: valor de entrada ├® inv├ílido para enum status_aprovacao_enum: "ativa"

      487 |         // No session: just execute the query normally
      488 |         try {
    > 489 |           const result = await client.query(text, params);
          |                          ^
      490 |           const duration = Date.now() - start;
      491 |
      492 |           // Log apenas queries lentas (>500ms)

      at node_modules/.pnpm/pg@8.16.3/node_modules/pg/lib/client.js:545:17
      at query (lib/db.ts:489:26)
      at Object.<anonymous> (__tests__/integration/isolamento-entidades-clinicas.test.ts:39:28)

  ÔùÅ Isolamento: Entidades vs Cl├¡nicas ÔÇ║ 4. Validar Exclusividade de Campos ÔÇ║ funcion├írio de empresa DEVE ter clinica_id E empresa_id E N├âO ter tomador_id

    error: valor de entrada ├® inv├ílido para enum status_aprovacao_enum: "ativa"

      487 |         // No session: just execute the query normally
      488 |         try {
    > 489 |           const result = await client.query(text, params);
          |                          ^
      490 |           const duration = Date.now() - start;
      491 |
      492 |           // Log apenas queries lentas (>500ms)

      at node_modules/.pnpm/pg@8.16.3/node_modules/pg/lib/client.js:545:17
      at query (lib/db.ts:489:26)
      at Object.<anonymous> (__tests__/integration/isolamento-entidades-clinicas.test.ts:39:28)

  ÔùÅ Isolamento: Entidades vs Cl├¡nicas ÔÇ║ 5. Validar Contagem de Recursos ÔÇ║ deve contar corretamente funcion├írios de ENTIDADE vs CL├ìNICA

    error: valor de entrada ├® inv├ílido para enum status_aprovacao_enum: "ativa"

      487 |         // No session: just execute the query normally
      488 |         try {
    > 489 |           const result = await client.query(text, params);
          |                          ^
      490 |           const duration = Date.now() - start;
      491 |
      492 |           // Log apenas queries lentas (>500ms)

      at node_modules/.pnpm/pg@8.16.3/node_modules/pg/lib/client.js:545:17
      at query (lib/db.ts:489:26)
      at Object.<anonymous> (__tests__/integration/isolamento-entidades-clinicas.test.ts:39:28)

  ÔùÅ Isolamento: Entidades vs Cl├¡nicas ÔÇ║ 5. Validar Contagem de Recursos ÔÇ║ deve contar corretamente lotes de ENTIDADE vs CL├ìNICA

    error: valor de entrada ├® inv├ílido para enum status_aprovacao_enum: "ativa"

      487 |         // No session: just execute the query normally
      488 |         try {
    > 489 |           const result = await client.query(text, params);
          |                          ^
      490 |           const duration = Date.now() - start;
      491 |
      492 |           // Log apenas queries lentas (>500ms)

      at node_modules/.pnpm/pg@8.16.3/node_modules/pg/lib/client.js:545:17
      at query (lib/db.ts:489:26)
      at Object.<anonymous> (__tests__/integration/isolamento-entidades-clinicas.test.ts:39:28)

PASS __tests__/components/clinica/EmpresaFormModal.test.tsx
  ÔùÅ Console

    console.log
      [dotenv@17.2.3] injecting env (0) from .env.test -- tip: ÔÜÖ´©Å  enable debug logging with { debug: true }

      at _log (node_modules/.pnpm/dotenv@17.2.3/node_modules/dotenv/lib/main.js:142:11)

    console.log
      ­ƒøí´©Å [jest.setup] Removendo DATABASE_URL do ambiente de testes (valor n├úo importa)

      at Object.<anonymous> (__tests__/config/jest.setup.js:125:17)

    console.log
      ­ƒøí´©Å [jest.setup] Prote├º├úo do banco de testes ativada - usando: nr-bps_db_test

      at Object.<anonymous> (__tests__/config/jest.setup.js:150:13)

RBAC seed applied to test database
FAIL __tests__/integration/validacao-constraints.test.ts
  ÔùÅ Console

    console.log
      [dotenv@17.2.3] injecting env (0) from .env.test -- tip: ­ƒöÉ encrypt with Dotenvx: https://dotenvx.com

      at _log (node_modules/.pnpm/dotenv@17.2.3/node_modules/dotenv/lib/main.js:142:11)

    console.log
      ­ƒøí´©Å [jest.setup] Removendo DATABASE_URL do ambiente de testes (valor n├úo importa)

      at Object.<anonymous> (__tests__/config/jest.setup.js:125:17)

    console.log
      ­ƒøí´©Å [jest.setup] Prote├º├úo do banco de testes ativada - usando: nr-bps_db_test

      at Object.<anonymous> (__tests__/config/jest.setup.js:150:13)

    console.log
      ­ƒöî [lib/db.ts] Conectado ao banco: nr-bps_db_test @ localhost (ambiente: test)

      at Object.log (lib/db.ts:673:15)

  ÔùÅ Valida├º├úo de Constraints e Integridade do Banco ÔÇ║ 1. Constraint: usuarios_gestor_check ÔÇ║ deve permitir criar gestor COM entidade_id e SEM clinica_id

    error: valor de entrada ├® inv├ílido para enum status_aprovacao_enum: "ativa"

      487 |         // No session: just execute the query normally
      488 |         try {
    > 489 |           const result = await client.query(text, params);
          |                          ^
      490 |           const duration = Date.now() - start;
      491 |
      492 |           // Log apenas queries lentas (>500ms)

      at node_modules/.pnpm/pg@8.16.3/node_modules/pg/lib/client.js:545:17
      at query (lib/db.ts:489:26)
      at Object.<anonymous> (__tests__/integration/validacao-constraints.test.ts:31:23)

  ÔùÅ Valida├º├úo de Constraints e Integridade do Banco ÔÇ║ 2. Constraint: funcionarios_owner_check ÔÇ║ deve existir constraint funcionarios_owner_check

    expect(received).toBe(expected) // Object.is equality

    Expected: 1
    Received: 0

      104 |       );
      105 |
    > 106 |       expect(result.rows.length).toBe(1);
          |                                  ^
      107 |       expect(result.rows[0].contype).toBe('c'); // CHECK constraint
      108 |     });
      109 |

      at Object.toBe (__tests__/integration/validacao-constraints.test.ts:106:34)

  ÔùÅ Valida├º├úo de Constraints e Integridade do Banco ÔÇ║ 2. Constraint: funcionarios_owner_check ÔÇ║ deve permitir funcion├írio de entidade: tomador_id preenchido, clinica_id e empresa_id NULL

    error: valor de entrada ├® inv├ílido para enum status_aprovacao_enum: "ativa"

      487 |         // No session: just execute the query normally
      488 |         try {
    > 489 |           const result = await client.query(text, params);
          |                          ^
      490 |           const duration = Date.now() - start;
      491 |
      492 |           // Log apenas queries lentas (>500ms)

      at node_modules/.pnpm/pg@8.16.3/node_modules/pg/lib/client.js:545:17
      at query (lib/db.ts:489:26)
      at Object.<anonymous> (__tests__/integration/validacao-constraints.test.ts:114:23)

  ÔùÅ Valida├º├úo de Constraints e Integridade do Banco ÔÇ║ 2. Constraint: funcionarios_owner_check ÔÇ║ deve permitir funcion├írio de empresa: empresa_id E clinica_id preenchidos, tomador_id NULL

    error: o valor nulo na coluna "telefone" da rela├º├úo "clinicas" viola a restri├º├úo de n├úo-nulo

      487 |         // No session: just execute the query normally
      488 |         try {
    > 489 |           const result = await client.query(text, params);
          |                          ^
      490 |           const duration = Date.now() - start;
      491 |
      492 |           // Log apenas queries lentas (>500ms)

      at node_modules/.pnpm/pg@8.16.3/node_modules/pg/lib/client.js:545:17
      at query (lib/db.ts:489:26)
      at Object.<anonymous> (__tests__/integration/validacao-constraints.test.ts:156:23)

  ÔùÅ Valida├º├úo de Constraints e Integridade do Banco ÔÇ║ 3. Empresas: clinica_id NOT NULL ÔÇ║ deve FALHAR ao criar empresa SEM clinica_id

    expect(received).rejects.toThrow(expected)

    Expected pattern: /not-null|null value/i
    Received message: "o valor nulo na coluna \"clinica_id\" da rela├º├úo \"empresas_clientes\" viola a restri├º├úo de n├úo-nulo"

          487 |         // No session: just execute the query normally
          488 |         try {
        > 489 |           const result = await client.query(text, params);
              |                          ^
          490 |           const duration = Date.now() - start;
          491 |
          492 |           // Log apenas queries lentas (>500ms)

      at node_modules/.pnpm/pg@8.16.3/node_modules/pg/lib/client.js:545:17
      at query (lib/db.ts:489:26)
      at Object.<anonymous> (__tests__/integration/validacao-constraints.test.ts:234:7)
      at Object.toThrow (node_modules/.pnpm/expect@30.2.0/node_modules/expect/build/index.js:2155:20)
      at Object.toThrow (__tests__/integration/validacao-constraints.test.ts:245:17)

  ÔùÅ Valida├º├úo de Constraints e Integridade do Banco ÔÇ║ 4. Enum usuario_tipo_enum ÔÇ║ N├âO deve conter valor "gestor"

    expect(received).toBe(expected) // Object.is equality

    Expected: 0
    Received: 1

      274 |       );
      275 |
    > 276 |       expect(result.rows.length).toBe(0);
          |                                  ^
      277 |     });
      278 |
      279 |     it('deve conter todos os valores esperados', async () => {

      at Object.toBe (__tests__/integration/validacao-constraints.test.ts:276:34)

  ÔùÅ Valida├º├úo de Constraints e Integridade do Banco ÔÇ║ 4. Enum usuario_tipo_enum ÔÇ║ deve conter todos os valores esperados

    expect(received).not.toContain(expected) // indexOf

    Expected value: not "gestor"
    Received array:     ["admin", "emissor", "funcionario_clinica", "funcionario_entidade", "gestor", "rh"]

      292 |       expect(labels).toContain('gestor');
      293 |       expect(labels).toContain('rh');
    > 294 |       expect(labels).not.toContain('gestor');
          |                          ^
      295 |     });
      296 |   });
      297 |

      at Object.toContain (__tests__/integration/validacao-constraints.test.ts:294:26)

  ÔùÅ Valida├º├úo de Constraints e Integridade do Banco ÔÇ║ 5. Foreign Keys e ├ìndices ÔÇ║ deve existir FK funcionarios ÔåÆ tomadors

    expect(received).toBeGreaterThan(expected)

    Expected: > 0
    Received:   0

      306 |       );
      307 |
    > 308 |       expect(result.rows.length).toBeGreaterThan(0);
          |                                  ^
      309 |     });
      310 |
      311 |     it('deve existir FK empresas_clientes ÔåÆ clinicas', async () => {

      at Object.toBeGreaterThan (__tests__/integration/validacao-constraints.test.ts:308:34)

  ÔùÅ Valida├º├úo de Constraints e Integridade do Banco ÔÇ║ 5. Foreign Keys e ├ìndices ÔÇ║ deve existir FK empresas_clientes ÔåÆ clinicas

    expect(received).toBeGreaterThan(expected)

    Expected: > 0
    Received:   0

      318 |       );
      319 |
    > 320 |       expect(result.rows.length).toBeGreaterThan(0);
          |                                  ^
      321 |     });
      322 |
      323 |     it('deve existir ├¡ndice em funcionarios.tomador_id', async () => {

      at Object.toBeGreaterThan (__tests__/integration/validacao-constraints.test.ts:320:34)

  ÔùÅ Valida├º├úo de Constraints e Integridade do Banco ÔÇ║ 5. Foreign Keys e ├ìndices ÔÇ║ deve existir ├¡ndice em funcionarios.tomador_id

    expect(received).toBeGreaterThan(expected)

    Expected: > 0
    Received:   0

      329 |       );
      330 |
    > 331 |       expect(result.rows.length).toBeGreaterThan(0);
          |                                  ^
      332 |     });
      333 |
      334 |     it('deve existir ├¡ndice em empresas_clientes.clinica_id', async () => {

      at Object.toBeGreaterThan (__tests__/integration/validacao-constraints.test.ts:331:34)

  ÔùÅ Valida├º├úo de Constraints e Integridade do Banco ÔÇ║ 7. Integridade Referencial ÔÇ║ todos os funcion├írios com tomador_id devem ter tomador existente

    error: rela├º├úo "tomadors" n├úo existe

      487 |         // No session: just execute the query normally
      488 |         try {
    > 489 |           const result = await client.query(text, params);
          |                          ^
      490 |           const duration = Date.now() - start;
      491 |
      492 |           // Log apenas queries lentas (>500ms)

      at node_modules/.pnpm/pg@8.16.3/node_modules/pg/lib/client.js:545:17
      at query (lib/db.ts:489:26)
      at Object.<anonymous> (__tests__/integration/validacao-constraints.test.ts:380:22)

  ÔùÅ Valida├º├úo de Constraints e Integridade do Banco ÔÇ║ 7. Integridade Referencial ÔÇ║ todas as empresas devem ter cl├¡nica existente

    expect(received).toBe(expected) // Object.is equality

    Expected: 0
    Received: 114

      396 |       );
      397 |
    > 398 |       expect(parseInt(result.rows[0].orphans)).toBe(0);
          |                                                ^
      399 |     });
      400 |
      401 |     it('todos os lotes com tomador_id devem ter tomador existente', async () => {

      at Object.toBe (__tests__/integration/validacao-constraints.test.ts:398:48)

  ÔùÅ Valida├º├úo de Constraints e Integridade do Banco ÔÇ║ 7. Integridade Referencial ÔÇ║ todos os lotes com tomador_id devem ter tomador existente

    error: rela├º├úo "tomadors" n├úo existe

      487 |         // No session: just execute the query normally
      488 |         try {
    > 489 |           const result = await client.query(text, params);
          |                          ^
      490 |           const duration = Date.now() - start;
      491 |
      492 |           // Log apenas queries lentas (>500ms)

      at node_modules/.pnpm/pg@8.16.3/node_modules/pg/lib/client.js:545:17
      at query (lib/db.ts:489:26)
      at Object.<anonymous> (__tests__/integration/validacao-constraints.test.ts:402:22)

  ÔùÅ Valida├º├úo de Constraints e Integridade do Banco ÔÇ║ 8. Valida├º├Áes de Dados Existentes ÔÇ║ funcion├írios de entidade N├âO devem ter clinica_id ou empresa_id

    error: coluna "tomador_id" n├úo existe

      487 |         // No session: just execute the query normally
      488 |         try {
    > 489 |           const result = await client.query(text, params);
          |                          ^
      490 |           const duration = Date.now() - start;
      491 |
      492 |           // Log apenas queries lentas (>500ms)

      at node_modules/.pnpm/pg@8.16.3/node_modules/pg/lib/client.js:545:17
      at query (lib/db.ts:489:26)
      at Object.<anonymous> (__tests__/integration/validacao-constraints.test.ts:426:22)

  ÔùÅ Valida├º├úo de Constraints e Integridade do Banco ÔÇ║ 8. Valida├º├Áes de Dados Existentes ÔÇ║ funcion├írios de empresa DEVEM ter clinica_id E empresa_id

    error: coluna "empresa_id" n├úo existe

      487 |         // No session: just execute the query normally
      488 |         try {
    > 489 |           const result = await client.query(text, params);
          |                          ^
      490 |           const duration = Date.now() - start;
      491 |
      492 |           // Log apenas queries lentas (>500ms)

      at node_modules/.pnpm/pg@8.16.3/node_modules/pg/lib/client.js:545:17
      at query (lib/db.ts:489:26)
      at Object.<anonymous> (__tests__/integration/validacao-constraints.test.ts:437:22)

  ÔùÅ Valida├º├úo de Constraints e Integridade do Banco ÔÇ║ 8. Valida├º├Áes de Dados Existentes ÔÇ║ lotes de entidade N├âO devem ter clinica_id ou empresa_id

    error: coluna "tomador_id" n├úo existe

      487 |         // No session: just execute the query normally
      488 |         try {
    > 489 |           const result = await client.query(text, params);
          |                          ^
      490 |           const duration = Date.now() - start;
      491 |
      492 |           // Log apenas queries lentas (>500ms)

      at node_modules/.pnpm/pg@8.16.3/node_modules/pg/lib/client.js:545:17
      at query (lib/db.ts:489:26)
      at Object.<anonymous> (__tests__/integration/validacao-constraints.test.ts:448:22)

  ÔùÅ Valida├º├úo de Constraints e Integridade do Banco ÔÇ║ 8. Valida├º├Áes de Dados Existentes ÔÇ║ lotes de cl├¡nica DEVEM ter clinica_id

    error: coluna "tomador_id" n├úo existe

      487 |         // No session: just execute the query normally
      488 |         try {
    > 489 |           const result = await client.query(text, params);
          |                          ^
      490 |           const duration = Date.now() - start;
      491 |
      492 |           // Log apenas queries lentas (>500ms)

      at node_modules/.pnpm/pg@8.16.3/node_modules/pg/lib/client.js:545:17
      at query (lib/db.ts:489:26)
      at Object.<anonymous> (__tests__/integration/validacao-constraints.test.ts:459:22)

PASS __tests__/asaas/sincronizar-lote.test.ts
  ÔùÅ Console

    console.log
      [dotenv@17.2.3] injecting env (0) from .env.test -- tip: ­ƒöÉ prevent building .env in docker: https://dotenvx.com/prebuild

      at _log (node_modules/.pnpm/dotenv@17.2.3/node_modules/dotenv/lib/main.js:142:11)

    console.log
      ­ƒøí´©Å [jest.setup] Removendo DATABASE_URL do ambiente de testes (valor n├úo importa)

      at Object.<anonymous> (__tests__/config/jest.setup.js:125:17)

    console.log
      ­ƒøí´©Å [jest.setup] Prote├º├úo do banco de testes ativada - usando: nr-bps_db_test

      at Object.<anonymous> (__tests__/config/jest.setup.js:150:13)

    console.log
      ­ƒöî [lib/db.ts] Conectado ao banco: nr-bps_db_test @ localhost (ambiente: test)

      at Object.log (lib/db.ts:673:15)

    console.log
      ­ƒöî [lib/db.ts] Conectado ao banco: nr-bps_db_test @ localhost (ambiente: test)

      at Object.log (lib/db.ts:673:15)

    console.log
      ­ƒöî [lib/db.ts] Conectado ao banco: nr-bps_db_test @ localhost (ambiente: test)

      at Object.log (lib/db.ts:673:15)

    console.log
      ­ƒöî [lib/db.ts] Conectado ao banco: nr-bps_db_test @ localhost (ambiente: test)

      at Object.log (lib/db.ts:673:15)

    console.log
      [SINCRONIZAR-LOTE] Verificando pagamentos para Lote #168 {
        entidade_id: null,
        clinica_id: 27,
        status_pagamento: 'aguardando_pagamento'
      }

      at log (app/api/pagamento/asaas/sincronizar-lote/route.ts:117:13)

    console.log
      [SINCRONIZAR-LOTE] Nenhum pagamento candidato encontrado para Lote #168

      at log (app/api/pagamento/asaas/sincronizar-lote/route.ts:156:15)

    console.log
      [SINCRONIZAR-LOTE] Verificando pagamentos para Lote #168 {
        entidade_id: null,
        clinica_id: 27,
        status_pagamento: 'aguardando_pagamento'
      }

      at log (app/api/pagamento/asaas/sincronizar-lote/route.ts:117:13)

    console.log
      [SINCRONIZAR-LOTE] 1 pagamento(s) candidato(s) encontrado(s)

      at log (app/api/pagamento/asaas/sincronizar-lote/route.ts:166:13)

    console.log
      [SINCRONIZAR-LOTE] Pagamento pay_sl_1771601886011_5855 ainda n├úo confirmado no Asaas (status: PENDING)

      at log (app/api/pagamento/asaas/sincronizar-lote/route.ts:219:17)

    console.log
      [SINCRONIZAR-LOTE] Nenhum pagamento confirmado encontrado para Lote #168

      at log (app/api/pagamento/asaas/sincronizar-lote/route.ts:306:13)

    console.log
      [SINCRONIZAR-LOTE] Verificando pagamentos para Lote #168 {
        entidade_id: null,
        clinica_id: 27,
        status_pagamento: 'aguardando_pagamento'
      }

      at log (app/api/pagamento/asaas/sincronizar-lote/route.ts:117:13)

    console.log
      [SINCRONIZAR-LOTE] 2 pagamento(s) candidato(s) encontrado(s)

      at log (app/api/pagamento/asaas/sincronizar-lote/route.ts:166:13)

    console.log
      [SINCRONIZAR-LOTE] externalReference aponta para Lote #99999, n├úo #168 ÔÇö ignorando

      at log (app/api/pagamento/asaas/sincronizar-lote/route.ts:211:17)

    console.log
      [SINCRONIZAR-LOTE] Nenhum pagamento confirmado encontrado para Lote #168

      at log (app/api/pagamento/asaas/sincronizar-lote/route.ts:306:13)

    console.log
      [SINCRONIZAR-LOTE] Verificando pagamentos para Lote #168 {
        entidade_id: null,
        clinica_id: 27,
        status_pagamento: 'aguardando_pagamento'
      }

      at log (app/api/pagamento/asaas/sincronizar-lote/route.ts:117:13)

    console.log
      [SINCRONIZAR-LOTE] 3 pagamento(s) candidato(s) encontrado(s)

      at log (app/api/pagamento/asaas/sincronizar-lote/route.ts:166:13)

    console.log
      [SINCRONIZAR-LOTE] externalReference "pagamento_avulso_504" n├úo ├® de lote ÔÇö ignorando

      at log (app/api/pagamento/asaas/sincronizar-lote/route.ts:203:17)

    console.log
      [SINCRONIZAR-LOTE] Nenhum pagamento confirmado encontrado para Lote #168

      at log (app/api/pagamento/asaas/sincronizar-lote/route.ts:306:13)

    console.log
      [SINCRONIZAR-LOTE] Verificando pagamentos para Lote #168 {
        entidade_id: null,
        clinica_id: 27,
        status_pagamento: 'aguardando_pagamento'
      }

      at log (app/api/pagamento/asaas/sincronizar-lote/route.ts:117:13)

    console.log
      [SINCRONIZAR-LOTE] 4 pagamento(s) candidato(s) encontrado(s)

      at log (app/api/pagamento/asaas/sincronizar-lote/route.ts:166:13)

    console.log
      [SINCRONIZAR-LOTE] Pagamento pay_sl_1771601886046_4941 sem externalReference ÔÇö ignorando

      at log (app/api/pagamento/asaas/sincronizar-lote/route.ts:195:17)

    console.log
      [SINCRONIZAR-LOTE] Nenhum pagamento confirmado encontrado para Lote #168

      at log (app/api/pagamento/asaas/sincronizar-lote/route.ts:306:13)

    console.log
      [SINCRONIZAR-LOTE] Verificando pagamentos para Lote #168 {
        entidade_id: null,
        clinica_id: 27,
        status_pagamento: 'aguardando_pagamento'
      }

      at log (app/api/pagamento/asaas/sincronizar-lote/route.ts:117:13)

    console.log
      [SINCRONIZAR-LOTE] 5 pagamento(s) candidato(s) encontrado(s)

      at log (app/api/pagamento/asaas/sincronizar-lote/route.ts:166:13)

    console.log
      [SINCRONIZAR-LOTE] Nenhum pagamento confirmado encontrado para Lote #168

      at log (app/api/pagamento/asaas/sincronizar-lote/route.ts:306:13)

    console.log
      ­ƒöî [lib/db.ts] Conectado ao banco: nr-bps_db_test @ localhost (ambiente: test)

      at Object.log (lib/db.ts:673:15)

    console.log
      [SINCRONIZAR-LOTE] Verificando pagamentos para Lote #169 {
        entidade_id: null,
        clinica_id: 28,
        status_pagamento: 'aguardando_pagamento'
      }

      at log (app/api/pagamento/asaas/sincronizar-lote/route.ts:117:13)

    console.log
      [SINCRONIZAR-LOTE] 1 pagamento(s) candidato(s) encontrado(s)

      at log (app/api/pagamento/asaas/sincronizar-lote/route.ts:166:13)

    console.log
      [SINCRONIZAR-LOTE] Ô£à Pagamento pay_sl_1771601886590_4294 confirmado no Asaas (RECEIVED) para Lote #169 ÔÇö ativando...

      at log (app/api/pagamento/asaas/sincronizar-lote/route.ts:230:15)

    console.log
      [SINCRONIZAR-LOTE] Ô£à Lote #169 atualizado para "pago" via reconcilia├º├úo

      at log (app/api/pagamento/asaas/sincronizar-lote/route.ts:292:15)

    console.log
      [SINCRONIZAR-LOTE] Verificando pagamentos para Lote #170 {
        entidade_id: null,
        clinica_id: 29,
        status_pagamento: 'aguardando_pagamento'
      }

      at log (app/api/pagamento/asaas/sincronizar-lote/route.ts:117:13)

    console.log
      [SINCRONIZAR-LOTE] 1 pagamento(s) candidato(s) encontrado(s)

      at log (app/api/pagamento/asaas/sincronizar-lote/route.ts:166:13)

    console.log
      [SINCRONIZAR-LOTE] Ô£à Pagamento pay_sl_1771601886767_9322 confirmado no Asaas (CONFIRMED) para Lote #170 ÔÇö ativando...

      at log (app/api/pagamento/asaas/sincronizar-lote/route.ts:230:15)

    console.log
      [SINCRONIZAR-LOTE] Ô£à Lote #170 atualizado para "pago" via reconcilia├º├úo

      at log (app/api/pagamento/asaas/sincronizar-lote/route.ts:292:15)

    console.log
      [SINCRONIZAR-LOTE] Verificando pagamentos para Lote #171 {
        entidade_id: null,
        clinica_id: 30,
        status_pagamento: 'aguardando_pagamento'
      }

      at log (app/api/pagamento/asaas/sincronizar-lote/route.ts:117:13)

    console.log
      [SINCRONIZAR-LOTE] 1 pagamento(s) candidato(s) encontrado(s)

      at log (app/api/pagamento/asaas/sincronizar-lote/route.ts:166:13)

    console.log
      [SINCRONIZAR-LOTE] Ô£à Pagamento pay_sl_1771601886777_7509 confirmado no Asaas (RECEIVED) para Lote #171 ÔÇö ativando...

      at log (app/api/pagamento/asaas/sincronizar-lote/route.ts:230:15)

    console.log
      [SINCRONIZAR-LOTE] Ô£à Lote #171 atualizado para "pago" via reconcilia├º├úo

      at log (app/api/pagamento/asaas/sincronizar-lote/route.ts:292:15)

    console.log
      [SINCRONIZAR-LOTE] Verificando pagamentos para Lote #172 {
        entidade_id: null,
        clinica_id: 31,
        status_pagamento: 'aguardando_pagamento'
      }

      at log (app/api/pagamento/asaas/sincronizar-lote/route.ts:117:13)

    console.log
      [SINCRONIZAR-LOTE] 1 pagamento(s) candidato(s) encontrado(s)

      at log (app/api/pagamento/asaas/sincronizar-lote/route.ts:166:13)

    console.log
      [SINCRONIZAR-LOTE] Ô£à Pagamento pay_sl_1771601886788_8142 confirmado no Asaas (RECEIVED) para Lote #172 ÔÇö ativando...

      at log (app/api/pagamento/asaas/sincronizar-lote/route.ts:230:15)

    console.log
      [SINCRONIZAR-LOTE] Ô£à Lote #172 atualizado para "pago" via reconcilia├º├úo

      at log (app/api/pagamento/asaas/sincronizar-lote/route.ts:292:15)

    console.log
      ­ƒöî [lib/db.ts] Conectado ao banco: nr-bps_db_test @ localhost (ambiente: test)

      at Object.log (lib/db.ts:673:15)

RBAC seed applied to test database
RBAC seed applied to test database
RBAC seed applied to test database
PASS __tests__/api/admin/funcionarios.test.ts
  ÔùÅ Console

    console.log
      [dotenv@17.2.3] injecting env (0) from .env.test -- tip: ­ƒöÉ encrypt with Dotenvx: https://dotenvx.com

      at _log (node_modules/.pnpm/dotenv@17.2.3/node_modules/dotenv/lib/main.js:142:11)

    console.log
      ­ƒøí´©Å [jest.setup] Removendo DATABASE_URL do ambiente de testes (valor n├úo importa)

      at Object.<anonymous> (__tests__/config/jest.setup.js:125:17)

    console.log
      ­ƒøí´©Å [jest.setup] Prote├º├úo do banco de testes ativada - usando: nr-bps_db_test

      at Object.<anonymous> (__tests__/config/jest.setup.js:150:13)

FAIL __tests__/integration/cadastro-fluxo-completo-integration.test.ts
  ÔùÅ Console

    console.log
      [dotenv@17.2.3] injecting env (0) from .env.test -- tip: ÔÜÖ´©Å  enable debug logging with { debug: true }

      at _log (node_modules/.pnpm/dotenv@17.2.3/node_modules/dotenv/lib/main.js:142:11)

    console.log
      ­ƒøí´©Å [jest.setup] Removendo DATABASE_URL do ambiente de testes (valor n├úo importa)

      at Object.<anonymous> (__tests__/config/jest.setup.js:125:17)

    console.log
      ­ƒøí´©Å [jest.setup] Prote├º├úo do banco de testes ativada - usando: nr-bps_db_test

      at Object.<anonymous> (__tests__/config/jest.setup.js:150:13)

    console.log
      ­ƒöî [lib/db.ts] Conectado ao banco: nr-bps_db_test @ localhost (ambiente: test)

      at Object.log (lib/db.ts:673:15)

  ÔùÅ Integra├º├úo: Fluxo Completo Cadastro ÔåÆ Ativa├º├úo ÔÇ║ Cen├írio 1: Plano Fixo - Fluxo Feliz ÔÇ║ deve executar fluxo completo em uma transa├º├úo

    error: rela├º├úo "tomadors" n├úo existe

      763 |       const txClient: TransactionClient = {
      764 |         query: async <R = any>(text: string, params?: unknown[]) => {
    > 765 |           const result = await client.query(text, params);
          |                          ^
      766 |           return {
      767 |             rows: result.rows as R[],
      768 |             rowCount: result.rowCount || 0,

      at node_modules/.pnpm/pg@8.16.3/node_modules/pg/lib/client.js:545:17
      at Object.query (lib/db.ts:765:26)
      at __tests__/integration/cadastro-fluxo-completo-integration.test.ts:41:28
      at transaction (lib/db.ts:773:22)
      at Object.<anonymous> (__tests__/integration/cadastro-fluxo-completo-integration.test.ts:39:7)

  ÔùÅ Integra├º├úo: Fluxo Completo Cadastro ÔåÆ Ativa├º├úo ÔÇ║ Cen├írio 1: Plano Fixo - Fluxo Feliz ÔÇ║ deve ativar tomador e criar conta respons├ível

    entidade_id ├® obrigat├│rio

      49 |
      50 |   if (!entidade_id) {
    > 51 |     throw new Error('entidade_id ├® obrigat├│rio');
         |           ^
      52 |   }
      53 |
      54 |   if (!motivo || motivo.trim().length < 10) {

      at ativarEntidade (lib/entidade-activation.ts:51:11)
      at Object.<anonymous> (__tests__/integration/cadastro-fluxo-completo-integration.test.ts:114:41)

  ÔùÅ Integra├º├úo: Fluxo Completo Cadastro ÔåÆ Ativa├º├úo ÔÇ║ Cen├írio 1: Plano Fixo - Fluxo Feliz ÔÇ║ deve ter registros de auditoria

    error: coluna "timestamp" n├úo existe

      487 |         // No session: just execute the query normally
      488 |         try {
    > 489 |           const result = await client.query(text, params);
          |                          ^
      490 |           const duration = Date.now() - start;
      491 |
      492 |           // Log apenas queries lentas (>500ms)

      at node_modules/.pnpm/pg@8.16.3/node_modules/pg/lib/client.js:545:17
      at query (lib/db.ts:489:26)
      at Object.<anonymous> (__tests__/integration/cadastro-fluxo-completo-integration.test.ts:139:25)

  ÔùÅ Integra├º├úo: Fluxo Completo Cadastro ÔåÆ Ativa├º├úo ÔÇ║ Cen├írio 2: Plano Personalizado - Fluxo Feliz ÔÇ║ deve executar fluxo personalizado completo

    error: rela├º├úo "tomadors" n├úo existe

      763 |       const txClient: TransactionClient = {
      764 |         query: async <R = any>(text: string, params?: unknown[]) => {
    > 765 |           const result = await client.query(text, params);
          |                          ^
      766 |           return {
      767 |             rows: result.rows as R[],
      768 |             rowCount: result.rowCount || 0,

      at node_modules/.pnpm/pg@8.16.3/node_modules/pg/lib/client.js:545:17
      at Object.query (lib/db.ts:765:26)
      at __tests__/integration/cadastro-fluxo-completo-integration.test.ts:189:28
      at transaction (lib/db.ts:773:22)
      at Object.<anonymous> (__tests__/integration/cadastro-fluxo-completo-integration.test.ts:187:7)

  ÔùÅ Integra├º├úo: Fluxo Completo Cadastro ÔåÆ Ativa├º├úo ÔÇ║ Cen├írio 2: Plano Personalizado - Fluxo Feliz ÔÇ║ deve ativar e criar conta respons├ível

    entidade_id ├® obrigat├│rio

      49 |
      50 |   if (!entidade_id) {
    > 51 |     throw new Error('entidade_id ├® obrigat├│rio');
         |           ^
      52 |   }
      53 |
      54 |   if (!motivo || motivo.trim().length < 10) {

      at ativarEntidade (lib/entidade-activation.ts:51:11)
      at Object.<anonymous> (__tests__/integration/cadastro-fluxo-completo-integration.test.ts:300:41)

  ÔùÅ Integra├º├úo: Fluxo Completo Cadastro ÔåÆ Ativa├º├úo ÔÇ║ Cen├írio 3: Rollback em Caso de Erro ÔÇ║ deve fazer rollback se houver erro na transa├º├úo

    error: rela├º├úo "tomadors" n├úo existe

      487 |         // No session: just execute the query normally
      488 |         try {
    > 489 |           const result = await client.query(text, params);
          |                          ^
      490 |           const duration = Date.now() - start;
      491 |
      492 |           // Log apenas queries lentas (>500ms)

      at node_modules/.pnpm/pg@8.16.3/node_modules/pg/lib/client.js:545:17
      at query (lib/db.ts:489:26)
      at Object.<anonymous> (__tests__/integration/cadastro-fluxo-completo-integration.test.ts:362:24)

  ÔùÅ Integra├º├úo: Fluxo Completo Cadastro ÔåÆ Ativa├º├úo ÔÇ║ Cen├írio 4: Valida├º├Áes de Regras de Neg├│cio ÔÇ║ n├úo deve permitir duplica├º├úo de CNPJ

    error: rela├º├úo "tomadors" n├úo existe

      487 |         // No session: just execute the query normally
      488 |         try {
    > 489 |           const result = await client.query(text, params);
          |                          ^
      490 |           const duration = Date.now() - start;
      491 |
      492 |           // Log apenas queries lentas (>500ms)

      at node_modules/.pnpm/pg@8.16.3/node_modules/pg/lib/client.js:545:17
      at query (lib/db.ts:489:26)
      at Object.<anonymous> (__tests__/integration/cadastro-fluxo-completo-integration.test.ts:377:7)

  ÔùÅ Integra├º├úo: Fluxo Completo Cadastro ÔåÆ Ativa├º├úo ÔÇ║ Cen├írio 4: Valida├º├Áes de Regras de Neg├│cio ÔÇ║ n├úo deve permitir ativar sem pagamento confirmado

    error: rela├º├úo "tomadors" n├úo existe

      487 |         // No session: just execute the query normally
      488 |         try {
    > 489 |           const result = await client.query(text, params);
          |                          ^
      490 |           const duration = Date.now() - start;
      491 |
      492 |           // Log apenas queries lentas (>500ms)

      at node_modules/.pnpm/pg@8.16.3/node_modules/pg/lib/client.js:545:17
      at query (lib/db.ts:489:26)
      at Object.<anonymous> (__tests__/integration/cadastro-fluxo-completo-integration.test.ts:419:19)

  ÔùÅ Integra├º├úo: Fluxo Completo Cadastro ÔåÆ Ativa├º├úo ÔÇ║ Cen├írio 5: Performance e Concorr├¬ncia ÔÇ║ deve lidar com m├║ltiplas inser├º├Áes simult├óneas

    error: rela├º├úo "tomadors" n├úo existe

      487 |         // No session: just execute the query normally
      488 |         try {
    > 489 |           const result = await client.query(text, params);
          |                          ^
      490 |           const duration = Date.now() - start;
      491 |
      492 |           // Log apenas queries lentas (>500ms)

      at node_modules/.pnpm/pg@8.16.3/node_modules/pg/lib/client.js:545:17
      at query (lib/db.ts:489:26)
          at async Promise.all (index 0)
      at Object.<anonymous> (__tests__/integration/cadastro-fluxo-completo-integration.test.ts:477:7)

FAIL __tests__/api/admin/novos-cadastros-regenerar-link.test.ts
  ÔùÅ Console

    console.log
      [dotenv@17.2.3] injecting env (0) from .env.test -- tip: ÔÜÖ´©Å  specify custom .env file path with { path: '/custom/path/.env' }

      at _log (node_modules/.pnpm/dotenv@17.2.3/node_modules/dotenv/lib/main.js:142:11)

    console.log
      ­ƒøí´©Å [jest.setup] Removendo DATABASE_URL do ambiente de testes (valor n├úo importa)

      at Object.<anonymous> (__tests__/config/jest.setup.js:125:17)

    console.log
      ­ƒøí´©Å [jest.setup] Prote├º├úo do banco de testes ativada - usando: nr-bps_db_test

      at Object.<anonymous> (__tests__/config/jest.setup.js:150:13)

    console.log
      ­ƒöî [lib/db.ts] Conectado ao banco: nr-bps_db_test @ localhost (ambiente: test)

      at Object.log (lib/db.ts:673:15)

  ÔùÅ /api/admin/novos-cadastros - regenerar_link ÔÇ║ POST - regenerar_link ÔÇ║ deve regenerar link com sucesso para plano fixo

    TypeError: Cannot read properties of undefined (reading 'mockResolvedValueOnce')

      50 |
      51 |       // Mock do gettomadorById
    > 52 |       mockGettomadorById.mockResolvedValueOnce({
         |                          ^
      53 |         id: tomadorId,
      54 |         nome: 'Cl├¡nica Teste',
      55 |         status: 'aguardando_pagamento',

      at Object.mockResolvedValueOnce (__tests__/api/admin/novos-cadastros-regenerar-link.test.ts:52:26)

  ÔùÅ /api/admin/novos-cadastros - regenerar_link ÔÇ║ POST - regenerar_link ÔÇ║ deve regenerar link com sucesso para plano personalizado

    TypeError: Cannot read properties of undefined (reading 'mockResolvedValueOnce')

      125 |
      126 |       // Mock do gettomadorById
    > 127 |       mockGettomadorById.mockResolvedValueOnce({
          |                          ^
      128 |         id: tomadorId,
      129 |         nome: 'Empresa Teste',
      130 |         status: 'aguardando_pagamento',

      at Object.mockResolvedValueOnce (__tests__/api/admin/novos-cadastros-regenerar-link.test.ts:127:26)

  ÔùÅ /api/admin/novos-cadastros - regenerar_link ÔÇ║ POST - regenerar_link ÔÇ║ deve regenerar link para plano personalizado usando contratacao_personalizada quando n├úo existem contratos

    TypeError: Cannot read properties of undefined (reading 'mockResolvedValueOnce')

      210 |
      211 |       // Mock do gettomadorById
    > 212 |       mockGettomadorById.mockResolvedValueOnce({
          |                          ^
      213 |         id: tomadorId,
      214 |         nome: 'Empresa Teste 2',
      215 |         status: 'aguardando_pagamento',

      at Object.mockResolvedValueOnce (__tests__/api/admin/novos-cadastros-regenerar-link.test.ts:212:26)

  ÔùÅ /api/admin/novos-cadastros - regenerar_link ÔÇ║ POST - regenerar_link ÔÇ║ deve rejeitar regenera├º├úo para tomador n├úo aguardando pagamento

    TypeError: Cannot read properties of undefined (reading 'mockResolvedValueOnce')

      304 |
      305 |       // Mock do gettomadorById com status diferente
    > 306 |       mockGettomadorById.mockResolvedValueOnce({
          |                          ^
      307 |         id: tomadorId,
      308 |         nome: 'Cl├¡nica Teste',
      309 |         status: 'aprovado', // Status diferente

      at Object.mockResolvedValueOnce (__tests__/api/admin/novos-cadastros-regenerar-link.test.ts:306:26)

  ÔùÅ /api/admin/novos-cadastros - regenerar_link ÔÇ║ POST - regenerar_link ÔÇ║ deve rejeitar tomador j├í ativo

    TypeError: Cannot read properties of undefined (reading 'mockResolvedValueOnce')

      340 |
      341 |       // Mock do gettomadorById
    > 342 |       mockGettomadorById.mockResolvedValueOnce({
          |                          ^
      343 |         id: tomadorId,
      344 |         nome: 'Cl├¡nica Teste',
      345 |         status: 'aguardando_pagamento',

      at Object.mockResolvedValueOnce (__tests__/api/admin/novos-cadastros-regenerar-link.test.ts:342:26)

  ÔùÅ /api/admin/novos-cadastros - regenerar_link ÔÇ║ POST - regenerar_link ÔÇ║ deve rejeitar tomador com pagamento j├í confirmado

    TypeError: Cannot read properties of undefined (reading 'mockResolvedValueOnce')

      386 |
      387 |       // Mock do gettomadorById
    > 388 |       mockGettomadorById.mockResolvedValueOnce({
          |                          ^
      389 |         id: tomadorId,
      390 |         nome: 'Cl├¡nica Teste',
      391 |         status: 'aguardando_pagamento',

      at Object.mockResolvedValueOnce (__tests__/api/admin/novos-cadastros-regenerar-link.test.ts:388:26)

  ÔùÅ /api/admin/novos-cadastros - regenerar_link ÔÇ║ POST - regenerar_link ÔÇ║ deve rejeitar plano personalizado sem contrato

    TypeError: Cannot read properties of undefined (reading 'mockResolvedValueOnce')

      432 |
      433 |       // Mock do gettomadorById
    > 434 |       mockGettomadorById.mockResolvedValueOnce({
          |                          ^
      435 |         id: tomadorId,
      436 |         nome: 'Empresa Teste',
      437 |         status: 'aguardando_pagamento',

      at Object.mockResolvedValueOnce (__tests__/api/admin/novos-cadastros-regenerar-link.test.ts:434:26)

  ÔùÅ /api/admin/novos-cadastros - regenerar_link ÔÇ║ Valida├º├Áes gerais ÔÇ║ deve rejeitar acesso sem sess├úo de admin

    expect(received).toBe(expected) // Object.is equality

    Expected: 403
    Received: 500

      500 |
      501 |       const response = await POST(request);
    > 502 |       expect(response.status).toBe(403);
          |                               ^
      503 |     });
      504 |
      505 |     it('deve rejeitar a├º├úo inv├ílida', async () => {

      at Object.toBe (__tests__/api/admin/novos-cadastros-regenerar-link.test.ts:502:31)

  ÔùÅ /api/admin/novos-cadastros - regenerar_link ÔÇ║ Valida├º├Áes gerais ÔÇ║ deve rejeitar a├º├úo inv├ílida

    expect(received).toBe(expected) // Object.is equality

    Expected: 400
    Received: 500

      519 |       const data = await response.json();
      520 |
    > 521 |       expect(response.status).toBe(400);
          |                               ^
      522 |       expect(data.error).toContain('A├º├úo inv├ílida');
      523 |     });
      524 |

      at Object.toBe (__tests__/api/admin/novos-cadastros-regenerar-link.test.ts:521:31)

  ÔùÅ /api/admin/novos-cadastros - regenerar_link ÔÇ║ Valida├º├Áes gerais ÔÇ║ deve rejeitar tomador n├úo encontrado

    TypeError: Cannot read properties of undefined (reading 'mockResolvedValueOnce')

      524 |
      525 |     it('deve rejeitar tomador n├úo encontrado', async () => {
    > 526 |       mockGettomadorById.mockResolvedValueOnce(null);
          |                          ^
      527 |
      528 |       const request = new NextRequest(
      529 |         'http://localhost:3000/api/admin/novos-cadastros',

      at Object.mockResolvedValueOnce (__tests__/api/admin/novos-cadastros-regenerar-link.test.ts:526:26)

FAIL __tests__/clinica/clinica-conta-section.test.tsx (11.391 s)
  ÔùÅ Console

    console.log
      [dotenv@17.2.3] injecting env (0) from .env.test -- tip: ­ƒùé´©Å backup and recover secrets: https://dotenvx.com/ops

      at _log (node_modules/.pnpm/dotenv@17.2.3/node_modules/dotenv/lib/main.js:142:11)

    console.log
      ­ƒøí´©Å [jest.setup] Removendo DATABASE_URL do ambiente de testes (valor n├úo importa)

      at Object.<anonymous> (__tests__/config/jest.setup.js:125:17)

    console.log
      ­ƒøí´©Å [jest.setup] Prote├º├úo do banco de testes ativada - usando: nr-bps_db_test

      at Object.<anonymous> (__tests__/config/jest.setup.js:150:13)

  ÔùÅ ContaSection ÔÇ║ renders account information correctly

    TestingLibraryElementError: Unable to find an element with the text: Dados da cl├¡nica e gestores RH. This could be because the text is broken up by multiple elements. In this case, you can provide a function for your text matcher to make your matcher more flexible.

    Ignored nodes: comments, script, style
    <body>
      <div>
        <div
          class="mb-6"
        >
          <h1
            class="text-2xl font-bold text-gray-900"
          >
            Informa├º├Áes da Conta
          </h1>
          <p
            class="text-sm text-gray-600 mt-1"
          >
            Dados cadastrais da empresa e gestores
          </p>
        </div>
        <div
          class="space-y-6"
        >
          <div
            class="bg-white rounded-lg shadow-sm p-6 border border-gray-200"
          >
            <div
              class="flex items-center gap-3 mb-4"
            >
              <div
                class="p-3 bg-primary-100 rounded-lg"
              >
                <svg
                  aria-hidden="true"
                  class="lucide lucide-building2 lucide-building-2 text-primary-600"
                  fill="none"
                  height="24"
                  stroke="currentColor"
                  stroke-linecap="round"
                  stroke-linejoin="round"
                  stroke-width="2"
                  viewBox="0 0 24 24"
                  width="24"
                  xmlns="http://www.w3.org/2000/svg"
                >
                  <path
                    d="M10 12h4"
                  />
                  <path
                    d="M10 8h4"
                  />
                  <path
                    d="M14 21v-3a2 2 0 0 0-4 0v3"
                  />
                  <path
                    d="M6 10H4a2 2 0 0 0-2 2v7a2 2 0 0 0 2 2h16a2 2 0 0 0 2-2V9a2 2 0 0 0-2-2h-2"
                  />
                  <path
                    d="M6 21V5a2 2 0 0 1 2-2h8a2 2 0 0 1 2 2v16"
                  />
                </svg>
              </div>
              <div>
                <h2
                  class="text-lg font-semibold text-gray-900"
                >
                  Dados da Empresa
                </h2>
                <p
                  class="text-sm text-gray-600"
                >
                  Informa├º├Áes cadastrais
                </p>
              </div>
            </div>
            <div
              class="grid grid-cols-1 md:grid-cols-2 gap-6"
            >
              <div
                class="space-y-3"
              >
                <div>
                  <label
                    class="text-xs text-gray-500 uppercase tracking-wide"
                  >
                    Nome
                  </label>
                  <p
                    class="text-sm text-gray-900 font-medium"
                  >
                    Cl├¡nica ABC
                  </p>
                </div>
                <div>
                  <label
                    class="text-xs text-gray-500 uppercase tracking-wide"
                  >
                    CNPJ
                  </label>
                  <p
                    class="text-sm text-gray-900"
                  >
                    12.345.678/0001-90
                  </p>
                </div>
                <div>
                  <label
                    class="text-xs text-gray-500 uppercase tracking-wide"
                  >
                    Email
                  </label>
                  <p
                    class="text-sm text-gray-900"
                  >
                    contato@clinicaabc.com
                  </p>
                </div>
                <div>
                  <label
                    class="text-xs text-gray-500 uppercase tracking-wide"
                  >
                    Telefone
                  </label>
                  <p
                    class="text-sm text-gray-900"
                  >
                    (11) 99999-9999
                  </p>
                </div>
              </div>
              <div
                class="space-y-3"
              >
                <div>
                  <label
                    class="text-xs text-gray-500 uppercase tracking-wide"
                  >
                    Endere├ºo
                  </label>
                  <p
                    class="text-sm text-gray-900"
                  >
                    Rua das Flores, 123
                  </p>
                </div>
                <div>
                  <label
                    class="text-xs text-gray-500 uppercase tracking-wide"
                  >
                    Localiza├º├úo
                  </label>
                  <p
                    class="text-sm text-gray-900"
                  >
                    S├úo Paulo, SP
                  </p>
                </div>
                <div>
                  <label
                    class="text-xs text-gray-500 uppercase tracking-wide"
                  >
                    Data de Cadastro
                  </label>
                  <p
                    class="text-sm text-gray-900"
                  >
                    27/12/2025
                  </p>
                </div>
              </div>
            </div>
          </div>
          <div
            class="bg-white rounded-lg shadow-sm p-6 border border-gray-200"
          >
            <div
              class="flex items-center gap-3 mb-4"
            >
              <div
                class="p-3 bg-primary-100 rounded-lg"
              >
                <svg
                  aria-hidden="true"
                  class="lucide lucide-credit-card text-primary-600"
                  fill="none"
                  height="24"
                  stroke="currentColor"
                  stroke-linecap="round"
                  stroke-linejoin="round"
                  stroke-width="2"
                  viewBox="0 0 24 24"
                  width="24"
                  xmlns="http://www.w3.org/2000/svg"
                >
                  <rect
                    height="14"
                    rx="2"
                    width="20"
                    x="2"
                    y="5"
                  />
                  <line
                    x1="2"
                    x2="22"
                    y1="10"
                    y2="10"
                  />
                </svg>
              </div>
              <div>
                <h2
                  class="text-lg font-semibold text-gray-900"
                >
                  Dados Financeiros de Laudos
                </h2>
                <p
                  class="text-sm text-gray-600"
                >
                  Hist├│rico de pagamentos
                </p>
              </div>
            </div>
            <div
              class="flex items-center justify-center py-8 text-gray-400 gap-2"
            >
              <svg
                aria-hidden="true"
                class="lucide lucide-loader-circle animate-spin"
                fill="none"
                height="20"
                stroke="currentColor"
                stroke-linecap="round"
                stroke-linejoin="round"
                stroke-width="2"
                viewBox="0 0 24 24"
                width="20"
                xmlns="http://www.w3.org/2000/svg"
              >
                <path
                  d="M21 12a9 9 0 1 1-6.219-8.56"
                />
              </svg>
              <span
                class="text-sm"
              >
                Carregando pagamentos...
              </span>
            </div>
          </div>
        </div>
      </div>
    </body>

      84 |     expect(screen.getByText('Informa├º├Áes da Conta')).toBeInTheDocument();
      85 |     expect(
    > 86 |       screen.getByText('Dados da cl├¡nica e gestores RH')
         |              ^
      87 |     ).toBeInTheDocument();
      88 |
      89 |     // Verifica informa├º├Áes da cl├¡nica

      at Object.getElementError (node_modules/.pnpm/@testing-library+dom@10.4.1/node_modules/@testing-library/dom/dist/config.js:37:19)
      at node_modules/.pnpm/@testing-library+dom@10.4.1/node_modules/@testing-library/dom/dist/query-helpers.js:76:38
      at node_modules/.pnpm/@testing-library+dom@10.4.1/node_modules/@testing-library/dom/dist/query-helpers.js:52:17
      at node_modules/.pnpm/@testing-library+dom@10.4.1/node_modules/@testing-library/dom/dist/query-helpers.js:95:19
      at Object.getByText (__tests__/clinica/clinica-conta-section.test.tsx:86:14)

  ÔùÅ ContaSection ÔÇ║ displays sections with proper styling

    Unable to find an element with the text: Dados da Cl├¡nica. This could be because the text is broken up by multiple elements. In this case, you can provide a function for your text matcher to make your matcher more flexible.

    Ignored nodes: comments, script, style
    <body>
      <div>
        <div
          class="mb-6"
        >
          <h1
            class="text-2xl font-bold text-gray-900"
          >
            Informa├º├Áes da Conta
          </h1>
          <p
            class="text-sm text-gray-600 mt-1"
          >
            Dados cadastrais da empresa e gestores
          </p>
        </div>
        <div
          class="space-y-6"
        >
          <div
            class="bg-white rounded-lg shadow-sm p-6 border border-gray-200"
          >
            <div
              class="flex items-center gap-3 mb-4"
            >
              <div
                class="p-3 bg-primary-100 rounded-lg"
              >
                <svg
                  aria-hidden="true"
                  class="lucide lucide-building2 lucide-building-2 text-primary-600"
                  fill="none"
                  height="24"
                  stroke="currentColor"
                  stroke-linecap="round"
                  stroke-linejoin="round"
                  stroke-width="2"
                  viewBox="0 0 24 24"
                  width="24"
                  xmlns="http://www.w3.org/2000/svg"
                >
                  <path
                    d="M10 12h4"
                  />
                  <path
                    d="M10 8h4"
                  />
                  <path
                    d="M14 21v-3a2 2 0 0 0-4 0v3"
                  />
                  <path
                    d="M6 10H4a2 2 0 0 0-2 2v7a2 2 0 0 0 2 2h16a2 2 0 0 0 2-2V9a2 2 0 0 0-2-2h-2"
                  />
                  <path
                    d="M6 21V5a2 2 0 0 1 2-2h8a2 2 0 0 1 2 2v16"
                  />
                </svg>
              </div>
              <div>
                <h2
                  class="text-lg font-semibold text-gray-900"
                >
                  Dados da Empresa
                </h2>
                <p
                  class="text-sm text-gray-600"
                >
                  Informa├º├Áes cadastrais
                </p>
              </div>
            </div>
            <div
              class="grid grid-cols-1 md:grid-cols-2 gap-6"
            >
              <div
                class="space-y-3"
              >
                <div>
                  <label
                    class="text-xs text-gray-500 uppercase tracking-wide"
                  >
                    Nome
                  </label>
                  <p
                    class="text-sm text-gray-900 font-medium"
                  >
                    Cl├¡nica ABC
                  </p>
                </div>
                <div>
                  <label
                    class="text-xs text-gray-500 uppercase tracking-wide"
                  >
                    CNPJ
                  </label>
                  <p
                    class="text-sm text-gray-900"
                  >
                    12.345.678/0001-90
                  </p>
                </div>
                <div>
                  <label
                    class="text-xs text-gray-500 uppercase tracking-wide"
                  >
                    Email
                  </label>
                  <p
                    class="text-sm text-gray-900"
                  >
                    contato@clinicaabc.com
                  </p>
                </div>
                <div>
                  <label
                    class="text-xs text-gray-500 uppercase tracking-wide"
                  >
                    Telefone
                  </label>
                  <p
                    class="text-sm text-gray-900"
                  >
                    (11) 99999-9999
                  </p>
                </div>
              </div>
              <div
                class="space-y-3"
              >
                <div>
                  <label
                    class="text-xs text-gray-500 uppercase tracking-wide"
                  >
                    Endere├ºo
                  </label>
                  <p
                    class="text-sm text-gray-900"
                  >
                    Rua das Flores, 123
                  </p>
                </div>
                <div>
                  <label
                    class="text-xs text-gray-500 uppercase tracking-wide"
                  >
                    Localiza├º├úo
                  </label>
                  <p
                    class="text-sm text-gray-900"
                  >
                    S├úo Paulo, SP
                  </p>
                </div>
                <div>
                  <label
                    class="text-xs text-gray-500 uppercase tracking-wide"
                  >
                    Data de Cadastro
                  </label>
                  <p
                    class="text-sm text-gray-900"
                  >
                    27/12/2025
                  </p>
                </div>
              </div>
            </div>
          </div>
          <div
            class="bg-white rounded-lg shadow-sm p-6 border border-gray-200"
          >
            <div
              class="flex items-center gap-3 mb-4"
            >
              <div
                class="p-3 bg-primary-100 rounded-lg"
              >
                <svg
                  aria-hidden="true"
                  class="lucide lucide-credit-card text-primary-600"
                  fill="none"
                  height="24"
                  stroke="currentColor"
                  stroke-linecap="round"
                  stroke-linejoin="round"
                  stroke-width="2"
                  viewBox="0 0 24 24"
                  width="24"
                  xmlns="http://www.w3.org/2000/svg"
                >
                  <rect
                    height="14"
                    rx="2"
                    width="20"
                    x="2"
                    y="5"
                  />
                  <line
                    x1="2"
                    x2="22"
                    y1="10"
                    y2="10"
                  />
                </svg>
              </div>
              <div>
                <h2
                  class="text-lg font-semibold text-gray-900"
                >
                  Dados Financeiros de Laudos
                </h2>
                <p
                  class="text-sm text-gray-600"
                >
                  Hist├│rico de pagamentos
                </p>
              </div>
            </div>
            <p
              class="text-sm text-gray-500 py-4 text-center"
            >
              Nenhum pagamento registrado at├® o momento.
            </p>
          </div>
        </div>
      </div>
    </body>

      113 |     render(<ContaSection />);
      114 |
    > 115 |     await waitFor(() => {
          |                  ^
      116 |       // Verifica se├º├Áes
      117 |       expect(screen.getByText('Dados da Cl├¡nica')).toBeInTheDocument();
      118 |       expect(screen.getByText('Gestores RH')).toBeInTheDocument();

      at waitForWrapper (node_modules/.pnpm/@testing-library+dom@10.4.1/node_modules/@testing-library/dom/dist/wait-for.js:163:27)
      at Object.<anonymous> (__tests__/clinica/clinica-conta-section.test.tsx:115:18)

  ÔùÅ ContaSection ÔÇ║ exibe bot├úo e expande os "Dados do cadastro" quando snapshot difere

    Unable to find an element with the text: Ver dados do cadastro. This could be because the text is broken up by multiple elements. In this case, you can provide a function for your text matcher to make your matcher more flexible.

    Ignored nodes: comments, script, style
    <body>
      <div>
        <div
          class="mb-6"
        >
          <h1
            class="text-2xl font-bold text-gray-900"
          >
            Informa├º├Áes da Conta
          </h1>
          <p
            class="text-sm text-gray-600 mt-1"
          >
            Dados cadastrais da empresa e gestores
          </p>
        </div>
        <div
          class="space-y-6"
        >
          <div
            class="bg-white rounded-lg shadow-sm p-6 border border-gray-200"
          >
            <div
              class="flex items-center gap-3 mb-4"
            >
              <div
                class="p-3 bg-primary-100 rounded-lg"
              >
                <svg
                  aria-hidden="true"
                  class="lucide lucide-building2 lucide-building-2 text-primary-600"
                  fill="none"
                  height="24"
                  stroke="currentColor"
                  stroke-linecap="round"
                  stroke-linejoin="round"
                  stroke-width="2"
                  viewBox="0 0 24 24"
                  width="24"
                  xmlns="http://www.w3.org/2000/svg"
                >
                  <path
                    d="M10 12h4"
                  />
                  <path
                    d="M10 8h4"
                  />
                  <path
                    d="M14 21v-3a2 2 0 0 0-4 0v3"
                  />
                  <path
                    d="M6 10H4a2 2 0 0 0-2 2v7a2 2 0 0 0 2 2h16a2 2 0 0 0 2-2V9a2 2 0 0 0-2-2h-2"
                  />
                  <path
                    d="M6 21V5a2 2 0 0 1 2-2h8a2 2 0 0 1 2 2v16"
                  />
                </svg>
              </div>
              <div>
                <h2
                  class="text-lg font-semibold text-gray-900"
                >
                  Dados da Empresa
                </h2>
                <p
                  class="text-sm text-gray-600"
                >
                  Informa├º├Áes cadastrais
                </p>
              </div>
            </div>
            <div
              class="grid grid-cols-1 md:grid-cols-2 gap-6"
            >
              <div
                class="space-y-3"
              >
                <div>
                  <label
                    class="text-xs text-gray-500 uppercase tracking-wide"
                  >
                    Nome
                  </label>
                  <p
                    class="text-sm text-gray-900 font-medium"
                  >
                    Cl├¡nica Atual
                  </p>
                </div>
                <div>
                  <label
                    class="text-xs text-gray-500 uppercase tracking-wide"
                  >
                    CNPJ
                  </label>
                  <p
                    class="text-sm text-gray-900"
                  >
                    12.345.678/0001-90
                  </p>
                </div>
                <div>
                  <label
                    class="text-xs text-gray-500 uppercase tracking-wide"
                  >
                    Email
                  </label>
                  <p
                    class="text-sm text-gray-900"
                  >
                    contato@atual.com
                  </p>
                </div>
                <div>
                  <label
                    class="text-xs text-gray-500 uppercase tracking-wide"
                  >
                    Telefone
                  </label>
                  <p
                    class="text-sm text-gray-900"
                  >
                    (11) 99999-9999
                  </p>
                </div>
              </div>
              <div
                class="space-y-3"
              >
                <div>
                  <label
                    class="text-xs text-gray-500 uppercase tracking-wide"
                  >
                    Endere├ºo
                  </label>
                  <p
                    class="text-sm text-gray-900"
                  >
                    Rua Atual, 45
                  </p>
                </div>
                <div>
                  <label
                    class="text-xs text-gray-500 uppercase tracking-wide"
                  >
                    Localiza├º├úo
                  </label>
                  <p
                    class="text-sm text-gray-900"
                  >
                    S├úo Paulo, SP
                  </p>
                </div>
                <div>
                  <label
                    class="text-xs text-gray-500 uppercase tracking-wide"
                  >
                    Data de Cadastro
                  </label>
                  <p
                    class="text-sm text-gray-900"
                  >
                    27/12/2025
                  </p>
                </div>
              </div>
            </div>
          </div>
          <div
            class="bg-white rounded-lg shadow-sm p-6 border border-gray-200"
          >
            <div
              class="flex items-center gap-3 mb-4"
            >
              <div
                class="p-3 bg-primary-100 rounded-lg"
              >
                <svg
                  aria-hidden="true"
                  class="lucide lucide-credit-card text-primary-600"
                  fill="none"
                  height="24"
                  stroke="currentColor"
                  stroke-linecap="round"
                  stroke-linejoin="round"
                  stroke-width="2"
                  viewBox="0 0 24 24"
                  width="24"
                  xmlns="http://www.w3.org/2000/svg"
                >
                  <rect
                    height="14"
                    rx="2"
                    width="20"
                    x="2"
                    y="5"
                  />
                  <line
                    x1="2"
                    x2="22"
                    y1="10"
                    y2="10"
                  />
                </svg>
              </div>
              <div>
                <h2
                  class="text-lg font-semibold text-gray-900"
                >
                  Dados Financeiros de Laudos
                </h2>
                <p
                  class="text-sm text-gray-600"
                >
                  Hist├│rico de pagamentos
                </p>
              </div>
            </div>
            <p
              class="text-sm text-gray-500 py-4 text-center"
            >
              Nenhum pagamento registrado at├® o momento.
            </p>
          </div>
        </div>
      </div>
    </body>

      166 |
      167 |     // Deve mostrar o bot├úo para ver o snapshot
    > 168 |     await waitFor(() => {
          |                  ^
      169 |       expect(screen.getByText('Ver dados do cadastro')).toBeInTheDocument();
      170 |     });
      171 |

      at waitForWrapper (node_modules/.pnpm/@testing-library+dom@10.4.1/node_modules/@testing-library/dom/dist/wait-for.js:163:27)
      at Object.<anonymous> (__tests__/clinica/clinica-conta-section.test.tsx:168:18)

  ÔùÅ ContaSection ÔÇ║ handles partial data correctly

    Unable to find an element with the text: Nenhum gestor RH cadastrado. This could be because the text is broken up by multiple elements. In this case, you can provide a function for your text matcher to make your matcher more flexible.

    Ignored nodes: comments, script, style
    <body>
      <div>
        <div
          class="mb-6"
        >
          <h1
            class="text-2xl font-bold text-gray-900"
          >
            Informa├º├Áes da Conta
          </h1>
          <p
            class="text-sm text-gray-600 mt-1"
          >
            Dados cadastrais da empresa e gestores
          </p>
        </div>
        <div
          class="space-y-6"
        >
          <div
            class="bg-white rounded-lg shadow-sm p-6 border border-gray-200"
          >
            <div
              class="flex items-center gap-3 mb-4"
            >
              <div
                class="p-3 bg-primary-100 rounded-lg"
              >
                <svg
                  aria-hidden="true"
                  class="lucide lucide-building2 lucide-building-2 text-primary-600"
                  fill="none"
                  height="24"
                  stroke="currentColor"
                  stroke-linecap="round"
                  stroke-linejoin="round"
                  stroke-width="2"
                  viewBox="0 0 24 24"
                  width="24"
                  xmlns="http://www.w3.org/2000/svg"
                >
                  <path
                    d="M10 12h4"
                  />
                  <path
                    d="M10 8h4"
                  />
                  <path
                    d="M14 21v-3a2 2 0 0 0-4 0v3"
                  />
                  <path
                    d="M6 10H4a2 2 0 0 0-2 2v7a2 2 0 0 0 2 2h16a2 2 0 0 0 2-2V9a2 2 0 0 0-2-2h-2"
                  />
                  <path
                    d="M6 21V5a2 2 0 0 1 2-2h8a2 2 0 0 1 2 2v16"
                  />
                </svg>
              </div>
              <div>
                <h2
                  class="text-lg font-semibold text-gray-900"
                >
                  Dados da Empresa
                </h2>
                <p
                  class="text-sm text-gray-600"
                >
                  Informa├º├Áes cadastrais
                </p>
              </div>
            </div>
            <div
              class="grid grid-cols-1 md:grid-cols-2 gap-6"
            >
              <div
                class="space-y-3"
              >
                <div>
                  <label
                    class="text-xs text-gray-500 uppercase tracking-wide"
                  >
                    Nome
                  </label>
                  <p
                    class="text-sm text-gray-900 font-medium"
                  >
                    Cl├¡nica ABC
                  </p>
                </div>
                <div>
                  <label
                    class="text-xs text-gray-500 uppercase tracking-wide"
                  >
                    CNPJ
                  </label>
                  <p
                    class="text-sm text-gray-900"
                  >
                    12.345.678/0001-90
                  </p>
                </div>
              </div>
              <div
                class="space-y-3"
              />
            </div>
          </div>
          <div
            class="bg-white rounded-lg shadow-sm p-6 border border-gray-200"
          >
            <div
              class="flex items-center gap-3 mb-4"
            >
              <div
                class="p-3 bg-primary-100 rounded-lg"
              >
                <svg
                  aria-hidden="true"
                  class="lucide lucide-credit-card text-primary-600"
                  fill="none"
                  height="24"
                  stroke="currentColor"
                  stroke-linecap="round"
                  stroke-linejoin="round"
                  stroke-width="2"
                  viewBox="0 0 24 24"
                  width="24"
                  xmlns="http://www.w3.org/2000/svg"
                >
                  <rect
                    height="14"
                    rx="2"
                    width="20"
                    x="2"
                    y="5"
                  />
                  <line
                    x1="2"
                    x2="22"
                    y1="10"
                    y2="10"
                  />
                </svg>
              </div>
              <div>
                <h2
                  class="text-lg font-semibold text-gray-900"
                >
                  Dados Financeiros de Laudos
                </h2>
                <p
                  class="text-sm text-gray-600"
                >
                  Hist├│rico de pagamentos
                </p>
              </div>
            </div>
            <p
              class="text-sm text-gray-500 py-4 text-center"
            >
              Nenhum pagamento registrado at├® o momento.
            </p>
          </div>
        </div>
      </div>
    </body>

      256 |     render(<ContaSection />);
      257 |
    > 258 |     await waitFor(() => {
          |                  ^
      259 |       expect(screen.getByText('Cl├¡nica ABC')).toBeInTheDocument();
      260 |       expect(
      261 |         screen.getByText('Nenhum gestor RH cadastrado')

      at waitForWrapper (node_modules/.pnpm/@testing-library+dom@10.4.1/node_modules/@testing-library/dom/dist/wait-for.js:163:27)
      at Object.<anonymous> (__tests__/clinica/clinica-conta-section.test.tsx:258:18)

  ÔùÅ ContaSection ÔÇ║ integra├º├úo: obt├®m e renderiza gestores a partir do handler real

    Unable to find an element with the text: Gestor RH. This could be because the text is broken up by multiple elements. In this case, you can provide a function for your text matcher to make your matcher more flexible.

    Ignored nodes: comments, script, style
    <body>
      <div>
        <div
          class="mb-6"
        >
          <h1
            class="text-2xl font-bold text-gray-900"
          >
            Informa├º├Áes da Conta
          </h1>
          <p
            class="text-sm text-gray-600 mt-1"
          >
            Dados cadastrais da empresa e gestores
          </p>
        </div>
        <div
          class="space-y-6"
        >
          <div
            class="bg-white rounded-lg shadow-sm p-6 border border-gray-200"
          >
            <div
              class="flex items-center gap-3 mb-4"
            >
              <div
                class="p-3 bg-primary-100 rounded-lg"
              >
                <svg
                  aria-hidden="true"
                  class="lucide lucide-building2 lucide-building-2 text-primary-600"
                  fill="none"
                  height="24"
                  stroke="currentColor"
                  stroke-linecap="round"
                  stroke-linejoin="round"
                  stroke-width="2"
                  viewBox="0 0 24 24"
                  width="24"
                  xmlns="http://www.w3.org/2000/svg"
                >
                  <path
                    d="M10 12h4"
                  />
                  <path
                    d="M10 8h4"
                  />
                  <path
                    d="M14 21v-3a2 2 0 0 0-4 0v3"
                  />
                  <path
                    d="M6 10H4a2 2 0 0 0-2 2v7a2 2 0 0 0 2 2h16a2 2 0 0 0 2-2V9a2 2 0 0 0-2-2h-2"
                  />
                  <path
                    d="M6 21V5a2 2 0 0 1 2-2h8a2 2 0 0 1 2 2v16"
                  />
                </svg>
              </div>
              <div>
                <h2
                  class="text-lg font-semibold text-gray-900"
                >
                  Dados da Empresa
                </h2>
                <p
                  class="text-sm text-gray-600"
                >
                  Informa├º├Áes cadastrais
                </p>
              </div>
            </div>
            <div
              class="grid grid-cols-1 md:grid-cols-2 gap-6"
            >
              <div
                class="space-y-3"
              >
                <div>
                  <label
                    class="text-xs text-gray-500 uppercase tracking-wide"
                  >
                    Nome
                  </label>
                  <p
                    class="text-sm text-gray-900 font-medium"
                  >
                    Triagem Curitiba
                  </p>
                </div>
                <div>
                  <label
                    class="text-xs text-gray-500 uppercase tracking-wide"
                  >
                    CNPJ
                  </label>
                  <p
                    class="text-sm text-gray-900"
                  >
                    12345678000199
                  </p>
                </div>
                <div>
                  <label
                    class="text-xs text-gray-500 uppercase tracking-wide"
                  >
                    Email
                  </label>
                  <p
                    class="text-sm text-gray-900"
                  >
                    triagem@clinica.com
                  </p>
                </div>
                <div>
                  <label
                    class="text-xs text-gray-500 uppercase tracking-wide"
                  >
                    Telefone
                  </label>
                  <p
                    class="text-sm text-gray-900"
                  >
                    (41) 99999-9999
                  </p>
                </div>
              </div>
              <div
                class="space-y-3"
              >
                <div>
                  <label
                    class="text-xs text-gray-500 uppercase tracking-wide"
                  >
                    Endere├ºo
                  </label>
                  <p
                    class="text-sm text-gray-900"
                  >
                    Av. Brasil, 100
                  </p>
                </div>
                <div>
                  <label
                    class="text-xs text-gray-500 uppercase tracking-wide"
                  >
                    Localiza├º├úo
                  </label>
                  <p
                    class="text-sm text-gray-900"
                  >
                    Curitiba, PR
                  </p>
                </div>
                <div>
                  <label
                    class="text-xs text-gray-500 uppercase tracking-wide"
                  >
                    Respons├ível
                  </label>
                  <p
                    class="text-sm text-gray-900"
                  >
                    Responsavel X
                  </p>
                </div>
              </div>
            </div>
          </div>
          <div
            class="bg-white rounded-lg shadow-sm p-6 border border-gray-200"
          >
            <div
              class="flex items-center gap-3 mb-4"
            >
              <div
                class="p-3 bg-primary-100 rounded-lg"
              >
                <svg
                  aria-hidden="true"
                  class="lucide lucide-credit-card text-primary-600"
                  fill="none"
                  height="24"
                  stroke="currentColor"
                  stroke-linecap="round"
                  stroke-linejoin="round"
                  stroke-width="2"
                  viewBox="0 0 24 24"
                  width="24"
                  xmlns="http://www.w3.org/2000/svg"
                >
                  <rect
                    height="14"
                    rx="2"
                    width="20"
                    x="2"
                    y="5"
                  />
                  <line
                    x1="2"
                    x2="22"
                    y1="10"
                    y2="10"
                  />
                </svg>
              </div>
              <div>
                <h2
                  class="text-lg font-semibold text-gray-900"
                >
                  Dados Financeiros de Laudos
                </h2>
                <p
                  class="text-sm text-gray-600"
                >
                  Hist├│rico de pagamentos
                </p>
              </div>
            </div>
            <p
              class="text-sm text-gray-500 py-4 text-center"
            >
              Nenhum pagamento registrado at├® o momento.
            </p>
          </div>
        </div>
      </div>
    </body>

      326 |     render(<ContaSection />);
      327 |
    > 328 |     await waitFor(() => {
          |                  ^
      329 |       expect(
      330 |         screen.getAllByText('triagem@clinica.com').length
      331 |       ).toBeGreaterThanOrEqual(1);

      at waitForWrapper (node_modules/.pnpm/@testing-library+dom@10.4.1/node_modules/@testing-library/dom/dist/wait-for.js:163:27)
      at Object.<anonymous> (__tests__/clinica/clinica-conta-section.test.tsx:328:18)

  ÔùÅ ContaSection ÔÇ║ displays gestor profile badges correctly

    Unable to find an element with the text: Gestor RH. This could be because the text is broken up by multiple elements. In this case, you can provide a function for your text matcher to make your matcher more flexible.

    Ignored nodes: comments, script, style
    <body>
      <div>
        <div
          class="mb-6"
        >
          <h1
            class="text-2xl font-bold text-gray-900"
          >
            Informa├º├Áes da Conta
          </h1>
          <p
            class="text-sm text-gray-600 mt-1"
          >
            Dados cadastrais da empresa e gestores
          </p>
        </div>
        <div
          class="space-y-6"
        >
          <div
            class="bg-white rounded-lg shadow-sm p-6 border border-gray-200"
          >
            <div
              class="flex items-center gap-3 mb-4"
            >
              <div
                class="p-3 bg-primary-100 rounded-lg"
              >
                <svg
                  aria-hidden="true"
                  class="lucide lucide-building2 lucide-building-2 text-primary-600"
                  fill="none"
                  height="24"
                  stroke="currentColor"
                  stroke-linecap="round"
                  stroke-linejoin="round"
                  stroke-width="2"
                  viewBox="0 0 24 24"
                  width="24"
                  xmlns="http://www.w3.org/2000/svg"
                >
                  <path
                    d="M10 12h4"
                  />
                  <path
                    d="M10 8h4"
                  />
                  <path
                    d="M14 21v-3a2 2 0 0 0-4 0v3"
                  />
                  <path
                    d="M6 10H4a2 2 0 0 0-2 2v7a2 2 0 0 0 2 2h16a2 2 0 0 0 2-2V9a2 2 0 0 0-2-2h-2"
                  />
                  <path
                    d="M6 21V5a2 2 0 0 1 2-2h8a2 2 0 0 1 2 2v16"
                  />
                </svg>
              </div>
              <div>
                <h2
                  class="text-lg font-semibold text-gray-900"
                >
                  Dados da Empresa
                </h2>
                <p
                  class="text-sm text-gray-600"
                >
                  Informa├º├Áes cadastrais
                </p>
              </div>
            </div>
            <div
              class="grid grid-cols-1 md:grid-cols-2 gap-6"
            >
              <div
                class="space-y-3"
              >
                <div>
                  <label
                    class="text-xs text-gray-500 uppercase tracking-wide"
                  >
                    Nome
                  </label>
                  <p
                    class="text-sm text-gray-900 font-medium"
                  >
                    Cl├¡nica ABC
                  </p>
                </div>
                <div>
                  <label
                    class="text-xs text-gray-500 uppercase tracking-wide"
                  >
                    CNPJ
                  </label>
                  <p
                    class="text-sm text-gray-900"
                  >
                    12.345.678/0001-90
                  </p>
                </div>
                <div>
                  <label
                    class="text-xs text-gray-500 uppercase tracking-wide"
                  >
                    Email
                  </label>
                  <p
                    class="text-sm text-gray-900"
                  >
                    contato@clinicaabc.com
                  </p>
                </div>
                <div>
                  <label
                    class="text-xs text-gray-500 uppercase tracking-wide"
                  >
                    Telefone
                  </label>
                  <p
                    class="text-sm text-gray-900"
                  >
                    (11) 99999-9999
                  </p>
                </div>
              </div>
              <div
                class="space-y-3"
              >
                <div>
                  <label
                    class="text-xs text-gray-500 uppercase tracking-wide"
                  >
                    Endere├ºo
                  </label>
                  <p
                    class="text-sm text-gray-900"
                  >
                    Rua das Flores, 123
                  </p>
                </div>
                <div>
                  <label
                    class="text-xs text-gray-500 uppercase tracking-wide"
                  >
                    Localiza├º├úo
                  </label>
                  <p
                    class="text-sm text-gray-900"
                  >
                    S├úo Paulo, SP
                  </p>
                </div>
                <div>
                  <label
                    class="text-xs text-gray-500 uppercase tracking-wide"
                  >
                    Data de Cadastro
                  </label>
                  <p
                    class="text-sm text-gray-900"
                  >
                    27/12/2025
                  </p>
                </div>
              </div>
            </div>
          </div>
          <div
            class="bg-white rounded-lg shadow-sm p-6 border border-gray-200"
          >
            <div
              class="flex items-center gap-3 mb-4"
            >
              <div
                class="p-3 bg-primary-100 rounded-lg"
              >
                <svg
                  aria-hidden="true"
                  class="lucide lucide-credit-card text-primary-600"
                  fill="none"
                  height="24"
                  stroke="currentColor"
                  stroke-linecap="round"
                  stroke-linejoin="round"
                  stroke-width="2"
                  viewBox="0 0 24 24"
                  width="24"
                  xmlns="http://www.w3.org/2000/svg"
                >
                  <rect
                    height="14"
                    rx="2"
                    width="20"
                    x="2"
                    y="5"
                  />
                  <line
                    x1="2"
                    x2="22"
                    y1="10"
                    y2="10"
                  />
                </svg>
              </div>
              <div>
                <h2
                  class="text-lg font-semibold text-gray-900"
                >
                  Dados Financeiros de Laudos
                </h2>
                <p
                  class="text-sm text-gray-600"
                >
                  Hist├│rico de pagamentos
                </p>
              </div>
            </div>
            <p
              class="text-sm text-gray-500 py-4 text-center"
            >
              Nenhum pagamento registrado at├® o momento.
            </p>
          </div>
        </div>
      </div>
    </body>

      408 |     render(<ContaSection />);
      409 |
    > 410 |     await waitFor(() => {
          |                  ^
      411 |       expect(screen.getByText('Gestor RH')).toBeInTheDocument();
      412 |       expect(screen.getByText('admin')).toBeInTheDocument();
      413 |     });

      at waitForWrapper (node_modules/.pnpm/@testing-library+dom@10.4.1/node_modules/@testing-library/dom/dist/wait-for.js:163:27)
      at Object.<anonymous> (__tests__/clinica/clinica-conta-section.test.tsx:410:18)

  ÔùÅ ContaSection ÔÇ║ exibe se├º├úo Plano com resumo quando dispon├¡vel

    Unable to find role="button" and name `/Plano/i`

    Ignored nodes: comments, script, style
    <body>
      <div>
        <div
          class="mb-6"
        >
          <h1
            class="text-2xl font-bold text-gray-900"
          >
            Informa├º├Áes da Conta
          </h1>
          <p
            class="text-sm text-gray-600 mt-1"
          >
            Dados cadastrais da empresa e gestores
          </p>
        </div>
        <div
          class="space-y-6"
        >
          <div
            class="bg-white rounded-lg shadow-sm p-6 border border-gray-200"
          >
            <div
              class="flex items-center gap-3 mb-4"
            >
              <div
                class="p-3 bg-primary-100 rounded-lg"
              >
                <svg
                  aria-hidden="true"
                  class="lucide lucide-building2 lucide-building-2 text-primary-600"
                  fill="none"
                  height="24"
                  stroke="currentColor"
                  stroke-linecap="round"
                  stroke-linejoin="round"
                  stroke-width="2"
                  viewBox="0 0 24 24"
                  width="24"
                  xmlns="http://www.w3.org/2000/svg"
                >
                  <path
                    d="M10 12h4"
                  />
                  <path
                    d="M10 8h4"
                  />
                  <path
                    d="M14 21v-3a2 2 0 0 0-4 0v3"
                  />
                  <path
                    d="M6 10H4a2 2 0 0 0-2 2v7a2 2 0 0 0 2 2h16a2 2 0 0 0 2-2V9a2 2 0 0 0-2-2h-2"
                  />
                  <path
                    d="M6 21V5a2 2 0 0 1 2-2h8a2 2 0 0 1 2 2v16"
                  />
                </svg>
              </div>
              <div>
                <h2
                  class="text-lg font-semibold text-gray-900"
                >
                  Dados da Empresa
                </h2>
                <p
                  class="text-sm text-gray-600"
                >
                  Informa├º├Áes cadastrais
                </p>
              </div>
            </div>
            <div
              class="grid grid-cols-1 md:grid-cols-2 gap-6"
            >
              <div
                class="space-y-3"
              >
                <div>
                  <label
                    class="text-xs text-gray-500 uppercase tracking-wide"
                  >
                    Nome
                  </label>
                  <p
                    class="text-sm text-gray-900 font-medium"
                  >
                    Cl├¡nica com Plano
                  </p>
                </div>
                <div>
                  <label
                    class="text-xs text-gray-500 uppercase tracking-wide"
                  >
                    CNPJ
                  </label>
                  <p
                    class="text-sm text-gray-900"
                  >
                    12.345.678/0001-90
                  </p>
                </div>
                <div>
                  <label
                    class="text-xs text-gray-500 uppercase tracking-wide"
                  >
                    Email
                  </label>
                  <p
                    class="text-sm text-gray-900"
                  >
                    plano@clinica.com
                  </p>
                </div>
                <div>
                  <label
                    class="text-xs text-gray-500 uppercase tracking-wide"
                  >
                    Telefone
                  </label>
                  <p
                    class="text-sm text-gray-900"
                  >
                    (11) 99999-9999
                  </p>
                </div>
              </div>
              <div
                class="space-y-3"
              >
                <div>
                  <label
                    class="text-xs text-gray-500 uppercase tracking-wide"
                  >
                    Endere├ºo
                  </label>
                  <p
                    class="text-sm text-gray-900"
                  >
                    Rua do Plano, 10
                  </p>
                </div>
                <div>
                  <label
                    class="text-xs text-gray-500 uppercase tracking-wide"
                  >
                    Localiza├º├úo
                  </label>
                  <p
                    class="text-sm text-gray-900"
                  >
                    Cidade, SP
                  </p>
                </div>
                <div>
                  <label
                    class="text-xs text-gray-500 uppercase tracking-wide"
                  >
                    Data de Cadastro
                  </label>
                  <p
                    class="text-sm text-gray-900"
                  >
                    27/12/2025
                  </p>
                </div>
              </div>
            </div>
          </div>
          <div
            class="bg-white rounded-lg shadow-sm p-6 border border-gray-200"
          >
            <div
              class="flex items-center gap-3 mb-4"
            >
              <div
                class="p-3 bg-primary-100 rounded-lg"
              >
                <svg
                  aria-hidden="true"
                  class="lucide lucide-credit-card text-primary-600"
                  fill="none"
                  height="24"
                  stroke="currentColor"
                  stroke-linecap="round"
                  stroke-linejoin="round"
                  stroke-width="2"
                  viewBox="0 0 24 24"
                  width="24"
                  xmlns="http://www.w3.org/2000/svg"
                >
                  <rect
                    height="14"
                    rx="2"
                    width="20"
                    x="2"
                    y="5"
                  />
                  <line
                    x1="2"
                    x2="22"
                    y1="10"
                    y2="10"
                  />
                </svg>
              </div>
              <div>
                <h2
                  class="text-lg font-semibold text-gray-900"
                >
                  Dados Financeiros de Laudos
                </h2>
                <p
                  class="text-sm text-gray-600"
                >
                  Hist├│rico de pagamentos
                </p>
              </div>
            </div>
            <p
              class="text-sm text-gray-500 py-4 text-center"
            >
              Nenhum pagamento registrado at├® o momento.
            </p>
          </div>
        </div>
      </div>
    </body>

      486 |
      487 |     // Ir para aba Plano para ver o resumo financeiro
    > 488 |     const planoTab = await screen.findByRole('button', { name: /Plano/i });
          |                                   ^
      489 |     await userEvent.click(planoTab);
      490 |
      491 |     // Aguarda os elementos din├ómicos da aba Plano aparecerem

      at waitForWrapper (node_modules/.pnpm/@testing-library+dom@10.4.1/node_modules/@testing-library/dom/dist/wait-for.js:163:27)
      at node_modules/.pnpm/@testing-library+dom@10.4.1/node_modules/@testing-library/dom/dist/query-helpers.js:86:33
      at Object.findByRole (__tests__/clinica/clinica-conta-section.test.tsx:488:35)

  ÔùÅ ContaSection ÔÇ║ handles missing optional fields

    Unable to find an element with the text: Jo├úo Silva. This could be because the text is broken up by multiple elements. In this case, you can provide a function for your text matcher to make your matcher more flexible.

    Ignored nodes: comments, script, style
    <body>
      <div>
        <div
          class="mb-6"
        >
          <h1
            class="text-2xl font-bold text-gray-900"
          >
            Informa├º├Áes da Conta
          </h1>
          <p
            class="text-sm text-gray-600 mt-1"
          >
            Dados cadastrais da empresa e gestores
          </p>
        </div>
        <div
          class="space-y-6"
        >
          <div
            class="bg-white rounded-lg shadow-sm p-6 border border-gray-200"
          >
            <div
              class="flex items-center gap-3 mb-4"
            >
              <div
                class="p-3 bg-primary-100 rounded-lg"
              >
                <svg
                  aria-hidden="true"
                  class="lucide lucide-building2 lucide-building-2 text-primary-600"
                  fill="none"
                  height="24"
                  stroke="currentColor"
                  stroke-linecap="round"
                  stroke-linejoin="round"
                  stroke-width="2"
                  viewBox="0 0 24 24"
                  width="24"
                  xmlns="http://www.w3.org/2000/svg"
                >
                  <path
                    d="M10 12h4"
                  />
                  <path
                    d="M10 8h4"
                  />
                  <path
                    d="M14 21v-3a2 2 0 0 0-4 0v3"
                  />
                  <path
                    d="M6 10H4a2 2 0 0 0-2 2v7a2 2 0 0 0 2 2h16a2 2 0 0 0 2-2V9a2 2 0 0 0-2-2h-2"
                  />
                  <path
                    d="M6 21V5a2 2 0 0 1 2-2h8a2 2 0 0 1 2 2v16"
                  />
                </svg>
              </div>
              <div>
                <h2
                  class="text-lg font-semibold text-gray-900"
                >
                  Dados da Empresa
                </h2>
                <p
                  class="text-sm text-gray-600"
                >
                  Informa├º├Áes cadastrais
                </p>
              </div>
            </div>
            <div
              class="grid grid-cols-1 md:grid-cols-2 gap-6"
            >
              <div
                class="space-y-3"
              >
                <div>
                  <label
                    class="text-xs text-gray-500 uppercase tracking-wide"
                  >
                    Nome
                  </label>
                  <p
                    class="text-sm text-gray-900 font-medium"
                  >
                    Cl├¡nica ABC
                  </p>
                </div>
              </div>
              <div
                class="space-y-3"
              />
            </div>
          </div>
          <div
            class="bg-white rounded-lg shadow-sm p-6 border border-gray-200"
          >
            <div
              class="flex items-center gap-3 mb-4"
            >
              <div
                class="p-3 bg-primary-100 rounded-lg"
              >
                <svg
                  aria-hidden="true"
                  class="lucide lucide-credit-card text-primary-600"
                  fill="none"
                  height="24"
                  stroke="currentColor"
                  stroke-linecap="round"
                  stroke-linejoin="round"
                  stroke-width="2"
                  viewBox="0 0 24 24"
                  width="24"
                  xmlns="http://www.w3.org/2000/svg"
                >
                  <rect
                    height="14"
                    rx="2"
                    width="20"
                    x="2"
                    y="5"
                  />
                  <line
                    x1="2"
                    x2="22"
                    y1="10"
                    y2="10"
                  />
                </svg>
              </div>
              <div>
                <h2
                  class="text-lg font-semibold text-gray-900"
                >
                  Dados Financeiros de Laudos
                </h2>
                <p
                  class="text-sm text-gray-600"
                >
                  Hist├│rico de pagamentos
                </p>
              </div>
            </div>
            <p
              class="text-sm text-gray-500 py-4 text-center"
            >
              Nenhum pagamento registrado at├® o momento.
            </p>
          </div>
        </div>
      </div>
    </body>

      585 |     render(<ContaSection />);
      586 |
    > 587 |     await waitFor(() => {
          |                  ^
      588 |       expect(screen.getByText('Cl├¡nica ABC')).toBeInTheDocument();
      589 |       expect(screen.getByText('Jo├úo Silva')).toBeInTheDocument();
      590 |       // Campos opcionais n├úo devem aparecer se forem null

      at waitForWrapper (node_modules/.pnpm/@testing-library+dom@10.4.1/node_modules/@testing-library/dom/dist/wait-for.js:163:27)
      at Object.<anonymous> (__tests__/clinica/clinica-conta-section.test.tsx:587:18)

  ÔùÅ ContaSection ÔÇ║ handles empty gestores list

    Unable to find an element with the text: Nenhum gestor RH cadastrado. This could be because the text is broken up by multiple elements. In this case, you can provide a function for your text matcher to make your matcher more flexible.

    Ignored nodes: comments, script, style
    <body>
      <div>
        <div
          class="mb-6"
        >
          <h1
            class="text-2xl font-bold text-gray-900"
          >
            Informa├º├Áes da Conta
          </h1>
          <p
            class="text-sm text-gray-600 mt-1"
          >
            Dados cadastrais da empresa e gestores
          </p>
        </div>
        <div
          class="space-y-6"
        >
          <div
            class="bg-white rounded-lg shadow-sm p-6 border border-gray-200"
          >
            <div
              class="flex items-center gap-3 mb-4"
            >
              <div
                class="p-3 bg-primary-100 rounded-lg"
              >
                <svg
                  aria-hidden="true"
                  class="lucide lucide-building2 lucide-building-2 text-primary-600"
                  fill="none"
                  height="24"
                  stroke="currentColor"
                  stroke-linecap="round"
                  stroke-linejoin="round"
                  stroke-width="2"
                  viewBox="0 0 24 24"
                  width="24"
                  xmlns="http://www.w3.org/2000/svg"
                >
                  <path
                    d="M10 12h4"
                  />
                  <path
                    d="M10 8h4"
                  />
                  <path
                    d="M14 21v-3a2 2 0 0 0-4 0v3"
                  />
                  <path
                    d="M6 10H4a2 2 0 0 0-2 2v7a2 2 0 0 0 2 2h16a2 2 0 0 0 2-2V9a2 2 0 0 0-2-2h-2"
                  />
                  <path
                    d="M6 21V5a2 2 0 0 1 2-2h8a2 2 0 0 1 2 2v16"
                  />
                </svg>
              </div>
              <div>
                <h2
                  class="text-lg font-semibold text-gray-900"
                >
                  Dados da Empresa
                </h2>
                <p
                  class="text-sm text-gray-600"
                >
                  Informa├º├Áes cadastrais
                </p>
              </div>
            </div>
            <div
              class="grid grid-cols-1 md:grid-cols-2 gap-6"
            >
              <div
                class="space-y-3"
              >
                <div>
                  <label
                    class="text-xs text-gray-500 uppercase tracking-wide"
                  >
                    Nome
                  </label>
                  <p
                    class="text-sm text-gray-900 font-medium"
                  >
                    Cl├¡nica ABC
                  </p>
                </div>
                <div>
                  <label
                    class="text-xs text-gray-500 uppercase tracking-wide"
                  >
                    CNPJ
                  </label>
                  <p
                    class="text-sm text-gray-900"
                  >
                    12.345.678/0001-90
                  </p>
                </div>
                <div>
                  <label
                    class="text-xs text-gray-500 uppercase tracking-wide"
                  >
                    Email
                  </label>
                  <p
                    class="text-sm text-gray-900"
                  >
                    contato@clinicaabc.com
                  </p>
                </div>
                <div>
                  <label
                    class="text-xs text-gray-500 uppercase tracking-wide"
                  >
                    Telefone
                  </label>
                  <p
                    class="text-sm text-gray-900"
                  >
                    (11) 99999-9999
                  </p>
                </div>
              </div>
              <div
                class="space-y-3"
              >
                <div>
                  <label
                    class="text-xs text-gray-500 uppercase tracking-wide"
                  >
                    Endere├ºo
                  </label>
                  <p
                    class="text-sm text-gray-900"
                  >
                    Rua das Flores, 123
                  </p>
                </div>
                <div>
                  <label
                    class="text-xs text-gray-500 uppercase tracking-wide"
                  >
                    Localiza├º├úo
                  </label>
                  <p
                    class="text-sm text-gray-900"
                  >
                    S├úo Paulo, SP
                  </p>
                </div>
                <div>
                  <label
                    class="text-xs text-gray-500 uppercase tracking-wide"
                  >
                    Data de Cadastro
                  </label>
                  <p
                    class="text-sm text-gray-900"
                  >
                    27/12/2025
                  </p>
                </div>
              </div>
            </div>
          </div>
          <div
            class="bg-white rounded-lg shadow-sm p-6 border border-gray-200"
          >
            <div
              class="flex items-center gap-3 mb-4"
            >
              <div
                class="p-3 bg-primary-100 rounded-lg"
              >
                <svg
                  aria-hidden="true"
                  class="lucide lucide-credit-card text-primary-600"
                  fill="none"
                  height="24"
                  stroke="currentColor"
                  stroke-linecap="round"
                  stroke-linejoin="round"
                  stroke-width="2"
                  viewBox="0 0 24 24"
                  width="24"
                  xmlns="http://www.w3.org/2000/svg"
                >
                  <rect
                    height="14"
                    rx="2"
                    width="20"
                    x="2"
                    y="5"
                  />
                  <line
                    x1="2"
                    x2="22"
                    y1="10"
                    y2="10"
                  />
                </svg>
              </div>
              <div>
                <h2
                  class="text-lg font-semibold text-gray-900"
                >
                  Dados Financeiros de Laudos
                </h2>
                <p
                  class="text-sm text-gray-600"
                >
                  Hist├│rico de pagamentos
                </p>
              </div>
            </div>
            <p
              class="text-sm text-gray-500 py-4 text-center"
            >
              Nenhum pagamento registrado at├® o momento.
            </p>
          </div>
        </div>
      </div>
    </body>

      610 |     render(<ContaSection />);
      611 |
    > 612 |     await waitFor(() => {
          |                  ^
      613 |       expect(
      614 |         screen.getByText('Nenhum gestor RH cadastrado')
      615 |       ).toBeInTheDocument();

      at waitForWrapper (node_modules/.pnpm/@testing-library+dom@10.4.1/node_modules/@testing-library/dom/dist/wait-for.js:163:27)
      at Object.<anonymous> (__tests__/clinica/clinica-conta-section.test.tsx:612:18)

RBAC seed applied to test database
RBAC seed applied to test database
RBAC seed applied to test database
PASS __tests__/auth/confirmacao-identidade.test.ts
  ÔùÅ Console

    console.log
      [dotenv@17.2.3] injecting env (0) from .env.test -- tip: ÔÜÖ´©Å  override existing env vars with { override: true }

      at _log (node_modules/.pnpm/dotenv@17.2.3/node_modules/dotenv/lib/main.js:142:11)

    console.log
      ­ƒøí´©Å [jest.setup] Removendo DATABASE_URL do ambiente de testes (valor n├úo importa)

      at Object.<anonymous> (__tests__/config/jest.setup.js:125:17)

    console.log
      ­ƒøí´©Å [jest.setup] Prote├º├úo do banco de testes ativada - usando: nr-bps_db_test

      at Object.<anonymous> (__tests__/config/jest.setup.js:150:13)

RBAC seed applied to test database
RBAC seed applied to test database
FAIL __tests__/integracao/correcoes-completas.test.ts
  ÔùÅ Console

    console.log
      [dotenv@17.2.3] injecting env (0) from .env.test -- tip: ­ƒöÉ prevent building .env in docker: https://dotenvx.com/prebuild

      at _log (node_modules/.pnpm/dotenv@17.2.3/node_modules/dotenv/lib/main.js:142:11)

    console.log
      ­ƒøí´©Å [jest.setup] Removendo DATABASE_URL do ambiente de testes (valor n├úo importa)

      at Object.<anonymous> (__tests__/config/jest.setup.js:125:17)

    console.log
      ­ƒøí´©Å [jest.setup] Prote├º├úo do banco de testes ativada - usando: nr-bps_db_test

      at Object.<anonymous> (__tests__/config/jest.setup.js:150:13)

  ÔùÅ ­ƒöä Integra├º├úo Completa - Corre├º├Áes Cr├¡ticas ÔÇ║ ­ƒÅó Fluxo Completo: Account-Info + Autentica├º├úo ÔÇ║ ­ƒöÉ Login ÔåÆ Account-Info ÔåÆ Logout completo

    expect(received).toBe(expected) // Object.is equality

    Expected: 200
    Received: 500

      114 |       const accountData = await response.json();
      115 |
    > 116 |       expect(response.status).toBe(200);
          |                               ^
      117 |       expect(accountData.tomador.id).toBe(18);
      118 |       expect(accountData.tomador.nome).toBe('RELEGERE');
      119 |

      at Object.toBe (__tests__/integracao/correcoes-completas.test.ts:116:31)

  ÔùÅ ­ƒöä Integra├º├úo Completa - Corre├º├Áes Cr├¡ticas ÔÇ║ ­ƒÅó Fluxo Completo: Account-Info + Autentica├º├úo ÔÇ║ ­ƒÜ½ Tentativa de acesso n├úo autorizado deve falhar

    expect(received).toBe(expected) // Object.is equality

    Expected: 401
    Received: 500

      145 |       const response = await GET(request);
      146 |
    > 147 |       expect(response.status).toBe(401);
          |                               ^
      148 |       expect(await response.json()).toEqual({
      149 |         error: 'N├úo autorizado',
      150 |       });

      at Object.toBe (__tests__/integracao/correcoes-completas.test.ts:147:31)

  ÔùÅ ­ƒöä Integra├º├úo Completa - Corre├º├Áes Cr├¡ticas ÔÇ║ ­ƒøí´©Å Prote├º├úo de Senhas + Auditoria Completa ÔÇ║ ­ƒÜ½ DELETE direto ÔåÆ Fun├º├úo segura ÔåÆ Auditoria

    expect(received).rejects.toThrow()

    Received promise resolved instead of rejected
    Resolved to value: [{"cnpj": "12345678000123", "criado_em": "2025-12-22T20:51:18.804Z", "id": 18, "nome": "RELEGERE", "numero_funcionarios": 50, "status": "ativo", "tipo": "entidade"}]

      165 |       mockQuery.mockRejectedValueOnce(triggerError);
      166 |
    > 167 |       await expect(
          |             ^
      168 |         query('DELETE FROM entidades_senhas WHERE tomador_id = $1', [18])
      169 |       ).rejects.toThrow('OPERA├ç├âO BLOQUEADA');
      170 |

      at expect (node_modules/.pnpm/expect@30.2.0/node_modules/expect/build/index.js:2116:15)
      at Object.expect (__tests__/integracao/correcoes-completas.test.ts:167:13)

  ÔùÅ ­ƒöä Integra├º├úo Completa - Corre├º├Áes Cr├¡ticas ÔÇ║ ­ƒøí´©Å Prote├º├úo de Senhas + Auditoria Completa ÔÇ║ ­ƒôè Auditoria deve registrar todas as opera├º├Áes

    expect(received).toHaveLength(expected)

    Expected length: 3
    Received length: 0
    Received array:  []

      236 |       );
      237 |
    > 238 |       expect(result).toHaveLength(3);
          |                      ^
      239 |       expect(result[0].operacao).toBe('DELETE'); // Mais recente primeiro
      240 |       expect(result[1].operacao).toBe('UPDATE');
      241 |       expect(result[2].operacao).toBe('INSERT');

      at Object.toHaveLength (__tests__/integracao/correcoes-completas.test.ts:238:22)

  ÔùÅ ­ƒöä Integra├º├úo Completa - Corre├º├Áes Cr├¡ticas ÔÇ║ ­ƒöº Scripts de Limpeza Protegidos ÔÇ║ ­ƒº╣ Scripts antigos vs novos

    expect(received).rejects.toThrow()

    Received promise resolved instead of rejected
    Resolved to value: []

      257 |
      258 |       // Script antigo deve falhar
    > 259 |       await expect(query(scriptAntigoQuery)).rejects.toThrow(
          |             ^
      260 |         'OPERA├ç├âO BLOQUEADA'
      261 |       );
      262 |

      at expect (node_modules/.pnpm/expect@30.2.0/node_modules/expect/build/index.js:2116:15)
      at Object.expect (__tests__/integracao/correcoes-completas.test.ts:259:13)

  ÔùÅ ­ƒöä Integra├º├úo Completa - Corre├º├Áes Cr├¡ticas ÔÇ║ ­ƒôê Cen├írios de Stress e Edge Cases ÔÇ║ ­ƒöä M├║ltiplos usu├írios simult├óneos

    OPERA├ç├âO BLOQUEADA: Delete de senhas requer autoriza├º├úo expl├¡cita

      160 |
      161 |       // 1. TENTATIVA DE DELETE DIRETO (DEVE FALHAR)
    > 162 |       const triggerError = new Error(
          |                            ^
      163 |         'OPERA├ç├âO BLOQUEADA: Delete de senhas requer autoriza├º├úo expl├¡cita'
      164 |       );
      165 |       mockQuery.mockRejectedValueOnce(triggerError);

      at Object.<anonymous> (__tests__/integracao/correcoes-completas.test.ts:162:28)

  ÔùÅ ­ƒöä Integra├º├úo Completa - Corre├º├Áes Cr├¡ticas ÔÇ║ ­ƒôê Cen├írios de Stress e Edge Cases ÔÇ║ ­ƒÆÑ Recupera├º├úo de falhas de rede

    expect(received).rejects.toThrow()

    Received promise resolved instead of rejected
    Resolved to value: [{"senha_hash": "$2a$06$validHash"}]

      342 |
      343 |       // Primeira tentativa falha
    > 344 |       await expect(
          |             ^
      345 |         query('SELECT senha_hash FROM entidades_senhas WHERE cpf = $1', [
      346 |           '87545772920',
      347 |         ])

      at expect (node_modules/.pnpm/expect@30.2.0/node_modules/expect/build/index.js:2116:15)
      at Object.expect (__tests__/integracao/correcoes-completas.test.ts:344:13)

  ÔùÅ ­ƒöä Integra├º├úo Completa - Corre├º├Áes Cr├¡ticas ÔÇ║ ­ƒôê Cen├írios de Stress e Edge Cases ÔÇ║ ­ƒôè Grande volume de dados

    expect(received).toHaveLength(expected)

    Expected length: 1000
    Received length: 1
    Received array:  [{"tomador": {"id": 18}}]

      372 |       );
      373 |
    > 374 |       expect(result).toHaveLength(1000);
          |                      ^
      375 |
      376 |       // Verificar performance (simulado)
      377 |       const startTime = Date.now();

      at Object.toHaveLength (__tests__/integracao/correcoes-completas.test.ts:374:22)

  ÔùÅ ­ƒöä Integra├º├úo Completa - Corre├º├Áes Cr├¡ticas ÔÇ║ ­ƒöì Valida├º├úo de Dados e Consist├¬ncia ÔÇ║ ­ƒöù Integridade referencial tomadors Ôåö senhas

    Connection timeout

      338 |       // Simular falha de conex├úo
      339 |       mockQuery
    > 340 |         .mockRejectedValueOnce(new Error('Connection timeout'))
          |                                ^
      341 |         .mockResolvedValueOnce([{ senha_hash: '$2a$06$validHash' }]); // Retry funciona
      342 |
      343 |       // Primeira tentativa falha

      at Object.<anonymous> (__tests__/integracao/correcoes-completas.test.ts:340:32)

  ÔùÅ ­ƒöä Integra├º├úo Completa - Corre├º├Áes Cr├¡ticas ÔÇ║ ­ƒöì Valida├º├úo de Dados e Consist├¬ncia ÔÇ║ ­ƒôï Consist├¬ncia de dados account-info

    expect(received).toHaveProperty(path)

    Expected path: "tomador"
    Received path: []

    Received value: {"error": "Erro interno do servidor"}

      468 |
      469 |       // Verificar estrutura completa
    > 470 |       expect(data).toHaveProperty('tomador');
          |                    ^
      471 |       expect(data).toHaveProperty('contratos');
      472 |       expect(data).toHaveProperty('pagamentos');
      473 |

      at Object.toHaveProperty (__tests__/integracao/correcoes-completas.test.ts:470:20)

FAIL __tests__/funcionario/dashboard.test.tsx (7.615 s)
  ÔùÅ Console

    console.log
      [dotenv@17.2.3] injecting env (0) from .env.test -- tip: ­ƒöÉ encrypt with Dotenvx: https://dotenvx.com

      at _log (node_modules/.pnpm/dotenv@17.2.3/node_modules/dotenv/lib/main.js:142:11)

    console.log
      ­ƒøí´©Å [jest.setup] Removendo DATABASE_URL do ambiente de testes (valor n├úo importa)

      at Object.<anonymous> (__tests__/config/jest.setup.js:125:17)

    console.log
      ­ƒøí´©Å [jest.setup] Prote├º├úo do banco de testes ativada - usando: nr-bps_db_test

      at Object.<anonymous> (__tests__/config/jest.setup.js:150:13)

    console.log
      [Dashboard] Avalia├º├Áes carregadas: { total: 1, concluidas: 0, disponiveis: 1, comRespostas: 0 }

      at log (app/dashboard/page.tsx:71:15)

    console.log
      [Dashboard] Avalia├º├Áes dispon├¡veis para iniciar: { total: 1, ids: [ '#1 (em_andamento)' ] }

      at log (app/dashboard/page.tsx:95:11)

    console.log
      [Dashboard] Avalia├º├Áes carregadas: { total: 1, concluidas: 0, disponiveis: 1, comRespostas: 0 }

      at log (app/dashboard/page.tsx:71:15)

    console.log
      [Dashboard] Avalia├º├Áes dispon├¡veis para iniciar: { total: 1, ids: [ '#1 (em_andamento)' ] }

      at log (app/dashboard/page.tsx:95:11)

    console.log
      [Dashboard] Avalia├º├Áes carregadas: { total: 1, concluidas: 0, disponiveis: 1, comRespostas: 0 }

      at log (app/dashboard/page.tsx:71:15)

    console.log
      [Dashboard] Avalia├º├Áes dispon├¡veis para iniciar: { total: 1, ids: [ '#1 (iniciada)' ] }

      at log (app/dashboard/page.tsx:95:11)

    console.log
      [Dashboard] Avalia├º├Áes carregadas: { total: 1, concluidas: 0, disponiveis: 1, comRespostas: 0 }

      at log (app/dashboard/page.tsx:71:15)

    console.log
      [Dashboard] Avalia├º├Áes dispon├¡veis para iniciar: { total: 1, ids: [ '#1 (em_andamento)' ] }

      at log (app/dashboard/page.tsx:95:11)

    console.log
      [Dashboard] Avalia├º├Áes carregadas: { total: 1, concluidas: 0, disponiveis: 1, comRespostas: 0 }

      at log (app/dashboard/page.tsx:71:15)

    console.log
      [Dashboard] Avalia├º├Áes dispon├¡veis para iniciar: { total: 1, ids: [ '#1 (em_andamento)' ] }

      at log (app/dashboard/page.tsx:95:11)

    console.log
      [Dashboard] Avalia├º├Áes carregadas: { total: 2, concluidas: 0, disponiveis: 2, comRespostas: 0 }

      at log (app/dashboard/page.tsx:71:15)

    console.log
      [Dashboard] Avalia├º├Áes dispon├¡veis para iniciar: { total: 2, ids: [ '#1 (iniciada)', '#2 (em_andamento)' ] }

      at log (app/dashboard/page.tsx:95:11)

    console.log
      [Dashboard] Avalia├º├Áes carregadas: { total: 1, concluidas: 0, disponiveis: 1, comRespostas: 0 }

      at log (app/dashboard/page.tsx:71:15)

    console.log
      [Dashboard] Avalia├º├Áes dispon├¡veis para iniciar: { total: 1, ids: [ '#123 (em_andamento)' ] }

      at log (app/dashboard/page.tsx:95:11)

    console.log
      [Dashboard] Avalia├º├Áes carregadas: { total: 1, concluidas: 1, disponiveis: 0, comRespostas: 0 }

      at log (app/dashboard/page.tsx:71:15)

    console.log
      [Dashboard] Avalia├º├Áes carregadas: { total: 1, concluidas: 1, disponiveis: 0, comRespostas: 0 }

      at log (app/dashboard/page.tsx:71:15)

    console.log
      [Dashboard] Avalia├º├Áes dispon├¡veis para iniciar: { total: 0, ids: [] }

      at log (app/dashboard/page.tsx:95:11)

    console.log
      [Dashboard] Avalia├º├Áes carregadas: { total: 1, concluidas: 1, disponiveis: 0, comRespostas: 0 }

      at log (app/dashboard/page.tsx:71:15)

    console.log
      [Dashboard] Avalia├º├Áes dispon├¡veis para iniciar: { total: 0, ids: [] }

      at log (app/dashboard/page.tsx:95:11)

    console.log
      [Dashboard] Avalia├º├Áes carregadas: { total: 1, concluidas: 1, disponiveis: 0, comRespostas: 0 }

      at log (app/dashboard/page.tsx:71:15)

    console.log
      [Dashboard] Avalia├º├Áes dispon├¡veis para iniciar: { total: 0, ids: [] }

      at log (app/dashboard/page.tsx:95:11)

    console.log
      [Dashboard] Avalia├º├Áes carregadas: { total: 2, concluidas: 2, disponiveis: 0, comRespostas: 0 }

      at log (app/dashboard/page.tsx:71:15)

    console.log
      [Dashboard] Avalia├º├Áes dispon├¡veis para iniciar: { total: 0, ids: [] }

      at log (app/dashboard/page.tsx:95:11)

    console.log
      [Dashboard] Avalia├º├Áes carregadas: { total: 1, concluidas: 1, disponiveis: 0, comRespostas: 0 }

      at log (app/dashboard/page.tsx:71:15)

    console.log
      [Dashboard] Avalia├º├Áes dispon├¡veis para iniciar: { total: 0, ids: [] }

      at log (app/dashboard/page.tsx:95:11)

    console.log
      [Dashboard] Avalia├º├Áes carregadas: { total: 1, concluidas: 0, disponiveis: 1, comRespostas: 0 }

      at log (app/dashboard/page.tsx:71:15)

    console.log
      [Dashboard] Avalia├º├Áes dispon├¡veis para iniciar: { total: 1, ids: [ '#1 (iniciada)' ] }

      at log (app/dashboard/page.tsx:95:11)

    console.log
      [Dashboard] Avalia├º├Áes carregadas: { total: 2, concluidas: 1, disponiveis: 1, comRespostas: 0 }

      at log (app/dashboard/page.tsx:71:15)

    console.log
      [Dashboard] Avalia├º├Áes dispon├¡veis para iniciar: { total: 1, ids: [ '#1 (em_andamento)' ] }

      at log (app/dashboard/page.tsx:95:11)

    console.log
      [Dashboard] Avalia├º├Áes carregadas: { total: 1, concluidas: 1, disponiveis: 0, comRespostas: 0 }

      at log (app/dashboard/page.tsx:71:15)

    console.log
      [Dashboard] Avalia├º├Áes dispon├¡veis para iniciar: { total: 0, ids: [] }

      at log (app/dashboard/page.tsx:95:11)

  ÔùÅ Dashboard do Funcion├írio ÔÇ║ Item 9: Dashboard exibe card "Avalia├º├úo em andamento" ÔÇ║ deve exibir card com avalia├º├úo em andamento

    Unable to find an element with the text: /continuar/i. This could be because the text is broken up by multiple elements. In this case, you can provide a function for your text matcher to make your matcher more flexible.

    Ignored nodes: comments, script, style
    <body>
      <div>
        <div
          class="min-h-screen bg-gray-50 p-6"
        >
          <div
            class="max-w-4xl mx-auto"
          >
            <div
              class="flex justify-between items-start mb-8"
            >
              <div>
                <h1
                  class="text-3xl font-bold mb-2"
                >
                  Bem-vindo, 
                  Jo├úo Silva
                  !
                </h1>
                <p
                  class="text-gray-600"
                >
                  Sistema de avalia├º├úo psicossocial Qwork (COPSOQ III).
                  <br />
                  A avalia├º├úo leva cerca de 15-20 minutos.
                </p>
              </div>
              <button
                class="bg-red-500 hover:bg-red-600 text-white px-4 py-2 rounded-lg font-medium transition-colors"
              >
                Sair
              </button>
            </div>
            <div
              class="bg-white rounded-2xl shadow-xl p-8 mb-8 border-4 border-blue-400"
            >
              <h2
                class="text-2xl font-bold text-blue-600 mb-6"
              >
                Avalia├º├Áes Dispon├¡veis
              </h2>
              <div
                class="space-y-4"
              >
                <div
                  class="flex justify-between items-center p-4 bg-gray-50 rounded-xl"
                >
                  <div>
                    <p
                      class="font-bold"
                    >
                      Avalia├º├úo #
                      1
                    </p>
                    <p
                      class="text-sm text-gray-600"
                    >
                      Liberada em 
                      20/02/2026, 12:38
                    </p>
                  </div>
                  <a
                    class="inline-block bg-blue-500 hover:bg-blue-600 text-white px-6 py-3 rounded-lg font-semibold"
                    href="/avaliacao?id=1"
                  >
                    Iniciar
                     
                    Avalia├º├úo
                  </a>
                </div>
              </div>
            </div>
            <h2
              class="text-2xl font-bold mt-12 mb-6"
            >
              Hist├│rico
            </h2>
            <p
              class="text-gray-500"
            >
              Nenhuma avalia├º├úo conclu├¡da.
            </p>
          </div>
        </div>
      </div>
    </body>

      46 |       render(<Dashboard />);
      47 |
    > 48 |       await waitFor(() => {
         |                    ^
      49 |         expect(screen.getByText(/continuar/i)).toBeInTheDocument();
      50 |       });
      51 |     });

      at waitForWrapper (node_modules/.pnpm/@testing-library+dom@10.4.1/node_modules/@testing-library/dom/dist/wait-for.js:163:27)
      at Object.<anonymous> (__tests__/funcionario/dashboard.test.tsx:48:20)

  ÔùÅ Dashboard do Funcion├írio ÔÇ║ Item 9: Dashboard exibe card "Avalia├º├úo em andamento" ÔÇ║ deve exibir bot├úo "Continuar Avalia├º├úo" para avalia├º├úo em andamento

    Unable to find an element with the text: /continuar/i. This could be because the text is broken up by multiple elements. In this case, you can provide a function for your text matcher to make your matcher more flexible.

    Ignored nodes: comments, script, style
    <body>
      <div>
        <div
          class="min-h-screen bg-gray-50 p-6"
        >
          <div
            class="max-w-4xl mx-auto"
          >
            <div
              class="flex justify-between items-start mb-8"
            >
              <div>
                <h1
                  class="text-3xl font-bold mb-2"
                >
                  Bem-vindo, 
                  Jo├úo Silva
                  !
                </h1>
                <p
                  class="text-gray-600"
                >
                  Sistema de avalia├º├úo psicossocial Qwork (COPSOQ III).
                  <br />
                  A avalia├º├úo leva cerca de 15-20 minutos.
                </p>
              </div>
              <button
                class="bg-red-500 hover:bg-red-600 text-white px-4 py-2 rounded-lg font-medium transition-colors"
              >
                Sair
              </button>
            </div>
            <div
              class="bg-white rounded-2xl shadow-xl p-8 mb-8 border-4 border-blue-400"
            >
              <h2
                class="text-2xl font-bold text-blue-600 mb-6"
              >
                Avalia├º├Áes Dispon├¡veis
              </h2>
              <div
                class="space-y-4"
              >
                <div
                  class="flex justify-between items-center p-4 bg-gray-50 rounded-xl"
                >
                  <div>
                    <p
                      class="font-bold"
                    >
                      Avalia├º├úo #
                      1
                    </p>
                    <p
                      class="text-sm text-gray-600"
                    >
                      Liberada em 
                      20/02/2026, 12:38
                    </p>
                  </div>
                  <a
                    class="inline-block bg-blue-500 hover:bg-blue-600 text-white px-6 py-3 rounded-lg font-semibold"
                    href="/avaliacao?id=1"
                  >
                    Iniciar
                     
                    Avalia├º├úo
                  </a>
                </div>
              </div>
            </div>
            <h2
              class="text-2xl font-bold mt-12 mb-6"
            >
              Hist├│rico
            </h2>
            <p
              class="text-gray-500"
            >
              Nenhuma avalia├º├úo conclu├¡da.
            </p>
          </div>
        </div>
      </div>
    </body>

      75 |       render(<Dashboard />);
      76 |
    > 77 |       await waitFor(() => {
         |                    ^
      78 |         expect(screen.getByText(/continuar/i)).toBeInTheDocument();
      79 |       });
      80 |     });

      at waitForWrapper (node_modules/.pnpm/@testing-library+dom@10.4.1/node_modules/@testing-library/dom/dist/wait-for.js:163:27)
      at Object.<anonymous> (__tests__/funcionario/dashboard.test.tsx:77:20)

  ÔùÅ Dashboard do Funcion├írio ÔÇ║ Item 9: Dashboard exibe card "Avalia├º├úo em andamento" ÔÇ║ deve permitir clicar no card para ir para avalia├º├úo

    Unable to find an element with the text: /continuar/i. This could be because the text is broken up by multiple elements. In this case, you can provide a function for your text matcher to make your matcher more flexible.

    Ignored nodes: comments, script, style
    <body>
      <div>
        <div
          class="min-h-screen bg-gray-50 p-6"
        >
          <div
            class="max-w-4xl mx-auto"
          >
            <div
              class="flex justify-between items-start mb-8"
            >
              <div>
                <h1
                  class="text-3xl font-bold mb-2"
                >
                  Bem-vindo, 
                  Jo├úo Silva
                  !
                </h1>
                <p
                  class="text-gray-600"
                >
                  Sistema de avalia├º├úo psicossocial Qwork (COPSOQ III).
                  <br />
                  A avalia├º├úo leva cerca de 15-20 minutos.
                </p>
              </div>
              <button
                class="bg-red-500 hover:bg-red-600 text-white px-4 py-2 rounded-lg font-medium transition-colors"
              >
                Sair
              </button>
            </div>
            <div
              class="bg-white rounded-2xl shadow-xl p-8 mb-8 border-4 border-blue-400"
            >
              <h2
                class="text-2xl font-bold text-blue-600 mb-6"
              >
                Avalia├º├Áes Dispon├¡veis
              </h2>
              <div
                class="space-y-4"
              >
                <div
                  class="flex justify-between items-center p-4 bg-gray-50 rounded-xl"
                >
                  <div>
                    <p
                      class="font-bold"
                    >
                      Avalia├º├úo #
                      123
                    </p>
                    <p
                      class="text-sm text-gray-600"
                    >
                      Liberada em 
                      20/02/2026, 12:38
                    </p>
                  </div>
                  <a
                    class="inline-block bg-blue-500 hover:bg-blue-600 text-white px-6 py-3 rounded-lg font-semibold"
                    href="/avaliacao?id=123"
                  >
                    Iniciar
                     
                    Avalia├º├úo
                  </a>
                </div>
              </div>
            </div>
            <h2
              class="text-2xl font-bold mt-12 mb-6"
            >
              Hist├│rico
            </h2>
            <p
              class="text-gray-500"
            >
              Nenhuma avalia├º├úo conclu├¡da.
            </p>
          </div>
        </div>
      </div>
    </body>

      243 |       render(<Dashboard />);
      244 |
    > 245 |       await waitFor(() => {
          |                    ^
      246 |         expect(screen.getByText(/continuar/i)).toBeInTheDocument();
      247 |       });
      248 |

      at waitForWrapper (node_modules/.pnpm/@testing-library+dom@10.4.1/node_modules/@testing-library/dom/dist/wait-for.js:163:27)
      at Object.<anonymous> (__tests__/funcionario/dashboard.test.tsx:245:20)

  ÔùÅ Dashboard do Funcion├írio ÔÇ║ Item 10: Dashboard lista avalia├º├Áes conclu├¡das ÔÇ║ deve exibir data de conclus├úo nas avalia├º├Áes finalizadas

    Unable to find an element with the text: /conclu├¡da em/i. This could be because the text is broken up by multiple elements. In this case, you can provide a function for your text matcher to make your matcher more flexible.

    Ignored nodes: comments, script, style
    <body>
      <div>
        <div
          class="min-h-screen bg-gray-50 p-6"
        >
          <div
            class="max-w-4xl mx-auto"
          >
            <div
              class="flex justify-between items-start mb-8"
            >
              <div>
                <h1
                  class="text-3xl font-bold mb-2"
                >
                  Bem-vindo, 
                  Jo├úo Silva
                  !
                </h1>
                <p
                  class="text-gray-600"
                >
                  Sistema de avalia├º├úo psicossocial Qwork (COPSOQ III).
                  <br />
                  A avalia├º├úo leva cerca de 15-20 minutos.
                </p>
              </div>
              <button
                class="bg-red-500 hover:bg-red-600 text-white px-4 py-2 rounded-lg font-medium transition-colors"
              >
                Sair
              </button>
            </div>
            <h2
              class="text-2xl font-bold mt-12 mb-6"
            >
              Hist├│rico
            </h2>
            <div
              class="space-y-4"
            >
              <div
                class="bg-white rounded-xl shadow p-6 flex justify-between items-center"
              >
                <div>
                  <p
                    class="font-bold text-green-600"
                  >
                    Ô£ô Avalia├º├úo #
                    1
                     Conclu├¡da
                  </p>
                  <p
                    class="text-sm text-gray-600"
                  >
                    Finalizada em 
                    05/01/2025, 11:30
                  </p>
                </div>
                <a
                  class="inline-block bg-green-500 hover:bg-green-600 text-white px-6 py-3 rounded-lg font-semibold transition-colors"
                  href="/avaliacao/concluida?avaliacao_id=1"
                >
                  Ver Comprovante
                </a>
              </div>
            </div>
          </div>
        </div>
      </div>
    </body>

      343 |       render(<Dashboard />);
      344 |
    > 345 |       await waitFor(() => {
          |                    ^
      346 |         expect(screen.getByText(/conclu├¡da em/i)).toBeInTheDocument();
      347 |       });
      348 |     });

      at waitForWrapper (node_modules/.pnpm/@testing-library+dom@10.4.1/node_modules/@testing-library/dom/dist/wait-for.js:163:27)
      at Object.<anonymous> (__tests__/funcionario/dashboard.test.tsx:345:20)

  ÔùÅ Dashboard do Funcion├írio ÔÇ║ Item 10: Dashboard lista avalia├º├Áes conclu├¡das ÔÇ║ deve exibir data e hora de conclus├úo das avalia├º├Áes finalizadas

    Unable to find an element with the text: /conclu├¡da em/i. This could be because the text is broken up by multiple elements. In this case, you can provide a function for your text matcher to make your matcher more flexible.

    Ignored nodes: comments, script, style
    <body>
      <div>
        <div
          class="min-h-screen bg-gray-50 p-6"
        >
          <div
            class="max-w-4xl mx-auto"
          >
            <div
              class="flex justify-between items-start mb-8"
            >
              <div>
                <h1
                  class="text-3xl font-bold mb-2"
                >
                  Bem-vindo, 
                  Jo├úo Silva
                  !
                </h1>
                <p
                  class="text-gray-600"
                >
                  Sistema de avalia├º├úo psicossocial Qwork (COPSOQ III).
                  <br />
                  A avalia├º├úo leva cerca de 15-20 minutos.
                </p>
              </div>
              <button
                class="bg-red-500 hover:bg-red-600 text-white px-4 py-2 rounded-lg font-medium transition-colors"
              >
                Sair
              </button>
            </div>
            <h2
              class="text-2xl font-bold mt-12 mb-6"
            >
              Hist├│rico
            </h2>
            <div
              class="space-y-4"
            >
              <div
                class="bg-white rounded-xl shadow p-6 flex justify-between items-center"
              >
                <div>
                  <p
                    class="font-bold text-green-600"
                  >
                    Ô£ô Avalia├º├úo #
                    1
                     Conclu├¡da
                  </p>
                  <p
                    class="text-sm text-gray-600"
                  >
                    Finalizada em 
                    05/01/2025, 13:45
                  </p>
                </div>
                <a
                  class="inline-block bg-green-500 hover:bg-green-600 text-white px-6 py-3 rounded-lg font-semibold transition-colors"
                  href="/avaliacao/concluida?avaliacao_id=1"
                >
                  Ver Comprovante
                </a>
              </div>
            </div>
          </div>
        </div>
      </div>
    </body>

      374 |       render(<Dashboard />);
      375 |
    > 376 |       await waitFor(() => {
          |                    ^
      377 |         // Deve exibir data formatada (formato pode variar com toLocaleString)
      378 |         expect(screen.getByText(/conclu├¡da em/i)).toBeInTheDocument();
      379 |         expect(screen.getByText(/\d{2}\/\d{2}\/\d{4}/)).toBeInTheDocument(); // Formato DD/MM/YYYY

      at waitForWrapper (node_modules/.pnpm/@testing-library+dom@10.4.1/node_modules/@testing-library/dom/dist/wait-for.js:163:27)
      at Object.<anonymous> (__tests__/funcionario/dashboard.test.tsx:376:20)

FAIL __tests__/emissor/emissor-page-client-pdf.test.tsx
  ÔùÅ Console

    console.log
      [dotenv@17.2.3] injecting env (0) from .env.test -- tip: ­ƒöæ add access controls to secrets: https://dotenvx.com/ops

      at _log (node_modules/.pnpm/dotenv@17.2.3/node_modules/dotenv/lib/main.js:142:11)

    console.log
      ­ƒøí´©Å [jest.setup] Removendo DATABASE_URL do ambiente de testes (valor n├úo importa)

      at Object.<anonymous> (__tests__/config/jest.setup.js:125:17)

    console.log
      ­ƒøí´©Å [jest.setup] Prote├º├úo do banco de testes ativada - usando: nr-bps_db_test

      at Object.<anonymous> (__tests__/config/jest.setup.js:150:13)

  ÔùÅ EmissorDashboard - Client-side PDF Generation ÔÇ║ Cen├írio 1: PDF existe no servidor ÔÇ║ deve fazer download direto do PDF

    expect(received).toBe(expected) // Object.is equality

    Expected: "laudo-LOTE-ABC.pdf"
    Received: "laudo-123.pdf"

      109 |       );
      110 |       expect(mockLink.click).toHaveBeenCalled();
    > 111 |       expect(mockLink.download).toBe('laudo-LOTE-ABC.pdf');
          |                                 ^
      112 |     });
      113 |   });
      114 |

      at Object.toBe (__tests__/emissor/emissor-page-client-pdf.test.tsx:111:33)

  ÔùÅ EmissorDashboard - Client-side PDF Generation ÔÇ║ Cen├írio 3: gerarPDFClientSide ÔÇ║ deve criar iframe, renderizar HTML e gerar PDF

    expect(jest.fn()).toHaveBeenCalledWith(...expected)

    Expected: "[SUCCESS] PDF gerado e baixado: laudo-123.pdf"
    Received: "[PDF] Iniciando gera├º├úo client-side para lote 123..."

    Number of calls: 1

      345 |         '[PDF] Iniciando gera├º├úo client-side para lote 123...'
      346 |       );
    > 347 |       expect(consoleSpy).toHaveBeenCalledWith(
          |                          ^
      348 |         '[SUCCESS] PDF gerado e baixado: laudo-123.pdf'
      349 |       );
      350 |

      at Object.toHaveBeenCalledWith (__tests__/emissor/emissor-page-client-pdf.test.tsx:347:26)


  ÔùÅ  Cannot log after tests are done. Did you forget to wait for something async in your test?
    Attempted to log "[db][query] ERROR executing (no session): INSERT INTO tomadors (
                  tipo, nome, cnpj, email, telefone,
                  endereco, cidade, estado, cep,
                  responsavel_nome, responsavel_cpf, responsavel_email, responsavel_celular,
                  plano_id, status
                ) VALUES (
                  'entidade', 'Concorrente 3', $1, $2, '11999999999',
                  'Rua 3, 3', 'S├úo Paulo', 'SP', '01234567',
                  'Teste3', '33333333333', 
                  'teste3@test.com', '11988888888',
                  1, 'pendente'
                ) [ '66177160188804200003', 'concurrent3-1771601888042@test.com' ] rela├º├úo "tomadors" n├úo existe".

      502 |           };
      503 |         } catch (err) {
    > 504 |           console.error(
          |                   ^
      505 |             '[db][query] ERROR executing (no session):',
      506 |             text,
      507 |             params,

      at console.error (node_modules/.pnpm/@jest+console@30.2.0/node_modules/@jest/console/build/index.js:124:10)
      at error (lib/db.ts:504:19)
          at async Promise.all (index 3)


  ÔùÅ  Cannot log after tests are done. Did you forget to wait for something async in your test?
    Attempted to log "Erro na query do banco (test, 3675ms): [error: rela├º├úo "tomadors" n├úo existe] {
      length: 104,
      severity: 'ERRO',
      code: '42P01',
      detail: undefined,
      hint: undefined,
      position: '13',
      internalPosition: undefined,
      internalQuery: undefined,
      where: undefined,
      schema: undefined,
      table: undefined,
      column: undefined,
      dataType: undefined,
      constraint: undefined,
      file: 'parse_relation.c',
      line: '1452',
      routine: 'parserOpenTable'
    }".

      599 |   } catch (error) {
      600 |     const duration = Date.now() - start;
    > 601 |     console.error(
          |             ^
      602 |       `Erro na query do banco (${environment}, ${duration}ms):`,
      603 |       error
      604 |     );

      at console.error (node_modules/.pnpm/@jest+console@30.2.0/node_modules/@jest/console/build/index.js:124:10)
      at error (lib/db.ts:601:13)
          at async Promise.all (index 3)


  ÔùÅ  Cannot log after tests are done. Did you forget to wait for something async in your test?
    Attempted to log "[db][query] ERROR executing (no session): INSERT INTO tomadors (
                  tipo, nome, cnpj, email, telefone,
                  endereco, cidade, estado, cep,
                  responsavel_nome, responsavel_cpf, responsavel_email, responsavel_celular,
                  plano_id, status
                ) VALUES (
                  'entidade', 'Concorrente 1', $1, $2, '11999999999',
                  'Rua 1, 1', 'S├úo Paulo', 'SP', '01234567',
                  'Teste1', '11111111111', 
                  'teste1@test.com', '11988888888',
                  1, 'pendente'
                ) [ '66177160188804200001', 'concurrent1-1771601888042@test.com' ] rela├º├úo "tomadors" n├úo existe".

      502 |           };
      503 |         } catch (err) {
    > 504 |           console.error(
          |                   ^
      505 |             '[db][query] ERROR executing (no session):',
      506 |             text,
      507 |             params,

      at console.error (node_modules/.pnpm/@jest+console@30.2.0/node_modules/@jest/console/build/index.js:124:10)
      at error (lib/db.ts:504:19)
          at async Promise.all (index 1)


  ÔùÅ  Cannot log after tests are done. Did you forget to wait for something async in your test?
    Attempted to log "Erro na query do banco (test, 3721ms): [error: rela├º├úo "tomadors" n├úo existe] {
      length: 104,
      severity: 'ERRO',
      code: '42P01',
      detail: undefined,
      hint: undefined,
      position: '13',
      internalPosition: undefined,
      internalQuery: undefined,
      where: undefined,
      schema: undefined,
      table: undefined,
      column: undefined,
      dataType: undefined,
      constraint: undefined,
      file: 'parse_relation.c',
      line: '1452',
      routine: 'parserOpenTable'
    }".

      599 |   } catch (error) {
      600 |     const duration = Date.now() - start;
    > 601 |     console.error(
          |             ^
      602 |       `Erro na query do banco (${environment}, ${duration}ms):`,
      603 |       error
      604 |     );

      at console.error (node_modules/.pnpm/@jest+console@30.2.0/node_modules/@jest/console/build/index.js:124:10)
      at error (lib/db.ts:601:13)
          at async Promise.all (index 1)


  ÔùÅ  Cannot log after tests are done. Did you forget to wait for something async in your test?
    Attempted to log "[db][query] ERROR executing (no session): INSERT INTO tomadors (
                  tipo, nome, cnpj, email, telefone,
                  endereco, cidade, estado, cep,
                  responsavel_nome, responsavel_cpf, responsavel_email, responsavel_celular,
                  plano_id, status
                ) VALUES (
                  'entidade', 'Concorrente 2', $1, $2, '11999999999',
                  'Rua 2, 2', 'S├úo Paulo', 'SP', '01234567',
                  'Teste2', '22222222222', 
                  'teste2@test.com', '11988888888',
                  1, 'pendente'
                ) [ '66177160188804200002', 'concurrent2-1771601888042@test.com' ] rela├º├úo "tomadors" n├úo existe".

      502 |           };
      503 |         } catch (err) {
    > 504 |           console.error(
          |                   ^
      505 |             '[db][query] ERROR executing (no session):',
      506 |             text,
      507 |             params,

      at console.error (node_modules/.pnpm/@jest+console@30.2.0/node_modules/@jest/console/build/index.js:124:10)
      at error (lib/db.ts:504:19)
          at async Promise.all (index 2)


  ÔùÅ  Cannot log after tests are done. Did you forget to wait for something async in your test?
    Attempted to log "Erro na query do banco (test, 3757ms): [error: rela├º├úo "tomadors" n├úo existe] {
      length: 104,
      severity: 'ERRO',
      code: '42P01',
      detail: undefined,
      hint: undefined,
      position: '13',
      internalPosition: undefined,
      internalQuery: undefined,
      where: undefined,
      schema: undefined,
      table: undefined,
      column: undefined,
      dataType: undefined,
      constraint: undefined,
      file: 'parse_relation.c',
      line: '1452',
      routine: 'parserOpenTable'
    }".

      599 |   } catch (error) {
      600 |     const duration = Date.now() - start;
    > 601 |     console.error(
          |             ^
      602 |       `Erro na query do banco (${environment}, ${duration}ms):`,
      603 |       error
      604 |     );

      at console.error (node_modules/.pnpm/@jest+console@30.2.0/node_modules/@jest/console/build/index.js:124:10)
      at error (lib/db.ts:601:13)
          at async Promise.all (index 2)

RBAC seed applied to test database
RBAC seed applied to test database
RBAC seed applied to test database
FAIL __tests__/api/pagamento/iniciar.test.ts
  ÔùÅ Console

    console.log
      [dotenv@17.2.3] injecting env (0) from .env.test -- tip: ­ƒöÉ prevent committing .env to code: https://dotenvx.com/precommit

      at _log (node_modules/.pnpm/dotenv@17.2.3/node_modules/dotenv/lib/main.js:142:11)

    console.log
      ­ƒøí´©Å [jest.setup] Removendo DATABASE_URL do ambiente de testes (valor n├úo importa)

      at Object.<anonymous> (__tests__/config/jest.setup.js:125:17)

    console.log
      ­ƒøí´©Å [jest.setup] Prote├º├úo do banco de testes ativada - usando: nr-bps_db_test

      at Object.<anonymous> (__tests__/config/jest.setup.js:150:13)

    console.log
      [PAGAMENTO] Nenhum contrato_id informado para tomador 1, buscando contrato aceito associado

      at log (app/api/pagamento/iniciar/route.ts:86:15)

    console.log
      [PAGAMENTO] Dados calculados: {
        tomador_id: 1,
        tipo: undefined,
        plano_id: 1,
        numero_funcionarios: 10,
        valor_total: 500,
        plano_tipo: undefined
      }

      at log (app/api/pagamento/iniciar/route.ts:276:13)

    console.log
      [PAGAMENTO] Dados calculados: {
        tomador_id: 1,
        tipo: undefined,
        plano_id: 1,
        numero_funcionarios: 10,
        valor_total: 500,
        plano_tipo: undefined
      }

      at log (app/api/pagamento/iniciar/route.ts:276:13)

    console.log
      [PAGAMENTO] Dados calculados: {
        tomador_id: 1,
        tipo: undefined,
        plano_id: 1,
        numero_funcionarios: 1,
        valor_total: 0,
        plano_tipo: undefined
      }

      at log (app/api/pagamento/iniciar/route.ts:276:13)

    console.log
      [PAGAMENTO] Dados calculados: {
        tomador_id: 1,
        tipo: undefined,
        plano_id: 2,
        numero_funcionarios: 1,
        valor_total: 100,
        plano_tipo: undefined
      }

      at log (app/api/pagamento/iniciar/route.ts:276:13)

    console.log
      [PAGAMENTO] Dados calculados: {
        tomador_id: 1,
        tipo: undefined,
        plano_id: 1,
        numero_funcionarios: 1,
        valor_total: 75,
        plano_tipo: undefined
      }

      at log (app/api/pagamento/iniciar/route.ts:276:13)

    console.log
      [PAGAMENTO] Dados calculados: {
        tomador_id: 1,
        tipo: undefined,
        plano_id: 1,
        numero_funcionarios: 1,
        valor_total: 0,
        plano_tipo: undefined
      }

      at log (app/api/pagamento/iniciar/route.ts:276:13)

  ÔùÅ API /api/pagamento/iniciar - iniciar pagamento ÔÇ║ deve retornar erro se tomador n├úo for encontrado

    expect(received).toBe(expected) // Object.is equality

    Expected: "tomador n├úo encontrado"
    Received: "Tomador n├úo encontrado"

      75 |
      76 |     const body = await resp.json();
    > 77 |     expect(body.error).toBe('tomador n├úo encontrado');
         |                        ^
      78 |   });
      79 |
      80 |   it('deve retornar erro se status do tomador n├úo for aguardando_pagamento', async () => {

      at Object.toBe (__tests__/api/pagamento/iniciar.test.ts:77:24)

  ÔùÅ API /api/pagamento/iniciar - iniciar pagamento ÔÇ║ deve retornar erro se status do tomador n├úo for aguardando_pagamento

    expect(received).toBe(expected) // Object.is equality

    Expected: 400
    Received: 500

      100 |
      101 |     const resp: any = await POST(fakeRequest);
    > 102 |     expect(resp.status).toBe(400);
          |                         ^
      103 |
      104 |     const body = await resp.json();
      105 |     expect(body.error).toBe('Status inv├ílido para pagamento');

      at Object.toBe (__tests__/api/pagamento/iniciar.test.ts:102:25)

  ÔùÅ API /api/pagamento/iniciar - iniciar pagamento ÔÇ║ deve iniciar pagamento com sucesso

    expect(received).toContain(expected) // indexOf

    Expected substring: "SELECT c.id"
    Received string:    "SELECT t.id, t.nome, t.plano_id, t.status, COALESCE(t.numero_funcionarios_estimado, 1) as numero_funcionarios,┬À
                    t.tipo,
                    p.nome as plano_nome, p.tipo as plano_tipo, p.preco, ctr.id as contrato_id, ctr.aceito as contrato_aceito, ctr.valor_total as contrato_valor_total
             FROM tomadores t
             LEFT JOIN planos p ON t.plano_id = p.id
             JOIN contratos ctr ON ctr.tomador_id = t.id AND ctr.id = $2
             WHERE t.id = $1"

      204 |     expect(mockQuery).toHaveBeenCalledTimes(4);
      205 |     // Primeira chamada: busca tomador (com JOIN contratos quando contrato_id fornecido)
    > 206 |     expect(mockQuery.mock.calls[0][0]).toContain('SELECT c.id');
          |                                        ^
      207 |     expect(mockQuery.mock.calls[0][1]).toEqual([1, 1]);
      208 |     // Segunda chamada: busca pagamento existente
      209 |     expect(mockQuery.mock.calls[1][0]).toContain(

      at Object.toContain (__tests__/api/pagamento/iniciar.test.ts:206:40)

  ÔùÅ API /api/pagamento/iniciar - iniciar pagamento ÔÇ║ deve falhar quando contrato espec├¡fico n├úo existe (mesmo com tomador v├ílido)

    expect(received).toBe(expected) // Object.is equality

    Expected: "tomador n├úo encontrado"
    Received: "Tomador n├úo encontrado"

      356 |
      357 |     const body = await resp.json();
    > 358 |     expect(body.error).toBe('tomador n├úo encontrado');
          |                        ^
      359 |   });
      360 |
      361 |   it('deve funcionar quando tomador e contrato existem e est├úo relacionados', async () => {

      at Object.toBe (__tests__/api/pagamento/iniciar.test.ts:358:24)

  ÔùÅ API /api/pagamento/iniciar - iniciar pagamento ÔÇ║ deve validar que a query usa a estrutura correta ap├│s limpeza de dados

    expect(received).toContain(expected) // indexOf

    Expected substring: "ctr.tomador_id = c.id"
    Received string:    "SELECT t.id, t.nome, t.plano_id, t.status, COALESCE(t.numero_funcionarios_estimado, 1) as numero_funcionarios,┬À
                    t.tipo,
                    p.nome as plano_nome, p.tipo as plano_tipo, p.preco, ctr.id as contrato_id, ctr.aceito as contrato_aceito, ctr.valor_total as contrato_valor_total
             FROM tomadores t
             LEFT JOIN planos p ON t.plano_id = p.id
             JOIN contratos ctr ON ctr.tomador_id = t.id AND ctr.id = $2
             WHERE t.id = $1"

      501 |     const querySQL = mockQuery.mock.calls[0][0];
      502 |     expect(querySQL).toContain('JOIN contratos ctr');
    > 503 |     expect(querySQL).toContain('ctr.tomador_id = c.id');
          |                      ^
      504 |     expect(querySQL).toContain('ctr.id = $2');
      505 |     expect(querySQL).not.toContain('contratos_planos');
      506 |   });

      at Object.toContain (__tests__/api/pagamento/iniciar.test.ts:503:22)

RBAC seed applied to test database
PASS __tests__/avaliacao/popup-ui.test.tsx (6.299 s)
  ÔùÅ Console

    console.log
      [dotenv@17.2.3] injecting env (0) from .env.test -- tip: ­ƒöÉ prevent committing .env to code: https://dotenvx.com/precommit

      at _log (node_modules/.pnpm/dotenv@17.2.3/node_modules/dotenv/lib/main.js:142:11)

    console.log
      ­ƒøí´©Å [jest.setup] Removendo DATABASE_URL do ambiente de testes (valor n├úo importa)

      at Object.<anonymous> (__tests__/config/jest.setup.js:125:17)

    console.log
      ­ƒøí´©Å [jest.setup] Prote├º├úo do banco de testes ativada - usando: nr-bps_db_test

      at Object.<anonymous> (__tests__/config/jest.setup.js:150:13)

    console.log
      [DEBUG] userNivelCargo: operacional

      at log (app/avaliacao/page.tsx:50:17)

    console.log
      [DEBUG] questoesPorNivel grupos: 10

      at log (app/avaliacao/page.tsx:51:17)

    console.log
      [DEBUG] todasQuestoesCarregadas: 37

      at log (app/avaliacao/page.tsx:65:17)

    console.log
      [AVALIA├ç├âO] Usando avaliacaoId: 1

      at log (app/avaliacao/page.tsx:128:17)

    console.log
      [DEBUG] userNivelCargo: operacional

      at log (app/avaliacao/page.tsx:50:17)

    console.log
      [DEBUG] questoesPorNivel grupos: 10

      at log (app/avaliacao/page.tsx:51:17)

    console.log
      [DEBUG] todasQuestoesCarregadas: 37

      at log (app/avaliacao/page.tsx:65:17)

    console.log
      [AVALIA├ç├âO] Usando avaliacaoId: 1

      at log (app/avaliacao/page.tsx:128:17)

    console.log
      [DEBUG] userNivelCargo: operacional

      at log (app/avaliacao/page.tsx:50:17)

    console.log
      [DEBUG] questoesPorNivel grupos: 10

      at log (app/avaliacao/page.tsx:51:17)

    console.log
      [DEBUG] todasQuestoesCarregadas: 37

      at log (app/avaliacao/page.tsx:65:17)

    console.log
      [AVALIA├ç├âO] Usando avaliacaoId: 1

      at log (app/avaliacao/page.tsx:128:17)

    console.log
      [DEBUG] userNivelCargo: operacional

      at log (app/avaliacao/page.tsx:50:17)

    console.log
      [DEBUG] questoesPorNivel grupos: 10

      at log (app/avaliacao/page.tsx:51:17)

    console.log
      [DEBUG] todasQuestoesCarregadas: 37

      at log (app/avaliacao/page.tsx:65:17)

    console.log
      [AVALIA├ç├âO] Usando avaliacaoId: 1

      at log (app/avaliacao/page.tsx:128:17)

    console.log
      [DEBUG] userNivelCargo: operacional

      at log (app/avaliacao/page.tsx:50:17)

    console.log
      [DEBUG] questoesPorNivel grupos: 10

      at log (app/avaliacao/page.tsx:51:17)

    console.log
      [DEBUG] todasQuestoesCarregadas: 37

      at log (app/avaliacao/page.tsx:65:17)

    console.log
      [AVALIA├ç├âO] Usando avaliacaoId: 1

      at log (app/avaliacao/page.tsx:128:17)

    console.log
      [DEBUG] userNivelCargo: operacional

      at log (app/avaliacao/page.tsx:50:17)

    console.log
      [DEBUG] questoesPorNivel grupos: 10

      at log (app/avaliacao/page.tsx:51:17)

    console.log
      [DEBUG] todasQuestoesCarregadas: 37

      at log (app/avaliacao/page.tsx:65:17)

    console.log
      [AVALIA├ç├âO] Usando avaliacaoId: 1

      at log (app/avaliacao/page.tsx:128:17)

    console.log
      [DEBUG] userNivelCargo: operacional

      at log (app/avaliacao/page.tsx:50:17)

    console.log
      [DEBUG] questoesPorNivel grupos: 10

      at log (app/avaliacao/page.tsx:51:17)

    console.log
      [DEBUG] todasQuestoesCarregadas: 37

      at log (app/avaliacao/page.tsx:65:17)

    console.log
      [AVALIA├ç├âO] Usando avaliacaoId: 1

      at log (app/avaliacao/page.tsx:128:17)

    console.log
      [DEBUG] userNivelCargo: operacional

      at log (app/avaliacao/page.tsx:50:17)

    console.log
      [DEBUG] questoesPorNivel grupos: 10

      at log (app/avaliacao/page.tsx:51:17)

    console.log
      [DEBUG] todasQuestoesCarregadas: 37

      at log (app/avaliacao/page.tsx:65:17)

    console.log
      [AVALIA├ç├âO] Usando avaliacaoId: 1

      at log (app/avaliacao/page.tsx:128:17)

    console.log
      [DEBUG] userNivelCargo: operacional

      at log (app/avaliacao/page.tsx:50:17)

    console.log
      [DEBUG] questoesPorNivel grupos: 10

      at log (app/avaliacao/page.tsx:51:17)

    console.log
      [DEBUG] todasQuestoesCarregadas: 37

      at log (app/avaliacao/page.tsx:65:17)

    console.log
      [AVALIA├ç├âO] Usando avaliacaoId: 1

      at log (app/avaliacao/page.tsx:128:17)

    console.log
      [DEBUG] userNivelCargo: operacional

      at log (app/avaliacao/page.tsx:50:17)

    console.log
      [DEBUG] questoesPorNivel grupos: 10

      at log (app/avaliacao/page.tsx:51:17)

    console.log
      [DEBUG] todasQuestoesCarregadas: 37

      at log (app/avaliacao/page.tsx:65:17)

    console.log
      [AVALIA├ç├âO] Usando avaliacaoId: 1

      at log (app/avaliacao/page.tsx:128:17)

    console.log
      [DEBUG] userNivelCargo: operacional

      at log (app/avaliacao/page.tsx:50:17)

    console.log
      [DEBUG] questoesPorNivel grupos: 10

      at log (app/avaliacao/page.tsx:51:17)

    console.log
      [DEBUG] todasQuestoesCarregadas: 37

      at log (app/avaliacao/page.tsx:65:17)

    console.log
      [AVALIA├ç├âO] Usando avaliacaoId: 1

      at log (app/avaliacao/page.tsx:128:17)

    console.log
      [DEBUG] userNivelCargo: operacional

      at log (app/avaliacao/page.tsx:50:17)

    console.log
      [DEBUG] questoesPorNivel grupos: 10

      at log (app/avaliacao/page.tsx:51:17)

    console.log
      [DEBUG] todasQuestoesCarregadas: 37

      at log (app/avaliacao/page.tsx:65:17)

    console.log
      [AVALIA├ç├âO] Usando avaliacaoId: 1

      at log (app/avaliacao/page.tsx:128:17)

    console.log
      [DEBUG] userNivelCargo: operacional

      at log (app/avaliacao/page.tsx:50:17)

    console.log
      [DEBUG] questoesPorNivel grupos: 10

      at log (app/avaliacao/page.tsx:51:17)

    console.log
      [DEBUG] todasQuestoesCarregadas: 37

      at log (app/avaliacao/page.tsx:65:17)

    console.log
      [AVALIA├ç├âO] Usando avaliacaoId: 1

      at log (app/avaliacao/page.tsx:128:17)

FAIL __tests__/api/account-info-payment-status-consistency.test.ts
  ÔùÅ Console

    console.log
      [dotenv@17.2.3] injecting env (0) from .env.test -- tip: ­ƒöÉ prevent committing .env to code: https://dotenvx.com/precommit

      at _log (node_modules/.pnpm/dotenv@17.2.3/node_modules/dotenv/lib/main.js:142:11)

    console.log
      ­ƒøí´©Å [jest.setup] Removendo DATABASE_URL do ambiente de testes (valor n├úo importa)

      at Object.<anonymous> (__tests__/config/jest.setup.js:125:17)

    console.log
      ­ƒøí´©Å [jest.setup] Prote├º├úo do banco de testes ativada - usando: nr-bps_db_test

      at Object.<anonymous> (__tests__/config/jest.setup.js:150:13)

    console.log
      ­ƒöî [lib/db.ts] Conectado ao banco: nr-bps_db_test @ localhost (ambiente: test)

      at Object.log (lib/db.ts:673:15)

  ÔùÅ Consist├¬ncia Payment Status - Entidade e Cl├¡nica ÔÇ║ Entidade: Status derivado de pagamentos ÔÇ║ deve mostrar status "em_aberto" quando valor pago < valor total

    error: o valor nulo na coluna "telefone" da rela├º├úo "entidades" viola a restri├º├úo de n├úo-nulo

      487 |         // No session: just execute the query normally
      488 |         try {
    > 489 |           const result = await client.query(text, params);
          |                          ^
      490 |           const duration = Date.now() - start;
      491 |
      492 |           // Log apenas queries lentas (>500ms)

      at node_modules/.pnpm/pg@8.16.3/node_modules/pg/lib/client.js:545:17
      at query (lib/db.ts:489:26)
      at Object.<anonymous> (__tests__/api/account-info-payment-status-consistency.test.ts:29:25)

  ÔùÅ Consist├¬ncia Payment Status - Entidade e Cl├¡nica ÔÇ║ Entidade: Status derivado de pagamentos ÔÇ║ deve mostrar status "quitado" quando valor pago >= valor total

    error: o valor nulo na coluna "telefone" da rela├º├úo "entidades" viola a restri├º├úo de n├úo-nulo

      487 |         // No session: just execute the query normally
      488 |         try {
    > 489 |           const result = await client.query(text, params);
          |                          ^
      490 |           const duration = Date.now() - start;
      491 |
      492 |           // Log apenas queries lentas (>500ms)

      at node_modules/.pnpm/pg@8.16.3/node_modules/pg/lib/client.js:545:17
      at query (lib/db.ts:489:26)
      at Object.<anonymous> (__tests__/api/account-info-payment-status-consistency.test.ts:29:25)

  ÔùÅ Consist├¬ncia Payment Status - Entidade e Cl├¡nica ÔÇ║ Entidade: Status derivado de pagamentos ÔÇ║ deve ajustar contrato.status para "ativo" quando pagamento est├í quitado

    error: o valor nulo na coluna "telefone" da rela├º├úo "entidades" viola a restri├º├úo de n├úo-nulo

      487 |         // No session: just execute the query normally
      488 |         try {
    > 489 |           const result = await client.query(text, params);
          |                          ^
      490 |           const duration = Date.now() - start;
      491 |
      492 |           // Log apenas queries lentas (>500ms)

      at node_modules/.pnpm/pg@8.16.3/node_modules/pg/lib/client.js:545:17
      at query (lib/db.ts:489:26)
      at Object.<anonymous> (__tests__/api/account-info-payment-status-consistency.test.ts:29:25)

  ÔùÅ Consist├¬ncia Payment Status - Entidade e Cl├¡nica ÔÇ║ Cl├¡nica: Status e valores consistentes ÔÇ║ deve calcular resumo financeiro corretamente a partir dos pagamentos

    error: o valor nulo na coluna "telefone" da rela├º├úo "entidades" viola a restri├º├úo de n├úo-nulo

      487 |         // No session: just execute the query normally
      488 |         try {
    > 489 |           const result = await client.query(text, params);
          |                          ^
      490 |           const duration = Date.now() - start;
      491 |
      492 |           // Log apenas queries lentas (>500ms)

      at node_modules/.pnpm/pg@8.16.3/node_modules/pg/lib/client.js:545:17
      at query (lib/db.ts:489:26)
      at Object.<anonymous> (__tests__/api/account-info-payment-status-consistency.test.ts:29:25)

  ÔùÅ Consist├¬ncia Payment Status - Entidade e Cl├¡nica ÔÇ║ Cl├¡nica: Status e valores consistentes ÔÇ║ deve mostrar "quitado" quando totalPago >= valor_total do plano

    error: o valor nulo na coluna "telefone" da rela├º├úo "entidades" viola a restri├º├úo de n├úo-nulo

      487 |         // No session: just execute the query normally
      488 |         try {
    > 489 |           const result = await client.query(text, params);
          |                          ^
      490 |           const duration = Date.now() - start;
      491 |
      492 |           // Log apenas queries lentas (>500ms)

      at node_modules/.pnpm/pg@8.16.3/node_modules/pg/lib/client.js:545:17
      at query (lib/db.ts:489:26)
      at Object.<anonymous> (__tests__/api/account-info-payment-status-consistency.test.ts:29:25)

  ÔùÅ Consist├¬ncia Payment Status - Entidade e Cl├¡nica ÔÇ║ Valida├º├úo: Aritm├®tica Total/Pago/Restante ÔÇ║ deve garantir que Total = Pago + Restante (Entidade)

    error: o valor nulo na coluna "telefone" da rela├º├úo "entidades" viola a restri├º├úo de n├úo-nulo

      487 |         // No session: just execute the query normally
      488 |         try {
    > 489 |           const result = await client.query(text, params);
          |                          ^
      490 |           const duration = Date.now() - start;
      491 |
      492 |           // Log apenas queries lentas (>500ms)

      at node_modules/.pnpm/pg@8.16.3/node_modules/pg/lib/client.js:545:17
      at query (lib/db.ts:489:26)
      at Object.<anonymous> (__tests__/api/account-info-payment-status-consistency.test.ts:29:25)

  ÔùÅ Consist├¬ncia Payment Status - Entidade e Cl├¡nica ÔÇ║ Valida├º├úo: Aritm├®tica Total/Pago/Restante ÔÇ║ deve garantir que Total = Pago + Restante (Cl├¡nica)

    error: o valor nulo na coluna "telefone" da rela├º├úo "entidades" viola a restri├º├úo de n├úo-nulo

      487 |         // No session: just execute the query normally
      488 |         try {
    > 489 |           const result = await client.query(text, params);
          |                          ^
      490 |           const duration = Date.now() - start;
      491 |
      492 |           // Log apenas queries lentas (>500ms)

      at node_modules/.pnpm/pg@8.16.3/node_modules/pg/lib/client.js:545:17
      at query (lib/db.ts:489:26)
      at Object.<anonymous> (__tests__/api/account-info-payment-status-consistency.test.ts:29:25)

RBAC seed applied to test database

  ÔùÅ  Cannot log after tests are done. Did you forget to wait for something async in your test?
    Attempted to log "[db][query] ERROR executing (no session): INSERT INTO tomadors (
                  tipo, nome, cnpj, email, telefone,
                  endereco, cidade, estado, cep,
                  responsavel_nome, responsavel_cpf, responsavel_email, responsavel_celular,
                  plano_id, status
                ) VALUES (
                  'entidade', 'Concorrente 4', $1, $2, '11999999999',
                  'Rua 4, 4', 'S├úo Paulo', 'SP', '01234567',
                  'Teste4', '44444444444', 
                  'teste4@test.com', '11988888888',
                  1, 'pendente'
                ) [ '66177160188804200004', 'concurrent4-1771601888042@test.com' ] rela├º├úo "tomadors" n├úo existe".

      502 |           };
      503 |         } catch (err) {
    > 504 |           console.error(
          |                   ^
      505 |             '[db][query] ERROR executing (no session):',
      506 |             text,
      507 |             params,

      at console.error (node_modules/.pnpm/@jest+console@30.2.0/node_modules/@jest/console/build/index.js:124:10)
      at error (lib/db.ts:504:19)
          at async Promise.all (index 4)


  ÔùÅ  Cannot log after tests are done. Did you forget to wait for something async in your test?
    Attempted to log "Erro na query do banco (test, 5268ms): [error: rela├º├úo "tomadors" n├úo existe] {
      length: 104,
      severity: 'ERRO',
      code: '42P01',
      detail: undefined,
      hint: undefined,
      position: '13',
      internalPosition: undefined,
      internalQuery: undefined,
      where: undefined,
      schema: undefined,
      table: undefined,
      column: undefined,
      dataType: undefined,
      constraint: undefined,
      file: 'parse_relation.c',
      line: '1452',
      routine: 'parserOpenTable'
    }".

      599 |   } catch (error) {
      600 |     const duration = Date.now() - start;
    > 601 |     console.error(
          |             ^
      602 |       `Erro na query do banco (${environment}, ${duration}ms):`,
      603 |       error
      604 |     );

      at console.error (node_modules/.pnpm/@jest+console@30.2.0/node_modules/@jest/console/build/index.js:124:10)
      at error (lib/db.ts:601:13)
          at async Promise.all (index 4)

RBAC seed applied to test database
FAIL __tests__/api/auth/login.test.ts
  ÔùÅ Console

    console.log
      [dotenv@17.2.3] injecting env (0) from .env.test -- tip: ÔÜÖ´©Å  specify custom .env file path with { path: '/custom/path/.env' }

      at _log (node_modules/.pnpm/dotenv@17.2.3/node_modules/dotenv/lib/main.js:142:11)

    console.log
      ­ƒøí´©Å [jest.setup] Removendo DATABASE_URL do ambiente de testes (valor n├úo importa)

      at Object.<anonymous> (__tests__/config/jest.setup.js:125:17)

    console.log
      ­ƒøí´©Å [jest.setup] Prote├º├úo do banco de testes ativada - usando: nr-bps_db_test

      at Object.<anonymous> (__tests__/config/jest.setup.js:150:13)

    console.log
      ­ƒöî [lib/db.ts] Conectado ao banco: nr-bps_db_test @ localhost (ambiente: test)

      at Object.log (lib/db.ts:673:15)

    console.log
      Database info: undefined

      at log (app/api/auth/login/route.ts:29:13)

    console.log
      Database info: undefined

      at log (app/api/auth/login/route.ts:29:13)

    console.log
      Database info: undefined

      at log (app/api/auth/login/route.ts:29:13)

    console.log
      [LOGIN] Buscando usu├írio CPF 99999999999 em funcionarios...

      at log (app/api/auth/login/route.ts:46:13)

    console.log
      [LOGIN] N├úo encontrado em funcionarios; buscando em usuarios...

      at log (app/api/auth/login/route.ts:91:15)

    console.log
      [LOGIN] Usu├írio n├úo encontrado: 99999999999

      at log (app/api/auth/login/route.ts:103:17)

    console.log
      Database info: undefined

      at log (app/api/auth/login/route.ts:29:13)

    console.log
      [LOGIN] Buscando usu├írio CPF 11111111111 em funcionarios...

      at log (app/api/auth/login/route.ts:46:13)

    console.log
      [LOGIN] N├úo encontrado em funcionarios; buscando em usuarios...

      at log (app/api/auth/login/route.ts:91:15)

    console.log
      [LOGIN] Usu├írio encontrado em usuarios: {
        cpf: '11111111111',
        tipo: 'gestor',
        clinica_id: null,
        entidade_id: 1,
        ativo: false
      }

      at log (app/api/auth/login/route.ts:111:15)

    console.log
      [LOGIN] Usu├írio encontrado: {
        cpf: '11111111111',
        tipo: 'gestor',
        clinica_id: null,
        entidade_id: 1,
        ativo: false
      }

      at log (app/api/auth/login/route.ts:119:13)

    console.log
      Database info: undefined

      at log (app/api/auth/login/route.ts:29:13)

    console.log
      [LOGIN] Buscando usu├írio CPF 12345678901 em funcionarios...

      at log (app/api/auth/login/route.ts:46:13)

    console.log
      [LOGIN] N├úo encontrado em funcionarios; buscando em usuarios...

      at log (app/api/auth/login/route.ts:91:15)

    console.log
      [LOGIN] Usu├írio encontrado em usuarios: {
        cpf: '12345678901',
        tipo: 'gestor',
        clinica_id: null,
        entidade_id: 1,
        ativo: true
      }

      at log (app/api/auth/login/route.ts:111:15)

    console.log
      [LOGIN] Usu├írio encontrado: {
        cpf: '12345678901',
        tipo: 'gestor',
        clinica_id: null,
        entidade_id: 1,
        ativo: true
      }

      at log (app/api/auth/login/route.ts:119:13)

    console.log
      [LOGIN] Buscando senha de gestor em entidades_senhas...

      at log (app/api/auth/login/route.ts:166:15)

    console.log
      [LOGIN] Comparando senha contra hash...

      at log (app/api/auth/login/route.ts:437:15)

    console.log
      [LOGIN] Senha v├ílida: true

      at log (app/api/auth/login/route.ts:439:15)

    console.log
      [LOGIN] Sess├úo criada para gestor

      at log (app/api/auth/login/route.ts:509:13)

    console.log
      Database info: undefined

      at log (app/api/auth/login/route.ts:29:13)

    console.log
      [LOGIN] Buscando usu├írio CPF 22222222222 em funcionarios...

      at log (app/api/auth/login/route.ts:46:13)

    console.log
      [LOGIN] N├úo encontrado em funcionarios; buscando em usuarios...

      at log (app/api/auth/login/route.ts:91:15)

    console.log
      [LOGIN] Usu├írio encontrado em usuarios: {
        cpf: '22222222222',
        tipo: 'rh',
        clinica_id: 1,
        entidade_id: null,
        ativo: true
      }

      at log (app/api/auth/login/route.ts:111:15)

    console.log
      [LOGIN] Usu├írio encontrado: {
        cpf: '22222222222',
        tipo: 'rh',
        clinica_id: 1,
        entidade_id: null,
        ativo: true
      }

      at log (app/api/auth/login/route.ts:119:13)

    console.log
      [LOGIN] Buscando senha de RH em clinicas_senhas...

      at log (app/api/auth/login/route.ts:190:15)

    console.log
      [LOGIN] Comparando senha contra hash...

      at log (app/api/auth/login/route.ts:437:15)

    console.log
      [LOGIN] Senha v├ílida: true

      at log (app/api/auth/login/route.ts:439:15)

    console.log
      [LOGIN] Sess├úo criada para rh

      at log (app/api/auth/login/route.ts:509:13)

    console.log
      Database info: undefined

      at log (app/api/auth/login/route.ts:29:13)

    console.log
      [LOGIN] Buscando usu├írio CPF 00000000000 em funcionarios...

      at log (app/api/auth/login/route.ts:46:13)

    console.log
      [LOGIN] N├úo encontrado em funcionarios; buscando em usuarios...

      at log (app/api/auth/login/route.ts:91:15)

    console.log
      [LOGIN] Usu├írio encontrado em usuarios: {
        cpf: '00000000000',
        tipo: 'admin',
        clinica_id: null,
        entidade_id: null,
        ativo: true
      }

      at log (app/api/auth/login/route.ts:111:15)

    console.log
      [LOGIN] Usu├írio encontrado: {
        cpf: '00000000000',
        tipo: 'admin',
        clinica_id: null,
        entidade_id: null,
        ativo: true
      }

      at log (app/api/auth/login/route.ts:119:13)

    console.log
      [LOGIN] admin n├úo valida senha (configura├º├úo tempor├íria)

      at log (app/api/auth/login/route.ts:237:15)

    console.log
      Database info: undefined

      at log (app/api/auth/login/route.ts:29:13)

    console.log
      [LOGIN] Buscando usu├írio CPF 33333333333 em funcionarios...

      at log (app/api/auth/login/route.ts:46:13)

    console.log
      [LOGIN] N├úo encontrado em funcionarios; buscando em usuarios...

      at log (app/api/auth/login/route.ts:91:15)

    console.log
      [LOGIN] Usu├írio encontrado em usuarios: {
        cpf: '33333333333',
        tipo: 'emissor',
        clinica_id: null,
        entidade_id: null,
        ativo: true
      }

      at log (app/api/auth/login/route.ts:111:15)

    console.log
      [LOGIN] Usu├írio encontrado: {
        cpf: '33333333333',
        tipo: 'emissor',
        clinica_id: null,
        entidade_id: null,
        ativo: true
      }

      at log (app/api/auth/login/route.ts:119:13)

    console.log
      [LOGIN] emissor n├úo valida senha (configura├º├úo tempor├íria)

      at log (app/api/auth/login/route.ts:237:15)

    console.log
      Database info: undefined

      at log (app/api/auth/login/route.ts:29:13)

    console.log
      [LOGIN] Buscando usu├írio CPF 44444444444 em funcionarios...

      at log (app/api/auth/login/route.ts:46:13)

    console.log
      [LOGIN] N├úo encontrado em funcionarios; buscando em usuarios...

      at log (app/api/auth/login/route.ts:91:15)

    console.log
      [LOGIN] Usu├írio encontrado em usuarios: {
        cpf: '44444444444',
        tipo: 'gestor',
        clinica_id: null,
        entidade_id: 1,
        ativo: true
      }

      at log (app/api/auth/login/route.ts:111:15)

    console.log
      [LOGIN] Usu├írio encontrado: {
        cpf: '44444444444',
        tipo: 'gestor',
        clinica_id: null,
        entidade_id: 1,
        ativo: true
      }

      at log (app/api/auth/login/route.ts:119:13)

    console.log
      [LOGIN] Buscando senha de gestor em entidades_senhas...

      at log (app/api/auth/login/route.ts:166:15)

    console.log
      [LOGIN] Comparando senha contra hash...

      at log (app/api/auth/login/route.ts:437:15)

    console.log
      [LOGIN] Senha v├ílida: false

      at log (app/api/auth/login/route.ts:439:15)

    console.log
      Database info: undefined

      at log (app/api/auth/login/route.ts:29:13)

    console.log
      [LOGIN] Buscando usu├írio CPF 55555555555 em funcionarios...

      at log (app/api/auth/login/route.ts:46:13)

    console.log
      [LOGIN] N├úo encontrado em funcionarios; buscando em usuarios...

      at log (app/api/auth/login/route.ts:91:15)

    console.log
      [LOGIN] Usu├írio encontrado em usuarios: {
        cpf: '55555555555',
        tipo: 'gestor',
        clinica_id: null,
        entidade_id: 1,
        ativo: true
      }

      at log (app/api/auth/login/route.ts:111:15)

    console.log
      [LOGIN] Usu├írio encontrado: {
        cpf: '55555555555',
        tipo: 'gestor',
        clinica_id: null,
        entidade_id: 1,
        ativo: true
      }

      at log (app/api/auth/login/route.ts:119:13)

    console.log
      [LOGIN] Buscando senha de gestor em entidades_senhas...

      at log (app/api/auth/login/route.ts:166:15)

    console.log
      Database info: undefined

      at log (app/api/auth/login/route.ts:29:13)

    console.log
      [LOGIN] Buscando usu├írio CPF 66666666666 em funcionarios...

      at log (app/api/auth/login/route.ts:46:13)

    console.log
      [LOGIN] N├úo encontrado em funcionarios; buscando em usuarios...

      at log (app/api/auth/login/route.ts:91:15)

    console.log
      [LOGIN] Usu├írio encontrado em usuarios: {
        cpf: '66666666666',
        tipo: 'gestor',
        clinica_id: null,
        entidade_id: 1,
        ativo: true
      }

      at log (app/api/auth/login/route.ts:111:15)

    console.log
      [LOGIN] Usu├írio encontrado: {
        cpf: '66666666666',
        tipo: 'gestor',
        clinica_id: null,
        entidade_id: 1,
        ativo: true
      }

      at log (app/api/auth/login/route.ts:119:13)

    console.log
      [LOGIN] Buscando senha de gestor em entidades_senhas...

      at log (app/api/auth/login/route.ts:166:15)

    console.log
      [LOGIN] Comparando senha contra hash...

      at log (app/api/auth/login/route.ts:437:15)

    console.log
      [LOGIN] Senha v├ílida: undefined

      at log (app/api/auth/login/route.ts:439:15)

  ÔùÅ /api/auth/login - Nova Arquitetura ÔÇ║ deve retornar erro 400 se CPF n├úo for fornecido

    expect(received).toBe(expected) // Object.is equality

    Expected: "CPF e senha s├úo obrigat├│rios"
    Received: "CPF ├® obrigat├│rio"

      57 |
      58 |     expect(response.status).toBe(400);
    > 59 |     expect(data.error).toBe('CPF e senha s├úo obrigat├│rios');
         |                        ^
      60 |   });
      61 |
      62 |   it('deve retornar erro 400 se senha n├úo for fornecida', async () => {

      at Object.toBe (__tests__/api/auth/login.test.ts:59:24)

  ÔùÅ /api/auth/login - Nova Arquitetura ÔÇ║ deve retornar erro 400 se senha n├úo for fornecida

    expect(received).toBe(expected) // Object.is equality

    Expected: "CPF e senha s├úo obrigat├│rios"
    Received: "Senha ou data de nascimento ├® obrigat├│ria"

      67 |
      68 |     expect(response.status).toBe(400);
    > 69 |     expect(data.error).toBe('CPF e senha s├úo obrigat├│rios');
         |                        ^
      70 |   });
      71 |
      72 |   it('deve retornar erro 401 se usu├írio n├úo existir em usuarios', async () => {

      at Object.toBe (__tests__/api/auth/login.test.ts:69:24)

  ÔùÅ /api/auth/login - Nova Arquitetura ÔÇ║ deve fazer login com sucesso para RH com senha v├ílida

    expect(jest.fn()).toHaveBeenCalledWith(...expected)

    - Expected
    + Received

    @@ -2,7 +2,7 @@
        "clinica_id": 1,
        "cpf": "22222222222",
        "entidade_id": null,
        "nome": "Jo├úo Silva",
        "perfil": "rh",
    -   "tomador_id": 2,
    +   "tomador_id": undefined,
      },

    Number of calls: 1

      248 |     expect(data.redirectTo).toBe('/rh');
      249 |
    > 250 |     expect(mockCreateSession).toHaveBeenCalledWith({
          |                               ^
      251 |       cpf: '22222222222',
      252 |       nome: 'Jo├úo Silva',
      253 |       perfil: 'rh',

      at Object.toHaveBeenCalledWith (__tests__/api/auth/login.test.ts:250:31)

  ÔùÅ /api/auth/login - Nova Arquitetura ÔÇ║ deve retornar erro 403 se entidade estiver inativa

    expect(received).toBe(expected) // Object.is equality

    Expected: "tomador inativo. Entre em contato com o administrador."
    Received: "Tomador inativo. Entre em contato com o administrador."

      445 |
      446 |     expect(response.status).toBe(403);
    > 447 |     expect(data.error).toBe(
          |                        ^
      448 |       'tomador inativo. Entre em contato com o administrador.'
      449 |     );
      450 |   });

      at Object.toBe (__tests__/api/auth/login.test.ts:447:24)

  ÔùÅ /api/auth/login - Nova Arquitetura ÔÇ║ deve retornar erro 403 se pagamento n├úo estiver confirmado

    expect(received).toBe(expected) // Object.is equality

    Expected: 403
    Received: 401

      497 |     const data = await response.json();
      498 |
    > 499 |     expect(response.status).toBe(403);
          |                             ^
      500 |     expect(data.error).toContain('Aguardando confirma├º├úo de pagamento');
      501 |   });
      502 | });

      at Object.toBe (__tests__/api/auth/login.test.ts:499:29)

RBAC seed applied to test database
PASS __tests__/asaas/webhook-handler-idempotencia-atomicidade.test.ts
  ÔùÅ Console

    console.log
      [dotenv@17.2.3] injecting env (0) from .env.test -- tip: ­ƒæÑ sync secrets across teammates & machines: https://dotenvx.com/ops

      at _log (node_modules/.pnpm/dotenv@17.2.3/node_modules/dotenv/lib/main.js:142:11)

    console.log
      ­ƒøí´©Å [jest.setup] Removendo DATABASE_URL do ambiente de testes (valor n├úo importa)

      at Object.<anonymous> (__tests__/config/jest.setup.js:125:17)

    console.log
      ­ƒøí´©Å [jest.setup] Prote├º├úo do banco de testes ativada - usando: nr-bps_db_test

      at Object.<anonymous> (__tests__/config/jest.setup.js:150:13)

    console.log
      ­ƒöî [lib/db.ts] Conectado ao banco: nr-bps_db_test @ localhost (ambiente: test)

      at Object.log (lib/db.ts:673:15)

    console.log
      [Asaas Webhook] ­ƒÜÇ INICIANDO activateSubscription: {
        asaasPaymentId: 'pay_mock_wh_1771601894042_8461',
        event: 'PAYMENT_CONFIRMED',
        externalReference: 'lote_500_pagamento_99',
        status: 'CONFIRMED'
      }

      at log (lib/asaas/webhook-handler.ts:191:11)

    console.log
      [Asaas Webhook] Ô£à Transa├º├úo iniciada (BEGIN)

      at log (lib/asaas/webhook-handler.ts:202:13)

    console.log
      [Asaas Webhook] ­ƒÄ» Lote identificado via externalReference: 500

      at log (lib/asaas/webhook-handler.ts:249:15)

    console.log
      [Asaas Webhook] ­ƒöì Executando query: SELECT id FROM lotes_avaliacao WHERE id = 500 AND status_pagamento = 'aguardando_pagamento'

      at log (lib/asaas/webhook-handler.ts:253:15)

    console.log
      [Asaas Webhook] ­ƒôè Resultado da query: 1 linha(s) encontrada(s)

      at log (lib/asaas/webhook-handler.ts:264:15)

    console.log
      [Asaas Webhook] Ô£à Lote encontrado: 500

      at log (lib/asaas/webhook-handler.ts:268:17)

    console.log
      [Asaas Webhook] ­ƒöì Encontrados 1 lotes para atualizar: [ 500 ]

      at log (lib/asaas/webhook-handler.ts:312:13)

    console.log
      [Asaas Webhook] ­ƒöä Atualizando lote 500...

      at log (lib/asaas/webhook-handler.ts:330:15)

    console.log
      [Asaas Webhook] ­ƒôØ Executando UPDATE lotes_avaliacao SET status_pagamento='pago', pago_em=NOW() WHERE id=500

      at log (lib/asaas/webhook-handler.ts:331:15)

    console.log
      [Asaas Webhook] Ô£à Lote atualizado com sucesso: {
        lote_id: 500,
        novo_status_pagamento: 'pago',
        pago_em: 2026-02-20T15:38:14.055Z,
        pagamento_metodo: 'credit_card'
      }

      at log (lib/asaas/webhook-handler.ts:348:17)

    console.log
      [Asaas Webhook] Ô£à PAGAMENTO CONFIRMADO: {
        pagamentoId: 99,
        asaasPaymentId: 'pay_mock_wh_1771601894042_8461',
        lotesAtualizados: 1,
        valor: 150,
        netValue: 148,
        formaPagamento: 'CREDIT_CARD'
      }

      at log (lib/asaas/webhook-handler.ts:366:13)

    console.log
      [Asaas Webhook] ­ƒô¿ Iniciando processamento do evento: PAYMENT_CONFIRMED {
        paymentId: 'pay_spy_wh_1771601894062_9632',
        externalRef: 'lote_500_pagamento_99',
        status: 'CONFIRMED',
        value: 150,
        billingType: 'CREDIT_CARD'
      }

      at Object.log (lib/asaas/webhook-handler.ts:391:11)

    console.log
      [Asaas Webhook] ­ƒöì An├ílise do externalReference: {
        externalReference: 'lote_500_pagamento_99',
        loteIdExtraido: 500,
        detectadoComoEmissao: true
      }

      at Object.log (lib/asaas/webhook-handler.ts:404:11)

    console.log
      [Asaas Webhook] ­ƒÄ» Detectado pagamento de emiss├úo para Lote #500

      at Object.log (lib/asaas/webhook-handler.ts:411:13)

    console.log
      [Asaas Webhook] Tratando evento: PAYMENT_CONFIRMED

      at Object.log (lib/asaas/webhook-handler.ts:431:13)

    console.log
      [Asaas Webhook] ­ƒöÁ ========== PROCESSANDO PAYMENT_CONFIRMED ==========

      at Object.log (lib/asaas/webhook-handler.ts:446:17)

    console.log
      [Asaas Webhook] ­ƒÆ│ Payment ID: pay_spy_wh_1771601894062_9632

      at Object.log (lib/asaas/webhook-handler.ts:449:17)

    console.log
      [Asaas Webhook] ­ƒÆ░ Valor: 150

      at Object.log (lib/asaas/webhook-handler.ts:450:17)

    console.log
      [Asaas Webhook] ­ƒÅÀ´©Å  External Ref: lote_500_pagamento_99

      at Object.log (lib/asaas/webhook-handler.ts:451:17)

    console.log
      [Asaas Webhook] ­ƒôè Status Asaas: CONFIRMED

      at Object.log (lib/asaas/webhook-handler.ts:455:17)

    console.log
      [Asaas Webhook] ­ƒöä Executando: activateSubscription...

      at Object.log (lib/asaas/webhook-handler.ts:456:17)

    console.log
      [Asaas Webhook] ­ƒÜÇ INICIANDO activateSubscription: {
        asaasPaymentId: 'pay_spy_wh_1771601894062_9632',
        event: 'PAYMENT_CONFIRMED',
        externalReference: 'lote_500_pagamento_99',
        status: 'CONFIRMED'
      }

      at log (lib/asaas/webhook-handler.ts:191:11)

    console.log
      [Asaas Webhook] Ô£à Transa├º├úo iniciada (BEGIN)

      at log (lib/asaas/webhook-handler.ts:202:13)

    console.log
      [Asaas Webhook] ­ƒÄ» Lote identificado via externalReference: 500

      at log (lib/asaas/webhook-handler.ts:249:15)

    console.log
      [Asaas Webhook] ­ƒöì Executando query: SELECT id FROM lotes_avaliacao WHERE id = 500 AND status_pagamento = 'aguardando_pagamento'

      at log (lib/asaas/webhook-handler.ts:253:15)

    console.log
      [Asaas Webhook] ­ƒôè Resultado da query: 1 linha(s) encontrada(s)

      at log (lib/asaas/webhook-handler.ts:264:15)

    console.log
      [Asaas Webhook] Ô£à Lote encontrado: 500

      at log (lib/asaas/webhook-handler.ts:268:17)

    console.log
      [Asaas Webhook] ­ƒöì Encontrados 1 lotes para atualizar: [ 500 ]

      at log (lib/asaas/webhook-handler.ts:312:13)

    console.log
      [Asaas Webhook] ­ƒöä Atualizando lote 500...

      at log (lib/asaas/webhook-handler.ts:330:15)

    console.log
      [Asaas Webhook] ­ƒôØ Executando UPDATE lotes_avaliacao SET status_pagamento='pago', pago_em=NOW() WHERE id=500

      at log (lib/asaas/webhook-handler.ts:331:15)

    console.log
      [Asaas Webhook] Ô£à Lote atualizado com sucesso: {
        lote_id: 500,
        novo_status_pagamento: 'pago',
        pago_em: 2026-02-20T15:38:14.069Z,
        pagamento_metodo: 'credit_card'
      }

      at log (lib/asaas/webhook-handler.ts:348:17)

    console.log
      [Asaas Webhook] Ô£à PAGAMENTO CONFIRMADO: {
        pagamentoId: 99,
        asaasPaymentId: 'pay_spy_wh_1771601894062_9632',
        lotesAtualizados: 1,
        valor: 150,
        netValue: 148,
        formaPagamento: 'CREDIT_CARD'
      }

      at log (lib/asaas/webhook-handler.ts:366:13)

    console.log
      [Asaas Webhook] Ô£à PAYMENT_CONFIRMED processado com sucesso

      at Object.log (lib/asaas/webhook-handler.ts:460:17)

    console.log
      [Asaas Webhook] ===================================================

      at Object.log (lib/asaas/webhook-handler.ts:463:17)

RBAC seed applied to test database
FAIL __tests__/components/NotificationCenterClinica.test.tsx
  ÔùÅ Console

    console.log
      [dotenv@17.2.3] injecting env (0) from .env.test -- tip: ­ƒöÉ prevent committing .env to code: https://dotenvx.com/precommit

      at _log (node_modules/.pnpm/dotenv@17.2.3/node_modules/dotenv/lib/main.js:142:11)

    console.log
      ­ƒøí´©Å [jest.setup] Removendo DATABASE_URL do ambiente de testes (valor n├úo importa)

      at Object.<anonymous> (__tests__/config/jest.setup.js:125:17)

    console.log
      ­ƒøí´©Å [jest.setup] Prote├º├úo do banco de testes ativada - usando: nr-bps_db_test

      at Object.<anonymous> (__tests__/config/jest.setup.js:150:13)

    console.log
      [SSE] Conectando ao servidor de notifica├º├Áes...

      at log (components/NotificationCenterClinica.tsx:48:17)

    console.log
      [SSE] Desconectando...

      at log (components/NotificationCenterClinica.tsx:109:15)
          at Array.forEach (<anonymous>)

    console.log
      [SSE] Conectando ao servidor de notifica├º├Áes...

      at log (components/NotificationCenterClinica.tsx:48:17)

    console.log
      [SSE] Conex├úo estabelecida

      at MockEventSource.log [as onopen] (components/NotificationCenterClinica.tsx:52:19)

    console.log
      [SSE] Conex├úo estabelecida

      at MockEventSource.log [as onopen] (components/NotificationCenterClinica.tsx:52:19)

    console.log
      [SSE] Desconectando...

      at log (components/NotificationCenterClinica.tsx:109:15)
          at Array.forEach (<anonymous>)

    console.log
      [SSE] Conectando ao servidor de notifica├º├Áes...

      at log (components/NotificationCenterClinica.tsx:48:17)

    console.log
      [SSE] Conex├úo estabelecida

      at MockEventSource.log [as onopen] (components/NotificationCenterClinica.tsx:52:19)

    console.log
      [SSE] Notifica├º├Áes recebidas: 3

      at MockEventSource.log [as onmessage] (components/NotificationCenterClinica.tsx:66:25)

    console.log
      [SSE] Desconectando...

      at log (components/NotificationCenterClinica.tsx:109:15)
          at Array.forEach (<anonymous>)

    console.log
      [SSE] Conectando ao servidor de notifica├º├Áes...

      at log (components/NotificationCenterClinica.tsx:48:17)

    console.log
      [SSE] Conex├úo estabelecida

      at MockEventSource.log [as onopen] (components/NotificationCenterClinica.tsx:52:19)

    console.log
      [SSE] Notifica├º├Áes recebidas: 12

      at MockEventSource.log [as onmessage] (components/NotificationCenterClinica.tsx:66:25)

    console.log
      [SSE] Desconectando...

      at log (components/NotificationCenterClinica.tsx:109:15)
          at Array.forEach (<anonymous>)

    console.log
      [SSE] Conectando ao servidor de notifica├º├Áes...

      at log (components/NotificationCenterClinica.tsx:48:17)

    console.log
      [SSE] Conex├úo estabelecida

      at MockEventSource.log [as onopen] (components/NotificationCenterClinica.tsx:52:19)

    console.log
      [SSE] Desconectando...

      at log (components/NotificationCenterClinica.tsx:109:15)
          at Array.forEach (<anonymous>)

    console.log
      [SSE] Conectando ao servidor de notifica├º├Áes...

      at log (components/NotificationCenterClinica.tsx:48:17)

    console.log
      [SSE] Conex├úo estabelecida

      at MockEventSource.log [as onopen] (components/NotificationCenterClinica.tsx:52:19)

    console.log
      [SSE] Desconectando...

      at log (components/NotificationCenterClinica.tsx:109:15)
          at Array.forEach (<anonymous>)

    console.log
      [SSE] Conectando ao servidor de notifica├º├Áes...

      at log (components/NotificationCenterClinica.tsx:48:17)

    console.log
      [SSE] Conex├úo estabelecida

      at MockEventSource.log [as onopen] (components/NotificationCenterClinica.tsx:52:19)

    console.log
      [SSE] Desconectando...

      at log (components/NotificationCenterClinica.tsx:109:15)
          at Array.forEach (<anonymous>)

    console.log
      [SSE] Conectando ao servidor de notifica├º├Áes...

      at log (components/NotificationCenterClinica.tsx:48:17)

    console.log
      [SSE] Conex├úo estabelecida

      at MockEventSource.log [as onopen] (components/NotificationCenterClinica.tsx:52:19)

    console.log
      [SSE] Desconectando...

      at log (components/NotificationCenterClinica.tsx:109:15)
          at Array.forEach (<anonymous>)

    console.log
      [SSE] Conectando ao servidor de notifica├º├Áes...

      at log (components/NotificationCenterClinica.tsx:48:17)

    console.log
      [SSE] Conex├úo estabelecida

      at MockEventSource.log [as onopen] (components/NotificationCenterClinica.tsx:52:19)

    console.log
      [SSE] Notifica├º├Áes recebidas: 3

      at MockEventSource.log [as onmessage] (components/NotificationCenterClinica.tsx:66:25)

    console.log
      [SSE] Desconectando...

      at log (components/NotificationCenterClinica.tsx:109:15)
          at Array.forEach (<anonymous>)

    console.log
      [SSE] Conectando ao servidor de notifica├º├Áes...

      at log (components/NotificationCenterClinica.tsx:48:17)

    console.log
      [SSE] Conex├úo estabelecida

      at MockEventSource.log [as onopen] (components/NotificationCenterClinica.tsx:52:19)

    console.log
      [SSE] Notifica├º├Áes recebidas: 1

      at MockEventSource.log [as onmessage] (components/NotificationCenterClinica.tsx:66:25)

    console.log
      [SSE] Desconectando...

      at log (components/NotificationCenterClinica.tsx:109:15)
          at Array.forEach (<anonymous>)

    console.log
      [SSE] Conectando ao servidor de notifica├º├Áes...

      at log (components/NotificationCenterClinica.tsx:48:17)

    console.log
      [SSE] Conex├úo estabelecida

      at MockEventSource.log [as onopen] (components/NotificationCenterClinica.tsx:52:19)

    console.log
      [SSE] Desconectando...

      at log (components/NotificationCenterClinica.tsx:109:15)
          at Array.forEach (<anonymous>)

    console.log
      [SSE] Conectando ao servidor de notifica├º├Áes...

      at log (components/NotificationCenterClinica.tsx:48:17)

    console.log
      [SSE] Notifica├º├Áes recebidas: 1

      at MockEventSource.log [as onmessage] (components/NotificationCenterClinica.tsx:66:25)

    console.log
      [SSE] Conex├úo estabelecida

      at MockEventSource.log [as onopen] (components/NotificationCenterClinica.tsx:52:19)

    console.log
      [SSE] Desconectando...

      at log (components/NotificationCenterClinica.tsx:109:15)
          at Array.forEach (<anonymous>)

    console.log
      [SSE] Conectando ao servidor de notifica├º├Áes...

      at log (components/NotificationCenterClinica.tsx:48:17)

    console.log
      [SSE] Conex├úo estabelecida

      at MockEventSource.log [as onopen] (components/NotificationCenterClinica.tsx:52:19)

    console.log
      [SSE] Desconectando...

      at log (components/NotificationCenterClinica.tsx:109:15)
          at Array.forEach (<anonymous>)

  ÔùÅ NotificationCenterClinica ÔÇ║ Listagem de Notifica├º├Áes ÔÇ║ deve listar notifica├º├Áes recebidas

    Unable to find an element with the text: 001-301125. This could be because the text is broken up by multiple elements. In this case, you can provide a function for your text matcher to make your matcher more flexible.

    Ignored nodes: comments, script, style
    <body>
      <div>
        <button
          class="relative p-2 text-white hover:bg-white/10 rounded-lg transition-all duration-200"
          title="Central de Notifica├º├Áes"
        >
          <svg
            aria-hidden="true"
            class="lucide lucide-bell animate-pulse"
            fill="none"
            height="22"
            stroke="currentColor"
            stroke-linecap="round"
            stroke-linejoin="round"
            stroke-width="2"
            viewBox="0 0 24 24"
            width="22"
            xmlns="http://www.w3.org/2000/svg"
          >
            <path
              d="M10.268 21a2 2 0 0 0 3.464 0"
            />
            <path
              d="M3.262 15.326A1 1 0 0 0 4 17h16a1 1 0 0 0 .74-1.673C19.41 13.956 18 12.499 18 8A6 6 0 0 0 6 8c0 4.499-1.411 5.956-2.738 7.326"
            />
          </svg>
          <span
            class="absolute -top-1 -right-1 bg-red-500 text-white text-[10px] font-bold rounded-full h-5 w-5 flex items-center justify-center shadow-lg ring-2 ring-gray-900 animate-bounce"
          >
            3
          </span>
        </button>
        <div
          class="fixed inset-0 bg-black/40 backdrop-blur-sm z-40 transition-opacity"
        />
        <div
          class="fixed top-20 right-6 w-[420px] max-h-[calc(100vh-120px)] bg-white rounded-2xl shadow-2xl z-50 flex flex-col overflow-hidden border border-gray-100 animate-in slide-in-from-top-5 duration-300"
        >
          <div
            class="relative bg-gradient-to-r from-blue-600 to-blue-700 px-6 py-5"
          >
            <div
              class="flex items-center justify-between"
            >
              <div
                class="flex-1"
              >
                <div
                  class="flex items-center gap-2"
                >
                  <h3
                    class="text-lg font-bold text-white"
                  >
                    Notifica├º├Áes
                  </h3>
                  <div
                    class="flex items-center gap-1.5"
                  >
                    <div
                      class="w-2 h-2 rounded-full bg-green-400 animate-pulse"
                    />
                    <span
                      class="text-[10px] text-white/80 uppercase tracking-wider"
                    >
                      Tempo Real
                    </span>
                  </div>
                </div>
                <p
                  class="text-xs text-blue-100 mt-0.5"
                >
                  3 novas
                </p>
              </div>
              <button
                aria-label="close"
                class="text-white/80 hover:text-white hover:bg-white/10 rounded-lg p-2 transition-all"
              >
                <svg
                  aria-hidden="true"
                  class="lucide lucide-x"
                  fill="none"
                  height="20"
                  stroke="currentColor"
                  stroke-linecap="round"
                  stroke-linejoin="round"
                  stroke-width="2"
                  viewBox="0 0 24 24"
                  width="20"
                  xmlns="http://www.w3.org/2000/svg"
                >
                  <path
                    d="M18 6 6 18"
                  />
                  <path
                    d="m6 6 12 12"
                  />
                </svg>
              </button>
            </div>
          </div>
          <div
            class="flex-1 overflow-y-auto bg-gray-50/50"
          >
            <div
              class="p-2"
            >
              <div
                class="overflow-x-auto"
              >
                <table
                  class="w-full bg-white rounded-lg shadow-sm border border-gray-200"
                >
                  <thead
                    class="bg-gray-50 border-b border-gray-200"
                  >
                    <tr>
                      <th
                        class="px-3 py-2 text-left text-xs font-medium text-gray-500 uppercase tracking-wider"
                      >
                        Tipo
                      </th>
                      <th
                        class="px-3 py-2 text-left text-xs font-medium text-gray-500 uppercase tracking-wider"
                      >
                        C├│digo
                      </th>
                      <th
                        class="px-3 py-2 text-left text-xs font-medium text-gray-500 uppercase tracking-wider"
                      >
                        Lote
                      </th>
                      <th
                        class="px-3 py-2 text-left text-xs font-medium text-gray-500 uppercase tracking-wider"
                      >
                        Empresa
                      </th>
                      <th
                        class="px-3 py-2 text-left text-xs font-medium text-gray-500 uppercase tracking-wider"
                      >
                        Data
                      </th>
                    </tr>
                  </thead>
                  <tbody
                    class="divide-y divide-gray-200"
                  >
                    <tr
                      class="hover:bg-blue-50 cursor-pointer transition-all duration-200"
                    >
                      <td
                        class="px-3 py-2 whitespace-nowrap"
                      >
                        <div
                          class="flex items-center"
                        >
                          <div
                            class="flex-shrink-0 p-1.5 rounded-md shadow-sm bg-gradient-to-br from-green-500 to-green-600 text-white"
                          >
                            <div
                              class="[&_svg]:w-[16px] [&_svg]:h-[16px] [&_svg]:stroke-[2.5]"
                            >
                              <svg
                                aria-hidden="true"
                                class="lucide lucide-circle-check-big"
                                fill="none"
                                height="20"
                                stroke="currentColor"
                                stroke-linecap="round"
                                stroke-linejoin="round"
                                stroke-width="2"
                                viewBox="0 0 24 24"
                                width="20"
                                xmlns="http://www.w3.org/2000/svg"
                              >
                                <path
                                  d="M21.801 10A10 10 0 1 1 17 3.335"
                                />
                                <path
                                  d="m9 11 3 3L22 4"
                                />
                              </svg>
                            </div>
                          </div>
                          <span
                            class="ml-2 text-xs font-medium text-gray-900"
                          >
                            Nova avalia├º├úo conclu├¡da
                          </span>
                        </div>
                      </td>
                      <td
                        class="px-3 py-2 whitespace-nowrap text-xs text-gray-900 font-mono"
                      />
                      <td
                        class="px-3 py-2 whitespace-nowrap"
                      >
                        <div
                          class="text-xs text-gray-900 max-w-[120px] truncate"
                          title="Lote Teste 1"
                        >
                          Lote Teste 1
                        </div>
                      </td>
                      <td
                        class="px-3 py-2 whitespace-nowrap text-xs text-gray-600 max-w-[120px] truncate"
                        title="Empresa A"
                      >
                        Empresa A
                      </td>
                      <td
                        class="px-3 py-2 whitespace-nowrap text-xs text-gray-500"
                      >
                        29/11/2025
                      </td>
                    </tr>
                    <tr
                      class="hover:bg-blue-50 cursor-pointer transition-all duration-200"
                    >
                      <td
                        class="px-3 py-2 whitespace-nowrap"
                      >
                        <div
                          class="flex items-center"
                        >
                          <div
                            class="flex-shrink-0 p-1.5 rounded-md shadow-sm bg-gradient-to-br from-blue-500 to-blue-600 text-white"
                          >
                            <div
                              class="[&_svg]:w-[16px] [&_svg]:h-[16px] [&_svg]:stroke-[2.5]"
                            >
                              <svg
                                aria-hidden="true"
                                class="lucide lucide-package"
                                fill="none"
                                height="20"
                                stroke="currentColor"
                                stroke-linecap="round"
                                stroke-linejoin="round"
                                stroke-width="2"
                                viewBox="0 0 24 24"
                                width="20"
                                xmlns="http://www.w3.org/2000/svg"
                              >
                                <path
                                  d="M11 21.73a2 2 0 0 0 2 0l7-4A2 2 0 0 0 21 16V8a2 2 0 0 0-1-1.73l-7-4a2 2 0 0 0-2 0l-7 4A2 2 0 0 0 3 8v8a2 2 0 0 0 1 1.73z"
                                />
                                <path
                                  d="M12 22V12"
                                />
                                <polyline
                                  points="3.29 7 12 12 20.71 7"
                                />
                                <path
                                  d="m7.5 4.27 9 5.15"
                                />
                              </svg>
                            </div>
                          </div>
                          <span
                            class="ml-2 text-xs font-medium text-gray-900"
                          >
                            Lote Enviado
                          </span>
                        </div>
                      </td>
                      <td
                        class="px-3 py-2 whitespace-nowrap text-xs text-gray-900 font-mono"
                      />
                      <td
                        class="px-3 py-2 whitespace-nowrap"
                      >
                        <div
                          class="text-xs text-gray-900 max-w-[120px] truncate"
                          title="Lote Teste 2"
                        >
                          Lote Teste 2
                        </div>
                      </td>
                      <td
                        class="px-3 py-2 whitespace-nowrap text-xs text-gray-600 max-w-[120px] truncate"
                        title="Empresa B"
                      >
                        Empresa B
                      </td>
                      <td
                        class="px-3 py-2 whitespace-nowrap text-xs text-gray-500"
                      >
                        29/11/2025
                      </td>
                    </tr>
                    <tr
                      class="hover:bg-blue-50 cursor-pointer transition-all duration-200"
                    >
                      <td
                        class="px-3 py-2 whitespace-nowrap"
                      >
                        <div
                          class="flex items-center"
                        >
                          <div
                            class="flex-shrink-0 p-1.5 rounded-md shadow-sm bg-gradient-to-br from-purple-500 to-purple-600 text-white"
                          >
                            <div
                              class="[&_svg]:w-[16px] [&_svg]:h-[16px] [&_svg]:stroke-[2.5]"
                            >
                              <svg
                                aria-hidden="true"
                                class="lucide lucide-send"
                                fill="none"
                                height="20"
                                stroke="currentColor"
                                stroke-linecap="round"
                                stroke-linejoin="round"
                                stroke-width="2"
                                viewBox="0 0 24 24"
                                width="20"
                                xmlns="http://www.w3.org/2000/svg"
                              >
                                <path
                                  d="M14.536 21.686a.5.5 0 0 0 .937-.024l6.5-19a.496.496 0 0 0-.635-.635l-19 6.5a.5.5 0 0 0-.024.937l7.93 3.18a2 2 0 0 1 1.112 1.11z"
                                />
                                <path
                                  d="m21.854 2.147-10.94 10.939"
                                />
                              </svg>
                            </div>
                          </div>
                          <span
                            class="ml-2 text-xs font-medium text-gray-900"
                          >
                            Laudo Recebido
                          </span>
                        </div>
                      </td>
                      <td
                        class="px-3 py-2 whitespace-nowrap text-xs text-gray-900 font-mono"
                      />
                      <td
                        class="px-3 py-2 whitespace-nowrap"
                      >
                        <div
                          class="text-xs text-gray-900 max-w-[120px] truncate"
                          title="Lote Teste 3"
                        >
                          Lote Teste 3
                        </div>
                      </td>
                      <td
                        class="px-3 py-2 whitespace-nowrap text-xs text-gray-600 max-w-[120px] truncate"
                        title="Empresa C"
                      >
                        Empresa C
                      </td>
                      <td
                        class="px-3 py-2 whitespace-nowrap text-xs text-gray-500"
                      >
                        29/11/2025
                      </td>
                    </tr>
                  </tbody>
                </table>
              </div>
            </div>
          </div>
          <div
            class="px-4 py-3 bg-white border-t border-gray-100"
          >
            <div
              class="text-xs text-gray-500 text-center"
            >
              Notifica├º├Áes atualizadas em tempo real
            </div>
          </div>
        </div>
      </div>
    </body>

      268 |       fireEvent.click(button);
      269 |
    > 270 |       await waitFor(() => {
          |                    ^
      271 |         expect(
      272 |           screen.getByText('Nova avalia├º├úo conclu├¡da')
      273 |         ).toBeInTheDocument();

      at waitForWrapper (node_modules/.pnpm/@testing-library+dom@10.4.1/node_modules/@testing-library/dom/dist/wait-for.js:163:27)
      at Object.<anonymous> (__tests__/components/NotificationCenterClinica.test.tsx:270:20)

RBAC seed applied to test database
RBAC seed applied to test database
FAIL __tests__/integration/clinicas-rh.test.ts
  ÔùÅ Console

    console.log
      [dotenv@17.2.3] injecting env (0) from .env.test -- tip: ­ƒöä add secrets lifecycle management: https://dotenvx.com/ops

      at _log (node_modules/.pnpm/dotenv@17.2.3/node_modules/dotenv/lib/main.js:142:11)

    console.log
      ­ƒøí´©Å [jest.setup] Removendo DATABASE_URL do ambiente de testes (valor n├úo importa)

      at Object.<anonymous> (__tests__/config/jest.setup.js:125:17)

    console.log
      ­ƒøí´©Å [jest.setup] Prote├º├úo do banco de testes ativada - usando: nr-bps_db_test

      at Object.<anonymous> (__tests__/config/jest.setup.js:150:13)

    console.log
      ­ƒöî [lib/db.ts] Conectado ao banco: nr-bps_db_test @ localhost (ambiente: test)

      at Object.log (lib/db.ts:673:15)

  ÔùÅ Cl├¡nicas (RH) - Gest├úo de Empresas ÔÇ║ 1. Criar Empresa Cliente ÔÇ║ deve criar empresa SEMPRE vinculada ├á cl├¡nica (clinica_id NOT NULL)

    error: rela├º├úo "tomadors" n├úo existe

      487 |         // No session: just execute the query normally
      488 |         try {
    > 489 |           const result = await client.query(text, params);
          |                          ^
      490 |           const duration = Date.now() - start;
      491 |
      492 |           // Log apenas queries lentas (>500ms)

      at node_modules/.pnpm/pg@8.16.3/node_modules/pg/lib/client.js:545:17
      at query (lib/db.ts:489:26)
      at Object.<anonymous> (__tests__/integration/clinicas-rh.test.ts:28:27)

  ÔùÅ Cl├¡nicas (RH) - Gest├úo de Empresas ÔÇ║ 1. Criar Empresa Cliente ÔÇ║ deve falhar ao tentar criar empresa SEM clinica_id

    error: rela├º├úo "tomadors" n├úo existe

      487 |         // No session: just execute the query normally
      488 |         try {
    > 489 |           const result = await client.query(text, params);
          |                          ^
      490 |           const duration = Date.now() - start;
      491 |
      492 |           // Log apenas queries lentas (>500ms)

      at node_modules/.pnpm/pg@8.16.3/node_modules/pg/lib/client.js:545:17
      at query (lib/db.ts:489:26)
      at Object.<anonymous> (__tests__/integration/clinicas-rh.test.ts:28:27)

  ÔùÅ Cl├¡nicas (RH) - Gest├úo de Empresas ÔÇ║ 1. Criar Empresa Cliente ÔÇ║ deve listar empresas apenas da cl├¡nica do RH

    error: rela├º├úo "tomadors" n├úo existe

      487 |         // No session: just execute the query normally
      488 |         try {
    > 489 |           const result = await client.query(text, params);
          |                          ^
      490 |           const duration = Date.now() - start;
      491 |
      492 |           // Log apenas queries lentas (>500ms)

      at node_modules/.pnpm/pg@8.16.3/node_modules/pg/lib/client.js:545:17
      at query (lib/db.ts:489:26)
      at Object.<anonymous> (__tests__/integration/clinicas-rh.test.ts:28:27)

  ÔùÅ Cl├¡nicas (RH) - Gest├úo de Empresas ÔÇ║ 2. Criar Funcion├írio de Empresa ÔÇ║ deve criar funcion├írio vinculado ├á empresa E ├á cl├¡nica (empresa_id + clinica_id)

    error: rela├º├úo "tomadors" n├úo existe

      487 |         // No session: just execute the query normally
      488 |         try {
    > 489 |           const result = await client.query(text, params);
          |                          ^
      490 |           const duration = Date.now() - start;
      491 |
      492 |           // Log apenas queries lentas (>500ms)

      at node_modules/.pnpm/pg@8.16.3/node_modules/pg/lib/client.js:545:17
      at query (lib/db.ts:489:26)
      at Object.<anonymous> (__tests__/integration/clinicas-rh.test.ts:28:27)

  ÔùÅ Cl├¡nicas (RH) - Gest├úo de Empresas ÔÇ║ 2. Criar Funcion├írio de Empresa ÔÇ║ deve falhar ao criar funcion├írio de empresa SEM clinica_id

    error: rela├º├úo "tomadors" n├úo existe

      487 |         // No session: just execute the query normally
      488 |         try {
    > 489 |           const result = await client.query(text, params);
          |                          ^
      490 |           const duration = Date.now() - start;
      491 |
      492 |           // Log apenas queries lentas (>500ms)

      at node_modules/.pnpm/pg@8.16.3/node_modules/pg/lib/client.js:545:17
      at query (lib/db.ts:489:26)
      at Object.<anonymous> (__tests__/integration/clinicas-rh.test.ts:28:27)

  ÔùÅ Cl├¡nicas (RH) - Gest├úo de Empresas ÔÇ║ 2. Criar Funcion├írio de Empresa ÔÇ║ deve falhar ao criar funcion├írio de empresa COM tomador_id

    error: rela├º├úo "tomadors" n├úo existe

      487 |         // No session: just execute the query normally
      488 |         try {
    > 489 |           const result = await client.query(text, params);
          |                          ^
      490 |           const duration = Date.now() - start;
      491 |
      492 |           // Log apenas queries lentas (>500ms)

      at node_modules/.pnpm/pg@8.16.3/node_modules/pg/lib/client.js:545:17
      at query (lib/db.ts:489:26)
      at Object.<anonymous> (__tests__/integration/clinicas-rh.test.ts:28:27)

  ÔùÅ Cl├¡nicas (RH) - Gest├úo de Empresas ÔÇ║ 3. Criar Lote de Cl├¡nica/Empresa ÔÇ║ deve criar lote vinculado ├á empresa E ├á cl├¡nica

    error: rela├º├úo "tomadors" n├úo existe

      487 |         // No session: just execute the query normally
      488 |         try {
    > 489 |           const result = await client.query(text, params);
          |                          ^
      490 |           const duration = Date.now() - start;
      491 |
      492 |           // Log apenas queries lentas (>500ms)

      at node_modules/.pnpm/pg@8.16.3/node_modules/pg/lib/client.js:545:17
      at query (lib/db.ts:489:26)
      at Object.<anonymous> (__tests__/integration/clinicas-rh.test.ts:28:27)

  ÔùÅ Cl├¡nicas (RH) - Gest├úo de Empresas ÔÇ║ 3. Criar Lote de Cl├¡nica/Empresa ÔÇ║ deve listar lotes apenas da cl├¡nica do RH

    error: rela├º├úo "tomadors" n├úo existe

      487 |         // No session: just execute the query normally
      488 |         try {
    > 489 |           const result = await client.query(text, params);
          |                          ^
      490 |           const duration = Date.now() - start;
      491 |
      492 |           // Log apenas queries lentas (>500ms)

      at node_modules/.pnpm/pg@8.16.3/node_modules/pg/lib/client.js:545:17
      at query (lib/db.ts:489:26)
      at Object.<anonymous> (__tests__/integration/clinicas-rh.test.ts:28:27)

  ÔùÅ Cl├¡nicas (RH) - Gest├úo de Empresas ÔÇ║ 4. Criar Avalia├º├úo de Cl├¡nica/Empresa ÔÇ║ deve criar avalia├º├úo para funcion├írio da empresa

    error: rela├º├úo "tomadors" n├úo existe

      487 |         // No session: just execute the query normally
      488 |         try {
    > 489 |           const result = await client.query(text, params);
          |                          ^
      490 |           const duration = Date.now() - start;
      491 |
      492 |           // Log apenas queries lentas (>500ms)

      at node_modules/.pnpm/pg@8.16.3/node_modules/pg/lib/client.js:545:17
      at query (lib/db.ts:489:26)
      at Object.<anonymous> (__tests__/integration/clinicas-rh.test.ts:28:27)

  ÔùÅ Cl├¡nicas (RH) - Gest├úo de Empresas ÔÇ║ 4. Criar Avalia├º├úo de Cl├¡nica/Empresa ÔÇ║ deve validar hierarquia: avalia├º├úo ÔåÆ funcion├írio ÔåÆ empresa ÔåÆ cl├¡nica

    error: rela├º├úo "tomadors" n├úo existe

      487 |         // No session: just execute the query normally
      488 |         try {
    > 489 |           const result = await client.query(text, params);
          |                          ^
      490 |           const duration = Date.now() - start;
      491 |
      492 |           // Log apenas queries lentas (>500ms)

      at node_modules/.pnpm/pg@8.16.3/node_modules/pg/lib/client.js:545:17
      at query (lib/db.ts:489:26)
      at Object.<anonymous> (__tests__/integration/clinicas-rh.test.ts:28:27)

  ÔùÅ Cl├¡nicas (RH) - Gest├úo de Empresas ÔÇ║ 5. Validar Estrutura Organizacional ÔÇ║ deve confirmar que cl├¡nica TEM tomador vinculado

    error: rela├º├úo "tomadors" n├úo existe

      487 |         // No session: just execute the query normally
      488 |         try {
    > 489 |           const result = await client.query(text, params);
          |                          ^
      490 |           const duration = Date.now() - start;
      491 |
      492 |           // Log apenas queries lentas (>500ms)

      at node_modules/.pnpm/pg@8.16.3/node_modules/pg/lib/client.js:545:17
      at query (lib/db.ts:489:26)
      at Object.<anonymous> (__tests__/integration/clinicas-rh.test.ts:28:27)

  ÔùÅ Cl├¡nicas (RH) - Gest├úo de Empresas ÔÇ║ 5. Validar Estrutura Organizacional ÔÇ║ deve validar fluxo completo: Cl├¡nica ÔåÆ Empresas ÔåÆ Funcion├írios ÔåÆ Lotes ÔåÆ Avalia├º├Áes

    error: rela├º├úo "tomadors" n├úo existe

      487 |         // No session: just execute the query normally
      488 |         try {
    > 489 |           const result = await client.query(text, params);
          |                          ^
      490 |           const duration = Date.now() - start;
      491 |
      492 |           // Log apenas queries lentas (>500ms)

      at node_modules/.pnpm/pg@8.16.3/node_modules/pg/lib/client.js:545:17
      at query (lib/db.ts:489:26)
      at Object.<anonymous> (__tests__/integration/clinicas-rh.test.ts:28:27)

  ÔùÅ Cl├¡nicas (RH) - Gest├úo de Empresas ÔÇ║ 5. Validar Estrutura Organizacional ÔÇ║ deve validar que TODAS as empresas da cl├¡nica t├¬m clinica_id NOT NULL

    error: rela├º├úo "tomadors" n├úo existe

      487 |         // No session: just execute the query normally
      488 |         try {
    > 489 |           const result = await client.query(text, params);
          |                          ^
      490 |           const duration = Date.now() - start;
      491 |
      492 |           // Log apenas queries lentas (>500ms)

      at node_modules/.pnpm/pg@8.16.3/node_modules/pg/lib/client.js:545:17
      at query (lib/db.ts:489:26)
      at Object.<anonymous> (__tests__/integration/clinicas-rh.test.ts:28:27)

  ÔùÅ Cl├¡nicas (RH) - Gest├úo de Empresas ÔÇ║ 6. Validar Constraints do Banco ÔÇ║ deve validar que empresas_clientes.clinica_id ├® NOT NULL

    error: rela├º├úo "tomadors" n├úo existe

      487 |         // No session: just execute the query normally
      488 |         try {
    > 489 |           const result = await client.query(text, params);
          |                          ^
      490 |           const duration = Date.now() - start;
      491 |
      492 |           // Log apenas queries lentas (>500ms)

      at node_modules/.pnpm/pg@8.16.3/node_modules/pg/lib/client.js:545:17
      at query (lib/db.ts:489:26)
      at Object.<anonymous> (__tests__/integration/clinicas-rh.test.ts:28:27)

  ÔùÅ Cl├¡nicas (RH) - Gest├úo de Empresas ÔÇ║ 6. Validar Constraints do Banco ÔÇ║ deve validar foreign key empresas_clientes ÔåÆ clinicas

    error: rela├º├úo "tomadors" n├úo existe

      487 |         // No session: just execute the query normally
      488 |         try {
    > 489 |           const result = await client.query(text, params);
          |                          ^
      490 |           const duration = Date.now() - start;
      491 |
      492 |           // Log apenas queries lentas (>500ms)

      at node_modules/.pnpm/pg@8.16.3/node_modules/pg/lib/client.js:545:17
      at query (lib/db.ts:489:26)
      at Object.<anonymous> (__tests__/integration/clinicas-rh.test.ts:28:27)

  ÔùÅ Cl├¡nicas (RH) - Gest├úo de Empresas ÔÇ║ 7. Validar View gestores ÔÇ║ deve listar RH na view gestores

    error: rela├º├úo "tomadors" n├úo existe

      487 |         // No session: just execute the query normally
      488 |         try {
    > 489 |           const result = await client.query(text, params);
          |                          ^
      490 |           const duration = Date.now() - start;
      491 |
      492 |           // Log apenas queries lentas (>500ms)

      at node_modules/.pnpm/pg@8.16.3/node_modules/pg/lib/client.js:545:17
      at query (lib/db.ts:489:26)
      at Object.<anonymous> (__tests__/integration/clinicas-rh.test.ts:28:27)

FAIL __tests__/emissor/emissor-vercel-pdf-integration.test.ts
  ÔùÅ Console

    console.log
      [dotenv@17.2.3] injecting env (0) from .env.test -- tip: ­ƒøá´©Å  run anywhere with `dotenvx run -- yourcommand`

      at _log (node_modules/.pnpm/dotenv@17.2.3/node_modules/dotenv/lib/main.js:142:11)

    console.log
      ­ƒøí´©Å [jest.setup] Removendo DATABASE_URL do ambiente de testes (valor n├úo importa)

      at Object.<anonymous> (__tests__/config/jest.setup.js:125:17)

    console.log
      ­ƒøí´©Å [jest.setup] Prote├º├úo do banco de testes ativada - usando: nr-bps_db_test

      at Object.<anonymous> (__tests__/config/jest.setup.js:150:13)

  ÔùÅ Integra├º├úo: Fix Vercel Chromium - Fallback Client-side ÔÇ║ Documenta├º├úo: Arquivos de an├ílise ÔÇ║ deve existir ANALYSIS-VERCEL-PDF-ISSUE.md

    expect(received).toBe(expected) // Object.is equality

    Expected: true
    Received: false

      298 |         'ANALYSIS-VERCEL-PDF-ISSUE.md'
      299 |       );
    > 300 |       expect(fs.existsSync(analysisFile)).toBe(true);
          |                                           ^
      301 |
      302 |       const content = fs.readFileSync(analysisFile, 'utf-8');
      303 |       expect(content).toContain('Vercel');

      at Object.toBe (__tests__/emissor/emissor-vercel-pdf-integration.test.ts:300:43)

  ÔùÅ Integra├º├úo: Fix Vercel Chromium - Fallback Client-side ÔÇ║ Documenta├º├úo: Arquivos de an├ílise ÔÇ║ deve existir IMPLEMENTATION-CLIENT-SIDE-PDF.md

    expect(received).toBe(expected) // Object.is equality

    Expected: true
    Received: false

      311 |         'IMPLEMENTATION-CLIENT-SIDE-PDF.md'
      312 |       );
    > 313 |       expect(fs.existsSync(implFile)).toBe(true);
          |                                       ^
      314 |
      315 |       const content = fs.readFileSync(implFile, 'utf-8');
      316 |       expect(content).toContain('jsPDF');

      at Object.toBe (__tests__/emissor/emissor-vercel-pdf-integration.test.ts:313:39)

RBAC seed applied to test database
FAIL __tests__/components/CobrancaContent.test.tsx
  ÔùÅ Console

    console.log
      [dotenv@17.2.3] injecting env (0) from .env.test -- tip: ÔÜÖ´©Å  suppress all logs with { quiet: true }

      at _log (node_modules/.pnpm/dotenv@17.2.3/node_modules/dotenv/lib/main.js:142:11)

    console.log
      ­ƒøí´©Å [jest.setup] Removendo DATABASE_URL do ambiente de testes (valor n├úo importa)

      at Object.<anonymous> (__tests__/config/jest.setup.js:125:17)

    console.log
      ­ƒøí´©Å [jest.setup] Prote├º├úo do banco de testes ativada - usando: nr-bps_db_test

      at Object.<anonymous> (__tests__/config/jest.setup.js:150:13)

    console.log
      parcelas_json structure: [
        {
          numero: 1,
          valor: 1250,
          data_vencimento: '2025-02-01',
          pago: true,
          data_pagamento: '2025-02-05'
        },
        {
          numero: 2,
          valor: 1250,
          data_vencimento: '2026-02-20',
          pago: false,
          data_pagamento: null
        }
      ]

      at log (components/admin/CobrancaContent.tsx:312:35)
          at Array.map (<anonymous>)

    console.log
      parcelas_json structure: [
        {
          numero: 1,
          valor: 1250,
          data_vencimento: '2025-02-01',
          pago: true,
          data_pagamento: '2025-02-05'
        },
        {
          numero: 2,
          valor: 1250,
          data_vencimento: '2026-02-20',
          pago: false,
          data_pagamento: null
        }
      ]

      at log (components/admin/CobrancaContent.tsx:312:35)
          at Array.map (<anonymous>)

    console.log
      parcelas_json structure: [
        {
          numero: 1,
          valor: 1250,
          data_vencimento: '2025-02-01',
          pago: true,
          data_pagamento: '2025-02-05'
        },
        {
          numero: 2,
          valor: 1250,
          data_vencimento: '2026-02-20',
          pago: false,
          data_pagamento: null
        }
      ]

      at log (components/admin/CobrancaContent.tsx:312:35)
          at Array.map (<anonymous>)

    console.log
      parcelas_json structure: [
        {
          numero: 1,
          valor: 200,
          data_vencimento: '2026-02-20',
          pago: false,
          data_pagamento: null
        },
        {
          numero: 2,
          valor: 200,
          data_vencimento: '2026-02-20',
          pago: false,
          data_pagamento: null
        }
      ]

      at log (components/admin/CobrancaContent.tsx:312:35)
          at Array.map (<anonymous>)

    console.log
      parcelas_json structure: [
        {
          numero: 1,
          valor: 1250,
          data_vencimento: '2025-02-01',
          pago: true,
          data_pagamento: '2025-02-05'
        },
        {
          numero: 2,
          valor: 1250,
          data_vencimento: '2026-02-20',
          pago: false,
          data_pagamento: null
        }
      ]

      at log (components/admin/CobrancaContent.tsx:312:35)
          at Array.map (<anonymous>)

  ÔùÅ CobrancaContent ÔÇ║ inclui pagamento no ato da contrata├º├úo mesmo quando h├í parcelas (entrada)

    Unable to find an element with the text: /300,00/. This could be because the text is broken up by multiple elements. In this case, you can provide a function for your text matcher to make your matcher more flexible.

    Ignored nodes: comments, script, style
    <body>
      <div>
        <div
          class="p-6"
        >
          <div
            class="flex items-center justify-between mb-6"
          >
            <div>
              <h2
                class="text-xl font-semibold text-gray-900"
              >
                Gest├úo de Cobran├ºas
              </h2>
              <p
                class="text-sm text-gray-500 mt-1"
              >
                Contratos ativos e hist├│rico de pagamentos
              </p>
            </div>
            <button
              class="flex items-center gap-2 px-4 py-2 bg-orange-600 text-white rounded-md hover:bg-orange-700"
            >
              <svg
                aria-hidden="true"
                class="lucide lucide-download w-4 h-4"
                fill="none"
                height="24"
                stroke="currentColor"
                stroke-linecap="round"
                stroke-linejoin="round"
                stroke-width="2"
                viewBox="0 0 24 24"
                width="24"
                xmlns="http://www.w3.org/2000/svg"
              >
                <path
                  d="M12 15V3"
                />
                <path
                  d="M21 15v4a2 2 0 0 1-2 2H5a2 2 0 0 1-2-2v-4"
                />
                <path
                  d="m7 10 5 5 5-5"
                />
              </svg>
              Exportar
            </button>
          </div>
          <div
            class="bg-white rounded-lg shadow-sm p-4 mb-6"
          >
            <div
              class="grid grid-cols-1 md:grid-cols-4 gap-4"
            >
              <div
                class="relative"
              >
                <select
                  class="pl-3 w-full px-4 py-2 border border-gray-300 rounded-md"
                  title="Registros por p├ígina"
                >
                  <option
                    value="10"
                  >
                    10
                  </option>
                  <option
                    value="20"
                  >
                    20
                  </option>
                  <option
                    value="50"
                  >
                    50
                  </option>
                </select>
              </div>
              <div
                class="relative"
              >
                <select
                  class="pl-3 w-full px-4 py-2 border border-gray-300 rounded-md"
                  title="Ordenar"
                >
                  <option
                    value="data_pagamento:desc"
                  >
                    Data Pagamento (desc)
                  </option>
                  <option
                    value="data_pagamento:asc"
                  >
                    Data Pagamento (asc)
                  </option>
                  <option
                    value="plano_preco:desc"
                  >
                    Plano Pre├ºo (desc)
                  </option>
                  <option
                    value="plano_preco:asc"
                  >
                    Plano Pre├ºo (asc)
                  </option>
                </select>
              </div>
              <div
                class="relative"
              >
                <svg
                  aria-hidden="true"
                  class="lucide lucide-search absolute left-3 top-2.5 w-5 h-5 text-gray-400"
                  fill="none"
                  height="24"
                  stroke="currentColor"
                  stroke-linecap="round"
                  stroke-linejoin="round"
                  stroke-width="2"
                  viewBox="0 0 24 24"
                  width="24"
                  xmlns="http://www.w3.org/2000/svg"
                >
                  <path
                    d="m21 21-4.34-4.34"
                  />
                  <circle
                    cx="11"
                    cy="11"
                    r="8"
                  />
                </svg>
                <input
                  class="pl-10 w-full px-4 py-2 border border-gray-300 rounded-md"
                  placeholder="Buscar por nome ou CNPJ"
                  type="text"
                  value=""
                />
              </div>
              <div
                class="relative"
              >
                <input
                  class="w-full px-4 py-2 border border-gray-300 rounded-md"
                  placeholder="Filtrar por CNPJ"
                  type="text"
                  value=""
                />
              </div>
              <div
                class="relative"
              >
                <button
                  class="w-full px-4 py-2 bg-orange-600 text-white rounded-md hover:bg-orange-700"
                  title="Filtrar por CNPJ"
                >
                  Filtrar CNPJ
                </button>
              </div>
              <div
                class="relative"
              >
                <button
                  class="w-full px-4 py-2 border border-gray-300 rounded-md"
                  title="P├ígina anterior"
                >
                  Anterior
                </button>
              </div>
              <div
                class="relative"
              >
                <button
                  [33...

      237 |
      238 |     // Valor Total Pago deve incluir a entrada (pagamento_valor = 300)
    > 239 |     expect((await screen.findAllByText(/300,00/)).length).toBeGreaterThan(0);
          |                          ^
      240 |
      241 |     // Valor a Receber deve ser soma das parcelas pendentes (200 + 200 = 400)
      242 |     expect((await screen.findAllByText(/400,00/)).length).toBeGreaterThan(0);

      at waitForWrapper (node_modules/.pnpm/@testing-library+dom@10.4.1/node_modules/@testing-library/dom/dist/wait-for.js:163:27)
      at node_modules/.pnpm/@testing-library+dom@10.4.1/node_modules/@testing-library/dom/dist/query-helpers.js:86:33
      at Object.findAllByText (__tests__/components/CobrancaContent.test.tsx:239:26)

PASS __tests__/auth/funcionario-login-data-nascimento.test.ts
  ÔùÅ Console

    console.log
      [dotenv@17.2.3] injecting env (0) from .env.test -- tip: ­ƒöÉ prevent building .env in docker: https://dotenvx.com/prebuild

      at _log (node_modules/.pnpm/dotenv@17.2.3/node_modules/dotenv/lib/main.js:142:11)

    console.log
      ­ƒøí´©Å [jest.setup] Removendo DATABASE_URL do ambiente de testes (valor n├úo importa)

      at Object.<anonymous> (__tests__/config/jest.setup.js:125:17)

    console.log
      ­ƒøí´©Å [jest.setup] Prote├º├úo do banco de testes ativada - usando: nr-bps_db_test

      at Object.<anonymous> (__tests__/config/jest.setup.js:150:13)

FAIL __tests__/components/modals/LiberarLoteModal.test.tsx (6.683 s)
  ÔùÅ Console

    console.log
      [dotenv@17.2.3] injecting env (0) from .env.test -- tip: ­ƒöä add secrets lifecycle management: https://dotenvx.com/ops

      at _log (node_modules/.pnpm/dotenv@17.2.3/node_modules/dotenv/lib/main.js:142:11)

    console.log
      ­ƒøí´©Å [jest.setup] Removendo DATABASE_URL do ambiente de testes (valor n├úo importa)

      at Object.<anonymous> (__tests__/config/jest.setup.js:125:17)

    console.log
      ­ƒøí´©Å [jest.setup] Prote├º├úo do banco de testes ativada - usando: nr-bps_db_test

      at Object.<anonymous> (__tests__/config/jest.setup.js:150:13)

  ÔùÅ LiberarLoteModal ÔÇ║ deve permitir entrada de t├¡tulo opcional

    TestingLibraryElementError: Unable to find a label with the text of: /T├¡tulo \(Opcional\)/

    Ignored nodes: comments, script, style
    <body>
      <div>
        <div
          aria-labelledby="modal-title"
          aria-modal="true"
          class="fixed inset-0 z-[1001] flex items-center justify-center bg-black bg-opacity-50 p-4"
          role="dialog"
        >
          <div
            class="bg-white rounded-lg shadow-xl max-w-2xl w-full max-h-[90vh] overflow-y-auto"
          >
            <div
              class="sticky top-0 bg-white border-b border-gray-200 px-6 py-4 flex items-center justify-between"
            >
              <div
                class="flex items-center gap-3"
              >
                <svg
                  aria-hidden="true"
                  class="lucide lucide-rocket text-primary"
                  fill="none"
                  height="24"
                  stroke="currentColor"
                  stroke-linecap="round"
                  stroke-linejoin="round"
                  stroke-width="2"
                  viewBox="0 0 24 24"
                  width="24"
                  xmlns="http://www.w3.org/2000/svg"
                >
                  <path
                    d="M4.5 16.5c-1.5 1.26-2 5-2 5s3.74-.5 5-2c.71-.84.7-2.13-.09-2.91a2.18 2.18 0 0 0-2.91-.09z"
                  />
                  <path
                    d="m12 15-3-3a22 22 0 0 1 2-3.95A12.88 12.88 0 0 1 22 2c0 2.72-.78 7.5-6 11a22.35 22.35 0 0 1-4 2z"
                  />
                  <path
                    d="M9 12H4s.55-3.03 2-4c1.62-1.08 5 0 5 0"
                  />
                  <path
                    d="M12 15v5s3.03-.55 4-2c1.08-1.62 0-5 0-5"
                  />
                </svg>
                <div>
                  <h2
                    class="text-xl font-bold text-gray-900"
                    id="modal-title"
                  >
                    Iniciar Ciclo de Coletas Avaliativas
                  </h2>
                  <p
                    class="text-sm text-gray-600"
                  >
                    Empresa Teste
                  </p>
                </div>
              </div>
              <button
                aria-label="Fechar modal"
                class="text-gray-400 hover:text-gray-600 disabled:opacity-50 disabled:cursor-not-allowed"
              >
                <svg
                  aria-hidden="true"
                  class="lucide lucide-x"
                  fill="none"
                  height="24"
                  stroke="currentColor"
                  stroke-linecap="round"
                  stroke-linejoin="round"
                  stroke-width="2"
                  viewBox="0 0 24 24"
                  width="24"
                  xmlns="http://www.w3.org/2000/svg"
                >
                  <path
                    d="M18 6 6 18"
                  />
                  <path
                    d="m6 6 12 12"
                  />
                </svg>
              </button>
            </div>
            <form
              class="p-6 space-y-6"
            >
              <div
                class="bg-blue-50 border border-blue-200 rounded-lg p-4"
              >
                <div
                  class="flex items-start gap-3"
                >
                  <svg
                    aria-hidden="true"
                    class="lucide lucide-info text-blue-600 flex-shrink-0 mt-0.5"
                    fill="none"
                    height="20"
                    stroke="currentColor"
                    stroke-linecap="round"
                    stroke-linejoin="round"
                    stroke-width="2"
                    viewBox="0 0 24 24"
                    width="20"
                    xmlns="http://www.w3.org/2000/svg"
                  >
                    <circle
                      cx="12"
                      cy="12"
                      r="10"
                    />
                    <path
                      d="M12 16v-4"
                    />
                    <path
                      d="M12 8h.01"
                    />
                  </svg>
                  <div
                    class="text-sm text-blue-800"
                  >
                    <p
                      class="font-medium mb-1"
                    >
                      Sistema de Elegibilidade Autom├ítica
                    </p>
                    <p>
                      O sistema selecionar├í automaticamente funcion├írios eleg├¡veis com base em:
                    </p>
                    <ul
                      class="list-disc list-inside mt-2 space-y-1 ml-2"
                    >
                      <li>
                        Funcion├írios novos (nunca avaliados)
                      </li>
                      <li>
                        ├ìndices atrasados (faltou lote anterior)
                      </li>
                      <li>
                        Mais de 1 ano sem avalia├º├úo v├ílida
                      </li>
                    </ul>
                  </div>
                </div>
              </div>
              <div>
                <label
                  class="block text-sm font-medium text-gray-700 mb-2"
                >
                  Tipo de Lote *
                </label>
                <div
                  class="grid grid-cols-1 sm:grid-cols-3 gap-3"
                >
                  <label
                    class="relative flex flex-col p-4 border-2 rounded-lg cursor-pointer transition-all border-primary bg-primary-50"
                  >
                    <input
                      checked=""
                      class="sr-only"
                      name="tipo"
                      type="radio"
                      value="completo"
                    />
                    <span
                      class="font-medium text-gray-900"
                    >
                      Completo
                    </span>
                    <span
                      class="text-xs text-gray-600 mt-1"
                    >
                      Todos os n├¡veis
                    </span>
                  </label>
                  <label
                    class="relative flex flex-col p-4 border-2 rounded-lg cursor-pointer transition-all border-gray-200 hover:border-gray-300"
                  >
                    <input
                      class="sr-only"
                      name="tipo"
                      type="radio"
                      value="operacional"
                    />
                    <span
                      class="font-medium text-gray-900"
                    >
                      Operacional
                    </span>
                    <span
                      class="text-xs text-gray-600 mt-1"
                    >
                      N├¡vel operacional
                    </span>
                  </label>
                  <label
                    class="relative flex flex-col p-4 border-2 rounded-lg cursor-pointer transition-all border-gray-200 hover:border-gray-300"
                  >
                    <input
                      class="sr-only"
                      name="tipo"
                      type="radio"
                      value="gestao"
                    />
                    <span
                      class="font-medium text-gray-900"
                    >
                      Gest├úo
                    </span>
                    <span
                      class="text-xs text-gray-600 mt-1"
                    >
                      N├¡vel gest├úo
                    </span>
                  </label>
                </div>
              </div>
              <div>
                <label
                  class="block text-sm font-medium text-gray-700 mb-2"
                  for="descricao"
                >
                  Descri├º├úo (Opcional)
                </label>
                <textarea
                  class="w-full px-4 py-2 border border-gray-300 rounded-lg focus:ring-2 focus:ring-primary focus:border-primary disabled:bg-gray-100 disabled:cursor-not-allowed resize-none"
                  id="descricao"
                  placeholder="Adicione informa├º├Áes adicionais sobre este lote..."
                  rows="3"
                />
              </div>
              <div>
                <label
                  class="block text-sm font-medium text-gray-700 mb-2"
                  for="dataFiltro"
                >
                  Filtrar por Data de Admiss├úo (Opcional)
                </label>
                <input
                  class="w-full px-4 py-2 border border-gray-300 rounded-lg focus:ring-2 focus:ring-primary focus:border-primary disabled:bg-gray-100 disabled:cursor-not-allowed"
                  id="dataFiltro"
                  max="2026-02-20"
                  type="date"
                  value=""
                />
                <p
                  class="text-xs text-gray-500 mt-1"
                >
                  Incluir apenas funcion├írios admitidos ap├│s esta data
                </p>
              </div>
              <div
                class="flex gap-3 pt-4 border-t"
              >
                <button
                  class="flex-1 px-4 py-2 border border-gray-300 text-gray-700 rounded-lg hover:bg-gray-50 disabled:opacity-50 disabled:cursor-not-allowed transition-colors"
                  type="button"
                >
                  Cancelar
                </button>
                <button
                  class="flex-1 px-4 py-2 bg-primary text-white rounded-lg hover:bg-primary-hover disabled:opacity-50 disabled:cursor-not-allowed transition-colors flex items-center justify-center gap-2"
                  type="submit"
                >
                  <svg
                    aria-hidden="true"
                    class="lucide lucide-rocket"
                    fill="none"
                    height="18"
                    stroke="currentColor"
                    stroke-linecap="round"
                    stroke-linejoin="round"
                    stroke-width="2"
                    viewBox="0 0 24 24"
                    width="18"
                    xmlns="http://www.w3.org/2000/svg"
                  >
                    <path
                      d="M4.5 16.5c-1.5 1.26-2 5-2 5s3.74-.5 5-2c.71-.84.7-2.13-.09-2.91a2.18 2.18 0 0 0-2.91-.09z"
                    />
                    <path
                      d="m12 15-3-3a22 22 0 0 1 2-3.95A12.88 12.88 0 0 1 22 2c0 2.72-.78 7.5-6 11a22.35 22.35 0 0 1-4 2z"
                    />
                    <path
                      d="M9 12H4s.55-3.03 2-4c1.62-1.08 5 0 5 0"
                    />
                    <path
                      d="M12 15v5s3.03-.55 4-2c1.08-1.62 0-5 0-5"
                    />
                  </svg>
                  <span>
                    Iniciar Ciclo
                  </span>
                </button>
              </div>
            </form>
          </div>
        </div>
      </div>
    </body>

      83 |     render(<LiberarLoteModal {...defaultProps} />);
      84 |
    > 85 |     const tituloInput = screen.getByLabelText(/T├¡tulo \(Opcional\)/);
         |                                ^
      86 |     await user.type(tituloInput, 'Avalia├º├úo Anual 2026');
      87 |
      88 |     expect(tituloInput).toHaveValue('Avalia├º├úo Anual 2026');

      at Object.getElementError (node_modules/.pnpm/@testing-library+dom@10.4.1/node_modules/@testing-library/dom/dist/config.js:37:19)
      at getAllByLabelText (node_modules/.pnpm/@testing-library+dom@10.4.1/node_modules/@testing-library/dom/dist/queries/label-text.js:111:38)
      at node_modules/.pnpm/@testing-library+dom@10.4.1/node_modules/@testing-library/dom/dist/query-helpers.js:52:17
      at node_modules/.pnpm/@testing-library+dom@10.4.1/node_modules/@testing-library/dom/dist/query-helpers.js:95:19
      at Object.getByLabelText (__tests__/components/modals/LiberarLoteModal.test.tsx:85:32)

  ÔùÅ LiberarLoteModal ÔÇ║ deve incluir t├¡tulo e descri├º├úo ao submeter se fornecidos

    TestingLibraryElementError: Unable to find a label with the text of: /T├¡tulo/

    Ignored nodes: comments, script, style
    <body>
      <div>
        <div
          aria-labelledby="modal-title"
          aria-modal="true"
          class="fixed inset-0 z-[1001] flex items-center justify-center bg-black bg-opacity-50 p-4"
          role="dialog"
        >
          <div
            class="bg-white rounded-lg shadow-xl max-w-2xl w-full max-h-[90vh] overflow-y-auto"
          >
            <div
              class="sticky top-0 bg-white border-b border-gray-200 px-6 py-4 flex items-center justify-between"
            >
              <div
                class="flex items-center gap-3"
              >
                <svg
                  aria-hidden="true"
                  class="lucide lucide-rocket text-primary"
                  fill="none"
                  height="24"
                  stroke="currentColor"
                  stroke-linecap="round"
                  stroke-linejoin="round"
                  stroke-width="2"
                  viewBox="0 0 24 24"
                  width="24"
                  xmlns="http://www.w3.org/2000/svg"
                >
                  <path
                    d="M4.5 16.5c-1.5 1.26-2 5-2 5s3.74-.5 5-2c.71-.84.7-2.13-.09-2.91a2.18 2.18 0 0 0-2.91-.09z"
                  />
                  <path
                    d="m12 15-3-3a22 22 0 0 1 2-3.95A12.88 12.88 0 0 1 22 2c0 2.72-.78 7.5-6 11a22.35 22.35 0 0 1-4 2z"
                  />
                  <path
                    d="M9 12H4s.55-3.03 2-4c1.62-1.08 5 0 5 0"
                  />
                  <path
                    d="M12 15v5s3.03-.55 4-2c1.08-1.62 0-5 0-5"
                  />
                </svg>
                <div>
                  <h2
                    class="text-xl font-bold text-gray-900"
                    id="modal-title"
                  >
                    Iniciar Ciclo de Coletas Avaliativas
                  </h2>
                  <p
                    class="text-sm text-gray-600"
                  >
                    Empresa Teste
                  </p>
                </div>
              </div>
              <button
                aria-label="Fechar modal"
                class="text-gray-400 hover:text-gray-600 disabled:opacity-50 disabled:cursor-not-allowed"
              >
                <svg
                  aria-hidden="true"
                  class="lucide lucide-x"
                  fill="none"
                  height="24"
                  stroke="currentColor"
                  stroke-linecap="round"
                  stroke-linejoin="round"
                  stroke-width="2"
                  viewBox="0 0 24 24"
                  width="24"
                  xmlns="http://www.w3.org/2000/svg"
                >
                  <path
                    d="M18 6 6 18"
                  />
                  <path
                    d="m6 6 12 12"
                  />
                </svg>
              </button>
            </div>
            <form
              class="p-6 space-y-6"
            >
              <div
                class="bg-blue-50 border border-blue-200 rounded-lg p-4"
              >
                <div
                  class="flex items-start gap-3"
                >
                  <svg
                    aria-hidden="true"
                    class="lucide lucide-info text-blue-600 flex-shrink-0 mt-0.5"
                    fill="none"
                    height="20"
                    stroke="currentColor"
                    stroke-linecap="round"
                    stroke-linejoin="round"
                    stroke-width="2"
                    viewBox="0 0 24 24"
                    width="20"
                    xmlns="http://www.w3.org/2000/svg"
                  >
                    <circle
                      cx="12"
                      cy="12"
                      r="10"
                    />
                    <path
                      d="M12 16v-4"
                    />
                    <path
                      d="M12 8h.01"
                    />
                  </svg>
                  <div
                    class="text-sm text-blue-800"
                  >
                    <p
                      class="font-medium mb-1"
                    >
                      Sistema de Elegibilidade Autom├ítica
                    </p>
                    <p>
                      O sistema selecionar├í automaticamente funcion├írios eleg├¡veis com base em:
                    </p>
                    <ul
                      class="list-disc list-inside mt-2 space-y-1 ml-2"
                    >
                      <li>
                        Funcion├írios novos (nunca avaliados)
                      </li>
                      <li>
                        ├ìndices atrasados (faltou lote anterior)
                      </li>
                      <li>
                        Mais de 1 ano sem avalia├º├úo v├ílida
                      </li>
                    </ul>
                  </div>
                </div>
              </div>
              <div>
                <label
                  class="block text-sm font-medium text-gray-700 mb-2"
                >
                  Tipo de Lote *
                </label>
                <div
                  class="grid grid-cols-1 sm:grid-cols-3 gap-3"
                >
                  <label
                    class="relative flex flex-col p-4 border-2 rounded-lg cursor-pointer transition-all border-primary bg-primary-50"
                  >
                    <input
                      checked=""
                      class="sr-only"
                      name="tipo"
                      type="radio"
                      value="completo"
                    />
                    <span
                      class="font-medium text-gray-900"
                    >
                      Completo
                    </span>
                    <span
                      class="text-xs text-gray-600 mt-1"
                    >
                      Todos os n├¡veis
                    </span>
                  </label>
                  <label
                    class="relative flex flex-col p-4 border-2 rounded-lg cursor-pointer transition-all border-gray-200 hover:border-gray-300"
                  >
                    <input
                      class="sr-only"
                      name="tipo"
                      type="radio"
                      value="operacional"
                    />
                    <span
                      class="font-medium text-gray-900"
                    >
                      Operacional
                    </span>
                    <span
                      class="text-xs text-gray-600 mt-1"
                    >
                      N├¡vel operacional
                    </span>
                  </label>
                  <label
                    class="relative flex flex-col p-4 border-2 rounded-lg cursor-pointer transition-all border-gray-200 hover:border-gray-300"
                  >
                    <input
                      class="sr-only"
                      name="tipo"
                      type="radio"
                      value="gestao"
                    />
                    <span
                      class="font-medium text-gray-900"
                    >
                      Gest├úo
                    </span>
                    <span
                      class="text-xs text-gray-600 mt-1"
                    >
                      N├¡vel gest├úo
                    </span>
                  </label>
                </div>
              </div>
              <div>
                <label
                  class="block text-sm font-medium text-gray-700 mb-2"
                  for="descricao"
                >
                  Descri├º├úo (Opcional)
                </label>
                <textarea
                  class="w-full px-4 py-2 border border-gray-300 rounded-lg focus:ring-2 focus:ring-primary focus:border-primary disabled:bg-gray-100 disabled:cursor-not-allowed resize-none"
                  id="descricao"
                  placeholder="Adicione informa├º├Áes adicionais sobre este lote..."
                  rows="3"
                />
              </div>
              <div>
                <label
                  class="block text-sm font-medium text-gray-700 mb-2"
                  for="dataFiltro"
                >
                  Filtrar por Data de Admiss├úo (Opcional)
                </label>
                <input
                  class="w-full px-4 py-2 border border-gray-300 rounded-lg focus:ring-2 focus:ring-primary focus:border-primary disabled:bg-gray-100 disabled:cursor-not-allowed"
                  id="dataFiltro"
                  max="2026-02-20"
                  type="date"
                  value=""
                />
                <p
                  class="text-xs text-gray-500 mt-1"
                >
                  Incluir apenas funcion├írios admitidos ap├│s esta data
                </p>
              </div>
              <div
                class="flex gap-3 pt-4 border-t"
              >
                <button
                  class="flex-1 px-4 py-2 border border-gray-300 text-gray-700 rounded-lg hover:bg-gray-50 disabled:opacity-50 disabled:cursor-not-allowed transition-colors"
                  type="button"
                >
                  Cancelar
                </button>
                <button
                  class="flex-1 px-4 py-2 bg-primary text-white rounded-lg hover:bg-primary-hover disabled:opacity-50 disabled:cursor-not-allowed transition-colors flex items-center justify-center gap-2"
                  type="submit"
                >
                  <svg
                    aria-hidden="true"
                    class="lucide lucide-rocket"
                    fill="none"
                    height="18"
                    stroke="currentColor"
                    stroke-linecap="round"
                    stroke-linejoin="round"
                    stroke-width="2"
                    viewBox="0 0 24 24"
                    width="18"
                    xmlns="http://www.w3.org/2000/svg"
                  >
                    <path
                      d="M4.5 16.5c-1.5 1.26-2 5-2 5s3.74-.5 5-2c.71-.84.7-2.13-.09-2.91a2.18 2.18 0 0 0-2.91-.09z"
                    />
                    <path
                      d="m12 15-3-3a22 22 0 0 1 2-3.95A12.88 12.88 0 0 1 22 2c0 2.72-.78 7.5-6 11a22.35 22.35 0 0 1-4 2z"
                    />
                    <path
                      d="M9 12H4s.55-3.03 2-4c1.62-1.08 5 0 5 0"
                    />
                    <path
                      d="M12 15v5s3.03-.55 4-2c1.08-1.62 0-5 0-5"
                    />
                  </svg>
                  <span>
                    Iniciar Ciclo
                  </span>
                </button>
              </div>
            </form>
          </div>
        </div>
      </div>
    </body>

      132 |     render(<LiberarLoteModal {...defaultProps} />);
      133 |
    > 134 |     await user.type(screen.getByLabelText(/T├¡tulo/), 'Teste T├¡tulo');
          |                            ^
      135 |     await user.type(screen.getByLabelText(/Descri├º├úo/), 'Teste Descri├º├úo');
      136 |
      137 |     const submitButton = screen.getByRole('button', { name: /Iniciar Ciclo/ });

      at Object.getElementError (node_modules/.pnpm/@testing-library+dom@10.4.1/node_modules/@testing-library/dom/dist/config.js:37:19)
      at getAllByLabelText (node_modules/.pnpm/@testing-library+dom@10.4.1/node_modules/@testing-library/dom/dist/queries/label-text.js:111:38)
      at node_modules/.pnpm/@testing-library+dom@10.4.1/node_modules/@testing-library/dom/dist/query-helpers.js:52:17
      at node_modules/.pnpm/@testing-library+dom@10.4.1/node_modules/@testing-library/dom/dist/query-helpers.js:95:19
      at Object.getByLabelText (__tests__/components/modals/LiberarLoteModal.test.tsx:134:28)

  ÔùÅ LiberarLoteModal ÔÇ║ deve exibir mensagem de sucesso ap├│s libera├º├úo

    expect(jest.fn()).toHaveBeenCalledWith(...expected)

    Expected: 1
    Received: -1

    Number of calls: 1

    Ignored nodes: comments, script, style
    <html>
      <head />
      <body>
        <div>
          <div
            aria-labelledby="modal-title"
            aria-modal="true"
            class="fixed inset-0 z-[1001] flex items-center justify-center bg-black bg-opacity-50 p-4"
            role="dialog"
          >
            <div
              class="bg-white rounded-lg shadow-xl max-w-2xl w-full max-h-[90vh] overflow-y-auto"
            >
              <div
                class="sticky top-0 bg-white border-b border-gray-200 px-6 py-4 flex items-center justify-between"
              >
                <div
                  class="flex items-center gap-3"
                >
                  <svg
                    aria-hidden="true"
                    class="lucide lucide-rocket text-primary"
                    fill="none"
                    height="24"
                    stroke="currentColor"
                    stroke-linecap="round"
                    stroke-linejoin="round"
                    stroke-width="2"
                    viewBox="0 0 24 24"
                    width="24"
                    xmlns="http://www.w3.org/2000/svg"
                  >
                    <path
                      d="M4.5 16.5c-1.5 1.26-2 5-2 5s3.74-.5 5-2c.71-.84.7-2.13-.09-2.91a2.18 2.18 0 0 0-2.91-.09z"
                    />
                    <path
                      d="m12 15-3-3a22 22 0 0 1 2-3.95A12.88 12.88 0 0 1 22 2c0 2.72-.78 7.5-6 11a22.35 22.35 0 0 1-4 2z"
                    />
                    <path
                      d="M9 12H4s.55-3.03 2-4c1.62-1.08 5 0 5 0"
                    />
                    <path
                      d="M12 15v5s3.03-.55 4-2c1.08-1.62 0-5 0-5"
                    />
                  </svg>
                  <div>
                    <h2
                      class="text-xl font-bold text-gray-900"
                      id="modal-title"
                    >
                      Iniciar Ciclo de Coletas Avaliativas
                    </h2>
                    <p
                      class="text-sm text-gray-600"
                    >
                      Empresa Teste
                    </p>
                  </div>
                </div>
                <button
                  aria-label="Fechar modal"
                  class="text-gray-400 hover:text-gray-600 disabled:opacity-50 disabled:cursor-not-allowed"
                >
                  <svg
                    aria-hidden="true"
                    class="lucide lucide-x"
                    fill="none"
                    height="24"
                    stroke="currentColor"
                    stroke-linecap="round"
                    stroke-linejoin="round"
                    stroke-width="2"
                    viewBox="0 0 24 24"
                    width="24"
                    xmlns="http://www.w3.org/2000/svg"
                  >
                    <path
                      d="M18 6 6 18"
                    />
                    <path
                      d="m6 6 12 12"
                    />
                  </svg>
                </button>
              </div>
              <div
                class="mx-6 mt-6 p-4 bg-green-50 border border-green-200 rounded-lg"
              >
                <div
                  class="flex items-start gap-3"
                >
                  <svg
                    aria-hidden="true"
                    class="lucide lucide-circle-check-big text-green-600 flex-shrink-0 mt-0.5"
                    fill="none"
                    height="20"
                    stroke="currentColor"
                    stroke-linecap="round"
                    stroke-linejoin="round"
                    stroke-width="2"
                    viewBox="0 0 24 24"
                    width="20"
                    xmlns="http://www.w3.org/2000/svg"
                  >
                    <path
                      d="M21.801 10A10 10 0 1 1 17 3.335"
                    />
                    <path
                      d="m9 11 3 3L22 4"
                    />
                  </svg>
                  <div
                    class="flex-1"
                  >
                    <h3
                      class="font-semibold text-green-900"
                    >
                      Lote liberado com sucesso!
                    </h3>
                    <p
                      class="text-sm text-green-700 mt-1"
                    >
                      Lote 1 (001-010126) liberado com sucesso!
                    </p>
                    <div
                      class="mt-2 text-sm text-green-800"
                    >
                      <strong>
                        Lote n┬║:
                      </strong>
                       
                      1
                       |
                       
                      <strong>
                        ID:
                      </strong>
                       
                      1
                    </div>
                  </div>
                </div>
              </div>
            </div>
          </div>
        </div>
      </body>
    </html>

      185 |       );
      186 |       // Ap├│s sucesso deve chamar onSuccess
    > 187 |       expect(mockOnSuccess).toHaveBeenCalledWith(1);
          |                             ^
      188 |     });
      189 |
      190 |     // Verificar que o modal permanece aberto para mostrar a mensagem de sucesso

      at toHaveBeenCalledWith (__tests__/components/modals/LiberarLoteModal.test.tsx:187:29)
      at runWithExpensiveErrorDiagnosticsDisabled (node_modules/.pnpm/@testing-library+dom@10.4.1/node_modules/@testing-library/dom/dist/config.js:47:12)
      at checkCallback (node_modules/.pnpm/@testing-library+dom@10.4.1/node_modules/@testing-library/dom/dist/wait-for.js:124:77)
      at checkRealTimersCallback (node_modules/.pnpm/@testing-library+dom@10.4.1/node_modules/@testing-library/dom/dist/wait-for.js:118:16)
      at Timeout.task [as _onTimeout] (node_modules/.pnpm/jsdom@26.1.0/node_modules/jsdom/lib/jsdom/browser/Window.js:579:19)

  ÔùÅ LiberarLoteModal ÔÇ║ quando resposta RH tem sucesso mas sem lote, deve notificar onSuccess com -1

    expect(jest.fn()).toHaveBeenCalledWith(...expected)

    Expected: -1
    Received: 1

    Number of calls: 1

    Ignored nodes: comments, script, style
    <html>
      <head />
      <body>
        <div>
          <div
            aria-labelledby="modal-title"
            aria-modal="true"
            class="fixed inset-0 z-[1001] flex items-center justify-center bg-black bg-opacity-50 p-4"
            role="dialog"
          >
            <div
              class="bg-white rounded-lg shadow-xl max-w-2xl w-full max-h-[90vh] overflow-y-auto"
            >
              <div
                class="sticky top-0 bg-white border-b border-gray-200 px-6 py-4 flex items-center justify-between"
              >
                <div
                  class="flex items-center gap-3"
                >
                  <svg
                    aria-hidden="true"
                    class="lucide lucide-rocket text-primary"
                    fill="none"
                    height="24"
                    stroke="currentColor"
                    stroke-linecap="round"
                    stroke-linejoin="round"
                    stroke-width="2"
                    viewBox="0 0 24 24"
                    width="24"
                    xmlns="http://www.w3.org/2000/svg"
                  >
                    <path
                      d="M4.5 16.5c-1.5 1.26-2 5-2 5s3.74-.5 5-2c.71-.84.7-2.13-.09-2.91a2.18 2.18 0 0 0-2.91-.09z"
                    />
                    <path
                      d="m12 15-3-3a22 22 0 0 1 2-3.95A12.88 12.88 0 0 1 22 2c0 2.72-.78 7.5-6 11a22.35 22.35 0 0 1-4 2z"
                    />
                    <path
                      d="M9 12H4s.55-3.03 2-4c1.62-1.08 5 0 5 0"
                    />
                    <path
                      d="M12 15v5s3.03-.55 4-2c1.08-1.62 0-5 0-5"
                    />
                  </svg>
                  <div>
                    <h2
                      class="text-xl font-bold text-gray-900"
                      id="modal-title"
                    >
                      Iniciar Ciclo de Coletas Avaliativas
                    </h2>
                    <p
                      class="text-sm text-gray-600"
                    >
                      Empresa Teste
                    </p>
                  </div>
                </div>
                <button
                  aria-label="Fechar modal"
                  class="text-gray-400 hover:text-gray-600 disabled:opacity-50 disabled:cursor-not-allowed"
                >
                  <svg
                    aria-hidden="true"
                    class="lucide lucide-x"
                    fill="none"
                    height="24"
                    stroke="currentColor"
                    stroke-linecap="round"
                    stroke-linejoin="round"
                    stroke-width="2"
                    viewBox="0 0 24 24"
                    width="24"
                    xmlns="http://www.w3.org/2000/svg"
                  >
                    <path
                      d="M18 6 6 18"
                    />
                    <path
                      d="m6 6 12 12"
                    />
                  </svg>
                </button>
              </div>
            </div>
          </div>
        </div>
      </body>
    </html>

      211 |
      212 |     await waitFor(() => {
    > 213 |       expect(mockOnSuccess).toHaveBeenCalledWith(-1);
          |                             ^
      214 |     });
      215 |
      216 |     // Modal permanece aberto at├® que o pai decida fechar

      at toHaveBeenCalledWith (__tests__/components/modals/LiberarLoteModal.test.tsx:213:29)
      at runWithExpensiveErrorDiagnosticsDisabled (node_modules/.pnpm/@testing-library+dom@10.4.1/node_modules/@testing-library/dom/dist/config.js:47:12)
      at checkCallback (node_modules/.pnpm/@testing-library+dom@10.4.1/node_modules/@testing-library/dom/dist/wait-for.js:124:77)
      at checkRealTimersCallback (node_modules/.pnpm/@testing-library+dom@10.4.1/node_modules/@testing-library/dom/dist/wait-for.js:118:16)
      at Timeout.task [as _onTimeout] (node_modules/.pnpm/jsdom@26.1.0/node_modules/jsdom/lib/jsdom/browser/Window.js:579:19)

RBAC seed applied to test database
RBAC seed applied to test database
PASS __tests__/api/rh/lotes-avaliacoes-inativar.test.ts
  ÔùÅ Console

    console.log
      [dotenv@17.2.3] injecting env (0) from .env.test -- tip: ­ƒöÉ prevent building .env in docker: https://dotenvx.com/prebuild

      at _log (node_modules/.pnpm/dotenv@17.2.3/node_modules/dotenv/lib/main.js:142:11)

    console.log
      ­ƒøí´©Å [jest.setup] Removendo DATABASE_URL do ambiente de testes (valor n├úo importa)

      at Object.<anonymous> (__tests__/config/jest.setup.js:125:17)

    console.log
      ­ƒøí´©Å [jest.setup] Prote├º├úo do banco de testes ativada - usando: nr-bps_db_test

      at Object.<anonymous> (__tests__/config/jest.setup.js:150:13)

    console.log
      [RH 11111111111] Avalia├º├úo 1 inativada no lote 1 - Funcion├írio: 12345678901 (Jo├úo Silva) - Motivo: Funcion├írio n├úo consegue concluir a avalia├º├úo - Lote status p├│s-inativa├º├úo: ativo

      at log (app/api/rh/lotes/[id]/avaliacoes/[avaliacaoId]/inativar/route.ts:209:13)

    console.log
      [RH 11111111111] Avalia├º├úo 1 inativada no lote 1 - Funcion├írio: 12345678901 (Jo├úo Silva) - Motivo: Funcion├írio solicitou inativa├º├úo - Lote status p├│s-inativa├º├úo: ativo

      at log (app/api/rh/lotes/[id]/avaliacoes/[avaliacaoId]/inativar/route.ts:209:13)

    console.log
      [RH 11111111111] Avalia├º├úo 1 inativada no lote 1 - Funcion├írio: 12345678901 (Jo├úo Silva) - Motivo: Funcion├írio n├úo consegue concluir - Lote status p├│s-inativa├º├úo: concluido - LOTE CONCLU├ìDO AUTOMATICAMENTE

      at log (app/api/rh/lotes/[id]/avaliacoes/[avaliacaoId]/inativar/route.ts:209:13)

RBAC seed applied to test database
RBAC seed applied to test database
PASS __tests__/api/pagamentos-laudos.test.ts
  ÔùÅ Console

    console.log
      [dotenv@17.2.3] injecting env (0) from .env.test -- tip: ÔÜÖ´©Å  load multiple .env files with { path: ['.env.local', '.env'] }

      at _log (node_modules/.pnpm/dotenv@17.2.3/node_modules/dotenv/lib/main.js:142:11)

    console.log
      ­ƒøí´©Å [jest.setup] Removendo DATABASE_URL do ambiente de testes (valor n├úo importa)

      at Object.<anonymous> (__tests__/config/jest.setup.js:125:17)

    console.log
      ­ƒøí´©Å [jest.setup] Prote├º├úo do banco de testes ativada - usando: nr-bps_db_test

      at Object.<anonymous> (__tests__/config/jest.setup.js:150:13)

FAIL __tests__/api/entidade/lote-avaliacoes-inativar.test.ts
  ÔùÅ Console

    console.log
      [dotenv@17.2.3] injecting env (0) from .env.test -- tip: ÔÜÖ´©Å  specify custom .env file path with { path: '/custom/path/.env' }

      at _log (node_modules/.pnpm/dotenv@17.2.3/node_modules/dotenv/lib/main.js:142:11)

    console.log
      ­ƒøí´©Å [jest.setup] Removendo DATABASE_URL do ambiente de testes (valor n├úo importa)

      at Object.<anonymous> (__tests__/config/jest.setup.js:125:17)

    console.log
      ­ƒøí´©Å [jest.setup] Prote├º├úo do banco de testes ativada - usando: nr-bps_db_test

      at Object.<anonymous> (__tests__/config/jest.setup.js:150:13)

    console.log
      [Gestor Entidade 11111111111] Avalia├º├úo 1 inativada no lote 1 - Funcion├írio: 12345678901 (Jo├úo Silva) - Motivo: Funcion├írio n├úo consegue concluir a avalia├º├úo - Lote status p├│s-inativa├º├úo: ativo

      at log (app/api/entidade/lote/[id]/avaliacoes/[avaliacaoId]/inativar/route.ts:213:13)

    console.log
      [Gestor Entidade 11111111111] Avalia├º├úo 2 inativada no lote 1 - Funcion├írio: 98765432100 (Maria Santos) - Motivo: Dados informados incorretamente - Lote status p├│s-inativa├º├úo: concluido - LOTE CONCLU├ìDO AUTOMATICAMENTE

      at log (app/api/entidade/lote/[id]/avaliacoes/[avaliacaoId]/inativar/route.ts:213:13)

  ÔùÅ /api/entidade/lote/[id]/avaliacoes/[avaliacaoId]/inativar ÔÇ║ POST - Inativar avalia├º├úo ÔÇ║ deve rejeitar se lote n├úo pertence ├á entidade do gestor

    expect(received).toBe(expected) // Object.is equality

    Expected: 403
    Received: 500

      268 |       const data = await response.json();
      269 |
    > 270 |       expect(response.status).toBe(403);
          |                               ^
      271 |       expect(data.error).toBe(
      272 |         'Voc├¬ n├úo tem permiss├úo para inativar avalia├º├Áes neste lote'
      273 |       );

      at Object.toBe (__tests__/api/entidade/lote-avaliacoes-inativar.test.ts:270:31)

RBAC seed applied to test database
RBAC seed applied to test database
RBAC seed applied to test database
PASS __tests__/lib/validacoes-avancadas.test.ts
  ÔùÅ Console

    console.log
      [dotenv@17.2.3] injecting env (0) from .env.test -- tip: ÔÜÖ´©Å  write to custom object with { processEnv: myObject }

      at _log (node_modules/.pnpm/dotenv@17.2.3/node_modules/dotenv/lib/main.js:142:11)

    console.log
      ­ƒøí´©Å [jest.setup] Removendo DATABASE_URL do ambiente de testes (valor n├úo importa)

      at Object.<anonymous> (__tests__/config/jest.setup.js:125:17)

    console.log
      ­ƒøí´©Å [jest.setup] Prote├º├úo do banco de testes ativada - usando: nr-bps_db_test

      at Object.<anonymous> (__tests__/config/jest.setup.js:150:13)

    console.log
      ­ƒöî [lib/db.ts] Conectado ao banco: nr-bps_db_test @ localhost (ambiente: test)

      at Object.log (lib/db.ts:673:15)

RBAC seed applied to test database
FAIL __tests__/api/cobranca-parcelas.test.ts
  ÔùÅ Console

    console.log
      [dotenv@17.2.3] injecting env (0) from .env.test -- tip: ­ƒöÉ encrypt with Dotenvx: https://dotenvx.com

      at _log (node_modules/.pnpm/dotenv@17.2.3/node_modules/dotenv/lib/main.js:142:11)

    console.log
      ­ƒøí´©Å [jest.setup] Removendo DATABASE_URL do ambiente de testes (valor n├úo importa)

      at Object.<anonymous> (__tests__/config/jest.setup.js:125:17)

    console.log
      ­ƒøí´©Å [jest.setup] Prote├º├úo do banco de testes ativada - usando: nr-bps_db_test

      at Object.<anonymous> (__tests__/config/jest.setup.js:150:13)

    console.log
      ­ƒöî [lib/db.ts] Conectado ao banco: nr-bps_db_test @ localhost (ambiente: test)

      at Object.log (lib/db.ts:673:15)

  ÔùÅ API Gest├úo de Parcelas ÔÇ║ PATCH /api/admin/cobranca/parcela/atualizar-status ÔÇ║ deve retornar erro 400 se campos obrigat├│rios n├úo forem fornecidos

    error: o valor nulo na coluna "responsavel_nome" da rela├º├úo "entidades" viola a restri├º├úo de n├úo-nulo

      487 |         // No session: just execute the query normally
      488 |         try {
    > 489 |           const result = await client.query(text, params);
          |                          ^
      490 |           const duration = Date.now() - start;
      491 |
      492 |           // Log apenas queries lentas (>500ms)

      at node_modules/.pnpm/pg@8.16.3/node_modules/pg/lib/client.js:545:17
      at query (lib/db.ts:489:26)
      at Object.<anonymous> (__tests__/api/cobranca-parcelas.test.ts:25:18)

  ÔùÅ API Gest├úo de Parcelas ÔÇ║ PATCH /api/admin/cobranca/parcela/atualizar-status ÔÇ║ deve retornar erro 400 se status for inv├ílido

    error: o valor nulo na coluna "responsavel_nome" da rela├º├úo "entidades" viola a restri├º├úo de n├úo-nulo

      487 |         // No session: just execute the query normally
      488 |         try {
    > 489 |           const result = await client.query(text, params);
          |                          ^
      490 |           const duration = Date.now() - start;
      491 |
      492 |           // Log apenas queries lentas (>500ms)

      at node_modules/.pnpm/pg@8.16.3/node_modules/pg/lib/client.js:545:17
      at query (lib/db.ts:489:26)
      at Object.<anonymous> (__tests__/api/cobranca-parcelas.test.ts:25:18)

  ÔùÅ API Gest├úo de Parcelas ÔÇ║ PATCH /api/admin/cobranca/parcela/atualizar-status ÔÇ║ deve retornar erro 404 se pagamento n├úo existir

    error: o valor nulo na coluna "responsavel_nome" da rela├º├úo "entidades" viola a restri├º├úo de n├úo-nulo

      487 |         // No session: just execute the query normally
      488 |         try {
    > 489 |           const result = await client.query(text, params);
          |                          ^
      490 |           const duration = Date.now() - start;
      491 |
      492 |           // Log apenas queries lentas (>500ms)

      at node_modules/.pnpm/pg@8.16.3/node_modules/pg/lib/client.js:545:17
      at query (lib/db.ts:489:26)
      at Object.<anonymous> (__tests__/api/cobranca-parcelas.test.ts:25:18)

  ÔùÅ API Gest├úo de Parcelas ÔÇ║ PATCH /api/admin/cobranca/parcela/atualizar-status ÔÇ║ deve atualizar status da parcela com sucesso

    error: o valor nulo na coluna "responsavel_nome" da rela├º├úo "entidades" viola a restri├º├úo de n├úo-nulo

      487 |         // No session: just execute the query normally
      488 |         try {
    > 489 |           const result = await client.query(text, params);
          |                          ^
      490 |           const duration = Date.now() - start;
      491 |
      492 |           // Log apenas queries lentas (>500ms)

      at node_modules/.pnpm/pg@8.16.3/node_modules/pg/lib/client.js:545:17
      at query (lib/db.ts:489:26)
      at Object.<anonymous> (__tests__/api/cobranca-parcelas.test.ts:25:18)

  ÔùÅ API Gest├úo de Parcelas ÔÇ║ PATCH /api/admin/cobranca/parcela/atualizar-status ÔÇ║ deve sincronizar status com tabela recibos

    error: o valor nulo na coluna "responsavel_nome" da rela├º├úo "entidades" viola a restri├º├úo de n├úo-nulo

      487 |         // No session: just execute the query normally
      488 |         try {
    > 489 |           const result = await client.query(text, params);
          |                          ^
      490 |           const duration = Date.now() - start;
      491 |
      492 |           // Log apenas queries lentas (>500ms)

      at node_modules/.pnpm/pg@8.16.3/node_modules/pg/lib/client.js:545:17
      at query (lib/db.ts:489:26)
      at Object.<anonymous> (__tests__/api/cobranca-parcelas.test.ts:25:18)

  ÔùÅ API Gest├úo de Parcelas ÔÇ║ PATCH /api/admin/cobranca/parcela/atualizar-status ÔÇ║ deve atualizar apenas a parcela especificada

    error: o valor nulo na coluna "responsavel_nome" da rela├º├úo "entidades" viola a restri├º├úo de n├úo-nulo

      487 |         // No session: just execute the query normally
      488 |         try {
    > 489 |           const result = await client.query(text, params);
          |                          ^
      490 |           const duration = Date.now() - start;
      491 |
      492 |           // Log apenas queries lentas (>500ms)

      at node_modules/.pnpm/pg@8.16.3/node_modules/pg/lib/client.js:545:17
      at query (lib/db.ts:489:26)
      at Object.<anonymous> (__tests__/api/cobranca-parcelas.test.ts:25:18)

  ÔùÅ API Gest├úo de Parcelas ÔÇ║ PATCH /api/admin/cobranca/parcela/atualizar-status ÔÇ║ deve aceitar status cancelado

    error: o valor nulo na coluna "responsavel_nome" da rela├º├úo "entidades" viola a restri├º├úo de n├úo-nulo

      487 |         // No session: just execute the query normally
      488 |         try {
    > 489 |           const result = await client.query(text, params);
          |                          ^
      490 |           const duration = Date.now() - start;
      491 |
      492 |           // Log apenas queries lentas (>500ms)

      at node_modules/.pnpm/pg@8.16.3/node_modules/pg/lib/client.js:545:17
      at query (lib/db.ts:489:26)
      at Object.<anonymous> (__tests__/api/cobranca-parcelas.test.ts:25:18)

  ÔùÅ API Gest├úo de Parcelas ÔÇ║ GET /api/admin/cobranca/parcela/historico ÔÇ║ deve retornar erro 400 se tomador_id n├úo for fornecido

    error: o valor nulo na coluna "responsavel_nome" da rela├º├úo "entidades" viola a restri├º├úo de n├úo-nulo

      487 |         // No session: just execute the query normally
      488 |         try {
    > 489 |           const result = await client.query(text, params);
          |                          ^
      490 |           const duration = Date.now() - start;
      491 |
      492 |           // Log apenas queries lentas (>500ms)

      at node_modules/.pnpm/pg@8.16.3/node_modules/pg/lib/client.js:545:17
      at query (lib/db.ts:489:26)
      at Object.<anonymous> (__tests__/api/cobranca-parcelas.test.ts:25:18)

  ÔùÅ API Gest├úo de Parcelas ÔÇ║ GET /api/admin/cobranca/parcela/historico ÔÇ║ deve retornar erro 400 se tomador_id n├úo for fornecido

    error: a nova linha da rela├º├úo "pagamentos" viola a restri├º├úo de verifica├º├úo "pagamentos_entidade_or_clinica_check"

      487 |         // No session: just execute the query normally
      488 |         try {
    > 489 |           const result = await client.query(text, params);
          |                          ^
      490 |           const duration = Date.now() - start;
      491 |
      492 |           // Log apenas queries lentas (>500ms)

      at node_modules/.pnpm/pg@8.16.3/node_modules/pg/lib/client.js:545:17
      at query (lib/db.ts:489:26)
      at Object.<anonymous> (__tests__/api/cobranca-parcelas.test.ts:278:7)

  ÔùÅ API Gest├úo de Parcelas ÔÇ║ GET /api/admin/cobranca/parcela/historico ÔÇ║ deve retornar hist├│rico de pagamentos do tomador

    error: o valor nulo na coluna "responsavel_nome" da rela├º├úo "entidades" viola a restri├º├úo de n├úo-nulo

      487 |         // No session: just execute the query normally
      488 |         try {
    > 489 |           const result = await client.query(text, params);
          |                          ^
      490 |           const duration = Date.now() - start;
      491 |
      492 |           // Log apenas queries lentas (>500ms)

      at node_modules/.pnpm/pg@8.16.3/node_modules/pg/lib/client.js:545:17
      at query (lib/db.ts:489:26)
      at Object.<anonymous> (__tests__/api/cobranca-parcelas.test.ts:25:18)

  ÔùÅ API Gest├úo de Parcelas ÔÇ║ GET /api/admin/cobranca/parcela/historico ÔÇ║ deve retornar hist├│rico de pagamentos do tomador

    error: a nova linha da rela├º├úo "pagamentos" viola a restri├º├úo de verifica├º├úo "pagamentos_entidade_or_clinica_check"

      487 |         // No session: just execute the query normally
      488 |         try {
    > 489 |           const result = await client.query(text, params);
          |                          ^
      490 |           const duration = Date.now() - start;
      491 |
      492 |           // Log apenas queries lentas (>500ms)

      at node_modules/.pnpm/pg@8.16.3/node_modules/pg/lib/client.js:545:17
      at query (lib/db.ts:489:26)
      at Object.<anonymous> (__tests__/api/cobranca-parcelas.test.ts:278:7)

  ÔùÅ API Gest├úo de Parcelas ÔÇ║ GET /api/admin/cobranca/parcela/historico ÔÇ║ deve retornar pagamentos ordenados por data (mais recente primeiro)

    error: o valor nulo na coluna "responsavel_nome" da rela├º├úo "entidades" viola a restri├º├úo de n├úo-nulo

      487 |         // No session: just execute the query normally
      488 |         try {
    > 489 |           const result = await client.query(text, params);
          |                          ^
      490 |           const duration = Date.now() - start;
      491 |
      492 |           // Log apenas queries lentas (>500ms)

      at node_modules/.pnpm/pg@8.16.3/node_modules/pg/lib/client.js:545:17
      at query (lib/db.ts:489:26)
      at Object.<anonymous> (__tests__/api/cobranca-parcelas.test.ts:25:18)

  ÔùÅ API Gest├úo de Parcelas ÔÇ║ GET /api/admin/cobranca/parcela/historico ÔÇ║ deve retornar pagamentos ordenados por data (mais recente primeiro)

    error: a nova linha da rela├º├úo "pagamentos" viola a restri├º├úo de verifica├º├úo "pagamentos_entidade_or_clinica_check"

      487 |         // No session: just execute the query normally
      488 |         try {
    > 489 |           const result = await client.query(text, params);
          |                          ^
      490 |           const duration = Date.now() - start;
      491 |
      492 |           // Log apenas queries lentas (>500ms)

      at node_modules/.pnpm/pg@8.16.3/node_modules/pg/lib/client.js:545:17
      at query (lib/db.ts:489:26)
      at Object.<anonymous> (__tests__/api/cobranca-parcelas.test.ts:278:7)

  ÔùÅ API Gest├úo de Parcelas ÔÇ║ GET /api/admin/cobranca/parcela/historico ÔÇ║ deve incluir detalhes do plano e contrato

    error: o valor nulo na coluna "responsavel_nome" da rela├º├úo "entidades" viola a restri├º├úo de n├úo-nulo

      487 |         // No session: just execute the query normally
      488 |         try {
    > 489 |           const result = await client.query(text, params);
          |                          ^
      490 |           const duration = Date.now() - start;
      491 |
      492 |           // Log apenas queries lentas (>500ms)

      at node_modules/.pnpm/pg@8.16.3/node_modules/pg/lib/client.js:545:17
      at query (lib/db.ts:489:26)
      at Object.<anonymous> (__tests__/api/cobranca-parcelas.test.ts:25:18)

  ÔùÅ API Gest├úo de Parcelas ÔÇ║ GET /api/admin/cobranca/parcela/historico ÔÇ║ deve incluir detalhes do plano e contrato

    error: a nova linha da rela├º├úo "pagamentos" viola a restri├º├úo de verifica├º├úo "pagamentos_entidade_or_clinica_check"

      487 |         // No session: just execute the query normally
      488 |         try {
    > 489 |           const result = await client.query(text, params);
          |                          ^
      490 |           const duration = Date.now() - start;
      491 |
      492 |           // Log apenas queries lentas (>500ms)

      at node_modules/.pnpm/pg@8.16.3/node_modules/pg/lib/client.js:545:17
      at query (lib/db.ts:489:26)
      at Object.<anonymous> (__tests__/api/cobranca-parcelas.test.ts:278:7)

  ÔùÅ API Gest├úo de Parcelas ÔÇ║ GET /api/admin/cobranca/parcela/historico ÔÇ║ deve incluir detalhes_parcelas para cada pagamento

    error: o valor nulo na coluna "responsavel_nome" da rela├º├úo "entidades" viola a restri├º├úo de n├úo-nulo

      487 |         // No session: just execute the query normally
      488 |         try {
    > 489 |           const result = await client.query(text, params);
          |                          ^
      490 |           const duration = Date.now() - start;
      491 |
      492 |           // Log apenas queries lentas (>500ms)

      at node_modules/.pnpm/pg@8.16.3/node_modules/pg/lib/client.js:545:17
      at query (lib/db.ts:489:26)
      at Object.<anonymous> (__tests__/api/cobranca-parcelas.test.ts:25:18)

  ÔùÅ API Gest├úo de Parcelas ÔÇ║ GET /api/admin/cobranca/parcela/historico ÔÇ║ deve incluir detalhes_parcelas para cada pagamento

    error: a nova linha da rela├º├úo "pagamentos" viola a restri├º├úo de verifica├º├úo "pagamentos_entidade_or_clinica_check"

      487 |         // No session: just execute the query normally
      488 |         try {
    > 489 |           const result = await client.query(text, params);
          |                          ^
      490 |           const duration = Date.now() - start;
      491 |
      492 |           // Log apenas queries lentas (>500ms)

      at node_modules/.pnpm/pg@8.16.3/node_modules/pg/lib/client.js:545:17
      at query (lib/db.ts:489:26)
      at Object.<anonymous> (__tests__/api/cobranca-parcelas.test.ts:278:7)

  ÔùÅ API Gest├úo de Parcelas ÔÇ║ GET /api/admin/cobranca/parcela/historico ÔÇ║ deve retornar valores num├®ricos corretos

    error: o valor nulo na coluna "responsavel_nome" da rela├º├úo "entidades" viola a restri├º├úo de n├úo-nulo

      487 |         // No session: just execute the query normally
      488 |         try {
    > 489 |           const result = await client.query(text, params);
          |                          ^
      490 |           const duration = Date.now() - start;
      491 |
      492 |           // Log apenas queries lentas (>500ms)

      at node_modules/.pnpm/pg@8.16.3/node_modules/pg/lib/client.js:545:17
      at query (lib/db.ts:489:26)
      at Object.<anonymous> (__tests__/api/cobranca-parcelas.test.ts:25:18)

  ÔùÅ API Gest├úo de Parcelas ÔÇ║ GET /api/admin/cobranca/parcela/historico ÔÇ║ deve retornar valores num├®ricos corretos

    error: a nova linha da rela├º├úo "pagamentos" viola a restri├º├úo de verifica├º├úo "pagamentos_entidade_or_clinica_check"

      487 |         // No session: just execute the query normally
      488 |         try {
    > 489 |           const result = await client.query(text, params);
          |                          ^
      490 |           const duration = Date.now() - start;
      491 |
      492 |           // Log apenas queries lentas (>500ms)

      at node_modules/.pnpm/pg@8.16.3/node_modules/pg/lib/client.js:545:17
      at query (lib/db.ts:489:26)
      at Object.<anonymous> (__tests__/api/cobranca-parcelas.test.ts:278:7)


  ÔùÅ Test suite failed to run

    error: n├úo ├® poss├¡vel excluir da vis├úo "tomadores"

      487 |         // No session: just execute the query normally
      488 |         try {
    > 489 |           const result = await client.query(text, params);
          |                          ^
      490 |           const duration = Date.now() - start;
      491 |
      492 |           // Log apenas queries lentas (>500ms)

      at node_modules/.pnpm/pg@8.16.3/node_modules/pg/lib/client.js:545:17
      at query (lib/db.ts:489:26)
      at Object.<anonymous> (__tests__/api/cobranca-parcelas.test.ts:91:5)

PASS __tests__/api/cadastro-tomador-api.test.ts
  ÔùÅ Console

    console.log
      [dotenv@17.2.3] injecting env (0) from .env.test -- tip: ÔÜÖ´©Å  load multiple .env files with { path: ['.env.local', '.env'] }

      at _log (node_modules/.pnpm/dotenv@17.2.3/node_modules/dotenv/lib/main.js:142:11)

    console.log
      ­ƒøí´©Å [jest.setup] Removendo DATABASE_URL do ambiente de testes (valor n├úo importa)

      at Object.<anonymous> (__tests__/config/jest.setup.js:125:17)

    console.log
      ­ƒøí´©Å [jest.setup] Prote├º├úo do banco de testes ativada - usando: nr-bps_db_test

      at Object.<anonymous> (__tests__/config/jest.setup.js:150:13)

    console.log
      ­ƒöî [lib/db.ts] Conectado ao banco: nr-bps_db_test @ localhost (ambiente: test)

      at Object.log (lib/db.ts:673:15)

    console.info
      {"event":"cadastro_tomador_start","cnpj":"","email":null,"planoId":null,"ip":"127.0.0.1"}

      at info (app/api/cadastro/tomadores/route.ts:176:11)

    console.info
      {"event":"cadastro_tomador_start","cnpj":"********901234","email":"teste@empresa.com","planoId":null,"ip":"127.0.0.1"}

      at info (app/api/cadastro/tomadores/route.ts:176:11)

    console.info
      {"event":"cadastro_validation_failed","reason":"cnpj_invalido","cnpj":"********901234"}

      at info (app/api/cadastro/tomadores/route.ts:200:13)

    console.debug
      [CREATE_tomador] Iniciando cria├º├úo com dados: {
        tipo: 'entidade',
        nome: 'Nova Empresa',
        cnpj: '11222333000181',
        email: 'nova@empresa.com',
        responsavel_cpf: '52998224725'
      }

      at debug (lib/db.ts:1007:13)

    console.info
      {"event":"cadastro_tomador_start","cnpj":"11.444.777/0001-61","email":"nofiles-1771601897288@test.local","planoId":null,"ip":"127.0.0.1"}

      at info (app/api/cadastro/tomadores/route.ts:176:11)

    console.info
      {"event":"cadastro_anexos_desabilitados","flag":"NEXT_PUBLIC_DISABLE_ANEXOS=true"}

      at info (app/api/cadastro/tomadores/route.ts:297:13)

    console.info
      {"event":"cadastro_cnpj_check","found":0}

      at info (app/api/cadastro/tomadores/route.ts:430:15)

    console.info
      {"event":"cadastro_entidade_inserted_success","id":37,"nome":"Empresa Sem Anexos","tipo":"entidade"}

      at info (app/api/cadastro/tomadores/route.ts:533:19)

    console.info
      {"event":"cadastro_entity_inserted","entidade_id":37}

      at info (app/api/cadastro/tomadores/route.ts:547:15)

    console.info
      {"event":"cadastro_contract_created","entidade_id":37,"contrato_id":343,"plano_id":null,"status":"aguardando_aceite","tipo_tomador":"entidade","requiresPayment":false}

      at info (app/api/cadastro/tomadores/route.ts:663:17)

    console.log
      [db][transaction] Transa├º├úo comitada com sucesso

      at Object.log (lib/db.ts:777:17)

    console.info
      {"event":"cadastro_entidade_success","entidade_id":37,"requiresPayment":false,"simuladorUrl":null,"plano_id":null,"valor_total":null,"numero_funcionarios":null,"novo_fluxo":"contract-first"}

      at info (app/api/cadastro/tomadores/route.ts:693:13)

RBAC seed applied to test database
FAIL __tests__/integration/cadastro-endpoints-criticos.test.ts
  ÔùÅ Console

    console.log
      [dotenv@17.2.3] injecting env (0) from .env.test -- tip: ­ƒùé´©Å backup and recover secrets: https://dotenvx.com/ops

      at _log (node_modules/.pnpm/dotenv@17.2.3/node_modules/dotenv/lib/main.js:142:11)

    console.log
      ­ƒøí´©Å [jest.setup] Removendo DATABASE_URL do ambiente de testes (valor n├úo importa)

      at Object.<anonymous> (__tests__/config/jest.setup.js:125:17)

    console.log
      ­ƒøí´©Å [jest.setup] Prote├º├úo do banco de testes ativada - usando: nr-bps_db_test

      at Object.<anonymous> (__tests__/config/jest.setup.js:150:13)

    console.log
      ­ƒöî [lib/db.ts] Conectado ao banco: nr-bps_db_test @ localhost (ambiente: test)

      at Object.log (lib/db.ts:673:15)

  ÔùÅ API Integration: Endpoints Cr├¡ticos de Cadastro ÔÇ║ POST /api/admin/cadastro/clinica ÔÇ║ deve cadastrar nova clinica com dados completos

    TypeError: Cannot read properties of undefined (reading 'json')

      78 |       );
      79 |
    > 80 |       const data = await response.json();
         |                                   ^
      81 |
      82 |       expect(response.status).toBe(201);
      83 |       expect(data.success).toBe(true);

      at Object.json (__tests__/integration/cadastro-endpoints-criticos.test.ts:80:35)

  ÔùÅ API Integration: Endpoints Cr├¡ticos de Cadastro ÔÇ║ POST /api/admin/cadastro/clinica ÔÇ║ deve criar registro em banco com status correto

    expect(received).toBe(expected) // Object.is equality

    Expected: 1
    Received: 0

      94 |       ]);
      95 |
    > 96 |       expect(result.rows.length).toBe(1);
         |                                  ^
      97 |       const tomador = result.rows[0];
      98 |
      99 |       expect(tomador.tipo).toBe('clinica');

      at Object.toBe (__tests__/integration/cadastro-endpoints-criticos.test.ts:96:34)

  ÔùÅ API Integration: Endpoints Cr├¡ticos de Cadastro ÔÇ║ POST /api/admin/cadastro/clinica ÔÇ║ n├úo deve permitir cadastro duplicado com mesmo CNPJ

    TypeError: Cannot read properties of undefined (reading 'json')

      134 |       );
      135 |
    > 136 |       const data = await response.json();
          |                                   ^
      137 |
      138 |       expect(response.status).toBe(409);
      139 |       expect(data.error).toMatch(/j├í.*cadastrad/i);

      at Object.json (__tests__/integration/cadastro-endpoints-criticos.test.ts:136:35)

  ÔùÅ API Integration: Endpoints Cr├¡ticos de Cadastro ÔÇ║ POST /api/admin/cadastro/clinica ÔÇ║ deve validar campos obrigat├│rios

    TypeError: Cannot read properties of undefined (reading 'json')

      159 |       );
      160 |
    > 161 |       const data = await response.json();
          |                                   ^
      162 |
      163 |       expect(response.status).toBe(400);
      164 |       expect(data.error).toBeDefined();

      at Object.json (__tests__/integration/cadastro-endpoints-criticos.test.ts:161:35)

  ÔùÅ API Integration: Endpoints Cr├¡ticos de Cadastro ÔÇ║ POST /api/auth/validate-token ÔÇ║ deve validar token ativo e n├úo expirado

    error: coluna "tomador_id" da rela├º├úo "entidades_senhas" n├úo existe

      487 |         // No session: just execute the query normally
      488 |         try {
    > 489 |           const result = await client.query(text, params);
          |                          ^
      490 |           const duration = Date.now() - start;
      491 |
      492 |           // Log apenas queries lentas (>500ms)

      at node_modules/.pnpm/pg@8.16.3/node_modules/pg/lib/client.js:545:17
      at query (lib/db.ts:489:26)
      at Object.<anonymous> (__tests__/integration/cadastro-endpoints-criticos.test.ts:175:7)

  ÔùÅ API Integration: Endpoints Cr├¡ticos de Cadastro ÔÇ║ POST /api/auth/validate-token ÔÇ║ deve rejeitar token inv├ílido

    error: coluna "tomador_id" da rela├º├úo "entidades_senhas" n├úo existe

      487 |         // No session: just execute the query normally
      488 |         try {
    > 489 |           const result = await client.query(text, params);
          |                          ^
      490 |           const duration = Date.now() - start;
      491 |
      492 |           // Log apenas queries lentas (>500ms)

      at node_modules/.pnpm/pg@8.16.3/node_modules/pg/lib/client.js:545:17
      at query (lib/db.ts:489:26)
      at Object.<anonymous> (__tests__/integration/cadastro-endpoints-criticos.test.ts:175:7)

  ÔùÅ API Integration: Endpoints Cr├¡ticos de Cadastro ÔÇ║ POST /api/auth/validate-token ÔÇ║ deve rejeitar token expirado

    error: coluna "tomador_id" da rela├º├úo "entidades_senhas" n├úo existe

      487 |         // No session: just execute the query normally
      488 |         try {
    > 489 |           const result = await client.query(text, params);
          |                          ^
      490 |           const duration = Date.now() - start;
      491 |
      492 |           // Log apenas queries lentas (>500ms)

      at node_modules/.pnpm/pg@8.16.3/node_modules/pg/lib/client.js:545:17
      at query (lib/db.ts:489:26)
      at Object.<anonymous> (__tests__/integration/cadastro-endpoints-criticos.test.ts:175:7)

  ÔùÅ API Integration: Endpoints Cr├¡ticos de Cadastro ÔÇ║ POST /api/auth/set-password ÔÇ║ deve definir senha inicial com token v├ílido

    error: coluna "token_ativacao" da rela├º├úo "entidades_senhas" n├úo existe

      487 |         // No session: just execute the query normally
      488 |         try {
    > 489 |           const result = await client.query(text, params);
          |                          ^
      490 |           const duration = Date.now() - start;
      491 |
      492 |           // Log apenas queries lentas (>500ms)

      at node_modules/.pnpm/pg@8.16.3/node_modules/pg/lib/client.js:545:17
      at query (lib/db.ts:489:26)
      at Object.<anonymous> (__tests__/integration/cadastro-endpoints-criticos.test.ts:255:7)

  ÔùÅ API Integration: Endpoints Cr├¡ticos de Cadastro ÔÇ║ POST /api/auth/set-password ÔÇ║ deve salvar hash bcrypt no banco

    error: coluna "token_ativacao" da rela├º├úo "entidades_senhas" n├úo existe

      487 |         // No session: just execute the query normally
      488 |         try {
    > 489 |           const result = await client.query(text, params);
          |                          ^
      490 |           const duration = Date.now() - start;
      491 |
      492 |           // Log apenas queries lentas (>500ms)

      at node_modules/.pnpm/pg@8.16.3/node_modules/pg/lib/client.js:545:17
      at query (lib/db.ts:489:26)
      at Object.<anonymous> (__tests__/integration/cadastro-endpoints-criticos.test.ts:255:7)

  ÔùÅ API Integration: Endpoints Cr├¡ticos de Cadastro ÔÇ║ POST /api/auth/set-password ÔÇ║ deve ativar tomador ap├│s definir senha

    error: coluna "token_ativacao" da rela├º├úo "entidades_senhas" n├úo existe

      487 |         // No session: just execute the query normally
      488 |         try {
    > 489 |           const result = await client.query(text, params);
          |                          ^
      490 |           const duration = Date.now() - start;
      491 |
      492 |           // Log apenas queries lentas (>500ms)

      at node_modules/.pnpm/pg@8.16.3/node_modules/pg/lib/client.js:545:17
      at query (lib/db.ts:489:26)
      at Object.<anonymous> (__tests__/integration/cadastro-endpoints-criticos.test.ts:255:7)

  ÔùÅ API Integration: Endpoints Cr├¡ticos de Cadastro ÔÇ║ POST /api/auth/set-password ÔÇ║ deve validar for├ºa de senha

    error: coluna "token_ativacao" da rela├º├úo "entidades_senhas" n├úo existe

      487 |         // No session: just execute the query normally
      488 |         try {
    > 489 |           const result = await client.query(text, params);
          |                          ^
      490 |           const duration = Date.now() - start;
      491 |
      492 |           // Log apenas queries lentas (>500ms)

      at node_modules/.pnpm/pg@8.16.3/node_modules/pg/lib/client.js:545:17
      at query (lib/db.ts:489:26)
      at Object.<anonymous> (__tests__/integration/cadastro-endpoints-criticos.test.ts:255:7)

  ÔùÅ API Integration: Endpoints Cr├¡ticos de Cadastro ÔÇ║ POST /api/auth/set-password ÔÇ║ n├úo deve permitir redefinir senha com mesmo token

    error: coluna "token_ativacao" da rela├º├úo "entidades_senhas" n├úo existe

      487 |         // No session: just execute the query normally
      488 |         try {
    > 489 |           const result = await client.query(text, params);
          |                          ^
      490 |           const duration = Date.now() - start;
      491 |
      492 |           // Log apenas queries lentas (>500ms)

      at node_modules/.pnpm/pg@8.16.3/node_modules/pg/lib/client.js:545:17
      at query (lib/db.ts:489:26)
      at Object.<anonymous> (__tests__/integration/cadastro-endpoints-criticos.test.ts:255:7)

  ÔùÅ API Integration: Endpoints Cr├¡ticos de Cadastro ÔÇ║ Fluxo Completo: Cadastro ÔåÆ Token ÔåÆ Senha ÔåÆ Ativa├º├úo ÔÇ║ deve completar fluxo end-to-end sem erros

    TypeError: Cannot read properties of undefined (reading 'status')

      384 |       );
      385 |
    > 386 |       expect(cadastroRes.status).toBe(201);
          |                          ^
      387 |       const cadastroData = await cadastroRes.json();
      388 |       const novotomadorId = cadastroData.tomador.id;
      389 |

      at Object.status (__tests__/integration/cadastro-endpoints-criticos.test.ts:386:26)

FAIL __tests__/api/rh/empresas-security-validation.test.ts
  ÔùÅ Console

    console.log
      [dotenv@17.2.3] injecting env (0) from .env.test -- tip: ­ƒöæ add access controls to secrets: https://dotenvx.com/ops

      at _log (node_modules/.pnpm/dotenv@17.2.3/node_modules/dotenv/lib/main.js:142:11)

    console.log
      ­ƒøí´©Å [jest.setup] Removendo DATABASE_URL do ambiente de testes (valor n├úo importa)

      at Object.<anonymous> (__tests__/config/jest.setup.js:125:17)

    console.log
      ­ƒøí´©Å [jest.setup] Prote├º├úo do banco de testes ativada - usando: nr-bps_db_test

      at Object.<anonymous> (__tests__/config/jest.setup.js:150:13)

    console.log
      ­ƒöî [lib/db.ts] Conectado ao banco: nr-bps_db_test @ localhost (ambiente: test)

      at Object.log (lib/db.ts:673:15)

    console.log
      [db][query] local (183ms): SELECT id, nome, cnpj, email, ativa, criado_em,
                            telefone, endereco, cidade, estado, cep,
                    (SELECT COUNT(*) FROM funcionarios_clinicas WHERE empresa_id = empresas_cli...

      at log (lib/db.ts:468:23)

    console.log
      [db][query] local (8ms): SELECT id, nome, cnpj, email, ativa, criado_em,
                            telefone, endereco, cidade, estado, cep,
                    (SELECT COUNT(*) FROM funcionarios_clinicas WHERE empresa_id = empresas_cli...

      at log (lib/db.ts:468:23)

  ÔùÅ /api/rh/empresas - Seguran├ºa e Isolamento ÔÇ║ GET - Listar empresas ÔÇ║ Ô£à RH com clinica_id lista empresas com sucesso

    expect(received).toHaveLength(expected)

    Expected length: 2
    Received length: 0
    Received array:  []

      93 |
      94 |       expect(response.status).toBe(200);
    > 95 |       expect(data).toHaveLength(2);
         |                    ^
      96 |       expect(data[0].nome).toBe('Empresa A');
      97 |       expect(mockQueryWithContext).toHaveBeenCalledWith(
      98 |         expect.stringContaining('FROM empresas_clientes'),

      at Object.toHaveLength (__tests__/api/rh/empresas-security-validation.test.ts:95:20)

  ÔùÅ /api/rh/empresas - Seguran├ºa e Isolamento ÔÇ║ GET - Listar empresas ÔÇ║ ÔØî Sess├úo inconsistente (usu├írio n├úo encontrado/inativo) retorna 401 com mensagem clara

    expect(received).toBe(expected) // Object.is equality

    Expected: 401
    Received: 200

      134 |       const data = await response.json();
      135 |
    > 136 |       expect(response.status).toBe(401);
          |                               ^
      137 |       expect(data.error).toMatch(/Sess├úo inv├ílida/i);
      138 |       expect(mockQueryWithContext).toHaveBeenCalled();
      139 |     });

      at Object.toBe (__tests__/api/rh/empresas-security-validation.test.ts:136:31)

  ÔùÅ /api/rh/empresas - Seguran├ºa e Isolamento ÔÇ║ POST - Criar empresa ÔÇ║ Ô£à RH com clinica_id cria empresa com sucesso

    expect(received).toBe(expected) // Object.is equality

    Expected: 201
    Received: 500

      193 |       const data = await response.json();
      194 |
    > 195 |       expect(response.status).toBe(201);
          |                               ^
      196 |       expect(data.id).toBe(99);
      197 |       expect(data.nome).toBe('Nova Empresa');
      198 |       expect(data.cnpj).toBe('11222333000181');

      at Object.toBe (__tests__/api/rh/empresas-security-validation.test.ts:195:31)

  ÔùÅ /api/rh/empresas - Seguran├ºa e Isolamento ÔÇ║ POST - Criar empresa ÔÇ║ ÔØî CNPJ duplicado retorna 409

    expect(received).toBe(expected) // Object.is equality

    Expected: 409
    Received: 500

      298 |       const data = await response.json();
      299 |
    > 300 |       expect(response.status).toBe(409);
          |                               ^
      301 |       expect(data.error).toContain('CNPJ j├í cadastrado no sistema'); // Mensagem global
      302 |     });
      303 |

      at Object.toBe (__tests__/api/rh/empresas-security-validation.test.ts:300:31)

  ÔùÅ /api/rh/empresas - Seguran├ºa e Isolamento ÔÇ║ POST - Criar empresa ÔÇ║ Ô£à Campos opcionais podem ser null (apenas representante obrigat├│rio)

    expect(received).toBe(expected) // Object.is equality

    Expected: 201
    Received: 500

      400 |       const data = await response.json();
      401 |
    > 402 |       expect(response.status).toBe(201);
          |                               ^
      403 |       expect(data.id).toBe(100);
      404 |       expect(data.nome).toBe('Empresa Simples');
      405 |

      at Object.toBe (__tests__/api/rh/empresas-security-validation.test.ts:402:31)

RBAC seed applied to test database
RBAC seed applied to test database
RBAC seed applied to test database
RBAC seed applied to test database
RBAC seed applied to test database
PASS __tests__/feature/sistema-pagamento-emissao.test.ts
  ÔùÅ Console

    console.log
      [dotenv@17.2.3] injecting env (0) from .env.test -- tip: Ô£à audit secrets and track compliance: https://dotenvx.com/ops

      at _log (node_modules/.pnpm/dotenv@17.2.3/node_modules/dotenv/lib/main.js:142:11)

    console.log
      ­ƒøí´©Å [jest.setup] Removendo DATABASE_URL do ambiente de testes (valor n├úo importa)

      at Object.<anonymous> (__tests__/config/jest.setup.js:125:17)

    console.log
      ­ƒøí´©Å [jest.setup] Prote├º├úo do banco de testes ativada - usando: nr-bps_db_test

      at Object.<anonymous> (__tests__/config/jest.setup.js:150:13)

    console.log
      ­ƒöî [lib/db.ts] Conectado ao banco: nr-bps_db_test @ localhost (ambiente: test)

      at Object.log (lib/db.ts:673:15)

    console.log
      [SKIP] Nenhum laudo com hash encontrado

      at Object.log (__tests__/feature/sistema-pagamento-emissao.test.ts:369:17)

FAIL __tests__/correcoes-31-01-2026/admin-sem-acesso-operacional.test.ts
  ÔùÅ Console

    console.log
      [dotenv@17.2.3] injecting env (0) from .env.test -- tip: ÔÜÖ´©Å  override existing env vars with { override: true }

      at _log (node_modules/.pnpm/dotenv@17.2.3/node_modules/dotenv/lib/main.js:142:11)

    console.log
      ­ƒøí´©Å [jest.setup] Removendo DATABASE_URL do ambiente de testes (valor n├úo importa)

      at Object.<anonymous> (__tests__/config/jest.setup.js:125:17)

    console.log
      ­ƒøí´©Å [jest.setup] Prote├º├úo do banco de testes ativada - usando: nr-bps_db_test

      at Object.<anonymous> (__tests__/config/jest.setup.js:150:13)

    console.log
      Admin tem 3 permiss├Áes no ambiente de teste

      at Object.log (__tests__/correcoes-31-01-2026/admin-sem-acesso-operacional.test.ts:299:15)

  ÔùÅ ­ƒöÆ Valida├º├úo: Admin SEM Acesso Operacional ÔÇ║ 3. Pol├¡ticas RLS - Admin BLOQUEADO em Operacionais ÔÇ║ ÔØî N├âO deve existir policy_lotes_admin (removida)

    expect(received).toBe(expected) // Object.is equality

    Expected: 0
    Received: 1

      213 |       `);
      214 |
    > 215 |       expect(result.rows.length).toBe(0);
          |                                  ^
      216 |     });
      217 |
      218 |     it('ÔØî N├âO deve existir policy_laudos_admin (removida)', async () => {

      at Object.toBe (__tests__/correcoes-31-01-2026/admin-sem-acesso-operacional.test.ts:215:34)

  ÔùÅ ­ƒöÆ Valida├º├úo: Admin SEM Acesso Operacional ÔÇ║ 3. Pol├¡ticas RLS - Admin BLOQUEADO em Operacionais ÔÇ║ ÔØî N├âO deve existir policy_laudos_admin (removida)

    expect(received).toBe(expected) // Object.is equality

    Expected: 0
    Received: 1

      224 |       `);
      225 |
    > 226 |       expect(result.rows.length).toBe(0);
          |                                  ^
      227 |     });
      228 |
      229 |     it('ÔØî N├âO deve existir fila_emissao_admin_view (removida)', async () => {

      at Object.toBe (__tests__/correcoes-31-01-2026/admin-sem-acesso-operacional.test.ts:226:34)

  ÔùÅ ­ƒöÆ Valida├º├úo: Admin SEM Acesso Operacional ÔÇ║ 3. Pol├¡ticas RLS - Admin BLOQUEADO em Operacionais ÔÇ║ ÔØî N├âO deve existir fila_emissao_admin_view (removida)

    expect(received).toBe(expected) // Object.is equality

    Expected: 0
    Received: 1

      235 |       `);
      236 |
    > 237 |       expect(result.rows.length).toBe(0);
          |                                  ^
      238 |     });
      239 |
      240 |     it('ÔØî N├âO deve existir empresas_admin_select (removida)', async () => {

      at Object.toBe (__tests__/correcoes-31-01-2026/admin-sem-acesso-operacional.test.ts:237:34)

  ÔùÅ ­ƒöÆ Valida├º├úo: Admin SEM Acesso Operacional ÔÇ║ 3. Pol├¡ticas RLS - Admin BLOQUEADO em Operacionais ÔÇ║ ÔØî N├âO deve existir empresas_admin_select (removida)

    expect(received).toBe(expected) // Object.is equality

    Expected: 0
    Received: 1

      246 |       `);
      247 |
    > 248 |       expect(result.rows.length).toBe(0);
          |                                  ^
      249 |     });
      250 |
      251 |     it('ÔØî N├âO deve existir empresas_admin_insert (removida)', async () => {

      at Object.toBe (__tests__/correcoes-31-01-2026/admin-sem-acesso-operacional.test.ts:248:34)

  ÔùÅ ­ƒöÆ Valida├º├úo: Admin SEM Acesso Operacional ÔÇ║ 3. Pol├¡ticas RLS - Admin BLOQUEADO em Operacionais ÔÇ║ ÔØî N├âO deve existir empresas_admin_insert (removida)

    expect(received).toBe(expected) // Object.is equality

    Expected: 0
    Received: 1

      257 |       `);
      258 |
    > 259 |       expect(result.rows.length).toBe(0);
          |                                  ^
      260 |     });
      261 |
      262 |     it('ÔØî N├âO deve existir empresas_admin_update (removida)', async () => {

      at Object.toBe (__tests__/correcoes-31-01-2026/admin-sem-acesso-operacional.test.ts:259:34)

  ÔùÅ ­ƒöÆ Valida├º├úo: Admin SEM Acesso Operacional ÔÇ║ 3. Pol├¡ticas RLS - Admin BLOQUEADO em Operacionais ÔÇ║ ÔØî N├âO deve existir empresas_admin_update (removida)

    expect(received).toBe(expected) // Object.is equality

    Expected: 0
    Received: 1

      268 |       `);
      269 |
    > 270 |       expect(result.rows.length).toBe(0);
          |                                  ^
      271 |     });
      272 |
      273 |     it('ÔØî N├âO deve existir empresas_admin_delete (removida)', async () => {

      at Object.toBe (__tests__/correcoes-31-01-2026/admin-sem-acesso-operacional.test.ts:270:34)

  ÔùÅ ­ƒöÆ Valida├º├úo: Admin SEM Acesso Operacional ÔÇ║ 3. Pol├¡ticas RLS - Admin BLOQUEADO em Operacionais ÔÇ║ ÔØî N├âO deve existir empresas_admin_delete (removida)

    expect(received).toBe(expected) // Object.is equality

    Expected: 0
    Received: 1

      279 |       `);
      280 |
    > 281 |       expect(result.rows.length).toBe(0);
          |                                  ^
      282 |     });
      283 |   });
      284 |

      at Object.toBe (__tests__/correcoes-31-01-2026/admin-sem-acesso-operacional.test.ts:281:34)

  ÔùÅ ­ƒöÆ Valida├º├úo: Admin SEM Acesso Operacional ÔÇ║ 6. Valida├º├úo de Corre├º├Áes Legadas ÔÇ║ Ô£à avaliacao_resets_insert_policy N├âO deve mencionar admin

    expect(received).not.toContain(expected) // indexOf

    Expected substring: not "'admin'"
    Received string:        " ((current_setting('app.is_backend'::text, true) = '1'::text) OR (current_setting('app.current_user_perfil'::text, true) = ANY (ARRAY['rh'::text, 'gestor_entidade'::text, 'admin'::text])))"

      380 |       const policy = result.rows[0];
      381 |       const combined = `${policy.qual || ''} ${policy.with_check || ''}`;
    > 382 |       expect(combined).not.toContain("'admin'");
          |                            ^
      383 |       expect(combined.toLowerCase()).not.toContain('admin');
      384 |     });
      385 |

      at Object.toContain (__tests__/correcoes-31-01-2026/admin-sem-acesso-operacional.test.ts:382:28)

  ÔùÅ ­ƒöÆ Valida├º├úo: Admin SEM Acesso Operacional ÔÇ║ 6. Valida├º├úo de Corre├º├Áes Legadas ÔÇ║ Ô£à avaliacoes_own_update N├âO deve mencionar admin

    expect(received).toBe(expected) // Object.is equality

    Expected: 1
    Received: 0

      394 |
      395 |       // Pol├¡tica deve existir mas SEM mencionar admin
    > 396 |       expect(result.rows.length).toBe(1);
          |                                  ^
      397 |
      398 |       const policy = result.rows[0];
      399 |       const combined = `${policy.qual || ''} ${policy.with_check || ''}`;

      at Object.toBe (__tests__/correcoes-31-01-2026/admin-sem-acesso-operacional.test.ts:396:34)

  ÔùÅ ­ƒöÆ Valida├º├úo: Admin SEM Acesso Operacional ÔÇ║ 6. Valida├º├úo de Corre├º├Áes Legadas ÔÇ║ ÔØî Nenhuma pol├¡tica PERMISSIVE deve dar acesso operacional a admin

    expect(received).not.toContain(expected) // indexOf

    Expected substring: not "'admin'"
    Received string:        " ((current_setting('app.is_backend'::text, true) = '1'::text) OR (current_setting('app.current_user_perfil'::text, true) = ANY (ARRAY['rh'::text, 'gestor_entidade'::text, 'admin'::text])))"

      416 |       result.rows.forEach((row) => {
      417 |         const combined = `${row.qual || ''} ${row.with_check || ''}`;
    > 418 |         expect(combined).not.toContain("'admin'");
          |                              ^
      419 |       });
      420 |     });
      421 |   });

      at toContain (__tests__/correcoes-31-01-2026/admin-sem-acesso-operacional.test.ts:418:30)
          at Array.forEach (<anonymous>)
      at Object.forEach (__tests__/correcoes-31-01-2026/admin-sem-acesso-operacional.test.ts:416:19)

PASS __tests__/emissor/emissor-production-fixes.test.ts
  ÔùÅ Console

    console.log
      [dotenv@17.2.3] injecting env (0) from .env.test -- tip: ÔÜÖ´©Å  write to custom object with { processEnv: myObject }

      at _log (node_modules/.pnpm/dotenv@17.2.3/node_modules/dotenv/lib/main.js:142:11)

    console.log
      ­ƒøí´©Å [jest.setup] Removendo DATABASE_URL do ambiente de testes (valor n├úo importa)

      at Object.<anonymous> (__tests__/config/jest.setup.js:125:17)

    console.log
      ­ƒøí´©Å [jest.setup] Prote├º├úo do banco de testes ativada - usando: nr-bps_db_test

      at Object.<anonymous> (__tests__/config/jest.setup.js:150:13)

RBAC seed applied to test database
PASS __tests__/asaas/sincronizar-bypass-idempotencia.test.ts
  ÔùÅ Console

    console.log
      [dotenv@17.2.3] injecting env (0) from .env.test -- tip: ÔÜÖ´©Å  override existing env vars with { override: true }

      at _log (node_modules/.pnpm/dotenv@17.2.3/node_modules/dotenv/lib/main.js:142:11)

    console.log
      ­ƒøí´©Å [jest.setup] Removendo DATABASE_URL do ambiente de testes (valor n├úo importa)

      at Object.<anonymous> (__tests__/config/jest.setup.js:125:17)

    console.log
      ­ƒøí´©Å [jest.setup] Prote├º├úo do banco de testes ativada - usando: nr-bps_db_test

      at Object.<anonymous> (__tests__/config/jest.setup.js:150:13)

    console.log
      ­ƒöî [lib/db.ts] Conectado ao banco: nr-bps_db_test @ localhost (ambiente: test)

      at Object.log (lib/db.ts:673:15)

    console.log
      ­ƒöî [lib/db.ts] Conectado ao banco: nr-bps_db_test @ localhost (ambiente: test)

      at Object.log (lib/db.ts:673:15)

    console.log
      ­ƒöî [lib/db.ts] Conectado ao banco: nr-bps_db_test @ localhost (ambiente: test)

      at Object.log (lib/db.ts:673:15)

    console.log
      [SINCRONIZAR] Pagamento 514 j├í est├í pago localmente ÔÇö verificando estado do lote...

      at log (app/api/pagamento/asaas/sincronizar/route.ts:107:15)

    console.log
      [SINCRONIZAR] Consultando Asaas para pagamento local 514, asaas_id=pay_1771601898825_9006

      at log (app/api/pagamento/asaas/sincronizar/route.ts:112:13)

    console.log
      [SINCRONIZAR] Status no Asaas: RECEIVED | Status local pagamento: pago

      at log (app/api/pagamento/asaas/sincronizar/route.ts:132:13)

    console.log
      [SINCRONIZAR] Pagamento 515 j├í est├í pago localmente ÔÇö verificando estado do lote...

      at log (app/api/pagamento/asaas/sincronizar/route.ts:107:15)

    console.log
      [SINCRONIZAR] Consultando Asaas para pagamento local 515, asaas_id=pay_1771601899000_6644

      at log (app/api/pagamento/asaas/sincronizar/route.ts:112:13)

    console.log
      [SINCRONIZAR] Status no Asaas: RECEIVED | Status local pagamento: pago

      at log (app/api/pagamento/asaas/sincronizar/route.ts:132:13)

    console.log
      ­ƒöî [lib/db.ts] Conectado ao banco: nr-bps_db_test @ localhost (ambiente: test)

      at Object.log (lib/db.ts:673:15)

    console.log
      [SINCRONIZAR] Consultando Asaas para pagamento local 516, asaas_id=pay_1771601899061_8390

      at log (app/api/pagamento/asaas/sincronizar/route.ts:112:13)

    console.log
      [SINCRONIZAR] Status no Asaas: PENDING | Status local pagamento: pendente

      at log (app/api/pagamento/asaas/sincronizar/route.ts:132:13)

    console.log
      [SINCRONIZAR] Consultando Asaas para pagamento local 517, asaas_id=pay_1771601899181_1455

      at log (app/api/pagamento/asaas/sincronizar/route.ts:112:13)

    console.log
      [SINCRONIZAR] Status no Asaas: CONFIRMED | Status local pagamento: pendente

      at log (app/api/pagamento/asaas/sincronizar/route.ts:132:13)

    console.log
      [SINCRONIZAR] Ô£à Asaas confirma pagamento! Chamando activateSubscription diretamente (bypass idempot├¬ncia)...

      at log (app/api/pagamento/asaas/sincronizar/route.ts:198:13)

    console.log
      [SINCRONIZAR] Ô£à Sincroniza├º├úo conclu├¡da para pagamento 517

      at log (app/api/pagamento/asaas/sincronizar/route.ts:230:13)

    console.log
      [SINCRONIZAR] Consultando Asaas para pagamento local 518, asaas_id=pay_1771601899190_7959

      at log (app/api/pagamento/asaas/sincronizar/route.ts:112:13)

    console.log
      [SINCRONIZAR] Status no Asaas: RECEIVED | Status local pagamento: pendente

      at log (app/api/pagamento/asaas/sincronizar/route.ts:132:13)

    console.log
      [SINCRONIZAR] Ô£à Asaas confirma pagamento! Chamando activateSubscription diretamente (bypass idempot├¬ncia)...

      at log (app/api/pagamento/asaas/sincronizar/route.ts:198:13)

    console.log
      [SINCRONIZAR] Ô£à Sincroniza├º├úo conclu├¡da para pagamento 518

      at log (app/api/pagamento/asaas/sincronizar/route.ts:230:13)

    console.log
      [SINCRONIZAR] Consultando Asaas para pagamento local 519, asaas_id=pay_1771601899198_3506

      at log (app/api/pagamento/asaas/sincronizar/route.ts:112:13)

    console.log
      [SINCRONIZAR] Status no Asaas: CONFIRMED | Status local pagamento: pendente

      at log (app/api/pagamento/asaas/sincronizar/route.ts:132:13)

    console.log
      [SINCRONIZAR] Ô£à Asaas confirma pagamento! Chamando activateSubscription diretamente (bypass idempot├¬ncia)...

      at log (app/api/pagamento/asaas/sincronizar/route.ts:198:13)

    console.log
      [SINCRONIZAR] Ô£à Sincroniza├º├úo conclu├¡da para pagamento 519

      at log (app/api/pagamento/asaas/sincronizar/route.ts:230:13)

    console.log
      [SINCRONIZAR] Consultando Asaas para pagamento local 520, asaas_id=pay_1771601899206_956

      at log (app/api/pagamento/asaas/sincronizar/route.ts:112:13)

    console.log
      ­ƒöî [lib/db.ts] Conectado ao banco: nr-bps_db_test @ localhost (ambiente: test)

      at Object.log (lib/db.ts:673:15)

    console.log
      [SINCRONIZAR] Consultando Asaas para pagamento local 521, asaas_id=pay_1771601899256_1430

      at log (app/api/pagamento/asaas/sincronizar/route.ts:112:13)

    console.log
      [SINCRONIZAR] Status no Asaas: CONFIRMED | Status local pagamento: pendente

      at log (app/api/pagamento/asaas/sincronizar/route.ts:132:13)

    console.log
      [SINCRONIZAR] Ô£à Asaas confirma pagamento! Chamando activateSubscription diretamente (bypass idempot├¬ncia)...

      at log (app/api/pagamento/asaas/sincronizar/route.ts:198:13)

    console.log
      [SINCRONIZAR] Ô£à Sincroniza├º├úo conclu├¡da para pagamento 521

      at log (app/api/pagamento/asaas/sincronizar/route.ts:230:13)

PASS __tests__/ui/login-screen-improvements.test.ts
  ÔùÅ Console

    console.log
      [dotenv@17.2.3] injecting env (0) from .env.test -- tip: ­ƒöÉ prevent building .env in docker: https://dotenvx.com/prebuild

      at _log (node_modules/.pnpm/dotenv@17.2.3/node_modules/dotenv/lib/main.js:142:11)

    console.log
      ­ƒøí´©Å [jest.setup] Removendo DATABASE_URL do ambiente de testes (valor n├úo importa)

      at Object.<anonymous> (__tests__/config/jest.setup.js:125:17)

    console.log
      ­ƒøí´©Å [jest.setup] Prote├º├úo do banco de testes ativada - usando: nr-bps_db_test

      at Object.<anonymous> (__tests__/config/jest.setup.js:150:13)

RBAC seed applied to test database
RBAC seed applied to test database
PASS __tests__/components/modal-portals.test.tsx
  ÔùÅ Console

    console.log
      [dotenv@17.2.3] injecting env (0) from .env.test -- tip: ÔÜÖ´©Å  enable debug logging with { debug: true }

      at _log (node_modules/.pnpm/dotenv@17.2.3/node_modules/dotenv/lib/main.js:142:11)

    console.log
      ­ƒøí´©Å [jest.setup] Removendo DATABASE_URL do ambiente de testes (valor n├úo importa)

      at Object.<anonymous> (__tests__/config/jest.setup.js:125:17)

    console.log
      ­ƒøí´©Å [jest.setup] Prote├º├úo do banco de testes ativada - usando: nr-bps_db_test

      at Object.<anonymous> (__tests__/config/jest.setup.js:150:13)

RBAC seed applied to test database
FAIL __tests__/integration/rls-isolamento-rh-gestor.test.ts
  ÔùÅ Console

    console.log
      [dotenv@17.2.3] injecting env (0) from .env.test -- tip: ­ƒöä add secrets lifecycle management: https://dotenvx.com/ops

      at _log (node_modules/.pnpm/dotenv@17.2.3/node_modules/dotenv/lib/main.js:142:11)

    console.log
      ­ƒøí´©Å [jest.setup] Removendo DATABASE_URL do ambiente de testes (valor n├úo importa)

      at Object.<anonymous> (__tests__/config/jest.setup.js:125:17)

    console.log
      ­ƒøí´©Å [jest.setup] Prote├º├úo do banco de testes ativada - usando: nr-bps_db_test

      at Object.<anonymous> (__tests__/config/jest.setup.js:150:13)

    console.log
      ­ƒöî [lib/db.ts] Conectado ao banco: nr-bps_db_test @ localhost (ambiente: test)

      at Object.log (lib/db.ts:673:15)

  ÔùÅ Isolamento RLS: RH e Gestores de Entidade ÔÇ║ RH: Isolamento por cl├¡nica ÔÇ║ RH1 deve ver funcion├írios da cl├¡nica 1

    error: o valor nulo na coluna "email" da rela├º├úo "clinicas" viola a restri├º├úo de n├úo-nulo

      487 |         // No session: just execute the query normally
      488 |         try {
    > 489 |           const result = await client.query(text, params);
          |                          ^
      490 |           const duration = Date.now() - start;
      491 |
      492 |           // Log apenas queries lentas (>500ms)

      at node_modules/.pnpm/pg@8.16.3/node_modules/pg/lib/client.js:545:17
      at query (lib/db.ts:489:26)
      at Object.<anonymous> (__tests__/integration/rls-isolamento-rh-gestor.test.ts:100:22)

  ÔùÅ Isolamento RLS: RH e Gestores de Entidade ÔÇ║ RH: Isolamento por cl├¡nica ÔÇ║ RH1 N├âO deve ver funcion├írios da cl├¡nica 2

    error: o valor nulo na coluna "email" da rela├º├úo "clinicas" viola a restri├º├úo de n├úo-nulo

      487 |         // No session: just execute the query normally
      488 |         try {
    > 489 |           const result = await client.query(text, params);
          |                          ^
      490 |           const duration = Date.now() - start;
      491 |
      492 |           // Log apenas queries lentas (>500ms)

      at node_modules/.pnpm/pg@8.16.3/node_modules/pg/lib/client.js:545:17
      at query (lib/db.ts:489:26)
      at Object.<anonymous> (__tests__/integration/rls-isolamento-rh-gestor.test.ts:100:22)

  ÔùÅ Isolamento RLS: RH e Gestores de Entidade ÔÇ║ RH: Isolamento por cl├¡nica ÔÇ║ RH1 N├âO deve ver funcion├írios de entidades

    error: o valor nulo na coluna "email" da rela├º├úo "clinicas" viola a restri├º├úo de n├úo-nulo

      487 |         // No session: just execute the query normally
      488 |         try {
    > 489 |           const result = await client.query(text, params);
          |                          ^
      490 |           const duration = Date.now() - start;
      491 |
      492 |           // Log apenas queries lentas (>500ms)

      at node_modules/.pnpm/pg@8.16.3/node_modules/pg/lib/client.js:545:17
      at query (lib/db.ts:489:26)
      at Object.<anonymous> (__tests__/integration/rls-isolamento-rh-gestor.test.ts:100:22)

  ÔùÅ Isolamento RLS: RH e Gestores de Entidade ÔÇ║ Gestor de Entidade: Isolamento por tomador ÔÇ║ Gestor1 deve ver funcion├írios da entidade 1

    error: o valor nulo na coluna "email" da rela├º├úo "clinicas" viola a restri├º├úo de n├úo-nulo

      487 |         // No session: just execute the query normally
      488 |         try {
    > 489 |           const result = await client.query(text, params);
          |                          ^
      490 |           const duration = Date.now() - start;
      491 |
      492 |           // Log apenas queries lentas (>500ms)

      at node_modules/.pnpm/pg@8.16.3/node_modules/pg/lib/client.js:545:17
      at query (lib/db.ts:489:26)
      at Object.<anonymous> (__tests__/integration/rls-isolamento-rh-gestor.test.ts:100:22)

  ÔùÅ Isolamento RLS: RH e Gestores de Entidade ÔÇ║ Gestor de Entidade: Isolamento por tomador ÔÇ║ Gestor1 N├âO deve ver funcion├írios da entidade 2

    error: o valor nulo na coluna "email" da rela├º├úo "clinicas" viola a restri├º├úo de n├úo-nulo

      487 |         // No session: just execute the query normally
      488 |         try {
    > 489 |           const result = await client.query(text, params);
          |                          ^
      490 |           const duration = Date.now() - start;
      491 |
      492 |           // Log apenas queries lentas (>500ms)

      at node_modules/.pnpm/pg@8.16.3/node_modules/pg/lib/client.js:545:17
      at query (lib/db.ts:489:26)
      at Object.<anonymous> (__tests__/integration/rls-isolamento-rh-gestor.test.ts:100:22)

  ÔùÅ Isolamento RLS: RH e Gestores de Entidade ÔÇ║ Gestor de Entidade: Isolamento por tomador ÔÇ║ Gestor1 N├âO deve ver funcion├írios de cl├¡nicas

    error: o valor nulo na coluna "email" da rela├º├úo "clinicas" viola a restri├º├úo de n├úo-nulo

      487 |         // No session: just execute the query normally
      488 |         try {
    > 489 |           const result = await client.query(text, params);
          |                          ^
      490 |           const duration = Date.now() - start;
      491 |
      492 |           // Log apenas queries lentas (>500ms)

      at node_modules/.pnpm/pg@8.16.3/node_modules/pg/lib/client.js:545:17
      at query (lib/db.ts:489:26)
      at Object.<anonymous> (__tests__/integration/rls-isolamento-rh-gestor.test.ts:100:22)

  ÔùÅ Isolamento RLS: RH e Gestores de Entidade ÔÇ║ Isolamento cruzado: RH vs Gestor ÔÇ║ RH N├âO deve conseguir inserir funcion├írio em entidade

    error: o valor nulo na coluna "email" da rela├º├úo "clinicas" viola a restri├º├úo de n├úo-nulo

      487 |         // No session: just execute the query normally
      488 |         try {
    > 489 |           const result = await client.query(text, params);
          |                          ^
      490 |           const duration = Date.now() - start;
      491 |
      492 |           // Log apenas queries lentas (>500ms)

      at node_modules/.pnpm/pg@8.16.3/node_modules/pg/lib/client.js:545:17
      at query (lib/db.ts:489:26)
      at Object.<anonymous> (__tests__/integration/rls-isolamento-rh-gestor.test.ts:100:22)

  ÔùÅ Isolamento RLS: RH e Gestores de Entidade ÔÇ║ Isolamento cruzado: RH vs Gestor ÔÇ║ Gestor N├âO deve conseguir inserir funcion├írio em cl├¡nica

    error: o valor nulo na coluna "email" da rela├º├úo "clinicas" viola a restri├º├úo de n├úo-nulo

      487 |         // No session: just execute the query normally
      488 |         try {
    > 489 |           const result = await client.query(text, params);
          |                          ^
      490 |           const duration = Date.now() - start;
      491 |
      492 |           // Log apenas queries lentas (>500ms)

      at node_modules/.pnpm/pg@8.16.3/node_modules/pg/lib/client.js:545:17
      at query (lib/db.ts:489:26)
      at Object.<anonymous> (__tests__/integration/rls-isolamento-rh-gestor.test.ts:100:22)

RBAC seed applied to test database
RBAC seed applied to test database
RBAC seed applied to test database
RBAC seed applied to test database
FAIL __tests__/correcoes-31-01-2026/emissao-manual-fluxo.test.ts
  ÔùÅ Console

    console.log
      [dotenv@17.2.3] injecting env (0) from .env.test -- tip: ÔÜÖ´©Å  specify custom .env file path with { path: '/custom/path/.env' }

      at _log (node_modules/.pnpm/dotenv@17.2.3/node_modules/dotenv/lib/main.js:142:11)

    console.log
      ­ƒøí´©Å [jest.setup] Removendo DATABASE_URL do ambiente de testes (valor n├úo importa)

      at Object.<anonymous> (__tests__/config/jest.setup.js:125:17)

    console.log
      ­ƒøí´©Å [jest.setup] Prote├º├úo do banco de testes ativada - usando: nr-bps_db_test

      at Object.<anonymous> (__tests__/config/jest.setup.js:150:13)

    console.log
      ­ƒöî [lib/db.ts] Conectado ao banco: nr-bps_db_test @ localhost (ambiente: test)

      at Object.log (lib/db.ts:673:15)

  ÔùÅ Corre├º├úo: Emiss├úo Manual de Laudos (31/01/2026) ÔÇ║ 1. Fun├º├úo gerarLaudoCompletoEmitirPDF ÔÇ║ deve gerar laudo com status "emitido" (n├úo "enviado")

    error: o valor nulo na coluna "telefone" da rela├º├úo "clinicas" viola a restri├º├úo de n├úo-nulo

      487 |         // No session: just execute the query normally
      488 |         try {
    > 489 |           const result = await client.query(text, params);
          |                          ^
      490 |           const duration = Date.now() - start;
      491 |
      492 |           // Log apenas queries lentas (>500ms)

      at node_modules/.pnpm/pg@8.16.3/node_modules/pg/lib/client.js:545:17
      at query (lib/db.ts:489:26)
      at Object.<anonymous> (__tests__/correcoes-31-01-2026/emissao-manual-fluxo.test.ts:55:27)

  ÔùÅ Corre├º├úo: Emiss├úo Manual de Laudos (31/01/2026) ÔÇ║ 1. Fun├º├úo gerarLaudoCompletoEmitirPDF ÔÇ║ deve criar arquivo PDF local

    error: o valor nulo na coluna "telefone" da rela├º├úo "clinicas" viola a restri├º├úo de n├úo-nulo

      487 |         // No session: just execute the query normally
      488 |         try {
    > 489 |           const result = await client.query(text, params);
          |                          ^
      490 |           const duration = Date.now() - start;
      491 |
      492 |           // Log apenas queries lentas (>500ms)

      at node_modules/.pnpm/pg@8.16.3/node_modules/pg/lib/client.js:545:17
      at query (lib/db.ts:489:26)
      at Object.<anonymous> (__tests__/correcoes-31-01-2026/emissao-manual-fluxo.test.ts:55:27)

  ÔùÅ Corre├º├úo: Emiss├úo Manual de Laudos (31/01/2026) ÔÇ║ 2. API POST /api/emissor/laudos/[loteId] ÔÇ║ deve emitir laudo (status "emitido")

    error: o valor nulo na coluna "telefone" da rela├º├úo "clinicas" viola a restri├º├úo de n├úo-nulo

      487 |         // No session: just execute the query normally
      488 |         try {
    > 489 |           const result = await client.query(text, params);
          |                          ^
      490 |           const duration = Date.now() - start;
      491 |
      492 |           // Log apenas queries lentas (>500ms)

      at node_modules/.pnpm/pg@8.16.3/node_modules/pg/lib/client.js:545:17
      at query (lib/db.ts:489:26)
      at Object.<anonymous> (__tests__/correcoes-31-01-2026/emissao-manual-fluxo.test.ts:55:27)

  ÔùÅ Corre├º├úo: Emiss├úo Manual de Laudos (31/01/2026) ÔÇ║ 3. API PATCH /api/emissor/laudos/[loteId] ÔÇ║ deve enviar laudo (de "emitido" para "enviado")

    error: o valor nulo na coluna "telefone" da rela├º├úo "clinicas" viola a restri├º├úo de n├úo-nulo

      487 |         // No session: just execute the query normally
      488 |         try {
    > 489 |           const result = await client.query(text, params);
          |                          ^
      490 |           const duration = Date.now() - start;
      491 |
      492 |           // Log apenas queries lentas (>500ms)

      at node_modules/.pnpm/pg@8.16.3/node_modules/pg/lib/client.js:545:17
      at query (lib/db.ts:489:26)
      at Object.<anonymous> (__tests__/correcoes-31-01-2026/emissao-manual-fluxo.test.ts:55:27)

  ÔùÅ Corre├º├úo: Emiss├úo Manual de Laudos (31/01/2026) ÔÇ║ 3. API PATCH /api/emissor/laudos/[loteId] ÔÇ║ n├úo deve enviar laudo que n├úo est├í "emitido"

    error: o valor nulo na coluna "telefone" da rela├º├úo "clinicas" viola a restri├º├úo de n├úo-nulo

      487 |         // No session: just execute the query normally
      488 |         try {
    > 489 |           const result = await client.query(text, params);
          |                          ^
      490 |           const duration = Date.now() - start;
      491 |
      492 |           // Log apenas queries lentas (>500ms)

      at node_modules/.pnpm/pg@8.16.3/node_modules/pg/lib/client.js:545:17
      at query (lib/db.ts:489:26)
      at Object.<anonymous> (__tests__/correcoes-31-01-2026/emissao-manual-fluxo.test.ts:55:27)

  ÔùÅ Corre├º├úo: Emiss├úo Manual de Laudos (31/01/2026) ÔÇ║ 4. API POST /api/lotes/[loteId]/solicitar-emissao ÔÇ║ N├âO deve emitir laudo automaticamente

    error: o valor nulo na coluna "telefone" da rela├º├úo "clinicas" viola a restri├º├úo de n├úo-nulo

      487 |         // No session: just execute the query normally
      488 |         try {
    > 489 |           const result = await client.query(text, params);
          |                          ^
      490 |           const duration = Date.now() - start;
      491 |
      492 |           // Log apenas queries lentas (>500ms)

      at node_modules/.pnpm/pg@8.16.3/node_modules/pg/lib/client.js:545:17
      at query (lib/db.ts:489:26)
      at Object.<anonymous> (__tests__/correcoes-31-01-2026/emissao-manual-fluxo.test.ts:55:27)

  ÔùÅ Corre├º├úo: Emiss├úo Manual de Laudos (31/01/2026) ÔÇ║ 5. Fluxo Completo: Solicitar ÔåÆ Emitir ÔåÆ Enviar ÔÇ║ deve seguir o fluxo manual completo

    error: o valor nulo na coluna "telefone" da rela├º├úo "clinicas" viola a restri├º├úo de n├úo-nulo

      487 |         // No session: just execute the query normally
      488 |         try {
    > 489 |           const result = await client.query(text, params);
          |                          ^
      490 |           const duration = Date.now() - start;
      491 |
      492 |           // Log apenas queries lentas (>500ms)

      at node_modules/.pnpm/pg@8.16.3/node_modules/pg/lib/client.js:545:17
      at query (lib/db.ts:489:26)
      at Object.<anonymous> (__tests__/correcoes-31-01-2026/emissao-manual-fluxo.test.ts:55:27)

FAIL __tests__/rh/empresa-dashboard-indicadores-inativadas.test.tsx (7.289 s)
  ÔùÅ Console

    console.log
      [dotenv@17.2.3] injecting env (0) from .env.test -- tip: ÔÜÖ´©Å  specify custom .env file path with { path: '/custom/path/.env' }

      at _log (node_modules/.pnpm/dotenv@17.2.3/node_modules/dotenv/lib/main.js:142:11)

    console.log
      ­ƒøí´©Å [jest.setup] Removendo DATABASE_URL do ambiente de testes (valor n├úo importa)

      at Object.<anonymous> (__tests__/config/jest.setup.js:125:17)

    console.log
      ­ƒøí´©Å [jest.setup] Prote├º├úo do banco de testes ativada - usando: nr-bps_db_test

      at Object.<anonymous> (__tests__/config/jest.setup.js:150:13)

  ÔùÅ Indicadores Visuais para Avalia├º├Áes Inativadas - Dashboard Empresa ÔÇ║ Badge de aviso no cabe├ºalho do card ÔÇ║ deve mostrar badge de aviso quando h├í avalia├º├Áes inativadas

    Unable to find an element with the text: Lote Teste. This could be because the text is broken up by multiple elements. In this case, you can provide a function for your text matcher to make your matcher more flexible.

    Ignored nodes: comments, script, style
    <body>
      <div>
        <div>
          <main
            class="flex-1 container mx-auto px-4 py-6"
          >
            <div
              class="flex flex-col sm:flex-row sm:items-center sm:justify-between gap-4 mb-6"
            >
              <div>
                <div
                  class="flex items-center gap-3 mb-2"
                >
                  <button
                    class="flex items-center gap-2 bg-white hover:bg-gray-50 text-gray-700 px-3 py-2 rounded-lg border border-gray-200 transition-colors text-sm"
                  >
                    ÔåÉ Voltar
                  </button>
                  <h1
                    class="text-2xl font-bold text-gray-800"
                  >
                    Dashboard 
                    Empresa Teste
                  </h1>
                </div>
                <p
                  class="text-sm text-gray-600"
                >
                  An├ílise das avalia├º├Áes psicossociais
                </p>
              </div>
              <button
                class="bg-red-500 hover:bg-red-600 text-white px-4 py-2 rounded-lg font-medium transition-colors text-sm"
              >
                Sair
              </button>
            </div>
            <div
              class="mb-6"
            >
              <div
                class="border-b border-gray-200"
              >
                <nav
                  class="-mb-px flex space-x-8"
                >
                  <button
                    class="py-2 px-1 border-b-2 font-medium text-sm relative border-primary text-primary"
                  >
                    ­ƒôï Ciclos de Coletas Avaliativas
                  </button>
                  <button
                    class="py-2 px-1 border-b-2 font-medium text-sm relative border-transparent text-gray-500 hover:text-gray-700 hover:border-gray-300"
                  >
                    ­ƒôä Laudos
                  </button>
                  <button
                    class="py-2 px-1 border-b-2 font-medium text-sm relative border-transparent text-gray-500 hover:text-gray-700 hover:border-gray-300"
                  >
                    ­ƒæÑ Funcion├írios Ativos
                  </button>
                  <button
                    class="py-2 px-1 border-b-2 font-medium text-sm relative border-transparent text-gray-500 hover:text-gray-700 hover:border-gray-300"
                  >
                    ­ƒÜ¬ Desligamentos
                  </button>
                </nav>
              </div>
            </div>
            <div
              class="space-y-6"
            >
              <div
                class="bg-white rounded-lg shadow-sm p-6"
              >
                <div
                  class="flex justify-between items-center mb-6"
                >
                  <div>
                    <h3
                      class="text-lg font-semibold text-gray-800"
                    >
                      Ciclos de Coletas Avaliativas
                    </h3>
                    <p
                      class="text-sm text-gray-600 mt-1"
                    >
                      Gerencie os ciclos de coletas avaliativas da empresa
                    </p>
                  </div>
                  <button
                    class="inline-flex items-center gap-2 bg-primary text-white px-4 py-2 rounded-lg hover:bg-primary-hover transition-colors font-medium"
                  >
                    ­ƒÜÇ Iniciar Novo Ciclo
                  </button>
                </div>
                <div
                  class="grid grid-cols-1 md:grid-cols-2 lg:grid-cols-3 gap-6 max-h-[60vh] lg:max-h-none overflow-y-auto lotes-grid"
                >
                  <div
                    aria-label="Ver detalhes do lote 1"
                    class="bg-gray-50 rounded-lg p-5 border border-gray-200 hover:shadow-lg hover:border-primary transition-all cursor-pointer"
                    role="button"
                    tabindex="0"
                  >
                    <div
                      class="mb-4"
                    >
                      <div
                        class="flex items-center justify-between mb-1"
                      >
                        <h5
                          class="font-semibold text-gray-800 text-base"
                        >
                          Lote ID: 
                          1
                        </h5>
                        <span
                          class="inline-flex items-center px-2 py-1 rounded-full text-xs font-medium bg-orange-100 text-orange-800 border border-orange-200"
                        >
                          ÔÜá´©Å 
                          2
                           inativada
                          s
                        </span>
                      </div>
                      <p
                        class="text-sm text-gray-600"
                      >
                        Empresa: 
                        N/A
                      </p>
                      <p
                        class="text-xs text-gray-500"
                      >
                        Liberado em
                         
                        12/12/2024
                         ├ás
                         
                        07:00
                      </p>
                    </div>
                    <div
                      class="space-y-2 mb-4"
                    >
                      <div
                        class="flex justify-between text-sm"
                      >
                        <span>
                          Avalia├º├Áes liberadas:
                        </span>
                        <span
                          class="font-medium"
                        >
                          10
                        </span>
                      </div>
                      <div
                        class="flex justify-between text-sm"
                      >
                        <span>
                          Conclu├¡das:
                        </span>
                        <span
                          class="font-medium text-green-600"
                        >
                          8
                        </span>
                      </div>
                      <div
                        class="flex justify-between text-sm"
                      >
                        <span
                          class="flex items-center gap-1"
                        >
                          <span>
                            Inativadas:
                          </span>
                          <span
                            class="text-xs text-gray-500"
                            title="Avalia├º├Áes de funcion├írios inativos n├úo contam para a prontid├úo"
                          >
                            Ôôÿ
                          </span>
                        </span>
                        <span
                          class="font-medium text-red-600"
                        >
                          2
                        </span>
                      </div>
                      <div
                        class="flex justify-between text-sm"
                      >
                        <span>
                          Ativas consideradas:
                        </span>
                        <span
                          class="font-medium text-blue-600"
                        >
                          8
                        </span>
                      </div>
                      <div
                        class="flex justify-between text-sm"
                      >
                        <span>
                          Status relat├│rio:
                        </span>
                        <span
                          class="px-2 py-1 text-xs rounded-full font-medium bg-yellow-100 text-yellow-800"
                        >
                          Pendente
                        </span>
                      </div>
                    </div>
                  </div>
                </div>
              </div>
            </div>
          </main>
        </div>
      </div>
    </body>

       95 |       render(<EmpresaDashboard />)
       96 |
    >  97 |       await waitFor(() => {
          |                    ^
       98 |         expect(screen.getByText('Lote Teste')).toBeInTheDocument()
       99 |       })
      100 |

      at waitForWrapper (node_modules/.pnpm/@testing-library+dom@10.4.1/node_modules/@testing-library/dom/dist/wait-for.js:163:27)
      at Object.<anonymous> (__tests__/rh/empresa-dashboard-indicadores-inativadas.test.tsx:97:20)

  ÔùÅ Indicadores Visuais para Avalia├º├Áes Inativadas - Dashboard Empresa ÔÇ║ Badge de aviso no cabe├ºalho do card ÔÇ║ n├úo deve mostrar badge quando n├úo h├í avalia├º├Áes inativadas

    Unable to find an element with the text: Lote Teste. This could be because the text is broken up by multiple elements. In this case, you can provide a function for your text matcher to make your matcher more flexible.

    Ignored nodes: comments, script, style
    <body>
      <div>
        <div>
          <main
            class="flex-1 container mx-auto px-4 py-6"
          >
            <div
              class="flex flex-col sm:flex-row sm:items-center sm:justify-between gap-4 mb-6"
            >
              <div>
                <div
                  class="flex items-center gap-3 mb-2"
                >
                  <button
                    class="flex items-center gap-2 bg-white hover:bg-gray-50 text-gray-700 px-3 py-2 rounded-lg border border-gray-200 transition-colors text-sm"
                  >
                    ÔåÉ Voltar
                  </button>
                  <h1
                    class="text-2xl font-bold text-gray-800"
                  >
                    Dashboard 
                    Empresa Teste
                  </h1>
                </div>
                <p
                  class="text-sm text-gray-600"
                >
                  An├ílise das avalia├º├Áes psicossociais
                </p>
              </div>
              <button
                class="bg-red-500 hover:bg-red-600 text-white px-4 py-2 rounded-lg font-medium transition-colors text-sm"
              >
                Sair
              </button>
            </div>
            <div
              class="mb-6"
            >
              <div
                class="border-b border-gray-200"
              >
                <nav
                  class="-mb-px flex space-x-8"
                >
                  <button
                    class="py-2 px-1 border-b-2 font-medium text-sm relative border-primary text-primary"
                  >
                    ­ƒôï Ciclos de Coletas Avaliativas
                  </button>
                  <button
                    class="py-2 px-1 border-b-2 font-medium text-sm relative border-transparent text-gray-500 hover:text-gray-700 hover:border-gray-300"
                  >
                    ­ƒôä Laudos
                  </button>
                  <button
                    class="py-2 px-1 border-b-2 font-medium text-sm relative border-transparent text-gray-500 hover:text-gray-700 hover:border-gray-300"
                  >
                    ­ƒæÑ Funcion├írios Ativos
                  </button>
                  <button
                    class="py-2 px-1 border-b-2 font-medium text-sm relative border-transparent text-gray-500 hover:text-gray-700 hover:border-gray-300"
                  >
                    ­ƒÜ¬ Desligamentos
                  </button>
                </nav>
              </div>
            </div>
            <div
              class="space-y-6"
            >
              <div
                class="bg-white rounded-lg shadow-sm p-6"
              >
                <div
                  class="flex justify-between items-center mb-6"
                >
                  <div>
                    <h3
                      class="text-lg font-semibold text-gray-800"
                    >
                      Ciclos de Coletas Avaliativas
                    </h3>
                    <p
                      class="text-sm text-gray-600 mt-1"
                    >
                      Gerencie os ciclos de coletas avaliativas da empresa
                    </p>
                  </div>
                  <button
                    class="inline-flex items-center gap-2 bg-primary text-white px-4 py-2 rounded-lg hover:bg-primary-hover transition-colors font-medium"
                  >
                    ­ƒÜÇ Iniciar Novo Ciclo
                  </button>
                </div>
                <div
                  class="grid grid-cols-1 md:grid-cols-2 lg:grid-cols-3 gap-6 max-h-[60vh] lg:max-h-none overflow-y-auto lotes-grid"
                >
                  <div
                    aria-label="Ver detalhes do lote 1"
                    class="bg-gray-50 rounded-lg p-5 border border-gray-200 hover:shadow-lg hover:border-primary transition-all cursor-pointer"
                    role="button"
                    tabindex="0"
                  >
                    <div
                      class="mb-4"
                    >
                      <div
                        class="flex items-center justify-between mb-1"
                      >
                        <h5
                          class="font-semibold text-gray-800 text-base"
                        >
                          Lote ID: 
                          1
                        </h5>
                      </div>
                      <p
                        class="text-sm text-gray-600"
                      >
                        Empresa: 
                        N/A
                      </p>
                      <p
                        class="text-xs text-gray-500"
                      >
                        Liberado em
                         
                        12/12/2024
                         ├ás
                         
                        07:00
                      </p>
                    </div>
                    <div
                      class="space-y-2 mb-4"
                    >
                      <div
                        class="flex justify-between text-sm"
                      >
                        <span>
                          Avalia├º├Áes liberadas:
                        </span>
                        <span
                          class="font-medium"
                        >
                          10
                        </span>
                      </div>
                      <div
                        class="flex justify-between text-sm"
                      >
                        <span>
                          Conclu├¡das:
                        </span>
                        <span
                          class="font-medium text-green-600"
                        >
                          10
                        </span>
                      </div>
                      <div
                        class="flex justify-between text-sm"
                      >
                        <span>
                          Ativas consideradas:
                        </span>
                        <span
                          class="font-medium text-blue-600"
                        >
                          10
                        </span>
                      </div>
                      <div
                        class="flex justify-between text-sm"
                      >
                        <span>
                          Status relat├│rio:
                        </span>
                        <span
                          class="px-2 py-1 text-xs rounded-full font-medium bg-yellow-100 text-yellow-800"
                        >
                          Pendente
                        </span>
                      </div>
                    </div>
                  </div>
                </div>
              </div>
            </div>
          </main>
        </div>
      </div>
    </body>

      164 |       render(<EmpresaDashboard />)
      165 |
    > 166 |       await waitFor(() => {
          |                    ^
      167 |         expect(screen.getByText('Lote Teste')).toBeInTheDocument()
      168 |       })
      169 |

      at waitForWrapper (node_modules/.pnpm/@testing-library+dom@10.4.1/node_modules/@testing-library/dom/dist/wait-for.js:163:27)
      at Object.<anonymous> (__tests__/rh/empresa-dashboard-indicadores-inativadas.test.tsx:166:20)

  ÔùÅ Indicadores Visuais para Avalia├º├Áes Inativadas - Dashboard Empresa ÔÇ║ Se├º├úo de estat├¡sticas aprimorada ÔÇ║ deve mostrar tooltip explicativo para avalia├º├Áes inativadas

    Unable to find an element with the text: Lote Teste. This could be because the text is broken up by multiple elements. In this case, you can provide a function for your text matcher to make your matcher more flexible.

    Ignored nodes: comments, script, style
    <body>
      <div>
        <div>
          <main
            class="flex-1 container mx-auto px-4 py-6"
          >
            <div
              class="flex flex-col sm:flex-row sm:items-center sm:justify-between gap-4 mb-6"
            >
              <div>
                <div
                  class="flex items-center gap-3 mb-2"
                >
                  <button
                    class="flex items-center gap-2 bg-white hover:bg-gray-50 text-gray-700 px-3 py-2 rounded-lg border border-gray-200 transition-colors text-sm"
                  >
                    ÔåÉ Voltar
                  </button>
                  <h1
                    class="text-2xl font-bold text-gray-800"
                  >
                    Dashboard 
                    Empresa Teste
                  </h1>
                </div>
                <p
                  class="text-sm text-gray-600"
                >
                  An├ílise das avalia├º├Áes psicossociais
                </p>
              </div>
              <button
                class="bg-red-500 hover:bg-red-600 text-white px-4 py-2 rounded-lg font-medium transition-colors text-sm"
              >
                Sair
              </button>
            </div>
            <div
              class="mb-6"
            >
              <div
                class="border-b border-gray-200"
              >
                <nav
                  class="-mb-px flex space-x-8"
                >
                  <button
                    class="py-2 px-1 border-b-2 font-medium text-sm relative border-primary text-primary"
                  >
                    ­ƒôï Ciclos de Coletas Avaliativas
                  </button>
                  <button
                    class="py-2 px-1 border-b-2 font-medium text-sm relative border-transparent text-gray-500 hover:text-gray-700 hover:border-gray-300"
                  >
                    ­ƒôä Laudos
                  </button>
                  <button
                    class="py-2 px-1 border-b-2 font-medium text-sm relative border-transparent text-gray-500 hover:text-gray-700 hover:border-gray-300"
                  >
                    ­ƒæÑ Funcion├írios Ativos
                  </button>
                  <button
                    class="py-2 px-1 border-b-2 font-medium text-sm relative border-transparent text-gray-500 hover:text-gray-700 hover:border-gray-300"
                  >
                    ­ƒÜ¬ Desligamentos
                  </button>
                </nav>
              </div>
            </div>
            <div
              class="space-y-6"
            >
              <div
                class="bg-white rounded-lg shadow-sm p-6"
              >
                <div
                  class="flex justify-between items-center mb-6"
                >
                  <div>
                    <h3
                      class="text-lg font-semibold text-gray-800"
                    >
                      Ciclos de Coletas Avaliativas
                    </h3>
                    <p
                      class="text-sm text-gray-600 mt-1"
                    >
                      Gerencie os ciclos de coletas avaliativas da empresa
                    </p>
                  </div>
                  <button
                    class="inline-flex items-center gap-2 bg-primary text-white px-4 py-2 rounded-lg hover:bg-primary-hover transition-colors font-medium"
                  >
                    ­ƒÜÇ Iniciar Novo Ciclo
                  </button>
                </div>
                <div
                  class="grid grid-cols-1 md:grid-cols-2 lg:grid-cols-3 gap-6 max-h-[60vh] lg:max-h-none overflow-y-auto lotes-grid"
                >
                  <div
                    aria-label="Ver detalhes do lote 1"
                    class="bg-gray-50 rounded-lg p-5 border border-gray-200 hover:shadow-lg hover:border-primary transition-all cursor-pointer"
                    role="button"
                    tabindex="0"
                  >
                    <div
                      class="mb-4"
                    >
                      <div
                        class="flex items-center justify-between mb-1"
                      >
                        <h5
                          class="font-semibold text-gray-800 text-base"
                        >
                          Lote ID: 
                          1
                        </h5>
                        <span
                          class="inline-flex items-center px-2 py-1 rounded-full text-xs font-medium bg-orange-100 text-orange-800 border border-orange-200"
                        >
                          ÔÜá´©Å 
                          3
                           inativada
                          s
                        </span>
                      </div>
                      <p
                        class="text-sm text-gray-600"
                      >
                        Empresa: 
                        N/A
                      </p>
                      <p
                        class="text-xs text-gray-500"
                      >
                        Liberado em
                         
                        12/12/2024
                         ├ás
                         
                        07:00
                      </p>
                    </div>
                    <div
                      class="space-y-2 mb-4"
                    >
                      <div
                        class="flex justify-between text-sm"
                      >
                        <span>
                          Avalia├º├Áes liberadas:
                        </span>
                        <span
                          class="font-medium"
                        >
                          10
                        </span>
                      </div>
                      <div
                        class="flex justify-between text-sm"
                      >
                        <span>
                          Conclu├¡das:
                        </span>
                        <span
                          class="font-medium text-green-600"
                        >
                          7
                        </span>
                      </div>
                      <div
                        class="flex justify-between text-sm"
                      >
                        <span
                          class="flex items-center gap-1"
                        >
                          <span>
                            Inativadas:
                          </span>
                          <span
                            class="text-xs text-gray-500"
                            title="Avalia├º├Áes de funcion├írios inativos n├úo contam para a prontid├úo"
                          >
                            Ôôÿ
                          </span>
                        </span>
                        <span
                          class="font-medium text-red-600"
                        >
                          3
                        </span>
                      </div>
                      <div
                        class="flex justify-between text-sm"
                      >
                        <span>
                          Ativas consideradas:
                        </span>
                        <span
                          class="font-medium text-blue-600"
                        >
                          7
                        </span>
                      </div>
                      <div
                        class="flex justify-between text-sm"
                      >
                        <span>
                          Status relat├│rio:
                        </span>
                        <span
                          class="px-2 py-1 text-xs rounded-full font-medium bg-yellow-100 text-yellow-800"
                        >
                          Pendente
                        </span>
                      </div>
                    </div>
                  </div>
                </div>
              </div>
            </div>
          </main>
        </div>
      </div>
    </body>

      235 |       render(<EmpresaDashboard />)
      236 |
    > 237 |       await waitFor(() => {
          |                    ^
      238 |         expect(screen.getByText('Lote Teste')).toBeInTheDocument()
      239 |       })
      240 |

      at waitForWrapper (node_modules/.pnpm/@testing-library+dom@10.4.1/node_modules/@testing-library/dom/dist/wait-for.js:163:27)
      at Object.<anonymous> (__tests__/rh/empresa-dashboard-indicadores-inativadas.test.tsx:237:20)

  ÔùÅ Indicadores Visuais para Avalia├º├Áes Inativadas - Dashboard Empresa ÔÇ║ Se├º├úo de estat├¡sticas aprimorada ÔÇ║ deve calcular corretamente as avalia├º├Áes ativas consideradas

    Unable to find an element with the text: Lote Teste. This could be because the text is broken up by multiple elements. In this case, you can provide a function for your text matcher to make your matcher more flexible.

    Ignored nodes: comments, script, style
    <body>
      <div>
        <div>
          <main
            class="flex-1 container mx-auto px-4 py-6"
          >
            <div
              class="flex flex-col sm:flex-row sm:items-center sm:justify-between gap-4 mb-6"
            >
              <div>
                <div
                  class="flex items-center gap-3 mb-2"
                >
                  <button
                    class="flex items-center gap-2 bg-white hover:bg-gray-50 text-gray-700 px-3 py-2 rounded-lg border border-gray-200 transition-colors text-sm"
                  >
                    ÔåÉ Voltar
                  </button>
                  <h1
                    class="text-2xl font-bold text-gray-800"
                  >
                    Dashboard 
                    Empresa Teste
                  </h1>
                </div>
                <p
                  class="text-sm text-gray-600"
                >
                  An├ílise das avalia├º├Áes psicossociais
                </p>
              </div>
              <button
                class="bg-red-500 hover:bg-red-600 text-white px-4 py-2 rounded-lg font-medium transition-colors text-sm"
              >
                Sair
              </button>
            </div>
            <div
              class="mb-6"
            >
              <div
                class="border-b border-gray-200"
              >
                <nav
                  class="-mb-px flex space-x-8"
                >
                  <button
                    class="py-2 px-1 border-b-2 font-medium text-sm relative border-primary text-primary"
                  >
                    ­ƒôï Ciclos de Coletas Avaliativas
                  </button>
                  <button
                    class="py-2 px-1 border-b-2 font-medium text-sm relative border-transparent text-gray-500 hover:text-gray-700 hover:border-gray-300"
                  >
                    ­ƒôä Laudos
                  </button>
                  <button
                    class="py-2 px-1 border-b-2 font-medium text-sm relative border-transparent text-gray-500 hover:text-gray-700 hover:border-gray-300"
                  >
                    ­ƒæÑ Funcion├írios Ativos
                  </button>
                  <button
                    class="py-2 px-1 border-b-2 font-medium text-sm relative border-transparent text-gray-500 hover:text-gray-700 hover:border-gray-300"
                  >
                    ­ƒÜ¬ Desligamentos
                  </button>
                </nav>
              </div>
            </div>
            <div
              class="space-y-6"
            >
              <div
                class="bg-white rounded-lg shadow-sm p-6"
              >
                <div
                  class="flex justify-between items-center mb-6"
                >
                  <div>
                    <h3
                      class="text-lg font-semibold text-gray-800"
                    >
                      Ciclos de Coletas Avaliativas
                    </h3>
                    <p
                      class="text-sm text-gray-600 mt-1"
                    >
                      Gerencie os ciclos de coletas avaliativas da empresa
                    </p>
                  </div>
                  <button
                    class="inline-flex items-center gap-2 bg-primary text-white px-4 py-2 rounded-lg hover:bg-primary-hover transition-colors font-medium"
                  >
                    ­ƒÜÇ Iniciar Novo Ciclo
                  </button>
                </div>
                <div
                  class="grid grid-cols-1 md:grid-cols-2 lg:grid-cols-3 gap-6 max-h-[60vh] lg:max-h-none overflow-y-auto lotes-grid"
                >
                  <div
                    aria-label="Ver detalhes do lote 1"
                    class="bg-gray-50 rounded-lg p-5 border border-gray-200 hover:shadow-lg hover:border-primary transition-all cursor-pointer"
                    role="button"
                    tabindex="0"
                  >
                    <div
                      class="mb-4"
                    >
                      <div
                        class="flex items-center justify-between mb-1"
                      >
                        <h5
                          class="font-semibold text-gray-800 text-base"
                        >
                          Lote ID: 
                          1
                        </h5>
                        <span
                          class="inline-flex items-center px-2 py-1 rounded-full text-xs font-medium bg-orange-100 text-orange-800 border border-orange-200"
                        >
                          ÔÜá´©Å 
                          5
                           inativada
                          s
                        </span>
                      </div>
                      <p
                        class="text-sm text-gray-600"
                      >
                        Empresa: 
                        N/A
                      </p>
                      <p
                        class="text-xs text-gray-500"
                      >
                        Liberado em
                         
                        12/12/2024
                         ├ás
                         
                        07:00
                      </p>
                    </div>
                    <div
                      class="space-y-2 mb-4"
                    >
                      <div
                        class="flex justify-between text-sm"
                      >
                        <span>
                          Avalia├º├Áes liberadas:
                        </span>
                        <span
                          class="font-medium"
                        >
                          15
                        </span>
                      </div>
                      <div
                        class="flex justify-between text-sm"
                      >
                        <span>
                          Conclu├¡das:
                        </span>
                        <span
                          class="font-medium text-green-600"
                        >
                          10
                        </span>
                      </div>
                      <div
                        class="flex justify-between text-sm"
                      >
                        <span
                          class="flex items-center gap-1"
                        >
                          <span>
                            Inativadas:
                          </span>
                          <span
                            class="text-xs text-gray-500"
                            title="Avalia├º├Áes de funcion├írios inativos n├úo contam para a prontid├úo"
                          >
                            Ôôÿ
                          </span>
                        </span>
                        <span
                          class="font-medium text-red-600"
                        >
                          5
                        </span>
                      </div>
                      <div
                        class="flex justify-between text-sm"
                      >
                        <span>
                          Ativas consideradas:
                        </span>
                        <span
                          class="font-medium text-blue-600"
                        >
                          10
                        </span>
                      </div>
                      <div
                        class="flex justify-between text-sm"
                      >
                        <span>
                          Status relat├│rio:
                        </span>
                        <span
                          class="px-2 py-1 text-xs rounded-full font-medium bg-yellow-100 text-yellow-800"
                        >
                          Pendente
                        </span>
                      </div>
                    </div>
                  </div>
                </div>
              </div>
            </div>
          </main>
        </div>
      </div>
    </body>

      310 |       render(<EmpresaDashboard />)
      311 |
    > 312 |       await waitFor(() => {
          |                    ^
      313 |         expect(screen.getByText('Lote Teste')).toBeInTheDocument()
      314 |       })
      315 |

      at waitForWrapper (node_modules/.pnpm/@testing-library+dom@10.4.1/node_modules/@testing-library/dom/dist/wait-for.js:163:27)
      at Object.<anonymous> (__tests__/rh/empresa-dashboard-indicadores-inativadas.test.tsx:312:20)

  ÔùÅ Indicadores Visuais para Avalia├º├Áes Inativadas - Dashboard Empresa ÔÇ║ Status de prontid├úo ÔÇ║ deve mostrar "Pronto" quando todas as avalia├º├Áes ativas est├úo conclu├¡das

    Unable to find an element with the text: Lote Teste. This could be because the text is broken up by multiple elements. In this case, you can provide a function for your text matcher to make your matcher more flexible.

    Ignored nodes: comments, script, style
    <body>
      <div>
        <div>
          <main
            class="flex-1 container mx-auto px-4 py-6"
          >
            <div
              class="flex flex-col sm:flex-row sm:items-center sm:justify-between gap-4 mb-6"
            >
              <div>
                <div
                  class="flex items-center gap-3 mb-2"
                >
                  <button
                    class="flex items-center gap-2 bg-white hover:bg-gray-50 text-gray-700 px-3 py-2 rounded-lg border border-gray-200 transition-colors text-sm"
                  >
                    ÔåÉ Voltar
                  </button>
                  <h1
                    class="text-2xl font-bold text-gray-800"
                  >
                    Dashboard 
                    Empresa Teste
                  </h1>
                </div>
                <p
                  class="text-sm text-gray-600"
                >
                  An├ílise das avalia├º├Áes psicossociais
                </p>
              </div>
              <button
                class="bg-red-500 hover:bg-red-600 text-white px-4 py-2 rounded-lg font-medium transition-colors text-sm"
              >
                Sair
              </button>
            </div>
            <div
              class="mb-6"
            >
              <div
                class="border-b border-gray-200"
              >
                <nav
                  class="-mb-px flex space-x-8"
                >
                  <button
                    class="py-2 px-1 border-b-2 font-medium text-sm relative border-primary text-primary"
                  >
                    ­ƒôï Ciclos de Coletas Avaliativas
                  </button>
                  <button
                    class="py-2 px-1 border-b-2 font-medium text-sm relative border-transparent text-gray-500 hover:text-gray-700 hover:border-gray-300"
                  >
                    ­ƒôä Laudos
                  </button>
                  <button
                    class="py-2 px-1 border-b-2 font-medium text-sm relative border-transparent text-gray-500 hover:text-gray-700 hover:border-gray-300"
                  >
                    ­ƒæÑ Funcion├írios Ativos
                  </button>
                  <button
                    class="py-2 px-1 border-b-2 font-medium text-sm relative border-transparent text-gray-500 hover:text-gray-700 hover:border-gray-300"
                  >
                    ­ƒÜ¬ Desligamentos
                  </button>
                </nav>
              </div>
            </div>
            <div
              class="space-y-6"
            >
              <div
                class="bg-white rounded-lg shadow-sm p-6"
              >
                <div
                  class="flex justify-between items-center mb-6"
                >
                  <div>
                    <h3
                      class="text-lg font-semibold text-gray-800"
                    >
                      Ciclos de Coletas Avaliativas
                    </h3>
                    <p
                      class="text-sm text-gray-600 mt-1"
                    >
                      Gerencie os ciclos de coletas avaliativas da empresa
                    </p>
                  </div>
                  <button
                    class="inline-flex items-center gap-2 bg-primary text-white px-4 py-2 rounded-lg hover:bg-primary-hover transition-colors font-medium"
                  >
                    ­ƒÜÇ Iniciar Novo Ciclo
                  </button>
                </div>
                <div
                  class="grid grid-cols-1 md:grid-cols-2 lg:grid-cols-3 gap-6 max-h-[60vh] lg:max-h-none overflow-y-auto lotes-grid"
                >
                  <div
                    aria-label="Ver detalhes do lote 1"
                    class="bg-gray-50 rounded-lg p-5 border border-gray-200 hover:shadow-lg hover:border-primary transition-all cursor-pointer"
                    role="button"
                    tabindex="0"
                  >
                    <div
                      class="mb-4"
                    >
                      <div
                        class="flex items-center justify-between mb-1"
                      >
                        <h5
                          class="font-semibold text-gray-800 text-base"
                        >
                          Lote ID: 
                          1
                        </h5>
                        <span
                          class="inline-flex items-center px-2 py-1 rounded-full text-xs font-medium bg-orange-100 text-orange-800 border border-orange-200"
                        >
                          ÔÜá´©Å 
                          2
                           inativada
                          s
                        </span>
                      </div>
                      <p
                        class="text-sm text-gray-600"
                      >
                        Empresa: 
                        N/A
                      </p>
                      <p
                        class="text-xs text-gray-500"
                      >
                        Liberado em
                         
                        12/12/2024
                         ├ás
                         
                        07:00
                      </p>
                    </div>
                    <div
                      class="space-y-2 mb-4"
                    >
                      <div
                        class="flex justify-between text-sm"
                      >
                        <span>
                          Avalia├º├Áes liberadas:
                        </span>
                        <span
                          class="font-medium"
                        >
                          10
                        </span>
                      </div>
                      <div
                        class="flex justify-between text-sm"
                      >
                        <span>
                          Conclu├¡das:
                        </span>
                        <span
                          class="font-medium text-green-600"
                        >
                          8
                        </span>
                      </div>
                      <div
                        class="flex justify-between text-sm"
                      >
                        <span
                          class="flex items-center gap-1"
                        >
                          <span>
                            Inativadas:
                          </span>
                          <span
                            class="text-xs text-gray-500"
                            title="Avalia├º├Áes de funcion├írios inativos n├úo contam para a prontid├úo"
                          >
                            Ôôÿ
                          </span>
                        </span>
                        <span
                          class="font-medium text-red-600"
                        >
                          2
                        </span>
                      </div>
                      <div
                        class="flex justify-between text-sm"
                      >
                        <span>
                          Ativas consideradas:
                        </span>
                        <span
                          class="font-medium text-blue-600"
                        >
                          8
                        </span>
                      </div>
                      <div
                        class="flex justify-between text-sm"
                      >
                        <span>
                          Status relat├│rio:
                        </span>
                        <span
                          class="px-2 py-1 text-xs rounded-full font-medium bg-yellow-100 text-yellow-800"
                        >
                          Pendente
                        </span>
                      </div>
                    </div>
                  </div>
                </div>
              </div>
            </div>
          </main>
        </div>
      </div>
    </body>

      383 |       render(<EmpresaDashboard />)
      384 |
    > 385 |       await waitFor(() => {
          |                    ^
      386 |         expect(screen.getByText('Lote Teste')).toBeInTheDocument()
      387 |       })
      388 |

      at waitForWrapper (node_modules/.pnpm/@testing-library+dom@10.4.1/node_modules/@testing-library/dom/dist/wait-for.js:163:27)
      at Object.<anonymous> (__tests__/rh/empresa-dashboard-indicadores-inativadas.test.tsx:385:20)

  ÔùÅ Indicadores Visuais para Avalia├º├Áes Inativadas - Dashboard Empresa ÔÇ║ Status de prontid├úo ÔÇ║ deve mostrar "Pendente" quando nem todas as avalia├º├Áes ativas est├úo conclu├¡das

    Unable to find an element with the text: Lote Teste. This could be because the text is broken up by multiple elements. In this case, you can provide a function for your text matcher to make your matcher more flexible.

    Ignored nodes: comments, script, style
    <body>
      <div>
        <div>
          <main
            class="flex-1 container mx-auto px-4 py-6"
          >
            <div
              class="flex flex-col sm:flex-row sm:items-center sm:justify-between gap-4 mb-6"
            >
              <div>
                <div
                  class="flex items-center gap-3 mb-2"
                >
                  <button
                    class="flex items-center gap-2 bg-white hover:bg-gray-50 text-gray-700 px-3 py-2 rounded-lg border border-gray-200 transition-colors text-sm"
                  >
                    ÔåÉ Voltar
                  </button>
                  <h1
                    class="text-2xl font-bold text-gray-800"
                  >
                    Dashboard 
                    Empresa Teste
                  </h1>
                </div>
                <p
                  class="text-sm text-gray-600"
                >
                  An├ílise das avalia├º├Áes psicossociais
                </p>
              </div>
              <button
                class="bg-red-500 hover:bg-red-600 text-white px-4 py-2 rounded-lg font-medium transition-colors text-sm"
              >
                Sair
              </button>
            </div>
            <div
              class="mb-6"
            >
              <div
                class="border-b border-gray-200"
              >
                <nav
                  class="-mb-px flex space-x-8"
                >
                  <button
                    class="py-2 px-1 border-b-2 font-medium text-sm relative border-primary text-primary"
                  >
                    ­ƒôï Ciclos de Coletas Avaliativas
                  </button>
                  <button
                    class="py-2 px-1 border-b-2 font-medium text-sm relative border-transparent text-gray-500 hover:text-gray-700 hover:border-gray-300"
                  >
                    ­ƒôä Laudos
                  </button>
                  <button
                    class="py-2 px-1 border-b-2 font-medium text-sm relative border-transparent text-gray-500 hover:text-gray-700 hover:border-gray-300"
                  >
                    ­ƒæÑ Funcion├írios Ativos
                  </button>
                  <button
                    class="py-2 px-1 border-b-2 font-medium text-sm relative border-transparent text-gray-500 hover:text-gray-700 hover:border-gray-300"
                  >
                    ­ƒÜ¬ Desligamentos
                  </button>
                </nav>
              </div>
            </div>
            <div
              class="space-y-6"
            >
              <div
                class="bg-white rounded-lg shadow-sm p-6"
              >
                <div
                  class="flex justify-between items-center mb-6"
                >
                  <div>
                    <h3
                      class="text-lg font-semibold text-gray-800"
                    >
                      Ciclos de Coletas Avaliativas
                    </h3>
                    <p
                      class="text-sm text-gray-600 mt-1"
                    >
                      Gerencie os ciclos de coletas avaliativas da empresa
                    </p>
                  </div>
                  <button
                    class="inline-flex items-center gap-2 bg-primary text-white px-4 py-2 rounded-lg hover:bg-primary-hover transition-colors font-medium"
                  >
                    ­ƒÜÇ Iniciar Novo Ciclo
                  </button>
                </div>
                <div
                  class="grid grid-cols-1 md:grid-cols-2 lg:grid-cols-3 gap-6 max-h-[60vh] lg:max-h-none overflow-y-auto lotes-grid"
                >
                  <div
                    aria-label="Ver detalhes do lote 1"
                    class="bg-gray-50 rounded-lg p-5 border border-gray-200 hover:shadow-lg hover:border-primary transition-all cursor-pointer"
                    role="button"
                    tabindex="0"
                  >
                    <div
                      class="mb-4"
                    >
                      <div
                        class="flex items-center justify-between mb-1"
                      >
                        <h5
                          class="font-semibold text-gray-800 text-base"
                        >
                          Lote ID: 
                          1
                        </h5>
                        <span
                          class="inline-flex items-center px-2 py-1 rounded-full text-xs font-medium bg-orange-100 text-orange-800 border border-orange-200"
                        >
                          ÔÜá´©Å 
                          2
                           inativada
                          s
                        </span>
                      </div>
                      <p
                        class="text-sm text-gray-600"
                      >
                        Empresa: 
                        N/A
                      </p>
                      <p
                        class="text-xs text-gray-500"
                      >
                        Liberado em
                         
                        12/12/2024
                         ├ás
                         
                        07:00
                      </p>
                    </div>
                    <div
                      class="space-y-2 mb-4"
                    >
                      <div
                        class="flex justify-between text-sm"
                      >
                        <span>
                          Avalia├º├Áes liberadas:
                        </span>
                        <span
                          class="font-medium"
                        >
                          10
                        </span>
                      </div>
                      <div
                        class="flex justify-between text-sm"
                      >
                        <span>
                          Conclu├¡das:
                        </span>
                        <span
                          class="font-medium text-green-600"
                        >
                          6
                        </span>
                      </div>
                      <div
                        class="flex justify-between text-sm"
                      >
                        <span
                          class="flex items-center gap-1"
                        >
                          <span>
                            Inativadas:
                          </span>
                          <span
                            class="text-xs text-gray-500"
                            title="Avalia├º├Áes de funcion├írios inativos n├úo contam para a prontid├úo"
                          >
                            Ôôÿ
                          </span>
                        </span>
                        <span
                          class="font-medium text-red-600"
                        >
                          2
                        </span>
                      </div>
                      <div
                        class="flex justify-between text-sm"
                      >
                        <span>
                          Ativas consideradas:
                        </span>
                        <span
                          class="font-medium text-blue-600"
                        >
                          8
                        </span>
                      </div>
                      <div
                        class="flex justify-between text-sm"
                      >
                        <span>
                          Status relat├│rio:
                        </span>
                        <span
                          class="px-2 py-1 text-xs rounded-full font-medium bg-yellow-100 text-yellow-800"
                        >
                          Pendente
                        </span>
                      </div>
                    </div>
                  </div>
                </div>
              </div>
            </div>
          </main>
        </div>
      </div>
    </body>

      452 |       render(<EmpresaDashboard />)
      453 |
    > 454 |       await waitFor(() => {
          |                    ^
      455 |         expect(screen.getByText('Lote Teste')).toBeInTheDocument()
      456 |       })
      457 |

      at waitForWrapper (node_modules/.pnpm/@testing-library+dom@10.4.1/node_modules/@testing-library/dom/dist/wait-for.js:163:27)
      at Object.<anonymous> (__tests__/rh/empresa-dashboard-indicadores-inativadas.test.tsx:454:20)

FAIL __tests__/database/migrations-database-correcoes.integration.test.ts
  ÔùÅ Console

    console.log
      [dotenv@17.2.3] injecting env (0) from .env.test -- tip: ­ƒöæ add access controls to secrets: https://dotenvx.com/ops

      at _log (node_modules/.pnpm/dotenv@17.2.3/node_modules/dotenv/lib/main.js:142:11)

    console.log
      ­ƒøí´©Å [jest.setup] Removendo DATABASE_URL do ambiente de testes (valor n├úo importa)

      at Object.<anonymous> (__tests__/config/jest.setup.js:125:17)

    console.log
      ­ƒøí´©Å [jest.setup] Prote├º├úo do banco de testes ativada - usando: nr-bps_db_test

      at Object.<anonymous> (__tests__/config/jest.setup.js:150:13)

    console.log
      ­ƒöî [lib/db.ts] Conectado ao banco: nr-bps_db_test @ localhost (ambiente: test)

      at Object.log (lib/db.ts:673:15)

  ÔùÅ Migrations e Database - Corre├º├Áes Aplicadas ÔÇ║ Trigger: check_laudo_immutability ÔÇ║ deve bloquear UPDATE em laudo enviado

    error: coluna "codigo" da rela├º├úo "lotes_avaliacao" n├úo existe

      487 |         // No session: just execute the query normally
      488 |         try {
    > 489 |           const result = await client.query(text, params);
          |                          ^
      490 |           const duration = Date.now() - start;
      491 |
      492 |           // Log apenas queries lentas (>500ms)

      at node_modules/.pnpm/pg@8.16.3/node_modules/pg/lib/client.js:545:17
      at query (lib/db.ts:489:26)
      at Object.<anonymous> (__tests__/database/migrations-database-correcoes.integration.test.ts:219:7)

  ÔùÅ Migrations e Database - Corre├º├Áes Aplicadas ÔÇ║ Trigger: check_laudo_immutability ÔÇ║ deve permitir DELETE em laudos

    error: coluna "codigo" da rela├º├úo "lotes_avaliacao" n├úo existe

      487 |         // No session: just execute the query normally
      488 |         try {
    > 489 |           const result = await client.query(text, params);
          |                          ^
      490 |           const duration = Date.now() - start;
      491 |
      492 |           // Log apenas queries lentas (>500ms)

      at node_modules/.pnpm/pg@8.16.3/node_modules/pg/lib/client.js:545:17
      at query (lib/db.ts:489:26)
      at Object.<anonymous> (__tests__/database/migrations-database-correcoes.integration.test.ts:268:7)

  ÔùÅ Migrations e Database - Corre├º├Áes Aplicadas ÔÇ║ Storage: Diret├│rio e estrutura ÔÇ║ deve ter diret├│rio storage/laudos criado

    expect(received).toBe(expected) // Object.is equality

    Expected: true
    Received: false

      345 |
      346 |       const storageDir = path.join(process.cwd(), 'storage', 'laudos');
    > 347 |       expect(fs.existsSync(storageDir)).toBe(true);
          |                                         ^
      348 |     });
      349 |   });
      350 | });

      at Object.toBe (__tests__/database/migrations-database-correcoes.integration.test.ts:347:41)

PASS __tests__/components/admin/PagamentosContent.test.tsx
  ÔùÅ Console

    console.log
      [dotenv@17.2.3] injecting env (0) from .env.test -- tip: ­ƒùé´©Å backup and recover secrets: https://dotenvx.com/ops

      at _log (node_modules/.pnpm/dotenv@17.2.3/node_modules/dotenv/lib/main.js:142:11)

    console.log
      ­ƒøí´©Å [jest.setup] Removendo DATABASE_URL do ambiente de testes (valor n├úo importa)

      at Object.<anonymous> (__tests__/config/jest.setup.js:125:17)

    console.log
      ­ƒøí´©Å [jest.setup] Prote├º├úo do banco de testes ativada - usando: nr-bps_db_test

      at Object.<anonymous> (__tests__/config/jest.setup.js:150:13)

    console.log
      [DEBUG] Solicita├º├Áes carregadas: {
        total: 1,
        count: 1,
        solicitacoes: [
          {
            lote_id: 100,
            status_pagamento: 'aguardando_pagamento',
            solicitacao_emissao_em: '2026-02-17T10:00:00Z',
            valor_por_funcionario: 50,
            link_pagamento_token: 'tok_test',
            link_pagamento_enviado_em: '2026-02-17T10:05:00Z',
            pagamento_metodo: 'boleto',
            pagamento_parcelas: null,
            pago_em: null,
            empresa_nome: 'Empresa Teste',
            nome_tomador: 'Tomador Teste',
            solicitante_nome: 'Solicitante Teste',
            solicitante_cpf: '00000000000',
            num_avaliacoes_concluidas: 5,
            valor_total_calculado: 250,
            lote_criado_em: '2026-02-17T09:00:00Z',
            lote_liberado_em: '2026-02-17T09:30:00Z',
            lote_status: 'pendente_liberacao'
          }
        ]
      }

      at log (components/admin/PagamentosContent.tsx:68:15)

    console.log
      [DEBUG] Solicita├º├Áes carregadas: {
        total: 1,
        count: 1,
        solicitacoes: [
          {
            lote_id: 100,
            status_pagamento: 'aguardando_pagamento',
            solicitacao_emissao_em: '2026-02-17T10:00:00Z',
            valor_por_funcionario: 50,
            link_pagamento_token: 'tok_test',
            link_pagamento_enviado_em: '2026-02-17T10:05:00Z',
            pagamento_metodo: 'boleto',
            pagamento_parcelas: null,
            pago_em: null,
            empresa_nome: 'Empresa Teste',
            nome_tomador: 'Tomador Teste',
            solicitante_nome: 'Solicitante Teste',
            solicitante_cpf: '00000000000',
            num_avaliacoes_concluidas: 5,
            valor_total_calculado: 250,
            lote_criado_em: '2026-02-17T09:00:00Z',
            lote_liberado_em: '2026-02-17T09:30:00Z',
            lote_status: 'pendente_liberacao'
          }
        ]
      }

      at log (components/admin/PagamentosContent.tsx:68:15)

    console.log
      [DEBUG] Solicita├º├Áes carregadas: {
        total: 1,
        count: 1,
        solicitacoes: [
          {
            lote_id: 100,
            status_pagamento: 'aguardando_pagamento',
            solicitacao_emissao_em: '2026-02-17T10:00:00Z',
            valor_por_funcionario: 50,
            link_pagamento_token: 'tok_test',
            link_pagamento_enviado_em: '2026-02-17T10:05:00Z',
            pagamento_metodo: 'boleto',
            pagamento_parcelas: null,
            pago_em: null,
            empresa_nome: 'Empresa Teste',
            nome_tomador: 'Tomador Teste',
            solicitante_nome: 'Solicitante Teste',
            solicitante_cpf: '00000000000',
            num_avaliacoes_concluidas: 5,
            valor_total_calculado: 250,
            lote_criado_em: '2026-02-17T09:00:00Z',
            lote_liberado_em: '2026-02-17T09:30:00Z',
            lote_status: 'pendente_liberacao'
          }
        ]
      }

      at log (components/admin/PagamentosContent.tsx:68:15)

    console.log
      [DEBUG] Solicita├º├Áes carregadas: {
        total: 2,
        count: 2,
        solicitacoes: [
          {
            lote_id: 100,
            status_pagamento: 'aguardando_pagamento',
            solicitacao_emissao_em: '2026-02-17T10:00:00Z',
            valor_por_funcionario: 50,
            link_pagamento_token: 'tok_test',
            link_pagamento_enviado_em: '2026-02-17T10:05:00Z',
            pagamento_metodo: 'boleto',
            pagamento_parcelas: null,
            pago_em: null,
            empresa_nome: 'Empresa Teste',
            nome_tomador: 'Tomador Teste',
            solicitante_nome: 'Solicitante Teste',
            solicitante_cpf: '00000000000',
            num_avaliacoes_concluidas: 5,
            valor_total_calculado: 250,
            lote_criado_em: '2026-02-17T09:00:00Z',
            lote_liberado_em: '2026-02-17T09:30:00Z',
            lote_status: 'pendente_liberacao'
          },
          {
            lote_id: 200,
            status_pagamento: 'pago',
            solicitacao_emissao_em: '2026-02-17T10:00:00Z',
            valor_por_funcionario: 50,
            link_pagamento_token: 'tok_test',
            link_pagamento_enviado_em: '2026-02-17T10:05:00Z',
            pagamento_metodo: 'pix',
            pagamento_parcelas: null,
            pago_em: '2026-02-17T15:00:00Z',
            empresa_nome: 'Empresa Teste',
            nome_tomador: 'Tomador Teste',
            solicitante_nome: 'Solicitante Teste',
            solicitante_cpf: '00000000000',
            num_avaliacoes_concluidas: 5,
            valor_total_calculado: 250,
            lote_criado_em: '2026-02-17T09:00:00Z',
            lote_liberado_em: '2026-02-17T09:30:00Z',
            lote_status: 'pendente_liberacao'
          }
        ]
      }

      at log (components/admin/PagamentosContent.tsx:68:15)

    console.log
      [DEBUG] Solicita├º├Áes carregadas: {
        total: 1,
        count: 1,
        solicitacoes: [
          {
            lote_id: 100,
            status_pagamento: 'aguardando_pagamento',
            solicitacao_emissao_em: '2026-02-17T10:00:00Z',
            valor_por_funcionario: 50,
            link_pagamento_token: 'tok_test',
            link_pagamento_enviado_em: '2026-02-17T10:05:00Z',
            pagamento_metodo: 'boleto',
            pagamento_parcelas: null,
            pago_em: null,
            empresa_nome: 'Empresa Teste',
            nome_tomador: 'Tomador Teste',
            solicitante_nome: 'Solicitante Teste',
            solicitante_cpf: '00000000000',
            num_avaliacoes_concluidas: 5,
            valor_total_calculado: 250,
            lote_criado_em: '2026-02-17T09:00:00Z',
            lote_liberado_em: '2026-02-17T09:30:00Z',
            lote_status: 'pendente_liberacao'
          }
        ]
      }

      at log (components/admin/PagamentosContent.tsx:68:15)

    console.log
      [DEBUG] Solicita├º├Áes carregadas: {
        total: 1,
        count: 1,
        solicitacoes: [
          {
            lote_id: 100,
            status_pagamento: 'aguardando_pagamento',
            solicitacao_emissao_em: '2026-02-17T10:00:00Z',
            valor_por_funcionario: 50,
            link_pagamento_token: 'tok_test',
            link_pagamento_enviado_em: '2026-02-17T10:05:00Z',
            pagamento_metodo: 'boleto',
            pagamento_parcelas: null,
            pago_em: null,
            empresa_nome: 'Empresa Teste',
            nome_tomador: 'Tomador Teste',
            solicitante_nome: 'Solicitante Teste',
            solicitante_cpf: '00000000000',
            num_avaliacoes_concluidas: 5,
            valor_total_calculado: 250,
            lote_criado_em: '2026-02-17T09:00:00Z',
            lote_liberado_em: '2026-02-17T09:30:00Z',
            lote_status: 'pendente_liberacao'
          }
        ]
      }

      at log (components/admin/PagamentosContent.tsx:68:15)

    console.log
      [DEBUG] Solicita├º├Áes carregadas: {
        total: 1,
        count: 1,
        solicitacoes: [
          {
            lote_id: 100,
            status_pagamento: 'aguardando_pagamento',
            solicitacao_emissao_em: '2026-02-17T10:00:00Z',
            valor_por_funcionario: 50,
            link_pagamento_token: 'tok_test',
            link_pagamento_enviado_em: '2026-02-17T10:05:00Z',
            pagamento_metodo: 'boleto',
            pagamento_parcelas: null,
            pago_em: null,
            empresa_nome: 'Empresa Teste',
            nome_tomador: 'Tomador Teste',
            solicitante_nome: 'Solicitante Teste',
            solicitante_cpf: '00000000000',
            num_avaliacoes_concluidas: 5,
            valor_total_calculado: 250,
            lote_criado_em: '2026-02-17T09:00:00Z',
            lote_liberado_em: '2026-02-17T09:30:00Z',
            lote_status: 'pendente_liberacao'
          }
        ]
      }

      at log (components/admin/PagamentosContent.tsx:68:15)

    console.log
      [DEBUG] Solicita├º├Áes carregadas: {
        total: 1,
        count: 1,
        solicitacoes: [
          {
            lote_id: 100,
            status_pagamento: 'aguardando_pagamento',
            solicitacao_emissao_em: '2026-02-17T10:00:00Z',
            valor_por_funcionario: 50,
            link_pagamento_token: 'tok_test',
            link_pagamento_enviado_em: '2026-02-17T10:05:00Z',
            pagamento_metodo: 'boleto',
            pagamento_parcelas: null,
            pago_em: null,
            empresa_nome: 'Empresa Teste',
            nome_tomador: 'Tomador Teste',
            solicitante_nome: 'Solicitante Teste',
            solicitante_cpf: '00000000000',
            num_avaliacoes_concluidas: 5,
            valor_total_calculado: 250,
            lote_criado_em: '2026-02-17T09:00:00Z',
            lote_liberado_em: '2026-02-17T09:30:00Z',
            lote_status: 'pendente_liberacao'
          }
        ]
      }

      at log (components/admin/PagamentosContent.tsx:68:15)

    console.log
      [DEBUG] Solicita├º├Áes carregadas: {
        total: 1,
        count: 1,
        solicitacoes: [
          {
            lote_id: 100,
            status_pagamento: 'aguardando_pagamento',
            solicitacao_emissao_em: '2026-02-17T10:00:00Z',
            valor_por_funcionario: 50,
            link_pagamento_token: 'tok_test',
            link_pagamento_enviado_em: '2026-02-17T10:05:00Z',
            pagamento_metodo: 'boleto',
            pagamento_parcelas: null,
            pago_em: null,
            empresa_nome: 'Empresa Teste',
            nome_tomador: 'Tomador Teste',
            solicitante_nome: 'Solicitante Teste',
            solicitante_cpf: '00000000000',
            num_avaliacoes_concluidas: 5,
            valor_total_calculado: 250,
            lote_criado_em: '2026-02-17T09:00:00Z',
            lote_liberado_em: '2026-02-17T09:30:00Z',
            lote_status: 'pendente_liberacao'
          }
        ]
      }

      at log (components/admin/PagamentosContent.tsx:68:15)

    console.log
      [DEBUG] Solicita├º├Áes carregadas: {
        total: 2,
        count: 2,
        solicitacoes: [
          {
            lote_id: 101,
            status_pagamento: 'aguardando_pagamento',
            solicitacao_emissao_em: '2026-02-17T10:00:00Z',
            valor_por_funcionario: 50,
            link_pagamento_token: 'tok_test',
            link_pagamento_enviado_em: '2026-02-17T10:05:00Z',
            pagamento_metodo: 'boleto',
            pagamento_parcelas: null,
            pago_em: null,
            empresa_nome: 'Empresa Teste',
            nome_tomador: 'Tomador Teste',
            solicitante_nome: 'Solicitante Teste',
            solicitante_cpf: '00000000000',
            num_avaliacoes_concluidas: 5,
            valor_total_calculado: 250,
            lote_criado_em: '2026-02-17T09:00:00Z',
            lote_liberado_em: '2026-02-17T09:30:00Z',
            lote_status: 'pendente_liberacao'
          },
          {
            lote_id: 102,
            status_pagamento: 'aguardando_pagamento',
            solicitacao_emissao_em: '2026-02-17T10:00:00Z',
            valor_por_funcionario: 50,
            link_pagamento_token: 'tok_test',
            link_pagamento_enviado_em: '2026-02-17T10:05:00Z',
            pagamento_metodo: 'boleto',
            pagamento_parcelas: null,
            pago_em: null,
            empresa_nome: 'Empresa Teste',
            nome_tomador: 'Tomador Teste',
            solicitante_nome: 'Solicitante Teste',
            solicitante_cpf: '00000000000',
            num_avaliacoes_concluidas: 5,
            valor_total_calculado: 250,
            lote_criado_em: '2026-02-17T09:00:00Z',
            lote_liberado_em: '2026-02-17T09:30:00Z',
            lote_status: 'pendente_liberacao'
          }
        ]
      }

      at log (components/admin/PagamentosContent.tsx:68:15)

    console.log
      [DEBUG] Solicita├º├Áes carregadas: {
        total: 1,
        count: 1,
        solicitacoes: [
          {
            lote_id: 103,
            status_pagamento: 'aguardando_pagamento',
            solicitacao_emissao_em: '2026-02-17T10:00:00Z',
            valor_por_funcionario: 50,
            link_pagamento_token: 'tok_test',
            link_pagamento_enviado_em: '2026-02-17T10:05:00Z',
            pagamento_metodo: 'boleto',
            pagamento_parcelas: null,
            pago_em: null,
            empresa_nome: 'Empresa Teste',
            nome_tomador: 'Tomador Teste',
            solicitante_nome: 'Solicitante Teste',
            solicitante_cpf: '00000000000',
            num_avaliacoes_concluidas: 5,
            valor_total_calculado: 250,
            lote_criado_em: '2026-02-17T09:00:00Z',
            lote_liberado_em: '2026-02-17T09:30:00Z',
            lote_status: 'pendente_liberacao'
          }
        ]
      }

      at log (components/admin/PagamentosContent.tsx:68:15)

    console.log
      [DEBUG] Solicita├º├Áes carregadas: {
        total: 1,
        count: 1,
        solicitacoes: [
          {
            lote_id: 103,
            status_pagamento: 'aguardando_pagamento',
            solicitacao_emissao_em: '2026-02-17T10:00:00Z',
            valor_por_funcionario: 50,
            link_pagamento_token: 'tok_test',
            link_pagamento_enviado_em: '2026-02-17T10:05:00Z',
            pagamento_metodo: 'boleto',
            pagamento_parcelas: null,
            pago_em: null,
            empresa_nome: 'Empresa Teste',
            nome_tomador: 'Tomador Teste',
            solicitante_nome: 'Solicitante Teste',
            solicitante_cpf: '00000000000',
            num_avaliacoes_concluidas: 5,
            valor_total_calculado: 250,
            lote_criado_em: '2026-02-17T09:00:00Z',
            lote_liberado_em: '2026-02-17T09:30:00Z',
            lote_status: 'pendente_liberacao'
          }
        ]
      }

      at log (components/admin/PagamentosContent.tsx:68:15)

RBAC seed applied to test database
PASS __tests__/api/rh/dashboard.test.ts
  ÔùÅ Console

    console.log
      [dotenv@17.2.3] injecting env (0) from .env.test -- tip: ­ƒùé´©Å backup and recover secrets: https://dotenvx.com/ops

      at _log (node_modules/.pnpm/dotenv@17.2.3/node_modules/dotenv/lib/main.js:142:11)

    console.log
      ­ƒøí´©Å [jest.setup] Removendo DATABASE_URL do ambiente de testes (valor n├úo importa)

      at Object.<anonymous> (__tests__/config/jest.setup.js:125:17)

    console.log
      ­ƒøí´©Å [jest.setup] Prote├º├úo do banco de testes ativada - usando: nr-bps_db_test

      at Object.<anonymous> (__tests__/config/jest.setup.js:150:13)

RBAC seed applied to test database
RBAC seed applied to test database
RBAC seed applied to test database
PASS __tests__/lib/validacoes-contratacao.test.ts
  ÔùÅ Console

    console.log
      [dotenv@17.2.3] injecting env (0) from .env.test -- tip: ÔÜÖ´©Å  override existing env vars with { override: true }

      at _log (node_modules/.pnpm/dotenv@17.2.3/node_modules/dotenv/lib/main.js:142:11)

    console.log
      ­ƒøí´©Å [jest.setup] Removendo DATABASE_URL do ambiente de testes (valor n├úo importa)

      at Object.<anonymous> (__tests__/config/jest.setup.js:125:17)

    console.log
      ­ƒøí´©Å [jest.setup] Prote├º├úo do banco de testes ativada - usando: nr-bps_db_test

      at Object.<anonymous> (__tests__/config/jest.setup.js:150:13)

FAIL __tests__/rh/lotes-avaliacao.test.tsx
  ÔùÅ Console

    console.log
      [dotenv@17.2.3] injecting env (0) from .env.test -- tip: ­ƒùé´©Å backup and recover secrets: https://dotenvx.com/ops

      at _log (node_modules/.pnpm/dotenv@17.2.3/node_modules/dotenv/lib/main.js:142:11)

    console.log
      ­ƒøí´©Å [jest.setup] Removendo DATABASE_URL do ambiente de testes (valor n├úo importa)

      at Object.<anonymous> (__tests__/config/jest.setup.js:125:17)

    console.log
      ­ƒøí´©Å [jest.setup] Prote├º├úo do banco de testes ativada - usando: nr-bps_db_test

      at Object.<anonymous> (__tests__/config/jest.setup.js:150:13)

  ÔùÅ RH Empresa Dashboard - Sistema de Lotes ÔÇ║ Se├º├úo de In├¡cio de Ciclo ÔÇ║ deve abrir modal ao clicar em Iniciar Ciclo

    TestingLibraryElementError: Unable to find an element with the text: /Libere um novo lote de avalia├º├Áes para come├ºar\.|Crie um novo ciclo de coletas avaliativas para/. This could be because the text is broken up by multiple elements. In this case, you can provide a function for your text matcher to make your matcher more flexible.

    Ignored nodes: comments, script, style
    <body>
      <div>
        <div>
          <main
            class="flex-1 container mx-auto px-4 py-6"
          >
            <div
              class="flex flex-col sm:flex-row sm:items-center sm:justify-between gap-4 mb-6"
            >
              <div>
                <div
                  class="flex items-center gap-3 mb-2"
                >
                  <button
                    class="flex items-center gap-2 bg-white hover:bg-gray-50 text-gray-700 px-3 py-2 rounded-lg border border-gray-200 transition-colors text-sm"
                  >
                    ÔåÉ Voltar
                  </button>
                  <h1
                    class="text-2xl font-bold text-gray-800"
                  >
                    Dashboard 
                    Ind├║stria Metal├║rgica S├úo Paulo
                  </h1>
                </div>
                <p
                  class="text-sm text-gray-600"
                >
                  An├ílise das avalia├º├Áes psicossociais
                </p>
              </div>
              <button
                class="bg-red-500 hover:bg-red-600 text-white px-4 py-2 rounded-lg font-medium transition-colors text-sm"
              >
                Sair
              </button>
            </div>
            <div
              class="mb-6"
            >
              <div
                class="border-b border-gray-200"
              >
                <nav
                  class="-mb-px flex space-x-8"
                >
                  <button
                    class="py-2 px-1 border-b-2 font-medium text-sm relative border-primary text-primary"
                  >
                    ­ƒôï Ciclos de Coletas Avaliativas
                  </button>
                  <button
                    class="py-2 px-1 border-b-2 font-medium text-sm relative border-transparent text-gray-500 hover:text-gray-700 hover:border-gray-300"
                  >
                    ­ƒôä Laudos
                  </button>
                  <button
                    class="py-2 px-1 border-b-2 font-medium text-sm relative border-transparent text-gray-500 hover:text-gray-700 hover:border-gray-300"
                  >
                    ­ƒæÑ Funcion├írios Ativos
                  </button>
                  <button
                    class="py-2 px-1 border-b-2 font-medium text-sm relative border-transparent text-gray-500 hover:text-gray-700 hover:border-gray-300"
                  >
                    ­ƒÜ¬ Desligamentos
                  </button>
                </nav>
              </div>
            </div>
            <div
              class="space-y-6"
            >
              <div
                class="bg-white rounded-lg shadow-sm p-6"
              >
                <div
                  class="flex justify-between items-center mb-6"
                >
                  <div>
                    <h3
                      class="text-lg font-semibold text-gray-800"
                    >
                      Ciclos de Coletas Avaliativas
                    </h3>
                    <p
                      class="text-sm text-gray-600 mt-1"
                    >
                      Gerencie os ciclos de coletas avaliativas da empresa
                    </p>
                  </div>
                  <button
                    class="inline-flex items-center gap-2 bg-primary text-white px-4 py-2 rounded-lg hover:bg-primary-hover transition-colors font-medium"
                  >
                    ­ƒÜÇ Iniciar Novo Ciclo
                  </button>
                </div>
                <div
                  class="grid grid-cols-1 md:grid-cols-2 lg:grid-cols-3 gap-6 max-h-[60vh] lg:max-h-none overflow-y-auto lotes-grid"
                >
                  <div
                    aria-label="Ver detalhes do lote 1"
                    class="bg-gray-50 rounded-lg p-5 border border-gray-200 hover:shadow-lg hover:border-primary transition-all cursor-pointer"
                    role="button"
                    tabindex="0"
                  >
                    <div
                      class="mb-4"
                    >
                      <div
                        class="flex items-center justify-between mb-1"
                      >
                        <h5
                          class="font-semibold text-gray-800 text-base"
                        >
                          Lote ID: 
                          1
                        </h5>
                      </div>
                      <p
                        class="text-sm text-gray-600"
                      >
                        Empresa: 
                        N/A
                      </p>
                      <p
                        class="text-xs text-gray-500"
                      >
                        Liberado em
                         
                        29/11/2025
                         ├ás
                         
                        07:00
                      </p>
                    </div>
                    <div
                      class="space-y-2 mb-4"
                    >
                      <div
                        class="flex justify-between text-sm"
                      >
                        <span>
                          Avalia├º├Áes liberadas:
                        </span>
                        <span
                          class="font-medium"
                        >
                          5
                        </span>
                      </div>
                      <div
                        class="flex justify-between text-sm"
                      >
                        <span>
                          Conclu├¡das:
                        </span>
                    ...

      212 |       // Texto descritivo atual
      213 |       expect(
    > 214 |         screen.getByText(
          |                ^
      215 |           /Libere um novo lote de avalia├º├Áes para come├ºar\.|Crie um novo ciclo de coletas avaliativas para/
      216 |         )
      217 |       ).toBeInTheDocument();

      at Object.getElementError (node_modules/.pnpm/@testing-library+dom@10.4.1/node_modules/@testing-library/dom/dist/config.js:37:19)
      at node_modules/.pnpm/@testing-library+dom@10.4.1/node_modules/@testing-library/dom/dist/query-helpers.js:76:38
      at node_modules/.pnpm/@testing-library+dom@10.4.1/node_modules/@testing-library/dom/dist/query-helpers.js:52:17
      at node_modules/.pnpm/@testing-library+dom@10.4.1/node_modules/@testing-library/dom/dist/query-helpers.js:95:19
      at Object.getByText (__tests__/rh/lotes-avaliacao.test.tsx:214:16)

  ÔùÅ RH Empresa Dashboard - Sistema de Lotes ÔÇ║ Se├º├úo de In├¡cio de Ciclo ÔÇ║ deve permitir preenchimento do formul├írio

    TestingLibraryElementError: Unable to find an element with the placeholder text of: /Ex: Avalia├º├úo/

    Ignored nodes: comments, script, style
    <body>
      <div>
        <div>
          <main
            class="flex-1 container mx-auto px-4 py-6"
          >
            <div
              class="flex flex-col sm:flex-row sm:items-center sm:justify-between gap-4 mb-6"
            >
              <div>
                <div
                  class="flex items-center gap-3 mb-2"
                >
                  <button
                    class="flex items-center gap-2 bg-white hover:bg-gray-50 text-gray-700 px-3 py-2 rounded-lg border border-gray-200 transition-colors text-sm"
                  >
                    ÔåÉ Voltar
                  </button>
                  <h1
                    class="text-2xl font-bold text-gray-800"
                  >
                    Dashboard 
                    Ind├║stria Metal├║rgica S├úo Paulo
                  </h1>
                </div>
                <p
                  class="text-sm text-gray-600"
                >
                  An├ílise das avalia├º├Áes psicossociais
                </p>
              </div>
              <button
                class="bg-red-500 hover:bg-red-600 text-white px-4 py-2 rounded-lg font-medium transition-colors text-sm"
              >
                Sair
              </button>
            </div>
            <div
              class="mb-6"
            >
              <div
                class="border-b border-gray-200"
              >
                <nav
                  class="-mb-px flex space-x-8"
                >
                  <button
                    class="py-2 px-1 border-b-2 font-medium text-sm relative border-primary text-primary"
                  >
                    ­ƒôï Ciclos de Coletas Avaliativas
                  </button>
                  <button
                    class="py-2 px-1 border-b-2 font-medium text-sm relative border-transparent text-gray-500 hover:text-gray-700 hover:border-gray-300"
                  >
                    ­ƒôä Laudos
                  </button>
                  <button
                    class="py-2 px-1 border-b-2 font-medium text-sm relative border-transparent text-gray-500 hover:text-gray-700 hover:border-gray-300"
                  >
                    ­ƒæÑ Funcion├írios Ativos
                  </button>
                  <button
                    class="py-2 px-1 border-b-2 font-medium text-sm relative border-transparent text-gray-500 hover:text-gray-700 hover:border-gray-300"
                  >
                    ­ƒÜ¬ Desligamentos
                  </button>
                </nav>
              </div>
            </div>
            <div
              class="space-y-6"
            >
              <div
                class="bg-white rounded-lg shadow-sm p-6"
              >
                <div
                  class="flex justify-between items-center mb-6"
                >
                  <div>
                    <h3
                      class="text-lg font-semibold text-gray-800"
                    >
                      Ciclos de Coletas Avaliativas
                    </h3>
                    <p
                      class="text-sm text-gray-600 mt-1"
                    >
                      Gerencie os ciclos de coletas avaliativas da empresa
                    </p>
                  </div>
                  <button
                    class="inline-flex items-center gap-2 bg-primary text-white px-4 py-2 rounded-lg hover:bg-primary-hover transition-colors font-medium"
                  >
                    ­ƒÜÇ Iniciar Novo Ciclo
                  </button>
                </div>
                <div
                  class="grid grid-cols-1 md:grid-cols-2 lg:grid-cols-3 gap-6 max-h-[60vh] lg:max-h-none overflow-y-auto lotes-grid"
                >
                  <div
                    aria-label="Ver detalhes do lote 1"
                    class="bg-gray-50 rounded-lg p-5 border border-gray-200 hover:shadow-lg hover:border-primary transition-all cursor-pointer"
                    role="button"
                    tabindex="0"
                  >
                    <div
                      class="mb-4"
                    >
                      <div
                        class="flex items-center justify-between mb-1"
                      >
                        <h5
                          class="font-semibold text-gray-800 text-base"
                        >
                          Lote ID: 
                          1
                        </h5>
                      </div>
                      <p
                        class="text-sm text-gray-600"
                      >
                        Empresa: 
                        N/A
                      </p>
                      <p
                        class="text-xs text-gray-500"
                      >
                        Liberado em
                         
                        29/11/2025
                         ├ás
                         
                        07:00
                      </p>
                    </div>
                    <div
                      class="space-y-2 mb-4"
                    >
                      <div
                        class="flex justify-between text-sm"
                      >
                        <span>
                          Avalia├º├Áes liberadas:
                        </span>
                        <span
                          class="font-medium"
                        >
                          5
                        </span>
                      </div>
                      <div
                        class="flex justify-between text-sm"
                      >
                        <span>
                          Conclu├¡das:
                        </span>
                    ...

      266 |       await user.click(screen.getByText('­ƒÜÇ Iniciar Novo Ciclo'));
      267 |
    > 268 |       const tituloInput = screen.getByPlaceholderText(/Ex: Avalia├º├úo/);
          |                                  ^
      269 |       const descricaoTextarea = screen.getByPlaceholderText(
      270 |         /Adicione informa├º├Áes adicionais/
      271 |       );

      at Object.getElementError (node_modules/.pnpm/@testing-library+dom@10.4.1/node_modules/@testing-library/dom/dist/config.js:37:19)
      at node_modules/.pnpm/@testing-library+dom@10.4.1/node_modules/@testing-library/dom/dist/query-helpers.js:76:38
      at node_modules/.pnpm/@testing-library+dom@10.4.1/node_modules/@testing-library/dom/dist/query-helpers.js:52:17
      at node_modules/.pnpm/@testing-library+dom@10.4.1/node_modules/@testing-library/dom/dist/query-helpers.js:95:19
      at Object.getByPlaceholderText (__tests__/rh/lotes-avaliacao.test.tsx:268:34)

  ÔùÅ RH Empresa Dashboard - Sistema de Lotes ÔÇ║ Integra├º├úo com API de Lotes ÔÇ║ deve chamar API de libera├º├úo de lote corretamente

    TestingLibraryElementError: Unable to find an element with the placeholder text of: /Ex: Avalia├º├úo/

    Ignored nodes: comments, script, style
    <body>
      <div>
        <div>
          <main
            class="flex-1 container mx-auto px-4 py-6"
          >
            <div
              class="flex flex-col sm:flex-row sm:items-center sm:justify-between gap-4 mb-6"
            >
              <div>
                <div
                  class="flex items-center gap-3 mb-2"
                >
                  <button
                    class="flex items-center gap-2 bg-white hover:bg-gray-50 text-gray-700 px-3 py-2 rounded-lg border border-gray-200 transition-colors text-sm"
                  >
                    ÔåÉ Voltar
                  </button>
                  <h1
                    class="text-2xl font-bold text-gray-800"
                  >
                    Dashboard 
                    Ind├║stria Metal├║rgica S├úo Paulo
                  </h1>
                </div>
                <p
                  class="text-sm text-gray-600"
                >
                  An├ílise das avalia├º├Áes psicossociais
                </p>
              </div>
              <button
                class="bg-red-500 hover:bg-red-600 text-white px-4 py-2 rounded-lg font-medium transition-colors text-sm"
              >
                Sair
              </button>
            </div>
            <div
              class="mb-6"
            >
              <div
                class="border-b border-gray-200"
              >
                <nav
                  class="-mb-px flex space-x-8"
                >
                  <button
                    class="py-2 px-1 border-b-2 font-medium text-sm relative border-primary text-primary"
                  >
                    ­ƒôï Ciclos de Coletas Avaliativas
                  </button>
                  <button
                    class="py-2 px-1 border-b-2 font-medium text-sm relative border-transparent text-gray-500 hover:text-gray-700 hover:border-gray-300"
                  >
                    ­ƒôä Laudos
                  </button>
                  <button
                    class="py-2 px-1 border-b-2 font-medium text-sm relative border-transparent text-gray-500 hover:text-gray-700 hover:border-gray-300"
                  >
                    ­ƒæÑ Funcion├írios Ativos
                  </button>
                  <button
                    class="py-2 px-1 border-b-2 font-medium text-sm relative border-transparent text-gray-500 hover:text-gray-700 hover:border-gray-300"
                  >
                    ­ƒÜ¬ Desligamentos
                  </button>
                </nav>
              </div>
            </div>
            <div
              class="space-y-6"
            >
              <div
                class="bg-white rounded-lg shadow-sm p-6"
              >
                <div
                  class="flex justify-between items-center mb-6"
                >
                  <div>
                    <h3
                      class="text-lg font-semibold text-gray-800"
                    >
                      Ciclos de Coletas Avaliativas
                    </h3>
                    <p
                      class="text-sm text-gray-600 mt-1"
                    >
                      Gerencie os ciclos de coletas avaliativas da empresa
                    </p>
                  </div>
                  <button
                    class="inline-flex items-center gap-2 bg-primary text-white px-4 py-2 rounded-lg hover:bg-primary-hover transition-colors font-medium"
                  >
                    ­ƒÜÇ Iniciar Novo Ciclo
                  </button>
                </div>
                <div
                  class="grid grid-cols-1 md:grid-cols-2 lg:grid-cols-3 gap-6 max-h-[60vh] lg:max-h-none overflow-y-auto lotes-grid"
                >
                  <div
                    aria-label="Ver detalhes do lote 1"
                    class="bg-gray-50 rounded-lg p-5 border border-gray-200 hover:shadow-lg hover:border-primary transition-all cursor-pointer"
                    role="button"
                    tabindex="0"
                  >
                    <div
                      class="mb-4"
                    >
                      <div
                        class="flex items-center justify-between mb-1"
                      >
                        <h5
                          class="font-semibold text-gray-800 text-base"
                        >
                          Lote ID: 
                          1
                        </h5>
                      </div>
                      <p
                        class="text-sm text-gray-600"
                      >
                        Empresa: 
                        N/A
                      </p>
                      <p
                        class="text-xs text-gray-500"
                      >
                        Liberado em
                         
                        29/11/2025
                         ├ás
                         
                        07:00
                      </p>
                    </div>
                    <div
                      class="space-y-2 mb-4"
                    >
                      <div
                        class="flex justify-between text-sm"
                      >
                        <span>
                          Avalia├º├Áes liberadas:
                        </span>
                        <span
                          class="font-medium"
                        >
                          5
                        </span>
                      </div>
                      <div
                        class="flex justify-between text-sm"
                      >
                        <span>
                          Conclu├¡das:
                        </span>
                    ...

      290 |       await user.click(screen.getByText('­ƒÜÇ Iniciar Novo Ciclo'));
      291 |
    > 292 |       const tituloInput = screen.getByPlaceholderText(/Ex: Avalia├º├úo/);
          |                                  ^
      293 |       await user.type(tituloInput, 'Novo Ciclo Criado');
      294 |
      295 |       await user.click(screen.getByRole('button', { name: /Iniciar Ciclo/ }));

      at Object.getElementError (node_modules/.pnpm/@testing-library+dom@10.4.1/node_modules/@testing-library/dom/dist/config.js:37:19)
      at node_modules/.pnpm/@testing-library+dom@10.4.1/node_modules/@testing-library/dom/dist/query-helpers.js:76:38
      at node_modules/.pnpm/@testing-library+dom@10.4.1/node_modules/@testing-library/dom/dist/query-helpers.js:52:17
      at node_modules/.pnpm/@testing-library+dom@10.4.1/node_modules/@testing-library/dom/dist/query-helpers.js:95:19
      at Object.getByPlaceholderText (__tests__/rh/lotes-avaliacao.test.tsx:292:34)

  ÔùÅ RH Empresa Dashboard - Sistema de Lotes ÔÇ║ Integra├º├úo com API de Lotes ÔÇ║ deve Iniciar Ciclo com sucesso

    TestingLibraryElementError: Unable to find an element with the placeholder text of: /Ex: Avalia├º├úo/

    Ignored nodes: comments, script, style
    <body>
      <div>
        <div>
          <main
            class="flex-1 container mx-auto px-4 py-6"
          >
            <div
              class="flex flex-col sm:flex-row sm:items-center sm:justify-between gap-4 mb-6"
            >
              <div>
                <div
                  class="flex items-center gap-3 mb-2"
                >
                  <button
                    class="flex items-center gap-2 bg-white hover:bg-gray-50 text-gray-700 px-3 py-2 rounded-lg border border-gray-200 transition-colors text-sm"
                  >
                    ÔåÉ Voltar
                  </button>
                  <h1
                    class="text-2xl font-bold text-gray-800"
                  >
                    Dashboard 
                    Ind├║stria Metal├║rgica S├úo Paulo
                  </h1>
                </div>
                <p
                  class="text-sm text-gray-600"
                >
                  An├ílise das avalia├º├Áes psicossociais
                </p>
              </div>
              <button
                class="bg-red-500 hover:bg-red-600 text-white px-4 py-2 rounded-lg font-medium transition-colors text-sm"
              >
                Sair
              </button>
            </div>
            <div
              class="mb-6"
            >
              <div
                class="border-b border-gray-200"
              >
                <nav
                  class="-mb-px flex space-x-8"
                >
                  <button
                    class="py-2 px-1 border-b-2 font-medium text-sm relative border-primary text-primary"
                  >
                    ­ƒôï Ciclos de Coletas Avaliativas
                  </button>
                  <button
                    class="py-2 px-1 border-b-2 font-medium text-sm relative border-transparent text-gray-500 hover:text-gray-700 hover:border-gray-300"
                  >
                    ­ƒôä Laudos
                  </button>
                  <button
                    class="py-2 px-1 border-b-2 font-medium text-sm relative border-transparent text-gray-500 hover:text-gray-700 hover:border-gray-300"
                  >
                    ­ƒæÑ Funcion├írios Ativos
                  </button>
                  <button
                    class="py-2 px-1 border-b-2 font-medium text-sm relative border-transparent text-gray-500 hover:text-gray-700 hover:border-gray-300"
                  >
                    ­ƒÜ¬ Desligamentos
                  </button>
                </nav>
              </div>
            </div>
            <div
              class="space-y-6"
            >
              <div
                class="bg-white rounded-lg shadow-sm p-6"
              >
                <div
                  class="flex justify-between items-center mb-6"
                >
                  <div>
                    <h3
                      class="text-lg font-semibold text-gray-800"
                    >
                      Ciclos de Coletas Avaliativas
                    </h3>
                    <p
                      class="text-sm text-gray-600 mt-1"
                    >
                      Gerencie os ciclos de coletas avaliativas da empresa
                    </p>
                  </div>
                  <button
                    class="inline-flex items-center gap-2 bg-primary text-white px-4 py-2 rounded-lg hover:bg-primary-hover transition-colors font-medium"
                  >
                    ­ƒÜÇ Iniciar Novo Ciclo
                  </button>
                </div>
                <div
                  class="grid grid-cols-1 md:grid-cols-2 lg:grid-cols-3 gap-6 max-h-[60vh] lg:max-h-none overflow-y-auto lotes-grid"
                >
                  <div
                    aria-label="Ver detalhes do lote 1"
                    class="bg-gray-50 rounded-lg p-5 border border-gray-200 hover:shadow-lg hover:border-primary transition-all cursor-pointer"
                    role="button"
                    tabindex="0"
                  >
                    <div
                      class="mb-4"
                    >
                      <div
                        class="flex items-center justify-between mb-1"
                      >
                        <h5
                          class="font-semibold text-gray-800 text-base"
                        >
                          Lote ID: 
                          1
                        </h5>
                      </div>
                      <p
                        class="text-sm text-gray-600"
                      >
                        Empresa: 
                        N/A
                      </p>
                      <p
                        class="text-xs text-gray-500"
                      >
                        Liberado em
                         
                        29/11/2025
                         ├ás
                         
                        07:00
                      </p>
                    </div>
                    <div
                      class="space-y-2 mb-4"
                    >
                      <div
                        class="flex justify-between text-sm"
                      >
                        <span>
                          Avalia├º├Áes liberadas:
                        </span>
                        <span
                          class="font-medium"
                        >
                          5
                        </span>
                      </div>
                      <div
                        class="flex justify-between text-sm"
                      >
                        <span>
                          Conclu├¡das:
                        </span>
                    ...

      319 |       await user.click(screen.getByText('­ƒÜÇ Iniciar Novo Ciclo'));
      320 |
    > 321 |       const tituloInput = screen.getByPlaceholderText(/Ex: Avalia├º├úo/);
          |                                  ^
      322 |       await user.type(tituloInput, 'Novo Ciclo Criado');
      323 |
      324 |       // N├úo h├í sele├º├úo de empresa (estamos em contexto de empresa espec├¡fica)

      at Object.getElementError (node_modules/.pnpm/@testing-library+dom@10.4.1/node_modules/@testing-library/dom/dist/config.js:37:19)
      at node_modules/.pnpm/@testing-library+dom@10.4.1/node_modules/@testing-library/dom/dist/query-helpers.js:76:38
      at node_modules/.pnpm/@testing-library+dom@10.4.1/node_modules/@testing-library/dom/dist/query-helpers.js:52:17
      at node_modules/.pnpm/@testing-library+dom@10.4.1/node_modules/@testing-library/dom/dist/query-helpers.js:95:19
      at Object.getByPlaceholderText (__tests__/rh/lotes-avaliacao.test.tsx:321:34)

RBAC seed applied to test database
FAIL __tests__/api/rh/lotes-avaliacoes-reset.test.ts
  ÔùÅ Console

    console.log
      [dotenv@17.2.3] injecting env (0) from .env.test -- tip: ­ƒùé´©Å backup and recover secrets: https://dotenvx.com/ops

      at _log (node_modules/.pnpm/dotenv@17.2.3/node_modules/dotenv/lib/main.js:142:11)

    console.log
      ­ƒøí´©Å [jest.setup] Removendo DATABASE_URL do ambiente de testes (valor n├úo importa)

      at Object.<anonymous> (__tests__/config/jest.setup.js:125:17)

    console.log
      ­ƒøí´©Å [jest.setup] Prote├º├úo do banco de testes ativada - usando: nr-bps_db_test

      at Object.<anonymous> (__tests__/config/jest.setup.js:150:13)

  ÔùÅ /api/rh/lotes/[id]/avaliacoes/[avaliacaoId]/reset ÔÇ║ POST - Resetar avalia├º├úo ÔÇ║ deve permitir reset se lote estiver conclu├¡do mas emiss├úo N├âO foi solicitada

    expect(received).toBe(expected) // Object.is equality

    Expected: 200
    Received: 404

      191 |       });
      192 |
    > 193 |       expect(response.status).toBe(200);
          |                               ^
      194 |       const data = await response.json();
      195 |       expect(data.success).toBe(true);
      196 |       expect(data.message).toContain('resetada com sucesso');

      at Object.toBe (__tests__/api/rh/lotes-avaliacoes-reset.test.ts:193:31)

  ÔùÅ /api/rh/lotes/[id]/avaliacoes/[avaliacaoId]/reset ÔÇ║ POST - Resetar avalia├º├úo ÔÇ║ deve rejeitar se lote estiver conclu├¡do e emiss├úo foi solicitada

    expect(received).toBe(expected) // Object.is equality

    Expected: 409
    Received: 404

      239 |       });
      240 |
    > 241 |       expect(response.status).toBe(409);
          |                               ^
      242 |       const data = await response.json();
      243 |       expect(data.error).toContain('emiss├úo j├í foi solicitada');
      244 |     });

      at Object.toBe (__tests__/api/rh/lotes-avaliacoes-reset.test.ts:241:31)

  ÔùÅ /api/rh/lotes/[id]/avaliacoes/[avaliacaoId]/reset ÔÇ║ POST - Resetar avalia├º├úo ÔÇ║ deve rejeitar se avalia├º├úo j├í foi resetada

    expect(received).toBe(expected) // Object.is equality

    Expected: 409
    Received: 404

      293 |       });
      294 |
    > 295 |       expect(response.status).toBe(409);
          |                               ^
      296 |       const data = await response.json();
      297 |       expect(data.error).toContain('j├í foi resetada anteriormente');
      298 |     });

      at Object.toBe (__tests__/api/rh/lotes-avaliacoes-reset.test.ts:295:31)

  ÔùÅ /api/rh/lotes/[id]/avaliacoes/[avaliacaoId]/reset ÔÇ║ POST - Resetar avalia├º├úo ÔÇ║ deve rejeitar se lote foi enviado ao emissor

    expect(received).toBe(expected) // Object.is equality

    Expected: 409
    Received: 500

      359 |       });
      360 |
    > 361 |       expect(response.status).toBe(409);
          |                               ^
      362 |       const data = await response.json();
      363 |       expect(data.error).toContain('enviado ao emissor');
      364 |     });

      at Object.toBe (__tests__/api/rh/lotes-avaliacoes-reset.test.ts:361:31)

  ÔùÅ /api/rh/lotes/[id]/avaliacoes/[avaliacaoId]/reset ÔÇ║ POST - Resetar avalia├º├úo ÔÇ║ deve registrar auditoria ap├│s reset bem-sucedido

    expect(received).toBe(expected) // Object.is equality

    Expected: 200
    Received: 500

      413 |       });
      414 |
    > 415 |       expect(response.status).toBe(200);
          |                               ^
      416 |
      417 |       // Verificar que audit log foi inserido
      418 |       const auditCalls = mockQuery.mock.calls.filter((call: unknown[]) =>

      at Object.toBe (__tests__/api/rh/lotes-avaliacoes-reset.test.ts:415:31)

PASS __tests__/emissor/rastreabilidade-emissao-manual.test.ts
  ÔùÅ Console

    console.log
      [dotenv@17.2.3] injecting env (0) from .env.test -- tip: ­ƒôí add observability to secrets: https://dotenvx.com/ops

      at _log (node_modules/.pnpm/dotenv@17.2.3/node_modules/dotenv/lib/main.js:142:11)

    console.log
      ­ƒøí´©Å [jest.setup] Removendo DATABASE_URL do ambiente de testes (valor n├úo importa)

      at Object.<anonymous> (__tests__/config/jest.setup.js:125:17)

    console.log
      ­ƒøí´©Å [jest.setup] Prote├º├úo do banco de testes ativada - usando: nr-bps_db_test

      at Object.<anonymous> (__tests__/config/jest.setup.js:150:13)

    console.log
      ­ƒöî [lib/db.ts] Conectado ao banco: nr-bps_db_test @ localhost (ambiente: test)

      at Object.log (lib/db.ts:673:15)

    console.log
      [dotenv@17.2.3] injecting env (1) from .env.test -- tip: ­ƒæÑ sync secrets across teammates & machines: https://dotenvx.com/ops

      at _log (node_modules/.pnpm/dotenv@17.2.3/node_modules/dotenv/lib/main.js:142:11)

FAIL __tests__/integration/fluxo-completo-personalizado.test.ts
  ÔùÅ Console

    console.log
      [dotenv@17.2.3] injecting env (0) from .env.test -- tip: ­ƒôí add observability to secrets: https://dotenvx.com/ops

      at _log (node_modules/.pnpm/dotenv@17.2.3/node_modules/dotenv/lib/main.js:142:11)

    console.log
      ­ƒøí´©Å [jest.setup] Removendo DATABASE_URL do ambiente de testes (valor n├úo importa)

      at Object.<anonymous> (__tests__/config/jest.setup.js:125:17)

    console.log
      ­ƒøí´©Å [jest.setup] Prote├º├úo do banco de testes ativada - usando: nr-bps_db_test

      at Object.<anonymous> (__tests__/config/jest.setup.js:150:13)

    console.log
      ­ƒöî [lib/db.ts] Conectado ao banco: nr-bps_db_test @ localhost (ambiente: test)

      at Object.log (lib/db.ts:673:15)

  ÔùÅ Fluxo Completo - Plano Personalizado ÔÇ║ deve completar todo o fluxo: cadastro ÔåÆ aprova├º├úo admin ÔåÆ pagamento ÔåÆ login

    error: coluna "tomador_id" n├úo existe

      487 |         // No session: just execute the query normally
      488 |         try {
    > 489 |           const result = await client.query(text, params);
          |                          ^
      490 |           const duration = Date.now() - start;
      491 |
      492 |           // Log apenas queries lentas (>500ms)

      at node_modules/.pnpm/pg@8.16.3/node_modules/pg/lib/client.js:545:17
      at query (lib/db.ts:489:26)
      at Object.<anonymous> (__tests__/integration/fluxo-completo-personalizado.test.ts:60:5)


  ÔùÅ Test suite failed to run

    error: coluna "tomador_id" n├úo existe

      487 |         // No session: just execute the query normally
      488 |         try {
    > 489 |           const result = await client.query(text, params);
          |                          ^
      490 |           const duration = Date.now() - start;
      491 |
      492 |           // Log apenas queries lentas (>500ms)

      at node_modules/.pnpm/pg@8.16.3/node_modules/pg/lib/client.js:545:17
      at query (lib/db.ts:489:26)
      at Object.<anonymous> (__tests__/integration/fluxo-completo-personalizado.test.ts:84:5)

RBAC seed applied to test database
RBAC seed applied to test database
RBAC seed applied to test database
RBAC seed applied to test database
FAIL __tests__/api/cobranca-dashboard.test.ts
  ÔùÅ Console

    console.log
      [dotenv@17.2.3] injecting env (0) from .env.test -- tip: ­ƒæÑ sync secrets across teammates & machines: https://dotenvx.com/ops

      at _log (node_modules/.pnpm/dotenv@17.2.3/node_modules/dotenv/lib/main.js:142:11)

    console.log
      ­ƒøí´©Å [jest.setup] Removendo DATABASE_URL do ambiente de testes (valor n├úo importa)

      at Object.<anonymous> (__tests__/config/jest.setup.js:125:17)

    console.log
      ­ƒøí´©Å [jest.setup] Prote├º├úo do banco de testes ativada - usando: nr-bps_db_test

      at Object.<anonymous> (__tests__/config/jest.setup.js:150:13)

    console.log
      ­ƒöî [lib/db.ts] Conectado ao banco: nr-bps_db_test @ localhost (ambiente: test)

      at Object.log (lib/db.ts:673:15)

  ÔùÅ API Dashboard de Cobran├ºa ÔÇ║ GET /api/admin/cobranca/dashboard ÔÇ║ deve retornar m├®tricas gerais de cobran├ºa

    error: a nova linha da rela├º├úo "pagamentos" viola a restri├º├úo de verifica├º├úo "pagamentos_entidade_or_clinica_check"

      487 |         // No session: just execute the query normally
      488 |         try {
    > 489 |           const result = await client.query(text, params);
          |                          ^
      490 |           const duration = Date.now() - start;
      491 |
      492 |           // Log apenas queries lentas (>500ms)

      at node_modules/.pnpm/pg@8.16.3/node_modules/pg/lib/client.js:545:17
      at query (lib/db.ts:489:26)
      at Object.<anonymous> (__tests__/api/cobranca-dashboard.test.ts:99:18)

  ÔùÅ API Dashboard de Cobran├ºa ÔÇ║ GET /api/admin/cobranca/dashboard ÔÇ║ deve calcular m├®tricas corretamente

    error: a nova linha da rela├º├úo "pagamentos" viola a restri├º├úo de verifica├º├úo "pagamentos_entidade_or_clinica_check"

      487 |         // No session: just execute the query normally
      488 |         try {
    > 489 |           const result = await client.query(text, params);
          |                          ^
      490 |           const duration = Date.now() - start;
      491 |
      492 |           // Log apenas queries lentas (>500ms)

      at node_modules/.pnpm/pg@8.16.3/node_modules/pg/lib/client.js:545:17
      at query (lib/db.ts:489:26)
      at Object.<anonymous> (__tests__/api/cobranca-dashboard.test.ts:99:18)

  ÔùÅ API Dashboard de Cobran├ºa ÔÇ║ GET /api/admin/cobranca/dashboard ÔÇ║ deve calcular taxa de inadimpl├¬ncia

    error: a nova linha da rela├º├úo "pagamentos" viola a restri├º├úo de verifica├º├úo "pagamentos_entidade_or_clinica_check"

      487 |         // No session: just execute the query normally
      488 |         try {
    > 489 |           const result = await client.query(text, params);
          |                          ^
      490 |           const duration = Date.now() - start;
      491 |
      492 |           // Log apenas queries lentas (>500ms)

      at node_modules/.pnpm/pg@8.16.3/node_modules/pg/lib/client.js:545:17
      at query (lib/db.ts:489:26)
      at Object.<anonymous> (__tests__/api/cobranca-dashboard.test.ts:99:18)

  ÔùÅ API Dashboard de Cobran├ºa ÔÇ║ GET /api/admin/cobranca/dashboard ÔÇ║ deve retornar lista de parcelas vencidas

    error: a nova linha da rela├º├úo "pagamentos" viola a restri├º├úo de verifica├º├úo "pagamentos_entidade_or_clinica_check"

      487 |         // No session: just execute the query normally
      488 |         try {
    > 489 |           const result = await client.query(text, params);
          |                          ^
      490 |           const duration = Date.now() - start;
      491 |
      492 |           // Log apenas queries lentas (>500ms)

      at node_modules/.pnpm/pg@8.16.3/node_modules/pg/lib/client.js:545:17
      at query (lib/db.ts:489:26)
      at Object.<anonymous> (__tests__/api/cobranca-dashboard.test.ts:99:18)

  ÔùÅ API Dashboard de Cobran├ºa ÔÇ║ GET /api/admin/cobranca/dashboard ÔÇ║ deve retornar pr├│ximos vencimentos

    error: a nova linha da rela├º├úo "pagamentos" viola a restri├º├úo de verifica├º├úo "pagamentos_entidade_or_clinica_check"

      487 |         // No session: just execute the query normally
      488 |         try {
    > 489 |           const result = await client.query(text, params);
          |                          ^
      490 |           const duration = Date.now() - start;
      491 |
      492 |           // Log apenas queries lentas (>500ms)

      at node_modules/.pnpm/pg@8.16.3/node_modules/pg/lib/client.js:545:17
      at query (lib/db.ts:489:26)
      at Object.<anonymous> (__tests__/api/cobranca-dashboard.test.ts:99:18)

  ÔùÅ API Dashboard de Cobran├ºa ÔÇ║ GET /api/admin/cobranca/dashboard ÔÇ║ deve retornar lista de inadimplentes

    error: a nova linha da rela├º├úo "pagamentos" viola a restri├º├úo de verifica├º├úo "pagamentos_entidade_or_clinica_check"

      487 |         // No session: just execute the query normally
      488 |         try {
    > 489 |           const result = await client.query(text, params);
          |                          ^
      490 |           const duration = Date.now() - start;
      491 |
      492 |           // Log apenas queries lentas (>500ms)

      at node_modules/.pnpm/pg@8.16.3/node_modules/pg/lib/client.js:545:17
      at query (lib/db.ts:489:26)
      at Object.<anonymous> (__tests__/api/cobranca-dashboard.test.ts:99:18)

  ÔùÅ API Dashboard de Cobran├ºa ÔÇ║ GET /api/admin/cobranca/dashboard ÔÇ║ deve limitar resultados conforme especificado

    error: a nova linha da rela├º├úo "pagamentos" viola a restri├º├úo de verifica├º├úo "pagamentos_entidade_or_clinica_check"

      487 |         // No session: just execute the query normally
      488 |         try {
    > 489 |           const result = await client.query(text, params);
          |                          ^
      490 |           const duration = Date.now() - start;
      491 |
      492 |           // Log apenas queries lentas (>500ms)

      at node_modules/.pnpm/pg@8.16.3/node_modules/pg/lib/client.js:545:17
      at query (lib/db.ts:489:26)
      at Object.<anonymous> (__tests__/api/cobranca-dashboard.test.ts:99:18)

  ÔùÅ API Dashboard de Cobran├ºa ÔÇ║ GET /api/admin/cobranca/dashboard ÔÇ║ deve retornar valores num├®ricos corretos

    error: a nova linha da rela├º├úo "pagamentos" viola a restri├º├úo de verifica├º├úo "pagamentos_entidade_or_clinica_check"

      487 |         // No session: just execute the query normally
      488 |         try {
    > 489 |           const result = await client.query(text, params);
          |                          ^
      490 |           const duration = Date.now() - start;
      491 |
      492 |           // Log apenas queries lentas (>500ms)

      at node_modules/.pnpm/pg@8.16.3/node_modules/pg/lib/client.js:545:17
      at query (lib/db.ts:489:26)
      at Object.<anonymous> (__tests__/api/cobranca-dashboard.test.ts:99:18)

  ÔùÅ API Dashboard de Cobran├ºa ÔÇ║ GET /api/admin/cobranca/dashboard ÔÇ║ deve incluir tomador com parcela vencida na lista de inadimplentes

    error: a nova linha da rela├º├úo "pagamentos" viola a restri├º├úo de verifica├º├úo "pagamentos_entidade_or_clinica_check"

      487 |         // No session: just execute the query normally
      488 |         try {
    > 489 |           const result = await client.query(text, params);
          |                          ^
      490 |           const duration = Date.now() - start;
      491 |
      492 |           // Log apenas queries lentas (>500ms)

      at node_modules/.pnpm/pg@8.16.3/node_modules/pg/lib/client.js:545:17
      at query (lib/db.ts:489:26)
      at Object.<anonymous> (__tests__/api/cobranca-dashboard.test.ts:99:18)


  ÔùÅ Test suite failed to run

    error: n├úo ├® poss├¡vel excluir da vis├úo "tomadores"

      487 |         // No session: just execute the query normally
      488 |         try {
    > 489 |           const result = await client.query(text, params);
          |                          ^
      490 |           const duration = Date.now() - start;
      491 |
      492 |           // Log apenas queries lentas (>500ms)

      at node_modules/.pnpm/pg@8.16.3/node_modules/pg/lib/client.js:545:17
      at query (lib/db.ts:489:26)
      at Object.<anonymous> (__tests__/api/cobranca-dashboard.test.ts:138:5)

RBAC seed applied to test database
FAIL __tests__/integration/validacao-lote-bloqueante.test.ts
  ÔùÅ Test suite failed to run


      x Unterminated block comment
         ,-[C:\apps\QWork\__tests__\integration\validacao-lote-bloqueante.test.ts:1:1]
       1 | ,-> /**
       2 | |    * Teste de valida├º├úo de lote bloqueante
       3 | |    *
       4 | |    * Verifica que um lote s├│ pode ter laudo emitido quando:
       5 | |    * 1. Todas as avalia├º├Áes est├úo em estado final ('concluida' ou 'inativada')
       6 | |    * 2. Existe pelo menos uma avalia├º├úo conclu├¡da
       7 | |    * 3. O lote est├í em status 'concluido'
       8 | |    *
       9 | |    * IMPORTANTE: Laudo tem id = lote_id (rela├º├úo 1:1 por constraint)
      10 | |   
      11 | |   describe('Valida├º├úo de Lote Bloqueante', () => {
      12 | |     let clinicaId: number;
      13 | |     let empresaId: number;
      14 | |     let emissorCpf: string;
      15 | |   
      16 | |     beforeAll(async () => {
      17 | |       // Desabilitar triggers temporariamente para setup r├ípido
      18 | |       await query(`SET session_replication_role = 'replica'`);
      19 | |   
      20 | |       const timestamp = Date.now();
      21 | |       const clinicaResult = await query(
      22 | |         `INSERT INTO clinicas (nome, cnpj, email, ativa) 
      23 | |          VALUES ($1, $2, $3, true) 
      24 | |          RETURNING id`,
      25 | |         [
      26 | |           `Cl├¡nica Bloq ${timestamp}`,
      27 | |           `${timestamp.toString().slice(-14)}`,
      28 | |           `bloq${timestamp}@test.com`,
      29 | |         ]
      30 | |       );
      31 | |       clinicaId = clinicaResult.rows[0].id;
      32 | |   
      33 | |       const empresaResult = await query(
      34 | |         `INSERT INTO empresas_clientes (nome, cnpj, email, clinica_id, ativa) 
      35 | |          VALUES ($1, $2, $3, $4, true) 
      36 | |          RETURNING id`,
      37 | |         [
      38 | |           `Empresa Bloq ${timestamp}`,
      39 | |           `${(timestamp + 1).toString().slice(-14)}`,
      40 | |           `empresa${timestamp}@test.com`,
      41 | |           clinicaId,
      42 | |         ]
      43 | |       );
      44 | |       empresaId = empresaResult.rows[0].id;
      45 | |   
      46 | |       emissorCpf = '53051173991';
      47 | |   
      48 | |       // Reabilitar triggers para os testes
      49 | |       await query(`SET session_replication_role = 'origin'`);
      50 | |     });
      51 | |   
      52 | |     afterAll(async () => {
      53 | |       await query('DELETE FROM empresas_clientes WHERE id = $1', [empresaId]);
      54 | |       await query('DELETE FROM clinicas WHERE id = $1', [clinicaId]);
      55 | |     });
      56 | |   
      57 | |     describe('Bloqueios por avalia├º├Áes pendentes', () => {
      58 | |       it('n├úo deve permitir emiss├úo com avalia├º├Áes em "iniciada"', async () => {
      59 | |         const maxOrdemResult = await query(
      60 | |           `SELECT COALESCE(MAX(numero_ordem), 0) as max_ordem 
      61 | |            FROM lotes_avaliacao 
      62 | |            WHERE empresa_id = $1`,
      63 | |           [empresaId]
      64 | |         );
      65 | |         const numeroOrdem = maxOrdemResult.rows[0].max_ordem + 1;
      66 | |   
      67 | |         const loteResult = await query(
      68 | |           `INSERT INTO lotes_avaliacao 
      69 | |            (empresa_id, clinica_id, tipo, status, numero_ordem, liberado_por) 
      70 | |            VALUES ($1, $2, 'completo', 'ativo', $3, $4) 
      71 | |            RETURNING id`,
      72 | |           [empresaId, clinicaId, numeroOrdem, emissorCpf]
      73 | |         );
      74 | |         const loteId = loteResult.rows[0].id;
      75 | |   
      76 | |         const cpf1 = String(Math.floor(Math.random() * 100000000000)).padStart(
      77 | |           11,
      78 | |           '0'
      79 | |         );
      80 | |         await query(
      81 | |           `INSERT INTO funcionarios (cpf, nome, empresa_id) 
      82 | |            VALUES ($1, 'Func 1', $2)`,
      83 | |           [cpf1, empresaId]
      84 | |         );
      85 | |   
      86 | |         await query(`SET LOCAL app.current_user_cpf = $1`, [cpf1]);
      87 | |         await query(
      88 | |           `INSERT INTO avaliacoes (lote_id, funcionario_cpf, status, inicio) 
      89 | |            VALUES ($1, $2, 'iniciada', NOW())`,
      90 | |           [loteId, cpf1]
      91 | |         );
      92 | |         await query(`RESET app.current_user_cpf`);
      93 | |   
      94 | |         // Tentar gerar laudo deve falhar
      95 | |         await expect(
      96 | |           gerarLaudoCompletoEmitirPDF(loteId, emissorCpf)
      97 | |         ).rejects.toThrow();
      98 | |   
      99 | |         // Cleanup
     100 | |         await query('DELETE FROM avaliacoes WHERE lote_id = $1', [loteId]);
     101 | |         await query('DELETE FROM lotes_avaliacao WHERE id = $1', [loteId]);
     102 | |         await query('DELETE FROM funcionarios WHERE cpf = $1', [cpf1]);
     103 | |       });
     104 | |   
     105 | |       it('n├úo deve permitir emiss├úo com avalia├º├Áes em "em_andamento"', async () => {
     106 | |         const maxOrdemResult = await query(
     107 | |           `SELECT COALESCE(MAX(numero_ordem), 0) as max_ordem 
     108 | |            FROM lotes_avaliacao 
     109 | |            WHERE empresa_id = $1`,
     110 | |           [empresaId]
     111 | |         );
     112 | |         const numeroOrdem = maxOrdemResult.rows[0].max_ordem + 1;
     113 | |   
     114 | |         const loteResult = await query(
     115 | |           `INSERT INTO lotes_avaliacao 
     116 | |            (empresa_id, clinica_id, tipo, status, numero_ordem, liberado_por) 
     117 | |            VALUES ($1, $2, 'completo', 'ativo', $3, $4) 
     118 | |            RETURNING id`,
     119 | |           [empresaId, clinicaId, numeroOrdem, emissorCpf]
     120 | |         );
     121 | |         const loteId = loteResult.rows[0].id;
     122 | |   
     123 | |         const cpf2 = String(Math.floor(Math.random() * 100000000000)).padStart(
     124 | |           11,
     125 | |           '0'
     126 | |         );
     127 | |         await query(
     128 | |           `INSERT INTO funcionarios (cpf, nome, empresa_id) 
     129 | |            VALUES ($1, 'Func 2', $2)`,
     130 | |           [cpf2, empresaId]
     131 | |         );
     132 | |   
     133 | |         await query(`SET LOCAL app.current_user_cpf = $1`, [cpf2]);
     134 | |         await query(
     135 | |           `INSERT INTO avaliacoes (lote_id, funcionario_cpf, status, inicio) 
     136 | |            VALUES ($1, $2, 'em_andamento', NOW())`,
     137 | |           [loteId, cpf2]
     138 | |         );
     139 | |         await query(`RESET app.current_user_cpf`);
     140 | |   
     141 | |         // Tentar gerar laudo deve falhar
     142 | |         await expect(
     143 | |           gerarLaudoCompletoEmitirPDF(loteId, emissorCpf)
     144 | |         ).rejects.toThrow();
     145 | |   
     146 | |         // Cleanup
     147 | |         await query('DELETE FROM avaliacoes WHERE lote_id = $1', [loteId]);
     148 | |         await query('DELETE FROM lotes_avaliacao WHERE id = $1', [loteId]);
     149 | |         await query('DELETE FROM funcionarios WHERE cpf = $1', [cpf2]);
     150 | |       });
     151 | |     });
     152 | |   
     153 | |     describe('Permiss├Áes corretas', () => {
     154 | |       it('deve permitir emiss├úo com todas avalia├º├Áes conclu├¡das', async () => {
     155 | |         const maxOrdemResult = await query(
     156 | |           `SELECT COALESCE(MAX(numero_ordem), 0) as max_ordem 
     157 | |            FROM lotes_avaliacao 
     158 | |            WHERE empresa_id = $1`,
     159 | |           [empresaId]
     160 | |         );
     161 | |         const numeroOrdem = maxOrdemResult.rows[0].max_ordem + 1;
     162 | |   
     163 | |         const loteResult = await query(
     164 | |           `INSERT INTO lotes_avaliacao 
     165 | |            (empresa_id, clinica_id, tipo, status, numero_ordem, liberado_por) 
     166 | |            VALUES ($1, $2, 'completo', 'ativo', $3, $4) 
     167 | |            RETURNING id`,
     168 | |           [empresaId, clinicaId, numeroOrdem, emissorCpf]
     169 | |         );
     170 | |         const loteId = loteResult.rows[0].id;
     171 | |   
     172 | |         const cpf3 = String(Math.floor(Math.random() * 100000000000)).padStart(
     173 | |           11,
     174 | |           '0'
     175 | |         );
     176 | |         await query(
     177 | |           `INSERT INTO funcionarios (cpf, nome, empresa_id) 
     178 | |            VALUES ($1, 'Func 3', $2)`,
     179 | |           [cpf3, empresaId]
     180 | |         );
     181 | |   
     182 | |         await query(`SET LOCAL app.current_user_cpf = $1`, [cpf3]);
     183 | |         await query(
     184 | |           `INSERT INTO avaliacoes (lote_id, funcionario_cpf, status, inicio, envio) 
     185 | |            VALUES ($1, $2, 'concluida', NOW(), NOW())`,
     186 | |           [loteId, cpf3]
     187 | |         );
     188 | |         await query(`RESET app.current_user_cpf`);
     189 | |   
     190 | |         // Aguardar trigger atualizar lote para 'concluido'
     191 | |         await new Promise((resolve) => setTimeout(resolve, 100));
     192 | |   
     193 | |         // Gerar laudo deve ter sucesso
     194 | |         const laudoId = await gerarLaudoCompletoEmitirPDF(loteId, emissorCpf);
     195 | |         expect(laudoId).toBeDefined();
     196 | |         expect(laudoId).toBe(loteId);
     197 | |   
     198 | |         // Cleanup
     199 | |         await query('DELETE FROM laudos WHERE id = $1', [loteId]);
     200 | |         await query('DELETE FROM avaliacoes WHERE lote_id = $1', [loteId]);
     201 | |         await query('DELETE FROM lotes_avaliacao WHERE id = $1', [loteId]);
     202 | |         await query('DELETE FROM funcionarios WHERE cpf = $1', [cpf3]);
     203 | |       });
     204 | |   
     205 | |       it('deve permitir emiss├úo com mix de conclu├¡das e inativadas', async () => {
     206 | |         const maxOrdemResult = await query(
     207 | |           `SELECT COALESCE(MAX(numero_ordem), 0) as max_ordem 
     208 | |            FROM lotes_avaliacao 
     209 | |            WHERE empresa_id = $1`,
     210 | |           [empresaId]
     211 | |         );
     212 | |         const numeroOrdem = maxOrdemResult.rows[0].max_ordem + 1;
     213 | |   
     214 | |         const loteResult = await query(
     215 | |           `INSERT INTO lotes_avaliacao 
     216 | |            (empresa_id, clinica_id, tipo, status, numero_ordem, liberado_por) 
     217 | |            VALUES ($1, $2, 'completo', 'ativo', $3, $4) 
     218 | |            RETURNING id`,
     219 | |           [empresaId, clinicaId, numeroOrdem, emissorCpf]
     220 | |         );
     221 | |         const loteId = loteResult.rows[0].id;
     222 | |   
     223 | |         const cpf4 = String(Math.floor(Math.random() * 100000000000)).padStart(
     224 | |           11,
     225 | |           '0'
     226 | |         );
     227 | |         const cpf5 = String(Math.floor(Math.random() * 100000000000)).padStart(
     228 | |           11,
     229 | |           '0'
     230 | |         );
     231 | |   
     232 | |         await query(
     233 | |           `INSERT INTO funcionarios (cpf, nome, empresa_id) 
     234 | |            VALUES ($1, 'Func 4', $2), ($3, 'Func 5', $2)`,
     235 | |           [cpf4, empresaId, cpf5]
     236 | |         );
     237 | |   
     238 | |         await query(`SET LOCAL app.current_user_cpf = $1`, [cpf4]);
     239 | |         await query(
     240 | |           `INSERT INTO avaliacoes (lote_id, funcionario_cpf, status, inicio, envio) 
     241 | |            VALUES ($1, $2, 'concluida', NOW(), NOW())`,
     242 | |           [loteId, cpf4]
     243 | |         );
     244 | |         await query(`RESET app.current_user_cpf`);
     245 | |   
     246 | |         await query(`SET LOCAL app.current_user_cpf = $1`, [cpf5]);
     247 | |         await query(
     248 | |           `INSERT INTO avaliacoes (lote_id, funcionario_cpf, status, inicio) 
     249 | |            VALUES ($1, $2, 'inativada', NOW())`,
     250 | |           [loteId, cpf5]
     251 | |         );
     252 | |         await query(`RESET app.current_user_cpf`);
     253 | |   
     254 | |         // Aguardar trigger
     255 | |         await new Promise((resolve) => setTimeout(resolve, 100));
     256 | |   
     257 | |         // Gerar laudo deve ter sucesso
     258 | |         const laudoId = await gerarLaudoCompletoEmitirPDF(loteId, emissorCpf);
     259 | |         expect(laudoId).toBeDefined();
     260 | |   
     261 | |         // Cleanup
     262 | |         await query('DELETE FROM laudos WHERE id = $1', [loteId]);
     263 | |         await query('DELETE FROM avaliacoes WHERE lote_id = $1', [loteId]);
     264 | |         await query('DELETE FROM lotes_avaliacao WHERE id = $1', [loteId]);
     265 | |         await query('DELETE FROM funcionarios WHERE cpf IN ($1, $2)', [
     266 | |           cpf4,
     267 | |           cpf5,
     268 | |         ]);
     269 | |       });
     270 | |     });
     271 | |   
     272 | |     describe('Valida├º├úo de contadores', () => {
     273 | |       it('deve calcular corretamente avaliacoes_totais e avaliacoes_concluidas', async () => {
     274 | |         const maxOrdemResult = await query(
     275 | |           `SELECT COALESCE(MAX(numero_ordem), 0) as max_ordem 
     276 | |            FROM lotes_avaliacao 
     277 | |            WHERE empresa_id = $1`,
     278 | |           [empresaId]
     279 | |         );
     280 | |         const numeroOrdem = maxOrdemResult.rows[0].max_ordem + 1;
     281 | |   
     282 | |         const loteResult = await query(
     283 | |           `INSERT INTO lotes_avaliacao 
     284 | |            (empresa_id, clinica_id, tipo, status, numero_ordem, liberado_por) 
     285 | |            VALUES ($1, $2, 'completo', 'ativo', $3, $4) 
     286 | |            RETURNING id`,
     287 | |           [empresaId, clinicaId, numeroOrdem, emissorCpf]
     288 | |         );
     289 | |         const loteId = loteResult.rows[0].id;
     290 | |   
     291 | |         const cpf6 = String(Math.floor(Math.random() * 100000000000)).padStart(
     292 | |           11,
     293 | |           '0'
     294 | |         );
     295 | |         const cpf7 = String(Math.floor(Math.random() * 100000000000)).padStart(
     296 | |           11,
     297 | |           '0'
     298 | |         );
     299 | |         const cpf8 = String(Math.floor(Math.random() * 100000000000)).padStart(
     300 | |           11,
     301 | |           '0'
     302 | |         );
     303 | |   
     304 | |         await query(
     305 | |           `INSERT INTO funcionarios (cpf, nome, empresa_id) 
     306 | |            VALUES ($1, 'F6', $4), ($2, 'F7', $4), ($3, 'F8', $4)`,
     307 | |           [cpf6, cpf7, cpf8, empresaId]
     308 | |         );
     309 | |   
     310 | |         // 2 conclu├¡das, 1 inativada
     311 | |         await query(`SET LOCAL app.current_user_cpf = $1`, [cpf6]);
     312 | |         await query(
     313 | |           `INSERT INTO avaliacoes (lote_id, funcionario_cpf, status, inicio, envio) 
     314 | |            VALUES ($1, $2, 'concluida', NOW(), NOW())`,
     315 | |           [loteId, cpf6]
     316 | |         );
     317 | |         await query(`RESET app.current_user_cpf`);
     318 | |   
     319 | |         await query(`SET LOCAL app.current_user_cpf = $1`, [cpf7]);
     320 | |         await query(
     321 | |           `INSERT INTO avaliacoes (lote_id, funcionario_cpf, status, inicio, envio) 
     322 | |            VALUES ($1, $2, 'concluida', NOW(), NOW())`,
     323 | |           [loteId, cpf7]
     324 | |         );
     325 | |         await query(`RESET app.current_user_cpf`);
     326 | |   
     327 | |         await query(`SET LOCAL app.current_user_cpf = $1`, [cpf8]);
     328 | |         await query(
     329 | |           `INSERT INTO avaliacoes (lote_id, funcionario_cpf, status, inicio) 
     330 | |            VALUES ($1, $2, 'inativada', NOW())`,
     331 | |           [loteId, cpf8]
     332 | |         );
     333 | |         await query(`RESET app.current_user_cpf`);
     334 | |   
     335 | |         // Verificar contadores
     336 | |         const counts = await query(
     337 | |           `SELECT 
     338 | |              COUNT(*) as totais,
     339 | |              COUNT(*) FILTER (WHERE status = 'concluida' OR status = 'concluido') as concluidas,
     340 | |              COUNT(*) FILTER (WHERE status = 'inativada') as inativadas
     341 | |            FROM avaliacoes 
     342 | |            WHERE lote_id = $1`,
     343 | |           [loteId]
     344 | |         );
     345 | |   
     346 | |         expect(counts.rows[0].totais).toBe('3');
     347 | |         expect(counts.rows[0].concluidas).toBe('2');
     348 | |         expect(counts.rows[0].inativadas).toBe('1');
     349 | |   
     350 | |         // Cleanup
     351 | |         await query('DELETE FROM avaliacoes WHERE lote_id = $1', [loteId]);
     352 | |         await query('DELETE FROM lotes_avaliacao WHERE id = $1', [loteId]);
     353 | |         await query('DELETE FROM funcionarios WHERE cpf IN ($1, $2, $3)', [
     354 | |           cpf6,
     355 | |           cpf7,
     356 | |           cpf8,
     357 | |         ]);
     358 | |       });
     359 | |     });
     360 | `-> });
         `----


    Caused by:
        Syntax Error

      at Object.transformSync (node_modules/.pnpm/next@14.2.33_@babel+core@7._7ed58a22f15b2f2041835ab71b63c437/node_modules/next/src/build/swc/index.ts:1433:25)
      at transformSync (node_modules/.pnpm/next@14.2.33_@babel+core@7._7ed58a22f15b2f2041835ab71b63c437/node_modules/next/src/build/swc/index.ts:1550:19)
      at Object.process (node_modules/.pnpm/next@14.2.33_@babel+core@7._7ed58a22f15b2f2041835ab71b63c437/node_modules/next/src/build/swc/jest-transformer.ts:104:25)
      at ScriptTransformer.transformSource (node_modules/.pnpm/@jest+transform@30.2.0/node_modules/@jest/transform/build/index.js:422:31)
      at ScriptTransformer._transformAndBuildScript (node_modules/.pnpm/@jest+transform@30.2.0/node_modules/@jest/transform/build/index.js:519:40)
      at ScriptTransformer.transform (node_modules/.pnpm/@jest+transform@30.2.0/node_modules/@jest/transform/build/index.js:558:19)

FAIL __tests__/system/remocao-campos-legados.test.ts
  ÔùÅ Console

    console.log
      [dotenv@17.2.3] injecting env (0) from .env.test -- tip: ­ƒöä add secrets lifecycle management: https://dotenvx.com/ops

      at _log (node_modules/.pnpm/dotenv@17.2.3/node_modules/dotenv/lib/main.js:142:11)

    console.log
      ­ƒøí´©Å [jest.setup] Removendo DATABASE_URL do ambiente de testes (valor n├úo importa)

      at Object.<anonymous> (__tests__/config/jest.setup.js:125:17)

    console.log
      ­ƒøí´©Å [jest.setup] Prote├º├úo do banco de testes ativada - usando: nr-bps_db_test

      at Object.<anonymous> (__tests__/config/jest.setup.js:150:13)

    console.log
      ­ƒöî [lib/db.ts] Conectado ao banco: nr-bps_db_test @ localhost (ambiente: test)

      at Object.log (lib/db.ts:673:15)

  ÔùÅ Remo├º├úo de Campos Legados - Sistema ÔÇ║ 1. Valida├º├úo de Schema - Campos Removidos ÔÇ║ deve confirmar que coluna "modo_emergencia" foi removida de lotes_avaliacao

    expect(received).toBe(expected) // Object.is equality

    Expected: 0
    Received: 1

      52 |         []
      53 |       );
    > 54 |       expect(result.rows.length).toBe(0);
         |                                  ^
      55 |     });
      56 |
      57 |     it('deve confirmar que coluna "motivo_emergencia" foi removida de lotes_avaliacao', async () => {

      at Object.toBe (__tests__/system/remocao-campos-legados.test.ts:54:34)

  ÔùÅ Remo├º├úo de Campos Legados - Sistema ÔÇ║ 1. Valida├º├úo de Schema - Campos Removidos ÔÇ║ deve confirmar que coluna "motivo_emergencia" foi removida de lotes_avaliacao

    expect(received).toBe(expected) // Object.is equality

    Expected: 0
    Received: 1

      63 |         []
      64 |       );
    > 65 |       expect(result.rows.length).toBe(0);
         |                                  ^
      66 |     });
      67 |   });
      68 |

      at Object.toBe (__tests__/system/remocao-campos-legados.test.ts:65:34)

  ÔùÅ Remo├º├úo de Campos Legados - Sistema ÔÇ║ 4. Valida├º├úo de Views - Campos Removidos ÔÇ║ view v_auditoria_emissoes n├úo deve referenciar modo_emergencia

    error: rela├º├úo "v_auditoria_emissoes" n├úo existe

      487 |         // No session: just execute the query normally
      488 |         try {
    > 489 |           const result = await client.query(text, params);
          |                          ^
      490 |           const duration = Date.now() - start;
      491 |
      492 |           // Log apenas queries lentas (>500ms)

      at node_modules/.pnpm/pg@8.16.3/node_modules/pg/lib/client.js:545:17
      at query (lib/db.ts:489:26)
      at Object.<anonymous> (__tests__/system/remocao-campos-legados.test.ts:167:23)

  ÔùÅ Remo├º├úo de Campos Legados - Sistema ÔÇ║ 8. Valida├º├úo de Integridade Referencial ÔÇ║ todos os lotes com laudos devem ter relacionamento correto (FK)

    expect(received).toBe(expected) // Object.is equality

    Expected: 0
    Received: 8

      282 |
      283 |       // N├úo deve haver laudos ├│rf├úos
    > 284 |       expect(parseInt(result.rows[0].count)).toBe(0);
          |                                              ^
      285 |     });
      286 |
      287 |     it('laudos devem ter constraint FK apontando para lotes_avaliacao(id)', async () => {

      at Object.toBe (__tests__/system/remocao-campos-legados.test.ts:284:46)

RBAC seed applied to test database
PASS __tests__/components/modal-cadastro-emissor.test.tsx
  ÔùÅ Console

    console.log
      [dotenv@17.2.3] injecting env (0) from .env.test -- tip: ­ƒôí add observability to secrets: https://dotenvx.com/ops

      at _log (node_modules/.pnpm/dotenv@17.2.3/node_modules/dotenv/lib/main.js:142:11)

    console.log
      ­ƒøí´©Å [jest.setup] Removendo DATABASE_URL do ambiente de testes (valor n├úo importa)

      at Object.<anonymous> (__tests__/config/jest.setup.js:125:17)

    console.log
      ­ƒøí´©Å [jest.setup] Prote├º├úo do banco de testes ativada - usando: nr-bps_db_test

      at Object.<anonymous> (__tests__/config/jest.setup.js:150:13)

    console.debug
      [ModalCadastroEmissor] handleSubmit called

      at debug (components/modals/ModalCadastroEmissor.tsx:45:13)

    console.debug
      [ModalCadastroEmissor] formData at submit { cpf: '', nome: '', email: '' }

      at debug (components/modals/ModalCadastroEmissor.tsx:51:13)

    console.debug
      [ModalCadastroEmissor] setError: Todos os campos s├úo obrigat├│rios

      at debug (components/modals/ModalCadastroEmissor.tsx:53:15)

    console.debug
      [ModalCadastroEmissor] handleSubmit called

      at debug (components/modals/ModalCadastroEmissor.tsx:45:13)

    console.debug
      [ModalCadastroEmissor] formData at submit { cpf: '123456', nome: 'Emissor Teste', email: 'emissor@teste.com' }

      at debug (components/modals/ModalCadastroEmissor.tsx:51:13)

    console.debug
      [ModalCadastroEmissor] cpfLimpo: 123456

      at debug (components/modals/ModalCadastroEmissor.tsx:61:13)

    console.debug
      [ModalCadastroEmissor] setError: CPF deve ter 11 d├¡gitos

      at debug (components/modals/ModalCadastroEmissor.tsx:64:15)

    console.debug
      [ModalCadastroEmissor] handleSubmit called

      at debug (components/modals/ModalCadastroEmissor.tsx:45:13)

    console.debug
      [ModalCadastroEmissor] formData at submit {
        cpf: '12345678901',
        nome: 'Emissor Teste',
        email: 'emissor@teste.com'
      }

      at debug (components/modals/ModalCadastroEmissor.tsx:51:13)

    console.debug
      [ModalCadastroEmissor] cpfLimpo: 12345678901

      at debug (components/modals/ModalCadastroEmissor.tsx:61:13)

    console.debug
      [ModalCadastroEmissor] setError: CPF inv├ílido

      at debug (components/modals/ModalCadastroEmissor.tsx:70:15)

    console.debug
      [ModalCadastroEmissor] handleSubmit called

      at debug (components/modals/ModalCadastroEmissor.tsx:45:13)

    console.debug
      [ModalCadastroEmissor] formData at submit {
        cpf: '11122233344',
        nome: 'Emissor Teste',
        email: 'emissor@teste.com'
      }

      at debug (components/modals/ModalCadastroEmissor.tsx:51:13)

    console.debug
      [ModalCadastroEmissor] cpfLimpo: 11122233344

      at debug (components/modals/ModalCadastroEmissor.tsx:61:13)

    console.debug
      [ModalCadastroEmissor] after cpf validation, nome: Emissor Teste

      at debug (components/modals/ModalCadastroEmissor.tsx:75:13)

    console.debug
      [ModalCadastroEmissor] validarEmail for emissor@teste.com result: true

      at debug (components/modals/ModalCadastroEmissor.tsx:80:13)

    console.debug
      [ModalCadastroEmissor] handleSubmit called

      at debug (components/modals/ModalCadastroEmissor.tsx:45:13)

    console.debug
      [ModalCadastroEmissor] formData at submit {
        cpf: '11122233344',
        nome: 'Emissor Teste',
        email: 'emissor@teste.com'
      }

      at debug (components/modals/ModalCadastroEmissor.tsx:51:13)

    console.debug
      [ModalCadastroEmissor] cpfLimpo: 11122233344

      at debug (components/modals/ModalCadastroEmissor.tsx:61:13)

    console.debug
      [ModalCadastroEmissor] after cpf validation, nome: Emissor Teste

      at debug (components/modals/ModalCadastroEmissor.tsx:75:13)

    console.debug
      [ModalCadastroEmissor] validarEmail for emissor@teste.com result: true

      at debug (components/modals/ModalCadastroEmissor.tsx:80:13)

    console.debug
      [ModalCadastroEmissor] handleSubmit called

      at debug (components/modals/ModalCadastroEmissor.tsx:45:13)

    console.debug
      [ModalCadastroEmissor] formData at submit {
        cpf: '11122233344',
        nome: 'Emissor Teste',
        email: 'emissor@teste.com'
      }

      at debug (components/modals/ModalCadastroEmissor.tsx:51:13)

    console.debug
      [ModalCadastroEmissor] cpfLimpo: 11122233344

      at debug (components/modals/ModalCadastroEmissor.tsx:61:13)

    console.debug
      [ModalCadastroEmissor] after cpf validation, nome: Emissor Teste

      at debug (components/modals/ModalCadastroEmissor.tsx:75:13)

    console.debug
      [ModalCadastroEmissor] validarEmail for emissor@teste.com result: true

      at debug (components/modals/ModalCadastroEmissor.tsx:80:13)

    console.debug
      [ModalCadastroEmissor] handleSubmit called

      at debug (components/modals/ModalCadastroEmissor.tsx:45:13)

    console.debug
      [ModalCadastroEmissor] formData at submit {
        cpf: '11122233344',
        nome: 'Emissor Teste',
        email: 'emissor@teste.com'
      }

      at debug (components/modals/ModalCadastroEmissor.tsx:51:13)

    console.debug
      [ModalCadastroEmissor] cpfLimpo: 11122233344

      at debug (components/modals/ModalCadastroEmissor.tsx:61:13)

    console.debug
      [ModalCadastroEmissor] after cpf validation, nome: Emissor Teste

      at debug (components/modals/ModalCadastroEmissor.tsx:75:13)

    console.debug
      [ModalCadastroEmissor] validarEmail for emissor@teste.com result: true

      at debug (components/modals/ModalCadastroEmissor.tsx:80:13)

FAIL __tests__/integration/fluxo-personalizado-completo-e2e.test.ts
  ÔùÅ Test suite failed to run


      x Expression expected
         ,-[C:\apps\QWork\__tests__\integration\fluxo-personalizado-completo-e2e.test.ts:293:1]
     293 | 
     294 |   it('ETAPA 5: Sistema exibe p├ígina de sucesso com contrato e simulador', async () => {
     295 |       '\n=== ETAPA 5: VERIFICA├ç├âO DO FLUXO CONTRATO + SIMULADOR ===\n'
     296 |     );
         :     ^
     297 | 
     298 |     // Verificar se o contrato est├í pronto para aceite
     298 |     const contratoResult = await query(
         `----


    Caused by:
        Syntax Error

      at Object.transformSync (node_modules/.pnpm/next@14.2.33_@babel+core@7._7ed58a22f15b2f2041835ab71b63c437/node_modules/next/src/build/swc/index.ts:1433:25)
      at transformSync (node_modules/.pnpm/next@14.2.33_@babel+core@7._7ed58a22f15b2f2041835ab71b63c437/node_modules/next/src/build/swc/index.ts:1550:19)
      at Object.process (node_modules/.pnpm/next@14.2.33_@babel+core@7._7ed58a22f15b2f2041835ab71b63c437/node_modules/next/src/build/swc/jest-transformer.ts:104:25)
      at ScriptTransformer.transformSource (node_modules/.pnpm/@jest+transform@30.2.0/node_modules/@jest/transform/build/index.js:422:31)
      at ScriptTransformer._transformAndBuildScript (node_modules/.pnpm/@jest+transform@30.2.0/node_modules/@jest/transform/build/index.js:519:40)
      at ScriptTransformer.transform (node_modules/.pnpm/@jest+transform@30.2.0/node_modules/@jest/transform/build/index.js:558:19)

FAIL __tests__/api/admin/emissores-create.test.ts
  ÔùÅ Console

    console.log
      [dotenv@17.2.3] injecting env (0) from .env.test -- tip: ­ƒöÉ prevent committing .env to code: https://dotenvx.com/precommit

      at _log (node_modules/.pnpm/dotenv@17.2.3/node_modules/dotenv/lib/main.js:142:11)

    console.log
      ­ƒøí´©Å [jest.setup] Removendo DATABASE_URL do ambiente de testes (valor n├úo importa)

      at Object.<anonymous> (__tests__/config/jest.setup.js:125:17)

    console.log
      ­ƒøí´©Å [jest.setup] Prote├º├úo do banco de testes ativada - usando: nr-bps_db_test

      at Object.<anonymous> (__tests__/config/jest.setup.js:150:13)

    console.log
      ­ƒöî [lib/db.ts] Conectado ao banco: nr-bps_db_test @ localhost (ambiente: test)

      at Object.log (lib/db.ts:673:15)

    console.log
      ­ƒöî [lib/db.ts] Conectado ao banco: nr-bps_db_test @ localhost (ambiente: test)

      at Object.log (lib/db.ts:673:15)

    console.debug
      [VALIDAR_CPF] cpf: 88800000045 resultado: true

      at debug (app/api/admin/emissores/create/route.ts:43:13)

    console.log
      [db][query] local (16ms): INSERT INTO usuarios (
            cpf,
            nome,
            email,
            tipo_usuario,
            senha_hash,
            ativo,
            criado_em,
            atualizado_em
          )
          VALUES ($1, $2, $3, 'emissor', $4, true, NO...

      at log (lib/db.ts:468:23)

    console.debug
      [CRIAR_EMISSOR] Emissor independente criado: 88800000045 (clinica_id = NULL)

      at debug (lib/db.ts:1949:13)

    console.debug
      [CRIAR_EMISSOR] Coluna `role` n├úo existe no schema local ÔÇö ignorando.

      at debug (lib/db.ts:1966:17)

    console.debug
      [VALIDAR_CPF] cpf: 88800000126 resultado: true

      at debug (app/api/admin/emissores/create/route.ts:43:13)

    console.log
      [db][query] local (6ms): INSERT INTO usuarios (
            cpf,
            nome,
            email,
            tipo_usuario,
            senha_hash,
            ativo,
            criado_em,
            atualizado_em
          )
          VALUES ($1, $2, $3, 'emissor', $4, true, NO...

      at log (lib/db.ts:468:23)

    console.debug
      [CRIAR_EMISSOR] Emissor independente criado: 88800000126 (clinica_id = NULL)

      at debug (lib/db.ts:1949:13)

    console.debug
      [CRIAR_EMISSOR] Coluna `role` n├úo existe no schema local ÔÇö ignorando.

      at debug (lib/db.ts:1966:17)

    console.debug
      [VALIDAR_CPF] cpf: 12345678901 resultado: false

      at debug (app/api/admin/emissores/create/route.ts:43:13)

    console.debug
      [VALIDAR_CPF] cpf: 88800000126 resultado: true

      at debug (app/api/admin/emissores/create/route.ts:43:13)

    console.debug
      [VALIDAR_CPF] cpf: 88800000479 resultado: true

      at debug (app/api/admin/emissores/create/route.ts:43:13)

    console.log
      [db][query] local (7ms): INSERT INTO usuarios (
            cpf,
            nome,
            email,
            tipo_usuario,
            senha_hash,
            ativo,
            criado_em,
            atualizado_em
          )
          VALUES ($1, $2, $3, 'emissor', $4, true, NO...

      at log (lib/db.ts:468:23)

    console.debug
      [CRIAR_EMISSOR] Emissor independente criado: 88800000479 (clinica_id = NULL)

      at debug (lib/db.ts:1949:13)

    console.debug
      [CRIAR_EMISSOR] Coluna `role` n├úo existe no schema local ÔÇö ignorando.

      at debug (lib/db.ts:1966:17)

    console.debug
      [VALIDAR_CPF] cpf: 88800000550 resultado: true

      at debug (app/api/admin/emissores/create/route.ts:43:13)

    console.debug
      [VALIDAR_CPF] cpf: 88800000630 resultado: true

      at debug (app/api/admin/emissores/create/route.ts:43:13)

    console.log
      [db][query] local (5ms): INSERT INTO usuarios (
            cpf,
            nome,
            email,
            tipo_usuario,
            senha_hash,
            ativo,
            criado_em,
            atualizado_em
          )
          VALUES ($1, $2, $3, 'emissor', $4, true, NO...

      at log (lib/db.ts:468:23)

    console.debug
      [CRIAR_EMISSOR] Emissor independente criado: 88800000630 (clinica_id = NULL)

      at debug (lib/db.ts:1949:13)

    console.debug
      [CRIAR_EMISSOR] Coluna `role` n├úo existe no schema local ÔÇö ignorando.

      at debug (lib/db.ts:1966:17)

    console.debug
      [VALIDAR_CPF] cpf: 88800000711 resultado: true

      at debug (app/api/admin/emissores/create/route.ts:43:13)

    console.log
      [db][query] local (9ms): INSERT INTO usuarios (
            cpf,
            nome,
            email,
            tipo_usuario,
            senha_hash,
            ativo,
            criado_em,
            atualizado_em
          )
          VALUES ($1, $2, $3, 'emissor', $4, true, NO...

      at log (lib/db.ts:468:23)

    console.debug
      [CRIAR_EMISSOR] Emissor independente criado: 88800000711 (clinica_id = NULL)

      at debug (lib/db.ts:1949:13)

    console.debug
      [CRIAR_EMISSOR] Coluna `role` n├úo existe no schema local ÔÇö ignorando.

      at debug (lib/db.ts:1966:17)

  ÔùÅ API /api/admin/emissores/create ÔÇ║ deve criar emissor com dados v├ílidos

    error: coluna "clinica_id" n├úo existe

      487 |         // No session: just execute the query normally
      488 |         try {
    > 489 |           const result = await client.query(text, params);
          |                          ^
      490 |           const duration = Date.now() - start;
      491 |
      492 |           // Log apenas queries lentas (>500ms)

      at node_modules/.pnpm/pg@8.16.3/node_modules/pg/lib/client.js:545:17
      at query (lib/db.ts:489:26)
      at Object.<anonymous> (__tests__/api/admin/emissores-create.test.ts:82:20)

  ÔùÅ API /api/admin/emissores/create ÔÇ║ deve retornar 409 se CPF pertence a gestor

    error: rela├º├úo "tomadors" n├úo existe

      487 |         // No session: just execute the query normally
      488 |         try {
    > 489 |           const result = await client.query(text, params);
          |                          ^
      490 |           const duration = Date.now() - start;
      491 |
      492 |           // Log apenas queries lentas (>500ms)

      at node_modules/.pnpm/pg@8.16.3/node_modules/pg/lib/client.js:545:17
      at query (lib/db.ts:489:26)
      at Object.<anonymous> (__tests__/api/admin/emissores-create.test.ts:211:21)

  ÔùÅ API /api/admin/emissores/create ÔÇ║ deve retornar 409 se CPF pertence a gestor RH

    error: coluna "usuario_tipo" da rela├º├úo "funcionarios" n├úo existe

      487 |         // No session: just execute the query normally
      488 |         try {
    > 489 |           const result = await client.query(text, params);
          |                          ^
      490 |           const duration = Date.now() - start;
      491 |
      492 |           // Log apenas queries lentas (>500ms)

      at node_modules/.pnpm/pg@8.16.3/node_modules/pg/lib/client.js:545:17
      at query (lib/db.ts:489:26)
      at Object.<anonymous> (__tests__/api/admin/emissores-create.test.ts:264:5)

  ÔùÅ API /api/admin/emissores/create ÔÇ║ deve retornar 409 se CPF j├í existir

    error: coluna "usuario_tipo" da rela├º├úo "funcionarios" n├úo existe

      487 |         // No session: just execute the query normally
      488 |         try {
    > 489 |           const result = await client.query(text, params);
          |                          ^
      490 |           const duration = Date.now() - start;
      491 |
      492 |           // Log apenas queries lentas (>500ms)

      at node_modules/.pnpm/pg@8.16.3/node_modules/pg/lib/client.js:545:17
      at query (lib/db.ts:489:26)
      at Object.<anonymous> (__tests__/api/admin/emissores-create.test.ts:299:5)

RBAC seed applied to test database
RBAC seed applied to test database
RBAC seed applied to test database
RBAC seed applied to test database
FAIL __tests__/correcoes-31-01-2026/gestor-refactoring.test.ts
  ÔùÅ Console

    console.log
      [dotenv@17.2.3] injecting env (0) from .env.test -- tip: ÔÜÖ´©Å  load multiple .env files with { path: ['.env.local', '.env'] }

      at _log (node_modules/.pnpm/dotenv@17.2.3/node_modules/dotenv/lib/main.js:142:11)

    console.log
      ­ƒøí´©Å [jest.setup] Removendo DATABASE_URL do ambiente de testes (valor n├úo importa)

      at Object.<anonymous> (__tests__/config/jest.setup.js:125:17)

    console.log
      ­ƒøí´©Å [jest.setup] Prote├º├úo do banco de testes ativada - usando: nr-bps_db_test

      at Object.<anonymous> (__tests__/config/jest.setup.js:150:13)

    console.log
      ­ƒöî [lib/db.ts] Conectado ao banco: nr-bps_db_test @ localhost (ambiente: test)

      at Object.log (lib/db.ts:673:15)

  ÔùÅ Refatora├º├úo de Gestores - Corre├º├Áes Cr├¡ticas ÔÇ║ 1. queryAsGestor - Configura├º├úo de Vari├íveis de Sess├úo ÔÇ║ deve configurar app.current_user_cpf antes da query

    Gestor 87545772920 n├úo existe em entidades_senhas. Execute migrations antes dos testes.

      36 |
      37 |     if (gestorExists.rowCount === 0) {
    > 38 |       throw new Error(
         |             ^
      39 |         `Gestor ${TEST_CPF_GESTOR} n├úo existe em entidades_senhas. Execute migrations antes dos testes.`
      40 |       );
      41 |     }

      at Object.<anonymous> (__tests__/correcoes-31-01-2026/gestor-refactoring.test.ts:38:13)

  ÔùÅ Refatora├º├úo de Gestores - Corre├º├Áes Cr├¡ticas ÔÇ║ 1. queryAsGestor - Configura├º├úo de Vari├íveis de Sess├úo ÔÇ║ deve configurar app.current_user_cpf antes da query

    TypeError: (0 , _session.setSession) is not a function

      48 |   afterEach(() => {
      49 |     // Limpar sess├úo ap├│s cada teste
    > 50 |     setSession(null);
         |               ^
      51 |   });
      52 |
      53 |   describe('1. queryAsGestor - Configura├º├úo de Vari├íveis de Sess├úo', () => {

      at Object.<anonymous> (__tests__/correcoes-31-01-2026/gestor-refactoring.test.ts:50:15)

  ÔùÅ Refatora├º├úo de Gestores - Corre├º├Áes Cr├¡ticas ÔÇ║ 1. queryAsGestor - Configura├º├úo de Vari├íveis de Sess├úo ÔÇ║ deve configurar app.current_user_perfil antes da query

    Gestor 87545772920 n├úo existe em entidades_senhas. Execute migrations antes dos testes.

      36 |
      37 |     if (gestorExists.rowCount === 0) {
    > 38 |       throw new Error(
         |             ^
      39 |         `Gestor ${TEST_CPF_GESTOR} n├úo existe em entidades_senhas. Execute migrations antes dos testes.`
      40 |       );
      41 |     }

      at Object.<anonymous> (__tests__/correcoes-31-01-2026/gestor-refactoring.test.ts:38:13)

  ÔùÅ Refatora├º├úo de Gestores - Corre├º├Áes Cr├¡ticas ÔÇ║ 1. queryAsGestor - Configura├º├úo de Vari├íveis de Sess├úo ÔÇ║ deve configurar app.current_user_perfil antes da query

    TypeError: (0 , _session.setSession) is not a function

      48 |   afterEach(() => {
      49 |     // Limpar sess├úo ap├│s cada teste
    > 50 |     setSession(null);
         |               ^
      51 |   });
      52 |
      53 |   describe('1. queryAsGestor - Configura├º├úo de Vari├íveis de Sess├úo', () => {

      at Object.<anonymous> (__tests__/correcoes-31-01-2026/gestor-refactoring.test.ts:50:15)

  ÔùÅ Refatora├º├úo de Gestores - Corre├º├Áes Cr├¡ticas ÔÇ║ 1. queryAsGestor - Configura├º├úo de Vari├íveis de Sess├úo ÔÇ║ deve lan├ºar erro se sess├úo n├úo existir

    Gestor 87545772920 n├úo existe em entidades_senhas. Execute migrations antes dos testes.

      36 |
      37 |     if (gestorExists.rowCount === 0) {
    > 38 |       throw new Error(
         |             ^
      39 |         `Gestor ${TEST_CPF_GESTOR} n├úo existe em entidades_senhas. Execute migrations antes dos testes.`
      40 |       );
      41 |     }

      at Object.<anonymous> (__tests__/correcoes-31-01-2026/gestor-refactoring.test.ts:38:13)

  ÔùÅ Refatora├º├úo de Gestores - Corre├º├Áes Cr├¡ticas ÔÇ║ 1. queryAsGestor - Configura├º├úo de Vari├íveis de Sess├úo ÔÇ║ deve lan├ºar erro se sess├úo n├úo existir

    TypeError: (0 , _session.setSession) is not a function

      48 |   afterEach(() => {
      49 |     // Limpar sess├úo ap├│s cada teste
    > 50 |     setSession(null);
         |               ^
      51 |   });
      52 |
      53 |   describe('1. queryAsGestor - Configura├º├úo de Vari├íveis de Sess├úo', () => {

      at Object.<anonymous> (__tests__/correcoes-31-01-2026/gestor-refactoring.test.ts:50:15)

  ÔùÅ Refatora├º├úo de Gestores - Corre├º├Áes Cr├¡ticas ÔÇ║ 1. queryAsGestor - Configura├º├úo de Vari├íveis de Sess├úo ÔÇ║ deve lan├ºar erro se perfil n├úo for gestor

    Gestor 87545772920 n├úo existe em entidades_senhas. Execute migrations antes dos testes.

      36 |
      37 |     if (gestorExists.rowCount === 0) {
    > 38 |       throw new Error(
         |             ^
      39 |         `Gestor ${TEST_CPF_GESTOR} n├úo existe em entidades_senhas. Execute migrations antes dos testes.`
      40 |       );
      41 |     }

      at Object.<anonymous> (__tests__/correcoes-31-01-2026/gestor-refactoring.test.ts:38:13)

  ÔùÅ Refatora├º├úo de Gestores - Corre├º├Áes Cr├¡ticas ÔÇ║ 1. queryAsGestor - Configura├º├úo de Vari├íveis de Sess├úo ÔÇ║ deve lan├ºar erro se perfil n├úo for gestor

    TypeError: (0 , _session.setSession) is not a function

      48 |   afterEach(() => {
      49 |     // Limpar sess├úo ap├│s cada teste
    > 50 |     setSession(null);
         |               ^
      51 |   });
      52 |
      53 |   describe('1. queryAsGestor - Configura├º├úo de Vari├íveis de Sess├úo', () => {

      at Object.<anonymous> (__tests__/correcoes-31-01-2026/gestor-refactoring.test.ts:50:15)

  ÔùÅ Refatora├º├úo de Gestores - Corre├º├Áes Cr├¡ticas ÔÇ║ 2. FK liberado_por - Integridade Referencial ÔÇ║ FK lotes_avaliacao.liberado_por deve referenciar entidades_senhas(cpf)

    Gestor 87545772920 n├úo existe em entidades_senhas. Execute migrations antes dos testes.

      36 |
      37 |     if (gestorExists.rowCount === 0) {
    > 38 |       throw new Error(
         |             ^
      39 |         `Gestor ${TEST_CPF_GESTOR} n├úo existe em entidades_senhas. Execute migrations antes dos testes.`
      40 |       );
      41 |     }

      at Object.<anonymous> (__tests__/correcoes-31-01-2026/gestor-refactoring.test.ts:38:13)

  ÔùÅ Refatora├º├úo de Gestores - Corre├º├Áes Cr├¡ticas ÔÇ║ 2. FK liberado_por - Integridade Referencial ÔÇ║ FK lotes_avaliacao.liberado_por deve referenciar entidades_senhas(cpf)

    TypeError: (0 , _session.setSession) is not a function

      48 |   afterEach(() => {
      49 |     // Limpar sess├úo ap├│s cada teste
    > 50 |     setSession(null);
         |               ^
      51 |   });
      52 |
      53 |   describe('1. queryAsGestor - Configura├º├úo de Vari├íveis de Sess├úo', () => {

      at Object.<anonymous> (__tests__/correcoes-31-01-2026/gestor-refactoring.test.ts:50:15)

  ÔùÅ Refatora├º├úo de Gestores - Corre├º├Áes Cr├¡ticas ÔÇ║ 2. FK liberado_por - Integridade Referencial ÔÇ║ n├úo deve existir FK de liberado_por para funcionarios

    Gestor 87545772920 n├úo existe em entidades_senhas. Execute migrations antes dos testes.

      36 |
      37 |     if (gestorExists.rowCount === 0) {
    > 38 |       throw new Error(
         |             ^
      39 |         `Gestor ${TEST_CPF_GESTOR} n├úo existe em entidades_senhas. Execute migrations antes dos testes.`
      40 |       );
      41 |     }

      at Object.<anonymous> (__tests__/correcoes-31-01-2026/gestor-refactoring.test.ts:38:13)

  ÔùÅ Refatora├º├úo de Gestores - Corre├º├Áes Cr├¡ticas ÔÇ║ 2. FK liberado_por - Integridade Referencial ÔÇ║ n├úo deve existir FK de liberado_por para funcionarios

    TypeError: (0 , _session.setSession) is not a function

      48 |   afterEach(() => {
      49 |     // Limpar sess├úo ap├│s cada teste
    > 50 |     setSession(null);
         |               ^
      51 |   });
      52 |
      53 |   describe('1. queryAsGestor - Configura├º├úo de Vari├íveis de Sess├úo', () => {

      at Object.<anonymous> (__tests__/correcoes-31-01-2026/gestor-refactoring.test.ts:50:15)

  ÔùÅ Refatora├º├úo de Gestores - Corre├º├Áes Cr├¡ticas ÔÇ║ 3. Valida├º├úo de Dados - Gestor 87545772920 ÔÇ║ gestor deve existir em entidades_senhas

    Gestor 87545772920 n├úo existe em entidades_senhas. Execute migrations antes dos testes.

      36 |
      37 |     if (gestorExists.rowCount === 0) {
    > 38 |       throw new Error(
         |             ^
      39 |         `Gestor ${TEST_CPF_GESTOR} n├úo existe em entidades_senhas. Execute migrations antes dos testes.`
      40 |       );
      41 |     }

      at Object.<anonymous> (__tests__/correcoes-31-01-2026/gestor-refactoring.test.ts:38:13)

  ÔùÅ Refatora├º├úo de Gestores - Corre├º├Áes Cr├¡ticas ÔÇ║ 3. Valida├º├úo de Dados - Gestor 87545772920 ÔÇ║ gestor deve existir em entidades_senhas

    TypeError: (0 , _session.setSession) is not a function

      48 |   afterEach(() => {
      49 |     // Limpar sess├úo ap├│s cada teste
    > 50 |     setSession(null);
         |               ^
      51 |   });
      52 |
      53 |   describe('1. queryAsGestor - Configura├º├úo de Vari├íveis de Sess├úo', () => {

      at Object.<anonymous> (__tests__/correcoes-31-01-2026/gestor-refactoring.test.ts:50:15)

  ÔùÅ Refatora├º├úo de Gestores - Corre├º├Áes Cr├¡ticas ÔÇ║ 3. Valida├º├úo de Dados - Gestor 87545772920 ÔÇ║ gestor N├âO deve existir em funcionarios

    Gestor 87545772920 n├úo existe em entidades_senhas. Execute migrations antes dos testes.

      36 |
      37 |     if (gestorExists.rowCount === 0) {
    > 38 |       throw new Error(
         |             ^
      39 |         `Gestor ${TEST_CPF_GESTOR} n├úo existe em entidades_senhas. Execute migrations antes dos testes.`
      40 |       );
      41 |     }

      at Object.<anonymous> (__tests__/correcoes-31-01-2026/gestor-refactoring.test.ts:38:13)

  ÔùÅ Refatora├º├úo de Gestores - Corre├º├Áes Cr├¡ticas ÔÇ║ 3. Valida├º├úo de Dados - Gestor 87545772920 ÔÇ║ gestor N├âO deve existir em funcionarios

    TypeError: (0 , _session.setSession) is not a function

      48 |   afterEach(() => {
      49 |     // Limpar sess├úo ap├│s cada teste
    > 50 |     setSession(null);
         |               ^
      51 |   });
      52 |
      53 |   describe('1. queryAsGestor - Configura├º├úo de Vari├íveis de Sess├úo', () => {

      at Object.<anonymous> (__tests__/correcoes-31-01-2026/gestor-refactoring.test.ts:50:15)

  ÔùÅ Refatora├º├úo de Gestores - Corre├º├Áes Cr├¡ticas ÔÇ║ 3. Valida├º├úo de Dados - Gestor 87545772920 ÔÇ║ tomador do gestor deve estar ativo

    Gestor 87545772920 n├úo existe em entidades_senhas. Execute migrations antes dos testes.

      36 |
      37 |     if (gestorExists.rowCount === 0) {
    > 38 |       throw new Error(
         |             ^
      39 |         `Gestor ${TEST_CPF_GESTOR} n├úo existe em entidades_senhas. Execute migrations antes dos testes.`
      40 |       );
      41 |     }

      at Object.<anonymous> (__tests__/correcoes-31-01-2026/gestor-refactoring.test.ts:38:13)

  ÔùÅ Refatora├º├úo de Gestores - Corre├º├Áes Cr├¡ticas ÔÇ║ 3. Valida├º├úo de Dados - Gestor 87545772920 ÔÇ║ tomador do gestor deve estar ativo

    TypeError: (0 , _session.setSession) is not a function

      48 |   afterEach(() => {
      49 |     // Limpar sess├úo ap├│s cada teste
    > 50 |     setSession(null);
         |               ^
      51 |   });
      52 |
      53 |   describe('1. queryAsGestor - Configura├º├úo de Vari├íveis de Sess├úo', () => {

      at Object.<anonymous> (__tests__/correcoes-31-01-2026/gestor-refactoring.test.ts:50:15)

  ÔùÅ Refatora├º├úo de Gestores - Corre├º├Áes Cr├¡ticas ÔÇ║ 4. Endpoints de Entidade - Uso de queryAsGestorEntidade ÔÇ║ app/api/entidade/liberar-lote deve importar queryAsGestorEntidade

    Gestor 87545772920 n├úo existe em entidades_senhas. Execute migrations antes dos testes.

      36 |
      37 |     if (gestorExists.rowCount === 0) {
    > 38 |       throw new Error(
         |             ^
      39 |         `Gestor ${TEST_CPF_GESTOR} n├úo existe em entidades_senhas. Execute migrations antes dos testes.`
      40 |       );
      41 |     }

      at Object.<anonymous> (__tests__/correcoes-31-01-2026/gestor-refactoring.test.ts:38:13)

  ÔùÅ Refatora├º├úo de Gestores - Corre├º├Áes Cr├¡ticas ÔÇ║ 4. Endpoints de Entidade - Uso de queryAsGestorEntidade ÔÇ║ app/api/entidade/liberar-lote deve importar queryAsGestorEntidade

    TypeError: (0 , _session.setSession) is not a function

      48 |   afterEach(() => {
      49 |     // Limpar sess├úo ap├│s cada teste
    > 50 |     setSession(null);
         |               ^
      51 |   });
      52 |
      53 |   describe('1. queryAsGestor - Configura├º├úo de Vari├íveis de Sess├úo', () => {

      at Object.<anonymous> (__tests__/correcoes-31-01-2026/gestor-refactoring.test.ts:50:15)

  ÔùÅ Refatora├º├úo de Gestores - Corre├º├Áes Cr├¡ticas ÔÇ║ 4. Endpoints de Entidade - Uso de queryAsGestorEntidade ÔÇ║ app/api/entidade/liberar-lote N├âO deve importar query direto de db

    Gestor 87545772920 n├úo existe em entidades_senhas. Execute migrations antes dos testes.

      36 |
      37 |     if (gestorExists.rowCount === 0) {
    > 38 |       throw new Error(
         |             ^
      39 |         `Gestor ${TEST_CPF_GESTOR} n├úo existe em entidades_senhas. Execute migrations antes dos testes.`
      40 |       );
      41 |     }

      at Object.<anonymous> (__tests__/correcoes-31-01-2026/gestor-refactoring.test.ts:38:13)

  ÔùÅ Refatora├º├úo de Gestores - Corre├º├Áes Cr├¡ticas ÔÇ║ 4. Endpoints de Entidade - Uso de queryAsGestorEntidade ÔÇ║ app/api/entidade/liberar-lote N├âO deve importar query direto de db

    TypeError: (0 , _session.setSession) is not a function

      48 |   afterEach(() => {
      49 |     // Limpar sess├úo ap├│s cada teste
    > 50 |     setSession(null);
         |               ^
      51 |   });
      52 |
      53 |   describe('1. queryAsGestor - Configura├º├úo de Vari├íveis de Sess├úo', () => {

      at Object.<anonymous> (__tests__/correcoes-31-01-2026/gestor-refactoring.test.ts:50:15)

  ÔùÅ Refatora├º├úo de Gestores - Corre├º├Áes Cr├¡ticas ÔÇ║ 4. Endpoints de Entidade - Uso de queryAsGestorEntidade ÔÇ║ app/api/entidade/liberar-lote deve usar queryAsGestorEntidade nas queries

    Gestor 87545772920 n├úo existe em entidades_senhas. Execute migrations antes dos testes.

      36 |
      37 |     if (gestorExists.rowCount === 0) {
    > 38 |       throw new Error(
         |             ^
      39 |         `Gestor ${TEST_CPF_GESTOR} n├úo existe em entidades_senhas. Execute migrations antes dos testes.`
      40 |       );
      41 |     }

      at Object.<anonymous> (__tests__/correcoes-31-01-2026/gestor-refactoring.test.ts:38:13)

  ÔùÅ Refatora├º├úo de Gestores - Corre├º├Áes Cr├¡ticas ÔÇ║ 4. Endpoints de Entidade - Uso de queryAsGestorEntidade ÔÇ║ app/api/entidade/liberar-lote deve usar queryAsGestorEntidade nas queries

    TypeError: (0 , _session.setSession) is not a function

      48 |   afterEach(() => {
      49 |     // Limpar sess├úo ap├│s cada teste
    > 50 |     setSession(null);
         |               ^
      51 |   });
      52 |
      53 |   describe('1. queryAsGestor - Configura├º├úo de Vari├íveis de Sess├úo', () => {

      at Object.<anonymous> (__tests__/correcoes-31-01-2026/gestor-refactoring.test.ts:50:15)

  ÔùÅ Refatora├º├úo de Gestores - Corre├º├Áes Cr├¡ticas ÔÇ║ 5. Auditoria - Triggers com Vari├íveis de Sess├úo ÔÇ║ INSERT em lotes_avaliacao deve registrar auditoria com CPF correto

    Gestor 87545772920 n├úo existe em entidades_senhas. Execute migrations antes dos testes.

      36 |
      37 |     if (gestorExists.rowCount === 0) {
    > 38 |       throw new Error(
         |             ^
      39 |         `Gestor ${TEST_CPF_GESTOR} n├úo existe em entidades_senhas. Execute migrations antes dos testes.`
      40 |       );
      41 |     }

      at Object.<anonymous> (__tests__/correcoes-31-01-2026/gestor-refactoring.test.ts:38:13)

  ÔùÅ Refatora├º├úo de Gestores - Corre├º├Áes Cr├¡ticas ÔÇ║ 5. Auditoria - Triggers com Vari├íveis de Sess├úo ÔÇ║ INSERT em lotes_avaliacao deve registrar auditoria com CPF correto

    TypeError: (0 , _session.setSession) is not a function

      48 |   afterEach(() => {
      49 |     // Limpar sess├úo ap├│s cada teste
    > 50 |     setSession(null);
         |               ^
      51 |   });
      52 |
      53 |   describe('1. queryAsGestor - Configura├º├úo de Vari├íveis de Sess├úo', () => {

      at Object.<anonymous> (__tests__/correcoes-31-01-2026/gestor-refactoring.test.ts:50:15)

  ÔùÅ Refatora├º├úo de Gestores - Corre├º├Áes Cr├¡ticas ÔÇ║ 6. Migration 302 - Lote ID Allocator ÔÇ║ lote_id_allocator deve ter registro inicial

    Gestor 87545772920 n├úo existe em entidades_senhas. Execute migrations antes dos testes.

      36 |
      37 |     if (gestorExists.rowCount === 0) {
    > 38 |       throw new Error(
         |             ^
      39 |         `Gestor ${TEST_CPF_GESTOR} n├úo existe em entidades_senhas. Execute migrations antes dos testes.`
      40 |       );
      41 |     }

      at Object.<anonymous> (__tests__/correcoes-31-01-2026/gestor-refactoring.test.ts:38:13)

  ÔùÅ Refatora├º├úo de Gestores - Corre├º├Áes Cr├¡ticas ÔÇ║ 6. Migration 302 - Lote ID Allocator ÔÇ║ lote_id_allocator deve ter registro inicial

    TypeError: (0 , _session.setSession) is not a function

      48 |   afterEach(() => {
      49 |     // Limpar sess├úo ap├│s cada teste
    > 50 |     setSession(null);
         |               ^
      51 |   });
      52 |
      53 |   describe('1. queryAsGestor - Configura├º├úo de Vari├íveis de Sess├úo', () => {

      at Object.<anonymous> (__tests__/correcoes-31-01-2026/gestor-refactoring.test.ts:50:15)

  ÔùÅ Refatora├º├úo de Gestores - Corre├º├Áes Cr├¡ticas ÔÇ║ 6. Migration 302 - Lote ID Allocator ÔÇ║ fn_next_lote_id deve retornar ID v├ílido

    Gestor 87545772920 n├úo existe em entidades_senhas. Execute migrations antes dos testes.

      36 |
      37 |     if (gestorExists.rowCount === 0) {
    > 38 |       throw new Error(
         |             ^
      39 |         `Gestor ${TEST_CPF_GESTOR} n├úo existe em entidades_senhas. Execute migrations antes dos testes.`
      40 |       );
      41 |     }

      at Object.<anonymous> (__tests__/correcoes-31-01-2026/gestor-refactoring.test.ts:38:13)

  ÔùÅ Refatora├º├úo de Gestores - Corre├º├Áes Cr├¡ticas ÔÇ║ 6. Migration 302 - Lote ID Allocator ÔÇ║ fn_next_lote_id deve retornar ID v├ílido

    TypeError: (0 , _session.setSession) is not a function

      48 |   afterEach(() => {
      49 |     // Limpar sess├úo ap├│s cada teste
    > 50 |     setSession(null);
         |               ^
      51 |   });
      52 |
      53 |   describe('1. queryAsGestor - Configura├º├úo de Vari├íveis de Sess├úo', () => {

      at Object.<anonymous> (__tests__/correcoes-31-01-2026/gestor-refactoring.test.ts:50:15)

  ÔùÅ Refatora├º├úo de Gestores - Corre├º├Áes Cr├¡ticas ÔÇ║ 7. Migration 304 - Valida├º├úo de Integridade ÔÇ║ todos gestores em entidades_senhas devem ter tomador_id

    Gestor 87545772920 n├úo existe em entidades_senhas. Execute migrations antes dos testes.

      36 |
      37 |     if (gestorExists.rowCount === 0) {
    > 38 |       throw new Error(
         |             ^
      39 |         `Gestor ${TEST_CPF_GESTOR} n├úo existe em entidades_senhas. Execute migrations antes dos testes.`
      40 |       );
      41 |     }

      at Object.<anonymous> (__tests__/correcoes-31-01-2026/gestor-refactoring.test.ts:38:13)

  ÔùÅ Refatora├º├úo de Gestores - Corre├º├Áes Cr├¡ticas ÔÇ║ 7. Migration 304 - Valida├º├úo de Integridade ÔÇ║ todos gestores em entidades_senhas devem ter tomador_id

    TypeError: (0 , _session.setSession) is not a function

      48 |   afterEach(() => {
      49 |     // Limpar sess├úo ap├│s cada teste
    > 50 |     setSession(null);
         |               ^
      51 |   });
      52 |
      53 |   describe('1. queryAsGestor - Configura├º├úo de Vari├íveis de Sess├úo', () => {

      at Object.<anonymous> (__tests__/correcoes-31-01-2026/gestor-refactoring.test.ts:50:15)

  ÔùÅ Refatora├º├úo de Gestores - Corre├º├Áes Cr├¡ticas ÔÇ║ 7. Migration 304 - Valida├º├úo de Integridade ÔÇ║ todos lotes devem ter liberado_por v├ílido

    Gestor 87545772920 n├úo existe em entidades_senhas. Execute migrations antes dos testes.

      36 |
      37 |     if (gestorExists.rowCount === 0) {
    > 38 |       throw new Error(
         |             ^
      39 |         `Gestor ${TEST_CPF_GESTOR} n├úo existe em entidades_senhas. Execute migrations antes dos testes.`
      40 |       );
      41 |     }

      at Object.<anonymous> (__tests__/correcoes-31-01-2026/gestor-refactoring.test.ts:38:13)

  ÔùÅ Refatora├º├úo de Gestores - Corre├º├Áes Cr├¡ticas ÔÇ║ 7. Migration 304 - Valida├º├úo de Integridade ÔÇ║ todos lotes devem ter liberado_por v├ílido

    TypeError: (0 , _session.setSession) is not a function

      48 |   afterEach(() => {
      49 |     // Limpar sess├úo ap├│s cada teste
    > 50 |     setSession(null);
         |               ^
      51 |   });
      52 |
      53 |   describe('1. queryAsGestor - Configura├º├úo de Vari├íveis de Sess├úo', () => {

      at Object.<anonymous> (__tests__/correcoes-31-01-2026/gestor-refactoring.test.ts:50:15)

  ÔùÅ Refatora├º├úo de Gestores - Corre├º├Áes Cr├¡ticas ÔÇ║ 7. Migration 304 - Valida├º├úo de Integridade ÔÇ║ ├¡ndices de performance devem existir

    Gestor 87545772920 n├úo existe em entidades_senhas. Execute migrations antes dos testes.

      36 |
      37 |     if (gestorExists.rowCount === 0) {
    > 38 |       throw new Error(
         |             ^
      39 |         `Gestor ${TEST_CPF_GESTOR} n├úo existe em entidades_senhas. Execute migrations antes dos testes.`
      40 |       );
      41 |     }

      at Object.<anonymous> (__tests__/correcoes-31-01-2026/gestor-refactoring.test.ts:38:13)

  ÔùÅ Refatora├º├úo de Gestores - Corre├º├Áes Cr├¡ticas ÔÇ║ 7. Migration 304 - Valida├º├úo de Integridade ÔÇ║ ├¡ndices de performance devem existir

    TypeError: (0 , _session.setSession) is not a function

      48 |   afterEach(() => {
      49 |     // Limpar sess├úo ap├│s cada teste
    > 50 |     setSession(null);
         |               ^
      51 |   });
      52 |
      53 |   describe('1. queryAsGestor - Configura├º├úo de Vari├íveis de Sess├úo', () => {

      at Object.<anonymous> (__tests__/correcoes-31-01-2026/gestor-refactoring.test.ts:50:15)

RBAC seed applied to test database
FAIL __tests__/lib/laudo-calculos.test.ts
  ÔùÅ Console

    console.log
      [dotenv@17.2.3] injecting env (0) from .env.test -- tip: ÔÜÖ´©Å  enable debug logging with { debug: true }

      at _log (node_modules/.pnpm/dotenv@17.2.3/node_modules/dotenv/lib/main.js:142:11)

    console.log
      ­ƒøí´©Å [jest.setup] Removendo DATABASE_URL do ambiente de testes (valor n├úo importa)

      at Object.<anonymous> (__tests__/config/jest.setup.js:125:17)

    console.log
      ­ƒøí´©Å [jest.setup] Prote├º├úo do banco de testes ativada - usando: nr-bps_db_test

      at Object.<anonymous> (__tests__/config/jest.setup.js:150:13)

    console.log
      ­ƒöî [lib/db.ts] Conectado ao banco: nr-bps_db_test @ localhost (ambiente: test)

      at Object.log (lib/db.ts:673:15)

  ÔùÅ Fun├º├Áes de C├ílculo de Laudos ÔÇ║ gerarObservacoesConclusao ÔÇ║ deve gerar data no formato brasileiro

    assert(received)

    Expected value to be equal to:
      true
    Received:
      false

      231 |       const resultado = gerarObservacoesConclusao()
      232 |
    > 233 |       assert.ok(/S├úo Paulo, \d{1,2} de \w+ de \d{4}/.test(resultado.dataEmissao))
          |              ^
      234 |     })
      235 |
      236 |     it('deve incluir assinatura completa', () => {

      at Object.ok (__tests__/lib/laudo-calculos.test.ts:233:14)

  ÔùÅ Fun├º├Áes de C├ílculo de Laudos ÔÇ║ gerarDadosGeraisEmpresa ÔÇ║ deve lan├ºar erro se lote n├úo encontrado

    assert(received)

    Expected value to be equal to:
      true
    Received:
      false

      259 |         erro = e;
      260 |       }
    > 261 |       assert.ok(erro && erro.message.includes('Lote n├úo encontrado'));
          |              ^
      262 |     })
      263 |
      264 |     it('deve retornar dados gerais da empresa corretamente', async () => {

      at Object.ok (__tests__/lib/laudo-calculos.test.ts:261:14)

FAIL __tests__/entidade/lotes-page.test.tsx
  ÔùÅ Console

    console.log
      [dotenv@17.2.3] injecting env (0) from .env.test -- tip: ­ƒöæ add access controls to secrets: https://dotenvx.com/ops

      at _log (node_modules/.pnpm/dotenv@17.2.3/node_modules/dotenv/lib/main.js:142:11)

    console.log
      ­ƒøí´©Å [jest.setup] Removendo DATABASE_URL do ambiente de testes (valor n├úo importa)

      at Object.<anonymous> (__tests__/config/jest.setup.js:125:17)

    console.log
      ­ƒøí´©Å [jest.setup] Prote├º├úo do banco de testes ativada - usando: nr-bps_db_test

      at Object.<anonymous> (__tests__/config/jest.setup.js:150:13)

  ÔùÅ EntidadeLotesPage ÔÇ║ shows laudo available when lote is concluido and laudo status is enviado

    TestingLibraryElementError: Unable to find an element with the text: ­ƒôä Laudo dispon├¡vel. This could be because the text is broken up by multiple elements. In this case, you can provide a function for your text matcher to make your matcher more flexible.

    Ignored nodes: comments, script, style
    <body>
      <div>
        <div>
          <div
            class="mb-6 flex justify-between items-center"
          >
            <div>
              <h1
                class="text-2xl font-bold text-gray-800"
              >
                Ciclos de Coletas Avaliativas
              </h1>
              <p
                class="text-gray-600"
              >
                Acompanhe o progresso dos ciclos de coletas avaliativas
              </p>
            </div>
            <button
              class="inline-flex items-center gap-2 bg-primary text-white px-4 py-2 rounded-lg hover:bg-primary-hover transition-colors font-medium"
            >
              <svg
                aria-hidden="true"
                class="lucide lucide-rocket"
                fill="none"
                height="18"
                stroke="currentColor"
                stroke-linecap="round"
                stroke-linejoin="round"
                stroke-width="2"
                viewBox="0 0 24 24"
                width="18"
                xmlns="http://www.w3.org/2000/svg"
              >
                <path
                  d="M4.5 16.5c-1.5 1.26-2 5-2 5s3.74-.5 5-2c.71-.84.7-2.13-.09-2.91a2.18 2.18 0 0 0-2.91-.09z"
                />
                <path
                  d="m12 15-3-3a22 22 0 0 1 2-3.95A12.88 12.88 0 0 1 22 2c0 2.72-.78 7.5-6 11a22.35 22.35 0 0 1-4 2z"
                />
                <path
                  d="M9 12H4s.55-3.03 2-4c1.62-1.08 5 0 5 0"
                />
                <path
                  d="M12 15v5s3.03-.55 4-2c1.08-1.62 0-5 0-5"
                />
              </svg>
              Iniciar Novo Ciclo
            </button>
          </div>
          <div
            class="bg-white rounded-lg shadow-sm p-6"
          >
            <div
              class="grid grid-cols-1 md:grid-cols-2 lg:grid-cols-3 gap-6 max-h-[60vh] lg:max-h-none overflow-y-auto lotes-grid"
            >
              <div
                aria-label="Ver detalhes do lote 101"
                class="bg-gray-50 rounded-lg p-5 border border-gray-200 hover:shadow-lg hover:border-primary transition-all cursor-pointer"
                role="button"
                tabindex="0"
              >
                <div
                  class="mb-4"
                >
                  <div
                    class="flex items-center justify-between mb-1"
                  >
                    <h5
                      class="font-semibold text-gray-800 text-base"
                    >
                      Lote ID: 
                      101
                    </h5>
                  </div>
                  <p
                    class="text-sm text-gray-600"
                  >
                    Empresa: 
                    Empresa Teste
                  </p>
                  <p
                    class="text-xs text-gray-500"
                  >
                    Liberado em
                     
                    Invalid Date
                     ├ás
                     
                    Invalid Date
                  </p>
                </div>
                <div
                  class="space-y-2 mb-4"
                >
                  <div
                    class="flex justify-between text-sm"
                  >
                    <span>
                      Avalia├º├Áes liberadas:
                    </span>
                    <span
                      class="font-medium"
                    >
                      10
                    </span>
                  </div>
                  <div
                    class="flex justify-between text-sm"
                  >
                    <span>
                      Conclu├¡das:
                    </span>
                    <span
                      class="font-medium text-green-600"
                    >
                      10
                    </span>
                  </div>
                  <div
                    class="flex justify-between text-sm"
                  >
                    <span>
                      Ativas consideradas:
                    </span>
                    <span
                      class="font-medium text-blue-600"
                    >
                      NaN
                    </span>
                  </div>
                  <div
                    class="flex justify-between text-sm"
                  >
                    <span>
                      Status relat├│rio:
                    </span>
                    <span
                      class="px-2 py-1 text-xs rounded-full font-medium bg-yellow-100 text-yellow-800"
                    >
                      Pendente
                    </span>
                  </div>
                </div>
              </div>
            </div>
          </div>
        </div>
      </div>
    </body>

      295 |
      296 |     // Now the laudo section should be visible
    > 297 |     expect(screen.getByText('­ƒôä Laudo dispon├¡vel')).toBeInTheDocument();
          |                   ^
      298 |     expect(
      299 |       screen.getByRole('button', { name: /Ver Laudo\/Baixar PDF/ })
      300 |     ).toBeInTheDocument();

      at Object.getElementError (node_modules/.pnpm/@testing-library+dom@10.4.1/node_modules/@testing-library/dom/dist/config.js:37:19)
      at node_modules/.pnpm/@testing-library+dom@10.4.1/node_modules/@testing-library/dom/dist/query-helpers.js:76:38
      at node_modules/.pnpm/@testing-library+dom@10.4.1/node_modules/@testing-library/dom/dist/query-helpers.js:52:17
      at node_modules/.pnpm/@testing-library+dom@10.4.1/node_modules/@testing-library/dom/dist/query-helpers.js:95:19
      at Object.getByText (__tests__/entidade/lotes-page.test.tsx:297:19)

  ÔùÅ EntidadeLotesPage ÔÇ║ shows canceled badge and disables interactions when lote is cancelado

    TestingLibraryElementError: Unable to find an element with the text: ­ƒôï Relat├│rio por Setor. This could be because the text is broken up by multiple elements. In this case, you can provide a function for your text matcher to make your matcher more flexible.

    Ignored nodes: comments, script, style
    <body>
      <div>
        <div>
          <div
            class="mb-6 flex justify-between items-center"
          >
            <div>
              <h1
                class="text-2xl font-bold text-gray-800"
              >
                Ciclos de Coletas Avaliativas
              </h1>
              <p
                class="text-gray-600"
              >
                Acompanhe o progresso dos ciclos de coletas avaliativas
              </p>
            </div>
            <button
              class="inline-flex items-center gap-2 bg-primary text-white px-4 py-2 rounded-lg hover:bg-primary-hover transition-colors font-medium"
            >
              <svg
                aria-hidden="true"
                class="lucide lucide-rocket"
                fill="none"
                height="18"
                stroke="currentColor"
                stroke-linecap="round"
                stroke-linejoin="round"
                stroke-width="2"
                viewBox="0 0 24 24"
                width="18"
                xmlns="http://www.w3.org/2000/svg"
              >
                <path
                  d="M4.5 16.5c-1.5 1.26-2 5-2 5s3.74-.5 5-2c.71-.84.7-2.13-.09-2.91a2.18 2.18 0 0 0-2.91-.09z"
                />
                <path
                  d="m12 15-3-3a22 22 0 0 1 2-3.95A12.88 12.88 0 0 1 22 2c0 2.72-.78 7.5-6 11a22.35 22.35 0 0 1-4 2z"
                />
                <path
                  d="M9 12H4s.55-3.03 2-4c1.62-1.08 5 0 5 0"
                />
                <path
                  d="M12 15v5s3.03-.55 4-2c1.08-1.62 0-5 0-5"
                />
              </svg>
              Iniciar Novo Ciclo
            </button>
          </div>
          <div
            class="bg-white rounded-lg shadow-sm p-6"
          >
            <div
              class="grid grid-cols-1 md:grid-cols-2 lg:grid-cols-3 gap-6 max-h-[60vh] lg:max-h-none overflow-y-auto lotes-grid"
            >
              <div
                aria-label="Ver detalhes do lote 200"
                class="bg-gray-50 rounded-lg p-5 border border-gray-200 hover:shadow-lg hover:border-primary transition-all cursor-pointer"
                role="button"
                tabindex="0"
              >
                <div
                  class="mb-4"
                >
                  <div
                    class="flex items-center justify-between mb-1"
                  >
                    <h5
                      class="font-semibold text-gray-800 text-base"
                    >
                      Lote ID: 
                      200
                    </h5>
                    <span
                      class="inline-flex items-center px-2 py-1 rounded-full text-xs font-medium bg-orange-100 text-orange-800 border border-orange-200"
                    >
                      ÔÜá´©Å 
                      5
                       inativada
                      s
                    </span>
                  </div>
                  <p
                    class="text-sm text-gray-600"
                  >
                    Empresa: 
                    Empresa Cancelada
                  </p>
                  <p
                    class="text-xs text-gray-500"
                  >
                    Liberado em
                     
                    20/02/2026
                     ├ás
                     
                    12:38
                  </p>
                </div>
                <div
                  class="space-y-2 mb-4"
                >
                  <div
                    class="flex justify-between text-sm"
                  >
                    <span>
                      Avalia├º├Áes liberadas:
                    </span>
                    <span
                      class="font-medium"
                    >
                      5
                    </span>
                  </div>
                  <div
                    class="flex justify-between text-sm"
                  >
                    <span>
                      Conclu├¡das:
                    </span>
                    <span
                      class="font-medium text-green-600"
                    >
                      0
                    </span>
                  </div>
                  <div
                    class="flex justify-between text-sm"
                  >
                    <span
                      class="flex items-center gap-1"
                    >
                      <span>
                        Inativadas:
                      </span>
                      <span
                        class="text-xs text-gray-500"
                        title="Avalia├º├Áes de funcion├írios inativos n├úo contam para a prontid├úo"
                      >
                        Ôôÿ
                      </span>
                    </span>
                    <span
                      class="font-medium text-red-600"
                    >
                      5
                    </span>
                  </div>
                  <div
                    class="flex justify-between text-sm"
                  >
                    <span>
                      Ativas consideradas:
                    </span>
                    <span
                      class="font-medium text-blue-600"
                    >
                      0
                    </span>
                  </div>
                  <div
                    class="flex justify-between text-sm"
                  >
                    <span>
                      Status relat├│rio:
                    </span>
                    <span
                      class="px-2 py-1 text-xs rounded-full font-medium bg-red-100 text-red-800"
                    >
                      Cancelado
                    </span>
                  </div>
                  <div
                    class="flex justify-between text-sm"
                  >
                    <span>
                      Taxa de conclus├úo:
                    </span>
                    <span
                      class="font-medium text-gray-700"
                    >
                      0.00
                      %
                       
                      <span
                        class="text-xs text-gray-500"
                      >
                        (informativa)
                      </span>
                    </span>
                  </div>
                </div>
              </div>
            </div>
          </div>
        </div>
      </div>
    </body>

      360 |
      361 |     // O bot├úo de relat├│rio por setor deve estar habilitado para lotes conclu├¡dos
    > 362 |     expect(screen.getByText('­ƒôï Relat├│rio por Setor')).toBeEnabled();
          |                   ^
      363 |
      364 |     // Laudo deve estar dispon├¡vel quando lote est├í conclu├¡do e tem laudo
      365 |     expect(screen.getByText('­ƒôä Laudo dispon├¡vel')).toBeInTheDocument();

      at Object.getElementError (node_modules/.pnpm/@testing-library+dom@10.4.1/node_modules/@testing-library/dom/dist/config.js:37:19)
      at node_modules/.pnpm/@testing-library+dom@10.4.1/node_modules/@testing-library/dom/dist/query-helpers.js:76:38
      at node_modules/.pnpm/@testing-library+dom@10.4.1/node_modules/@testing-library/dom/dist/query-helpers.js:52:17
      at node_modules/.pnpm/@testing-library+dom@10.4.1/node_modules/@testing-library/dom/dist/query-helpers.js:95:19
      at Object.getByText (__tests__/entidade/lotes-page.test.tsx:362:19)

FAIL __tests__/emissor/emissor-workflow-improvements.test.ts
  ÔùÅ Console

    console.log
      [dotenv@17.2.3] injecting env (0) from .env.test -- tip: ­ƒôí add observability to secrets: https://dotenvx.com/ops

      at _log (node_modules/.pnpm/dotenv@17.2.3/node_modules/dotenv/lib/main.js:142:11)

    console.log
      ­ƒøí´©Å [jest.setup] Removendo DATABASE_URL do ambiente de testes (valor n├úo importa)

      at Object.<anonymous> (__tests__/config/jest.setup.js:125:17)

    console.log
      ­ƒøí´©Å [jest.setup] Prote├º├úo do banco de testes ativada - usando: nr-bps_db_test

      at Object.<anonymous> (__tests__/config/jest.setup.js:150:13)

    console.log
      ­ƒöî [lib/db.ts] Conectado ao banco: nr-bps_db_test @ localhost (ambiente: test)

      at Object.log (lib/db.ts:673:15)

  ÔùÅ Emissor Workflow - Melhorias UX ÔÇ║ Backend - API /api/entidade/lote/[id] ÔÇ║ deve fazer LEFT JOIN com fila_emissao

    expect(received).toMatch(expected)

    Expected pattern: /LEFT JOIN fila_emissao.*ON.*lote_id/s
    Received string:  "import { NextResponse } from 'next/server';┬À
    import { query } from '@/lib/db';┬À
    import { getSession } from '@/lib/session';┬À┬À┬À
    export const dynamic = 'force-dynamic';┬À
    export const revalidate = 0;┬À┬À┬À
    export async function GET(┬À
      request: Request,┬À
      { params }: { params: { id: string } }┬À
    ) {┬À
      try {┬À
        // Verificar sess├úo e perfil┬À
        const session = getSession();┬À┬À┬À
        if (!session) {┬À
          return NextResponse.json({ error: 'N├úo autorizado' }, { status: 401 });┬À
        }┬À┬À┬À
        if (session.perfil !== 'gestor') {┬À
          return NextResponse.json({ error: 'Acesso negado' }, { status: 403 });┬À
        }┬À┬À┬À
        if (!session.entidade_id) {┬À
          return NextResponse.json(┬À
            { error: 'Entidade n├úo identificada' },┬À
            { status: 403 }┬À
          );┬À
        }┬À┬À┬À
        const loteId = parseInt(params.id);┬À
        if (isNaN(loteId)) {┬À
          return NextResponse.json(┬À
            { error: 'ID do lote inv├ílido' },┬À
            { status: 400 }┬À
          );┬À
        }┬À┬À┬À
        // Buscar informa├º├Áes do lote e verificar se pertence ├á entidade do usu├írio┬À
        const loteResult = await query(┬À
          `┬À
          SELECT┬À
            la.id,┬À
            la.tipo,┬À
            la.status,┬À
            la.status_pagamento,┬À
            la.criado_em,┬À
            la.liberado_em,┬À
            l.emitido_em as laudo_emitido_em,┬À
            CASE WHEN fe.id IS NOT NULL THEN true ELSE false END as emissao_solicitada,┬À
            fe.solicitado_em as emissao_solicitado_em,┬À
            CASE┬À┬À
              WHEN l.id IS NOT NULL AND l.status = 'emitido' AND l.arquivo_remoto_url IS NOT NULL┬À
              THEN true┬À┬À
              ELSE false┬À┬À
            END as tem_laudo,┬À
            l.id as laudo_id,┬À
            l.status as laudo_status,┬À
            l.emissor_cpf,┬À
            l.hash_pdf,┬À
            l.arquivo_remoto_url,┬À
            -- Informa├º├úo de boleto pendente para auto-reconcilia├º├úo no frontend┬À
            (┬À
              SELECT p.asaas_payment_id┬À
              FROM pagamentos p┬À
              WHERE (p.entidade_id = la.entidade_id OR p.clinica_id = la.clinica_id)┬À
                AND p.status = 'pendente'┬À
                AND p.asaas_payment_id IS NOT NULL┬À
              ORDER BY p.criado_em DESC┬À
              LIMIT 1┬À
            ) as boleto_asaas_id_pendente┬À
          FROM lotes_avaliacao la┬À
          LEFT JOIN v_fila_emissao fe ON fe.lote_id = la.id┬À
          LEFT JOIN laudos l ON l.lote_id = la.id┬À
          INNER JOIN avaliacoes a ON a.lote_id = la.id┬À
          INNER JOIN funcionarios f ON a.funcionario_cpf = f.cpf┬À
          INNER JOIN funcionarios_entidades fe2 ON fe2.funcionario_id = f.id┬À
          WHERE la.id = $1 AND fe2.entidade_id = $2 AND fe2.ativo = true┬À
          LIMIT 1┬À
        `,┬À
          [loteId, session.entidade_id]┬À
        );┬À┬À┬À
        if (loteResult.rows.length === 0) {┬À
          return NextResponse.json(┬À
            { error: 'Lote n├úo encontrado ou n├úo pertence ├á sua entidade' },┬À
            { status: 404 }┬À
          );┬À
        }┬À┬À┬À
        const lote = loteResult.rows[0];┬À┬À┬À
        // Buscar estat├¡sticas (excluindo avalia├º├Áes inativadas dos pendentes)┬À
        const statsResult = await query(┬À
          `┬À
          SELECT┬À
            COUNT(DISTINCT f.id) as total_funcionarios,┬À
            COUNT(DISTINCT CASE WHEN a.status = 'concluida' OR a.status = 'concluido' THEN f.id END) as funcionarios_concluidos,┬À
            COUNT(DISTINCT CASE WHEN a.status IN ('iniciada', 'em_andamento') THEN f.id END) as funcionarios_pendentes┬À
          FROM avaliacoes a┬À
          JOIN funcionarios f ON a.funcionario_cpf = f.cpf┬À
          JOIN funcionarios_entidades fe ON fe.funcionario_id = f.id AND fe.ativo = true┬À
          WHERE a.lote_id = $1 AND fe.entidade_id = $2 AND a.status != 'inativada'┬À
        `,┬À
          [loteId, session.entidade_id]┬À
        );┬À┬À┬À
        const estatisticas = statsResult.rows[0];┬À┬À┬À
        // Buscar funcion├írios e suas avalia├º├Áes (incluindo contagem de respostas)┬À
        const funcionariosResult = await query(┬À
          `┬À
          SELECT┬À
            f.cpf,┬À
            f.nome,┬À
            f.setor,┬À
            f.funcao,┬À
            f.nivel_cargo,┬À
            a.id as avaliacao_id,┬À
            a.status as avaliacao_status,┬À
            a.inicio as avaliacao_data_inicio,┬À
            a.envio as avaliacao_data_conclusao,┬À
            a.motivo_inativacao,┬À
            a.inativada_em,┬À
            (SELECT COUNT(DISTINCT (r.grupo, r.item)) FROM respostas r WHERE r.avaliacao_id = a.id) as total_respostas┬À
          FROM funcionarios f┬À
          JOIN avaliacoes a ON a.funcionario_cpf = f.cpf┬À
          JOIN funcionarios_entidades fe ON fe.funcionario_id = f.id AND fe.ativo = true┬À
          WHERE a.lote_id = $1 AND fe.entidade_id = $2┬À
          ORDER BY f.nome ASC┬À
        `,┬À
          [loteId, session.entidade_id]┬À
        );┬À┬À┬À
        // Calcular m├®dias dos grupos G1-G10 para cada funcion├írio┬À
        const funcionariosComGrupos = await Promise.all(┬À
          funcionariosResult.rows.map(async (row) => {┬À
            const mediasGrupos: { [key: string]: number } = {};┬À┬À┬À
            // Apenas calcular se avalia├º├úo est├í conclu├¡da┬À
            if (┬À
              row.avaliacao_status === 'concluida' ||┬À
              row.avaliacao_status === 'concluido'┬À
            ) {┬À
              const respostasResult = await query(┬À
                `┬À
                SELECT grupo, AVG(valor) as media┬À
                FROM respostas┬À
                WHERE avaliacao_id = $1┬À
                GROUP BY grupo┬À
                ORDER BY grupo┬À
              `,┬À
                [row.avaliacao_id]┬À
              );┬À┬À┬À
              respostasResult.rows.forEach((grupoRow: any) => {┬À
                mediasGrupos[`g${grupoRow.grupo}`] = parseFloat(grupoRow.media);┬À
              });┬À
            }┬À┬À┬À
            return {┬À
              cpf: row.cpf,┬À
              nome: row.nome,┬À
              setor: row.setor,┬À
              funcao: row.funcao,┬À
              nivel_cargo: row.nivel_cargo,┬À
              avaliacao: {┬À
                id: row.avaliacao_id,┬À
                status: row.avaliacao_status,┬À
                data_inicio: row.avaliacao_data_inicio,┬À
                data_conclusao: row.avaliacao_data_conclusao,┬À
                motivo_inativacao: row.motivo_inativacao,┬À
                inativada_em: row.inativada_em,┬À
                total_respostas: parseInt(row.total_respostas) || 0,┬À
              },┬À
              grupos: mediasGrupos,┬À
            };┬À
          })┬À
        );┬À┬À┬À
        const response = NextResponse.json({┬À
          lote,┬À
          estatisticas: {┬À
            total_funcionarios: parseInt(estatisticas.total_funcionarios),┬À
            funcionarios_concluidos: parseInt(estatisticas.funcionarios_concluidos),┬À
            funcionarios_pendentes: parseInt(estatisticas.funcionarios_pendentes),┬À
          },┬À
          funcionarios: funcionariosComGrupos,┬À
        });┬À┬À┬À
        // For├ºar sem cache┬À
        response.headers.set(┬À
          'Cache-Control',┬À
          'no-store, no-cache, must-revalidate, max-age=0'┬À
        );┬À
        response.headers.set('Pragma', 'no-cache');┬À
        response.headers.set('Expires', '0');┬À┬À┬À
        return response;┬À
      } catch (error) {┬À
        console.error('Erro ao buscar detalhes do lote:', error);┬À
        return NextResponse.json(┬À
          { error: 'Erro interno do servidor' },┬À
          { status: 500 }┬À
        );┬À
      }┬À
    }┬À
    "

      162 |
      163 |     it('deve fazer LEFT JOIN com fila_emissao', () => {
    > 164 |       expect(apiContent).toMatch(/LEFT JOIN fila_emissao.*ON.*lote_id/s);
          |                          ^
      165 |     });
      166 |
      167 |     it('deve fazer LEFT JOIN com laudos', () => {

      at Object.toMatch (__tests__/emissor/emissor-workflow-improvements.test.ts:164:26)

  ÔùÅ Emissor Workflow - Melhorias UX ÔÇ║ Integra├º├úo - Valida├º├úo de Estrutura ÔÇ║ deve permitir consultar fila_emissao com campos de rastreabilidade

    expect(received).toBe(expected) // Object.is equality

    Expected: 3
    Received: 0

      229 |       );
      230 |
    > 231 |       expect(result.rows.length).toBe(3);
          |                                  ^
      232 |
      233 |       const columns = result.rows.map((r) => r.column_name);
      234 |       expect(columns).toContain('solicitado_por');

      at Object.toBe (__tests__/emissor/emissor-workflow-improvements.test.ts:231:34)

  ÔùÅ Emissor Workflow - Melhorias UX ÔÇ║ Integra├º├úo - Valida├º├úo de Estrutura ÔÇ║ deve combinar fila_emissao e laudos corretamente

    error: coluna fe.solicitado_por n├úo existe

      487 |         // No session: just execute the query normally
      488 |         try {
    > 489 |           const result = await client.query(text, params);
          |                          ^
      490 |           const duration = Date.now() - start;
      491 |
      492 |           // Log apenas queries lentas (>500ms)

      at node_modules/.pnpm/pg@8.16.3/node_modules/pg/lib/client.js:545:17
      at query (lib/db.ts:489:26)
      at Object.<anonymous> (__tests__/emissor/emissor-workflow-improvements.test.ts:281:22)

RBAC seed applied to test database
RBAC seed applied to test database
RBAC seed applied to test database
RBAC seed applied to test database
FAIL __tests__/api/emissor/validacao-acesso-lotes.test.ts
  ÔùÅ Console

    console.log
      [dotenv@17.2.3] injecting env (0) from .env.test -- tip: Ô£à audit secrets and track compliance: https://dotenvx.com/ops

      at _log (node_modules/.pnpm/dotenv@17.2.3/node_modules/dotenv/lib/main.js:142:11)

    console.log
      ­ƒøí´©Å [jest.setup] Removendo DATABASE_URL do ambiente de testes (valor n├úo importa)

      at Object.<anonymous> (__tests__/config/jest.setup.js:125:17)

    console.log
      ­ƒøí´©Å [jest.setup] Prote├º├úo do banco de testes ativada - usando: nr-bps_db_test

      at Object.<anonymous> (__tests__/config/jest.setup.js:150:13)

    console.log
      ­ƒöî [lib/db.ts] Conectado ao banco: nr-bps_db_test @ localhost (ambiente: test)

      at Object.log (lib/db.ts:673:15)

  ÔùÅ Valida├º├úo de Acesso a Lotes - Rotas Emissor (Item 3) ÔÇ║ Helper validarAcessoLote ÔÇ║ deve validar exist├¬ncia de lote e retornar metadados completos

    error: o valor nulo na coluna "telefone" da rela├º├úo "clinicas" viola a restri├º├úo de n├úo-nulo

      487 |         // No session: just execute the query normally
      488 |         try {
    > 489 |           const result = await client.query(text, params);
          |                          ^
      490 |           const duration = Date.now() - start;
      491 |
      492 |           // Log apenas queries lentas (>500ms)

      at node_modules/.pnpm/pg@8.16.3/node_modules/pg/lib/client.js:545:17
      at query (lib/db.ts:489:26)
      at Object.<anonymous> (__tests__/api/emissor/validacao-acesso-lotes.test.ts:20:29)

  ÔùÅ Valida├º├úo de Acesso a Lotes - Rotas Emissor (Item 3) ÔÇ║ Helper validarAcessoLote ÔÇ║ deve retornar vazio para lote inexistente

    error: o valor nulo na coluna "telefone" da rela├º├úo "clinicas" viola a restri├º├úo de n├úo-nulo

      487 |         // No session: just execute the query normally
      488 |         try {
    > 489 |           const result = await client.query(text, params);
          |                          ^
      490 |           const duration = Date.now() - start;
      491 |
      492 |           // Log apenas queries lentas (>500ms)

      at node_modules/.pnpm/pg@8.16.3/node_modules/pg/lib/client.js:545:17
      at query (lib/db.ts:489:26)
      at Object.<anonymous> (__tests__/api/emissor/validacao-acesso-lotes.test.ts:20:29)

  ÔùÅ Valida├º├úo de Acesso a Lotes - Rotas Emissor (Item 3) ÔÇ║ Helper validarAcessoLote ÔÇ║ deve funcionar para lotes sem empresa (tomador direto)

    error: o valor nulo na coluna "telefone" da rela├º├úo "clinicas" viola a restri├º├úo de n├úo-nulo

      487 |         // No session: just execute the query normally
      488 |         try {
    > 489 |           const result = await client.query(text, params);
          |                          ^
      490 |           const duration = Date.now() - start;
      491 |
      492 |           // Log apenas queries lentas (>500ms)

      at node_modules/.pnpm/pg@8.16.3/node_modules/pg/lib/client.js:545:17
      at query (lib/db.ts:489:26)
      at Object.<anonymous> (__tests__/api/emissor/validacao-acesso-lotes.test.ts:20:29)

  ÔùÅ Valida├º├úo de Acesso a Lotes - Rotas Emissor (Item 3) ÔÇ║ Auditoria de Acesso ÔÇ║ deve registrar acesso do emissor com metadados completos

    error: o valor nulo na coluna "telefone" da rela├º├úo "clinicas" viola a restri├º├úo de n├úo-nulo

      487 |         // No session: just execute the query normally
      488 |         try {
    > 489 |           const result = await client.query(text, params);
          |                          ^
      490 |           const duration = Date.now() - start;
      491 |
      492 |           // Log apenas queries lentas (>500ms)

      at node_modules/.pnpm/pg@8.16.3/node_modules/pg/lib/client.js:545:17
      at query (lib/db.ts:489:26)
      at Object.<anonymous> (__tests__/api/emissor/validacao-acesso-lotes.test.ts:130:29)

  ÔùÅ Valida├º├úo de Acesso a Lotes - Rotas Emissor (Item 3) ÔÇ║ Auditoria de Acesso ÔÇ║ deve permitir consultar hist├│rico de acessos por lote

    error: o valor nulo na coluna "telefone" da rela├º├úo "clinicas" viola a restri├º├úo de n├úo-nulo

      487 |         // No session: just execute the query normally
      488 |         try {
    > 489 |           const result = await client.query(text, params);
          |                          ^
      490 |           const duration = Date.now() - start;
      491 |
      492 |           // Log apenas queries lentas (>500ms)

      at node_modules/.pnpm/pg@8.16.3/node_modules/pg/lib/client.js:545:17
      at query (lib/db.ts:489:26)
      at Object.<anonymous> (__tests__/api/emissor/validacao-acesso-lotes.test.ts:130:29)

  ÔùÅ Valida├º├úo de Acesso a Lotes - Rotas Emissor (Item 3) ÔÇ║ Auditoria de Acesso ÔÇ║ deve registrar timestamp preciso do acesso

    error: o valor nulo na coluna "telefone" da rela├º├úo "clinicas" viola a restri├º├úo de n├úo-nulo

      487 |         // No session: just execute the query normally
      488 |         try {
    > 489 |           const result = await client.query(text, params);
          |                          ^
      490 |           const duration = Date.now() - start;
      491 |
      492 |           // Log apenas queries lentas (>500ms)

      at node_modules/.pnpm/pg@8.16.3/node_modules/pg/lib/client.js:545:17
      at query (lib/db.ts:489:26)
      at Object.<anonymous> (__tests__/api/emissor/validacao-acesso-lotes.test.ts:130:29)

  ÔùÅ Valida├º├úo de Acesso a Lotes - Rotas Emissor (Item 3) ÔÇ║ Seguran├ºa: Bloqueio de Acesso Indevido ÔÇ║ deve garantir que query de valida├º├úo n├úo retorna lotes de outras cl├¡nicas por engano

    error: o valor nulo na coluna "telefone" da rela├º├úo "clinicas" viola a restri├º├úo de n├úo-nulo

      487 |         // No session: just execute the query normally
      488 |         try {
    > 489 |           const result = await client.query(text, params);
          |                          ^
      490 |           const duration = Date.now() - start;
      491 |
      492 |           // Log apenas queries lentas (>500ms)

      at node_modules/.pnpm/pg@8.16.3/node_modules/pg/lib/client.js:545:17
      at query (lib/db.ts:489:26)
      at Object.<anonymous> (__tests__/api/emissor/validacao-acesso-lotes.test.ts:268:30)


  ÔùÅ Test suite failed to run

    error: coluna "entidade" n├úo existe

      487 |         // No session: just execute the query normally
      488 |         try {
    > 489 |           const result = await client.query(text, params);
          |                          ^
      490 |           const duration = Date.now() - start;
      491 |
      492 |           // Log apenas queries lentas (>500ms)

      at node_modules/.pnpm/pg@8.16.3/node_modules/pg/lib/client.js:545:17
      at query (lib/db.ts:489:26)
      at Object.<anonymous> (__tests__/api/emissor/validacao-acesso-lotes.test.ts:160:7)

FAIL __tests__/integration/fluxo-cadastro-regressao.test.ts
  ÔùÅ Console

    console.log
      [dotenv@17.2.3] injecting env (0) from .env.test -- tip: ­ƒæÑ sync secrets across teammates & machines: https://dotenvx.com/ops

      at _log (node_modules/.pnpm/dotenv@17.2.3/node_modules/dotenv/lib/main.js:142:11)

    console.log
      ­ƒøí´©Å [jest.setup] Removendo DATABASE_URL do ambiente de testes (valor n├úo importa)

      at Object.<anonymous> (__tests__/config/jest.setup.js:125:17)

    console.log
      ­ƒøí´©Å [jest.setup] Prote├º├úo do banco de testes ativada - usando: nr-bps_db_test

      at Object.<anonymous> (__tests__/config/jest.setup.js:150:13)

    console.log
      ­ƒöî [lib/db.ts] Conectado ao banco: nr-bps_db_test @ localhost (ambiente: test)

      at Object.log (lib/db.ts:673:15)

  ÔùÅ Fluxo Cadastro - Suite de Regress├úo ÔÇ║ Plano fixo: cria tomador, confirma pagamento e permite login do gestor

    error: rela├º├úo "tomadors" n├úo existe

      487 |         // No session: just execute the query normally
      488 |         try {
    > 489 |           const result = await client.query(text, params);
          |                          ^
      490 |           const duration = Date.now() - start;
      491 |
      492 |           // Log apenas queries lentas (>500ms)

      at node_modules/.pnpm/pg@8.16.3/node_modules/pg/lib/client.js:545:17
      at query (lib/db.ts:489:26)
      at Object.<anonymous> (__tests__/integration/fluxo-cadastro-regressao.test.ts:94:17)

  ÔùÅ Fluxo Cadastro - Suite de Regress├úo ÔÇ║ Pagamento parcelado: deve criar notifica├º├Áes para parcelas futuras

    error: rela├º├úo "tomadors" n├úo existe

      487 |         // No session: just execute the query normally
      488 |         try {
    > 489 |           const result = await client.query(text, params);
          |                          ^
      490 |           const duration = Date.now() - start;
      491 |
      492 |           // Log apenas queries lentas (>500ms)

      at node_modules/.pnpm/pg@8.16.3/node_modules/pg/lib/client.js:545:17
      at query (lib/db.ts:489:26)
      at Object.<anonymous> (__tests__/integration/fluxo-cadastro-regressao.test.ts:254:20)

FAIL __tests__/api/entidade/funcionarios/import.route.test.ts
  ÔùÅ Console

    console.log
      [dotenv@17.2.3] injecting env (0) from .env.test -- tip: ­ƒøá´©Å  run anywhere with `dotenvx run -- yourcommand`

      at _log (node_modules/.pnpm/dotenv@17.2.3/node_modules/dotenv/lib/main.js:142:11)

    console.log
      ­ƒøí´©Å [jest.setup] Removendo DATABASE_URL do ambiente de testes (valor n├úo importa)

      at Object.<anonymous> (__tests__/config/jest.setup.js:125:17)

    console.log
      ­ƒøí´©Å [jest.setup] Prote├º├úo do banco de testes ativada - usando: nr-bps_db_test

      at Object.<anonymous> (__tests__/config/jest.setup.js:150:13)

  ÔùÅ import route ÔÇ║ inserts funcionarios with correct perfil and creates relationship

    expect(received).toBe(expected) // Object.is equality

    Expected: 200
    Received: 500

      345 |     const json = await res.json();
      346 |
    > 347 |     expect(res.status).toBe(200);
          |                        ^
      348 |     expect(json.success).toBe(true);
      349 |
      350 |     // Verificar que o INSERT em funcionarios usa perfil (n├úo usuario_tipo)

      at Object.toBe (__tests__/api/entidade/funcionarios/import.route.test.ts:347:24)

PASS __tests__/integration/savepoint-laudo-duplicate.test.ts
  ÔùÅ Console

    console.log
      [dotenv@17.2.3] injecting env (0) from .env.test -- tip: ­ƒôí add observability to secrets: https://dotenvx.com/ops

      at _log (node_modules/.pnpm/dotenv@17.2.3/node_modules/dotenv/lib/main.js:142:11)

    console.log
      ­ƒøí´©Å [jest.setup] Removendo DATABASE_URL do ambiente de testes (valor n├úo importa)

      at Object.<anonymous> (__tests__/config/jest.setup.js:125:17)

    console.log
      ­ƒøí´©Å [jest.setup] Prote├º├úo do banco de testes ativada - usando: nr-bps_db_test

      at Object.<anonymous> (__tests__/config/jest.setup.js:150:13)

    console.log
      ­ƒöî [lib/db.ts] Conectado ao banco: nr-bps_db_test @ localhost (ambiente: test)

      at Object.log (lib/db.ts:673:15)

    console.log
      [withTransaction] Transa├º├úo iniciada para rh (CPF: ***8909)

      at log (lib/db-transaction.ts:78:13)

    console.log
      [TEST] Laudo falhou (esperado), continuando transa├º├úo

      at log (__tests__/integration/savepoint-laudo-duplicate.test.ts:144:19)

    console.log
      [withTransaction] Transa├º├úo commitada com sucesso para rh

      at log (lib/db-transaction.ts:88:13)

    console.log
      [withTransaction] Transa├º├úo iniciada para rh (CPF: ***8909)

      at log (lib/db-transaction.ts:78:13)

    console.log
      [withTransaction] Transa├º├úo commitada com sucesso para rh

      at log (lib/db-transaction.ts:88:13)

    console.log
      [withTransaction] Transa├º├úo iniciada para rh (CPF: ***8909)

      at log (lib/db-transaction.ts:78:13)

RBAC seed applied to test database
RBAC seed applied to test database
RBAC seed applied to test database
RBAC seed applied to test database
FAIL __tests__/auth/funcionario-rls-authentication.test.ts
  ÔùÅ Console

    console.log
      [dotenv@17.2.3] injecting env (0) from .env.test -- tip: ÔÜÖ´©Å  load multiple .env files with { path: ['.env.local', '.env'] }

      at _log (node_modules/.pnpm/dotenv@17.2.3/node_modules/dotenv/lib/main.js:142:11)

    console.log
      ­ƒøí´©Å [jest.setup] Removendo DATABASE_URL do ambiente de testes (valor n├úo importa)

      at Object.<anonymous> (__tests__/config/jest.setup.js:125:17)

    console.log
      ­ƒøí´©Å [jest.setup] Prote├º├úo do banco de testes ativada - usando: nr-bps_db_test

      at Object.<anonymous> (__tests__/config/jest.setup.js:150:13)

    console.log
      ­ƒöî [lib/db.ts] Conectado ao banco: nr-bps_db_test @ localhost (ambiente: test)

      at Object.log (lib/db.ts:673:15)

  ÔùÅ Autentica├º├úo Funcion├írio + RLS ÔÇ║ 1. Estrutura de Dados ÔÇ║ tabela funcionarios deve ter senha_hash

    error: o valor nulo na coluna "responsavel_cpf" da rela├º├úo "clinicas" viola a restri├º├úo de n├úo-nulo

      487 |         // No session: just execute the query normally
      488 |         try {
    > 489 |           const result = await client.query(text, params);
          |                          ^
      490 |           const duration = Date.now() - start;
      491 |
      492 |           // Log apenas queries lentas (>500ms)

      at node_modules/.pnpm/pg@8.16.3/node_modules/pg/lib/client.js:545:17
      at query (lib/db.ts:489:26)
      at Object.<anonymous> (__tests__/auth/funcionario-rls-authentication.test.ts:38:27)

  ÔùÅ Autentica├º├úo Funcion├írio + RLS ÔÇ║ 1. Estrutura de Dados ÔÇ║ funcion├írio de teste deve ter senha hash v├ílida

    error: o valor nulo na coluna "responsavel_cpf" da rela├º├úo "clinicas" viola a restri├º├úo de n├úo-nulo

      487 |         // No session: just execute the query normally
      488 |         try {
    > 489 |           const result = await client.query(text, params);
          |                          ^
      490 |           const duration = Date.now() - start;
      491 |
      492 |           // Log apenas queries lentas (>500ms)

      at node_modules/.pnpm/pg@8.16.3/node_modules/pg/lib/client.js:545:17
      at query (lib/db.ts:489:26)
      at Object.<anonymous> (__tests__/auth/funcionario-rls-authentication.test.ts:38:27)

  ÔùÅ Autentica├º├úo Funcion├írio + RLS ÔÇ║ 1. Estrutura de Dados ÔÇ║ tabela funcionarios_clinicas deve associar funcion├írio ├á cl├¡nica

    error: o valor nulo na coluna "responsavel_cpf" da rela├º├úo "clinicas" viola a restri├º├úo de n├úo-nulo

      487 |         // No session: just execute the query normally
      488 |         try {
    > 489 |           const result = await client.query(text, params);
          |                          ^
      490 |           const duration = Date.now() - start;
      491 |
      492 |           // Log apenas queries lentas (>500ms)

      at node_modules/.pnpm/pg@8.16.3/node_modules/pg/lib/client.js:545:17
      at query (lib/db.ts:489:26)
      at Object.<anonymous> (__tests__/auth/funcionario-rls-authentication.test.ts:38:27)

  ÔùÅ Autentica├º├úo Funcion├írio + RLS ÔÇ║ 2. Valida├º├úo de Senha (Login) ÔÇ║ bcrypt.compare deve validar senha correta

    error: o valor nulo na coluna "responsavel_cpf" da rela├º├úo "clinicas" viola a restri├º├úo de n├úo-nulo

      487 |         // No session: just execute the query normally
      488 |         try {
    > 489 |           const result = await client.query(text, params);
          |                          ^
      490 |           const duration = Date.now() - start;
      491 |
      492 |           // Log apenas queries lentas (>500ms)

      at node_modules/.pnpm/pg@8.16.3/node_modules/pg/lib/client.js:545:17
      at query (lib/db.ts:489:26)
      at Object.<anonymous> (__tests__/auth/funcionario-rls-authentication.test.ts:38:27)

  ÔùÅ Autentica├º├úo Funcion├írio + RLS ÔÇ║ 2. Valida├º├úo de Senha (Login) ÔÇ║ bcrypt.compare deve rejeitar senha incorreta

    error: o valor nulo na coluna "responsavel_cpf" da rela├º├úo "clinicas" viola a restri├º├úo de n├úo-nulo

      487 |         // No session: just execute the query normally
      488 |         try {
    > 489 |           const result = await client.query(text, params);
          |                          ^
      490 |           const duration = Date.now() - start;
      491 |
      492 |           // Log apenas queries lentas (>500ms)

      at node_modules/.pnpm/pg@8.16.3/node_modules/pg/lib/client.js:545:17
      at query (lib/db.ts:489:26)
      at Object.<anonymous> (__tests__/auth/funcionario-rls-authentication.test.ts:38:27)

  ÔùÅ Autentica├º├úo Funcion├írio + RLS ÔÇ║ 3. RLS com queryWithContext ÔÇ║ deve executar query com RLS vars configuradas

    error: o valor nulo na coluna "responsavel_cpf" da rela├º├úo "clinicas" viola a restri├º├úo de n├úo-nulo

      487 |         // No session: just execute the query normally
      488 |         try {
    > 489 |           const result = await client.query(text, params);
          |                          ^
      490 |           const duration = Date.now() - start;
      491 |
      492 |           // Log apenas queries lentas (>500ms)

      at node_modules/.pnpm/pg@8.16.3/node_modules/pg/lib/client.js:545:17
      at query (lib/db.ts:489:26)
      at Object.<anonymous> (__tests__/auth/funcionario-rls-authentication.test.ts:38:27)

  ÔùÅ Autentica├º├úo Funcion├írio + RLS ÔÇ║ 3. RLS com queryWithContext ÔÇ║ deve acessar apenas lotes da cl├¡nica associada

    error: o valor nulo na coluna "responsavel_cpf" da rela├º├úo "clinicas" viola a restri├º├úo de n├úo-nulo

      487 |         // No session: just execute the query normally
      488 |         try {
    > 489 |           const result = await client.query(text, params);
          |                          ^
      490 |           const duration = Date.now() - start;
      491 |
      492 |           // Log apenas queries lentas (>500ms)

      at node_modules/.pnpm/pg@8.16.3/node_modules/pg/lib/client.js:545:17
      at query (lib/db.ts:489:26)
      at Object.<anonymous> (__tests__/auth/funcionario-rls-authentication.test.ts:38:27)

  ÔùÅ Autentica├º├úo Funcion├írio + RLS ÔÇ║ 3. RLS com queryWithContext ÔÇ║ N├âO deve acessar lotes de outra cl├¡nica

    error: o valor nulo na coluna "responsavel_cpf" da rela├º├úo "clinicas" viola a restri├º├úo de n├úo-nulo

      487 |         // No session: just execute the query normally
      488 |         try {
    > 489 |           const result = await client.query(text, params);
          |                          ^
      490 |           const duration = Date.now() - start;
      491 |
      492 |           // Log apenas queries lentas (>500ms)

      at node_modules/.pnpm/pg@8.16.3/node_modules/pg/lib/client.js:545:17
      at query (lib/db.ts:489:26)
      at Object.<anonymous> (__tests__/auth/funcionario-rls-authentication.test.ts:38:27)

  ÔùÅ Autentica├º├úo Funcion├írio + RLS ÔÇ║ 4. RLS com transactionWithContext ÔÇ║ deve executar transa├º├úo com RLS vars configuradas

    error: o valor nulo na coluna "responsavel_cpf" da rela├º├úo "clinicas" viola a restri├º├úo de n├úo-nulo

      487 |         // No session: just execute the query normally
      488 |         try {
    > 489 |           const result = await client.query(text, params);
          |                          ^
      490 |           const duration = Date.now() - start;
      491 |
      492 |           // Log apenas queries lentas (>500ms)

      at node_modules/.pnpm/pg@8.16.3/node_modules/pg/lib/client.js:545:17
      at query (lib/db.ts:489:26)
      at Object.<anonymous> (__tests__/auth/funcionario-rls-authentication.test.ts:38:27)

  ÔùÅ Autentica├º├úo Funcion├írio + RLS ÔÇ║ 4. RLS com transactionWithContext ÔÇ║ deve manter RLS durante toda a transa├º├úo

    error: o valor nulo na coluna "responsavel_cpf" da rela├º├úo "clinicas" viola a restri├º├úo de n├úo-nulo

      487 |         // No session: just execute the query normally
      488 |         try {
    > 489 |           const result = await client.query(text, params);
          |                          ^
      490 |           const duration = Date.now() - start;
      491 |
      492 |           // Log apenas queries lentas (>500ms)

      at node_modules/.pnpm/pg@8.16.3/node_modules/pg/lib/client.js:545:17
      at query (lib/db.ts:489:26)
      at Object.<anonymous> (__tests__/auth/funcionario-rls-authentication.test.ts:38:27)

  ÔùÅ Autentica├º├úo Funcion├írio + RLS ÔÇ║ 5. Integra├º├úo: Login ÔåÆ Dashboard ÔåÆ Avaliac├úo ÔÇ║ fluxo completo deve funcionar com RLS

    error: o valor nulo na coluna "responsavel_cpf" da rela├º├úo "clinicas" viola a restri├º├úo de n├úo-nulo

      487 |         // No session: just execute the query normally
      488 |         try {
    > 489 |           const result = await client.query(text, params);
          |                          ^
      490 |           const duration = Date.now() - start;
      491 |
      492 |           // Log apenas queries lentas (>500ms)

      at node_modules/.pnpm/pg@8.16.3/node_modules/pg/lib/client.js:545:17
      at query (lib/db.ts:489:26)
      at Object.<anonymous> (__tests__/auth/funcionario-rls-authentication.test.ts:38:27)

FAIL __tests__/integration/centro-operacoes-notificacoes.test.ts
  ÔùÅ Console

    console.log
      [dotenv@17.2.3] injecting env (0) from .env.test -- tip: ­ƒöÉ prevent committing .env to code: https://dotenvx.com/precommit

      at _log (node_modules/.pnpm/dotenv@17.2.3/node_modules/dotenv/lib/main.js:142:11)

    console.log
      ­ƒøí´©Å [jest.setup] Removendo DATABASE_URL do ambiente de testes (valor n├úo importa)

      at Object.<anonymous> (__tests__/config/jest.setup.js:125:17)

    console.log
      ­ƒøí´©Å [jest.setup] Prote├º├úo do banco de testes ativada - usando: nr-bps_db_test

      at Object.<anonymous> (__tests__/config/jest.setup.js:150:13)

    console.log
      ­ƒöî [lib/db.ts] Conectado ao banco: nr-bps_db_test @ localhost (ambiente: test)

      at Object.log (lib/db.ts:673:15)

  ÔùÅ Centro de Opera├º├Áes - Notifica├º├Áes Persistentes ÔÇ║ 1. Cria├º├úo de Notifica├º├Áes ÔÇ║ deve criar notifica├º├úo de parcela pendente

    error: rela├º├úo "tomadors" n├úo existe

      487 |         // No session: just execute the query normally
      488 |         try {
    > 489 |           const result = await client.query(text, params);
          |                          ^
      490 |           const duration = Date.now() - start;
      491 |
      492 |           // Log apenas queries lentas (>500ms)

      at node_modules/.pnpm/pg@8.16.3/node_modules/pg/lib/client.js:545:17
      at query (lib/db.ts:489:26)
      at Object.<anonymous> (__tests__/integration/centro-operacoes-notificacoes.test.ts:33:21)

  ÔùÅ Centro de Opera├º├Áes - Notifica├º├Áes Persistentes ÔÇ║ 1. Cria├º├úo de Notifica├º├Áes ÔÇ║ deve criar notifica├º├úo de lote conclu├¡do

    error: rela├º├úo "tomadors" n├úo existe

      487 |         // No session: just execute the query normally
      488 |         try {
    > 489 |           const result = await client.query(text, params);
          |                          ^
      490 |           const duration = Date.now() - start;
      491 |
      492 |           // Log apenas queries lentas (>500ms)

      at node_modules/.pnpm/pg@8.16.3/node_modules/pg/lib/client.js:545:17
      at query (lib/db.ts:489:26)
      at Object.<anonymous> (__tests__/integration/centro-operacoes-notificacoes.test.ts:33:21)

  ÔùÅ Centro de Opera├º├Áes - Notifica├º├Áes Persistentes ÔÇ║ 1. Cria├º├úo de Notifica├º├Áes ÔÇ║ deve criar notifica├º├úo de laudo emitido

    error: rela├º├úo "tomadors" n├úo existe

      487 |         // No session: just execute the query normally
      488 |         try {
    > 489 |           const result = await client.query(text, params);
          |                          ^
      490 |           const duration = Date.now() - start;
      491 |
      492 |           // Log apenas queries lentas (>500ms)

      at node_modules/.pnpm/pg@8.16.3/node_modules/pg/lib/client.js:545:17
      at query (lib/db.ts:489:26)
      at Object.<anonymous> (__tests__/integration/centro-operacoes-notificacoes.test.ts:33:21)

  ÔùÅ Centro de Opera├º├Áes - Notifica├º├Áes Persistentes ÔÇ║ 2. Busca e Filtros ÔÇ║ deve buscar notifica├º├Áes n├úo resolvidas

    error: rela├º├úo "tomadors" n├úo existe

      487 |         // No session: just execute the query normally
      488 |         try {
    > 489 |           const result = await client.query(text, params);
          |                          ^
      490 |           const duration = Date.now() - start;
      491 |
      492 |           // Log apenas queries lentas (>500ms)

      at node_modules/.pnpm/pg@8.16.3/node_modules/pg/lib/client.js:545:17
      at query (lib/db.ts:489:26)
      at Object.<anonymous> (__tests__/integration/centro-operacoes-notificacoes.test.ts:33:21)

  ÔùÅ Centro de Opera├º├Áes - Notifica├º├Áes Persistentes ÔÇ║ 2. Busca e Filtros ÔÇ║ deve filtrar por tipo de notifica├º├úo

    error: rela├º├úo "tomadors" n├úo existe

      487 |         // No session: just execute the query normally
      488 |         try {
    > 489 |           const result = await client.query(text, params);
          |                          ^
      490 |           const duration = Date.now() - start;
      491 |
      492 |           // Log apenas queries lentas (>500ms)

      at node_modules/.pnpm/pg@8.16.3/node_modules/pg/lib/client.js:545:17
      at query (lib/db.ts:489:26)
      at Object.<anonymous> (__tests__/integration/centro-operacoes-notificacoes.test.ts:33:21)

  ÔùÅ Centro de Opera├º├Áes - Notifica├º├Áes Persistentes ÔÇ║ 2. Busca e Filtros ÔÇ║ deve contar notifica├º├Áes por tipo

    error: rela├º├úo "tomadors" n├úo existe

      487 |         // No session: just execute the query normally
      488 |         try {
    > 489 |           const result = await client.query(text, params);
          |                          ^
      490 |           const duration = Date.now() - start;
      491 |
      492 |           // Log apenas queries lentas (>500ms)

      at node_modules/.pnpm/pg@8.16.3/node_modules/pg/lib/client.js:545:17
      at query (lib/db.ts:489:26)
      at Object.<anonymous> (__tests__/integration/centro-operacoes-notificacoes.test.ts:33:21)

  ÔùÅ Centro de Opera├º├Áes - Notifica├º├Áes Persistentes ÔÇ║ 3. Resolu├º├úo de Notifica├º├Áes ÔÇ║ deve resolver notifica├º├úo individual

    error: rela├º├úo "tomadors" n├úo existe

      487 |         // No session: just execute the query normally
      488 |         try {
    > 489 |           const result = await client.query(text, params);
          |                          ^
      490 |           const duration = Date.now() - start;
      491 |
      492 |           // Log apenas queries lentas (>500ms)

      at node_modules/.pnpm/pg@8.16.3/node_modules/pg/lib/client.js:545:17
      at query (lib/db.ts:489:26)
      at Object.<anonymous> (__tests__/integration/centro-operacoes-notificacoes.test.ts:33:21)

  ÔùÅ Centro de Opera├º├Áes - Notifica├º├Áes Persistentes ÔÇ║ 3. Resolu├º├úo de Notifica├º├Áes ÔÇ║ deve resolver m├║ltiplas notifica├º├Áes por contexto

    error: rela├º├úo "tomadors" n├úo existe

      487 |         // No session: just execute the query normally
      488 |         try {
    > 489 |           const result = await client.query(text, params);
          |                          ^
      490 |           const duration = Date.now() - start;
      491 |
      492 |           // Log apenas queries lentas (>500ms)

      at node_modules/.pnpm/pg@8.16.3/node_modules/pg/lib/client.js:545:17
      at query (lib/db.ts:489:26)
      at Object.<anonymous> (__tests__/integration/centro-operacoes-notificacoes.test.ts:33:21)

  ÔùÅ Centro de Opera├º├Áes - Notifica├º├Áes Persistentes ÔÇ║ 3. Resolu├º├úo de Notifica├º├Áes ÔÇ║ n├úo deve resolver notifica├º├úo j├í resolvida

    error: rela├º├úo "tomadors" n├úo existe

      487 |         // No session: just execute the query normally
      488 |         try {
    > 489 |           const result = await client.query(text, params);
          |                          ^
      490 |           const duration = Date.now() - start;
      491 |
      492 |           // Log apenas queries lentas (>500ms)

      at node_modules/.pnpm/pg@8.16.3/node_modules/pg/lib/client.js:545:17
      at query (lib/db.ts:489:26)
      at Object.<anonymous> (__tests__/integration/centro-operacoes-notificacoes.test.ts:33:21)

  ÔùÅ Centro de Opera├º├Áes - Notifica├º├Áes Persistentes ÔÇ║ 4. Seguran├ºa e RLS ÔÇ║ deve isolar notifica├º├Áes entre tomadors

    error: rela├º├úo "tomadors" n├úo existe

      487 |         // No session: just execute the query normally
      488 |         try {
    > 489 |           const result = await client.query(text, params);
          |                          ^
      490 |           const duration = Date.now() - start;
      491 |
      492 |           // Log apenas queries lentas (>500ms)

      at node_modules/.pnpm/pg@8.16.3/node_modules/pg/lib/client.js:545:17
      at query (lib/db.ts:489:26)
      at Object.<anonymous> (__tests__/integration/centro-operacoes-notificacoes.test.ts:33:21)

  ÔùÅ Centro de Opera├º├Áes - Notifica├º├Áes Persistentes ÔÇ║ 4. Seguran├ºa e RLS ÔÇ║ deve isolar notifica├º├Áes entre cl├¡nicas e tomadors

    error: rela├º├úo "tomadors" n├úo existe

      487 |         // No session: just execute the query normally
      488 |         try {
    > 489 |           const result = await client.query(text, params);
          |                          ^
      490 |           const duration = Date.now() - start;
      491 |
      492 |           // Log apenas queries lentas (>500ms)

      at node_modules/.pnpm/pg@8.16.3/node_modules/pg/lib/client.js:545:17
      at query (lib/db.ts:489:26)
      at Object.<anonymous> (__tests__/integration/centro-operacoes-notificacoes.test.ts:33:21)

  ÔùÅ Centro de Opera├º├Áes - Notifica├º├Áes Persistentes ÔÇ║ 5. Auditoria ÔÇ║ deve registrar auditoria ao resolver notifica├º├úo

    error: rela├º├úo "tomadors" n├úo existe

      487 |         // No session: just execute the query normally
      488 |         try {
    > 489 |           const result = await client.query(text, params);
          |                          ^
      490 |           const duration = Date.now() - start;
      491 |
      492 |           // Log apenas queries lentas (>500ms)

      at node_modules/.pnpm/pg@8.16.3/node_modules/pg/lib/client.js:545:17
      at query (lib/db.ts:489:26)
      at Object.<anonymous> (__tests__/integration/centro-operacoes-notificacoes.test.ts:33:21)


  ÔùÅ Test suite failed to run

    error: rela├º├úo "tomadors" n├úo existe

      487 |         // No session: just execute the query normally
      488 |         try {
    > 489 |           const result = await client.query(text, params);
          |                          ^
      490 |           const duration = Date.now() - start;
      491 |
      492 |           // Log apenas queries lentas (>500ms)

      at node_modules/.pnpm/pg@8.16.3/node_modules/pg/lib/client.js:545:17
      at query (lib/db.ts:489:26)
      at Object.<anonymous> (__tests__/integration/centro-operacoes-notificacoes.test.ts:62:5)

RBAC seed applied to test database
RBAC seed applied to test database
PASS __tests__/api/admin/gerar-link-plano-fixo.test.ts
  ÔùÅ Console

    console.log
      [dotenv@17.2.3] injecting env (0) from .env.test -- tip: ÔÜÖ´©Å  write to custom object with { processEnv: myObject }

      at _log (node_modules/.pnpm/dotenv@17.2.3/node_modules/dotenv/lib/main.js:142:11)

    console.log
      ­ƒøí´©Å [jest.setup] Removendo DATABASE_URL do ambiente de testes (valor n├úo importa)

      at Object.<anonymous> (__tests__/config/jest.setup.js:125:17)

    console.log
      ­ƒøí´©Å [jest.setup] Prote├º├úo do banco de testes ativada - usando: nr-bps_db_test

      at Object.<anonymous> (__tests__/config/jest.setup.js:150:13)

    console.log
      ­ƒöî [lib/db.ts] Conectado ao banco: nr-bps_db_test @ localhost (ambiente: test)

      at Object.log (lib/db.ts:673:15)

    console.log
      [ADMIN] tomador loaded {
        tomador_id: 1,
        tomador: {
          id: 1,
          nome: 'Cl├¡nica Teste',
          cnpj: '12345678000123',
          responsavel_nome: 'Jo├úo Silva',
          responsavel_email: 'joao@teste.com',
          status: 'aguardando_pagamento',
          plano_id: 1,
          numero_funcionarios_estimado: 10,
          ativa: false,
          pagamento_confirmado: false,
          plano_nome: 'Plano Fixo B├ísico',
          plano_tipo: 'fixo',
          plano_preco: 20,
          plano_caracteristicas: { limite_funcionarios: 50 }
        }
      }

      at log (app/api/admin/gerar-link-plano-fixo/route.ts:86:15)

    console.log
      [ADMIN] branch=fixed plan

      at log (app/api/admin/gerar-link-plano-fixo/route.ts:152:17)

    console.log
      [ADMIN] contratoExistenteResult { contratoExistenteResult: { rows: [], rowCount: 0 } }

      at log (app/api/admin/gerar-link-plano-fixo/route.ts:257:15)

    console.log
      [ADMIN] novoContratoResult { novoContratoResult: { rows: [ [Object] ], rowCount: 1 } }

      at log (app/api/admin/gerar-link-plano-fixo/route.ts:308:17)

    console.info
      {"event":"payment_link_generated_fixo","tomador_id":1,"tomador_nome":"Cl├¡nica Teste","plano_id":1,"plano_nome":"Plano Fixo B├ísico","numero_funcionarios":10,"valor_total":200,"generated_by":"12345678901","generated_by_name":"Admin Teste"}

      at info (app/api/admin/gerar-link-plano-fixo/route.ts:345:15)

    console.log
      [ADMIN] tomador loaded {
        tomador_id: 1,
        tomador: { id: 1, ativa: true, pagamento_confirmado: true }
      }

      at log (app/api/admin/gerar-link-plano-fixo/route.ts:86:15)

    console.log
      [ADMIN] tomador loaded {
        tomador_id: 1,
        tomador: { id: 1, ativa: false, pagamento_confirmado: true }
      }

      at log (app/api/admin/gerar-link-plano-fixo/route.ts:86:15)

    console.log
      [ADMIN] tomador loaded {
        tomador_id: 2,
        tomador: {
          id: 2,
          nome: 'Empresa Teste',
          cnpj: '12345678000123',
          responsavel_nome: 'Maria Silva',
          responsavel_email: 'maria@teste.com',
          status: 'aguardando_pagamento',
          plano_id: 2,
          numero_funcionarios_estimado: 5,
          ativa: false,
          pagamento_confirmado: false,
          plano_nome: 'Plano Personalizado',
          plano_tipo: 'personalizado',
          plano_preco: null,
          plano_caracteristicas: null
        }
      }

      at log (app/api/admin/gerar-link-plano-fixo/route.ts:86:15)

    console.log
      [ADMIN] branch=personalized plan

      at log (app/api/admin/gerar-link-plano-fixo/route.ts:203:17)

    console.log
      [ADMIN] personalized: calling contratoResult { tomador_id: 2, plano_id: 2 }

      at log (app/api/admin/gerar-link-plano-fixo/route.ts:204:17)

    console.log
      [ADMIN] contratoResult { contratoResult: { rows: [ [Object] ], rowCount: 1 } }

      at log (app/api/admin/gerar-link-plano-fixo/route.ts:232:17)

    console.log
      [ADMIN] contratoExistenteResult { contratoExistenteResult: { rows: [], rowCount: 0 } }

      at log (app/api/admin/gerar-link-plano-fixo/route.ts:257:15)

    console.log
      [ADMIN] novoContratoResult { novoContratoResult: { rows: [ [Object] ], rowCount: 1 } }

      at log (app/api/admin/gerar-link-plano-fixo/route.ts:308:17)

    console.info
      {"event":"payment_link_generated_personalizado","tomador_id":2,"tomador_nome":"Empresa Teste","plano_id":2,"plano_nome":"Plano Personalizado","numero_funcionarios":5,"valor_total":250,"generated_by":"12345678901","generated_by_name":"Admin Teste"}

      at info (app/api/admin/gerar-link-plano-fixo/route.ts:345:15)

    console.log
      [ADMIN] tomador loaded {
        tomador_id: 2,
        tomador: {
          id: 2,
          plano_id: 2,
          plano_tipo: 'personalizado',
          ativa: false,
          pagamento_confirmado: false
        }
      }

      at log (app/api/admin/gerar-link-plano-fixo/route.ts:86:15)

    console.log
      [ADMIN] branch=personalized plan

      at log (app/api/admin/gerar-link-plano-fixo/route.ts:203:17)

    console.log
      [ADMIN] personalized: calling contratoResult { tomador_id: 2, plano_id: 2 }

      at log (app/api/admin/gerar-link-plano-fixo/route.ts:204:17)

    console.log
      [ADMIN] tomador loaded {
        tomador_id: 1,
        tomador: {
          id: 1,
          plano_id: 1,
          numero_funcionarios_estimado: 100,
          plano_tipo: 'fixo',
          plano_preco: 10,
          plano_caracteristicas: { limite_funcionarios: 50 },
          ativa: false,
          pagamento_confirmado: false
        }
      }

      at log (app/api/admin/gerar-link-plano-fixo/route.ts:86:15)

    console.log
      [ADMIN] branch=fixed plan

      at log (app/api/admin/gerar-link-plano-fixo/route.ts:152:17)

FAIL __tests__/emissor/laudo-hash-display.test.tsx
  ÔùÅ Console

    console.log
      [dotenv@17.2.3] injecting env (0) from .env.test -- tip: ­ƒöÉ prevent committing .env to code: https://dotenvx.com/precommit

      at _log (node_modules/.pnpm/dotenv@17.2.3/node_modules/dotenv/lib/main.js:142:11)

    console.log
      ­ƒøí´©Å [jest.setup] Removendo DATABASE_URL do ambiente de testes (valor n├úo importa)

      at Object.<anonymous> (__tests__/config/jest.setup.js:125:17)

    console.log
      ­ƒøí´©Å [jest.setup] Prote├º├úo do banco de testes ativada - usando: nr-bps_db_test

      at Object.<anonymous> (__tests__/config/jest.setup.js:150:13)

  ÔùÅ Exibi├º├úo do Hash SHA-256 na Interface ÔÇ║ deve exibir hash SHA-256 quando laudo est├í emitido

    Unable to find an element with the text: Ô£à Emitido em 14/12/2025 ├ás 08:30. This could be because the text is broken up by multiple elements. In this case, you can provide a function for your text matcher to make your matcher more flexible.

    Ignored nodes: comments, script, style
    <body>
      <div>
        <div
          class="min-h-screen bg-gradient-to-br from-green-50 to-blue-50"
        >
          <div
            class="max-w-6xl mx-auto px-3 py-4"
          >
            <div
              class="mb-4 flex items-center justify-between"
            >
              <button
                class="text-blue-600 hover:text-blue-800 inline-flex items-center text-sm"
              >
                ÔåÉ Voltar ao Dashboard
              </button>
            </div>
            <div
              class="bg-white rounded-lg shadow-lg p-6"
            >
              <div
                class="text-center mb-8 pb-4 border-b-2 border-gray-200"
              >
                <h1
                  class="text-3xl font-bold text-gray-900 mb-1"
                >
                  Laudo de Identifica├º├úo e Mapeamento de Riscos Psicossociais (NR-1 / GRO)
                </h1>
                <h2
                  class="text-base text-gray-700 mb-2"
                >
                  Avalia├º├úo de Sa├║de Mental no Trabalho
                </h2>
                <p
                  class="text-sm text-gray-600 font-medium"
                >
                  Baseada no instrumento COPSOQ III
                </p>
              </div>
              <div
                class="mb-6"
              >
                <h2
                  class="text-xl font-bold text-gray-900 mb-3 pb-1 border-b-2 border-gray-600"
                >
                  1. DADOS GERAIS DA EMPRESA AVALIADA
                </h2>
                <div
                  class="bg-gray-50 rounded-lg p-4 space-y-2"
                >
                  <div
                    class="flex flex-wrap items-baseline"
                  >
                    <span
                      class="text-xs font-medium text-gray-500 mr-2"
                    >
                      Empresa Avaliada:
                    </span>
                    <span
                      class="text-sm font-semibold text-gray-900"
                    >
                      Empresa Teste LTDA
                    </span>
                  </div>
                  <div
                    class="flex flex-wrap items-baseline"
                  >
                    <span
                      class="text-xs font-medium text-gray-500 mr-2"
                    >
                      CNPJ:
                    </span>
                    <span
                      class="text-sm text-gray-900"
                    >
                      00.000.000/0001-00
                    </span>
                  </div>
                  <div
                    class="flex flex-wrap items-baseline"
                  >
                    <span
                      class="text-xs font-medium text-gray-500 mr-2"
                    >
                      Endere├ºo:
                    </span>
                    <span
                      class="text-sm text-gray-900"
                    >
                      Rua Teste, 1 - S├úo Paulo/SP
                    </span>
                  </div>
                  <div
                    class="flex flex-wrap items-baseline"
                  >
                    <span
                      class="text-xs font-medium text-gray-500 mr-2"
                    >
                      Per├¡odo das Avalia├º├Áes Consideradas:
                    </span>
                    <span
                      class="text-sm text-gray-900"
                    >
                      2025-01-01
                       a
                       
                      2025-12-31
                    </span>
                  </div>
                  <div
                    class="flex flex-wrap items-baseline"
                  >
                    <span
                      class="text-xs font-medium text-gray-500 mr-2"
                    >
                      Total de Funcion├írios Avaliados:
                    </span>
                    <span
                      class="text-sm text-gray-900"
                    >
                      2
                       
                      <span
                        class="text-green-600 font-semibold"
                      >
                        (
                        100
                        % das avalia├º├Áes liberadas foram conclu├¡das)
                      </span>
                    </span>
                  </div>
                  <div
                    class="flex flex-wrap items-baseline"
                  >
                    <span
                      class="text-xs font-medium text-gray-500 mr-2"
                    >
                      Amostra:
                    </span>
                    <span
                      class="text-sm text-gray-900"
                    >
                      1
                       funcion├írios do n├¡vel 
                      <span
                        class="font-semibold"
                      >
                        Operacional
                      </span>
                       +
                       
                      1
                       do n├¡vel
                       
                      <span
                        class="font-semibold"
                      >
                        Gest├úo
                      </span>
                    </span>
                  </div>
                </div>
              </div>
              <div
                class="mb-6"
              >
                <h2
                  class="text-xl font-bold text-gray-900 mb-3 pb-1 border-b-2 border-gray-600"
                >
                  2. SCORES M├ëDIOS POR GRUPO DE QUEST├òES (escala 0-100)
        ...

      102 |
      103 |     // Aguardar o carregamento
    > 104 |     await screen.findByText('Ô£à Emitido em 14/12/2025 ├ás 08:30');
          |                  ^
      105 |
      106 |     // Verificar se o hash ├® exibido
      107 |     expect(screen.getByText('­ƒöÉ Hash SHA-256:')).toBeInTheDocument();

      at waitForWrapper (node_modules/.pnpm/@testing-library+dom@10.4.1/node_modules/@testing-library/dom/dist/wait-for.js:163:27)
      at node_modules/.pnpm/@testing-library+dom@10.4.1/node_modules/@testing-library/dom/dist/query-helpers.js:86:33
      at Object.findByText (__tests__/emissor/laudo-hash-display.test.tsx:104:18)

  ÔùÅ Exibi├º├úo do Hash SHA-256 na Interface ÔÇ║ deve exibir hash quando laudo foi enviado (para auditoria hist├│rica)

    Unable to find an element with the text: ­ƒôñ Enviado em 14/12/2025 ├ás 09:00. This could be because the text is broken up by multiple elements. In this case, you can provide a function for your text matcher to make your matcher more flexible.

    Ignored nodes: comments, script, style
    <body>
      <div>
        <div
          class="min-h-screen bg-gradient-to-br from-green-50 to-blue-50"
        >
          <div
            class="max-w-6xl mx-auto px-3 py-4"
          >
            <div
              class="mb-4 flex items-center justify-between"
            >
              <button
                class="text-blue-600 hover:text-blue-800 inline-flex items-center text-sm"
              >
                ÔåÉ Voltar ao Dashboard
              </button>
            </div>
            <div
              class="bg-white rounded-lg shadow-lg p-6"
            >
              <div
                class="text-center mb-8 pb-4 border-b-2 border-gray-200"
              >
                <h1
                  class="text-3xl font-bold text-gray-900 mb-1"
                >
                  Laudo de Identifica├º├úo e Mapeamento de Riscos Psicossociais (NR-1 / GRO)
                </h1>
                <h2
                  class="text-base text-gray-700 mb-2"
                >
                  Avalia├º├úo de Sa├║de Mental no Trabalho
                </h2>
                <p
                  class="text-sm text-gray-600 font-medium"
                >
                  Baseada no instrumento COPSOQ III
                </p>
              </div>
              <div
                class="mb-6"
              >
                <h2
                  class="text-xl font-bold text-gray-900 mb-3 pb-1 border-b-2 border-gray-600"
                >
                  1. DADOS GERAIS DA EMPRESA AVALIADA
                </h2>
                <div
                  class="bg-gray-50 rounded-lg p-4 space-y-2"
                >
                  <div
                    class="flex flex-wrap items-baseline"
                  >
                    <span
                      class="text-xs font-medium text-gray-500 mr-2"
                    >
                      Empresa Avaliada:
                    </span>
                    <span
                      class="text-sm font-semibold text-gray-900"
                    >
                      Empresa Teste LTDA
                    </span>
                  </div>
                  <div
                    class="flex flex-wrap items-baseline"
                  >
                    <span
                      class="text-xs font-medium text-gray-500 mr-2"
                    >
                      CNPJ:
                    </span>
                    <span
                      class="text-sm text-gray-900"
                    >
                      00.000.000/0001-00
                    </span>
                  </div>
                  <div
                    class="flex flex-wrap items-baseline"
                  >
                    <span
                      class="text-xs font-medium text-gray-500 mr-2"
                    >
                      Endere├ºo:
                    </span>
                    <span
                      class="text-sm text-gray-900"
                    >
                      Rua Teste, 1 - S├úo Paulo/SP
                    </span>
                  </div>
                  <div
                    class="flex flex-wrap items-baseline"
                  >
                    <span
                      class="text-xs font-medium text-gray-500 mr-2"
                    >
                      Per├¡odo das Avalia├º├Áes Consideradas:
                    </span>
                    <span
                      class="text-sm text-gray-900"
                    >
                      2025-01-01
                       a
                       
                      2025-12-31
                    </span>
                  </div>
                  <div
                    class="flex flex-wrap items-baseline"
                  >
                    <span
                      class="text-xs font-medium text-gray-500 mr-2"
                    >
                      Total de Funcion├írios Avaliados:
                    </span>
                    <span
                      class="text-sm text-gray-900"
                    >
                      2
                       
                      <span
                        class="text-green-600 font-semibold"
                      >
                        (
                        100
                        % das avalia├º├Áes liberadas foram conclu├¡das)
                      </span>
                    </span>
                  </div>
                  <div
                    class="flex flex-wrap items-baseline"
                  >
                    <span
                      class="text-xs font-medium text-gray-500 mr-2"
                    >
                      Amostra:
                    </span>
                    <span
                      class="text-sm text-gray-900"
                    >
                      1
                       funcion├írios do n├¡vel 
                      <span
                        class="font-semibold"
                      >
                        Operacional
                      </span>
                       +
                       
                      1
                       do n├¡vel
                       
                      <span
                        class="font-semibold"
                      >
                        Gest├úo
                      </span>
                    </span>
                  </div>
                </div>
              </div>
              <div
                class="mb-6"
              >
                <h2
                  class="text-xl font-bold text-gray-900 mb-3 pb-1 border-b-2 border-gray-600"
                >
                  2. SCORES M├ëDIOS POR GRUPO DE QUEST├òES (escala 0-100)
        ...

      245 |
      246 |     // Aguardar o carregamento
    > 247 |     await screen.findByText('­ƒôñ Enviado em 14/12/2025 ├ás 09:00');
          |                  ^
      248 |
      249 |     // Verificar que o hash ├ë exibido (para auditoria hist├│rica)
      250 |     expect(screen.getByText('­ƒöÉ Hash SHA-256:')).toBeInTheDocument();

      at waitForWrapper (node_modules/.pnpm/@testing-library+dom@10.4.1/node_modules/@testing-library/dom/dist/wait-for.js:163:27)
      at node_modules/.pnpm/@testing-library+dom@10.4.1/node_modules/@testing-library/dom/dist/query-helpers.js:86:33
      at Object.findByText (__tests__/emissor/laudo-hash-display.test.tsx:247:18)

  ÔùÅ Exibi├º├úo do Hash SHA-256 na Interface ÔÇ║ deve exibir bot├Áes corretos quando laudo est├í emitido

    Unable to find an element with the text: Ô£à Emitido em 14/12/2025 ├ás 08:30. This could be because the text is broken up by multiple elements. In this case, you can provide a function for your text matcher to make your matcher more flexible.

    Ignored nodes: comments, script, style
    <body>
      <div>
        <div
          class="min-h-screen bg-gradient-to-br from-green-50 to-blue-50"
        >
          <div
            class="max-w-6xl mx-auto px-3 py-4"
          >
            <div
              class="mb-4 flex items-center justify-between"
            >
              <button
                class="text-blue-600 hover:text-blue-800 inline-flex items-center text-sm"
              >
                ÔåÉ Voltar ao Dashboard
              </button>
            </div>
            <div
              class="bg-white rounded-lg shadow-lg p-6"
            >
              <div
                class="text-center mb-8 pb-4 border-b-2 border-gray-200"
              >
                <h1
                  class="text-3xl font-bold text-gray-900 mb-1"
                >
                  Laudo de Identifica├º├úo e Mapeamento de Riscos Psicossociais (NR-1 / GRO)
                </h1>
                <h2
                  class="text-base text-gray-700 mb-2"
                >
                  Avalia├º├úo de Sa├║de Mental no Trabalho
                </h2>
                <p
                  class="text-sm text-gray-600 font-medium"
                >
                  Baseada no instrumento COPSOQ III
                </p>
              </div>
              <div
                class="mb-6"
              >
                <h2
                  class="text-xl font-bold text-gray-900 mb-3 pb-1 border-b-2 border-gray-600"
                >
                  1. DADOS GERAIS DA EMPRESA AVALIADA
                </h2>
                <div
                  class="bg-gray-50 rounded-lg p-4 space-y-2"
                >
                  <div
                    class="flex flex-wrap items-baseline"
                  >
                    <span
                      class="text-xs font-medium text-gray-500 mr-2"
                    >
                      Empresa Avaliada:
                    </span>
                    <span
                      class="text-sm font-semibold text-gray-900"
                    >
                      Empresa Teste LTDA
                    </span>
                  </div>
                  <div
                    class="flex flex-wrap items-baseline"
                  >
                    <span
                      class="text-xs font-medium text-gray-500 mr-2"
                    >
                      CNPJ:
                    </span>
                    <span
                      class="text-sm text-gray-900"
                    >
                      00.000.000/0001-00
                    </span>
                  </div>
                  <div
                    class="flex flex-wrap items-baseline"
                  >
                    <span
                      class="text-xs font-medium text-gray-500 mr-2"
                    >
                      Endere├ºo:
                    </span>
                    <span
                      class="text-sm text-gray-900"
                    >
                      Rua Teste, 1 - S├úo Paulo/SP
                    </span>
                  </div>
                  <div
                    class="flex flex-wrap items-baseline"
                  >
                    <span
                      class="text-xs font-medium text-gray-500 mr-2"
                    >
                      Per├¡odo das Avalia├º├Áes Consideradas:
                    </span>
                    <span
                      class="text-sm text-gray-900"
                    >
                      2025-01-01
                       a
                       
                      2025-12-31
                    </span>
                  </div>
                  <div
                    class="flex flex-wrap items-baseline"
                  >
                    <span
                      class="text-xs font-medium text-gray-500 mr-2"
                    >
                      Total de Funcion├írios Avaliados:
                    </span>
                    <span
                      class="text-sm text-gray-900"
                    >
                      2
                       
                      <span
                        class="text-green-600 font-semibold"
                      >
                        (
                        100
                        % das avalia├º├Áes liberadas foram conclu├¡das)
                      </span>
                    </span>
                  </div>
                  <div
                    class="flex flex-wrap items-baseline"
                  >
                    <span
                      class="text-xs font-medium text-gray-500 mr-2"
                    >
                      Amostra:
                    </span>
                    <span
                      class="text-sm text-gray-900"
                    >
                      1
                       funcion├írios do n├¡vel 
                      <span
                        class="font-semibold"
                      >
                        Operacional
                      </span>
                       +
                       
                      1
                       do n├¡vel
                       
                      <span
                        class="font-semibold"
                      >
                        Gest├úo
                      </span>
                    </span>
                  </div>
                </div>
              </div>
              <div
                class="mb-6"
              >
                <h2
                  class="text-xl font-bold text-gray-900 mb-3 pb-1 border-b-2 border-gray-600"
                >
                  2. SCORES M├ëDIOS POR GRUPO DE QUEST├òES (escala 0-100)
        ...

      312 |
      313 |     // Aguardar o carregamento
    > 314 |     await screen.findByText('Ô£à Emitido em 14/12/2025 ├ás 08:30');
          |                  ^
      315 |
      316 |     // Verificar que ambos os bot├Áes est├úo presentes
      317 |     expect(screen.getByText('­ƒôä Baixar PDF')).toBeInTheDocument();

      at waitForWrapper (node_modules/.pnpm/@testing-library+dom@10.4.1/node_modules/@testing-library/dom/dist/wait-for.js:163:27)
      at node_modules/.pnpm/@testing-library+dom@10.4.1/node_modules/@testing-library/dom/dist/query-helpers.js:86:33
      at Object.findByText (__tests__/emissor/laudo-hash-display.test.tsx:314:18)

  ÔùÅ Exibi├º├úo do Hash SHA-256 na Interface ÔÇ║ deve bloquear edi├º├úo e emiss├úo quando API indicar bloqueio (emiss├úo autom├ítica)

    TestingLibraryElementError: Unable to find an element with the placeholder text of: Digite suas observa├º├Áes profissionais sobre o laudo...

    Ignored nodes: comments, script, style
    <body>
      <div>
        <div
          class="min-h-screen bg-gradient-to-br from-green-50 to-blue-50"
        >
          <div
            class="max-w-6xl mx-auto px-3 py-4"
          >
            <div
              class="mb-4 flex items-center justify-between"
            >
              <button
                class="text-blue-600 hover:text-blue-800 inline-flex items-center text-sm"
              >
                ÔåÉ Voltar ao Dashboard
              </button>
            </div>
            <div
              class="mb-4 bg-blue-50 border border-blue-200 text-blue-800 px-4 py-3 rounded-lg"
            >
              <p
                class="text-sm font-medium"
              >
                Este laudo est├í programado para emiss├úo autom├ítica. Edi├º├úo manual bloqueada.
              </p>
            </div>
            <div
              class="bg-white rounded-lg shadow-lg p-6"
            >
              <div
                class="text-center mb-8 pb-4 border-b-2 border-gray-200"
              >
                <h1
                  class="text-3xl font-bold text-gray-900 mb-1"
                >
                  Laudo de Identifica├º├úo e Mapeamento de Riscos Psicossociais (NR-1 / GRO)
                </h1>
                <h2
                  class="text-base text-gray-700 mb-2"
                >
                  Avalia├º├úo de Sa├║de Mental no Trabalho
                </h2>
                <p
                  class="text-sm text-gray-600 font-medium"
                >
                  Baseada no instrumento COPSOQ III
                </p>
              </div>
              <div
                class="mb-6"
              >
                <h2
                  class="text-xl font-bold text-gray-900 mb-3 pb-1 border-b-2 border-gray-600"
                >
                  1. DADOS GERAIS DA EMPRESA AVALIADA
                </h2>
                <div
                  class="bg-gray-50 rounded-lg p-4 space-y-2"
                >
                  <div
                    class="flex flex-wrap items-baseline"
                  >
                    <span
                      class="text-xs font-medium text-gray-500 mr-2"
                    >
                      Empresa Avaliada:
                    </span>
                    <span
                      class="text-sm font-semibold text-gray-900"
                    >
                      Empresa Teste LTDA
                    </span>
                  </div>
                  <div
                    class="flex flex-wrap items-baseline"
                  >
                    <span
                      class="text-xs font-medium text-gray-500 mr-2"
                    >
                      CNPJ:
                    </span>
                    <span
                      class="text-sm text-gray-900"
                    >
                      00.000.000/0001-00
                    </span>
                  </div>
                  <div
                    class="flex flex-wrap items-baseline"
                  >
                    <span
                      class="text-xs font-medium text-gray-500 mr-2"
                    >
                      Endere├ºo:
                    </span>
                    <span
                      class="text-sm text-gray-900"
                    >
                      Rua Teste, 1 - S├úo Paulo/SP
                    </span>
                  </div>
                  <div
                    class="flex flex-wrap items-baseline"
                  >
                    <span
                      class="text-xs font-medium text-gray-500 mr-2"
                    >
                      Per├¡odo das Avalia├º├Áes Consideradas:
                    </span>
                    <span
                      class="text-sm text-gray-900"
                    >
                      2025-01-01
                       a
                       
                      2025-12-31
                    </span>
                  </div>
                  <div
                    class="flex flex-wrap items-baseline"
                  >
                    <span
                      class="text-xs font-medium text-gray-500 mr-2"
                    >
                      Total de Funcion├írios Avaliados:
                    </span>
                    <span
                      class="text-sm text-gray-900"
                    >
                      2
                       
                      <span
                        class="text-green-600 font-semibold"
                      >
                        (
                        100
                        % das avalia├º├Áes liberadas foram conclu├¡das)
                      </span>
                    </span>
                  </div>
                  <div
                    class="flex flex-wrap items-baseline"
                  >
                    <span
                      class="text-xs font-medium text-gray-500 mr-2"
                    >
                      Amostra:
                    </span>
                    <span
                      class="text-sm text-gray-900"
                    >
                      1
                       funcion├írios do n├¡vel 
                      <span
                        class="font-semibold"
                      >
                        Operacional
                      </span>
                       +
                       
                      1
                       do n├¡vel
                       
                      <span
                        class="font-semibold"
                      >
                        Gest├úo
                      </span>
                    </span>
                  </div>
                </div>
              </div>
              <div
                class="mb-6"
              >
                <h2
                  class="text-xl font-bold text-gray-900 mb-3 pb-1 border-b-2 border-gray-600"
                >
                  2. SCORES M├ëDIOS POR GRUPO DE QUEST├òES (escala 0-100)
                </h2>
                <div
                  class="overflow-x-auto"
                >
                  <table
                    class="min-w-full border-collapse"
                  >
                    <thead>
                      <tr
                        class="bg-gradient-to-r from-gray-800 to-gray-700"
                      >
                        <th
                          class="border border-gray-500 px-3 py-2 text-center text-xs font-bold text-white"
                          style="min-width: 60px;"
                        >
                          Grupo
                        </th>
                        <th
                          class="border border-gray-500 px-2 py-1.5 text-left text-xs font-bold text-white"
                        >
                          Dom├¡nio
                        </th>
                        <th
                          class="border border-gray-500 px-2 py-1.5 text-left text-xs font-bold text-white"
                        >
                          Descri├º├úo
                        </th>
                        <th
                          class="border border-gray-500 px-2 py-1.5 text-center text-xs font-bold text-white"
                        >
                          Tipo
                        </th>
                        <th
                          class="border border-gray-500 px-2 py-1.5 text-center text-xs font-bold text-white"
                        >
                          x╠ä - s
                        </th>
                        <th
                          class="border border-gray-500 px-2 py-1.5 text-center text-xs font-bold text-white"
                        >
                          M├®dia Geral
                        </th>
                        <th
                          class="border border-gray-500 px-2 py-1.5 text-center text-xs font-bold text-white"
                        >
                          x╠ä + s
                        </th>
                        <th
                          class="border border-gray-500 px-2 py-1.5 text-center text-xs font-bold text-white"
                        >
                          Categoria de Risco
                        </th>
                      </tr>
                    </thead>
                    <tbody />
                  </table>
                </div>
                <div
                  class="mt-2 bg-gray-50 rounded p-2 border-l-4 border-gray-500"
                >
                  <p
                    class="text-xs text-gray-700"
                  >
                    <strong>
                      x╠ä
                    </strong>
                     = m├®dia, 
                    <strong>
                      s
                    </strong>
                     = desvio-padr├úo
                  </p>
                </div>
                <div
                  class="mt-4 bg-gray-50 rounded-lg p-4 border-l-4 border-gray-500"
                >
                  <p
                    class="text-sm text-gray-800 leading-relaxed text-justify"
                  >
                    A amostragem acima descrita foi submetida ├á avalia├º├úo psicossocial para verifica├º├úo de seu estado de sa├║de mental, como condi├º├úo necess├íria ├á realiza├º├úo do trabalho. Durante o per├¡odo da avalia├º├úo, foi poss├¡vel identificar os pontos acima descritos.
                  </p>
                </div>
              </div>
              <div
                class="mb-10"
              >
                <h2
                  class="text-2xl font-bold text-gray-900 mb-6 pb-2 border-b-2 border-gray-600"
                >
                  3. INTERPRETA├ç├âO E RECOMENDA├ç├òES
                </h2>
                <div
                  class="mb-6"
                >
                  <div
                    class="bg-gradient-to-r from-blue-50 to-blue-100 rounded-lg p-6 border-l-4 border-blue-500"
                  >
                    <p
                      class="text-gray-700 leading-relaxed"
                    >
                      Recomenda├º├Áes teste
                    </p>
                  </div>
                </div>
                <div
                  class="space-y-6"
                />
              </div>
              <div
                class="mb-10"
              >
                <h2
                  class="text-2xl font-bold text-gray-900 mb-6 pb-2 border-b-2 border-gray-600"
                >
                  4. OBSERVA├ç├òES E CONCLUS├âO
                </h2>
                <div
                  class="mb-6"
                >
                  <h3
                    class="text-lg font-semibold text-gray-900 mb-3"
                  >
                    Observa├º├Áes do Laudo
                  </h3>
                  <div
                    class="bg-blue-50 rounded-lg p-5 border-l-4 border-blue-500"
                  >
                    <div
                      class="text-gray-800 leading-relaxed"
                    >
                      Observa├º├Áes gerais
                    </div>
                  </div>
                </div>
                <div
                  class="mb-6"
                >
                  <h3
                    class="text-lg font-semibold text-gray-900 mb-3"
                  >
                    Conclus├úo
                  </h3>
                  <div
                    class="bg-white border-2 border-gray-300 rounded-lg p-6"
                  >
                    <div
                      class="text-gray-800 whitespace-pre-wrap leading-relaxed font-medium text-base"
                    >
                      Conclus├úo teste
                    </div>
                    <div
                      class="mt-10 pt-8"
                    >
                      <div
                        class="bg-white border border-gray-200 rounded-lg p-8 max-w-2xl mx-auto text-center shadow-sm"
                      >
                        <div
                          class="text-lg font-bold text-black mb-6"
                        >
                          2025-12-14
                        </div>
                        <div
                          class="flex items-center justify-center gap-3 mb-5"
                        >
                          <img
                            alt="gov.br"
                            class="h-12 w-auto"
                            data-nimg="1"
                            decoding="async"
                            height="48"
                            loading="lazy"
                            src="https://www.gov.br/++theme++padrao_govbr/img/govbr-logo-large.png"
                            style="color: transparent;"
                            width="100"
                          />
                          <span
                            class="text-gray-600 text-sm"
                          >
                            Documento assinado digitalmente
                          </span>
                        </div>
                        <div
                          class="text-base font-bold uppercase text-black mb-2 tracking-wide"
                        >
                          Dr. Jo├úo Silva
                        </div>
                        <div
                          class="text-gray-600 text-sm mb-2"
                        >
                          Data:
                           
                          14/12/2025 05:30:00 -0300
                        </div>
                        <div
                          class="text-gray-500 text-xs mb-5"
                        >
                          Verifique em https://verificador.iti.br
                        </div>
                        <div
                          class="text-sm font-medium text-black mt-5"
                        >
                          Coordenador Respons├ível T├®cnico ÔÇô Qwork
                        </div>
                      </div>
                    </div>
                  </div>
                </div>
              </div>
              <div
                class="border-t-4 border-gray-300 my-10"
              />
              <div
                class="mb-6 p-4 bg-blue-50 border-2 border-blue-300 rounded-lg"
              >
                <p
                  class="text-sm text-blue-900 font-medium"
                >
                  Ôä╣´©Å 
                  Este laudo est├í programado para emiss├úo autom├ítica. Edi├º├úo manual bloqueada.
                </p>
              </div>
              <div
                class="flex justify-between items-center pt-6 border-t-2 border-gray-200"
              >
                <div
                  class="text-sm text-gray-600 space-y-1"
                >
                  <p>
                    ­ƒôà Criado em
                     
                    14/12/2025
                     
                    ├ás
                     
                    07:00
                  </p>
                  <p>
                    Ô£à Emitido automaticamente em
                     
                    14/12/2025
                     
                    ├ás
                     
                    05:30
                  </p>
                </div>
                <div
                  class="flex gap-3"
                />
              </div>
            </div>
          </div>
        </div>
      </div>
    </body>

      395 |
      396 |     // Textarea deve estar desabilitada
    > 397 |     const textarea = screen.getByPlaceholderText(
          |                             ^
      398 |       'Digite suas observa├º├Áes profissionais sobre o laudo...'
      399 |     );
      400 |     expect(textarea).toBeDisabled();

      at Object.getElementError (node_modules/.pnpm/@testing-library+dom@10.4.1/node_modules/@testing-library/dom/dist/config.js:37:19)
      at node_modules/.pnpm/@testing-library+dom@10.4.1/node_modules/@testing-library/dom/dist/query-helpers.js:76:38
      at node_modules/.pnpm/@testing-library+dom@10.4.1/node_modules/@testing-library/dom/dist/query-helpers.js:52:17
      at node_modules/.pnpm/@testing-library+dom@10.4.1/node_modules/@testing-library/dom/dist/query-helpers.js:95:19
      at Object.getByPlaceholderText (__tests__/emissor/laudo-hash-display.test.tsx:397:29)

RBAC seed applied to test database
PASS __tests__/integration/liberar-lote-atomicity.test.ts
  ÔùÅ Console

    console.log
      [dotenv@17.2.3] injecting env (0) from .env.test -- tip: ÔÜÖ´©Å  specify custom .env file path with { path: '/custom/path/.env' }

      at _log (node_modules/.pnpm/dotenv@17.2.3/node_modules/dotenv/lib/main.js:142:11)

    console.log
      ­ƒøí´©Å [jest.setup] Removendo DATABASE_URL do ambiente de testes (valor n├úo importa)

      at Object.<anonymous> (__tests__/config/jest.setup.js:125:17)

    console.log
      ­ƒøí´©Å [jest.setup] Prote├º├úo do banco de testes ativada - usando: nr-bps_db_test

      at Object.<anonymous> (__tests__/config/jest.setup.js:150:13)

    console.log
      ­ƒöî [lib/db.ts] Conectado ao banco: nr-bps_db_test @ localhost (ambiente: test)

      at Object.log (lib/db.ts:673:15)

    console.log
      [Setup] clinicaId = 2

      at Object.log (__tests__/integration/liberar-lote-atomicity.test.ts:70:15)

    console.log
      [Setup] empresaId = 186

      at Object.log (__tests__/integration/liberar-lote-atomicity.test.ts:92:15)

    console.log
      [Setup] Ô£à Empresa encontrada: { id: 186, clinica_id: 2, nome: 'Empresa Test RH' }

      at Object.log (__tests__/integration/liberar-lote-atomicity.test.ts:104:15)

    console.log
      [Setup] Criando funcion├írio 99901910900...

      at Object.log (__tests__/integration/liberar-lote-atomicity.test.ts:108:15)

    console.log
      [Setup] funcionarioId = 142

      at Object.log (__tests__/integration/liberar-lote-atomicity.test.ts:118:15)

    console.log
      [Setup] Ô£à Setup completo: clinicaId=2, empresaId=186, funcionarioCpf=99901910900

      at Object.log (__tests__/integration/liberar-lote-atomicity.test.ts:127:15)

    console.log
      [Test 1] ANTES DA TRANSA├ç├âO: clinicaId=2, empresaId=186, funcionarioCpf=99901910900

      at Object.log (__tests__/integration/liberar-lote-atomicity.test.ts:171:13)

    console.log
      [withTransaction] Transa├º├úo iniciada para rh (CPF: ***8909)

      at log (lib/db-transaction.ts:78:13)

    console.log
      [Test 1] DENTRO DA TRANSA├ç├âO: empresaId=186, empresa vis├¡vel: { id: 186, clinica_id: 2, nome: 'Empresa Test RH' }

      at log (__tests__/integration/liberar-lote-atomicity.test.ts:188:17)

    console.log
      [Test humanizar 1] DENTRO DA TRANSA├ç├âO: clinicaId=2, empresaId=186, funcionarioCpf=99901910900

      at log (__tests__/integration/liberar-lote-atomicity.test.ts:193:17)

    console.log
      [withTransaction] Transa├º├úo commitada com sucesso para rh

      at log (lib/db-transaction.ts:88:13)

    console.log
      [Test 1] Ô£à Lote e avalia├º├úo criados atomicamente

      at Object.log (__tests__/integration/liberar-lote-atomicity.test.ts:225:15)

    console.log
      [withTransaction] Transa├º├úo iniciada para rh (CPF: ***8909)

      at log (lib/db-transaction.ts:78:13)

    console.log
      [Test 2] Ô£à Rollback funcionou corretamente

      at Object.log (__tests__/integration/liberar-lote-atomicity.test.ts:271:15)

    console.log
      [Test 3] Ô£à Nenhum lote ├│rf├úo encontrado

      at Object.log (__tests__/integration/liberar-lote-atomicity.test.ts:288:13)

    console.log
      [withTransaction] Transa├º├úo iniciada para rh (CPF: ***8909)

      at log (lib/db-transaction.ts:78:13)

    console.log
      [Test 4] Ô£à Rollback completo sem dados inconsistentes

      at Object.log (__tests__/integration/liberar-lote-atomicity.test.ts:339:13)

    console.log
      [Cleanup] Iniciando limpeza...

      at Object.log (__tests__/integration/liberar-lote-atomicity.test.ts:139:15)

RBAC seed applied to test database
RBAC seed applied to test database
FAIL __tests__/rh/empresas-listagem.test.tsx
  ÔùÅ Test suite failed to run

    Cannot find module '../../app/rh/empresas/page' from '__tests__/rh/empresas-listagem.test.tsx'

      19 |   useSearchParams: () => ({
      20 |     get: jest.fn((param) => {
    > 21 |       if (param === 'tab') return 'overview';
         |                                                      ^
      22 |       return null;
      23 |     }),
      24 |   }),

      at Resolver._throwModNotFoundError (node_modules/.pnpm/jest-resolve@30.2.0/node_modules/jest-resolve/build/index.js:863:11)
      at Object.<anonymous> (__tests__/rh/empresas-listagem.test.tsx:21:54)

RBAC seed applied to test database
RBAC seed applied to test database
FAIL __tests__/integration/entidades-gestores.test.ts
  ÔùÅ Console

    console.log
      [dotenv@17.2.3] injecting env (0) from .env.test -- tip: ­ƒæÑ sync secrets across teammates & machines: https://dotenvx.com/ops

      at _log (node_modules/.pnpm/dotenv@17.2.3/node_modules/dotenv/lib/main.js:142:11)

    console.log
      ­ƒøí´©Å [jest.setup] Removendo DATABASE_URL do ambiente de testes (valor n├úo importa)

      at Object.<anonymous> (__tests__/config/jest.setup.js:125:17)

    console.log
      ­ƒøí´©Å [jest.setup] Prote├º├úo do banco de testes ativada - usando: nr-bps_db_test

      at Object.<anonymous> (__tests__/config/jest.setup.js:150:13)

    console.log
      ­ƒöî [lib/db.ts] Conectado ao banco: nr-bps_db_test @ localhost (ambiente: test)

      at Object.log (lib/db.ts:673:15)

  ÔùÅ Entidades (Gestor) - Cria├º├úo Direta ÔÇ║ 1. Criar Funcion├írio de Entidade ÔÇ║ deve criar funcion├írio vinculado diretamente ├á entidade (tomador_id)

    error: rela├º├úo "tomadors" n├úo existe

      487 |         // No session: just execute the query normally
      488 |         try {
    > 489 |           const result = await client.query(text, params);
          |                          ^
      490 |           const duration = Date.now() - start;
      491 |
      492 |           // Log apenas queries lentas (>500ms)

      at node_modules/.pnpm/pg@8.16.3/node_modules/pg/lib/client.js:545:17
      at query (lib/db.ts:489:26)
      at Object.<anonymous> (__tests__/integration/entidades-gestores.test.ts:26:27)

  ÔùÅ Entidades (Gestor) - Cria├º├úo Direta ÔÇ║ 1. Criar Funcion├írio de Entidade ÔÇ║ deve respeitar constraint: funcion├írio de entidade N├âO pode ter clinica_id

    error: rela├º├úo "tomadors" n├úo existe

      487 |         // No session: just execute the query normally
      488 |         try {
    > 489 |           const result = await client.query(text, params);
          |                          ^
      490 |           const duration = Date.now() - start;
      491 |
      492 |           // Log apenas queries lentas (>500ms)

      at node_modules/.pnpm/pg@8.16.3/node_modules/pg/lib/client.js:545:17
      at query (lib/db.ts:489:26)
      at Object.<anonymous> (__tests__/integration/entidades-gestores.test.ts:26:27)

  ÔùÅ Entidades (Gestor) - Cria├º├úo Direta ÔÇ║ 1. Criar Funcion├írio de Entidade ÔÇ║ deve respeitar constraint: funcion├írio de entidade N├âO pode ter empresa_id

    error: rela├º├úo "tomadors" n├úo existe

      487 |         // No session: just execute the query normally
      488 |         try {
    > 489 |           const result = await client.query(text, params);
          |                          ^
      490 |           const duration = Date.now() - start;
      491 |
      492 |           // Log apenas queries lentas (>500ms)

      at node_modules/.pnpm/pg@8.16.3/node_modules/pg/lib/client.js:545:17
      at query (lib/db.ts:489:26)
      at Object.<anonymous> (__tests__/integration/entidades-gestores.test.ts:26:27)

  ÔùÅ Entidades (Gestor) - Cria├º├úo Direta ÔÇ║ 2. Criar Lote de Entidade ÔÇ║ deve criar lote vinculado diretamente ├á entidade (tomador_id)

    error: rela├º├úo "tomadors" n├úo existe

      487 |         // No session: just execute the query normally
      488 |         try {
    > 489 |           const result = await client.query(text, params);
          |                          ^
      490 |           const duration = Date.now() - start;
      491 |
      492 |           // Log apenas queries lentas (>500ms)

      at node_modules/.pnpm/pg@8.16.3/node_modules/pg/lib/client.js:545:17
      at query (lib/db.ts:489:26)
      at Object.<anonymous> (__tests__/integration/entidades-gestores.test.ts:26:27)

  ÔùÅ Entidades (Gestor) - Cria├º├úo Direta ÔÇ║ 2. Criar Lote de Entidade ÔÇ║ deve listar lotes apenas da entidade do gestor

    error: rela├º├úo "tomadors" n├úo existe

      487 |         // No session: just execute the query normally
      488 |         try {
    > 489 |           const result = await client.query(text, params);
          |                          ^
      490 |           const duration = Date.now() - start;
      491 |
      492 |           // Log apenas queries lentas (>500ms)

      at node_modules/.pnpm/pg@8.16.3/node_modules/pg/lib/client.js:545:17
      at query (lib/db.ts:489:26)
      at Object.<anonymous> (__tests__/integration/entidades-gestores.test.ts:26:27)

  ÔùÅ Entidades (Gestor) - Cria├º├úo Direta ÔÇ║ 3. Criar Avalia├º├úo de Entidade ÔÇ║ deve criar avalia├º├úo para funcion├írio da entidade

    error: rela├º├úo "tomadors" n├úo existe

      487 |         // No session: just execute the query normally
      488 |         try {
    > 489 |           const result = await client.query(text, params);
          |                          ^
      490 |           const duration = Date.now() - start;
      491 |
      492 |           // Log apenas queries lentas (>500ms)

      at node_modules/.pnpm/pg@8.16.3/node_modules/pg/lib/client.js:545:17
      at query (lib/db.ts:489:26)
      at Object.<anonymous> (__tests__/integration/entidades-gestores.test.ts:26:27)

  ÔùÅ Entidades (Gestor) - Cria├º├úo Direta ÔÇ║ 3. Criar Avalia├º├úo de Entidade ÔÇ║ deve validar que avalia├º├úo est├í vinculada ao funcion├írio correto da entidade

    error: rela├º├úo "tomadors" n├úo existe

      487 |         // No session: just execute the query normally
      488 |         try {
    > 489 |           const result = await client.query(text, params);
          |                          ^
      490 |           const duration = Date.now() - start;
      491 |
      492 |           // Log apenas queries lentas (>500ms)

      at node_modules/.pnpm/pg@8.16.3/node_modules/pg/lib/client.js:545:17
      at query (lib/db.ts:489:26)
      at Object.<anonymous> (__tests__/integration/entidades-gestores.test.ts:26:27)

  ÔùÅ Entidades (Gestor) - Cria├º├úo Direta ÔÇ║ 4. Validar Estrutura Organizacional ÔÇ║ deve confirmar que entidade N├âO tem cl├¡nica associada

    error: rela├º├úo "tomadors" n├úo existe

      487 |         // No session: just execute the query normally
      488 |         try {
    > 489 |           const result = await client.query(text, params);
          |                          ^
      490 |           const duration = Date.now() - start;
      491 |
      492 |           // Log apenas queries lentas (>500ms)

      at node_modules/.pnpm/pg@8.16.3/node_modules/pg/lib/client.js:545:17
      at query (lib/db.ts:489:26)
      at Object.<anonymous> (__tests__/integration/entidades-gestores.test.ts:26:27)

  ÔùÅ Entidades (Gestor) - Cria├º├úo Direta ÔÇ║ 4. Validar Estrutura Organizacional ÔÇ║ deve validar fluxo completo: Entidade ÔåÆ Funcion├írios ÔåÆ Lotes ÔåÆ Avalia├º├Áes

    error: rela├º├úo "tomadors" n├úo existe

      487 |         // No session: just execute the query normally
      488 |         try {
    > 489 |           const result = await client.query(text, params);
          |                          ^
      490 |           const duration = Date.now() - start;
      491 |
      492 |           // Log apenas queries lentas (>500ms)

      at node_modules/.pnpm/pg@8.16.3/node_modules/pg/lib/client.js:545:17
      at query (lib/db.ts:489:26)
      at Object.<anonymous> (__tests__/integration/entidades-gestores.test.ts:26:27)

  ÔùÅ Entidades (Gestor) - Cria├º├úo Direta ÔÇ║ 5. Validar Constraints do Banco ÔÇ║ deve validar que constraint usuarios_gestor_check existe e funciona

    error: rela├º├úo "tomadors" n├úo existe

      487 |         // No session: just execute the query normally
      488 |         try {
    > 489 |           const result = await client.query(text, params);
          |                          ^
      490 |           const duration = Date.now() - start;
      491 |
      492 |           // Log apenas queries lentas (>500ms)

      at node_modules/.pnpm/pg@8.16.3/node_modules/pg/lib/client.js:545:17
      at query (lib/db.ts:489:26)
      at Object.<anonymous> (__tests__/integration/entidades-gestores.test.ts:26:27)

  ÔùÅ Entidades (Gestor) - Cria├º├úo Direta ÔÇ║ 5. Validar Constraints do Banco ÔÇ║ deve validar que constraint funcionarios_owner_check existe e funciona

    error: rela├º├úo "tomadors" n├úo existe

      487 |         // No session: just execute the query normally
      488 |         try {
    > 489 |           const result = await client.query(text, params);
          |                          ^
      490 |           const duration = Date.now() - start;
      491 |
      492 |           // Log apenas queries lentas (>500ms)

      at node_modules/.pnpm/pg@8.16.3/node_modules/pg/lib/client.js:545:17
      at query (lib/db.ts:489:26)
      at Object.<anonymous> (__tests__/integration/entidades-gestores.test.ts:26:27)

  ÔùÅ Entidades (Gestor) - Cria├º├úo Direta ÔÇ║ 5. Validar Constraints do Banco ÔÇ║ deve validar enum usuario_tipo_enum cont├®m gestor (n├úo gestor)

    error: rela├º├úo "tomadors" n├úo existe

      487 |         // No session: just execute the query normally
      488 |         try {
    > 489 |           const result = await client.query(text, params);
          |                          ^
      490 |           const duration = Date.now() - start;
      491 |
      492 |           // Log apenas queries lentas (>500ms)

      at node_modules/.pnpm/pg@8.16.3/node_modules/pg/lib/client.js:545:17
      at query (lib/db.ts:489:26)
      at Object.<anonymous> (__tests__/integration/entidades-gestores.test.ts:26:27)

  ÔùÅ Entidades (Gestor) - Cria├º├úo Direta ÔÇ║ 6. Validar View gestores ÔÇ║ deve listar gestor na view gestores

    error: rela├º├úo "tomadors" n├úo existe

      487 |         // No session: just execute the query normally
      488 |         try {
    > 489 |           const result = await client.query(text, params);
          |                          ^
      490 |           const duration = Date.now() - start;
      491 |
      492 |           // Log apenas queries lentas (>500ms)

      at node_modules/.pnpm/pg@8.16.3/node_modules/pg/lib/client.js:545:17
      at query (lib/db.ts:489:26)
      at Object.<anonymous> (__tests__/integration/entidades-gestores.test.ts:26:27)

FAIL __tests__/api/gerar-link-plano-fixo.test.ts
  ÔùÅ Console

    console.log
      [dotenv@17.2.3] injecting env (0) from .env.test -- tip: ÔÜÖ´©Å  enable debug logging with { debug: true }

      at _log (node_modules/.pnpm/dotenv@17.2.3/node_modules/dotenv/lib/main.js:142:11)

    console.log
      ­ƒøí´©Å [jest.setup] Removendo DATABASE_URL do ambiente de testes (valor n├úo importa)

      at Object.<anonymous> (__tests__/config/jest.setup.js:125:17)

    console.log
      ­ƒøí´©Å [jest.setup] Prote├º├úo do banco de testes ativada - usando: nr-bps_db_test

      at Object.<anonymous> (__tests__/config/jest.setup.js:150:13)

    console.log
      ­ƒöî [lib/db.ts] Conectado ao banco: nr-bps_db_test @ localhost (ambiente: test)

      at Object.log (lib/db.ts:673:15)

  ÔùÅ API Gerar Link Plano Fixo ÔÇ║ POST /api/pagamento/gerar-link-plano-fixo ÔÇ║ deve retornar erro 400 se campos obrigat├│rios n├úo forem fornecidos

    error: n├úo ├® poss├¡vel excluir da vis├úo "tomadores"

      487 |         // No session: just execute the query normally
      488 |         try {
    > 489 |           const result = await client.query(text, params);
          |                          ^
      490 |           const duration = Date.now() - start;
      491 |
      492 |           // Log apenas queries lentas (>500ms)

      at node_modules/.pnpm/pg@8.16.3/node_modules/pg/lib/client.js:545:17
      at query (lib/db.ts:489:26)
      at Object.<anonymous> (__tests__/api/gerar-link-plano-fixo.test.ts:69:5)

  ÔùÅ API Gerar Link Plano Fixo ÔÇ║ POST /api/pagamento/gerar-link-plano-fixo ÔÇ║ deve retornar erro 404 se plano n├úo existir

    expect(received).toBe(expected) // Object.is equality

    Expected: 404
    Received: 400

      121 |       const data = await response.json();
      122 |
    > 123 |       expect(response.status).toBe(404);
          |                               ^
      124 |       expect(data.error).toContain('n├úo encontrado');
      125 |     });
      126 |

      at Object.toBe (__tests__/api/gerar-link-plano-fixo.test.ts:123:31)

  ÔùÅ API Gerar Link Plano Fixo ÔÇ║ POST /api/pagamento/gerar-link-plano-fixo ÔÇ║ deve retornar erro 404 se plano n├úo existir

    error: n├úo ├® poss├¡vel excluir da vis├úo "tomadores"

      487 |         // No session: just execute the query normally
      488 |         try {
    > 489 |           const result = await client.query(text, params);
          |                          ^
      490 |           const duration = Date.now() - start;
      491 |
      492 |           // Log apenas queries lentas (>500ms)

      at node_modules/.pnpm/pg@8.16.3/node_modules/pg/lib/client.js:545:17
      at query (lib/db.ts:489:26)
      at Object.<anonymous> (__tests__/api/gerar-link-plano-fixo.test.ts:69:5)

  ÔùÅ API Gerar Link Plano Fixo ÔÇ║ POST /api/pagamento/gerar-link-plano-fixo ÔÇ║ deve retornar erro 400 se n├║mero de funcion├írios exceder limite

    expect(received).toContain(expected) // indexOf

    Expected substring: "excede o limite"
    Received string:    "Campos obrigat├│rios: entidade_id, plano_id, numero_funcionarios"

      141 |
      142 |       expect(response.status).toBe(400);
    > 143 |       expect(data.error).toContain('excede o limite');
          |                          ^
      144 |     });
      145 |
      146 |     it('deve criar novo contrato quando n├úo existe', async () => {

      at Object.toContain (__tests__/api/gerar-link-plano-fixo.test.ts:143:26)

  ÔùÅ API Gerar Link Plano Fixo ÔÇ║ POST /api/pagamento/gerar-link-plano-fixo ÔÇ║ deve retornar erro 400 se n├║mero de funcion├írios exceder limite

    error: n├úo ├® poss├¡vel excluir da vis├úo "tomadores"

      487 |         // No session: just execute the query normally
      488 |         try {
    > 489 |           const result = await client.query(text, params);
          |                          ^
      490 |           const duration = Date.now() - start;
      491 |
      492 |           // Log apenas queries lentas (>500ms)

      at node_modules/.pnpm/pg@8.16.3/node_modules/pg/lib/client.js:545:17
      at query (lib/db.ts:489:26)
      at Object.<anonymous> (__tests__/api/gerar-link-plano-fixo.test.ts:69:5)

  ÔùÅ API Gerar Link Plano Fixo ÔÇ║ POST /api/pagamento/gerar-link-plano-fixo ÔÇ║ deve criar novo contrato quando n├úo existe

    expect(received).toBe(expected) // Object.is equality

    Expected: 200
    Received: 400

      159 |       const data = await response.json();
      160 |
    > 161 |       expect(response.status).toBe(200);
          |                               ^
      162 |       expect(data.success).toBe(true);
      163 |       expect(data.contrato_id).toBeDefined();
      164 |       expect(data.payment_link).toBeTruthy();

      at Object.toBe (__tests__/api/gerar-link-plano-fixo.test.ts:161:31)

  ÔùÅ API Gerar Link Plano Fixo ÔÇ║ POST /api/pagamento/gerar-link-plano-fixo ÔÇ║ deve criar novo contrato quando n├úo existe

    error: n├úo ├® poss├¡vel excluir da vis├úo "tomadores"

      487 |         // No session: just execute the query normally
      488 |         try {
    > 489 |           const result = await client.query(text, params);
          |                          ^
      490 |           const duration = Date.now() - start;
      491 |
      492 |           // Log apenas queries lentas (>500ms)

      at node_modules/.pnpm/pg@8.16.3/node_modules/pg/lib/client.js:545:17
      at query (lib/db.ts:489:26)
      at Object.<anonymous> (__tests__/api/gerar-link-plano-fixo.test.ts:69:5)

  ÔùÅ API Gerar Link Plano Fixo ÔÇ║ POST /api/pagamento/gerar-link-plano-fixo ÔÇ║ deve usar contrato existente quando fornecido

    expect(received).toBe(expected) // Object.is equality

    Expected: 200
    Received: 400

      189 |       const data = await response.json();
      190 |
    > 191 |       expect(response.status).toBe(200);
          |                               ^
      192 |       expect(data.success).toBe(true);
      193 |       expect(data.contrato_id).toBe(contratoExistenteId);
      194 |       expect(data.payment_link).toContain(`contrato_id=${contratoExistenteId}`);

      at Object.toBe (__tests__/api/gerar-link-plano-fixo.test.ts:191:31)

  ÔùÅ API Gerar Link Plano Fixo ÔÇ║ POST /api/pagamento/gerar-link-plano-fixo ÔÇ║ deve usar contrato existente quando fornecido

    error: n├úo ├® poss├¡vel excluir da vis├úo "tomadores"

      487 |         // No session: just execute the query normally
      488 |         try {
    > 489 |           const result = await client.query(text, params);
          |                          ^
      490 |           const duration = Date.now() - start;
      491 |
      492 |           // Log apenas queries lentas (>500ms)

      at node_modules/.pnpm/pg@8.16.3/node_modules/pg/lib/client.js:545:17
      at query (lib/db.ts:489:26)
      at Object.<anonymous> (__tests__/api/gerar-link-plano-fixo.test.ts:69:5)

  ÔùÅ API Gerar Link Plano Fixo ÔÇ║ POST /api/pagamento/gerar-link-plano-fixo ÔÇ║ deve gerar link com par├ómetro retry=true

    expect(received).toContain(expected) // indexOf

    Matcher error: received value must not be null nor undefined

    Received has value: undefined

      210 |       const data = await response.json();
      211 |
    > 212 |       expect(data.payment_link).toContain('retry=true');
          |                                 ^
      213 |       expect(data.payment_link).toContain(`tomador_id=${tomadorId}`);
      214 |       expect(data.payment_link).toContain(`plano_id=${planoFixoId}`);
      215 |       expect(data.payment_link).toContain('numero_funcionarios=10');

      at Object.toContain (__tests__/api/gerar-link-plano-fixo.test.ts:212:33)

  ÔùÅ API Gerar Link Plano Fixo ÔÇ║ POST /api/pagamento/gerar-link-plano-fixo ÔÇ║ deve gerar link com par├ómetro retry=true

    error: n├úo ├® poss├¡vel excluir da vis├úo "tomadores"

      487 |         // No session: just execute the query normally
      488 |         try {
    > 489 |           const result = await client.query(text, params);
          |                          ^
      490 |           const duration = Date.now() - start;
      491 |
      492 |           // Log apenas queries lentas (>500ms)

      at node_modules/.pnpm/pg@8.16.3/node_modules/pg/lib/client.js:545:17
      at query (lib/db.ts:489:26)
      at Object.<anonymous> (__tests__/api/gerar-link-plano-fixo.test.ts:69:5)

  ÔùÅ API Gerar Link Plano Fixo ÔÇ║ POST /api/pagamento/gerar-link-plano-fixo ÔÇ║ deve atualizar status do tomador para pendente_pagamento

    error: rela├º├úo "tomadors" n├úo existe

      487 |         // No session: just execute the query normally
      488 |         try {
    > 489 |           const result = await client.query(text, params);
          |                          ^
      490 |           const duration = Date.now() - start;
      491 |
      492 |           // Log apenas queries lentas (>500ms)

      at node_modules/.pnpm/pg@8.16.3/node_modules/pg/lib/client.js:545:17
      at query (lib/db.ts:489:26)
      at Object.<anonymous> (__tests__/api/gerar-link-plano-fixo.test.ts:226:7)

  ÔùÅ API Gerar Link Plano Fixo ÔÇ║ POST /api/pagamento/gerar-link-plano-fixo ÔÇ║ deve atualizar status do tomador para pendente_pagamento

    error: n├úo ├® poss├¡vel excluir da vis├úo "tomadores"

      487 |         // No session: just execute the query normally
      488 |         try {
    > 489 |           const result = await client.query(text, params);
          |                          ^
      490 |           const duration = Date.now() - start;
      491 |
      492 |           // Log apenas queries lentas (>500ms)

      at node_modules/.pnpm/pg@8.16.3/node_modules/pg/lib/client.js:545:17
      at query (lib/db.ts:489:26)
      at Object.<anonymous> (__tests__/api/gerar-link-plano-fixo.test.ts:69:5)

  ÔùÅ API Gerar Link Plano Fixo ÔÇ║ POST /api/pagamento/gerar-link-plano-fixo ÔÇ║ deve calcular valor correto baseado no pre├ºo do plano

    TypeError: Cannot read properties of undefined (reading 'valor_total')

      259 |       const data = await response.json();
      260 |
    > 261 |       expect(data.payment_info.valor_total).toBe(500); // 25 * 20
          |                                ^
      262 |       expect(data.payment_info.valor_por_funcionario).toBe(20);
      263 |       expect(data.payment_info.numero_funcionarios).toBe(25);
      264 |

      at Object.valor_total (__tests__/api/gerar-link-plano-fixo.test.ts:261:32)

  ÔùÅ API Gerar Link Plano Fixo ÔÇ║ POST /api/pagamento/gerar-link-plano-fixo ÔÇ║ deve calcular valor correto baseado no pre├ºo do plano

    error: n├úo ├® poss├¡vel excluir da vis├úo "tomadores"

      487 |         // No session: just execute the query normally
      488 |         try {
    > 489 |           const result = await client.query(text, params);
          |                          ^
      490 |           const duration = Date.now() - start;
      491 |
      492 |           // Log apenas queries lentas (>500ms)

      at node_modules/.pnpm/pg@8.16.3/node_modules/pg/lib/client.js:545:17
      at query (lib/db.ts:489:26)
      at Object.<anonymous> (__tests__/api/gerar-link-plano-fixo.test.ts:69:5)

  ÔùÅ API Gerar Link Plano Fixo ÔÇ║ POST /api/pagamento/gerar-link-plano-fixo ÔÇ║ deve criar contrato com status pendente_pagamento

    TypeError: Cannot read properties of undefined (reading 'status')

      288 |       );
      289 |
    > 290 |       expect(contratoCheck.rows[0].status).toBe('aguardando_pagamento');
          |                                    ^
      291 |
      292 |       // Limpar contrato criado
      293 |       await query('DELETE FROM contratos WHERE id = $1', [data.contrato_id]);

      at Object.status (__tests__/api/gerar-link-plano-fixo.test.ts:290:36)

  ÔùÅ API Gerar Link Plano Fixo ÔÇ║ POST /api/pagamento/gerar-link-plano-fixo ÔÇ║ deve criar contrato com status pendente_pagamento

    error: n├úo ├® poss├¡vel excluir da vis├úo "tomadores"

      487 |         // No session: just execute the query normally
      488 |         try {
    > 489 |           const result = await client.query(text, params);
          |                          ^
      490 |           const duration = Date.now() - start;
      491 |
      492 |           // Log apenas queries lentas (>500ms)

      at node_modules/.pnpm/pg@8.16.3/node_modules/pg/lib/client.js:545:17
      at query (lib/db.ts:489:26)
      at Object.<anonymous> (__tests__/api/gerar-link-plano-fixo.test.ts:69:5)

  ÔùÅ API Gerar Link Plano Fixo ÔÇ║ POST /api/pagamento/gerar-link-plano-fixo ÔÇ║ deve incluir mensagem apropriada no response

    expect(received).toContain(expected) // indexOf

    Matcher error: received value must not be null nor undefined

    Received has value: undefined

      309 |       const data = await response.json();
      310 |
    > 311 |       expect(data.message).toContain('Link de pagamento gerado');
          |                            ^
      312 |       expect(data.message).toContain('Complete o pagamento');
      313 |
      314 |       // Limpar contrato criado

      at Object.toContain (__tests__/api/gerar-link-plano-fixo.test.ts:311:28)

  ÔùÅ API Gerar Link Plano Fixo ÔÇ║ POST /api/pagamento/gerar-link-plano-fixo ÔÇ║ deve incluir mensagem apropriada no response

    error: n├úo ├® poss├¡vel excluir da vis├úo "tomadores"

      487 |         // No session: just execute the query normally
      488 |         try {
    > 489 |           const result = await client.query(text, params);
          |                          ^
      490 |           const duration = Date.now() - start;
      491 |
      492 |           // Log apenas queries lentas (>500ms)

      at node_modules/.pnpm/pg@8.16.3/node_modules/pg/lib/client.js:545:17
      at query (lib/db.ts:489:26)
      at Object.<anonymous> (__tests__/api/gerar-link-plano-fixo.test.ts:69:5)


  ÔùÅ Test suite failed to run

    error: n├úo ├® poss├¡vel excluir da vis├úo "tomadores"

      487 |         // No session: just execute the query normally
      488 |         try {
    > 489 |           const result = await client.query(text, params);
          |                          ^
      490 |           const duration = Date.now() - start;
      491 |
      492 |           // Log apenas queries lentas (>500ms)

      at node_modules/.pnpm/pg@8.16.3/node_modules/pg/lib/client.js:545:17
      at query (lib/db.ts:489:26)
      at Object.<anonymous> (__tests__/api/gerar-link-plano-fixo.test.ts:60:5)

RBAC seed applied to test database
FAIL __tests__/components/NotificationCenter.test.tsx
  ÔùÅ Console

    console.log
      [dotenv@17.2.3] injecting env (0) from .env.test -- tip: ­ƒöÉ encrypt with Dotenvx: https://dotenvx.com

      at _log (node_modules/.pnpm/dotenv@17.2.3/node_modules/dotenv/lib/main.js:142:11)

    console.log
      ­ƒøí´©Å [jest.setup] Removendo DATABASE_URL do ambiente de testes (valor n├úo importa)

      at Object.<anonymous> (__tests__/config/jest.setup.js:125:17)

    console.log
      ­ƒøí´©Å [jest.setup] Prote├º├úo do banco de testes ativada - usando: nr-bps_db_test

      at Object.<anonymous> (__tests__/config/jest.setup.js:150:13)

  ÔùÅ NotificationCenter ÔÇ║ Listagem de Notifica├º├Áes ÔÇ║ deve listar notifica├º├Áes recebidas

    Unable to find an element with the text: /001-291125/. This could be because the text is broken up by multiple elements. In this case, you can provide a function for your text matcher to make your matcher more flexible.

    Ignored nodes: comments, script, style
    <body>
      <div>
        <button
          class="relative p-2 text-white hover:bg-white/10 rounded-lg transition-all duration-200"
          title="Central de Notifica├º├Áes"
        >
          <svg
            aria-hidden="true"
            class="lucide lucide-bell animate-pulse"
            fill="none"
            height="22"
            stroke="currentColor"
            stroke-linecap="round"
            stroke-linejoin="round"
            stroke-width="2"
            viewBox="0 0 24 24"
            width="22"
            xmlns="http://www.w3.org/2000/svg"
          >
            <path
              d="M10.268 21a2 2 0 0 0 3.464 0"
            />
            <path
              d="M3.262 15.326A1 1 0 0 0 4 17h16a1 1 0 0 0 .74-1.673C19.41 13.956 18 12.499 18 8A6 6 0 0 0 6 8c0 4.499-1.411 5.956-2.738 7.326"
            />
          </svg>
          <span
            class="absolute -top-1 -right-1 bg-red-500 text-white text-[10px] font-bold rounded-full h-5 w-5 flex items-center justify-center shadow-lg ring-2 ring-gray-900 animate-bounce"
          >
            2
          </span>
        </button>
        <div
          class="fixed inset-0 bg-black/40 backdrop-blur-sm z-40 transition-opacity"
        />
        <div
          class="fixed top-20 right-6 w-[420px] max-h-[calc(100vh-120px)] bg-white rounded-2xl shadow-2xl z-50 flex flex-col overflow-hidden border border-gray-100 animate-in slide-in-from-top-5 duration-300"
        >
          <div
            class="relative bg-gradient-to-r from-blue-600 to-blue-700 px-6 py-5"
          >
            <div
              class="flex items-center justify-between"
            >
              <div>
                <h3
                  class="text-lg font-bold text-white"
                >
                  Notifica├º├Áes
                </h3>
                <p
                  class="text-xs text-blue-100 mt-0.5"
                >
                  2 novas
                </p>
              </div>
              <button
                aria-label="close"
                class="text-white/80 hover:text-white hover:bg-white/10 rounded-lg p-2 transition-all"
              >
                <svg
                  aria-hidden="true"
                  class="lucide lucide-x"
                  fill="none"
                  height="20"
                  stroke="currentColor"
                  stroke-linecap="round"
                  stroke-linejoin="round"
                  stroke-width="2"
                  viewBox="0 0 24 24"
                  width="20"
                  xmlns="http://www.w3.org/2000/svg"
                >
                  <path
                    d="M18 6 6 18"
                  />
                  <path
                    d="m6 6 12 12"
                  />
                </svg>
              </button>
            </div>
          </div>
          <div
            class="flex-1 overflow-y-auto bg-gray-50/50"
          >
            <div
              class="p-2"
            >
              <div
                class="mb-2 p-4 bg-white hover:bg-blue-50 cursor-pointer transition-all duration-200 rounded-xl border border-gray-100 hover:border-blue-200 hover:shadow-md group"
              >
                <div
                  class="flex items-start gap-3"
                >
                  <div
                    class="flex-shrink-0 p-2.5 rounded-xl shadow-sm transition-all group-hover:scale-110 bg-gradient-to-br from-blue-500 to-blue-600 text-white"
                  >
                    <svg
                      aria-hidden="true"
                      class="lucide lucide-file-text"
                      fill="none"
                      height="18"
                      stroke="currentColor"
                      stroke-linecap="round"
                      stroke-linejoin="round"
                      stroke-width="2.5"
                      viewBox="0 0 24 24"
                      width="18"
                      xmlns="http://www.w3.org/2000/svg"
                    >
                      <path
                        d="M6 22a2 2 0 0 1-2-2V4a2 2 0 0 1 2-2h8a2.4 2.4 0 0 1 1.704.706l3.588 3.588A2.4 2.4 0 0 1 20 8v12a2 2 0 0 1-2 2z"
                      />
                      <path
                        d="M14 2v5a1 1 0 0 0 1 1h5"
                      />
                      <path
                        d="M10 9H8"
                      />
                      <path
                        d="M16 13H8"
                      />
                      <path
                        d="M16 17H8"
                      />
                    </svg>
                  </div>
                  <div
                    class="flex-1 min-w-0"
                  >
                    <p
                      class="text-sm font-semibold text-gray-900 mb-1.5 leading-tight"
                    >
                      Novo lote "Lote Teste 1" pronto para emiss├úo de laudo
                    </p>
                    <div
                      class="flex items-center gap-2 text-xs text-gray-600"
                    >
                      <span
                        class="font-medium truncate max-w-[180px]"
                      >
                        Empresa A
                      </span>
                      <span
                        class="text-gray-400"
                      >
                        ÔÇó
                      </span>
                      <span
                        class="text-gray-500 whitespace-nowrap"
                      >
                        29/11/2025
                      </span>
                    </div>
                  </div>
                </div>
              </div>
              <div
                class="mb-2 p-4 bg-white hover:bg-blue-50 cursor-pointer transition-all duration-200 rounded-xl border border-gray-100 hover:border-blue-200 hover:shadow-md group"
              >
                <div
                  class="flex items-start gap-3"
                >
                  <div
                    class="flex-shrink-0 p-2.5 rounded-xl shadow-sm transition-all group-hover:scale-110 bg-gradient-to-br from-amber-500 to-orange-600 text-white"
                  >
                    <svg
                      aria-hidden="true"
                      class="lucide lucide-clock"
                      fill="none"
                      height="18"
                      stroke="currentColor"
                      stroke-linecap="round"
                      stroke-linejoin="round"
                      stroke-width="2.5"
                      viewBox="0 0 24 24"
                      width="18"
                      xmlns="http://www.w3.org/2000/svg"
                    >
                      <path
                        d="M12 6v6l4 2"
                      />
                      <circle
                        cx="12"
                        cy="12"
                        r="10"
                      />
                    </svg>
                  </div>
                  <div
                    class="flex-1 min-w-0"
                  >
                    <p
                      class="text-sm font-semibold text-gray-900 mb-1.5 leading-tight"
                    >
                      Laudo processado para "Lote Teste 2"
                    </p>
                    <div
                      class="flex items-center gap-2 text-xs text-gray-600"
                    >
                      <span
                        class="font-medium truncate max-w-[180px]"
                      >
                        Empresa B
                      </span>
                      <span
                        class="text-gray-400"
                      >
                        ÔÇó
                      </span>
                      <span
                        class="text-gray-500 whitespace-nowrap"
                      >
                        29/11/2025
                      </span>
                    </div>
                  </div>
                </div>
              </div>
            </div>
          </div>
          <div
            class="px-4 py-3 bg-white border-t border-gray-100"
          >
            <button
              class="w-full text-sm text-blue-600 hover:text-blue-700 hover:bg-blue-50 font-semibold py-2.5 rounded-lg transition-all duration-200"
            >
              ­ƒöä Atualizar
            </button>
          </div>
        </div>
      </div>
    </body>

      185 |       fireEvent.click(button);
      186 |
    > 187 |       await waitFor(() => {
          |                    ^
      188 |         expect(screen.getByText(/Novo lote.*Lote Teste 1/)).toBeInTheDocument();
      189 |         expect(
      190 |           screen.getByText(/Laudo processado.*Lote Teste 2/)

      at waitForWrapper (node_modules/.pnpm/@testing-library+dom@10.4.1/node_modules/@testing-library/dom/dist/wait-for.js:163:27)
      at Object.<anonymous> (__tests__/components/NotificationCenter.test.tsx:187:20)

RBAC seed applied to test database
RBAC seed applied to test database
PASS __tests__/audit/empresas-audit.test.ts (5.734 s)
  ÔùÅ Console

    console.log
      [dotenv@17.2.3] injecting env (0) from .env.test -- tip: ÔÜÖ´©Å  write to custom object with { processEnv: myObject }

      at _log (node_modules/.pnpm/dotenv@17.2.3/node_modules/dotenv/lib/main.js:142:11)

    console.log
      ­ƒøí´©Å [jest.setup] Removendo DATABASE_URL do ambiente de testes (valor n├úo importa)

      at Object.<anonymous> (__tests__/config/jest.setup.js:125:17)

    console.log
      ­ƒøí´©Å [jest.setup] Prote├º├úo do banco de testes ativada - usando: nr-bps_db_test

      at Object.<anonymous> (__tests__/config/jest.setup.js:150:13)

    console.log
      ­ƒöî [lib/db.ts] Conectado ao banco: nr-bps_db_test @ localhost (ambiente: test)

      at Object.log (lib/db.ts:673:15)

PASS __tests__/database/database-migrations-schema.test.ts
  ÔùÅ Console

    console.log
      [dotenv@17.2.3] injecting env (0) from .env.test -- tip: Ô£à audit secrets and track compliance: https://dotenvx.com/ops

      at _log (node_modules/.pnpm/dotenv@17.2.3/node_modules/dotenv/lib/main.js:142:11)

    console.log
      ­ƒøí´©Å [jest.setup] Removendo DATABASE_URL do ambiente de testes (valor n├úo importa)

      at Object.<anonymous> (__tests__/config/jest.setup.js:125:17)

    console.log
      ­ƒøí´©Å [jest.setup] Prote├º├úo do banco de testes ativada - usando: nr-bps_db_test

      at Object.<anonymous> (__tests__/config/jest.setup.js:150:13)

PASS __tests__/rh/empresa-dashboard-abas.test.tsx
  ÔùÅ Console

    console.log
      [dotenv@17.2.3] injecting env (0) from .env.test -- tip: ÔÜÖ´©Å  specify custom .env file path with { path: '/custom/path/.env' }

      at _log (node_modules/.pnpm/dotenv@17.2.3/node_modules/dotenv/lib/main.js:142:11)

    console.log
      ­ƒøí´©Å [jest.setup] Removendo DATABASE_URL do ambiente de testes (valor n├úo importa)

      at Object.<anonymous> (__tests__/config/jest.setup.js:125:17)

    console.log
      ­ƒøí´©Å [jest.setup] Prote├º├úo do banco de testes ativada - usando: nr-bps_db_test

      at Object.<anonymous> (__tests__/config/jest.setup.js:150:13)

PASS __tests__/registration/sucesso-cadastro.test.tsx
  ÔùÅ Console

    console.log
      [dotenv@17.2.3] injecting env (0) from .env.test -- tip: ­ƒôí add observability to secrets: https://dotenvx.com/ops

      at _log (node_modules/.pnpm/dotenv@17.2.3/node_modules/dotenv/lib/main.js:142:11)

    console.log
      ­ƒøí´©Å [jest.setup] Removendo DATABASE_URL do ambiente de testes (valor n├úo importa)

      at Object.<anonymous> (__tests__/config/jest.setup.js:125:17)

    console.log
      ­ƒøí´©Å [jest.setup] Prote├º├úo do banco de testes ativada - usando: nr-bps_db_test

      at Object.<anonymous> (__tests__/config/jest.setup.js:150:13)

RBAC seed applied to test database
RBAC seed applied to test database
RBAC seed applied to test database
RBAC seed applied to test database
FAIL __tests__/integration/fluxo-cadastro-pagamento-ativacao.test.ts
  ÔùÅ Test suite failed to run


      x Expression expected
         ,-[C:\apps\QWork\__tests__\integration\fluxo-cadastro-pagamento-ativacao.test.ts:201:1]
     201 |     if (notificacoesResult.rows.length !== 1) {
     202 |         'DEBUG: notificacoesResult.rows:',
     203 |         JSON.stringify(notificacoesResult.rows, null, 2)
     204 |       );
         :       ^
     205 |     }
     206 |     expect(notificacoesResult.rows.length).toBe(1);
     206 | 
         `----


    Caused by:
        Syntax Error

      at Object.transformSync (node_modules/.pnpm/next@14.2.33_@babel+core@7._7ed58a22f15b2f2041835ab71b63c437/node_modules/next/src/build/swc/index.ts:1433:25)
      at transformSync (node_modules/.pnpm/next@14.2.33_@babel+core@7._7ed58a22f15b2f2041835ab71b63c437/node_modules/next/src/build/swc/index.ts:1550:19)
      at Object.process (node_modules/.pnpm/next@14.2.33_@babel+core@7._7ed58a22f15b2f2041835ab71b63c437/node_modules/next/src/build/swc/jest-transformer.ts:104:25)
      at ScriptTransformer.transformSource (node_modules/.pnpm/@jest+transform@30.2.0/node_modules/@jest/transform/build/index.js:422:31)
      at ScriptTransformer._transformAndBuildScript (node_modules/.pnpm/@jest+transform@30.2.0/node_modules/@jest/transform/build/index.js:519:40)
      at ScriptTransformer.transform (node_modules/.pnpm/@jest+transform@30.2.0/node_modules/@jest/transform/build/index.js:558:19)

RBAC seed applied to test database
FAIL __tests__/integration/maquina-estado-transicoes.test.ts
  ÔùÅ Test suite failed to run


      x Unterminated block comment
         ,-[C:\apps\QWork\__tests__\integration\maquina-estado-transicoes.test.ts:1:1]
       1 | ,-> /**
       2 | |    * Teste de transi├º├Áes de status da m├íquina de estado
       3 | |    *
       4 | |    * Estados de lote:
       5 | |    * - 'ativo' (inicial) ÔåÆ 'concluido' ÔåÆ 'laudo_emitido' ÔåÆ 'finalizado'
       6 | |    *
       7 | |    * Estados de avalia├º├úo:
       8 | |    * - 'iniciada' (inicial) ÔåÆ 'em_andamento' ÔåÆ 'concluida' (feminino) ou 'inativada'
       9 | |    * 
      10 | |    * Estados de laudo:
      11 | |    * - Rela├º├úo 1:1 com lote (laudo.id = lote_id por constraint)
      12 | |     let empresaId: number;
      13 | |     let emissorCpf: string;
      14 | |   
      15 | |     beforeAll(async () => {
      16 | |       // Desabilitar triggers temporariamente para setup r├ípido
      17 | |       await query(`SET session_replication_role = 'replica'`);
      18 | |   
      19 | |       const timestamp = Date.now();
      20 | |       const clinicaResult = await query(
      21 | |         `INSERT INTO clinicas (nome, cnpj, email, ativa) 
      22 | |          VALUES ($1, $2, $3, true) 
      23 | |          RETURNING id`,
      24 | |         [
      25 | |           `Cl├¡nica Estados ${timestamp}`,
      26 | |           `${timestamp.toString().slice(-14)}`,
      27 | |           `estados${timestamp}@test.com`,
      28 | |         ]
      29 | |       );
      30 | |       clinicaId = clinicaResult.rows[0].id;
      31 | |   
      32 | |       const empresaResult = await query(
      33 | |         `INSERT INTO empresas_clientes (nome, cnpj, email, clinica_id, ativa) 
      34 | |          VALUES ($1, $2, $3, $4, true) 
      35 | |          RETURNING id`,
      36 | |         [
      37 | |           `Empresa Estados ${timestamp}`,
      38 | |           `${(timestamp + 1).toString().slice(-14)}`,
      39 | |           `empresa${timestamp}@test.com`,
      40 | |           clinicaId,
      41 | |         ]
      42 | |       );
      43 | |       empresaId = empresaResult.rows[0].id;
      44 | |   
      45 | |       emissorCpf = '53051173991';
      46 | |   
      47 | |       // Reabilitar triggers para os testes
      48 | |       await query(`SET session_replication_role = 'origin'`);
      49 | |     });
      50 | |   
      51 | |     afterAll(async () => {
      52 | |       await query('DELETE FROM empresas_clientes WHERE id = $1', [empresaId]);
      53 | |       await query('DELETE FROM clinicas WHERE id = $1', [clinicaId]);
      54 | |     });
      55 | |   
      56 | |     describe('Estados de Lote', () => {
      57 | |       it('deve criar lote com status inicial "ativo"', async () => {
      58 | |         const maxOrdemResult = await query(
      59 | |           `SELECT COALESCE(MAX(numero_ordem), 0) as max_ordem 
      60 | |            FROM lotes_avaliacao 
      61 | |            WHERE empresa_id = $1`,
      62 | |           [empresaId]
      63 | |         );
      64 | |         const numeroOrdem = maxOrdemResult.rows[0].max_ordem + 1;
      65 | |   
      66 | |         const result = await query(
      67 | |           `INSERT INTO lotes_avaliacao 
      68 | |            (empresa_id, clinica_id, tipo, status, numero_ordem, liberado_por) 
      69 | |            VALUES ($1, $2, 'completo', 'ativo', $3, $4) 
      70 | |            RETURNING id, status`,
      71 | |           [empresaId, clinicaId, numeroOrdem, emissorCpf]
      72 | |         );
      73 | |   
      74 | |         expect(result.rows[0].status).toBe('ativo');
      75 | |   
      76 | |         await query('DELETE FROM lotes_avaliacao WHERE id = $1', [
      77 | |           result.rows[0].id,
      78 | |         ]);
      79 | |       });
      80 | |   
      81 | |       it('deve transicionar de "ativo" para "concluido" quando avalia├º├Áes finalizadas', async () => {
      82 | |         const maxOrdemResult = await query(
      83 | |           `SELECT COALESCE(MAX(numero_ordem), 0) as max_ordem 
      84 | |            FROM lotes_avaliacao 
      85 | |            WHERE empresa_id = $1`,
      86 | |           [empresaId]
      87 | |         );
      88 | |         const numeroOrdem = maxOrdemResult.rows[0].max_ordem + 1;
      89 | |   
      90 | |         const loteResult = await query(
      91 | |           `INSERT INTO lotes_avaliacao 
      92 | |            (empresa_id, clinica_id, tipo, status, numero_ordem, liberado_por) 
      93 | |            VALUES ($1, $2, 'completo', 'ativo', $3, $4) 
      94 | |            RETURNING id`,
      95 | |           [empresaId, clinicaId, numeroOrdem, emissorCpf]
      96 | |         );
      97 | |         const loteId = loteResult.rows[0].id;
      98 | |   
      99 | |         const cpf = String(Math.floor(Math.random() * 100000000000)).padStart(
     100 | |           11,
     101 | |           '0'
     102 | |         );
     103 | |         await query(
     104 | |           `INSERT INTO funcionarios (cpf, nome, empresa_id) 
     105 | |            VALUES ($1, 'Test', $2)`,
     106 | |           [cpf, empresaId]
     107 | |         );
     108 | |   
     109 | |         await query(`SET LOCAL app.current_user_cpf = $1`, [cpf]);
     110 | |         await query(
     111 | |           `INSERT INTO avaliacoes (lote_id, funcionario_cpf, status, inicio, envio) 
     112 | |            VALUES ($1, $2, 'concluido', NOW(), NOW())`,
     113 | |           [loteId, cpf]
     114 | |         );
     115 | |         await query(`RESET app.current_user_cpf`);
     116 | |   
     117 | |         // Aguardar trigger
     118 | |         await new Promise((resolve) => setTimeout(resolve, 100));
     119 | |   
     120 | |         const check = await query(
     121 | |           `SELECT status FROM lotes_avaliacao WHERE id = $1`,
     122 | |           [loteId]
     123 | |         );
     124 | |   
     125 | |         expect(check.rows[0].status).toBe('concluido');
     126 | |   
     127 | |         // Cleanup
     128 | |         await query('DELETE FROM avaliacoes WHERE lote_id = $1', [loteId]);
     129 | |         await query('DELETE FROM lotes_avaliacao WHERE id = $1', [loteId]);
     130 | |         await query('DELETE FROM funcionarios WHERE cpf = $1', [cpf]);
     131 | |       });
     132 | |   
     133 | |       it('n├úo deve permitir "rascunho" como status inicial de lote', async () => {
     134 | |         const maxOrdemResult = await query(
     135 | |           `SELECT COALESCE(MAX(numero_ordem), 0) as max_ordem 
     136 | |            FROM lotes_avaliacao 
     137 | |            WHERE empresa_id = $1`,
     138 | |           [empresaId]
     139 | |         );
     140 | |         const numeroOrdem = maxOrdemResult.rows[0].max_ordem + 1;
     141 | |   
     142 | |         // Status 'rascunho' n├úo ├® v├ílido para lotes na nova m├íquina de estado
     143 | |         await expect(
     144 | |           query(
     145 | |             `INSERT INTO lotes_avaliacao 
     146 | |              (empresa_id, clinica_id, tipo, status, numero_ordem, liberado_por) 
     147 | |              VALUES ($1, $2, 'completo', 'rascunho', $3, $4) 
     148 | |              RETURNING id`,
     149 | |             [empresaId, clinicaId, numeroOrdem, emissorCpf]
     150 | |           )
     151 | |         ).rejects.toThrow();
     152 | |       });
     153 | |     });
     154 | |   
     155 | |     describe('Estados de Avalia├º├úo', () => {
     156 | |       let loteId: number;
     157 | |       let funcionarioCpf: string;
     158 | |   
     159 | |       beforeEach(async () => {
     160 | |         const maxOrdemResult = await query(
     161 | |           `SELECT COALESCE(MAX(numero_ordem), 0) as max_ordem 
     162 | |            FROM lotes_avaliacao 
     163 | |            WHERE empresa_id = $1`,
     164 | |           [empresaId]
     165 | |         );
     166 | |         const numeroOrdem = maxOrdemResult.rows[0].max_ordem + 1;
     167 | |   
     168 | |         const loteResult = await query(
     169 | |           `INSERT INTO lotes_avaliacao 
     170 | |            (empresa_id, clinica_id, tipo, status, numero_ordem, liberado_por) 
     171 | |            VALUES ($1, $2, 'completo', 'ativo', $3, $4) 
     172 | |            RETURNING id`,
     173 | |           [empresaId, clinicaId, numeroOrdem, emissorCpf]
     174 | |         );
     175 | |         loteId = loteResult.rows[0].id;
     176 | |   
     177 | |         funcionarioCpf = String(
     178 | |           Math.floor(Math.random() * 100000000000)
     179 | |         ).padStart(11, '0');
     180 | |         await query(
     181 | |           `INSERT INTO funcionarios (cpf, nome, empresa_id) 
     182 | |            VALUES ($1, 'Funcion├írio Teste', $2)`,
     183 | |           [funcionarioCpf, empresaId]
     184 | |         );
     185 | |       });
     186 | |   
     187 | |       afterEach(async () => {
     188 | |         await query('DELETE FROM avaliacoes WHERE lote_id = $1', [loteId]);
     189 | |         await query('DELETE FROM lotes_avaliacao WHERE id = $1', [loteId]);
     190 | |         await query('DELETE FROM funcionarios WHERE cpf = $1', [funcionarioCpf]);
     191 | |       });
     192 | |   
     193 | |       it('deve criar avalia├º├úo com status inicial "iniciada"', async () => {
     194 | |         await query(`SET LOCAL app.current_user_cpf = $1`, [funcionarioCpf]);
     195 | |         const result = await query(
     196 | |           `INSERT INTO avaliacoes (lote_id, funcionario_cpf, status, inicio) 
     197 | |            VALUES ($1, $2, 'iniciada', NOW()) 
     198 | |            RETURNING id, status`,
     199 | |           [loteId, funcionarioCpf]
     200 | |         );
     201 | |         await query(`RESET app.current_user_cpf`);
     202 | |   
     203 | |         expect(result.rows[0].status).toBe('iniciada');
     204 | |       });
     205 | |   
     206 | |       it('deve transicionar de "iniciada" para "em_andamento"', async () => {
     207 | |         await query(`SET LOCAL app.current_user_cpf = $1`, [funcionarioCpf]);
     208 | |         const avalResult = await query(
     209 | |           `INSERT INTO avaliacoes (lote_id, funcionario_cpf, status, inicio) 
     210 | |            VALUES ($1, $2, 'iniciada', NOW()) 
     211 | |            RETURNING id`,
     212 | |           [loteId, funcionarioCpf]
     213 | |         );
     214 | |         await query(`RESET app.current_user_cpf`);
     215 | |   
     216 | |         const avaliacaoId = avalResult.rows[0].id;
     217 | |   
     218 | |         await query(
     219 | |           `UPDATE avaliacoes SET status = 'em_andamento' WHERE id = $1`,
     220 | |           [avaliacaoId]
     221 | |         );
     222 | |   
     223 | |         const check = await query(`SELECT status FROM avaliacoes WHERE id = $1`, [
     224 | |           avaliacaoId,
     225 | |         ]);
     226 | |   
     227 | |         expect(check.rows[0].status).toBe('em_andamento');
     228 | |       });
     229 | |   
     230 | |       it('deve transicionar de "em_andamento" para "concluido"', async () => {
     231 | |         await query(`SET LOCAL app.current_user_cpf = $1`, [funcionarioCpf]);
     232 | |         const avalResult = await query(
     233 | |           `INSERT INTO avaliacoes (lote_id, funcionario_cpf, status, inicio) 
     234 | |            VALUES ($1, $2, 'em_andamento', NOW()) 
     235 | |            RETURNING id`,
     236 | |           [loteId, funcionarioCpf]
     237 | |         );
     238 | |         await query(`RESET app.current_user_cpf`);
     239 | |   
     240 | |         const avaliacaoId = avalResult.rows[0].id;
     241 | |   
     242 | |         await query(
     243 | |           `UPDATE avaliacoes SET status = 'concluido', envio = NOW() WHERE id = $1`,
     244 | |           [avaliacaoId]
     245 | |         );
     246 | |   
     247 | |         const check = await query(`SELECT status FROM avaliacoes WHERE id = $1`, [
     248 | |           avaliacaoId,
     249 | |         ]);
     250 | |   
     251 | |         expect(check.rows[0].status).toBe('concluido');
     252 | |       });
     253 | |   
     254 | |       it('deve permitir transi├º├úo direta de "iniciada" para "inativada"', async () => {
     255 | |         await query(`SET LOCAL app.current_user_cpf = $1`, [funcionarioCpf]);
     256 | |         const avalResult = await query(
     257 | |           `INSERT INTO avaliacoes (lote_id, funcionario_cpf, status, inicio) 
     258 | |            VALUES ($1, $2, 'iniciada', NOW()) 
     259 | |            RETURNING id`,
     260 | |           [loteId, funcionarioCpf]
     261 | |         );
     262 | |         await query(`RESET app.current_user_cpf`);
     263 | |   
     264 | |         const avaliacaoId = avalResult.rows[0].id;
     265 | |   
     266 | |         await query(`UPDATE avaliacoes SET status = 'inativada' WHERE id = $1`, [
     267 | |           avaliacaoId,
     268 | |         ]);
     269 | |   
     270 | |         const check = await query(`SELECT status FROM avaliacoes WHERE id = $1`, [
     271 | |           avaliacaoId,
     272 | |         ]);
     273 | |   
     274 | |         expect(check.rows[0].status).toBe('inativada');
     275 | |       });
     276 | |   
     277 | |       it('n├úo deve permitir "concluida" (com acento) - estado obsoleto', async () => {
     278 | |         await query(`SET LOCAL app.current_user_cpf = $1`, [funcionarioCpf]);
     279 | |         await expect(
     280 | |           query(
     281 | |             `INSERT INTO avaliacoes (lote_id, funcionario_cpf, status, inicio) 
     282 | |              VALUES ($1, $2, 'concluida', NOW())`,
     283 | |             [loteId, funcionarioCpf]
     284 | |           )
     285 | |         ).rejects.toThrow();
     286 | |         await query(`RESET app.current_user_cpf`);
     287 | |       });
     288 | |     });
     289 | |   
     290 | |     describe('Valores enum v├ílidos', () => {
     291 | |       it('deve listar valores v├ílidos para status de lote', async () => {
     292 | |         const result = await query(
     293 | |           `SELECT enumlabel 
     294 | |            FROM pg_enum 
     295 | |            WHERE enumtypid = 'status_lote'::regtype 
     296 | |            ORDER BY enumlabel`,
     297 | |           []
     298 | |         );
     299 | |   
     300 | |         const valores = result.rows.map((r) => r.enumlabel);
     301 | |   
     302 | |         // N├úo deve conter 'rascunho'
     303 | |         expect(valores).not.toContain('rascunho');
     304 | |   
     305 | |         // Deve conter os estados v├ílidos
     306 | |         expect(valores).toContain('ativo');
     307 | |         expect(valores).toContain('concluido');
     308 | |       });
     309 | |   
     310 | |       it('deve listar valores v├ílidos para status de avalia├º├úo', async () => {
     311 | |         const result = await query(
     312 | |           `SELECT enumlabel 
     313 | |            FROM pg_enum 
     314 | |            WHERE enumtypid = 'status_avaliacao'::regtype 
     315 | |            ORDER BY enumlabel`,
     316 | |           []
     317 | |         );
     318 | |   
     319 | |         const valores = result.rows.map((r) => r.enumlabel);
     320 | |   
     321 | |         expect(valores).toContain('iniciada');
     322 | |         expect(valores).toContain('em_andamento');
     323 | |         expect(valores).toContain('concluido');
     324 | |         expect(valores).toContain('inativada');
     325 | |   
     326 | |         // N├úo deve conter 'concluida' (com acento)
     327 | |         expect(valores).not.toContain('concluida');
     328 | |       });
     329 | |     });
     330 | `-> });
         `----


    Caused by:
        Syntax Error

      at Object.transformSync (node_modules/.pnpm/next@14.2.33_@babel+core@7._7ed58a22f15b2f2041835ab71b63c437/node_modules/next/src/build/swc/index.ts:1433:25)
      at transformSync (node_modules/.pnpm/next@14.2.33_@babel+core@7._7ed58a22f15b2f2041835ab71b63c437/node_modules/next/src/build/swc/index.ts:1550:19)
      at Object.process (node_modules/.pnpm/next@14.2.33_@babel+core@7._7ed58a22f15b2f2041835ab71b63c437/node_modules/next/src/build/swc/jest-transformer.ts:104:25)
      at ScriptTransformer.transformSource (node_modules/.pnpm/@jest+transform@30.2.0/node_modules/@jest/transform/build/index.js:422:31)
      at ScriptTransformer._transformAndBuildScript (node_modules/.pnpm/@jest+transform@30.2.0/node_modules/@jest/transform/build/index.js:519:40)
      at ScriptTransformer.transform (node_modules/.pnpm/@jest+transform@30.2.0/node_modules/@jest/transform/build/index.js:558:19)

FAIL __tests__/database/migracao-165-trigger-fix.test.ts
  ÔùÅ Console

    console.log
      [dotenv@17.2.3] injecting env (0) from .env.test -- tip: ÔÜÖ´©Å  specify custom .env file path with { path: '/custom/path/.env' }

      at _log (node_modules/.pnpm/dotenv@17.2.3/node_modules/dotenv/lib/main.js:142:11)

    console.log
      ­ƒøí´©Å [jest.setup] Removendo DATABASE_URL do ambiente de testes (valor n├úo importa)

      at Object.<anonymous> (__tests__/config/jest.setup.js:125:17)

    console.log
      ­ƒøí´©Å [jest.setup] Prote├º├úo do banco de testes ativada - usando: nr-bps_db_test

      at Object.<anonymous> (__tests__/config/jest.setup.js:150:13)

    console.log
      ­ƒöî [lib/db.ts] Conectado ao banco: nr-bps_db_test @ localhost (ambiente: test)

      at Object.log (lib/db.ts:673:15)

  ÔùÅ Migra├º├úo 165 - Fix atualizar_ultima_avaliacao_trigger ÔÇ║ [MIGRA├ç├âO 165] Ô£à Trigger n├úo acessa coluna inexistente l.codigo

    error: o valor nulo na coluna "email" da rela├º├úo "clinicas" viola a restri├º├úo de n├úo-nulo

      487 |         // No session: just execute the query normally
      488 |         try {
    > 489 |           const result = await client.query(text, params);
          |                          ^
      490 |           const duration = Date.now() - start;
      491 |
      492 |           // Log apenas queries lentas (>500ms)

      at node_modules/.pnpm/pg@8.16.3/node_modules/pg/lib/client.js:545:17
      at query (lib/db.ts:489:26)
      at Object.<anonymous> (__tests__/database/migracao-165-trigger-fix.test.ts:42:29)

  ÔùÅ Migra├º├úo 165 - Fix atualizar_ultima_avaliacao_trigger ÔÇ║ [MIGRA├ç├âO 165] Ô£à Campos denormalizados de ├║ltima avalia├º├úo atualizados

    error: o valor nulo na coluna "email" da rela├º├úo "clinicas" viola a restri├º├úo de n├úo-nulo

      487 |         // No session: just execute the query normally
      488 |         try {
    > 489 |           const result = await client.query(text, params);
          |                          ^
      490 |           const duration = Date.now() - start;
      491 |
      492 |           // Log apenas queries lentas (>500ms)

      at node_modules/.pnpm/pg@8.16.3/node_modules/pg/lib/client.js:545:17
      at query (lib/db.ts:489:26)
      at Object.<anonymous> (__tests__/database/migracao-165-trigger-fix.test.ts:42:29)

  ÔùÅ Migra├º├úo 165 - Fix atualizar_ultima_avaliacao_trigger ÔÇ║ [MIGRA├ç├âO 165] Ô£à Trigger n├úo tenta atualizar colunas removidas

    error: o valor nulo na coluna "email" da rela├º├úo "clinicas" viola a restri├º├úo de n├úo-nulo

      487 |         // No session: just execute the query normally
      488 |         try {
    > 489 |           const result = await client.query(text, params);
          |                          ^
      490 |           const duration = Date.now() - start;
      491 |
      492 |           // Log apenas queries lentas (>500ms)

      at node_modules/.pnpm/pg@8.16.3/node_modules/pg/lib/client.js:545:17
      at query (lib/db.ts:489:26)
      at Object.<anonymous> (__tests__/database/migracao-165-trigger-fix.test.ts:42:29)

  ÔùÅ Migra├º├úo 165 - Fix atualizar_ultima_avaliacao_trigger ÔÇ║ [MIGRA├ç├âO 165] Ô£à Trigger funciona ao inativar avalia├º├úo

    error: o valor nulo na coluna "email" da rela├º├úo "clinicas" viola a restri├º├úo de n├úo-nulo

      487 |         // No session: just execute the query normally
      488 |         try {
    > 489 |           const result = await client.query(text, params);
          |                          ^
      490 |           const duration = Date.now() - start;
      491 |
      492 |           // Log apenas queries lentas (>500ms)

      at node_modules/.pnpm/pg@8.16.3/node_modules/pg/lib/client.js:545:17
      at query (lib/db.ts:489:26)
      at Object.<anonymous> (__tests__/database/migracao-165-trigger-fix.test.ts:42:29)

  ÔùÅ Migra├º├úo 165 - Fix atualizar_ultima_avaliacao_trigger ÔÇ║ [MIGRA├ç├âO 165] Ô£à Trigger respeita l├│gica de ├║ltima avalia├º├úo mais recente

    error: o valor nulo na coluna "email" da rela├º├úo "clinicas" viola a restri├º├úo de n├úo-nulo

      487 |         // No session: just execute the query normally
      488 |         try {
    > 489 |           const result = await client.query(text, params);
          |                          ^
      490 |           const duration = Date.now() - start;
      491 |
      492 |           // Log apenas queries lentas (>500ms)

      at node_modules/.pnpm/pg@8.16.3/node_modules/pg/lib/client.js:545:17
      at query (lib/db.ts:489:26)
      at Object.<anonymous> (__tests__/database/migracao-165-trigger-fix.test.ts:42:29)

  ÔùÅ Migra├º├úo 165 - Fix atualizar_ultima_avaliacao_trigger ÔÇ║ [MIGRA├ç├âO 165] Ô£à Trigger ├® idempotente (pode rodar m├║ltiplas vezes)

    error: o valor nulo na coluna "email" da rela├º├úo "clinicas" viola a restri├º├úo de n├úo-nulo

      487 |         // No session: just execute the query normally
      488 |         try {
    > 489 |           const result = await client.query(text, params);
          |                          ^
      490 |           const duration = Date.now() - start;
      491 |
      492 |           // Log apenas queries lentas (>500ms)

      at node_modules/.pnpm/pg@8.16.3/node_modules/pg/lib/client.js:545:17
      at query (lib/db.ts:489:26)
      at Object.<anonymous> (__tests__/database/migracao-165-trigger-fix.test.ts:42:29)

FAIL __tests__/api/avaliacao/conclusao-migracao-165.test.ts
  ÔùÅ Console

    console.log
      [dotenv@17.2.3] injecting env (0) from .env.test -- tip: ÔÜÖ´©Å  override existing env vars with { override: true }

      at _log (node_modules/.pnpm/dotenv@17.2.3/node_modules/dotenv/lib/main.js:142:11)

    console.log
      ­ƒøí´©Å [jest.setup] Removendo DATABASE_URL do ambiente de testes (valor n├úo importa)

      at Object.<anonymous> (__tests__/config/jest.setup.js:125:17)

    console.log
      ­ƒøí´©Å [jest.setup] Prote├º├úo do banco de testes ativada - usando: nr-bps_db_test

      at Object.<anonymous> (__tests__/config/jest.setup.js:150:13)

    console.log
      ­ƒöî [lib/db.ts] Conectado ao banco: nr-bps_db_test @ localhost (ambiente: test)

      at Object.log (lib/db.ts:673:15)

  ÔùÅ Integra├º├úo: Salvar Respostas + Trigger Migra├º├úo 165 ÔÇ║ [INTEGRA├ç├âO] Ô£à Salva 37 respostas sem erro de coluna inexistente

    error: o valor nulo na coluna "email" da rela├º├úo "clinicas" viola a restri├º├úo de n├úo-nulo

      487 |         // No session: just execute the query normally
      488 |         try {
    > 489 |           const result = await client.query(text, params);
          |                          ^
      490 |           const duration = Date.now() - start;
      491 |
      492 |           // Log apenas queries lentas (>500ms)

      at node_modules/.pnpm/pg@8.16.3/node_modules/pg/lib/client.js:545:17
      at query (lib/db.ts:489:26)
      at Object.<anonymous> (__tests__/api/avaliacao/conclusao-migracao-165.test.ts:30:29)

  ÔùÅ Integra├º├úo: Salvar Respostas + Trigger Migra├º├úo 165 ÔÇ║ [INTEGRA├ç├âO] Ô£à Auto-conclus├úo (37 respostas) dispara trigger com sucesso

    error: o valor nulo na coluna "email" da rela├º├úo "clinicas" viola a restri├º├úo de n├úo-nulo

      487 |         // No session: just execute the query normally
      488 |         try {
    > 489 |           const result = await client.query(text, params);
          |                          ^
      490 |           const duration = Date.now() - start;
      491 |
      492 |           // Log apenas queries lentas (>500ms)

      at node_modules/.pnpm/pg@8.16.3/node_modules/pg/lib/client.js:545:17
      at query (lib/db.ts:489:26)
      at Object.<anonymous> (__tests__/api/avaliacao/conclusao-migracao-165.test.ts:30:29)

  ÔùÅ Integra├º├úo: Salvar Respostas + Trigger Migra├º├úo 165 ÔÇ║ [INTEGRA├ç├âO] Ô£à Funcion├írio atualizado com campos de ├║ltima avalia├º├úo

    error: o valor nulo na coluna "email" da rela├º├úo "clinicas" viola a restri├º├úo de n├úo-nulo

      487 |         // No session: just execute the query normally
      488 |         try {
    > 489 |           const result = await client.query(text, params);
          |                          ^
      490 |           const duration = Date.now() - start;
      491 |
      492 |           // Log apenas queries lentas (>500ms)

      at node_modules/.pnpm/pg@8.16.3/node_modules/pg/lib/client.js:545:17
      at query (lib/db.ts:489:26)
      at Object.<anonymous> (__tests__/api/avaliacao/conclusao-migracao-165.test.ts:30:29)

  ÔùÅ Integra├º├úo: Salvar Respostas + Trigger Migra├º├úo 165 ÔÇ║ [INTEGRA├ç├âO] Ô£à Fun├º├úo trigger (schema) n├úo referencia l.codigo

    error: o valor nulo na coluna "email" da rela├º├úo "clinicas" viola a restri├º├úo de n├úo-nulo

      487 |         // No session: just execute the query normally
      488 |         try {
    > 489 |           const result = await client.query(text, params);
          |                          ^
      490 |           const duration = Date.now() - start;
      491 |
      492 |           // Log apenas queries lentas (>500ms)

      at node_modules/.pnpm/pg@8.16.3/node_modules/pg/lib/client.js:545:17
      at query (lib/db.ts:489:26)
      at Object.<anonymous> (__tests__/api/avaliacao/conclusao-migracao-165.test.ts:30:29)

  ÔùÅ Integra├º├úo: Salvar Respostas + Trigger Migra├º├úo 165 ÔÇ║ [INTEGRA├ç├âO] Ô£à Conclus├úo mant├®m contexto de seguran├ºa RLS

    error: o valor nulo na coluna "email" da rela├º├úo "clinicas" viola a restri├º├úo de n├úo-nulo

      487 |         // No session: just execute the query normally
      488 |         try {
    > 489 |           const result = await client.query(text, params);
          |                          ^
      490 |           const duration = Date.now() - start;
      491 |
      492 |           // Log apenas queries lentas (>500ms)

      at node_modules/.pnpm/pg@8.16.3/node_modules/pg/lib/client.js:545:17
      at query (lib/db.ts:489:26)
      at Object.<anonymous> (__tests__/api/avaliacao/conclusao-migracao-165.test.ts:30:29)

  ÔùÅ Integra├º├úo: Salvar Respostas + Trigger Migra├º├úo 165 ÔÇ║ [INTEGRA├ç├âO] Ô£à Trigger atualiza apenas a avalia├º├úo mais recente

    error: o valor nulo na coluna "email" da rela├º├úo "clinicas" viola a restri├º├úo de n├úo-nulo

      487 |         // No session: just execute the query normally
      488 |         try {
    > 489 |           const result = await client.query(text, params);
          |                          ^
      490 |           const duration = Date.now() - start;
      491 |
      492 |           // Log apenas queries lentas (>500ms)

      at node_modules/.pnpm/pg@8.16.3/node_modules/pg/lib/client.js:545:17
      at query (lib/db.ts:489:26)
      at Object.<anonymous> (__tests__/api/avaliacao/conclusao-migracao-165.test.ts:30:29)

RBAC seed applied to test database
RBAC seed applied to test database
FAIL __tests__/auth/login.test.tsx (37.797 s)
  ÔùÅ Console

    console.log
      [dotenv@17.2.3] injecting env (0) from .env.test -- tip: ­ƒöÉ encrypt with Dotenvx: https://dotenvx.com

      at _log (node_modules/.pnpm/dotenv@17.2.3/node_modules/dotenv/lib/main.js:142:11)

    console.log
      ­ƒøí´©Å [jest.setup] Removendo DATABASE_URL do ambiente de testes (valor n├úo importa)

      at Object.<anonymous> (__tests__/config/jest.setup.js:125:17)

    console.log
      ­ƒøí´©Å [jest.setup] Prote├º├úo do banco de testes ativada - usando: nr-bps_db_test

      at Object.<anonymous> (__tests__/config/jest.setup.js:150:13)

  ÔùÅ LoginPage ÔÇ║ deve renderizar formul├írio de login corretamente

    TestingLibraryElementError: Found multiple elements with the text of: /senha/i

    Here are the matching elements:

    Ignored nodes: comments, script, style
    <input
      class="mt-1 block w-full px-3 py-2 border border-gray-300 rounded-md shadow-sm focus:outline-none focus:ring-primary focus:border-primary text-base"
      id="senha"
      name="senha"
      placeholder="ÔÇóÔÇóÔÇóÔÇóÔÇóÔÇóÔÇóÔÇó"
      type="password"
      value=""
    />

    Ignored nodes: comments, script, style
    <input
      class="mt-1 block w-full px-3 py-2 border border-gray-300 rounded-md shadow-sm focus:outline-none focus:ring-primary focus:border-primary text-base"
      id="dataNascimento"
      maxlength="8"
      name="dataNascimento"
      placeholder="ddmmaaaa"
      type="text"
      value=""
    />

    (If this is intentional, then use the `*AllBy*` variant of the query (like `queryAllByText`, `getAllByText`, or `findAllByText`)).

    Ignored nodes: comments, script, style
    <body>
      <div>
        <div
          class="min-h-screen bg-gradient-to-br from-orange-50 to-orange-100 flex items-center justify-center p-2 sm:p-4"
        >
          <div
            class="bg-white rounded-lg shadow-xl p-4 sm:p-8 w-full max-w-md"
          >
            <div
              class="text-center mb-6 sm:mb-8"
            >
              <div
                class="flex flex-col items-center justify-center mb-4"
              >
                <div
                  class="w-32 h-32 flex items-center justify-center"
                >
                  <img
                    alt="QWork"
                    class="w-full h-full object-contain"
                    data-nimg="1"
                    decoding="async"
                    height="48"
                    src="data:image/png;base64,iVBORw0KGgoAAAANSUhEUgAABEsAAAGnCAYAAABPZtklAAAKN2lDQ1BzUkdCIElFQzYxOTY2LTIuMQAAeJydlndUU9kWh8+9N71QkhCKlNBraFICSA29SJEuKjEJEErAkAAiNkRUcERRkaYIMijggKNDkbEiioUBUbHrBBlE1HFwFBuWSWStGd+8ee/Nm98f935rn73P3Wfvfda6AJD8gwXCTFgJgAyhWBTh58WIjYtnYAcBDPAAA2wA4HCzs0IW+EYCmQJ82IxsmRP4F726DiD5+yrTP4zBAP+flLlZIjEAUJiM5/L42VwZF8k4PVecJbdPyZi2NE3OMErOIlmCMlaTc/IsW3z2mWUPOfMyhDwZy3PO4mXw5Nwn4405Er6MkWAZF+cI+LkyviZjg3RJhkDGb+SxGXxONgAoktwu5nNTZGwtY5IoMoIt43kA4EjJX/DSL1jMzxPLD8XOzFouEiSniBkmXFOGjZMTi+HPz03ni8XMMA43jSPiMdiZGVkc4XIAZs/8WRR5bRmyIjvYODk4MG0tbb4o1H9d/JuS93aWXoR/7hlEH/jD9ld+mQ0AsKZltdn6h21pFQBd6wFQu/2HzWAvAIqyvnUOfXEeunxeUsTiLGcrq9zcXEsBn2spL+jv+p8Of0NffM9Svt3v5WF485M4knQxQ143bmZ6pkTEyM7icPkM5p+H+B8H/nUeFhH8JL6IL5RFRMumTCBMlrVbyBOIBZlChkD4n5r4D8P+pNm5lona+BHQllgCpSEaQH4eACgqESAJe2Qr0O99C8ZHA/nNi9GZmJ37z4L+fVe4TP7IFiR/jmNHRDK4ElHO7Jr8WgI0IABFQAPqQBvoAxPABLbAEbgAD+ADAkEoiARxYDHgghSQAUQgFxSAtaAYlIKtYCeoBnWgETSDNnAYdIFj4DQ4By6By2AE3AFSMA6egCnwCsxAEISFyBAVUod0IEPIHLKFWJAb5AMFQxFQHJQIJUNCSAIVQOugUqgcqobqoWboW+godBq6AA1Dt6BRaBL6FXoHIzAJpsFasBFsBbNgTzgIjoQXwcnwMjgfLoK3wJVwA3wQ7oRPw5fgEVgKP4GnEYAQETqiizARFsJGQpF4JAkRIauQEqQCaUDakB6kH7mKSJGnyFsUBkVFMVBMlAvKHxWF4qKWoVahNqOqUQdQnag+1FXUKGoK9RFNRmuizdHO6AB0LDoZnYsuRlegm9Ad6LPoEfQ4+hUGg6FjjDGOGH9MHCYVswKzGbMb0445hRnGjGGmsVisOtYc64oNxXKwYmwxtgp7EHsSewU7jn2DI+J0cLY4X1w8TogrxFXgWnAncFdwE7gZvBLeEO+MD8Xz8MvxZfhGfA9+CD+OnyEoE4wJroRIQiphLaGS0EY4S7hLeEEkEvWITsRwooC4hlhJPEQ8TxwlviVRSGYkNimBJCFtIe0nnSLdIr0gk8lGZA9yPFlM3kJuJp8h3ye/UaAqWCoEKPAUVivUKHQqXFF4pohXNFT0VFysmK9YoXhEcUjxqRJeyUiJrcRRWqVUo3RU6YbStDJV2UY5VDlDebNyi/IF5UcULMWI4kPhUYoo+yhnKGNUhKpPZVO51HXURupZ6jgNQzOmBdBSaaW0b2iDtCkVioqdSrRKnkqNynEVKR2hG9ED6On0Mvph+nX6O1UtVU9Vvuom1TbVK6qv1eaoeajx1UrU2tVG1N6pM9R91NPUt6l3qd/TQGmYaYRr5Grs0Tir8XQObY7LHO6ckjmH59zWhDXNNCM0V2ju0xzQnNbS1vLTytKq0jqj9VSbru2hnaq9Q/uE9qQOVcdNR6CzQ+ekzmOGCsOTkc6oZPQxpnQ1df11Jbr1uoO6M3rGelF6hXrtevf0Cfos/ST9Hfq9+lMGOgYhBgUGrQa3DfGGLMMUw12G/YavjYyNYow2GHUZPTJWMw4wzjduNb5rQjZxN1lm0mByzRRjyjJNM91tetkMNrM3SzGrMRsyh80dzAXmu82HLdAWThZCiwaLG0wS05OZw2xljlrSLYMtCy27LJ9ZGVjFW22z6rf6aG1vnW7daH3HhmITaFNo02Pzq62ZLde2xvbaXPJc37mr53bPfW5nbse322N3055qH2K/wb7X/oODo4PIoc1h0tHAMdGx1vEGi8YKY21mnXdCO3k5rXY65vTW2cFZ7HzY+RcXpkuaS4vLo3nG8/jzGueNueq5clzrXaVuDLdEt71uUnddd457g/sDD30PnkeTx4SnqWeq50HPZ17WXiKvDq/XbGf2SvYpb8Tbz7vEe9CH4hPlU+1z31fPN9m31XfKz95vhd8pf7R/kP82/xsBWgHcgOaAqUDHwJWBfUGkoAVB1UEPgs2CRcE9IXBIYMj2kLvzDecL53eFgtCA0O2h98KMw5aFfR+OCQ8Lrwl/GGETURDRv4C6YMmClgWvIr0iyyLvRJlESaJ6oxWjE6Kbo1/HeMeUx0hjrWJXxl6K04gTxHXHY+Oj45vipxf6LNy5cDzBPqE44foi40V5iy4s1licvvj4EsUlnCVHEtGJMYktie85oZwGzvTSgKW1S6e4bO4u7hOeB28Hb5Lvyi/nTyS5JpUnPUp2Td6ePJninlKR8lTAFlQLnqf6p9alvk4LTduf9ik9Jr09A5eRmHFUSBGmCfsytTPzMoezzLOKs6TLnJftXDYlChI1ZUPZi7K7xTTZz9SAxESyXjKa45ZTk/MmNzr3SJ5ynjBvYLnZ8k3LJ/J9879egVrBXdFboFuwtmB0pefK+lXQqqWrelfrry5aPb7Gb82BtYS1aWt/KLQuLC98uS5mXU+RVtGaorH1futbixWKRcU3NrhsqNuI2ijYOLhp7qaqTR9LeCUXS61LK0rfb+ZuvviVzVeVX33akrRlsMyhbM9WzFbh1uvb3LcdKFcuzy8f2x6yvXMHY0fJjpc7l+y8UGFXUbeLsEuyS1oZXNldZVC1tep9dUr1SI1XTXutZu2m2te7ebuv7PHY01anVVda926vYO/Ner/6zgajhop9mH05+x42Rjf2f836urlJo6m06cN+4X7pgYgDfc2Ozc0tmi1lrXCrpHXyYMLBy994f9Pdxmyrb6e3lx4ChySHHn+b+O31w0GHe4+wjrR9Z/hdbQe1o6QT6lzeOdWV0iXtjusePhp4tLfHpafje8vv9x/TPVZzXOV42QnCiaITn07mn5w+lXXq6enk02O9S3rvnIk9c60vvG/wbNDZ8+d8z53p9+w/ed71/LELzheOXmRd7LrkcKlzwH6g4wf7HzoGHQY7hxyHui87Xe4Znjd84or7ldNXva+euxZw7dLI/JHh61HXb95IuCG9ybv56Fb6ree3c27P3FlzF3235J7SvYr7mvcbfjT9sV3qID0+6j068GDBgztj3LEnP2X/9H686CH5YcWEzkTzI9tHxyZ9Jy8/Xvh4/EnWk5mnxT8r/1z7zOTZd794/DIwFTs1/lz0/NOvm1+ov9j/0u5l73TY9P1XGa9mXpe8UX9z4C3rbf+7mHcTM7nvse8rP5h+6PkY9PHup4xPn34D94Tz+49wZioAAAAJcEhZcwAALiMAAC4jAXilP3YAACAASURBVHic7N0JYBTl3T/w3++ZvZKQxMgliqJ4BMGQZHdms4JXudRatSoWRa211fr3qvaw59ta3r5v7W1tba1H6y1Qrbe1iuUVUEiyRxJTqGhFsZ4gonLk2p3n/zybYDkCZJOZeWZnfp827uaa+bLZY+a3z/N7ApxzIIT4i2EYExjAZxAwAcAPAcBy8UywXlx/OJlO32CaZk51RkIIIYQQQghRJaA6ACHEGQ2TJx+Ioci54up5GuLk/3wHt/33cPHfKfFYTFZQf6kkJCGEEEIIIYS4ABVLCPGw8ePHR0YNH34mB7wIw5Fp4kts77+FxwEVSwghhBBCCCE+RsUSQjyooa6uGgKhy0YNH3GB+HRfLOi3+Xp7UhFCCCGEEEJIcaBiCSEewRjT4rHYqRzwCgyGpsO2+TWFe9rKXIQQQgghhBBSbKhYQkiRq66urtinvPyLRky/Snw6frAVEokDrDYBHrEqGyGEEEIIIYQUIyqWEFKkotHoAUEWuKaqovJS8Wm5BZvcimbu/GQ63WPBtgghhBBCCCGkaFGxhJAio+v6kRqwb4aYNhcQQhZtdjM3c2c0pdMpi7ZHCCGEEEIIIUWLiiWEFIlYLFYbQO27AWSzIb+qzVAm3GyHw796eG52Op1us2aDhBBCCCGEEFLcqFhCiMvJIkmQafPEx2lgWYXkEw/mkF+cTqU/sni7hBBCCCGEEFK0qFhCiEvFYrGJAdSuCzLtbLC+SLLZ5HB1c6r5TxZvlxBCCCGEEEKKHhVLCHEZXdfHacB+GGTaBeJTzfo98Hbe03N2c2vrauu3TQghhBBC3Cqhx1OAUKY6hypd2R69paVli+ocpDhQsYQQlzAMY4TG8XsBZJeJT8N27IMDv/3ddeu+snbt2g47tk8IIYQQQlwM4QiwZhXFotTV1cVUZyDFg4olhChWXV0d3qei4ipZKBEvYPvYtJsODvzypmTyTpu2TwghhBBCCCGeQcUSQhSKx+KzqyoqfyKuHmp5V5L/eD3LzdmpVCpt2x4IIYQQQgghxEOoWEKIAg3RqIEs8EvG4Fh798Sfga1b56ZWrtxg734IIYQQQgghxDuoWEKIgxpqavbDSMnPUAucD9avcLMDzuEXyUz626Zp5uzcDyGEEEIIIYR4DRVLCHEAY0yLx2JXYKTkv8WnlTbvrpNz85KmVOpem/dDCCGEEEIIIZ5ExRJCbKbreiIe038vrtbbvjMOb+eQn5lMpZps3xchhBBCCCGEeBQVSzyAMYZ3vzBlJIZLxgYYH8sBR4mT5n0RYThwrBI/UgbIK8TXK8TXSxC5Bvm/Pcq/v1w+yxRn2Vlx2feBm8XlZg58KwLIdcg3iN/diBw+4AgbEMx3uk32ZidsfOeSaLJH3b/c3RKTJg2HkrIfB5BdDL23s704pLvN7OmZTOYt2/dFCCGEEEIIIR5GxZIiMW8eY0ecMuNgFjCP4hwnIOIh4svjxRnyofMzM8aK6+Hen8TeRhjbumF80hVj+6/31ypj16/hdl/b9mu9X2EQEqf+IagyF7bOek984TXxsYZzvkb8wBqe4//MfbBh5fkzW7YM6R9dxBp0/XwsLfu1uDrcmT3yB3IIX8hkMlud2R8hhBBCCCGEeBcVS1xo3oM1ocPG73eUxiAKHOoRMTbh9BmTxLeGyUIF7lDXsLVH6N7I0RJj+j6mYF8w1BDYyJGykPI659AOyDOmCRmNdWbm1C17W2VguzVMnnwghiO3ILKTHdolF//7UXMm/UPTNLlD+ySEEEIIIYQQT6NiiQvcsfzY8tJI+Ghg7FhxtnvchMPGxMWXI/lvKq2FDIkspIxHlKNf8HQtPwmlBBa2zvq3OLlfxjm8AMifX/3Y3/9x3XWmqTjrkMmpUPF6/VIMR34qPq1waLddAPxLjankfYP55YRhiN/DqNWhilouO7sxk1mpOobTxP2XxWN6CuSDlOyA57LnNmUyrapzOC1hxJOQL9CTPrl31r1nrF27tkN1EEIIIYQ4g4olCsxbMi0woZLFOeAMcbI6vbS05Gjx5aD8XvHWRgbsQPGPnIviQ/5rJ5w+4/2FrbMWA4e/92S7F51vPPea6oCFMgzj0Hgsdpu4+ikHd7shy80zUqnUssFugHN8u/fvQLbhjMkmvL4rlkSj0aPAiQbERQg17Thx4atiSSwW2z/INF11DnfhGSqUEEIIIf5CxRKH3Lxk2rB9KtgsBuzUCZWBU8WXhvugMDIQI8TH5wDhc8FgSI48+Yc4i38sB7nHX3nsuWY3jzqRo0mMWOwyDfDn4tNSB3f9Ku/pPiXV2rp6aJsxl4p/xTesieQRiEepjqBCgLMpfqjUDg7KYvZvVKdwknhu8...

      59 |     expect(screen.getByAltText('QWork')).toBeInTheDocument();
      60 |     expect(screen.getByLabelText(/cpf/i)).toBeInTheDocument();
    > 61 |     expect(screen.getByLabelText(/senha/i)).toBeInTheDocument();
         |                   ^
      62 |     expect(screen.getByRole('button', { name: /entrar/i })).toBeInTheDocument();
      63 |   });
      64 |

      at Object.getElementError (node_modules/.pnpm/@testing-library+dom@10.4.1/node_modules/@testing-library/dom/dist/config.js:37:19)
      at getElementError (node_modules/.pnpm/@testing-library+dom@10.4.1/node_modules/@testing-library/dom/dist/query-helpers.js:20:35)
      at getMultipleElementsFoundError (node_modules/.pnpm/@testing-library+dom@10.4.1/node_modules/@testing-library/dom/dist/query-helpers.js:23:10)
      at node_modules/.pnpm/@testing-library+dom@10.4.1/node_modules/@testing-library/dom/dist/query-helpers.js:55:13
      at node_modules/.pnpm/@testing-library+dom@10.4.1/node_modules/@testing-library/dom/dist/query-helpers.js:95:19
      at Object.getByLabelText (__tests__/auth/login.test.tsx:61:19)

  ÔùÅ LoginPage ÔÇ║ deve fazer login com sucesso para administrador

    TestingLibraryElementError: Found multiple elements with the text of: /senha/i

    Here are the matching elements:

    Ignored nodes: comments, script, style
    <input
      class="mt-1 block w-full px-3 py-2 border border-gray-300 rounded-md shadow-sm focus:outline-none focus:ring-primary focus:border-primary text-base"
      id="senha"
      name="senha"
      placeholder="ÔÇóÔÇóÔÇóÔÇóÔÇóÔÇóÔÇóÔÇó"
      type="password"
      value=""
    />

    Ignored nodes: comments, script, style
    <input
      class="mt-1 block w-full px-3 py-2 border border-gray-300 rounded-md shadow-sm focus:outline-none focus:ring-primary focus:border-primary text-base"
      id="dataNascimento"
      maxlength="8"
      name="dataNascimento"
      placeholder="ddmmaaaa"
      type="text"
      value=""
    />

    (If this is intentional, then use the `*AllBy*` variant of the query (like `queryAllByText`, `getAllByText`, or `findAllByText`)).

    Ignored nodes: comments, script, style
    <body>
      <div>
        <div
          class="min-h-screen bg-gradient-to-br from-orange-50 to-orange-100 flex items-center justify-center p-2 sm:p-4"
        >
          <div
            class="bg-white rounded-lg shadow-xl p-4 sm:p-8 w-full max-w-md"
          >
            <div
              class="text-center mb-6 sm:mb-8"
            >
              <div
                class="flex flex-col items-center justify-center mb-4"
              >
                <div
                  class="w-32 h-32 flex items-center justify-center"
                >
                  <img
                    alt="QWork"
                    class="w-full h-full object-contain"
                    data-nimg="1"
                    decoding="async"
                    height="48"
                    src="data:image/png;base64,iVBORw0KGgoAAAANSUhEUgAABEsAAAGnCAYAAABPZtklAAAKN2lDQ1BzUkdCIElFQzYxOTY2LTIuMQAAeJydlndUU9kWh8+9N71QkhCKlNBraFICSA29SJEuKjEJEErAkAAiNkRUcERRkaYIMijggKNDkbEiioUBUbHrBBlE1HFwFBuWSWStGd+8ee/Nm98f935rn73P3Wfvfda6AJD8gwXCTFgJgAyhWBTh58WIjYtnYAcBDPAAA2wA4HCzs0IW+EYCmQJ82IxsmRP4F726DiD5+yrTP4zBAP+flLlZIjEAUJiM5/L42VwZF8k4PVecJbdPyZi2NE3OMErOIlmCMlaTc/IsW3z2mWUPOfMyhDwZy3PO4mXw5Nwn4405Er6MkWAZF+cI+LkyviZjg3RJhkDGb+SxGXxONgAoktwu5nNTZGwtY5IoMoIt43kA4EjJX/DSL1jMzxPLD8XOzFouEiSniBkmXFOGjZMTi+HPz03ni8XMMA43jSPiMdiZGVkc4XIAZs/8WRR5bRmyIjvYODk4MG0tbb4o1H9d/JuS93aWXoR/7hlEH/jD9ld+mQ0AsKZltdn6h21pFQBd6wFQu/2HzWAvAIqyvnUOfXEeunxeUsTiLGcrq9zcXEsBn2spL+jv+p8Of0NffM9Svt3v5WF485M4knQxQ143bmZ6pkTEyM7icPkM5p+H+B8H/nUeFhH8JL6IL5RFRMumTCBMlrVbyBOIBZlChkD4n5r4D8P+pNm5lona+BHQllgCpSEaQH4eACgqESAJe2Qr0O99C8ZHA/nNi9GZmJ37z4L+fVe4TP7IFiR/jmNHRDK4ElHO7Jr8WgI0IABFQAPqQBvoAxPABLbAEbgAD+ADAkEoiARxYDHgghSQAUQgFxSAtaAYlIKtYCeoBnWgETSDNnAYdIFj4DQ4By6By2AE3AFSMA6egCnwCsxAEISFyBAVUod0IEPIHLKFWJAb5AMFQxFQHJQIJUNCSAIVQOugUqgcqobqoWboW+godBq6AA1Dt6BRaBL6FXoHIzAJpsFasBFsBbNgTzgIjoQXwcnwMjgfLoK3wJVwA3wQ7oRPw5fgEVgKP4GnEYAQETqiizARFsJGQpF4JAkRIauQEqQCaUDakB6kH7mKSJGnyFsUBkVFMVBMlAvKHxWF4qKWoVahNqOqUQdQnag+1FXUKGoK9RFNRmuizdHO6AB0LDoZnYsuRlegm9Ad6LPoEfQ4+hUGg6FjjDGOGH9MHCYVswKzGbMb0445hRnGjGGmsVisOtYc64oNxXKwYmwxtgp7EHsSewU7jn2DI+J0cLY4X1w8TogrxFXgWnAncFdwE7gZvBLeEO+MD8Xz8MvxZfhGfA9+CD+OnyEoE4wJroRIQiphLaGS0EY4S7hLeEEkEvWITsRwooC4hlhJPEQ8TxwlviVRSGYkNimBJCFtIe0nnSLdIr0gk8lGZA9yPFlM3kJuJp8h3ye/UaAqWCoEKPAUVivUKHQqXFF4pohXNFT0VFysmK9YoXhEcUjxqRJeyUiJrcRRWqVUo3RU6YbStDJV2UY5VDlDebNyi/IF5UcULMWI4kPhUYoo+yhnKGNUhKpPZVO51HXURupZ6jgNQzOmBdBSaaW0b2iDtCkVioqdSrRKnkqNynEVKR2hG9ED6On0Mvph+nX6O1UtVU9Vvuom1TbVK6qv1eaoeajx1UrU2tVG1N6pM9R91NPUt6l3qd/TQGmYaYRr5Grs0Tir8XQObY7LHO6ckjmH59zWhDXNNCM0V2ju0xzQnNbS1vLTytKq0jqj9VSbru2hnaq9Q/uE9qQOVcdNR6CzQ+ekzmOGCsOTkc6oZPQxpnQ1df11Jbr1uoO6M3rGelF6hXrtevf0Cfos/ST9Hfq9+lMGOgYhBgUGrQa3DfGGLMMUw12G/YavjYyNYow2GHUZPTJWMw4wzjduNb5rQjZxN1lm0mByzRRjyjJNM91tetkMNrM3SzGrMRsyh80dzAXmu82HLdAWThZCiwaLG0wS05OZw2xljlrSLYMtCy27LJ9ZGVjFW22z6rf6aG1vnW7daH3HhmITaFNo02Pzq62ZLde2xvbaXPJc37mr53bPfW5nbse322N3055qH2K/wb7X/oODo4PIoc1h0tHAMdGx1vEGi8YKY21mnXdCO3k5rXY65vTW2cFZ7HzY+RcXpkuaS4vLo3nG8/jzGueNueq5clzrXaVuDLdEt71uUnddd457g/sDD30PnkeTx4SnqWeq50HPZ17WXiKvDq/XbGf2SvYpb8Tbz7vEe9CH4hPlU+1z31fPN9m31XfKz95vhd8pf7R/kP82/xsBWgHcgOaAqUDHwJWBfUGkoAVB1UEPgs2CRcE9IXBIYMj2kLvzDecL53eFgtCA0O2h98KMw5aFfR+OCQ8Lrwl/GGETURDRv4C6YMmClgWvIr0iyyLvRJlESaJ6oxWjE6Kbo1/HeMeUx0hjrWJXxl6K04gTxHXHY+Oj45vipxf6LNy5cDzBPqE44foi40V5iy4s1licvvj4EsUlnCVHEtGJMYktie85oZwGzvTSgKW1S6e4bO4u7hOeB28Hb5Lvyi/nTyS5JpUnPUp2Td6ePJninlKR8lTAFlQLnqf6p9alvk4LTduf9ik9Jr09A5eRmHFUSBGmCfsytTPzMoezzLOKs6TLnJftXDYlChI1ZUPZi7K7xTTZz9SAxESyXjKa45ZTk/MmNzr3SJ5ynjBvYLnZ8k3LJ/J9879egVrBXdFboFuwtmB0pefK+lXQqqWrelfrry5aPb7Gb82BtYS1aWt/KLQuLC98uS5mXU+RVtGaorH1futbixWKRcU3NrhsqNuI2ijYOLhp7qaqTR9LeCUXS61LK0rfb+ZuvviVzVeVX33akrRlsMyhbM9WzFbh1uvb3LcdKFcuzy8f2x6yvXMHY0fJjpc7l+y8UGFXUbeLsEuyS1oZXNldZVC1tep9dUr1SI1XTXutZu2m2te7ebuv7PHY01anVVda926vYO/Ner/6zgajhop9mH05+x42Rjf2f836urlJo6m06cN+4X7pgYgDfc2Ozc0tmi1lrXCrpHXyYMLBy994f9Pdxmyrb6e3lx4ChySHHn+b+O31w0GHe4+wjrR9Z/hdbQe1o6QT6lzeOdWV0iXtjusePhp4tLfHpafje8vv9x/TPVZzXOV42QnCiaITn07mn5w+lXXq6enk02O9S3rvnIk9c60vvG/wbNDZ8+d8z53p9+w/ed71/LELzheOXmRd7LrkcKlzwH6g4wf7HzoGHQY7hxyHui87Xe4Znjd84or7ldNXva+euxZw7dLI/JHh61HXb95IuCG9ybv56Fb6ree3c27P3FlzF3235J7SvYr7mvcbfjT9sV3qID0+6j068GDBgztj3LEnP2X/9H686CH5YcWEzkTzI9tHxyZ9Jy8/Xvh4/EnWk5mnxT8r/1z7zOTZd794/DIwFTs1/lz0/NOvm1+ov9j/0u5l73TY9P1XGa9mXpe8UX9z4C3rbf+7mHcTM7nvse8rP5h+6PkY9PHup4xPn34D94Tz+49wZioAAAAJcEhZcwAALiMAAC4jAXilP3YAACAASURBVHic7N0JYBTl3T/w3++ZvZKQxMgliqJ4BMGQZHdms4JXudRatSoWRa211fr3qvaw59ta3r5v7W1tba1H6y1Qrbe1iuUVUEiyRxJTqGhFsZ4gonLk2p3n/zybYDkCZJOZeWZnfp827uaa+bLZY+a3z/N7ApxzIIT4i2EYExjAZxAwAcAPAcBy8UywXlx/OJlO32CaZk51RkIIIYQQQghRJaA6ACHEGQ2TJx+Ioci54up5GuLk/3wHt/33cPHfKfFYTFZQf6kkJCGEEEIIIYS4ABVLCPGw8ePHR0YNH34mB7wIw5Fp4kts77+FxwEVSwghhBBCCCE+RsUSQjyooa6uGgKhy0YNH3GB+HRfLOi3+Xp7UhFCCCGEEEJIcaBiCSEewRjT4rHYqRzwCgyGpsO2+TWFe9rKXIQQQgghhBBSbKhYQkiRq66urtinvPyLRky/Snw6frAVEokDrDYBHrEqGyGEEEIIIYQUIyqWEFKkotHoAUEWuKaqovJS8Wm5BZvcimbu/GQ63WPBtgghhBBCCCGkaFGxhJAio+v6kRqwb4aYNhcQQhZtdjM3c2c0pdMpi7ZHCCGEEEIIIUWLiiWEFIlYLFYbQO27AWSzIb+qzVAm3GyHw796eG52Op1us2aDhBBCCCGEEFLcqFhCiMvJIkmQafPEx2lgWYXkEw/mkF+cTqU/sni7hBBCCCGEEFK0qFhCiEvFYrGJAdSuCzLtbLC+SLLZ5HB1c6r5TxZvlxBCCCGEEEKKHhVLCHEZXdfHacB+GGTaBeJTzfo98Hbe03N2c2vrauu3TQghhBBC3Cqhx1OAUKY6hypd2R69paVli+ocpDhQsYQQlzAMY4TG8XsBZJeJT8N27IMDv/3ddeu+snbt2g47tk8IIYQQQlwM4QiwZhXFotTV1cVUZyDFg4olhChWXV0d3qei4ipZKBEvYPvYtJsODvzypmTyTpu2TwghhBBCCCGeQcUSQhSKx+KzqyoqfyKuHmp5V5L/eD3LzdmpVCpt2x4IIYQQQgghxEOoWEKIAg3RqIEs8EvG4Fh798Sfga1b56ZWrtxg734IIYQQQgghxDuoWEKIgxpqavbDSMnPUAucD9avcLMDzuEXyUz626Zp5uzcDyGEEEIIIYR4DRVLCHEAY0yLx2JXYKTkv8WnlTbvrpNz85KmVOpem/dDCCGEEEIIIZ5ExRJCbKbreiIe038vrtbbvjMOb+eQn5lMpZps3xchhBBCCCGEeBQVSzyAMYZ3vzBlJIZLxgYYH8sBR4mT5n0RYThwrBI/UgbIK8TXK8TXSxC5Bvm/Pcq/v1w+yxRn2Vlx2feBm8XlZg58KwLIdcg3iN/diBw+4AgbEMx3uk32ZidsfOeSaLJH3b/c3RKTJg2HkrIfB5BdDL23s704pLvN7OmZTOYt2/dFCCGEEEIIIR5GxZIiMW8eY0ecMuNgFjCP4hwnIOIh4svjxRnyofMzM8aK6+Hen8TeRhjbumF80hVj+6/31ypj16/hdl/b9mu9X2EQEqf+IagyF7bOek984TXxsYZzvkb8wBqe4//MfbBh5fkzW7YM6R9dxBp0/XwsLfu1uDrcmT3yB3IIX8hkMlud2R8hhBBCCCGEeBcVS1xo3oM1ocPG73eUxiAKHOoRMTbh9BmTxLeGyUIF7lDXsLVH6N7I0RJj+j6mYF8w1BDYyJGykPI659AOyDOmCRmNdWbm1C17W2VguzVMnnwghiO3ILKTHdolF//7UXMm/UPTNLlD+ySEEEIIIYQQT6NiiQvcsfzY8tJI+Ghg7FhxtnvchMPGxMWXI/lvKq2FDIkspIxHlKNf8HQtPwmlBBa2zvq3OLlfxjm8AMifX/3Y3/9x3XWmqTjrkMmpUPF6/VIMR34qPq1waLddAPxLjankfYP55YRhiN/DqNWhilouO7sxk1mpOobTxP2XxWN6CuSDlOyA57LnNmUyrapzOC1hxJOQL9CTPrl31r1nrF27tkN1EEIIIYQ4g4olCsxbMi0woZLFOeAMcbI6vbS05Gjx5aD8XvHWRgbsQPGPnIviQ/5rJ5w+4/2FrbMWA4e/92S7F51vPPea6oCFMgzj0Hgsdpu4+ikHd7shy80zUqnUssFugHN8u/fvQLbhjMkmvL4rlkSj0aPAiQbERQg17Thx4atiSSwW2z/INF11DnfhGSqUEEIIIf5CxRKH3Lxk2rB9KtgsBuzUCZWBU8WXhvugMDIQI8TH5wDhc8FgSI48+Yc4i38sB7nHX3nsuWY3jzqRo0mMWOwyDfDn4tNSB3f9Ku/pPiXV2rp6aJsxl4p/xTesieQRiEepjqBCgLMpfqjUDg7KYvZvVKdwknhu8...

      94 |
      95 |     await user.type(screen.getByLabelText(/cpf/i), '00000000000');
    > 96 |     await user.type(screen.getByLabelText(/senha/i), '123');
         |                            ^
      97 |     await user.click(screen.getByRole('button', { name: /entrar/i }));
      98 |
      99 |     await waitFor(

      at Object.getElementError (node_modules/.pnpm/@testing-library+dom@10.4.1/node_modules/@testing-library/dom/dist/config.js:37:19)
      at getElementError (node_modules/.pnpm/@testing-library+dom@10.4.1/node_modules/@testing-library/dom/dist/query-helpers.js:20:35)
      at getMultipleElementsFoundError (node_modules/.pnpm/@testing-library+dom@10.4.1/node_modules/@testing-library/dom/dist/query-helpers.js:23:10)
      at node_modules/.pnpm/@testing-library+dom@10.4.1/node_modules/@testing-library/dom/dist/query-helpers.js:55:13
      at node_modules/.pnpm/@testing-library+dom@10.4.1/node_modules/@testing-library/dom/dist/query-helpers.js:95:19
      at Object.getByLabelText (__tests__/auth/login.test.tsx:96:28)

  ÔùÅ LoginPage ÔÇ║ deve fazer login com sucesso para RH

    TestingLibraryElementError: Found multiple elements with the text of: /senha/i

    Here are the matching elements:

    Ignored nodes: comments, script, style
    <input
      class="mt-1 block w-full px-3 py-2 border border-gray-300 rounded-md shadow-sm focus:outline-none focus:ring-primary focus:border-primary text-base"
      id="senha"
      name="senha"
      placeholder="ÔÇóÔÇóÔÇóÔÇóÔÇóÔÇóÔÇóÔÇó"
      type="password"
      value=""
    />

    Ignored nodes: comments, script, style
    <input
      class="mt-1 block w-full px-3 py-2 border border-gray-300 rounded-md shadow-sm focus:outline-none focus:ring-primary focus:border-primary text-base"
      id="dataNascimento"
      maxlength="8"
      name="dataNascimento"
      placeholder="ddmmaaaa"
      type="text"
      value=""
    />

    (If this is intentional, then use the `*AllBy*` variant of the query (like `queryAllByText`, `getAllByText`, or `findAllByText`)).

    Ignored nodes: comments, script, style
    <body>
      <div>
        <div
          class="min-h-screen bg-gradient-to-br from-orange-50 to-orange-100 flex items-center justify-center p-2 sm:p-4"
        >
          <div
            class="bg-white rounded-lg shadow-xl p-4 sm:p-8 w-full max-w-md"
          >
            <div
              class="text-center mb-6 sm:mb-8"
            >
              <div
                class="flex flex-col items-center justify-center mb-4"
              >
                <div
                  class="w-32 h-32 flex items-center justify-center"
                >
                  <img
                    alt="QWork"
                    class="w-full h-full object-contain"
                    data-nimg="1"
                    decoding="async"
                    height="48"
                    src="data:image/png;base64,iVBORw0KGgoAAAANSUhEUgAABEsAAAGnCAYAAABPZtklAAAKN2lDQ1BzUkdCIElFQzYxOTY2LTIuMQAAeJydlndUU9kWh8+9N71QkhCKlNBraFICSA29SJEuKjEJEErAkAAiNkRUcERRkaYIMijggKNDkbEiioUBUbHrBBlE1HFwFBuWSWStGd+8ee/Nm98f935rn73P3Wfvfda6AJD8gwXCTFgJgAyhWBTh58WIjYtnYAcBDPAAA2wA4HCzs0IW+EYCmQJ82IxsmRP4F726DiD5+yrTP4zBAP+flLlZIjEAUJiM5/L42VwZF8k4PVecJbdPyZi2NE3OMErOIlmCMlaTc/IsW3z2mWUPOfMyhDwZy3PO4mXw5Nwn4405Er6MkWAZF+cI+LkyviZjg3RJhkDGb+SxGXxONgAoktwu5nNTZGwtY5IoMoIt43kA4EjJX/DSL1jMzxPLD8XOzFouEiSniBkmXFOGjZMTi+HPz03ni8XMMA43jSPiMdiZGVkc4XIAZs/8WRR5bRmyIjvYODk4MG0tbb4o1H9d/JuS93aWXoR/7hlEH/jD9ld+mQ0AsKZltdn6h21pFQBd6wFQu/2HzWAvAIqyvnUOfXEeunxeUsTiLGcrq9zcXEsBn2spL+jv+p8Of0NffM9Svt3v5WF485M4knQxQ143bmZ6pkTEyM7icPkM5p+H+B8H/nUeFhH8JL6IL5RFRMumTCBMlrVbyBOIBZlChkD4n5r4D8P+pNm5lona+BHQllgCpSEaQH4eACgqESAJe2Qr0O99C8ZHA/nNi9GZmJ37z4L+fVe4TP7IFiR/jmNHRDK4ElHO7Jr8WgI0IABFQAPqQBvoAxPABLbAEbgAD+ADAkEoiARxYDHgghSQAUQgFxSAtaAYlIKtYCeoBnWgETSDNnAYdIFj4DQ4By6By2AE3AFSMA6egCnwCsxAEISFyBAVUod0IEPIHLKFWJAb5AMFQxFQHJQIJUNCSAIVQOugUqgcqobqoWboW+godBq6AA1Dt6BRaBL6FXoHIzAJpsFasBFsBbNgTzgIjoQXwcnwMjgfLoK3wJVwA3wQ7oRPw5fgEVgKP4GnEYAQETqiizARFsJGQpF4JAkRIauQEqQCaUDakB6kH7mKSJGnyFsUBkVFMVBMlAvKHxWF4qKWoVahNqOqUQdQnag+1FXUKGoK9RFNRmuizdHO6AB0LDoZnYsuRlegm9Ad6LPoEfQ4+hUGg6FjjDGOGH9MHCYVswKzGbMb0445hRnGjGGmsVisOtYc64oNxXKwYmwxtgp7EHsSewU7jn2DI+J0cLY4X1w8TogrxFXgWnAncFdwE7gZvBLeEO+MD8Xz8MvxZfhGfA9+CD+OnyEoE4wJroRIQiphLaGS0EY4S7hLeEEkEvWITsRwooC4hlhJPEQ8TxwlviVRSGYkNimBJCFtIe0nnSLdIr0gk8lGZA9yPFlM3kJuJp8h3ye/UaAqWCoEKPAUVivUKHQqXFF4pohXNFT0VFysmK9YoXhEcUjxqRJeyUiJrcRRWqVUo3RU6YbStDJV2UY5VDlDebNyi/IF5UcULMWI4kPhUYoo+yhnKGNUhKpPZVO51HXURupZ6jgNQzOmBdBSaaW0b2iDtCkVioqdSrRKnkqNynEVKR2hG9ED6On0Mvph+nX6O1UtVU9Vvuom1TbVK6qv1eaoeajx1UrU2tVG1N6pM9R91NPUt6l3qd/TQGmYaYRr5Grs0Tir8XQObY7LHO6ckjmH59zWhDXNNCM0V2ju0xzQnNbS1vLTytKq0jqj9VSbru2hnaq9Q/uE9qQOVcdNR6CzQ+ekzmOGCsOTkc6oZPQxpnQ1df11Jbr1uoO6M3rGelF6hXrtevf0Cfos/ST9Hfq9+lMGOgYhBgUGrQa3DfGGLMMUw12G/YavjYyNYow2GHUZPTJWMw4wzjduNb5rQjZxN1lm0mByzRRjyjJNM91tetkMNrM3SzGrMRsyh80dzAXmu82HLdAWThZCiwaLG0wS05OZw2xljlrSLYMtCy27LJ9ZGVjFW22z6rf6aG1vnW7daH3HhmITaFNo02Pzq62ZLde2xvbaXPJc37mr53bPfW5nbse322N3055qH2K/wb7X/oODo4PIoc1h0tHAMdGx1vEGi8YKY21mnXdCO3k5rXY65vTW2cFZ7HzY+RcXpkuaS4vLo3nG8/jzGueNueq5clzrXaVuDLdEt71uUnddd457g/sDD30PnkeTx4SnqWeq50HPZ17WXiKvDq/XbGf2SvYpb8Tbz7vEe9CH4hPlU+1z31fPN9m31XfKz95vhd8pf7R/kP82/xsBWgHcgOaAqUDHwJWBfUGkoAVB1UEPgs2CRcE9IXBIYMj2kLvzDecL53eFgtCA0O2h98KMw5aFfR+OCQ8Lrwl/GGETURDRv4C6YMmClgWvIr0iyyLvRJlESaJ6oxWjE6Kbo1/HeMeUx0hjrWJXxl6K04gTxHXHY+Oj45vipxf6LNy5cDzBPqE44foi40V5iy4s1licvvj4EsUlnCVHEtGJMYktie85oZwGzvTSgKW1S6e4bO4u7hOeB28Hb5Lvyi/nTyS5JpUnPUp2Td6ePJninlKR8lTAFlQLnqf6p9alvk4LTduf9ik9Jr09A5eRmHFUSBGmCfsytTPzMoezzLOKs6TLnJftXDYlChI1ZUPZi7K7xTTZz9SAxESyXjKa45ZTk/MmNzr3SJ5ynjBvYLnZ8k3LJ/J9879egVrBXdFboFuwtmB0pefK+lXQqqWrelfrry5aPb7Gb82BtYS1aWt/KLQuLC98uS5mXU+RVtGaorH1futbixWKRcU3NrhsqNuI2ijYOLhp7qaqTR9LeCUXS61LK0rfb+ZuvviVzVeVX33akrRlsMyhbM9WzFbh1uvb3LcdKFcuzy8f2x6yvXMHY0fJjpc7l+y8UGFXUbeLsEuyS1oZXNldZVC1tep9dUr1SI1XTXutZu2m2te7ebuv7PHY01anVVda926vYO/Ner/6zgajhop9mH05+x42Rjf2f836urlJo6m06cN+4X7pgYgDfc2Ozc0tmi1lrXCrpHXyYMLBy994f9Pdxmyrb6e3lx4ChySHHn+b+O31w0GHe4+wjrR9Z/hdbQe1o6QT6lzeOdWV0iXtjusePhp4tLfHpafje8vv9x/TPVZzXOV42QnCiaITn07mn5w+lXXq6enk02O9S3rvnIk9c60vvG/wbNDZ8+d8z53p9+w/ed71/LELzheOXmRd7LrkcKlzwH6g4wf7HzoGHQY7hxyHui87Xe4Znjd84or7ldNXva+euxZw7dLI/JHh61HXb95IuCG9ybv56Fb6ree3c27P3FlzF3235J7SvYr7mvcbfjT9sV3qID0+6j068GDBgztj3LEnP2X/9H686CH5YcWEzkTzI9tHxyZ9Jy8/Xvh4/EnWk5mnxT8r/1z7zOTZd794/DIwFTs1/lz0/NOvm1+ov9j/0u5l73TY9P1XGa9mXpe8UX9z4C3rbf+7mHcTM7nvse8rP5h+6PkY9PHup4xPn34D94Tz+49wZioAAAAJcEhZcwAALiMAAC4jAXilP3YAACAASURBVHic7N0JYBTl3T/w3++ZvZKQxMgliqJ4BMGQZHdms4JXudRatSoWRa211fr3qvaw59ta3r5v7W1tba1H6y1Qrbe1iuUVUEiyRxJTqGhFsZ4gonLk2p3n/zybYDkCZJOZeWZnfp827uaa+bLZY+a3z/N7ApxzIIT4i2EYExjAZxAwAcAPAcBy8UywXlx/OJlO32CaZk51RkIIIYQQQghRJaA6ACHEGQ2TJx+Ioci54up5GuLk/3wHt/33cPHfKfFYTFZQf6kkJCGEEEIIIYS4ABVLCPGw8ePHR0YNH34mB7wIw5Fp4kts77+FxwEVSwghhBBCCCE+RsUSQjyooa6uGgKhy0YNH3GB+HRfLOi3+Xp7UhFCCCGEEEJIcaBiCSEewRjT4rHYqRzwCgyGpsO2+TWFe9rKXIQQQgghhBBSbKhYQkiRq66urtinvPyLRky/Snw6frAVEokDrDYBHrEqGyGEEEIIIYQUIyqWEFKkotHoAUEWuKaqovJS8Wm5BZvcimbu/GQ63WPBtgghhBBCCCGkaFGxhJAio+v6kRqwb4aYNhcQQhZtdjM3c2c0pdMpi7ZHCCGEEEIIIUWLiiWEFIlYLFYbQO27AWSzIb+qzVAm3GyHw796eG52Op1us2aDhBBCCCGEEFLcqFhCiMvJIkmQafPEx2lgWYXkEw/mkF+cTqU/sni7hBBCCCGEEFK0qFhCiEvFYrGJAdSuCzLtbLC+SLLZ5HB1c6r5TxZvlxBCCCGEEEKKHhVLCHEZXdfHacB+GGTaBeJTzfo98Hbe03N2c2vrauu3TQghhBBC3Cqhx1OAUKY6hypd2R69paVli+ocpDhQsYQQlzAMY4TG8XsBZJeJT8N27IMDv/3ddeu+snbt2g47tk8IIYQQQlwM4QiwZhXFotTV1cVUZyDFg4olhChWXV0d3qei4ipZKBEvYPvYtJsODvzypmTyTpu2TwghhBBCCCGeQcUSQhSKx+KzqyoqfyKuHmp5V5L/eD3LzdmpVCpt2x4IIYQQQgghxEOoWEKIAg3RqIEs8EvG4Fh798Sfga1b56ZWrtxg734IIYQQQgghxDuoWEKIgxpqavbDSMnPUAucD9avcLMDzuEXyUz626Zp5uzcDyGEEEIIIYR4DRVLCHEAY0yLx2JXYKTkv8WnlTbvrpNz85KmVOpem/dDCCGEEEIIIZ5ExRJCbKbreiIe038vrtbbvjMOb+eQn5lMpZps3xchhBBCCCGEeBQVSzyAMYZ3vzBlJIZLxgYYH8sBR4mT5n0RYThwrBI/UgbIK8TXK8TXSxC5Bvm/Pcq/v1w+yxRn2Vlx2feBm8XlZg58KwLIdcg3iN/diBw+4AgbEMx3uk32ZidsfOeSaLJH3b/c3RKTJg2HkrIfB5BdDL23s704pLvN7OmZTOYt2/dFCCGEEEIIIR5GxZIiMW8eY0ecMuNgFjCP4hwnIOIh4svjxRnyofMzM8aK6+Hen8TeRhjbumF80hVj+6/31ypj16/hdl/b9mu9X2EQEqf+IagyF7bOek984TXxsYZzvkb8wBqe4//MfbBh5fkzW7YM6R9dxBp0/XwsLfu1uDrcmT3yB3IIX8hkMlud2R8hhBBCCCGEeBcVS1xo3oM1ocPG73eUxiAKHOoRMTbh9BmTxLeGyUIF7lDXsLVH6N7I0RJj+j6mYF8w1BDYyJGykPI659AOyDOmCRmNdWbm1C17W2VguzVMnnwghiO3ILKTHdolF//7UXMm/UPTNLlD+ySEEEIIIYQQT6NiiQvcsfzY8tJI+Ghg7FhxtnvchMPGxMWXI/lvKq2FDIkspIxHlKNf8HQtPwmlBBa2zvq3OLlfxjm8AMifX/3Y3/9x3XWmqTjrkMmpUPF6/VIMR34qPq1waLddAPxLjankfYP55YRhiN/DqNWhilouO7sxk1mpOobTxP2XxWN6CuSDlOyA57LnNmUyrapzOC1hxJOQL9CTPrl31r1nrF27tkN1EEIIIYQ4g4olCsxbMi0woZLFOeAMcbI6vbS05Gjx5aD8XvHWRgbsQPGPnIviQ/5rJ5w+4/2FrbMWA4e/92S7F51vPPea6oCFMgzj0Hgsdpu4+ikHd7shy80zUqnUssFugHN8u/fvQLbhjMkmvL4rlkSj0aPAiQbERQg17Thx4atiSSwW2z/INF11DnfhGSqUEEIIIf5CxRKH3Lxk2rB9KtgsBuzUCZWBU8WXhvugMDIQI8TH5wDhc8FgSI48+Yc4i38sB7nHX3nsuWY3jzqRo0mMWOwyDfDn4tNSB3f9Ku/pPiXV2rp6aJsxl4p/xTesieQRiEepjqBCgLMpfqjUDg7KYvZvVKdwknhu8...

      151 |
      152 |     await user.type(screen.getByLabelText(/cpf/i), '11111111111');
    > 153 |     await user.type(screen.getByLabelText(/senha/i), 'rh123');
          |                            ^
      154 |     await user.click(screen.getByRole('button', { name: /entrar/i }));
      155 |
      156 |     expect(mockFetch).toHaveBeenCalledWith(

      at Object.getElementError (node_modules/.pnpm/@testing-library+dom@10.4.1/node_modules/@testing-library/dom/dist/config.js:37:19)
      at getElementError (node_modules/.pnpm/@testing-library+dom@10.4.1/node_modules/@testing-library/dom/dist/query-helpers.js:20:35)
      at getMultipleElementsFoundError (node_modules/.pnpm/@testing-library+dom@10.4.1/node_modules/@testing-library/dom/dist/query-helpers.js:23:10)
      at node_modules/.pnpm/@testing-library+dom@10.4.1/node_modules/@testing-library/dom/dist/query-helpers.js:55:13
      at node_modules/.pnpm/@testing-library+dom@10.4.1/node_modules/@testing-library/dom/dist/query-helpers.js:95:19
      at Object.getByLabelText (__tests__/auth/login.test.tsx:153:28)

  ÔùÅ LoginPage ÔÇ║ deve fazer login com sucesso para funcion├írio

    TestingLibraryElementError: Found multiple elements with the text of: /senha/i

    Here are the matching elements:

    Ignored nodes: comments, script, style
    <input
      class="mt-1 block w-full px-3 py-2 border border-gray-300 rounded-md shadow-sm focus:outline-none focus:ring-primary focus:border-primary text-base"
      id="senha"
      name="senha"
      placeholder="ÔÇóÔÇóÔÇóÔÇóÔÇóÔÇóÔÇóÔÇó"
      type="password"
      value=""
    />

    Ignored nodes: comments, script, style
    <input
      class="mt-1 block w-full px-3 py-2 border border-gray-300 rounded-md shadow-sm focus:outline-none focus:ring-primary focus:border-primary text-base"
      id="dataNascimento"
      maxlength="8"
      name="dataNascimento"
      placeholder="ddmmaaaa"
      type="text"
      value=""
    />

    (If this is intentional, then use the `*AllBy*` variant of the query (like `queryAllByText`, `getAllByText`, or `findAllByText`)).

    Ignored nodes: comments, script, style
    <body>
      <div>
        <div
          class="min-h-screen bg-gradient-to-br from-orange-50 to-orange-100 flex items-center justify-center p-2 sm:p-4"
        >
          <div
            class="bg-white rounded-lg shadow-xl p-4 sm:p-8 w-full max-w-md"
          >
            <div
              class="text-center mb-6 sm:mb-8"
            >
              <div
                class="flex flex-col items-center justify-center mb-4"
              >
                <div
                  class="w-32 h-32 flex items-center justify-center"
                >
                  <img
                    alt="QWork"
                    class="w-full h-full object-contain"
                    data-nimg="1"
                    decoding="async"
                    height="48"
                    src="data:image/png;base64,iVBORw0KGgoAAAANSUhEUgAABEsAAAGnCAYAAABPZtklAAAKN2lDQ1BzUkdCIElFQzYxOTY2LTIuMQAAeJydlndUU9kWh8+9N71QkhCKlNBraFICSA29SJEuKjEJEErAkAAiNkRUcERRkaYIMijggKNDkbEiioUBUbHrBBlE1HFwFBuWSWStGd+8ee/Nm98f935rn73P3Wfvfda6AJD8gwXCTFgJgAyhWBTh58WIjYtnYAcBDPAAA2wA4HCzs0IW+EYCmQJ82IxsmRP4F726DiD5+yrTP4zBAP+flLlZIjEAUJiM5/L42VwZF8k4PVecJbdPyZi2NE3OMErOIlmCMlaTc/IsW3z2mWUPOfMyhDwZy3PO4mXw5Nwn4405Er6MkWAZF+cI+LkyviZjg3RJhkDGb+SxGXxONgAoktwu5nNTZGwtY5IoMoIt43kA4EjJX/DSL1jMzxPLD8XOzFouEiSniBkmXFOGjZMTi+HPz03ni8XMMA43jSPiMdiZGVkc4XIAZs/8WRR5bRmyIjvYODk4MG0tbb4o1H9d/JuS93aWXoR/7hlEH/jD9ld+mQ0AsKZltdn6h21pFQBd6wFQu/2HzWAvAIqyvnUOfXEeunxeUsTiLGcrq9zcXEsBn2spL+jv+p8Of0NffM9Svt3v5WF485M4knQxQ143bmZ6pkTEyM7icPkM5p+H+B8H/nUeFhH8JL6IL5RFRMumTCBMlrVbyBOIBZlChkD4n5r4D8P+pNm5lona+BHQllgCpSEaQH4eACgqESAJe2Qr0O99C8ZHA/nNi9GZmJ37z4L+fVe4TP7IFiR/jmNHRDK4ElHO7Jr8WgI0IABFQAPqQBvoAxPABLbAEbgAD+ADAkEoiARxYDHgghSQAUQgFxSAtaAYlIKtYCeoBnWgETSDNnAYdIFj4DQ4By6By2AE3AFSMA6egCnwCsxAEISFyBAVUod0IEPIHLKFWJAb5AMFQxFQHJQIJUNCSAIVQOugUqgcqobqoWboW+godBq6AA1Dt6BRaBL6FXoHIzAJpsFasBFsBbNgTzgIjoQXwcnwMjgfLoK3wJVwA3wQ7oRPw5fgEVgKP4GnEYAQETqiizARFsJGQpF4JAkRIauQEqQCaUDakB6kH7mKSJGnyFsUBkVFMVBMlAvKHxWF4qKWoVahNqOqUQdQnag+1FXUKGoK9RFNRmuizdHO6AB0LDoZnYsuRlegm9Ad6LPoEfQ4+hUGg6FjjDGOGH9MHCYVswKzGbMb0445hRnGjGGmsVisOtYc64oNxXKwYmwxtgp7EHsSewU7jn2DI+J0cLY4X1w8TogrxFXgWnAncFdwE7gZvBLeEO+MD8Xz8MvxZfhGfA9+CD+OnyEoE4wJroRIQiphLaGS0EY4S7hLeEEkEvWITsRwooC4hlhJPEQ8TxwlviVRSGYkNimBJCFtIe0nnSLdIr0gk8lGZA9yPFlM3kJuJp8h3ye/UaAqWCoEKPAUVivUKHQqXFF4pohXNFT0VFysmK9YoXhEcUjxqRJeyUiJrcRRWqVUo3RU6YbStDJV2UY5VDlDebNyi/IF5UcULMWI4kPhUYoo+yhnKGNUhKpPZVO51HXURupZ6jgNQzOmBdBSaaW0b2iDtCkVioqdSrRKnkqNynEVKR2hG9ED6On0Mvph+nX6O1UtVU9Vvuom1TbVK6qv1eaoeajx1UrU2tVG1N6pM9R91NPUt6l3qd/TQGmYaYRr5Grs0Tir8XQObY7LHO6ckjmH59zWhDXNNCM0V2ju0xzQnNbS1vLTytKq0jqj9VSbru2hnaq9Q/uE9qQOVcdNR6CzQ+ekzmOGCsOTkc6oZPQxpnQ1df11Jbr1uoO6M3rGelF6hXrtevf0Cfos/ST9Hfq9+lMGOgYhBgUGrQa3DfGGLMMUw12G/YavjYyNYow2GHUZPTJWMw4wzjduNb5rQjZxN1lm0mByzRRjyjJNM91tetkMNrM3SzGrMRsyh80dzAXmu82HLdAWThZCiwaLG0wS05OZw2xljlrSLYMtCy27LJ9ZGVjFW22z6rf6aG1vnW7daH3HhmITaFNo02Pzq62ZLde2xvbaXPJc37mr53bPfW5nbse322N3055qH2K/wb7X/oODo4PIoc1h0tHAMdGx1vEGi8YKY21mnXdCO3k5rXY65vTW2cFZ7HzY+RcXpkuaS4vLo3nG8/jzGueNueq5clzrXaVuDLdEt71uUnddd457g/sDD30PnkeTx4SnqWeq50HPZ17WXiKvDq/XbGf2SvYpb8Tbz7vEe9CH4hPlU+1z31fPN9m31XfKz95vhd8pf7R/kP82/xsBWgHcgOaAqUDHwJWBfUGkoAVB1UEPgs2CRcE9IXBIYMj2kLvzDecL53eFgtCA0O2h98KMw5aFfR+OCQ8Lrwl/GGETURDRv4C6YMmClgWvIr0iyyLvRJlESaJ6oxWjE6Kbo1/HeMeUx0hjrWJXxl6K04gTxHXHY+Oj45vipxf6LNy5cDzBPqE44foi40V5iy4s1licvvj4EsUlnCVHEtGJMYktie85oZwGzvTSgKW1S6e4bO4u7hOeB28Hb5Lvyi/nTyS5JpUnPUp2Td6ePJninlKR8lTAFlQLnqf6p9alvk4LTduf9ik9Jr09A5eRmHFUSBGmCfsytTPzMoezzLOKs6TLnJftXDYlChI1ZUPZi7K7xTTZz9SAxESyXjKa45ZTk/MmNzr3SJ5ynjBvYLnZ8k3LJ/J9879egVrBXdFboFuwtmB0pefK+lXQqqWrelfrry5aPb7Gb82BtYS1aWt/KLQuLC98uS5mXU+RVtGaorH1futbixWKRcU3NrhsqNuI2ijYOLhp7qaqTR9LeCUXS61LK0rfb+ZuvviVzVeVX33akrRlsMyhbM9WzFbh1uvb3LcdKFcuzy8f2x6yvXMHY0fJjpc7l+y8UGFXUbeLsEuyS1oZXNldZVC1tep9dUr1SI1XTXutZu2m2te7ebuv7PHY01anVVda926vYO/Ner/6zgajhop9mH05+x42Rjf2f836urlJo6m06cN+4X7pgYgDfc2Ozc0tmi1lrXCrpHXyYMLBy994f9Pdxmyrb6e3lx4ChySHHn+b+O31w0GHe4+wjrR9Z/hdbQe1o6QT6lzeOdWV0iXtjusePhp4tLfHpafje8vv9x/TPVZzXOV42QnCiaITn07mn5w+lXXq6enk02O9S3rvnIk9c60vvG/wbNDZ8+d8z53p9+w/ed71/LELzheOXmRd7LrkcKlzwH6g4wf7HzoGHQY7hxyHui87Xe4Znjd84or7ldNXva+euxZw7dLI/JHh61HXb95IuCG9ybv56Fb6ree3c27P3FlzF3235J7SvYr7mvcbfjT9sV3qID0+6j068GDBgztj3LEnP2X/9H686CH5YcWEzkTzI9tHxyZ9Jy8/Xvh4/EnWk5mnxT8r/1z7zOTZd794/DIwFTs1/lz0/NOvm1+ov9j/0u5l73TY9P1XGa9mXpe8UX9z4C3rbf+7mHcTM7nvse8rP5h+6PkY9PHup4xPn34D94Tz+49wZioAAAAJcEhZcwAALiMAAC4jAXilP3YAACAASURBVHic7N0JYBTl3T/w3++ZvZKQxMgliqJ4BMGQZHdms4JXudRatSoWRa211fr3qvaw59ta3r5v7W1tba1H6y1Qrbe1iuUVUEiyRxJTqGhFsZ4gonLk2p3n/zybYDkCZJOZeWZnfp827uaa+bLZY+a3z/N7ApxzIIT4i2EYExjAZxAwAcAPAcBy8UywXlx/OJlO32CaZk51RkIIIYQQQghRJaA6ACHEGQ2TJx+Ioci54up5GuLk/3wHt/33cPHfKfFYTFZQf6kkJCGEEEIIIYS4ABVLCPGw8ePHR0YNH34mB7wIw5Fp4kts77+FxwEVSwghhBBCCCE+RsUSQjyooa6uGgKhy0YNH3GB+HRfLOi3+Xp7UhFCCCGEEEJIcaBiCSEewRjT4rHYqRzwCgyGpsO2+TWFe9rKXIQQQgghhBBSbKhYQkiRq66urtinvPyLRky/Snw6frAVEokDrDYBHrEqGyGEEEIIIYQUIyqWEFKkotHoAUEWuKaqovJS8Wm5BZvcimbu/GQ63WPBtgghhBBCCCGkaFGxhJAio+v6kRqwb4aYNhcQQhZtdjM3c2c0pdMpi7ZHCCGEEEIIIUWLiiWEFIlYLFYbQO27AWSzIb+qzVAm3GyHw796eG52Op1us2aDhBBCCCGEEFLcqFhCiMvJIkmQafPEx2lgWYXkEw/mkF+cTqU/sni7hBBCCCGEEFK0qFhCiEvFYrGJAdSuCzLtbLC+SLLZ5HB1c6r5TxZvlxBCCCGEEEKKHhVLCHEZXdfHacB+GGTaBeJTzfo98Hbe03N2c2vrauu3TQghhBBC3Cqhx1OAUKY6hypd2R69paVli+ocpDhQsYQQlzAMY4TG8XsBZJeJT8N27IMDv/3ddeu+snbt2g47tk8IIYQQQlwM4QiwZhXFotTV1cVUZyDFg4olhChWXV0d3qei4ipZKBEvYPvYtJsODvzypmTyTpu2TwghhBBCCCGeQcUSQhSKx+KzqyoqfyKuHmp5V5L/eD3LzdmpVCpt2x4IIYQQQgghxEOoWEKIAg3RqIEs8EvG4Fh798Sfga1b56ZWrtxg734IIYQQQgghxDuoWEKIgxpqavbDSMnPUAucD9avcLMDzuEXyUz626Zp5uzcDyGEEEIIIYR4DRVLCHEAY0yLx2JXYKTkv8WnlTbvrpNz85KmVOpem/dDCCGEEEIIIZ5ExRJCbKbreiIe038vrtbbvjMOb+eQn5lMpZps3xchhBBCCCGEeBQVSzyAMYZ3vzBlJIZLxgYYH8sBR4mT5n0RYThwrBI/UgbIK8TXK8TXSxC5Bvm/Pcq/v1w+yxRn2Vlx2feBm8XlZg58KwLIdcg3iN/diBw+4AgbEMx3uk32ZidsfOeSaLJH3b/c3RKTJg2HkrIfB5BdDL23s704pLvN7OmZTOYt2/dFCCGEEEIIIR5GxZIiMW8eY0ecMuNgFjCP4hwnIOIh4svjxRnyofMzM8aK6+Hen8TeRhjbumF80hVj+6/31ypj16/hdl/b9mu9X2EQEqf+IagyF7bOek984TXxsYZzvkb8wBqe4//MfbBh5fkzW7YM6R9dxBp0/XwsLfu1uDrcmT3yB3IIX8hkMlud2R8hhBBCCCGEeBcVS1xo3oM1ocPG73eUxiAKHOoRMTbh9BmTxLeGyUIF7lDXsLVH6N7I0RJj+j6mYF8w1BDYyJGykPI659AOyDOmCRmNdWbm1C17W2VguzVMnnwghiO3ILKTHdolF//7UXMm/UPTNLlD+ySEEEIIIYQQT6NiiQvcsfzY8tJI+Ghg7FhxtnvchMPGxMWXI/lvKq2FDIkspIxHlKNf8HQtPwmlBBa2zvq3OLlfxjm8AMifX/3Y3/9x3XWmqTjrkMmpUPF6/VIMR34qPq1waLddAPxLjankfYP55YRhiN/DqNWhilouO7sxk1mpOobTxP2XxWN6CuSDlOyA57LnNmUyrapzOC1hxJOQL9CTPrl31r1nrF27tkN1EEIIIYQ4g4olCsxbMi0woZLFOeAMcbI6vbS05Gjx5aD8XvHWRgbsQPGPnIviQ/5rJ5w+4/2FrbMWA4e/92S7F51vPPea6oCFMgzj0Hgsdpu4+ikHd7shy80zUqnUssFugHN8u/fvQLbhjMkmvL4rlkSj0aPAiQbERQg17Thx4atiSSwW2z/INF11DnfhGSqUEEIIIf5CxRKH3Lxk2rB9KtgsBuzUCZWBU8WXhvugMDIQI8TH5wDhc8FgSI48+Yc4i38sB7nHX3nsuWY3jzqRo0mMWOwyDfDn4tNSB3f9Ku/pPiXV2rp6aJsxl4p/xTesieQRiEepjqBCgLMpfqjUDg7KYvZvVKdwknhu8...

      193 |
      194 |     await user.type(screen.getByLabelText(/cpf/i), '22222222222');
    > 195 |     await user.type(screen.getByLabelText(/senha/i), 'func123');
          |                            ^
      196 |     await user.click(screen.getByRole('button', { name: /entrar/i }));
      197 |
      198 |     expect(mockFetch).toHaveBeenCalledWith(

      at Object.getElementError (node_modules/.pnpm/@testing-library+dom@10.4.1/node_modules/@testing-library/dom/dist/config.js:37:19)
      at getElementError (node_modules/.pnpm/@testing-library+dom@10.4.1/node_modules/@testing-library/dom/dist/query-helpers.js:20:35)
      at getMultipleElementsFoundError (node_modules/.pnpm/@testing-library+dom@10.4.1/node_modules/@testing-library/dom/dist/query-helpers.js:23:10)
      at node_modules/.pnpm/@testing-library+dom@10.4.1/node_modules/@testing-library/dom/dist/query-helpers.js:55:13
      at node_modules/.pnpm/@testing-library+dom@10.4.1/node_modules/@testing-library/dom/dist/query-helpers.js:95:19
      at Object.getByLabelText (__tests__/auth/login.test.tsx:195:28)

  ÔùÅ LoginPage ÔÇ║ deve exibir erro para credenciais inv├ílidas

    TestingLibraryElementError: Found multiple elements with the text of: /senha/i

    Here are the matching elements:

    Ignored nodes: comments, script, style
    <input
      class="mt-1 block w-full px-3 py-2 border border-gray-300 rounded-md shadow-sm focus:outline-none focus:ring-primary focus:border-primary text-base"
      id="senha"
      name="senha"
      placeholder="ÔÇóÔÇóÔÇóÔÇóÔÇóÔÇóÔÇóÔÇó"
      type="password"
      value=""
    />

    Ignored nodes: comments, script, style
    <input
      class="mt-1 block w-full px-3 py-2 border border-gray-300 rounded-md shadow-sm focus:outline-none focus:ring-primary focus:border-primary text-base"
      id="dataNascimento"
      maxlength="8"
      name="dataNascimento"
      placeholder="ddmmaaaa"
      type="text"
      value=""
    />

    (If this is intentional, then use the `*AllBy*` variant of the query (like `queryAllByText`, `getAllByText`, or `findAllByText`)).

    Ignored nodes: comments, script, style
    <body>
      <div>
        <div
          class="min-h-screen bg-gradient-to-br from-orange-50 to-orange-100 flex items-center justify-center p-2 sm:p-4"
        >
          <div
            class="bg-white rounded-lg shadow-xl p-4 sm:p-8 w-full max-w-md"
          >
            <div
              class="text-center mb-6 sm:mb-8"
            >
              <div
                class="flex flex-col items-center justify-center mb-4"
              >
                <div
                  class="w-32 h-32 flex items-center justify-center"
                >
                  <img
                    alt="QWork"
                    class="w-full h-full object-contain"
                    data-nimg="1"
                    decoding="async"
                    height="48"
                    src="data:image/png;base64,iVBORw0KGgoAAAANSUhEUgAABEsAAAGnCAYAAABPZtklAAAKN2lDQ1BzUkdCIElFQzYxOTY2LTIuMQAAeJydlndUU9kWh8+9N71QkhCKlNBraFICSA29SJEuKjEJEErAkAAiNkRUcERRkaYIMijggKNDkbEiioUBUbHrBBlE1HFwFBuWSWStGd+8ee/Nm98f935rn73P3Wfvfda6AJD8gwXCTFgJgAyhWBTh58WIjYtnYAcBDPAAA2wA4HCzs0IW+EYCmQJ82IxsmRP4F726DiD5+yrTP4zBAP+flLlZIjEAUJiM5/L42VwZF8k4PVecJbdPyZi2NE3OMErOIlmCMlaTc/IsW3z2mWUPOfMyhDwZy3PO4mXw5Nwn4405Er6MkWAZF+cI+LkyviZjg3RJhkDGb+SxGXxONgAoktwu5nNTZGwtY5IoMoIt43kA4EjJX/DSL1jMzxPLD8XOzFouEiSniBkmXFOGjZMTi+HPz03ni8XMMA43jSPiMdiZGVkc4XIAZs/8WRR5bRmyIjvYODk4MG0tbb4o1H9d/JuS93aWXoR/7hlEH/jD9ld+mQ0AsKZltdn6h21pFQBd6wFQu/2HzWAvAIqyvnUOfXEeunxeUsTiLGcrq9zcXEsBn2spL+jv+p8Of0NffM9Svt3v5WF485M4knQxQ143bmZ6pkTEyM7icPkM5p+H+B8H/nUeFhH8JL6IL5RFRMumTCBMlrVbyBOIBZlChkD4n5r4D8P+pNm5lona+BHQllgCpSEaQH4eACgqESAJe2Qr0O99C8ZHA/nNi9GZmJ37z4L+fVe4TP7IFiR/jmNHRDK4ElHO7Jr8WgI0IABFQAPqQBvoAxPABLbAEbgAD+ADAkEoiARxYDHgghSQAUQgFxSAtaAYlIKtYCeoBnWgETSDNnAYdIFj4DQ4By6By2AE3AFSMA6egCnwCsxAEISFyBAVUod0IEPIHLKFWJAb5AMFQxFQHJQIJUNCSAIVQOugUqgcqobqoWboW+godBq6AA1Dt6BRaBL6FXoHIzAJpsFasBFsBbNgTzgIjoQXwcnwMjgfLoK3wJVwA3wQ7oRPw5fgEVgKP4GnEYAQETqiizARFsJGQpF4JAkRIauQEqQCaUDakB6kH7mKSJGnyFsUBkVFMVBMlAvKHxWF4qKWoVahNqOqUQdQnag+1FXUKGoK9RFNRmuizdHO6AB0LDoZnYsuRlegm9Ad6LPoEfQ4+hUGg6FjjDGOGH9MHCYVswKzGbMb0445hRnGjGGmsVisOtYc64oNxXKwYmwxtgp7EHsSewU7jn2DI+J0cLY4X1w8TogrxFXgWnAncFdwE7gZvBLeEO+MD8Xz8MvxZfhGfA9+CD+OnyEoE4wJroRIQiphLaGS0EY4S7hLeEEkEvWITsRwooC4hlhJPEQ8TxwlviVRSGYkNimBJCFtIe0nnSLdIr0gk8lGZA9yPFlM3kJuJp8h3ye/UaAqWCoEKPAUVivUKHQqXFF4pohXNFT0VFysmK9YoXhEcUjxqRJeyUiJrcRRWqVUo3RU6YbStDJV2UY5VDlDebNyi/IF5UcULMWI4kPhUYoo+yhnKGNUhKpPZVO51HXURupZ6jgNQzOmBdBSaaW0b2iDtCkVioqdSrRKnkqNynEVKR2hG9ED6On0Mvph+nX6O1UtVU9Vvuom1TbVK6qv1eaoeajx1UrU2tVG1N6pM9R91NPUt6l3qd/TQGmYaYRr5Grs0Tir8XQObY7LHO6ckjmH59zWhDXNNCM0V2ju0xzQnNbS1vLTytKq0jqj9VSbru2hnaq9Q/uE9qQOVcdNR6CzQ+ekzmOGCsOTkc6oZPQxpnQ1df11Jbr1uoO6M3rGelF6hXrtevf0Cfos/ST9Hfq9+lMGOgYhBgUGrQa3DfGGLMMUw12G/YavjYyNYow2GHUZPTJWMw4wzjduNb5rQjZxN1lm0mByzRRjyjJNM91tetkMNrM3SzGrMRsyh80dzAXmu82HLdAWThZCiwaLG0wS05OZw2xljlrSLYMtCy27LJ9ZGVjFW22z6rf6aG1vnW7daH3HhmITaFNo02Pzq62ZLde2xvbaXPJc37mr53bPfW5nbse322N3055qH2K/wb7X/oODo4PIoc1h0tHAMdGx1vEGi8YKY21mnXdCO3k5rXY65vTW2cFZ7HzY+RcXpkuaS4vLo3nG8/jzGueNueq5clzrXaVuDLdEt71uUnddd457g/sDD30PnkeTx4SnqWeq50HPZ17WXiKvDq/XbGf2SvYpb8Tbz7vEe9CH4hPlU+1z31fPN9m31XfKz95vhd8pf7R/kP82/xsBWgHcgOaAqUDHwJWBfUGkoAVB1UEPgs2CRcE9IXBIYMj2kLvzDecL53eFgtCA0O2h98KMw5aFfR+OCQ8Lrwl/GGETURDRv4C6YMmClgWvIr0iyyLvRJlESaJ6oxWjE6Kbo1/HeMeUx0hjrWJXxl6K04gTxHXHY+Oj45vipxf6LNy5cDzBPqE44foi40V5iy4s1licvvj4EsUlnCVHEtGJMYktie85oZwGzvTSgKW1S6e4bO4u7hOeB28Hb5Lvyi/nTyS5JpUnPUp2Td6ePJninlKR8lTAFlQLnqf6p9alvk4LTduf9ik9Jr09A5eRmHFUSBGmCfsytTPzMoezzLOKs6TLnJftXDYlChI1ZUPZi7K7xTTZz9SAxESyXjKa45ZTk/MmNzr3SJ5ynjBvYLnZ8k3LJ/J9879egVrBXdFboFuwtmB0pefK+lXQqqWrelfrry5aPb7Gb82BtYS1aWt/KLQuLC98uS5mXU+RVtGaorH1futbixWKRcU3NrhsqNuI2ijYOLhp7qaqTR9LeCUXS61LK0rfb+ZuvviVzVeVX33akrRlsMyhbM9WzFbh1uvb3LcdKFcuzy8f2x6yvXMHY0fJjpc7l+y8UGFXUbeLsEuyS1oZXNldZVC1tep9dUr1SI1XTXutZu2m2te7ebuv7PHY01anVVda926vYO/Ner/6zgajhop9mH05+x42Rjf2f836urlJo6m06cN+4X7pgYgDfc2Ozc0tmi1lrXCrpHXyYMLBy994f9Pdxmyrb6e3lx4ChySHHn+b+O31w0GHe4+wjrR9Z/hdbQe1o6QT6lzeOdWV0iXtjusePhp4tLfHpafje8vv9x/TPVZzXOV42QnCiaITn07mn5w+lXXq6enk02O9S3rvnIk9c60vvG/wbNDZ8+d8z53p9+w/ed71/LELzheOXmRd7LrkcKlzwH6g4wf7HzoGHQY7hxyHui87Xe4Znjd84or7ldNXva+euxZw7dLI/JHh61HXb95IuCG9ybv56Fb6ree3c27P3FlzF3235J7SvYr7mvcbfjT9sV3qID0+6j068GDBgztj3LEnP2X/9H686CH5YcWEzkTzI9tHxyZ9Jy8/Xvh4/EnWk5mnxT8r/1z7zOTZd794/DIwFTs1/lz0/NOvm1+ov9j/0u5l73TY9P1XGa9mXpe8UX9z4C3rbf+7mHcTM7nvse8rP5h+6PkY9PHup4xPn34D94Tz+49wZioAAAAJcEhZcwAALiMAAC4jAXilP3YAACAASURBVHic7N0JYBTl3T/w3++ZvZKQxMgliqJ4BMGQZHdms4JXudRatSoWRa211fr3qvaw59ta3r5v7W1tba1H6y1Qrbe1iuUVUEiyRxJTqGhFsZ4gonLk2p3n/zybYDkCZJOZeWZnfp827uaa+bLZY+a3z/N7ApxzIIT4i2EYExjAZxAwAcAPAcBy8UywXlx/OJlO32CaZk51RkIIIYQQQghRJaA6ACHEGQ2TJx+Ioci54up5GuLk/3wHt/33cPHfKfFYTFZQf6kkJCGEEEIIIYS4ABVLCPGw8ePHR0YNH34mB7wIw5Fp4kts77+FxwEVSwghhBBCCCE+RsUSQjyooa6uGgKhy0YNH3GB+HRfLOi3+Xp7UhFCCCGEEEJIcaBiCSEewRjT4rHYqRzwCgyGpsO2+TWFe9rKXIQQQgghhBBSbKhYQkiRq66urtinvPyLRky/Snw6frAVEokDrDYBHrEqGyGEEEIIIYQUIyqWEFKkotHoAUEWuKaqovJS8Wm5BZvcimbu/GQ63WPBtgghhBBCCCGkaFGxhJAio+v6kRqwb4aYNhcQQhZtdjM3c2c0pdMpi7ZHCCGEEEIIIUWLiiWEFIlYLFYbQO27AWSzIb+qzVAm3GyHw796eG52Op1us2aDhBBCCCGEEFLcqFhCiMvJIkmQafPEx2lgWYXkEw/mkF+cTqU/sni7hBBCCCGEEFK0qFhCiEvFYrGJAdSuCzLtbLC+SLLZ5HB1c6r5TxZvlxBCCCGEEEKKHhVLCHEZXdfHacB+GGTaBeJTzfo98Hbe03N2c2vrauu3TQghhBBC3Cqhx1OAUKY6hypd2R69paVli+ocpDhQsYQQlzAMY4TG8XsBZJeJT8N27IMDv/3ddeu+snbt2g47tk8IIYQQQlwM4QiwZhXFotTV1cVUZyDFg4olhChWXV0d3qei4ipZKBEvYPvYtJsODvzypmTyTpu2TwghhBBCCCGeQcUSQhSKx+KzqyoqfyKuHmp5V5L/eD3LzdmpVCpt2x4IIYQQQgghxEOoWEKIAg3RqIEs8EvG4Fh798Sfga1b56ZWrtxg734IIYQQQgghxDuoWEKIgxpqavbDSMnPUAucD9avcLMDzuEXyUz626Zp5uzcDyGEEEIIIYR4DRVLCHEAY0yLx2JXYKTkv8WnlTbvrpNz85KmVOpem/dDCCGEEEIIIZ5ExRJCbKbreiIe038vrtbbvjMOb+eQn5lMpZps3xchhBBCCCGEeBQVSzyAMYZ3vzBlJIZLxgYYH8sBR4mT5n0RYThwrBI/UgbIK8TXK8TXSxC5Bvm/Pcq/v1w+yxRn2Vlx2feBm8XlZg58KwLIdcg3iN/diBw+4AgbEMx3uk32ZidsfOeSaLJH3b/c3RKTJg2HkrIfB5BdDL23s704pLvN7OmZTOYt2/dFCCGEEEIIIR5GxZIiMW8eY0ecMuNgFjCP4hwnIOIh4svjxRnyofMzM8aK6+Hen8TeRhjbumF80hVj+6/31ypj16/hdl/b9mu9X2EQEqf+IagyF7bOek984TXxsYZzvkb8wBqe4//MfbBh5fkzW7YM6R9dxBp0/XwsLfu1uDrcmT3yB3IIX8hkMlud2R8hhBBCCCGEeBcVS1xo3oM1ocPG73eUxiAKHOoRMTbh9BmTxLeGyUIF7lDXsLVH6N7I0RJj+j6mYF8w1BDYyJGykPI659AOyDOmCRmNdWbm1C17W2VguzVMnnwghiO3ILKTHdolF//7UXMm/UPTNLlD+ySEEEIIIYQQT6NiiQvcsfzY8tJI+Ghg7FhxtnvchMPGxMWXI/lvKq2FDIkspIxHlKNf8HQtPwmlBBa2zvq3OLlfxjm8AMifX/3Y3/9x3XWmqTjrkMmpUPF6/VIMR34qPq1waLddAPxLjankfYP55YRhiN/DqNWhilouO7sxk1mpOobTxP2XxWN6CuSDlOyA57LnNmUyrapzOC1hxJOQL9CTPrl31r1nrF27tkN1EEIIIYQ4g4olCsxbMi0woZLFOeAMcbI6vbS05Gjx5aD8XvHWRgbsQPGPnIviQ/5rJ5w+4/2FrbMWA4e/92S7F51vPPea6oCFMgzj0Hgsdpu4+ikHd7shy80zUqnUssFugHN8u/fvQLbhjMkmvL4rlkSj0aPAiQbERQg17Thx4atiSSwW2z/INF11DnfhGSqUEEIIIf5CxRKH3Lxk2rB9KtgsBuzUCZWBU8WXhvugMDIQI8TH5wDhc8FgSI48+Yc4i38sB7nHX3nsuWY3jzqRo0mMWOwyDfDn4tNSB3f9Ku/pPiXV2rp6aJsxl4p/xTesieQRiEepjqBCgLMpfqjUDg7KYvZvVKdwknhu8...

      238 |
      239 |     await user.type(screen.getByLabelText(/cpf/i), '99999999999');
    > 240 |     await user.type(screen.getByLabelText(/senha/i), 'senhaerrada');
          |                            ^
      241 |     await user.click(screen.getByRole('button', { name: /entrar/i }));
      242 |
      243 |     await waitFor(

      at Object.getElementError (node_modules/.pnpm/@testing-library+dom@10.4.1/node_modules/@testing-library/dom/dist/config.js:37:19)
      at getElementError (node_modules/.pnpm/@testing-library+dom@10.4.1/node_modules/@testing-library/dom/dist/query-helpers.js:20:35)
      at getMultipleElementsFoundError (node_modules/.pnpm/@testing-library+dom@10.4.1/node_modules/@testing-library/dom/dist/query-helpers.js:23:10)
      at node_modules/.pnpm/@testing-library+dom@10.4.1/node_modules/@testing-library/dom/dist/query-helpers.js:55:13
      at node_modules/.pnpm/@testing-library+dom@10.4.1/node_modules/@testing-library/dom/dist/query-helpers.js:95:19
      at Object.getByLabelText (__tests__/auth/login.test.tsx:240:28)

  ÔùÅ LoginPage ÔÇ║ deve validar campos obrigat├│rios

    TestingLibraryElementError: Found multiple elements with the text of: /senha/i

    Here are the matching elements:

    Ignored nodes: comments, script, style
    <input
      class="mt-1 block w-full px-3 py-2 border border-gray-300 rounded-md shadow-sm focus:outline-none focus:ring-primary focus:border-primary text-base"
      id="senha"
      name="senha"
      placeholder="ÔÇóÔÇóÔÇóÔÇóÔÇóÔÇóÔÇóÔÇó"
      type="password"
      value=""
    />

    Ignored nodes: comments, script, style
    <input
      class="mt-1 block w-full px-3 py-2 border border-gray-300 rounded-md shadow-sm focus:outline-none focus:ring-primary focus:border-primary text-base"
      id="dataNascimento"
      maxlength="8"
      name="dataNascimento"
      placeholder="ddmmaaaa"
      type="text"
      value=""
    />

    (If this is intentional, then use the `*AllBy*` variant of the query (like `queryAllByText`, `getAllByText`, or `findAllByText`)).

    Ignored nodes: comments, script, style
    <body>
      <div>
        <div
          class="min-h-screen bg-gradient-to-br from-orange-50 to-orange-100 flex items-center justify-center p-2 sm:p-4"
        >
          <div
            class="bg-white rounded-lg shadow-xl p-4 sm:p-8 w-full max-w-md"
          >
            <div
              class="text-center mb-6 sm:mb-8"
            >
              <div
                class="flex flex-col items-center justify-center mb-4"
              >
                <div
                  class="w-32 h-32 flex items-center justify-center"
                >
                  <img
                    alt="QWork"
                    class="w-full h-full object-contain"
                    data-nimg="1"
                    decoding="async"
                    height="48"
                    src="data:image/png;base64,iVBORw0KGgoAAAANSUhEUgAABEsAAAGnCAYAAABPZtklAAAKN2lDQ1BzUkdCIElFQzYxOTY2LTIuMQAAeJydlndUU9kWh8+9N71QkhCKlNBraFICSA29SJEuKjEJEErAkAAiNkRUcERRkaYIMijggKNDkbEiioUBUbHrBBlE1HFwFBuWSWStGd+8ee/Nm98f935rn73P3Wfvfda6AJD8gwXCTFgJgAyhWBTh58WIjYtnYAcBDPAAA2wA4HCzs0IW+EYCmQJ82IxsmRP4F726DiD5+yrTP4zBAP+flLlZIjEAUJiM5/L42VwZF8k4PVecJbdPyZi2NE3OMErOIlmCMlaTc/IsW3z2mWUPOfMyhDwZy3PO4mXw5Nwn4405Er6MkWAZF+cI+LkyviZjg3RJhkDGb+SxGXxONgAoktwu5nNTZGwtY5IoMoIt43kA4EjJX/DSL1jMzxPLD8XOzFouEiSniBkmXFOGjZMTi+HPz03ni8XMMA43jSPiMdiZGVkc4XIAZs/8WRR5bRmyIjvYODk4MG0tbb4o1H9d/JuS93aWXoR/7hlEH/jD9ld+mQ0AsKZltdn6h21pFQBd6wFQu/2HzWAvAIqyvnUOfXEeunxeUsTiLGcrq9zcXEsBn2spL+jv+p8Of0NffM9Svt3v5WF485M4knQxQ143bmZ6pkTEyM7icPkM5p+H+B8H/nUeFhH8JL6IL5RFRMumTCBMlrVbyBOIBZlChkD4n5r4D8P+pNm5lona+BHQllgCpSEaQH4eACgqESAJe2Qr0O99C8ZHA/nNi9GZmJ37z4L+fVe4TP7IFiR/jmNHRDK4ElHO7Jr8WgI0IABFQAPqQBvoAxPABLbAEbgAD+ADAkEoiARxYDHgghSQAUQgFxSAtaAYlIKtYCeoBnWgETSDNnAYdIFj4DQ4By6By2AE3AFSMA6egCnwCsxAEISFyBAVUod0IEPIHLKFWJAb5AMFQxFQHJQIJUNCSAIVQOugUqgcqobqoWboW+godBq6AA1Dt6BRaBL6FXoHIzAJpsFasBFsBbNgTzgIjoQXwcnwMjgfLoK3wJVwA3wQ7oRPw5fgEVgKP4GnEYAQETqiizARFsJGQpF4JAkRIauQEqQCaUDakB6kH7mKSJGnyFsUBkVFMVBMlAvKHxWF4qKWoVahNqOqUQdQnag+1FXUKGoK9RFNRmuizdHO6AB0LDoZnYsuRlegm9Ad6LPoEfQ4+hUGg6FjjDGOGH9MHCYVswKzGbMb0445hRnGjGGmsVisOtYc64oNxXKwYmwxtgp7EHsSewU7jn2DI+J0cLY4X1w8TogrxFXgWnAncFdwE7gZvBLeEO+MD8Xz8MvxZfhGfA9+CD+OnyEoE4wJroRIQiphLaGS0EY4S7hLeEEkEvWITsRwooC4hlhJPEQ8TxwlviVRSGYkNimBJCFtIe0nnSLdIr0gk8lGZA9yPFlM3kJuJp8h3ye/UaAqWCoEKPAUVivUKHQqXFF4pohXNFT0VFysmK9YoXhEcUjxqRJeyUiJrcRRWqVUo3RU6YbStDJV2UY5VDlDebNyi/IF5UcULMWI4kPhUYoo+yhnKGNUhKpPZVO51HXURupZ6jgNQzOmBdBSaaW0b2iDtCkVioqdSrRKnkqNynEVKR2hG9ED6On0Mvph+nX6O1UtVU9Vvuom1TbVK6qv1eaoeajx1UrU2tVG1N6pM9R91NPUt6l3qd/TQGmYaYRr5Grs0Tir8XQObY7LHO6ckjmH59zWhDXNNCM0V2ju0xzQnNbS1vLTytKq0jqj9VSbru2hnaq9Q/uE9qQOVcdNR6CzQ+ekzmOGCsOTkc6oZPQxpnQ1df11Jbr1uoO6M3rGelF6hXrtevf0Cfos/ST9Hfq9+lMGOgYhBgUGrQa3DfGGLMMUw12G/YavjYyNYow2GHUZPTJWMw4wzjduNb5rQjZxN1lm0mByzRRjyjJNM91tetkMNrM3SzGrMRsyh80dzAXmu82HLdAWThZCiwaLG0wS05OZw2xljlrSLYMtCy27LJ9ZGVjFW22z6rf6aG1vnW7daH3HhmITaFNo02Pzq62ZLde2xvbaXPJc37mr53bPfW5nbse322N3055qH2K/wb7X/oODo4PIoc1h0tHAMdGx1vEGi8YKY21mnXdCO3k5rXY65vTW2cFZ7HzY+RcXpkuaS4vLo3nG8/jzGueNueq5clzrXaVuDLdEt71uUnddd457g/sDD30PnkeTx4SnqWeq50HPZ17WXiKvDq/XbGf2SvYpb8Tbz7vEe9CH4hPlU+1z31fPN9m31XfKz95vhd8pf7R/kP82/xsBWgHcgOaAqUDHwJWBfUGkoAVB1UEPgs2CRcE9IXBIYMj2kLvzDecL53eFgtCA0O2h98KMw5aFfR+OCQ8Lrwl/GGETURDRv4C6YMmClgWvIr0iyyLvRJlESaJ6oxWjE6Kbo1/HeMeUx0hjrWJXxl6K04gTxHXHY+Oj45vipxf6LNy5cDzBPqE44foi40V5iy4s1licvvj4EsUlnCVHEtGJMYktie85oZwGzvTSgKW1S6e4bO4u7hOeB28Hb5Lvyi/nTyS5JpUnPUp2Td6ePJninlKR8lTAFlQLnqf6p9alvk4LTduf9ik9Jr09A5eRmHFUSBGmCfsytTPzMoezzLOKs6TLnJftXDYlChI1ZUPZi7K7xTTZz9SAxESyXjKa45ZTk/MmNzr3SJ5ynjBvYLnZ8k3LJ/J9879egVrBXdFboFuwtmB0pefK+lXQqqWrelfrry5aPb7Gb82BtYS1aWt/KLQuLC98uS5mXU+RVtGaorH1futbixWKRcU3NrhsqNuI2ijYOLhp7qaqTR9LeCUXS61LK0rfb+ZuvviVzVeVX33akrRlsMyhbM9WzFbh1uvb3LcdKFcuzy8f2x6yvXMHY0fJjpc7l+y8UGFXUbeLsEuyS1oZXNldZVC1tep9dUr1SI1XTXutZu2m2te7ebuv7PHY01anVVda926vYO/Ner/6zgajhop9mH05+x42Rjf2f836urlJo6m06cN+4X7pgYgDfc2Ozc0tmi1lrXCrpHXyYMLBy994f9Pdxmyrb6e3lx4ChySHHn+b+O31w0GHe4+wjrR9Z/hdbQe1o6QT6lzeOdWV0iXtjusePhp4tLfHpafje8vv9x/TPVZzXOV42QnCiaITn07mn5w+lXXq6enk02O9S3rvnIk9c60vvG/wbNDZ8+d8z53p9+w/ed71/LELzheOXmRd7LrkcKlzwH6g4wf7HzoGHQY7hxyHui87Xe4Znjd84or7ldNXva+euxZw7dLI/JHh61HXb95IuCG9ybv56Fb6ree3c27P3FlzF3235J7SvYr7mvcbfjT9sV3qID0+6j068GDBgztj3LEnP2X/9H686CH5YcWEzkTzI9tHxyZ9Jy8/Xvh4/EnWk5mnxT8r/1z7zOTZd794/DIwFTs1/lz0/NOvm1+ov9j/0u5l73TY9P1XGa9mXpe8UX9z4C3rbf+7mHcTM7nvse8rP5h+6PkY9PHup4xPn34D94Tz+49wZioAAAAJcEhZcwAALiMAAC4jAXilP3YAACAASURBVHic7N0JYBTl3T/w3++ZvZKQxMgliqJ4BMGQZHdms4JXudRatSoWRa211fr3qvaw59ta3r5v7W1tba1H6y1Qrbe1iuUVUEiyRxJTqGhFsZ4gonLk2p3n/zybYDkCZJOZeWZnfp827uaa+bLZY+a3z/N7ApxzIIT4i2EYExjAZxAwAcAPAcBy8UywXlx/OJlO32CaZk51RkIIIYQQQghRJaA6ACHEGQ2TJx+Ioci54up5GuLk/3wHt/33cPHfKfFYTFZQf6kkJCGEEEIIIYS4ABVLCPGw8ePHR0YNH34mB7wIw5Fp4kts77+FxwEVSwghhBBCCCE+RsUSQjyooa6uGgKhy0YNH3GB+HRfLOi3+Xp7UhFCCCGEEEJIcaBiCSEewRjT4rHYqRzwCgyGpsO2+TWFe9rKXIQQQgghhBBSbKhYQkiRq66urtinvPyLRky/Snw6frAVEokDrDYBHrEqGyGEEEIIIYQUIyqWEFKkotHoAUEWuKaqovJS8Wm5BZvcimbu/GQ63WPBtgghhBBCCCGkaFGxhJAio+v6kRqwb4aYNhcQQhZtdjM3c2c0pdMpi7ZHCCGEEEIIIUWLiiWEFIlYLFYbQO27AWSzIb+qzVAm3GyHw796eG52Op1us2aDhBBCCCGEEFLcqFhCiMvJIkmQafPEx2lgWYXkEw/mkF+cTqU/sni7hBBCCCGEEFK0qFhCiEvFYrGJAdSuCzLtbLC+SLLZ5HB1c6r5TxZvlxBCCCGEEEKKHhVLCHEZXdfHacB+GGTaBeJTzfo98Hbe03N2c2vrauu3TQghhBBC3Cqhx1OAUKY6hypd2R69paVli+ocpDhQsYQQlzAMY4TG8XsBZJeJT8N27IMDv/3ddeu+snbt2g47tk8IIYQQQlwM4QiwZhXFotTV1cVUZyDFg4olhChWXV0d3qei4ipZKBEvYPvYtJsODvzypmTyTpu2TwghhBBCCCGeQcUSQhSKx+KzqyoqfyKuHmp5V5L/eD3LzdmpVCpt2x4IIYQQQgghxEOoWEKIAg3RqIEs8EvG4Fh798Sfga1b56ZWrtxg734IIYQQQgghxDuoWEKIgxpqavbDSMnPUAucD9avcLMDzuEXyUz626Zp5uzcDyGEEEIIIYR4DRVLCHEAY0yLx2JXYKTkv8WnlTbvrpNz85KmVOpem/dDCCGEEEIIIZ5ExRJCbKbreiIe038vrtbbvjMOb+eQn5lMpZps3xchhBBCCCGEeBQVSzyAMYZ3vzBlJIZLxgYYH8sBR4mT5n0RYThwrBI/UgbIK8TXK8TXSxC5Bvm/Pcq/v1w+yxRn2Vlx2feBm8XlZg58KwLIdcg3iN/diBw+4AgbEMx3uk32ZidsfOeSaLJH3b/c3RKTJg2HkrIfB5BdDL23s704pLvN7OmZTOYt2/dFCCGEEEIIIR5GxZIiMW8eY0ecMuNgFjCP4hwnIOIh4svjxRnyofMzM8aK6+Hen8TeRhjbumF80hVj+6/31ypj16/hdl/b9mu9X2EQEqf+IagyF7bOek984TXxsYZzvkb8wBqe4//MfbBh5fkzW7YM6R9dxBp0/XwsLfu1uDrcmT3yB3IIX8hkMlud2R8hhBBCCCGEeBcVS1xo3oM1ocPG73eUxiAKHOoRMTbh9BmTxLeGyUIF7lDXsLVH6N7I0RJj+j6mYF8w1BDYyJGykPI659AOyDOmCRmNdWbm1C17W2VguzVMnnwghiO3ILKTHdolF//7UXMm/UPTNLlD+ySEEEIIIYQQT6NiiQvcsfzY8tJI+Ghg7FhxtnvchMPGxMWXI/lvKq2FDIkspIxHlKNf8HQtPwmlBBa2zvq3OLlfxjm8AMifX/3Y3/9x3XWmqTjrkMmpUPF6/VIMR34qPq1waLddAPxLjankfYP55YRhiN/DqNWhilouO7sxk1mpOobTxP2XxWN6CuSDlOyA57LnNmUyrapzOC1hxJOQL9CTPrl31r1nrF27tkN1EEIIIYQ4g4olCsxbMi0woZLFOeAMcbI6vbS05Gjx5aD8XvHWRgbsQPGPnIviQ/5rJ5w+4/2FrbMWA4e/92S7F51vPPea6oCFMgzj0Hgsdpu4+ikHd7shy80zUqnUssFugHN8u/fvQLbhjMkmvL4rlkSj0aPAiQbERQg17Thx4atiSSwW2z/INF11DnfhGSqUEEIIIf5CxRKH3Lxk2rB9KtgsBuzUCZWBU8WXhvugMDIQI8TH5wDhc8FgSI48+Yc4i38sB7nHX3nsuWY3jzqRo0mMWOwyDfDn4tNSB3f9Ku/pPiXV2rp6aJsxl4p/xTesieQRiEepjqBCgLMpfqjUDg7KYvZvVKdwknhu8...

      261 |     // Deve exibir valida├º├úo do HTML5 ou erro customizado
      262 |     const cpfInput = screen.getByLabelText(/cpf/i);
    > 263 |     const senhaInput = screen.getByLabelText(/senha/i);
          |                               ^
      264 |
      265 |     expect(cpfInput).toBeRequired();
      266 |     expect(senhaInput).toBeRequired();

      at Object.getElementError (node_modules/.pnpm/@testing-library+dom@10.4.1/node_modules/@testing-library/dom/dist/config.js:37:19)
      at getElementError (node_modules/.pnpm/@testing-library+dom@10.4.1/node_modules/@testing-library/dom/dist/query-helpers.js:20:35)
      at getMultipleElementsFoundError (node_modules/.pnpm/@testing-library+dom@10.4.1/node_modules/@testing-library/dom/dist/query-helpers.js:23:10)
      at node_modules/.pnpm/@testing-library+dom@10.4.1/node_modules/@testing-library/dom/dist/query-helpers.js:55:13
      at node_modules/.pnpm/@testing-library+dom@10.4.1/node_modules/@testing-library/dom/dist/query-helpers.js:95:19
      at Object.getByLabelText (__tests__/auth/login.test.tsx:263:31)

  ÔùÅ LoginPage ÔÇ║ deve exibir estado de loading durante login

    TestingLibraryElementError: Found multiple elements with the text of: /senha/i

    Here are the matching elements:

    Ignored nodes: comments, script, style
    <input
      class="mt-1 block w-full px-3 py-2 border border-gray-300 rounded-md shadow-sm focus:outline-none focus:ring-primary focus:border-primary text-base"
      id="senha"
      name="senha"
      placeholder="ÔÇóÔÇóÔÇóÔÇóÔÇóÔÇóÔÇóÔÇó"
      type="password"
      value=""
    />

    Ignored nodes: comments, script, style
    <input
      class="mt-1 block w-full px-3 py-2 border border-gray-300 rounded-md shadow-sm focus:outline-none focus:ring-primary focus:border-primary text-base"
      id="dataNascimento"
      maxlength="8"
      name="dataNascimento"
      placeholder="ddmmaaaa"
      type="text"
      value=""
    />

    (If this is intentional, then use the `*AllBy*` variant of the query (like `queryAllByText`, `getAllByText`, or `findAllByText`)).

    Ignored nodes: comments, script, style
    <body>
      <div>
        <div
          class="min-h-screen bg-gradient-to-br from-orange-50 to-orange-100 flex items-center justify-center p-2 sm:p-4"
        >
          <div
            class="bg-white rounded-lg shadow-xl p-4 sm:p-8 w-full max-w-md"
          >
            <div
              class="text-center mb-6 sm:mb-8"
            >
              <div
                class="flex flex-col items-center justify-center mb-4"
              >
                <div
                  class="w-32 h-32 flex items-center justify-center"
                >
                  <img
                    alt="QWork"
                    class="w-full h-full object-contain"
                    data-nimg="1"
                    decoding="async"
                    height="48"
                    src="data:image/png;base64,iVBORw0KGgoAAAANSUhEUgAABEsAAAGnCAYAAABPZtklAAAKN2lDQ1BzUkdCIElFQzYxOTY2LTIuMQAAeJydlndUU9kWh8+9N71QkhCKlNBraFICSA29SJEuKjEJEErAkAAiNkRUcERRkaYIMijggKNDkbEiioUBUbHrBBlE1HFwFBuWSWStGd+8ee/Nm98f935rn73P3Wfvfda6AJD8gwXCTFgJgAyhWBTh58WIjYtnYAcBDPAAA2wA4HCzs0IW+EYCmQJ82IxsmRP4F726DiD5+yrTP4zBAP+flLlZIjEAUJiM5/L42VwZF8k4PVecJbdPyZi2NE3OMErOIlmCMlaTc/IsW3z2mWUPOfMyhDwZy3PO4mXw5Nwn4405Er6MkWAZF+cI+LkyviZjg3RJhkDGb+SxGXxONgAoktwu5nNTZGwtY5IoMoIt43kA4EjJX/DSL1jMzxPLD8XOzFouEiSniBkmXFOGjZMTi+HPz03ni8XMMA43jSPiMdiZGVkc4XIAZs/8WRR5bRmyIjvYODk4MG0tbb4o1H9d/JuS93aWXoR/7hlEH/jD9ld+mQ0AsKZltdn6h21pFQBd6wFQu/2HzWAvAIqyvnUOfXEeunxeUsTiLGcrq9zcXEsBn2spL+jv+p8Of0NffM9Svt3v5WF485M4knQxQ143bmZ6pkTEyM7icPkM5p+H+B8H/nUeFhH8JL6IL5RFRMumTCBMlrVbyBOIBZlChkD4n5r4D8P+pNm5lona+BHQllgCpSEaQH4eACgqESAJe2Qr0O99C8ZHA/nNi9GZmJ37z4L+fVe4TP7IFiR/jmNHRDK4ElHO7Jr8WgI0IABFQAPqQBvoAxPABLbAEbgAD+ADAkEoiARxYDHgghSQAUQgFxSAtaAYlIKtYCeoBnWgETSDNnAYdIFj4DQ4By6By2AE3AFSMA6egCnwCsxAEISFyBAVUod0IEPIHLKFWJAb5AMFQxFQHJQIJUNCSAIVQOugUqgcqobqoWboW+godBq6AA1Dt6BRaBL6FXoHIzAJpsFasBFsBbNgTzgIjoQXwcnwMjgfLoK3wJVwA3wQ7oRPw5fgEVgKP4GnEYAQETqiizARFsJGQpF4JAkRIauQEqQCaUDakB6kH7mKSJGnyFsUBkVFMVBMlAvKHxWF4qKWoVahNqOqUQdQnag+1FXUKGoK9RFNRmuizdHO6AB0LDoZnYsuRlegm9Ad6LPoEfQ4+hUGg6FjjDGOGH9MHCYVswKzGbMb0445hRnGjGGmsVisOtYc64oNxXKwYmwxtgp7EHsSewU7jn2DI+J0cLY4X1w8TogrxFXgWnAncFdwE7gZvBLeEO+MD8Xz8MvxZfhGfA9+CD+OnyEoE4wJroRIQiphLaGS0EY4S7hLeEEkEvWITsRwooC4hlhJPEQ8TxwlviVRSGYkNimBJCFtIe0nnSLdIr0gk8lGZA9yPFlM3kJuJp8h3ye/UaAqWCoEKPAUVivUKHQqXFF4pohXNFT0VFysmK9YoXhEcUjxqRJeyUiJrcRRWqVUo3RU6YbStDJV2UY5VDlDebNyi/IF5UcULMWI4kPhUYoo+yhnKGNUhKpPZVO51HXURupZ6jgNQzOmBdBSaaW0b2iDtCkVioqdSrRKnkqNynEVKR2hG9ED6On0Mvph+nX6O1UtVU9Vvuom1TbVK6qv1eaoeajx1UrU2tVG1N6pM9R91NPUt6l3qd/TQGmYaYRr5Grs0Tir8XQObY7LHO6ckjmH59zWhDXNNCM0V2ju0xzQnNbS1vLTytKq0jqj9VSbru2hnaq9Q/uE9qQOVcdNR6CzQ+ekzmOGCsOTkc6oZPQxpnQ1df11Jbr1uoO6M3rGelF6hXrtevf0Cfos/ST9Hfq9+lMGOgYhBgUGrQa3DfGGLMMUw12G/YavjYyNYow2GHUZPTJWMw4wzjduNb5rQjZxN1lm0mByzRRjyjJNM91tetkMNrM3SzGrMRsyh80dzAXmu82HLdAWThZCiwaLG0wS05OZw2xljlrSLYMtCy27LJ9ZGVjFW22z6rf6aG1vnW7daH3HhmITaFNo02Pzq62ZLde2xvbaXPJc37mr53bPfW5nbse322N3055qH2K/wb7X/oODo4PIoc1h0tHAMdGx1vEGi8YKY21mnXdCO3k5rXY65vTW2cFZ7HzY+RcXpkuaS4vLo3nG8/jzGueNueq5clzrXaVuDLdEt71uUnddd457g/sDD30PnkeTx4SnqWeq50HPZ17WXiKvDq/XbGf2SvYpb8Tbz7vEe9CH4hPlU+1z31fPN9m31XfKz95vhd8pf7R/kP82/xsBWgHcgOaAqUDHwJWBfUGkoAVB1UEPgs2CRcE9IXBIYMj2kLvzDecL53eFgtCA0O2h98KMw5aFfR+OCQ8Lrwl/GGETURDRv4C6YMmClgWvIr0iyyLvRJlESaJ6oxWjE6Kbo1/HeMeUx0hjrWJXxl6K04gTxHXHY+Oj45vipxf6LNy5cDzBPqE44foi40V5iy4s1licvvj4EsUlnCVHEtGJMYktie85oZwGzvTSgKW1S6e4bO4u7hOeB28Hb5Lvyi/nTyS5JpUnPUp2Td6ePJninlKR8lTAFlQLnqf6p9alvk4LTduf9ik9Jr09A5eRmHFUSBGmCfsytTPzMoezzLOKs6TLnJftXDYlChI1ZUPZi7K7xTTZz9SAxESyXjKa45ZTk/MmNzr3SJ5ynjBvYLnZ8k3LJ/J9879egVrBXdFboFuwtmB0pefK+lXQqqWrelfrry5aPb7Gb82BtYS1aWt/KLQuLC98uS5mXU+RVtGaorH1futbixWKRcU3NrhsqNuI2ijYOLhp7qaqTR9LeCUXS61LK0rfb+ZuvviVzVeVX33akrRlsMyhbM9WzFbh1uvb3LcdKFcuzy8f2x6yvXMHY0fJjpc7l+y8UGFXUbeLsEuyS1oZXNldZVC1tep9dUr1SI1XTXutZu2m2te7ebuv7PHY01anVVda926vYO/Ner/6zgajhop9mH05+x42Rjf2f836urlJo6m06cN+4X7pgYgDfc2Ozc0tmi1lrXCrpHXyYMLBy994f9Pdxmyrb6e3lx4ChySHHn+b+O31w0GHe4+wjrR9Z/hdbQe1o6QT6lzeOdWV0iXtjusePhp4tLfHpafje8vv9x/TPVZzXOV42QnCiaITn07mn5w+lXXq6enk02O9S3rvnIk9c60vvG/wbNDZ8+d8z53p9+w/ed71/LELzheOXmRd7LrkcKlzwH6g4wf7HzoGHQY7hxyHui87Xe4Znjd84or7ldNXva+euxZw7dLI/JHh61HXb95IuCG9ybv56Fb6ree3c27P3FlzF3235J7SvYr7mvcbfjT9sV3qID0+6j068GDBgztj3LEnP2X/9H686CH5YcWEzkTzI9tHxyZ9Jy8/Xvh4/EnWk5mnxT8r/1z7zOTZd794/DIwFTs1/lz0/NOvm1+ov9j/0u5l73TY9P1XGa9mXpe8UX9z4C3rbf+7mHcTM7nvse8rP5h+6PkY9PHup4xPn34D94Tz+49wZioAAAAJcEhZcwAALiMAAC4jAXilP3YAACAASURBVHic7N0JYBTl3T/w3++ZvZKQxMgliqJ4BMGQZHdms4JXudRatSoWRa211fr3qvaw59ta3r5v7W1tba1H6y1Qrbe1iuUVUEiyRxJTqGhFsZ4gonLk2p3n/zybYDkCZJOZeWZnfp827uaa+bLZY+a3z/N7ApxzIIT4i2EYExjAZxAwAcAPAcBy8UywXlx/OJlO32CaZk51RkIIIYQQQghRJaA6ACHEGQ2TJx+Ioci54up5GuLk/3wHt/33cPHfKfFYTFZQf6kkJCGEEEIIIYS4ABVLCPGw8ePHR0YNH34mB7wIw5Fp4kts77+FxwEVSwghhBBCCCE+RsUSQjyooa6uGgKhy0YNH3GB+HRfLOi3+Xp7UhFCCCGEEEJIcaBiCSEewRjT4rHYqRzwCgyGpsO2+TWFe9rKXIQQQgghhBBSbKhYQkiRq66urtinvPyLRky/Snw6frAVEokDrDYBHrEqGyGEEEIIIYQUIyqWEFKkotHoAUEWuKaqovJS8Wm5BZvcimbu/GQ63WPBtgghhBBCCCGkaFGxhJAio+v6kRqwb4aYNhcQQhZtdjM3c2c0pdMpi7ZHCCGEEEIIIUWLiiWEFIlYLFYbQO27AWSzIb+qzVAm3GyHw796eG52Op1us2aDhBBCCCGEEFLcqFhCiMvJIkmQafPEx2lgWYXkEw/mkF+cTqU/sni7hBBCCCGEEFK0qFhCiEvFYrGJAdSuCzLtbLC+SLLZ5HB1c6r5TxZvlxBCCCGEEEKKHhVLCHEZXdfHacB+GGTaBeJTzfo98Hbe03N2c2vrauu3TQghhBBC3Cqhx1OAUKY6hypd2R69paVli+ocpDhQsYQQlzAMY4TG8XsBZJeJT8N27IMDv/3ddeu+snbt2g47tk8IIYQQQlwM4QiwZhXFotTV1cVUZyDFg4olhChWXV0d3qei4ipZKBEvYPvYtJsODvzypmTyTpu2TwghhBBCCCGeQcUSQhSKx+KzqyoqfyKuHmp5V5L/eD3LzdmpVCpt2x4IIYQQQgghxEOoWEKIAg3RqIEs8EvG4Fh798Sfga1b56ZWrtxg734IIYQQQgghxDuoWEKIgxpqavbDSMnPUAucD9avcLMDzuEXyUz626Zp5uzcDyGEEEIIIYR4DRVLCHEAY0yLx2JXYKTkv8WnlTbvrpNz85KmVOpem/dDCCGEEEIIIZ5ExRJCbKbreiIe038vrtbbvjMOb+eQn5lMpZps3xchhBBCCCGEeBQVSzyAMYZ3vzBlJIZLxgYYH8sBR4mT5n0RYThwrBI/UgbIK8TXK8TXSxC5Bvm/Pcq/v1w+yxRn2Vlx2feBm8XlZg58KwLIdcg3iN/diBw+4AgbEMx3uk32ZidsfOeSaLJH3b/c3RKTJg2HkrIfB5BdDL23s704pLvN7OmZTOYt2/dFCCGEEEIIIR5GxZIiMW8eY0ecMuNgFjCP4hwnIOIh4svjxRnyofMzM8aK6+Hen8TeRhjbumF80hVj+6/31ypj16/hdl/b9mu9X2EQEqf+IagyF7bOek984TXxsYZzvkb8wBqe4//MfbBh5fkzW7YM6R9dxBp0/XwsLfu1uDrcmT3yB3IIX8hkMlud2R8hhBBCCCGEeBcVS1xo3oM1ocPG73eUxiAKHOoRMTbh9BmTxLeGyUIF7lDXsLVH6N7I0RJj+j6mYF8w1BDYyJGykPI659AOyDOmCRmNdWbm1C17W2VguzVMnnwghiO3ILKTHdolF//7UXMm/UPTNLlD+ySEEEIIIYQQT6NiiQvcsfzY8tJI+Ghg7FhxtnvchMPGxMWXI/lvKq2FDIkspIxHlKNf8HQtPwmlBBa2zvq3OLlfxjm8AMifX/3Y3/9x3XWmqTjrkMmpUPF6/VIMR34qPq1waLddAPxLjankfYP55YRhiN/DqNWhilouO7sxk1mpOobTxP2XxWN6CuSDlOyA57LnNmUyrapzOC1hxJOQL9CTPrl31r1nrF27tkN1EEIIIYQ4g4olCsxbMi0woZLFOeAMcbI6vbS05Gjx5aD8XvHWRgbsQPGPnIviQ/5rJ5w+4/2FrbMWA4e/92S7F51vPPea6oCFMgzj0Hgsdpu4+ikHd7shy80zUqnUssFugHN8u/fvQLbhjMkmvL4rlkSj0aPAiQbERQg17Thx4atiSSwW2z/INF11DnfhGSqUEEIIIf5CxRKH3Lxk2rB9KtgsBuzUCZWBU8WXhvugMDIQI8TH5wDhc8FgSI48+Yc4i38sB7nHX3nsuWY3jzqRo0mMWOwyDfDn4tNSB3f9Ku/pPiXV2rp6aJsxl4p/xTesieQRiEepjqBCgLMpfqjUDg7KYvZvVKdwknhu8...

      310 |
      311 |     await user.type(screen.getByLabelText(/cpf/i), '00000000000');
    > 312 |     await user.type(screen.getByLabelText(/senha/i), 'admin123');
          |                            ^
      313 |     await user.click(screen.getByRole('button', { name: /entrar/i }));
      314 |
      315 |     // Deve mostrar loading no bot├úo E estar desabilitado

      at Object.getElementError (node_modules/.pnpm/@testing-library+dom@10.4.1/node_modules/@testing-library/dom/dist/config.js:37:19)
      at getElementError (node_modules/.pnpm/@testing-library+dom@10.4.1/node_modules/@testing-library/dom/dist/query-helpers.js:20:35)
      at getMultipleElementsFoundError (node_modules/.pnpm/@testing-library+dom@10.4.1/node_modules/@testing-library/dom/dist/query-helpers.js:23:10)
      at node_modules/.pnpm/@testing-library+dom@10.4.1/node_modules/@testing-library/dom/dist/query-helpers.js:55:13
      at node_modules/.pnpm/@testing-library+dom@10.4.1/node_modules/@testing-library/dom/dist/query-helpers.js:95:19
      at Object.getByLabelText (__tests__/auth/login.test.tsx:312:28)

  ÔùÅ LoginPage ÔÇ║ deve tratar erro de rede

    TestingLibraryElementError: Found multiple elements with the text of: /senha/i

    Here are the matching elements:

    Ignored nodes: comments, script, style
    <input
      class="mt-1 block w-full px-3 py-2 border border-gray-300 rounded-md shadow-sm focus:outline-none focus:ring-primary focus:border-primary text-base"
      id="senha"
      name="senha"
      placeholder="ÔÇóÔÇóÔÇóÔÇóÔÇóÔÇóÔÇóÔÇó"
      type="password"
      value=""
    />

    Ignored nodes: comments, script, style
    <input
      class="mt-1 block w-full px-3 py-2 border border-gray-300 rounded-md shadow-sm focus:outline-none focus:ring-primary focus:border-primary text-base"
      id="dataNascimento"
      maxlength="8"
      name="dataNascimento"
      placeholder="ddmmaaaa"
      type="text"
      value=""
    />

    (If this is intentional, then use the `*AllBy*` variant of the query (like `queryAllByText`, `getAllByText`, or `findAllByText`)).

    Ignored nodes: comments, script, style
    <body>
      <div>
        <div
          class="min-h-screen bg-gradient-to-br from-orange-50 to-orange-100 flex items-center justify-center p-2 sm:p-4"
        >
          <div
            class="bg-white rounded-lg shadow-xl p-4 sm:p-8 w-full max-w-md"
          >
            <div
              class="text-center mb-6 sm:mb-8"
            >
              <div
                class="flex flex-col items-center justify-center mb-4"
              >
                <div
                  class="w-32 h-32 flex items-center justify-center"
                >
                  <img
                    alt="QWork"
                    class="w-full h-full object-contain"
                    data-nimg="1"
                    decoding="async"
                    height="48"
                    src="data:image/png;base64,iVBORw0KGgoAAAANSUhEUgAABEsAAAGnCAYAAABPZtklAAAKN2lDQ1BzUkdCIElFQzYxOTY2LTIuMQAAeJydlndUU9kWh8+9N71QkhCKlNBraFICSA29SJEuKjEJEErAkAAiNkRUcERRkaYIMijggKNDkbEiioUBUbHrBBlE1HFwFBuWSWStGd+8ee/Nm98f935rn73P3Wfvfda6AJD8gwXCTFgJgAyhWBTh58WIjYtnYAcBDPAAA2wA4HCzs0IW+EYCmQJ82IxsmRP4F726DiD5+yrTP4zBAP+flLlZIjEAUJiM5/L42VwZF8k4PVecJbdPyZi2NE3OMErOIlmCMlaTc/IsW3z2mWUPOfMyhDwZy3PO4mXw5Nwn4405Er6MkWAZF+cI+LkyviZjg3RJhkDGb+SxGXxONgAoktwu5nNTZGwtY5IoMoIt43kA4EjJX/DSL1jMzxPLD8XOzFouEiSniBkmXFOGjZMTi+HPz03ni8XMMA43jSPiMdiZGVkc4XIAZs/8WRR5bRmyIjvYODk4MG0tbb4o1H9d/JuS93aWXoR/7hlEH/jD9ld+mQ0AsKZltdn6h21pFQBd6wFQu/2HzWAvAIqyvnUOfXEeunxeUsTiLGcrq9zcXEsBn2spL+jv+p8Of0NffM9Svt3v5WF485M4knQxQ143bmZ6pkTEyM7icPkM5p+H+B8H/nUeFhH8JL6IL5RFRMumTCBMlrVbyBOIBZlChkD4n5r4D8P+pNm5lona+BHQllgCpSEaQH4eACgqESAJe2Qr0O99C8ZHA/nNi9GZmJ37z4L+fVe4TP7IFiR/jmNHRDK4ElHO7Jr8WgI0IABFQAPqQBvoAxPABLbAEbgAD+ADAkEoiARxYDHgghSQAUQgFxSAtaAYlIKtYCeoBnWgETSDNnAYdIFj4DQ4By6By2AE3AFSMA6egCnwCsxAEISFyBAVUod0IEPIHLKFWJAb5AMFQxFQHJQIJUNCSAIVQOugUqgcqobqoWboW+godBq6AA1Dt6BRaBL6FXoHIzAJpsFasBFsBbNgTzgIjoQXwcnwMjgfLoK3wJVwA3wQ7oRPw5fgEVgKP4GnEYAQETqiizARFsJGQpF4JAkRIauQEqQCaUDakB6kH7mKSJGnyFsUBkVFMVBMlAvKHxWF4qKWoVahNqOqUQdQnag+1FXUKGoK9RFNRmuizdHO6AB0LDoZnYsuRlegm9Ad6LPoEfQ4+hUGg6FjjDGOGH9MHCYVswKzGbMb0445hRnGjGGmsVisOtYc64oNxXKwYmwxtgp7EHsSewU7jn2DI+J0cLY4X1w8TogrxFXgWnAncFdwE7gZvBLeEO+MD8Xz8MvxZfhGfA9+CD+OnyEoE4wJroRIQiphLaGS0EY4S7hLeEEkEvWITsRwooC4hlhJPEQ8TxwlviVRSGYkNimBJCFtIe0nnSLdIr0gk8lGZA9yPFlM3kJuJp8h3ye/UaAqWCoEKPAUVivUKHQqXFF4pohXNFT0VFysmK9YoXhEcUjxqRJeyUiJrcRRWqVUo3RU6YbStDJV2UY5VDlDebNyi/IF5UcULMWI4kPhUYoo+yhnKGNUhKpPZVO51HXURupZ6jgNQzOmBdBSaaW0b2iDtCkVioqdSrRKnkqNynEVKR2hG9ED6On0Mvph+nX6O1UtVU9Vvuom1TbVK6qv1eaoeajx1UrU2tVG1N6pM9R91NPUt6l3qd/TQGmYaYRr5Grs0Tir8XQObY7LHO6ckjmH59zWhDXNNCM0V2ju0xzQnNbS1vLTytKq0jqj9VSbru2hnaq9Q/uE9qQOVcdNR6CzQ+ekzmOGCsOTkc6oZPQxpnQ1df11Jbr1uoO6M3rGelF6hXrtevf0Cfos/ST9Hfq9+lMGOgYhBgUGrQa3DfGGLMMUw12G/YavjYyNYow2GHUZPTJWMw4wzjduNb5rQjZxN1lm0mByzRRjyjJNM91tetkMNrM3SzGrMRsyh80dzAXmu82HLdAWThZCiwaLG0wS05OZw2xljlrSLYMtCy27LJ9ZGVjFW22z6rf6aG1vnW7daH3HhmITaFNo02Pzq62ZLde2xvbaXPJc37mr53bPfW5nbse322N3055qH2K/wb7X/oODo4PIoc1h0tHAMdGx1vEGi8YKY21mnXdCO3k5rXY65vTW2cFZ7HzY+RcXpkuaS4vLo3nG8/jzGueNueq5clzrXaVuDLdEt71uUnddd457g/sDD30PnkeTx4SnqWeq50HPZ17WXiKvDq/XbGf2SvYpb8Tbz7vEe9CH4hPlU+1z31fPN9m31XfKz95vhd8pf7R/kP82/xsBWgHcgOaAqUDHwJWBfUGkoAVB1UEPgs2CRcE9IXBIYMj2kLvzDecL53eFgtCA0O2h98KMw5aFfR+OCQ8Lrwl/GGETURDRv4C6YMmClgWvIr0iyyLvRJlESaJ6oxWjE6Kbo1/HeMeUx0hjrWJXxl6K04gTxHXHY+Oj45vipxf6LNy5cDzBPqE44foi40V5iy4s1licvvj4EsUlnCVHEtGJMYktie85oZwGzvTSgKW1S6e4bO4u7hOeB28Hb5Lvyi/nTyS5JpUnPUp2Td6ePJninlKR8lTAFlQLnqf6p9alvk4LTduf9ik9Jr09A5eRmHFUSBGmCfsytTPzMoezzLOKs6TLnJftXDYlChI1ZUPZi7K7xTTZz9SAxESyXjKa45ZTk/MmNzr3SJ5ynjBvYLnZ8k3LJ/J9879egVrBXdFboFuwtmB0pefK+lXQqqWrelfrry5aPb7Gb82BtYS1aWt/KLQuLC98uS5mXU+RVtGaorH1futbixWKRcU3NrhsqNuI2ijYOLhp7qaqTR9LeCUXS61LK0rfb+ZuvviVzVeVX33akrRlsMyhbM9WzFbh1uvb3LcdKFcuzy8f2x6yvXMHY0fJjpc7l+y8UGFXUbeLsEuyS1oZXNldZVC1tep9dUr1SI1XTXutZu2m2te7ebuv7PHY01anVVda926vYO/Ner/6zgajhop9mH05+x42Rjf2f836urlJo6m06cN+4X7pgYgDfc2Ozc0tmi1lrXCrpHXyYMLBy994f9Pdxmyrb6e3lx4ChySHHn+b+O31w0GHe4+wjrR9Z/hdbQe1o6QT6lzeOdWV0iXtjusePhp4tLfHpafje8vv9x/TPVZzXOV42QnCiaITn07mn5w+lXXq6enk02O9S3rvnIk9c60vvG/wbNDZ8+d8z53p9+w/ed71/LELzheOXmRd7LrkcKlzwH6g4wf7HzoGHQY7hxyHui87Xe4Znjd84or7ldNXva+euxZw7dLI/JHh61HXb95IuCG9ybv56Fb6ree3c27P3FlzF3235J7SvYr7mvcbfjT9sV3qID0+6j068GDBgztj3LEnP2X/9H686CH5YcWEzkTzI9tHxyZ9Jy8/Xvh4/EnWk5mnxT8r/1z7zOTZd794/DIwFTs1/lz0/NOvm1+ov9j/0u5l73TY9P1XGa9mXpe8UX9z4C3rbf+7mHcTM7nvse8rP5h+6PkY9PHup4xPn34D94Tz+49wZioAAAAJcEhZcwAALiMAAC4jAXilP3YAACAASURBVHic7N0JYBTl3T/w3++ZvZKQxMgliqJ4BMGQZHdms4JXudRatSoWRa211fr3qvaw59ta3r5v7W1tba1H6y1Qrbe1iuUVUEiyRxJTqGhFsZ4gonLk2p3n/zybYDkCZJOZeWZnfp827uaa+bLZY+a3z/N7ApxzIIT4i2EYExjAZxAwAcAPAcBy8UywXlx/OJlO32CaZk51RkIIIYQQQghRJaA6ACHEGQ2TJx+Ioci54up5GuLk/3wHt/33cPHfKfFYTFZQf6kkJCGEEEIIIYS4ABVLCPGw8ePHR0YNH34mB7wIw5Fp4kts77+FxwEVSwghhBBCCCE+RsUSQjyooa6uGgKhy0YNH3GB+HRfLOi3+Xp7UhFCCCGEEEJIcaBiCSEewRjT4rHYqRzwCgyGpsO2+TWFe9rKXIQQQgghhBBSbKhYQkiRq66urtinvPyLRky/Snw6frAVEokDrDYBHrEqGyGEEEIIIYQUIyqWEFKkotHoAUEWuKaqovJS8Wm5BZvcimbu/GQ63WPBtgghhBBCCCGkaFGxhJAio+v6kRqwb4aYNhcQQhZtdjM3c2c0pdMpi7ZHCCGEEEIIIUWLiiWEFIlYLFYbQO27AWSzIb+qzVAm3GyHw796eG52Op1us2aDhBBCCCGEEFLcqFhCiMvJIkmQafPEx2lgWYXkEw/mkF+cTqU/sni7hBBCCCGEEFK0qFhCiEvFYrGJAdSuCzLtbLC+SLLZ5HB1c6r5TxZvlxBCCCGEEEKKHhVLCHEZXdfHacB+GGTaBeJTzfo98Hbe03N2c2vrauu3TQghhBBC3Cqhx1OAUKY6hypd2R69paVli+ocpDhQsYQQlzAMY4TG8XsBZJeJT8N27IMDv/3ddeu+snbt2g47tk8IIYQQQlwM4QiwZhXFotTV1cVUZyDFg4olhChWXV0d3qei4ipZKBEvYPvYtJsODvzypmTyTpu2TwghhBBCCCGeQcUSQhSKx+KzqyoqfyKuHmp5V5L/eD3LzdmpVCpt2x4IIYQQQgghxEOoWEKIAg3RqIEs8EvG4Fh798Sfga1b56ZWrtxg734IIYQQQgghxDuoWEKIgxpqavbDSMnPUAucD9avcLMDzuEXyUz626Zp5uzcDyGEEEIIIYR4DRVLCHEAY0yLx2JXYKTkv8WnlTbvrpNz85KmVOpem/dDCCGEEEIIIZ5ExRJCbKbreiIe038vrtbbvjMOb+eQn5lMpZps3xchhBBCCCGEeBQVSzyAMYZ3vzBlJIZLxgYYH8sBR4mT5n0RYThwrBI/UgbIK8TXK8TXSxC5Bvm/Pcq/v1w+yxRn2Vlx2feBm8XlZg58KwLIdcg3iN/diBw+4AgbEMx3uk32ZidsfOeSaLJH3b/c3RKTJg2HkrIfB5BdDL23s704pLvN7OmZTOYt2/dFCCGEEEIIIR5GxZIiMW8eY0ecMuNgFjCP4hwnIOIh4svjxRnyofMzM8aK6+Hen8TeRhjbumF80hVj+6/31ypj16/hdl/b9mu9X2EQEqf+IagyF7bOek984TXxsYZzvkb8wBqe4//MfbBh5fkzW7YM6R9dxBp0/XwsLfu1uDrcmT3yB3IIX8hkMlud2R8hhBBCCCGEeBcVS1xo3oM1ocPG73eUxiAKHOoRMTbh9BmTxLeGyUIF7lDXsLVH6N7I0RJj+j6mYF8w1BDYyJGykPI659AOyDOmCRmNdWbm1C17W2VguzVMnnwghiO3ILKTHdolF//7UXMm/UPTNLlD+ySEEEIIIYQQT6NiiQvcsfzY8tJI+Ghg7FhxtnvchMPGxMWXI/lvKq2FDIkspIxHlKNf8HQtPwmlBBa2zvq3OLlfxjm8AMifX/3Y3/9x3XWmqTjrkMmpUPF6/VIMR34qPq1waLddAPxLjankfYP55YRhiN/DqNWhilouO7sxk1mpOobTxP2XxWN6CuSDlOyA57LnNmUyrapzOC1hxJOQL9CTPrl31r1nrF27tkN1EEIIIYQ4g4olCsxbMi0woZLFOeAMcbI6vbS05Gjx5aD8XvHWRgbsQPGPnIviQ/5rJ5w+4/2FrbMWA4e/92S7F51vPPea6oCFMgzj0Hgsdpu4+ikHd7shy80zUqnUssFugHN8u/fvQLbhjMkmvL4rlkSj0aPAiQbERQg17Thx4atiSSwW2z/INF11DnfhGSqUEEIIIf5CxRKH3Lxk2rB9KtgsBuzUCZWBU8WXhvugMDIQI8TH5wDhc8FgSI48+Yc4i38sB7nHX3nsuWY3jzqRo0mMWOwyDfDn4tNSB3f9Ku/pPiXV2rp6aJsxl4p/xTesieQRiEepjqBCgLMpfqjUDg7KYvZvVKdwknhu8...

      353 |
      354 |     await user.type(screen.getByLabelText(/cpf/i), '00000000000');
    > 355 |     await user.type(screen.getByLabelText(/senha/i), 'admin123');
          |                            ^
      356 |     await user.click(screen.getByRole('button', { name: /entrar/i }));
      357 |
      358 |     await waitFor(

      at Object.getElementError (node_modules/.pnpm/@testing-library+dom@10.4.1/node_modules/@testing-library/dom/dist/config.js:37:19)
      at getElementError (node_modules/.pnpm/@testing-library+dom@10.4.1/node_modules/@testing-library/dom/dist/query-helpers.js:20:35)
      at getMultipleElementsFoundError (node_modules/.pnpm/@testing-library+dom@10.4.1/node_modules/@testing-library/dom/dist/query-helpers.js:23:10)
      at node_modules/.pnpm/@testing-library+dom@10.4.1/node_modules/@testing-library/dom/dist/query-helpers.js:55:13
      at node_modules/.pnpm/@testing-library+dom@10.4.1/node_modules/@testing-library/dom/dist/query-helpers.js:95:19
      at Object.getByLabelText (__tests__/auth/login.test.tsx:355:28)

  ÔùÅ LoginPage ÔÇ║ deve limpar erros ao digitar novamente

    TestingLibraryElementError: Found multiple elements with the text of: /senha/i

    Here are the matching elements:

    Ignored nodes: comments, script, style
    <input
      class="mt-1 block w-full px-3 py-2 border border-gray-300 rounded-md shadow-sm focus:outline-none focus:ring-primary focus:border-primary text-base"
      id="senha"
      name="senha"
      placeholder="ÔÇóÔÇóÔÇóÔÇóÔÇóÔÇóÔÇóÔÇó"
      type="password"
      value=""
    />

    Ignored nodes: comments, script, style
    <input
      class="mt-1 block w-full px-3 py-2 border border-gray-300 rounded-md shadow-sm focus:outline-none focus:ring-primary focus:border-primary text-base"
      id="dataNascimento"
      maxlength="8"
      name="dataNascimento"
      placeholder="ddmmaaaa"
      type="text"
      value=""
    />

    (If this is intentional, then use the `*AllBy*` variant of the query (like `queryAllByText`, `getAllByText`, or `findAllByText`)).

    Ignored nodes: comments, script, style
    <body>
      <div>
        <div
          class="min-h-screen bg-gradient-to-br from-orange-50 to-orange-100 flex items-center justify-center p-2 sm:p-4"
        >
          <div
            class="bg-white rounded-lg shadow-xl p-4 sm:p-8 w-full max-w-md"
          >
            <div
              class="text-center mb-6 sm:mb-8"
            >
              <div
                class="flex flex-col items-center justify-center mb-4"
              >
                <div
                  class="w-32 h-32 flex items-center justify-center"
                >
                  <img
                    alt="QWork"
                    class="w-full h-full object-contain"
                    data-nimg="1"
                    decoding="async"
                    height="48"
                    src="data:image/png;base64,iVBORw0KGgoAAAANSUhEUgAABEsAAAGnCAYAAABPZtklAAAKN2lDQ1BzUkdCIElFQzYxOTY2LTIuMQAAeJydlndUU9kWh8+9N71QkhCKlNBraFICSA29SJEuKjEJEErAkAAiNkRUcERRkaYIMijggKNDkbEiioUBUbHrBBlE1HFwFBuWSWStGd+8ee/Nm98f935rn73P3Wfvfda6AJD8gwXCTFgJgAyhWBTh58WIjYtnYAcBDPAAA2wA4HCzs0IW+EYCmQJ82IxsmRP4F726DiD5+yrTP4zBAP+flLlZIjEAUJiM5/L42VwZF8k4PVecJbdPyZi2NE3OMErOIlmCMlaTc/IsW3z2mWUPOfMyhDwZy3PO4mXw5Nwn4405Er6MkWAZF+cI+LkyviZjg3RJhkDGb+SxGXxONgAoktwu5nNTZGwtY5IoMoIt43kA4EjJX/DSL1jMzxPLD8XOzFouEiSniBkmXFOGjZMTi+HPz03ni8XMMA43jSPiMdiZGVkc4XIAZs/8WRR5bRmyIjvYODk4MG0tbb4o1H9d/JuS93aWXoR/7hlEH/jD9ld+mQ0AsKZltdn6h21pFQBd6wFQu/2HzWAvAIqyvnUOfXEeunxeUsTiLGcrq9zcXEsBn2spL+jv+p8Of0NffM9Svt3v5WF485M4knQxQ143bmZ6pkTEyM7icPkM5p+H+B8H/nUeFhH8JL6IL5RFRMumTCBMlrVbyBOIBZlChkD4n5r4D8P+pNm5lona+BHQllgCpSEaQH4eACgqESAJe2Qr0O99C8ZHA/nNi9GZmJ37z4L+fVe4TP7IFiR/jmNHRDK4ElHO7Jr8WgI0IABFQAPqQBvoAxPABLbAEbgAD+ADAkEoiARxYDHgghSQAUQgFxSAtaAYlIKtYCeoBnWgETSDNnAYdIFj4DQ4By6By2AE3AFSMA6egCnwCsxAEISFyBAVUod0IEPIHLKFWJAb5AMFQxFQHJQIJUNCSAIVQOugUqgcqobqoWboW+godBq6AA1Dt6BRaBL6FXoHIzAJpsFasBFsBbNgTzgIjoQXwcnwMjgfLoK3wJVwA3wQ7oRPw5fgEVgKP4GnEYAQETqiizARFsJGQpF4JAkRIauQEqQCaUDakB6kH7mKSJGnyFsUBkVFMVBMlAvKHxWF4qKWoVahNqOqUQdQnag+1FXUKGoK9RFNRmuizdHO6AB0LDoZnYsuRlegm9Ad6LPoEfQ4+hUGg6FjjDGOGH9MHCYVswKzGbMb0445hRnGjGGmsVisOtYc64oNxXKwYmwxtgp7EHsSewU7jn2DI+J0cLY4X1w8TogrxFXgWnAncFdwE7gZvBLeEO+MD8Xz8MvxZfhGfA9+CD+OnyEoE4wJroRIQiphLaGS0EY4S7hLeEEkEvWITsRwooC4hlhJPEQ8TxwlviVRSGYkNimBJCFtIe0nnSLdIr0gk8lGZA9yPFlM3kJuJp8h3ye/UaAqWCoEKPAUVivUKHQqXFF4pohXNFT0VFysmK9YoXhEcUjxqRJeyUiJrcRRWqVUo3RU6YbStDJV2UY5VDlDebNyi/IF5UcULMWI4kPhUYoo+yhnKGNUhKpPZVO51HXURupZ6jgNQzOmBdBSaaW0b2iDtCkVioqdSrRKnkqNynEVKR2hG9ED6On0Mvph+nX6O1UtVU9Vvuom1TbVK6qv1eaoeajx1UrU2tVG1N6pM9R91NPUt6l3qd/TQGmYaYRr5Grs0Tir8XQObY7LHO6ckjmH59zWhDXNNCM0V2ju0xzQnNbS1vLTytKq0jqj9VSbru2hnaq9Q/uE9qQOVcdNR6CzQ+ekzmOGCsOTkc6oZPQxpnQ1df11Jbr1uoO6M3rGelF6hXrtevf0Cfos/ST9Hfq9+lMGOgYhBgUGrQa3DfGGLMMUw12G/YavjYyNYow2GHUZPTJWMw4wzjduNb5rQjZxN1lm0mByzRRjyjJNM91tetkMNrM3SzGrMRsyh80dzAXmu82HLdAWThZCiwaLG0wS05OZw2xljlrSLYMtCy27LJ9ZGVjFW22z6rf6aG1vnW7daH3HhmITaFNo02Pzq62ZLde2xvbaXPJc37mr53bPfW5nbse322N3055qH2K/wb7X/oODo4PIoc1h0tHAMdGx1vEGi8YKY21mnXdCO3k5rXY65vTW2cFZ7HzY+RcXpkuaS4vLo3nG8/jzGueNueq5clzrXaVuDLdEt71uUnddd457g/sDD30PnkeTx4SnqWeq50HPZ17WXiKvDq/XbGf2SvYpb8Tbz7vEe9CH4hPlU+1z31fPN9m31XfKz95vhd8pf7R/kP82/xsBWgHcgOaAqUDHwJWBfUGkoAVB1UEPgs2CRcE9IXBIYMj2kLvzDecL53eFgtCA0O2h98KMw5aFfR+OCQ8Lrwl/GGETURDRv4C6YMmClgWvIr0iyyLvRJlESaJ6oxWjE6Kbo1/HeMeUx0hjrWJXxl6K04gTxHXHY+Oj45vipxf6LNy5cDzBPqE44foi40V5iy4s1licvvj4EsUlnCVHEtGJMYktie85oZwGzvTSgKW1S6e4bO4u7hOeB28Hb5Lvyi/nTyS5JpUnPUp2Td6ePJninlKR8lTAFlQLnqf6p9alvk4LTduf9ik9Jr09A5eRmHFUSBGmCfsytTPzMoezzLOKs6TLnJftXDYlChI1ZUPZi7K7xTTZz9SAxESyXjKa45ZTk/MmNzr3SJ5ynjBvYLnZ8k3LJ/J9879egVrBXdFboFuwtmB0pefK+lXQqqWrelfrry5aPb7Gb82BtYS1aWt/KLQuLC98uS5mXU+RVtGaorH1futbixWKRcU3NrhsqNuI2ijYOLhp7qaqTR9LeCUXS61LK0rfb+ZuvviVzVeVX33akrRlsMyhbM9WzFbh1uvb3LcdKFcuzy8f2x6yvXMHY0fJjpc7l+y8UGFXUbeLsEuyS1oZXNldZVC1tep9dUr1SI1XTXutZu2m2te7ebuv7PHY01anVVda926vYO/Ner/6zgajhop9mH05+x42Rjf2f836urlJo6m06cN+4X7pgYgDfc2Ozc0tmi1lrXCrpHXyYMLBy994f9Pdxmyrb6e3lx4ChySHHn+b+O31w0GHe4+wjrR9Z/hdbQe1o6QT6lzeOdWV0iXtjusePhp4tLfHpafje8vv9x/TPVZzXOV42QnCiaITn07mn5w+lXXq6enk02O9S3rvnIk9c60vvG/wbNDZ8+d8z53p9+w/ed71/LELzheOXmRd7LrkcKlzwH6g4wf7HzoGHQY7hxyHui87Xe4Znjd84or7ldNXva+euxZw7dLI/JHh61HXb95IuCG9ybv56Fb6ree3c27P3FlzF3235J7SvYr7mvcbfjT9sV3qID0+6j068GDBgztj3LEnP2X/9H686CH5YcWEzkTzI9tHxyZ9Jy8/Xvh4/EnWk5mnxT8r/1z7zOTZd794/DIwFTs1/lz0/NOvm1+ov9j/0u5l73TY9P1XGa9mXpe8UX9z4C3rbf+7mHcTM7nvse8rP5h+6PkY9PHup4xPn34D94Tz+49wZioAAAAJcEhZcwAALiMAAC4jAXilP3YAACAASURBVHic7N0JYBTl3T/w3++ZvZKQxMgliqJ4BMGQZHdms4JXudRatSoWRa211fr3qvaw59ta3r5v7W1tba1H6y1Qrbe1iuUVUEiyRxJTqGhFsZ4gonLk2p3n/zybYDkCZJOZeWZnfp827uaa+bLZY+a3z/N7ApxzIIT4i2EYExjAZxAwAcAPAcBy8UywXlx/OJlO32CaZk51RkIIIYQQQghRJaA6ACHEGQ2TJx+Ioci54up5GuLk/3wHt/33cPHfKfFYTFZQf6kkJCGEEEIIIYS4ABVLCPGw8ePHR0YNH34mB7wIw5Fp4kts77+FxwEVSwghhBBCCCE+RsUSQjyooa6uGgKhy0YNH3GB+HRfLOi3+Xp7UhFCCCGEEEJIcaBiCSEewRjT4rHYqRzwCgyGpsO2+TWFe9rKXIQQQgghhBBSbKhYQkiRq66urtinvPyLRky/Snw6frAVEokDrDYBHrEqGyGEEEIIIYQUIyqWEFKkotHoAUEWuKaqovJS8Wm5BZvcimbu/GQ63WPBtgghhBBCCCGkaFGxhJAio+v6kRqwb4aYNhcQQhZtdjM3c2c0pdMpi7ZHCCGEEEIIIUWLiiWEFIlYLFYbQO27AWSzIb+qzVAm3GyHw796eG52Op1us2aDhBBCCCGEEFLcqFhCiMvJIkmQafPEx2lgWYXkEw/mkF+cTqU/sni7hBBCCCGEEFK0qFhCiEvFYrGJAdSuCzLtbLC+SLLZ5HB1c6r5TxZvlxBCCCGEEEKKHhVLCHEZXdfHacB+GGTaBeJTzfo98Hbe03N2c2vrauu3TQghhBBC3Cqhx1OAUKY6hypd2R69paVli+ocpDhQsYQQlzAMY4TG8XsBZJeJT8N27IMDv/3ddeu+snbt2g47tk8IIYQQQlwM4QiwZhXFotTV1cVUZyDFg4olhChWXV0d3qei4ipZKBEvYPvYtJsODvzypmTyTpu2TwghhBBCCCGeQcUSQhSKx+KzqyoqfyKuHmp5V5L/eD3LzdmpVCpt2x4IIYQQQgghxEOoWEKIAg3RqIEs8EvG4Fh798Sfga1b56ZWrtxg734IIYQQQgghxDuoWEKIgxpqavbDSMnPUAucD9avcLMDzuEXyUz626Zp5uzcDyGEEEIIIYR4DRVLCHEAY0yLx2JXYKTkv8WnlTbvrpNz85KmVOpem/dDCCGEEEIIIZ5ExRJCbKbreiIe038vrtbbvjMOb+eQn5lMpZps3xchhBBCCCGEeBQVSzyAMYZ3vzBlJIZLxgYYH8sBR4mT5n0RYThwrBI/UgbIK8TXK8TXSxC5Bvm/Pcq/v1w+yxRn2Vlx2feBm8XlZg58KwLIdcg3iN/diBw+4AgbEMx3uk32ZidsfOeSaLJH3b/c3RKTJg2HkrIfB5BdDL23s704pLvN7OmZTOYt2/dFCCGEEEIIIR5GxZIiMW8eY0ecMuNgFjCP4hwnIOIh4svjxRnyofMzM8aK6+Hen8TeRhjbumF80hVj+6/31ypj16/hdl/b9mu9X2EQEqf+IagyF7bOek984TXxsYZzvkb8wBqe4//MfbBh5fkzW7YM6R9dxBp0/XwsLfu1uDrcmT3yB3IIX8hkMlud2R8hhBBCCCGEeBcVS1xo3oM1ocPG73eUxiAKHOoRMTbh9BmTxLeGyUIF7lDXsLVH6N7I0RJj+j6mYF8w1BDYyJGykPI659AOyDOmCRmNdWbm1C17W2VguzVMnnwghiO3ILKTHdolF//7UXMm/UPTNLlD+ySEEEIIIYQQT6NiiQvcsfzY8tJI+Ghg7FhxtnvchMPGxMWXI/lvKq2FDIkspIxHlKNf8HQtPwmlBBa2zvq3OLlfxjm8AMifX/3Y3/9x3XWmqTjrkMmpUPF6/VIMR34qPq1waLddAPxLjankfYP55YRhiN/DqNWhilouO7sxk1mpOobTxP2XxWN6CuSDlOyA57LnNmUyrapzOC1hxJOQL9CTPrl31r1nrF27tkN1EEIIIYQ4g4olCsxbMi0woZLFOeAMcbI6vbS05Gjx5aD8XvHWRgbsQPGPnIviQ/5rJ5w+4/2FrbMWA4e/92S7F51vPPea6oCFMgzj0Hgsdpu4+ikHd7shy80zUqnUssFugHN8u/fvQLbhjMkmvL4rlkSj0aPAiQbERQg17Thx4atiSSwW2z/INF11DnfhGSqUEEIIIf5CxRKH3Lxk2rB9KtgsBuzUCZWBU8WXhvugMDIQI8TH5wDhc8FgSI48+Yc4i38sB7nHX3nsuWY3jzqRo0mMWOwyDfDn4tNSB3f9Ku/pPiXV2rp6aJsxl4p/xTesieQRiEepjqBCgLMpfqjUDg7KYvZvVKdwknhu8...

      395 |     // Fazer login inv├ílido primeiro
      396 |     await user.type(screen.getByLabelText(/cpf/i), '99999999999');
    > 397 |     await user.type(screen.getByLabelText(/senha/i), 'senhaerrada');
          |                            ^
      398 |     await user.click(screen.getByRole('button', { name: /entrar/i }));
      399 |
      400 |     await waitFor(

      at Object.getElementError (node_modules/.pnpm/@testing-library+dom@10.4.1/node_modules/@testing-library/dom/dist/config.js:37:19)
      at getElementError (node_modules/.pnpm/@testing-library+dom@10.4.1/node_modules/@testing-library/dom/dist/query-helpers.js:20:35)
      at getMultipleElementsFoundError (node_modules/.pnpm/@testing-library+dom@10.4.1/node_modules/@testing-library/dom/dist/query-helpers.js:23:10)
      at node_modules/.pnpm/@testing-library+dom@10.4.1/node_modules/@testing-library/dom/dist/query-helpers.js:55:13
      at node_modules/.pnpm/@testing-library+dom@10.4.1/node_modules/@testing-library/dom/dist/query-helpers.js:95:19
      at Object.getByLabelText (__tests__/auth/login.test.tsx:397:28)

  ÔùÅ LoginPage ÔÇ║ deve aceitar Enter para submeter formul├írio

    TestingLibraryElementError: Found multiple elements with the text of: /senha/i

    Here are the matching elements:

    Ignored nodes: comments, script, style
    <input
      class="mt-1 block w-full px-3 py-2 border border-gray-300 rounded-md shadow-sm focus:outline-none focus:ring-primary focus:border-primary text-base"
      id="senha"
      name="senha"
      placeholder="ÔÇóÔÇóÔÇóÔÇóÔÇóÔÇóÔÇóÔÇó"
      type="password"
      value=""
    />

    Ignored nodes: comments, script, style
    <input
      class="mt-1 block w-full px-3 py-2 border border-gray-300 rounded-md shadow-sm focus:outline-none focus:ring-primary focus:border-primary text-base"
      id="dataNascimento"
      maxlength="8"
      name="dataNascimento"
      placeholder="ddmmaaaa"
      type="text"
      value=""
    />

    (If this is intentional, then use the `*AllBy*` variant of the query (like `queryAllByText`, `getAllByText`, or `findAllByText`)).

    Ignored nodes: comments, script, style
    <body>
      <div>
        <div
          class="min-h-screen bg-gradient-to-br from-orange-50 to-orange-100 flex items-center justify-center p-2 sm:p-4"
        >
          <div
            class="bg-white rounded-lg shadow-xl p-4 sm:p-8 w-full max-w-md"
          >
            <div
              class="text-center mb-6 sm:mb-8"
            >
              <div
                class="flex flex-col items-center justify-center mb-4"
              >
                <div
                  class="w-32 h-32 flex items-center justify-center"
                >
                  <img
                    alt="QWork"
                    class="w-full h-full object-contain"
                    data-nimg="1"
                    decoding="async"
                    height="48"
                    src="data:image/png;base64,iVBORw0KGgoAAAANSUhEUgAABEsAAAGnCAYAAABPZtklAAAKN2lDQ1BzUkdCIElFQzYxOTY2LTIuMQAAeJydlndUU9kWh8+9N71QkhCKlNBraFICSA29SJEuKjEJEErAkAAiNkRUcERRkaYIMijggKNDkbEiioUBUbHrBBlE1HFwFBuWSWStGd+8ee/Nm98f935rn73P3Wfvfda6AJD8gwXCTFgJgAyhWBTh58WIjYtnYAcBDPAAA2wA4HCzs0IW+EYCmQJ82IxsmRP4F726DiD5+yrTP4zBAP+flLlZIjEAUJiM5/L42VwZF8k4PVecJbdPyZi2NE3OMErOIlmCMlaTc/IsW3z2mWUPOfMyhDwZy3PO4mXw5Nwn4405Er6MkWAZF+cI+LkyviZjg3RJhkDGb+SxGXxONgAoktwu5nNTZGwtY5IoMoIt43kA4EjJX/DSL1jMzxPLD8XOzFouEiSniBkmXFOGjZMTi+HPz03ni8XMMA43jSPiMdiZGVkc4XIAZs/8WRR5bRmyIjvYODk4MG0tbb4o1H9d/JuS93aWXoR/7hlEH/jD9ld+mQ0AsKZltdn6h21pFQBd6wFQu/2HzWAvAIqyvnUOfXEeunxeUsTiLGcrq9zcXEsBn2spL+jv+p8Of0NffM9Svt3v5WF485M4knQxQ143bmZ6pkTEyM7icPkM5p+H+B8H/nUeFhH8JL6IL5RFRMumTCBMlrVbyBOIBZlChkD4n5r4D8P+pNm5lona+BHQllgCpSEaQH4eACgqESAJe2Qr0O99C8ZHA/nNi9GZmJ37z4L+fVe4TP7IFiR/jmNHRDK4ElHO7Jr8WgI0IABFQAPqQBvoAxPABLbAEbgAD+ADAkEoiARxYDHgghSQAUQgFxSAtaAYlIKtYCeoBnWgETSDNnAYdIFj4DQ4By6By2AE3AFSMA6egCnwCsxAEISFyBAVUod0IEPIHLKFWJAb5AMFQxFQHJQIJUNCSAIVQOugUqgcqobqoWboW+godBq6AA1Dt6BRaBL6FXoHIzAJpsFasBFsBbNgTzgIjoQXwcnwMjgfLoK3wJVwA3wQ7oRPw5fgEVgKP4GnEYAQETqiizARFsJGQpF4JAkRIauQEqQCaUDakB6kH7mKSJGnyFsUBkVFMVBMlAvKHxWF4qKWoVahNqOqUQdQnag+1FXUKGoK9RFNRmuizdHO6AB0LDoZnYsuRlegm9Ad6LPoEfQ4+hUGg6FjjDGOGH9MHCYVswKzGbMb0445hRnGjGGmsVisOtYc64oNxXKwYmwxtgp7EHsSewU7jn2DI+J0cLY4X1w8TogrxFXgWnAncFdwE7gZvBLeEO+MD8Xz8MvxZfhGfA9+CD+OnyEoE4wJroRIQiphLaGS0EY4S7hLeEEkEvWITsRwooC4hlhJPEQ8TxwlviVRSGYkNimBJCFtIe0nnSLdIr0gk8lGZA9yPFlM3kJuJp8h3ye/UaAqWCoEKPAUVivUKHQqXFF4pohXNFT0VFysmK9YoXhEcUjxqRJeyUiJrcRRWqVUo3RU6YbStDJV2UY5VDlDebNyi/IF5UcULMWI4kPhUYoo+yhnKGNUhKpPZVO51HXURupZ6jgNQzOmBdBSaaW0b2iDtCkVioqdSrRKnkqNynEVKR2hG9ED6On0Mvph+nX6O1UtVU9Vvuom1TbVK6qv1eaoeajx1UrU2tVG1N6pM9R91NPUt6l3qd/TQGmYaYRr5Grs0Tir8XQObY7LHO6ckjmH59zWhDXNNCM0V2ju0xzQnNbS1vLTytKq0jqj9VSbru2hnaq9Q/uE9qQOVcdNR6CzQ+ekzmOGCsOTkc6oZPQxpnQ1df11Jbr1uoO6M3rGelF6hXrtevf0Cfos/ST9Hfq9+lMGOgYhBgUGrQa3DfGGLMMUw12G/YavjYyNYow2GHUZPTJWMw4wzjduNb5rQjZxN1lm0mByzRRjyjJNM91tetkMNrM3SzGrMRsyh80dzAXmu82HLdAWThZCiwaLG0wS05OZw2xljlrSLYMtCy27LJ9ZGVjFW22z6rf6aG1vnW7daH3HhmITaFNo02Pzq62ZLde2xvbaXPJc37mr53bPfW5nbse322N3055qH2K/wb7X/oODo4PIoc1h0tHAMdGx1vEGi8YKY21mnXdCO3k5rXY65vTW2cFZ7HzY+RcXpkuaS4vLo3nG8/jzGueNueq5clzrXaVuDLdEt71uUnddd457g/sDD30PnkeTx4SnqWeq50HPZ17WXiKvDq/XbGf2SvYpb8Tbz7vEe9CH4hPlU+1z31fPN9m31XfKz95vhd8pf7R/kP82/xsBWgHcgOaAqUDHwJWBfUGkoAVB1UEPgs2CRcE9IXBIYMj2kLvzDecL53eFgtCA0O2h98KMw5aFfR+OCQ8Lrwl/GGETURDRv4C6YMmClgWvIr0iyyLvRJlESaJ6oxWjE6Kbo1/HeMeUx0hjrWJXxl6K04gTxHXHY+Oj45vipxf6LNy5cDzBPqE44foi40V5iy4s1licvvj4EsUlnCVHEtGJMYktie85oZwGzvTSgKW1S6e4bO4u7hOeB28Hb5Lvyi/nTyS5JpUnPUp2Td6ePJninlKR8lTAFlQLnqf6p9alvk4LTduf9ik9Jr09A5eRmHFUSBGmCfsytTPzMoezzLOKs6TLnJftXDYlChI1ZUPZi7K7xTTZz9SAxESyXjKa45ZTk/MmNzr3SJ5ynjBvYLnZ8k3LJ/J9879egVrBXdFboFuwtmB0pefK+lXQqqWrelfrry5aPb7Gb82BtYS1aWt/KLQuLC98uS5mXU+RVtGaorH1futbixWKRcU3NrhsqNuI2ijYOLhp7qaqTR9LeCUXS61LK0rfb+ZuvviVzVeVX33akrRlsMyhbM9WzFbh1uvb3LcdKFcuzy8f2x6yvXMHY0fJjpc7l+y8UGFXUbeLsEuyS1oZXNldZVC1tep9dUr1SI1XTXutZu2m2te7ebuv7PHY01anVVda926vYO/Ner/6zgajhop9mH05+x42Rjf2f836urlJo6m06cN+4X7pgYgDfc2Ozc0tmi1lrXCrpHXyYMLBy994f9Pdxmyrb6e3lx4ChySHHn+b+O31w0GHe4+wjrR9Z/hdbQe1o6QT6lzeOdWV0iXtjusePhp4tLfHpafje8vv9x/TPVZzXOV42QnCiaITn07mn5w+lXXq6enk02O9S3rvnIk9c60vvG/wbNDZ8+d8z53p9+w/ed71/LELzheOXmRd7LrkcKlzwH6g4wf7HzoGHQY7hxyHui87Xe4Znjd84or7ldNXva+euxZw7dLI/JHh61HXb95IuCG9ybv56Fb6ree3c27P3FlzF3235J7SvYr7mvcbfjT9sV3qID0+6j068GDBgztj3LEnP2X/9H686CH5YcWEzkTzI9tHxyZ9Jy8/Xvh4/EnWk5mnxT8r/1z7zOTZd794/DIwFTs1/lz0/NOvm1+ov9j/0u5l73TY9P1XGa9mXpe8UX9z4C3rbf+7mHcTM7nvse8rP5h+6PkY9PHup4xPn34D94Tz+49wZioAAAAJcEhZcwAALiMAAC4jAXilP3YAACAASURBVHic7N0JYBTl3T/w3++ZvZKQxMgliqJ4BMGQZHdms4JXudRatSoWRa211fr3qvaw59ta3r5v7W1tba1H6y1Qrbe1iuUVUEiyRxJTqGhFsZ4gonLk2p3n/zybYDkCZJOZeWZnfp827uaa+bLZY+a3z/N7ApxzIIT4i2EYExjAZxAwAcAPAcBy8UywXlx/OJlO32CaZk51RkIIIYQQQghRJaA6ACHEGQ2TJx+Ioci54up5GuLk/3wHt/33cPHfKfFYTFZQf6kkJCGEEEIIIYS4ABVLCPGw8ePHR0YNH34mB7wIw5Fp4kts77+FxwEVSwghhBBCCCE+RsUSQjyooa6uGgKhy0YNH3GB+HRfLOi3+Xp7UhFCCCGEEEJIcaBiCSEewRjT4rHYqRzwCgyGpsO2+TWFe9rKXIQQQgghhBBSbKhYQkiRq66urtinvPyLRky/Snw6frAVEokDrDYBHrEqGyGEEEIIIYQUIyqWEFKkotHoAUEWuKaqovJS8Wm5BZvcimbu/GQ63WPBtgghhBBCCCGkaFGxhJAio+v6kRqwb4aYNhcQQhZtdjM3c2c0pdMpi7ZHCCGEEEIIIUWLiiWEFIlYLFYbQO27AWSzIb+qzVAm3GyHw796eG52Op1us2aDhBBCCCGEEFLcqFhCiMvJIkmQafPEx2lgWYXkEw/mkF+cTqU/sni7hBBCCCGEEFK0qFhCiEvFYrGJAdSuCzLtbLC+SLLZ5HB1c6r5TxZvlxBCCCGEEEKKHhVLCHEZXdfHacB+GGTaBeJTzfo98Hbe03N2c2vrauu3TQghhBBC3Cqhx1OAUKY6hypd2R69paVli+ocpDhQsYQQlzAMY4TG8XsBZJeJT8N27IMDv/3ddeu+snbt2g47tk8IIYQQQlwM4QiwZhXFotTV1cVUZyDFg4olhChWXV0d3qei4ipZKBEvYPvYtJsODvzypmTyTpu2TwghhBBCCCGeQcUSQhSKx+KzqyoqfyKuHmp5V5L/eD3LzdmpVCpt2x4IIYQQQgghxEOoWEKIAg3RqIEs8EvG4Fh798Sfga1b56ZWrtxg734IIYQQQgghxDuoWEKIgxpqavbDSMnPUAucD9avcLMDzuEXyUz626Zp5uzcDyGEEEIIIYR4DRVLCHEAY0yLx2JXYKTkv8WnlTbvrpNz85KmVOpem/dDCCGEEEIIIZ5ExRJCbKbreiIe038vrtbbvjMOb+eQn5lMpZps3xchhBBCCCGEeBQVSzyAMYZ3vzBlJIZLxgYYH8sBR4mT5n0RYThwrBI/UgbIK8TXK8TXSxC5Bvm/Pcq/v1w+yxRn2Vlx2feBm8XlZg58KwLIdcg3iN/diBw+4AgbEMx3uk32ZidsfOeSaLJH3b/c3RKTJg2HkrIfB5BdDL23s704pLvN7OmZTOYt2/dFCCGEEEIIIR5GxZIiMW8eY0ecMuNgFjCP4hwnIOIh4svjxRnyofMzM8aK6+Hen8TeRhjbumF80hVj+6/31ypj16/hdl/b9mu9X2EQEqf+IagyF7bOek984TXxsYZzvkb8wBqe4//MfbBh5fkzW7YM6R9dxBp0/XwsLfu1uDrcmT3yB3IIX8hkMlud2R8hhBBCCCGEeBcVS1xo3oM1ocPG73eUxiAKHOoRMTbh9BmTxLeGyUIF7lDXsLVH6N7I0RJj+j6mYF8w1BDYyJGykPI659AOyDOmCRmNdWbm1C17W2VguzVMnnwghiO3ILKTHdolF//7UXMm/UPTNLlD+ySEEEIIIYQQT6NiiQvcsfzY8tJI+Ghg7FhxtnvchMPGxMWXI/lvKq2FDIkspIxHlKNf8HQtPwmlBBa2zvq3OLlfxjm8AMifX/3Y3/9x3XWmqTjrkMmpUPF6/VIMR34qPq1waLddAPxLjankfYP55YRhiN/DqNWhilouO7sxk1mpOobTxP2XxWN6CuSDlOyA57LnNmUyrapzOC1hxJOQL9CTPrl31r1nrF27tkN1EEIIIYQ4g4olCsxbMi0woZLFOeAMcbI6vbS05Gjx5aD8XvHWRgbsQPGPnIviQ/5rJ5w+4/2FrbMWA4e/92S7F51vPPea6oCFMgzj0Hgsdpu4+ikHd7shy80zUqnUssFugHN8u/fvQLbhjMkmvL4rlkSj0aPAiQbERQg17Thx4atiSSwW2z/INF11DnfhGSqUEEIIIf5CxRKH3Lxk2rB9KtgsBuzUCZWBU8WXhvugMDIQI8TH5wDhc8FgSI48+Yc4i38sB7nHX3nsuWY3jzqRo0mMWOwyDfDn4tNSB3f9Ku/pPiXV2rp6aJsxl4p/xTesieQRiEepjqBCgLMpfqjUDg7KYvZvVKdwknhu8...

      444 |
      445 |     await user.type(screen.getByLabelText(/cpf/i), '00000000000');
    > 446 |     await user.type(screen.getByLabelText(/senha/i), 'admin123');
          |                            ^
      447 |
      448 |     // Pressionar Enter no campo senha
      449 |     await user.keyboard('{Enter}');

      at Object.getElementError (node_modules/.pnpm/@testing-library+dom@10.4.1/node_modules/@testing-library/dom/dist/config.js:37:19)
      at getElementError (node_modules/.pnpm/@testing-library+dom@10.4.1/node_modules/@testing-library/dom/dist/query-helpers.js:20:35)
      at getMultipleElementsFoundError (node_modules/.pnpm/@testing-library+dom@10.4.1/node_modules/@testing-library/dom/dist/query-helpers.js:23:10)
      at node_modules/.pnpm/@testing-library+dom@10.4.1/node_modules/@testing-library/dom/dist/query-helpers.js:55:13
      at node_modules/.pnpm/@testing-library+dom@10.4.1/node_modules/@testing-library/dom/dist/query-helpers.js:95:19
      at Object.getByLabelText (__tests__/auth/login.test.tsx:446:28)

  ÔùÅ LoginPage ÔÇ║ deve redirecionar admin para /admin

    TestingLibraryElementError: Found multiple elements with the text of: /senha/i

    Here are the matching elements:

    Ignored nodes: comments, script, style
    <input
      class="mt-1 block w-full px-3 py-2 border border-gray-300 rounded-md shadow-sm focus:outline-none focus:ring-primary focus:border-primary text-base"
      id="senha"
      name="senha"
      placeholder="ÔÇóÔÇóÔÇóÔÇóÔÇóÔÇóÔÇóÔÇó"
      type="password"
      value=""
    />

    Ignored nodes: comments, script, style
    <input
      class="mt-1 block w-full px-3 py-2 border border-gray-300 rounded-md shadow-sm focus:outline-none focus:ring-primary focus:border-primary text-base"
      id="dataNascimento"
      maxlength="8"
      name="dataNascimento"
      placeholder="ddmmaaaa"
      type="text"
      value=""
    />

    (If this is intentional, then use the `*AllBy*` variant of the query (like `queryAllByText`, `getAllByText`, or `findAllByText`)).

    Ignored nodes: comments, script, style
    <body>
      <div>
        <div
          class="min-h-screen bg-gradient-to-br from-orange-50 to-orange-100 flex items-center justify-center p-2 sm:p-4"
        >
          <div
            class="bg-white rounded-lg shadow-xl p-4 sm:p-8 w-full max-w-md"
          >
            <div
              class="text-center mb-6 sm:mb-8"
            >
              <div
                class="flex flex-col items-center justify-center mb-4"
              >
                <div
                  class="w-32 h-32 flex items-center justify-center"
                >
                  <img
                    alt="QWork"
                    class="w-full h-full object-contain"
                    data-nimg="1"
                    decoding="async"
                    height="48"
                    src="data:image/png;base64,iVBORw0KGgoAAAANSUhEUgAABEsAAAGnCAYAAABPZtklAAAKN2lDQ1BzUkdCIElFQzYxOTY2LTIuMQAAeJydlndUU9kWh8+9N71QkhCKlNBraFICSA29SJEuKjEJEErAkAAiNkRUcERRkaYIMijggKNDkbEiioUBUbHrBBlE1HFwFBuWSWStGd+8ee/Nm98f935rn73P3Wfvfda6AJD8gwXCTFgJgAyhWBTh58WIjYtnYAcBDPAAA2wA4HCzs0IW+EYCmQJ82IxsmRP4F726DiD5+yrTP4zBAP+flLlZIjEAUJiM5/L42VwZF8k4PVecJbdPyZi2NE3OMErOIlmCMlaTc/IsW3z2mWUPOfMyhDwZy3PO4mXw5Nwn4405Er6MkWAZF+cI+LkyviZjg3RJhkDGb+SxGXxONgAoktwu5nNTZGwtY5IoMoIt43kA4EjJX/DSL1jMzxPLD8XOzFouEiSniBkmXFOGjZMTi+HPz03ni8XMMA43jSPiMdiZGVkc4XIAZs/8WRR5bRmyIjvYODk4MG0tbb4o1H9d/JuS93aWXoR/7hlEH/jD9ld+mQ0AsKZltdn6h21pFQBd6wFQu/2HzWAvAIqyvnUOfXEeunxeUsTiLGcrq9zcXEsBn2spL+jv+p8Of0NffM9Svt3v5WF485M4knQxQ143bmZ6pkTEyM7icPkM5p+H+B8H/nUeFhH8JL6IL5RFRMumTCBMlrVbyBOIBZlChkD4n5r4D8P+pNm5lona+BHQllgCpSEaQH4eACgqESAJe2Qr0O99C8ZHA/nNi9GZmJ37z4L+fVe4TP7IFiR/jmNHRDK4ElHO7Jr8WgI0IABFQAPqQBvoAxPABLbAEbgAD+ADAkEoiARxYDHgghSQAUQgFxSAtaAYlIKtYCeoBnWgETSDNnAYdIFj4DQ4By6By2AE3AFSMA6egCnwCsxAEISFyBAVUod0IEPIHLKFWJAb5AMFQxFQHJQIJUNCSAIVQOugUqgcqobqoWboW+godBq6AA1Dt6BRaBL6FXoHIzAJpsFasBFsBbNgTzgIjoQXwcnwMjgfLoK3wJVwA3wQ7oRPw5fgEVgKP4GnEYAQETqiizARFsJGQpF4JAkRIauQEqQCaUDakB6kH7mKSJGnyFsUBkVFMVBMlAvKHxWF4qKWoVahNqOqUQdQnag+1FXUKGoK9RFNRmuizdHO6AB0LDoZnYsuRlegm9Ad6LPoEfQ4+hUGg6FjjDGOGH9MHCYVswKzGbMb0445hRnGjGGmsVisOtYc64oNxXKwYmwxtgp7EHsSewU7jn2DI+J0cLY4X1w8TogrxFXgWnAncFdwE7gZvBLeEO+MD8Xz8MvxZfhGfA9+CD+OnyEoE4wJroRIQiphLaGS0EY4S7hLeEEkEvWITsRwooC4hlhJPEQ8TxwlviVRSGYkNimBJCFtIe0nnSLdIr0gk8lGZA9yPFlM3kJuJp8h3ye/UaAqWCoEKPAUVivUKHQqXFF4pohXNFT0VFysmK9YoXhEcUjxqRJeyUiJrcRRWqVUo3RU6YbStDJV2UY5VDlDebNyi/IF5UcULMWI4kPhUYoo+yhnKGNUhKpPZVO51HXURupZ6jgNQzOmBdBSaaW0b2iDtCkVioqdSrRKnkqNynEVKR2hG9ED6On0Mvph+nX6O1UtVU9Vvuom1TbVK6qv1eaoeajx1UrU2tVG1N6pM9R91NPUt6l3qd/TQGmYaYRr5Grs0Tir8XQObY7LHO6ckjmH59zWhDXNNCM0V2ju0xzQnNbS1vLTytKq0jqj9VSbru2hnaq9Q/uE9qQOVcdNR6CzQ+ekzmOGCsOTkc6oZPQxpnQ1df11Jbr1uoO6M3rGelF6hXrtevf0Cfos/ST9Hfq9+lMGOgYhBgUGrQa3DfGGLMMUw12G/YavjYyNYow2GHUZPTJWMw4wzjduNb5rQjZxN1lm0mByzRRjyjJNM91tetkMNrM3SzGrMRsyh80dzAXmu82HLdAWThZCiwaLG0wS05OZw2xljlrSLYMtCy27LJ9ZGVjFW22z6rf6aG1vnW7daH3HhmITaFNo02Pzq62ZLde2xvbaXPJc37mr53bPfW5nbse322N3055qH2K/wb7X/oODo4PIoc1h0tHAMdGx1vEGi8YKY21mnXdCO3k5rXY65vTW2cFZ7HzY+RcXpkuaS4vLo3nG8/jzGueNueq5clzrXaVuDLdEt71uUnddd457g/sDD30PnkeTx4SnqWeq50HPZ17WXiKvDq/XbGf2SvYpb8Tbz7vEe9CH4hPlU+1z31fPN9m31XfKz95vhd8pf7R/kP82/xsBWgHcgOaAqUDHwJWBfUGkoAVB1UEPgs2CRcE9IXBIYMj2kLvzDecL53eFgtCA0O2h98KMw5aFfR+OCQ8Lrwl/GGETURDRv4C6YMmClgWvIr0iyyLvRJlESaJ6oxWjE6Kbo1/HeMeUx0hjrWJXxl6K04gTxHXHY+Oj45vipxf6LNy5cDzBPqE44foi40V5iy4s1licvvj4EsUlnCVHEtGJMYktie85oZwGzvTSgKW1S6e4bO4u7hOeB28Hb5Lvyi/nTyS5JpUnPUp2Td6ePJninlKR8lTAFlQLnqf6p9alvk4LTduf9ik9Jr09A5eRmHFUSBGmCfsytTPzMoezzLOKs6TLnJftXDYlChI1ZUPZi7K7xTTZz9SAxESyXjKa45ZTk/MmNzr3SJ5ynjBvYLnZ8k3LJ/J9879egVrBXdFboFuwtmB0pefK+lXQqqWrelfrry5aPb7Gb82BtYS1aWt/KLQuLC98uS5mXU+RVtGaorH1futbixWKRcU3NrhsqNuI2ijYOLhp7qaqTR9LeCUXS61LK0rfb+ZuvviVzVeVX33akrRlsMyhbM9WzFbh1uvb3LcdKFcuzy8f2x6yvXMHY0fJjpc7l+y8UGFXUbeLsEuyS1oZXNldZVC1tep9dUr1SI1XTXutZu2m2te7ebuv7PHY01anVVda926vYO/Ner/6zgajhop9mH05+x42Rjf2f836urlJo6m06cN+4X7pgYgDfc2Ozc0tmi1lrXCrpHXyYMLBy994f9Pdxmyrb6e3lx4ChySHHn+b+O31w0GHe4+wjrR9Z/hdbQe1o6QT6lzeOdWV0iXtjusePhp4tLfHpafje8vv9x/TPVZzXOV42QnCiaITn07mn5w+lXXq6enk02O9S3rvnIk9c60vvG/wbNDZ8+d8z53p9+w/ed71/LELzheOXmRd7LrkcKlzwH6g4wf7HzoGHQY7hxyHui87Xe4Znjd84or7ldNXva+euxZw7dLI/JHh61HXb95IuCG9ybv56Fb6ree3c27P3FlzF3235J7SvYr7mvcbfjT9sV3qID0+6j068GDBgztj3LEnP2X/9H686CH5YcWEzkTzI9tHxyZ9Jy8/Xvh4/EnWk5mnxT8r/1z7zOTZd794/DIwFTs1/lz0/NOvm1+ov9j/0u5l73TY9P1XGa9mXpe8UX9z4C3rbf+7mHcTM7nvse8rP5h+6PkY9PHup4xPn34D94Tz+49wZioAAAAJcEhZcwAALiMAAC4jAXilP3YAACAASURBVHic7N0JYBTl3T/w3++ZvZKQxMgliqJ4BMGQZHdms4JXudRatSoWRa211fr3qvaw59ta3r5v7W1tba1H6y1Qrbe1iuUVUEiyRxJTqGhFsZ4gonLk2p3n/zybYDkCZJOZeWZnfp827uaa+bLZY+a3z/N7ApxzIIT4i2EYExjAZxAwAcAPAcBy8UywXlx/OJlO32CaZk51RkIIIYQQQghRJaA6ACHEGQ2TJx+Ioci54up5GuLk/3wHt/33cPHfKfFYTFZQf6kkJCGEEEIIIYS4ABVLCPGw8ePHR0YNH34mB7wIw5Fp4kts77+FxwEVSwghhBBCCCE+RsUSQjyooa6uGgKhy0YNH3GB+HRfLOi3+Xp7UhFCCCGEEEJIcaBiCSEewRjT4rHYqRzwCgyGpsO2+TWFe9rKXIQQQgghhBBSbKhYQkiRq66urtinvPyLRky/Snw6frAVEokDrDYBHrEqGyGEEEIIIYQUIyqWEFKkotHoAUEWuKaqovJS8Wm5BZvcimbu/GQ63WPBtgghhBBCCCGkaFGxhJAio+v6kRqwb4aYNhcQQhZtdjM3c2c0pdMpi7ZHCCGEEEIIIUWLiiWEFIlYLFYbQO27AWSzIb+qzVAm3GyHw796eG52Op1us2aDhBBCCCGEEFLcqFhCiMvJIkmQafPEx2lgWYXkEw/mkF+cTqU/sni7hBBCCCGEEFK0qFhCiEvFYrGJAdSuCzLtbLC+SLLZ5HB1c6r5TxZvlxBCCCGEEEKKHhVLCHEZXdfHacB+GGTaBeJTzfo98Hbe03N2c2vrauu3TQghhBBC3Cqhx1OAUKY6hypd2R69paVli+ocpDhQsYQQlzAMY4TG8XsBZJeJT8N27IMDv/3ddeu+snbt2g47tk8IIYQQQlwM4QiwZhXFotTV1cVUZyDFg4olhChWXV0d3qei4ipZKBEvYPvYtJsODvzypmTyTpu2TwghhBBCCCGeQcUSQhSKx+KzqyoqfyKuHmp5V5L/eD3LzdmpVCpt2x4IIYQQQgghxEOoWEKIAg3RqIEs8EvG4Fh798Sfga1b56ZWrtxg734IIYQQQgghxDuoWEKIgxpqavbDSMnPUAucD9avcLMDzuEXyUz626Zp5uzcDyGEEEIIIYR4DRVLCHEAY0yLx2JXYKTkv8WnlTbvrpNz85KmVOpem/dDCCGEEEIIIZ5ExRJCbKbreiIe038vrtbbvjMOb+eQn5lMpZps3xchhBBCCCGEeBQVSzyAMYZ3vzBlJIZLxgYYH8sBR4mT5n0RYThwrBI/UgbIK8TXK8TXSxC5Bvm/Pcq/v1w+yxRn2Vlx2feBm8XlZg58KwLIdcg3iN/diBw+4AgbEMx3uk32ZidsfOeSaLJH3b/c3RKTJg2HkrIfB5BdDL23s704pLvN7OmZTOYt2/dFCCGEEEIIIR5GxZIiMW8eY0ecMuNgFjCP4hwnIOIh4svjxRnyofMzM8aK6+Hen8TeRhjbumF80hVj+6/31ypj16/hdl/b9mu9X2EQEqf+IagyF7bOek984TXxsYZzvkb8wBqe4//MfbBh5fkzW7YM6R9dxBp0/XwsLfu1uDrcmT3yB3IIX8hkMlud2R8hhBBCCCGEeBcVS1xo3oM1ocPG73eUxiAKHOoRMTbh9BmTxLeGyUIF7lDXsLVH6N7I0RJj+j6mYF8w1BDYyJGykPI659AOyDOmCRmNdWbm1C17W2VguzVMnnwghiO3ILKTHdolF//7UXMm/UPTNLlD+ySEEEIIIYQQT6NiiQvcsfzY8tJI+Ghg7FhxtnvchMPGxMWXI/lvKq2FDIkspIxHlKNf8HQtPwmlBBa2zvq3OLlfxjm8AMifX/3Y3/9x3XWmqTjrkMmpUPF6/VIMR34qPq1waLddAPxLjankfYP55YRhiN/DqNWhilouO7sxk1mpOobTxP2XxWN6CuSDlOyA57LnNmUyrapzOC1hxJOQL9CTPrl31r1nrF27tkN1EEIIIYQ4g4olCsxbMi0woZLFOeAMcbI6vbS05Gjx5aD8XvHWRgbsQPGPnIviQ/5rJ5w+4/2FrbMWA4e/92S7F51vPPea6oCFMgzj0Hgsdpu4+ikHd7shy80zUqnUssFugHN8u/fvQLbhjMkmvL4rlkSj0aPAiQbERQg17Thx4atiSSwW2z/INF11DnfhGSqUEEIIIf5CxRKH3Lxk2rB9KtgsBuzUCZWBU8WXhvugMDIQI8TH5wDhc8FgSI48+Yc4i38sB7nHX3nsuWY3jzqRo0mMWOwyDfDn4tNSB3f9Ku/pPiXV2rp6aJsxl4p/xTesieQRiEepjqBCgLMpfqjUDg7KYvZvVKdwknhu8...

      503 |
      504 |       await user.type(screen.getByLabelText(/cpf/i), cpf);
    > 505 |       await user.type(screen.getByLabelText(/senha/i), 'test123');
          |                              ^
      506 |       const buttons = screen.getAllByRole('button');
      507 |       const submitButton =
      508 |         buttons.find((button) => !(button as HTMLButtonElement).disabled) ||

      at Object.getElementError (node_modules/.pnpm/@testing-library+dom@10.4.1/node_modules/@testing-library/dom/dist/config.js:37:19)
      at getElementError (node_modules/.pnpm/@testing-library+dom@10.4.1/node_modules/@testing-library/dom/dist/query-helpers.js:20:35)
      at getMultipleElementsFoundError (node_modules/.pnpm/@testing-library+dom@10.4.1/node_modules/@testing-library/dom/dist/query-helpers.js:23:10)
      at node_modules/.pnpm/@testing-library+dom@10.4.1/node_modules/@testing-library/dom/dist/query-helpers.js:55:13
      at node_modules/.pnpm/@testing-library+dom@10.4.1/node_modules/@testing-library/dom/dist/query-helpers.js:95:19
      at getByLabelText (__tests__/auth/login.test.tsx:505:30)

  ÔùÅ LoginPage ÔÇ║ deve redirecionar rh para /rh

    TestingLibraryElementError: Found multiple elements with the text of: /senha/i

    Here are the matching elements:

    Ignored nodes: comments, script, style
    <input
      class="mt-1 block w-full px-3 py-2 border border-gray-300 rounded-md shadow-sm focus:outline-none focus:ring-primary focus:border-primary text-base"
      id="senha"
      name="senha"
      placeholder="ÔÇóÔÇóÔÇóÔÇóÔÇóÔÇóÔÇóÔÇó"
      type="password"
      value=""
    />

    Ignored nodes: comments, script, style
    <input
      class="mt-1 block w-full px-3 py-2 border border-gray-300 rounded-md shadow-sm focus:outline-none focus:ring-primary focus:border-primary text-base"
      id="dataNascimento"
      maxlength="8"
      name="dataNascimento"
      placeholder="ddmmaaaa"
      type="text"
      value=""
    />

    (If this is intentional, then use the `*AllBy*` variant of the query (like `queryAllByText`, `getAllByText`, or `findAllByText`)).

    Ignored nodes: comments, script, style
    <body>
      <div>
        <div
          class="min-h-screen bg-gradient-to-br from-orange-50 to-orange-100 flex items-center justify-center p-2 sm:p-4"
        >
          <div
            class="bg-white rounded-lg shadow-xl p-4 sm:p-8 w-full max-w-md"
          >
            <div
              class="text-center mb-6 sm:mb-8"
            >
              <div
                class="flex flex-col items-center justify-center mb-4"
              >
                <div
                  class="w-32 h-32 flex items-center justify-center"
                >
                  <img
                    alt="QWork"
                    class="w-full h-full object-contain"
                    data-nimg="1"
                    decoding="async"
                    height="48"
                    src="data:image/png;base64,iVBORw0KGgoAAAANSUhEUgAABEsAAAGnCAYAAABPZtklAAAKN2lDQ1BzUkdCIElFQzYxOTY2LTIuMQAAeJydlndUU9kWh8+9N71QkhCKlNBraFICSA29SJEuKjEJEErAkAAiNkRUcERRkaYIMijggKNDkbEiioUBUbHrBBlE1HFwFBuWSWStGd+8ee/Nm98f935rn73P3Wfvfda6AJD8gwXCTFgJgAyhWBTh58WIjYtnYAcBDPAAA2wA4HCzs0IW+EYCmQJ82IxsmRP4F726DiD5+yrTP4zBAP+flLlZIjEAUJiM5/L42VwZF8k4PVecJbdPyZi2NE3OMErOIlmCMlaTc/IsW3z2mWUPOfMyhDwZy3PO4mXw5Nwn4405Er6MkWAZF+cI+LkyviZjg3RJhkDGb+SxGXxONgAoktwu5nNTZGwtY5IoMoIt43kA4EjJX/DSL1jMzxPLD8XOzFouEiSniBkmXFOGjZMTi+HPz03ni8XMMA43jSPiMdiZGVkc4XIAZs/8WRR5bRmyIjvYODk4MG0tbb4o1H9d/JuS93aWXoR/7hlEH/jD9ld+mQ0AsKZltdn6h21pFQBd6wFQu/2HzWAvAIqyvnUOfXEeunxeUsTiLGcrq9zcXEsBn2spL+jv+p8Of0NffM9Svt3v5WF485M4knQxQ143bmZ6pkTEyM7icPkM5p+H+B8H/nUeFhH8JL6IL5RFRMumTCBMlrVbyBOIBZlChkD4n5r4D8P+pNm5lona+BHQllgCpSEaQH4eACgqESAJe2Qr0O99C8ZHA/nNi9GZmJ37z4L+fVe4TP7IFiR/jmNHRDK4ElHO7Jr8WgI0IABFQAPqQBvoAxPABLbAEbgAD+ADAkEoiARxYDHgghSQAUQgFxSAtaAYlIKtYCeoBnWgETSDNnAYdIFj4DQ4By6By2AE3AFSMA6egCnwCsxAEISFyBAVUod0IEPIHLKFWJAb5AMFQxFQHJQIJUNCSAIVQOugUqgcqobqoWboW+godBq6AA1Dt6BRaBL6FXoHIzAJpsFasBFsBbNgTzgIjoQXwcnwMjgfLoK3wJVwA3wQ7oRPw5fgEVgKP4GnEYAQETqiizARFsJGQpF4JAkRIauQEqQCaUDakB6kH7mKSJGnyFsUBkVFMVBMlAvKHxWF4qKWoVahNqOqUQdQnag+1FXUKGoK9RFNRmuizdHO6AB0LDoZnYsuRlegm9Ad6LPoEfQ4+hUGg6FjjDGOGH9MHCYVswKzGbMb0445hRnGjGGmsVisOtYc64oNxXKwYmwxtgp7EHsSewU7jn2DI+J0cLY4X1w8TogrxFXgWnAncFdwE7gZvBLeEO+MD8Xz8MvxZfhGfA9+CD+OnyEoE4wJroRIQiphLaGS0EY4S7hLeEEkEvWITsRwooC4hlhJPEQ8TxwlviVRSGYkNimBJCFtIe0nnSLdIr0gk8lGZA9yPFlM3kJuJp8h3ye/UaAqWCoEKPAUVivUKHQqXFF4pohXNFT0VFysmK9YoXhEcUjxqRJeyUiJrcRRWqVUo3RU6YbStDJV2UY5VDlDebNyi/IF5UcULMWI4kPhUYoo+yhnKGNUhKpPZVO51HXURupZ6jgNQzOmBdBSaaW0b2iDtCkVioqdSrRKnkqNynEVKR2hG9ED6On0Mvph+nX6O1UtVU9Vvuom1TbVK6qv1eaoeajx1UrU2tVG1N6pM9R91NPUt6l3qd/TQGmYaYRr5Grs0Tir8XQObY7LHO6ckjmH59zWhDXNNCM0V2ju0xzQnNbS1vLTytKq0jqj9VSbru2hnaq9Q/uE9qQOVcdNR6CzQ+ekzmOGCsOTkc6oZPQxpnQ1df11Jbr1uoO6M3rGelF6hXrtevf0Cfos/ST9Hfq9+lMGOgYhBgUGrQa3DfGGLMMUw12G/YavjYyNYow2GHUZPTJWMw4wzjduNb5rQjZxN1lm0mByzRRjyjJNM91tetkMNrM3SzGrMRsyh80dzAXmu82HLdAWThZCiwaLG0wS05OZw2xljlrSLYMtCy27LJ9ZGVjFW22z6rf6aG1vnW7daH3HhmITaFNo02Pzq62ZLde2xvbaXPJc37mr53bPfW5nbse322N3055qH2K/wb7X/oODo4PIoc1h0tHAMdGx1vEGi8YKY21mnXdCO3k5rXY65vTW2cFZ7HzY+RcXpkuaS4vLo3nG8/jzGueNueq5clzrXaVuDLdEt71uUnddd457g/sDD30PnkeTx4SnqWeq50HPZ17WXiKvDq/XbGf2SvYpb8Tbz7vEe9CH4hPlU+1z31fPN9m31XfKz95vhd8pf7R/kP82/xsBWgHcgOaAqUDHwJWBfUGkoAVB1UEPgs2CRcE9IXBIYMj2kLvzDecL53eFgtCA0O2h98KMw5aFfR+OCQ8Lrwl/GGETURDRv4C6YMmClgWvIr0iyyLvRJlESaJ6oxWjE6Kbo1/HeMeUx0hjrWJXxl6K04gTxHXHY+Oj45vipxf6LNy5cDzBPqE44foi40V5iy4s1licvvj4EsUlnCVHEtGJMYktie85oZwGzvTSgKW1S6e4bO4u7hOeB28Hb5Lvyi/nTyS5JpUnPUp2Td6ePJninlKR8lTAFlQLnqf6p9alvk4LTduf9ik9Jr09A5eRmHFUSBGmCfsytTPzMoezzLOKs6TLnJftXDYlChI1ZUPZi7K7xTTZz9SAxESyXjKa45ZTk/MmNzr3SJ5ynjBvYLnZ8k3LJ/J9879egVrBXdFboFuwtmB0pefK+lXQqqWrelfrry5aPb7Gb82BtYS1aWt/KLQuLC98uS5mXU+RVtGaorH1futbixWKRcU3NrhsqNuI2ijYOLhp7qaqTR9LeCUXS61LK0rfb+ZuvviVzVeVX33akrRlsMyhbM9WzFbh1uvb3LcdKFcuzy8f2x6yvXMHY0fJjpc7l+y8UGFXUbeLsEuyS1oZXNldZVC1tep9dUr1SI1XTXutZu2m2te7ebuv7PHY01anVVda926vYO/Ner/6zgajhop9mH05+x42Rjf2f836urlJo6m06cN+4X7pgYgDfc2Ozc0tmi1lrXCrpHXyYMLBy994f9Pdxmyrb6e3lx4ChySHHn+b+O31w0GHe4+wjrR9Z/hdbQe1o6QT6lzeOdWV0iXtjusePhp4tLfHpafje8vv9x/TPVZzXOV42QnCiaITn07mn5w+lXXq6enk02O9S3rvnIk9c60vvG/wbNDZ8+d8z53p9+w/ed71/LELzheOXmRd7LrkcKlzwH6g4wf7HzoGHQY7hxyHui87Xe4Znjd84or7ldNXva+euxZw7dLI/JHh61HXb95IuCG9ybv56Fb6ree3c27P3FlzF3235J7SvYr7mvcbfjT9sV3qID0+6j068GDBgztj3LEnP2X/9H686CH5YcWEzkTzI9tHxyZ9Jy8/Xvh4/EnWk5mnxT8r/1z7zOTZd794/DIwFTs1/lz0/NOvm1+ov9j/0u5l73TY9P1XGa9mXpe8UX9z4C3rbf+7mHcTM7nvse8rP5h+6PkY9PHup4xPn34D94Tz+49wZioAAAAJcEhZcwAALiMAAC4jAXilP3YAACAASURBVHic7N0JYBTl3T/w3++ZvZKQxMgliqJ4BMGQZHdms4JXudRatSoWRa211fr3qvaw59ta3r5v7W1tba1H6y1Qrbe1iuUVUEiyRxJTqGhFsZ4gonLk2p3n/zybYDkCZJOZeWZnfp827uaa+bLZY+a3z/N7ApxzIIT4i2EYExjAZxAwAcAPAcBy8UywXlx/OJlO32CaZk51RkIIIYQQQghRJaA6ACHEGQ2TJx+Ioci54up5GuLk/3wHt/33cPHfKfFYTFZQf6kkJCGEEEIIIYS4ABVLCPGw8ePHR0YNH34mB7wIw5Fp4kts77+FxwEVSwghhBBCCCE+RsUSQjyooa6uGgKhy0YNH3GB+HRfLOi3+Xp7UhFCCCGEEEJIcaBiCSEewRjT4rHYqRzwCgyGpsO2+TWFe9rKXIQQQgghhBBSbKhYQkiRq66urtinvPyLRky/Snw6frAVEokDrDYBHrEqGyGEEEIIIYQUIyqWEFKkotHoAUEWuKaqovJS8Wm5BZvcimbu/GQ63WPBtgghhBBCCCGkaFGxhJAio+v6kRqwb4aYNhcQQhZtdjM3c2c0pdMpi7ZHCCGEEEIIIUWLiiWEFIlYLFYbQO27AWSzIb+qzVAm3GyHw796eG52Op1us2aDhBBCCCGEEFLcqFhCiMvJIkmQafPEx2lgWYXkEw/mkF+cTqU/sni7hBBCCCGEEFK0qFhCiEvFYrGJAdSuCzLtbLC+SLLZ5HB1c6r5TxZvlxBCCCGEEEKKHhVLCHEZXdfHacB+GGTaBeJTzfo98Hbe03N2c2vrauu3TQghhBBC3Cqhx1OAUKY6hypd2R69paVli+ocpDhQsYQQlzAMY4TG8XsBZJeJT8N27IMDv/3ddeu+snbt2g47tk8IIYQQQlwM4QiwZhXFotTV1cVUZyDFg4olhChWXV0d3qei4ipZKBEvYPvYtJsODvzypmTyTpu2TwghhBBCCCGeQcUSQhSKx+KzqyoqfyKuHmp5V5L/eD3LzdmpVCpt2x4IIYQQQgghxEOoWEKIAg3RqIEs8EvG4Fh798Sfga1b56ZWrtxg734IIYQQQgghxDuoWEKIgxpqavbDSMnPUAucD9avcLMDzuEXyUz626Zp5uzcDyGEEEIIIYR4DRVLCHEAY0yLx2JXYKTkv8WnlTbvrpNz85KmVOpem/dDCCGEEEIIIZ5ExRJCbKbreiIe038vrtbbvjMOb+eQn5lMpZps3xchhBBCCCGEeBQVSzyAMYZ3vzBlJIZLxgYYH8sBR4mT5n0RYThwrBI/UgbIK8TXK8TXSxC5Bvm/Pcq/v1w+yxRn2Vlx2feBm8XlZg58KwLIdcg3iN/diBw+4AgbEMx3uk32ZidsfOeSaLJH3b/c3RKTJg2HkrIfB5BdDL23s704pLvN7OmZTOYt2/dFCCGEEEIIIR5GxZIiMW8eY0ecMuNgFjCP4hwnIOIh4svjxRnyofMzM8aK6+Hen8TeRhjbumF80hVj+6/31ypj16/hdl/b9mu9X2EQEqf+IagyF7bOek984TXxsYZzvkb8wBqe4//MfbBh5fkzW7YM6R9dxBp0/XwsLfu1uDrcmT3yB3IIX8hkMlud2R8hhBBCCCGEeBcVS1xo3oM1ocPG73eUxiAKHOoRMTbh9BmTxLeGyUIF7lDXsLVH6N7I0RJj+j6mYF8w1BDYyJGykPI659AOyDOmCRmNdWbm1C17W2VguzVMnnwghiO3ILKTHdolF//7UXMm/UPTNLlD+ySEEEIIIYQQT6NiiQvcsfzY8tJI+Ghg7FhxtnvchMPGxMWXI/lvKq2FDIkspIxHlKNf8HQtPwmlBBa2zvq3OLlfxjm8AMifX/3Y3/9x3XWmqTjrkMmpUPF6/VIMR34qPq1waLddAPxLjankfYP55YRhiN/DqNWhilouO7sxk1mpOobTxP2XxWN6CuSDlOyA57LnNmUyrapzOC1hxJOQL9CTPrl31r1nrF27tkN1EEIIIYQ4g4olCsxbMi0woZLFOeAMcbI6vbS05Gjx5aD8XvHWRgbsQPGPnIviQ/5rJ5w+4/2FrbMWA4e/92S7F51vPPea6oCFMgzj0Hgsdpu4+ikHd7shy80zUqnUssFugHN8u/fvQLbhjMkmvL4rlkSj0aPAiQbERQg17Thx4atiSSwW2z/INF11DnfhGSqUEEIIIf5CxRKH3Lxk2rB9KtgsBuzUCZWBU8WXhvugMDIQI8TH5wDhc8FgSI48+Yc4i38sB7nHX3nsuWY3jzqRo0mMWOwyDfDn4tNSB3f9Ku/pPiXV2rp6aJsxl4p/xTesieQRiEepjqBCgLMpfqjUDg7KYvZvVKdwknhu8...

      503 |
      504 |       await user.type(screen.getByLabelText(/cpf/i), cpf);
    > 505 |       await user.type(screen.getByLabelText(/senha/i), 'test123');
          |                              ^
      506 |       const buttons = screen.getAllByRole('button');
      507 |       const submitButton =
      508 |         buttons.find((button) => !(button as HTMLButtonElement).disabled) ||

      at Object.getElementError (node_modules/.pnpm/@testing-library+dom@10.4.1/node_modules/@testing-library/dom/dist/config.js:37:19)
      at getElementError (node_modules/.pnpm/@testing-library+dom@10.4.1/node_modules/@testing-library/dom/dist/query-helpers.js:20:35)
      at getMultipleElementsFoundError (node_modules/.pnpm/@testing-library+dom@10.4.1/node_modules/@testing-library/dom/dist/query-helpers.js:23:10)
      at node_modules/.pnpm/@testing-library+dom@10.4.1/node_modules/@testing-library/dom/dist/query-helpers.js:55:13
      at node_modules/.pnpm/@testing-library+dom@10.4.1/node_modules/@testing-library/dom/dist/query-helpers.js:95:19
      at getByLabelText (__tests__/auth/login.test.tsx:505:30)

  ÔùÅ LoginPage ÔÇ║ deve redirecionar funcionario para /dashboard

    TestingLibraryElementError: Found multiple elements with the text of: /senha/i

    Here are the matching elements:

    Ignored nodes: comments, script, style
    <input
      class="mt-1 block w-full px-3 py-2 border border-gray-300 rounded-md shadow-sm focus:outline-none focus:ring-primary focus:border-primary text-base"
      id="senha"
      name="senha"
      placeholder="ÔÇóÔÇóÔÇóÔÇóÔÇóÔÇóÔÇóÔÇó"
      type="password"
      value=""
    />

    Ignored nodes: comments, script, style
    <input
      class="mt-1 block w-full px-3 py-2 border border-gray-300 rounded-md shadow-sm focus:outline-none focus:ring-primary focus:border-primary text-base"
      id="dataNascimento"
      maxlength="8"
      name="dataNascimento"
      placeholder="ddmmaaaa"
      type="text"
      value=""
    />

    (If this is intentional, then use the `*AllBy*` variant of the query (like `queryAllByText`, `getAllByText`, or `findAllByText`)).

    Ignored nodes: comments, script, style
    <body>
      <div>
        <div
          class="min-h-screen bg-gradient-to-br from-orange-50 to-orange-100 flex items-center justify-center p-2 sm:p-4"
        >
          <div
            class="bg-white rounded-lg shadow-xl p-4 sm:p-8 w-full max-w-md"
          >
            <div
              class="text-center mb-6 sm:mb-8"
            >
              <div
                class="flex flex-col items-center justify-center mb-4"
              >
                <div
                  class="w-32 h-32 flex items-center justify-center"
                >
                  <img
                    alt="QWork"
                    class="w-full h-full object-contain"
                    data-nimg="1"
                    decoding="async"
                    height="48"
                    src="data:image/png;base64,iVBORw0KGgoAAAANSUhEUgAABEsAAAGnCAYAAABPZtklAAAKN2lDQ1BzUkdCIElFQzYxOTY2LTIuMQAAeJydlndUU9kWh8+9N71QkhCKlNBraFICSA29SJEuKjEJEErAkAAiNkRUcERRkaYIMijggKNDkbEiioUBUbHrBBlE1HFwFBuWSWStGd+8ee/Nm98f935rn73P3Wfvfda6AJD8gwXCTFgJgAyhWBTh58WIjYtnYAcBDPAAA2wA4HCzs0IW+EYCmQJ82IxsmRP4F726DiD5+yrTP4zBAP+flLlZIjEAUJiM5/L42VwZF8k4PVecJbdPyZi2NE3OMErOIlmCMlaTc/IsW3z2mWUPOfMyhDwZy3PO4mXw5Nwn4405Er6MkWAZF+cI+LkyviZjg3RJhkDGb+SxGXxONgAoktwu5nNTZGwtY5IoMoIt43kA4EjJX/DSL1jMzxPLD8XOzFouEiSniBkmXFOGjZMTi+HPz03ni8XMMA43jSPiMdiZGVkc4XIAZs/8WRR5bRmyIjvYODk4MG0tbb4o1H9d/JuS93aWXoR/7hlEH/jD9ld+mQ0AsKZltdn6h21pFQBd6wFQu/2HzWAvAIqyvnUOfXEeunxeUsTiLGcrq9zcXEsBn2spL+jv+p8Of0NffM9Svt3v5WF485M4knQxQ143bmZ6pkTEyM7icPkM5p+H+B8H/nUeFhH8JL6IL5RFRMumTCBMlrVbyBOIBZlChkD4n5r4D8P+pNm5lona+BHQllgCpSEaQH4eACgqESAJe2Qr0O99C8ZHA/nNi9GZmJ37z4L+fVe4TP7IFiR/jmNHRDK4ElHO7Jr8WgI0IABFQAPqQBvoAxPABLbAEbgAD+ADAkEoiARxYDHgghSQAUQgFxSAtaAYlIKtYCeoBnWgETSDNnAYdIFj4DQ4By6By2AE3AFSMA6egCnwCsxAEISFyBAVUod0IEPIHLKFWJAb5AMFQxFQHJQIJUNCSAIVQOugUqgcqobqoWboW+godBq6AA1Dt6BRaBL6FXoHIzAJpsFasBFsBbNgTzgIjoQXwcnwMjgfLoK3wJVwA3wQ7oRPw5fgEVgKP4GnEYAQETqiizARFsJGQpF4JAkRIauQEqQCaUDakB6kH7mKSJGnyFsUBkVFMVBMlAvKHxWF4qKWoVahNqOqUQdQnag+1FXUKGoK9RFNRmuizdHO6AB0LDoZnYsuRlegm9Ad6LPoEfQ4+hUGg6FjjDGOGH9MHCYVswKzGbMb0445hRnGjGGmsVisOtYc64oNxXKwYmwxtgp7EHsSewU7jn2DI+J0cLY4X1w8TogrxFXgWnAncFdwE7gZvBLeEO+MD8Xz8MvxZfhGfA9+CD+OnyEoE4wJroRIQiphLaGS0EY4S7hLeEEkEvWITsRwooC4hlhJPEQ8TxwlviVRSGYkNimBJCFtIe0nnSLdIr0gk8lGZA9yPFlM3kJuJp8h3ye/UaAqWCoEKPAUVivUKHQqXFF4pohXNFT0VFysmK9YoXhEcUjxqRJeyUiJrcRRWqVUo3RU6YbStDJV2UY5VDlDebNyi/IF5UcULMWI4kPhUYoo+yhnKGNUhKpPZVO51HXURupZ6jgNQzOmBdBSaaW0b2iDtCkVioqdSrRKnkqNynEVKR2hG9ED6On0Mvph+nX6O1UtVU9Vvuom1TbVK6qv1eaoeajx1UrU2tVG1N6pM9R91NPUt6l3qd/TQGmYaYRr5Grs0Tir8XQObY7LHO6ckjmH59zWhDXNNCM0V2ju0xzQnNbS1vLTytKq0jqj9VSbru2hnaq9Q/uE9qQOVcdNR6CzQ+ekzmOGCsOTkc6oZPQxpnQ1df11Jbr1uoO6M3rGelF6hXrtevf0Cfos/ST9Hfq9+lMGOgYhBgUGrQa3DfGGLMMUw12G/YavjYyNYow2GHUZPTJWMw4wzjduNb5rQjZxN1lm0mByzRRjyjJNM91tetkMNrM3SzGrMRsyh80dzAXmu82HLdAWThZCiwaLG0wS05OZw2xljlrSLYMtCy27LJ9ZGVjFW22z6rf6aG1vnW7daH3HhmITaFNo02Pzq62ZLde2xvbaXPJc37mr53bPfW5nbse322N3055qH2K/wb7X/oODo4PIoc1h0tHAMdGx1vEGi8YKY21mnXdCO3k5rXY65vTW2cFZ7HzY+RcXpkuaS4vLo3nG8/jzGueNueq5clzrXaVuDLdEt71uUnddd457g/sDD30PnkeTx4SnqWeq50HPZ17WXiKvDq/XbGf2SvYpb8Tbz7vEe9CH4hPlU+1z31fPN9m31XfKz95vhd8pf7R/kP82/xsBWgHcgOaAqUDHwJWBfUGkoAVB1UEPgs2CRcE9IXBIYMj2kLvzDecL53eFgtCA0O2h98KMw5aFfR+OCQ8Lrwl/GGETURDRv4C6YMmClgWvIr0iyyLvRJlESaJ6oxWjE6Kbo1/HeMeUx0hjrWJXxl6K04gTxHXHY+Oj45vipxf6LNy5cDzBPqE44foi40V5iy4s1licvvj4EsUlnCVHEtGJMYktie85oZwGzvTSgKW1S6e4bO4u7hOeB28Hb5Lvyi/nTyS5JpUnPUp2Td6ePJninlKR8lTAFlQLnqf6p9alvk4LTduf9ik9Jr09A5eRmHFUSBGmCfsytTPzMoezzLOKs6TLnJftXDYlChI1ZUPZi7K7xTTZz9SAxESyXjKa45ZTk/MmNzr3SJ5ynjBvYLnZ8k3LJ/J9879egVrBXdFboFuwtmB0pefK+lXQqqWrelfrry5aPb7Gb82BtYS1aWt/KLQuLC98uS5mXU+RVtGaorH1futbixWKRcU3NrhsqNuI2ijYOLhp7qaqTR9LeCUXS61LK0rfb+ZuvviVzVeVX33akrRlsMyhbM9WzFbh1uvb3LcdKFcuzy8f2x6yvXMHY0fJjpc7l+y8UGFXUbeLsEuyS1oZXNldZVC1tep9dUr1SI1XTXutZu2m2te7ebuv7PHY01anVVda926vYO/Ner/6zgajhop9mH05+x42Rjf2f836urlJo6m06cN+4X7pgYgDfc2Ozc0tmi1lrXCrpHXyYMLBy994f9Pdxmyrb6e3lx4ChySHHn+b+O31w0GHe4+wjrR9Z/hdbQe1o6QT6lzeOdWV0iXtjusePhp4tLfHpafje8vv9x/TPVZzXOV42QnCiaITn07mn5w+lXXq6enk02O9S3rvnIk9c60vvG/wbNDZ8+d8z53p9+w/ed71/LELzheOXmRd7LrkcKlzwH6g4wf7HzoGHQY7hxyHui87Xe4Znjd84or7ldNXva+euxZw7dLI/JHh61HXb95IuCG9ybv56Fb6ree3c27P3FlzF3235J7SvYr7mvcbfjT9sV3qID0+6j068GDBgztj3LEnP2X/9H686CH5YcWEzkTzI9tHxyZ9Jy8/Xvh4/EnWk5mnxT8r/1z7zOTZd794/DIwFTs1/lz0/NOvm1+ov9j/0u5l73TY9P1XGa9mXpe8UX9z4C3rbf+7mHcTM7nvse8rP5h+6PkY9PHup4xPn34D94Tz+49wZioAAAAJcEhZcwAALiMAAC4jAXilP3YAACAASURBVHic7N0JYBTl3T/w3++ZvZKQxMgliqJ4BMGQZHdms4JXudRatSoWRa211fr3qvaw59ta3r5v7W1tba1H6y1Qrbe1iuUVUEiyRxJTqGhFsZ4gonLk2p3n/zybYDkCZJOZeWZnfp827uaa+bLZY+a3z/N7ApxzIIT4i2EYExjAZxAwAcAPAcBy8UywXlx/OJlO32CaZk51RkIIIYQQQghRJaA6ACHEGQ2TJx+Ioci54up5GuLk/3wHt/33cPHfKfFYTFZQf6kkJCGEEEIIIYS4ABVLCPGw8ePHR0YNH34mB7wIw5Fp4kts77+FxwEVSwghhBBCCCE+RsUSQjyooa6uGgKhy0YNH3GB+HRfLOi3+Xp7UhFCCCGEEEJIcaBiCSEewRjT4rHYqRzwCgyGpsO2+TWFe9rKXIQQQgghhBBSbKhYQkiRq66urtinvPyLRky/Snw6frAVEokDrDYBHrEqGyGEEEIIIYQUIyqWEFKkotHoAUEWuKaqovJS8Wm5BZvcimbu/GQ63WPBtgghhBBCCCGkaFGxhJAio+v6kRqwb4aYNhcQQhZtdjM3c2c0pdMpi7ZHCCGEEEIIIUWLiiWEFIlYLFYbQO27AWSzIb+qzVAm3GyHw796eG52Op1us2aDhBBCCCGEEFLcqFhCiMvJIkmQafPEx2lgWYXkEw/mkF+cTqU/sni7hBBCCCGEEFK0qFhCiEvFYrGJAdSuCzLtbLC+SLLZ5HB1c6r5TxZvlxBCCCGEEEKKHhVLCHEZXdfHacB+GGTaBeJTzfo98Hbe03N2c2vrauu3TQghhBBC3Cqhx1OAUKY6hypd2R69paVli+ocpDhQsYQQlzAMY4TG8XsBZJeJT8N27IMDv/3ddeu+snbt2g47tk8IIYQQQlwM4QiwZhXFotTV1cVUZyDFg4olhChWXV0d3qei4ipZKBEvYPvYtJsODvzypmTyTpu2TwghhBBCCCGeQcUSQhSKx+KzqyoqfyKuHmp5V5L/eD3LzdmpVCpt2x4IIYQQQgghxEOoWEKIAg3RqIEs8EvG4Fh798Sfga1b56ZWrtxg734IIYQQQgghxDuoWEKIgxpqavbDSMnPUAucD9avcLMDzuEXyUz626Zp5uzcDyGEEEIIIYR4DRVLCHEAY0yLx2JXYKTkv8WnlTbvrpNz85KmVOpem/dDCCGEEEIIIZ5ExRJCbKbreiIe038vrtbbvjMOb+eQn5lMpZps3xchhBBCCCGEeBQVSzyAMYZ3vzBlJIZLxgYYH8sBR4mT5n0RYThwrBI/UgbIK8TXK8TXSxC5Bvm/Pcq/v1w+yxRn2Vlx2feBm8XlZg58KwLIdcg3iN/diBw+4AgbEMx3uk32ZidsfOeSaLJH3b/c3RKTJg2HkrIfB5BdDL23s704pLvN7OmZTOYt2/dFCCGEEEIIIR5GxZIiMW8eY0ecMuNgFjCP4hwnIOIh4svjxRnyofMzM8aK6+Hen8TeRhjbumF80hVj+6/31ypj16/hdl/b9mu9X2EQEqf+IagyF7bOek984TXxsYZzvkb8wBqe4//MfbBh5fkzW7YM6R9dxBp0/XwsLfu1uDrcmT3yB3IIX8hkMlud2R8hhBBCCCGEeBcVS1xo3oM1ocPG73eUxiAKHOoRMTbh9BmTxLeGyUIF7lDXsLVH6N7I0RJj+j6mYF8w1BDYyJGykPI659AOyDOmCRmNdWbm1C17W2VguzVMnnwghiO3ILKTHdolF//7UXMm/UPTNLlD+ySEEEIIIYQQT6NiiQvcsfzY8tJI+Ghg7FhxtnvchMPGxMWXI/lvKq2FDIkspIxHlKNf8HQtPwmlBBa2zvq3OLlfxjm8AMifX/3Y3/9x3XWmqTjrkMmpUPF6/VIMR34qPq1waLddAPxLjankfYP55YRhiN/DqNWhilouO7sxk1mpOobTxP2XxWN6CuSDlOyA57LnNmUyrapzOC1hxJOQL9CTPrl31r1nrF27tkN1EEIIIYQ4g4olCsxbMi0woZLFOeAMcbI6vbS05Gjx5aD8XvHWRgbsQPGPnIviQ/5rJ5w+4/2FrbMWA4e/92S7F51vPPea6oCFMgzj0Hgsdpu4+ikHd7shy80zUqnUssFugHN8u/fvQLbhjMkmvL4rlkSj0aPAiQbERQg17Thx4atiSSwW2z/INF11DnfhGSqUEEIIIf5CxRKH3Lxk2rB9KtgsBuzUCZWBU8WXhvugMDIQI8TH5wDhc8FgSI48+Yc4i38sB7nHX3nsuWY3jzqRo0mMWOwyDfDn4tNSB3f9Ku/pPiXV2rp6aJsxl4p/xTesieQRiEepjqBCgLMpfqjUDg7KYvZvVKdwknhu8...

      503 |
      504 |       await user.type(screen.getByLabelText(/cpf/i), cpf);
    > 505 |       await user.type(screen.getByLabelText(/senha/i), 'test123');
          |                              ^
      506 |       const buttons = screen.getAllByRole('button');
      507 |       const submitButton =
      508 |         buttons.find((button) => !(button as HTMLButtonElement).disabled) ||

      at Object.getElementError (node_modules/.pnpm/@testing-library+dom@10.4.1/node_modules/@testing-library/dom/dist/config.js:37:19)
      at getElementError (node_modules/.pnpm/@testing-library+dom@10.4.1/node_modules/@testing-library/dom/dist/query-helpers.js:20:35)
      at getMultipleElementsFoundError (node_modules/.pnpm/@testing-library+dom@10.4.1/node_modules/@testing-library/dom/dist/query-helpers.js:23:10)
      at node_modules/.pnpm/@testing-library+dom@10.4.1/node_modules/@testing-library/dom/dist/query-helpers.js:55:13
      at node_modules/.pnpm/@testing-library+dom@10.4.1/node_modules/@testing-library/dom/dist/query-helpers.js:95:19
      at getByLabelText (__tests__/auth/login.test.tsx:505:30)

  ÔùÅ LoginPage ÔÇ║ deve redirecionar gestor para /entidade

    TestingLibraryElementError: Found multiple elements with the text of: /senha/i

    Here are the matching elements:

    Ignored nodes: comments, script, style
    <input
      class="mt-1 block w-full px-3 py-2 border border-gray-300 rounded-md shadow-sm focus:outline-none focus:ring-primary focus:border-primary text-base"
      id="senha"
      name="senha"
      placeholder="ÔÇóÔÇóÔÇóÔÇóÔÇóÔÇóÔÇóÔÇó"
      type="password"
      value=""
    />

    Ignored nodes: comments, script, style
    <input
      class="mt-1 block w-full px-3 py-2 border border-gray-300 rounded-md shadow-sm focus:outline-none focus:ring-primary focus:border-primary text-base"
      id="dataNascimento"
      maxlength="8"
      name="dataNascimento"
      placeholder="ddmmaaaa"
      type="text"
      value=""
    />

    (If this is intentional, then use the `*AllBy*` variant of the query (like `queryAllByText`, `getAllByText`, or `findAllByText`)).

    Ignored nodes: comments, script, style
    <body>
      <div>
        <div
          class="min-h-screen bg-gradient-to-br from-orange-50 to-orange-100 flex items-center justify-center p-2 sm:p-4"
        >
          <div
            class="bg-white rounded-lg shadow-xl p-4 sm:p-8 w-full max-w-md"
          >
            <div
              class="text-center mb-6 sm:mb-8"
            >
              <div
                class="flex flex-col items-center justify-center mb-4"
              >
                <div
                  class="w-32 h-32 flex items-center justify-center"
                >
                  <img
                    alt="QWork"
                    class="w-full h-full object-contain"
                    data-nimg="1"
                    decoding="async"
                    height="48"
                    src="data:image/png;base64,iVBORw0KGgoAAAANSUhEUgAABEsAAAGnCAYAAABPZtklAAAKN2lDQ1BzUkdCIElFQzYxOTY2LTIuMQAAeJydlndUU9kWh8+9N71QkhCKlNBraFICSA29SJEuKjEJEErAkAAiNkRUcERRkaYIMijggKNDkbEiioUBUbHrBBlE1HFwFBuWSWStGd+8ee/Nm98f935rn73P3Wfvfda6AJD8gwXCTFgJgAyhWBTh58WIjYtnYAcBDPAAA2wA4HCzs0IW+EYCmQJ82IxsmRP4F726DiD5+yrTP4zBAP+flLlZIjEAUJiM5/L42VwZF8k4PVecJbdPyZi2NE3OMErOIlmCMlaTc/IsW3z2mWUPOfMyhDwZy3PO4mXw5Nwn4405Er6MkWAZF+cI+LkyviZjg3RJhkDGb+SxGXxONgAoktwu5nNTZGwtY5IoMoIt43kA4EjJX/DSL1jMzxPLD8XOzFouEiSniBkmXFOGjZMTi+HPz03ni8XMMA43jSPiMdiZGVkc4XIAZs/8WRR5bRmyIjvYODk4MG0tbb4o1H9d/JuS93aWXoR/7hlEH/jD9ld+mQ0AsKZltdn6h21pFQBd6wFQu/2HzWAvAIqyvnUOfXEeunxeUsTiLGcrq9zcXEsBn2spL+jv+p8Of0NffM9Svt3v5WF485M4knQxQ143bmZ6pkTEyM7icPkM5p+H+B8H/nUeFhH8JL6IL5RFRMumTCBMlrVbyBOIBZlChkD4n5r4D8P+pNm5lona+BHQllgCpSEaQH4eACgqESAJe2Qr0O99C8ZHA/nNi9GZmJ37z4L+fVe4TP7IFiR/jmNHRDK4ElHO7Jr8WgI0IABFQAPqQBvoAxPABLbAEbgAD+ADAkEoiARxYDHgghSQAUQgFxSAtaAYlIKtYCeoBnWgETSDNnAYdIFj4DQ4By6By2AE3AFSMA6egCnwCsxAEISFyBAVUod0IEPIHLKFWJAb5AMFQxFQHJQIJUNCSAIVQOugUqgcqobqoWboW+godBq6AA1Dt6BRaBL6FXoHIzAJpsFasBFsBbNgTzgIjoQXwcnwMjgfLoK3wJVwA3wQ7oRPw5fgEVgKP4GnEYAQETqiizARFsJGQpF4JAkRIauQEqQCaUDakB6kH7mKSJGnyFsUBkVFMVBMlAvKHxWF4qKWoVahNqOqUQdQnag+1FXUKGoK9RFNRmuizdHO6AB0LDoZnYsuRlegm9Ad6LPoEfQ4+hUGg6FjjDGOGH9MHCYVswKzGbMb0445hRnGjGGmsVisOtYc64oNxXKwYmwxtgp7EHsSewU7jn2DI+J0cLY4X1w8TogrxFXgWnAncFdwE7gZvBLeEO+MD8Xz8MvxZfhGfA9+CD+OnyEoE4wJroRIQiphLaGS0EY4S7hLeEEkEvWITsRwooC4hlhJPEQ8TxwlviVRSGYkNimBJCFtIe0nnSLdIr0gk8lGZA9yPFlM3kJuJp8h3ye/UaAqWCoEKPAUVivUKHQqXFF4pohXNFT0VFysmK9YoXhEcUjxqRJeyUiJrcRRWqVUo3RU6YbStDJV2UY5VDlDebNyi/IF5UcULMWI4kPhUYoo+yhnKGNUhKpPZVO51HXURupZ6jgNQzOmBdBSaaW0b2iDtCkVioqdSrRKnkqNynEVKR2hG9ED6On0Mvph+nX6O1UtVU9Vvuom1TbVK6qv1eaoeajx1UrU2tVG1N6pM9R91NPUt6l3qd/TQGmYaYRr5Grs0Tir8XQObY7LHO6ckjmH59zWhDXNNCM0V2ju0xzQnNbS1vLTytKq0jqj9VSbru2hnaq9Q/uE9qQOVcdNR6CzQ+ekzmOGCsOTkc6oZPQxpnQ1df11Jbr1uoO6M3rGelF6hXrtevf0Cfos/ST9Hfq9+lMGOgYhBgUGrQa3DfGGLMMUw12G/YavjYyNYow2GHUZPTJWMw4wzjduNb5rQjZxN1lm0mByzRRjyjJNM91tetkMNrM3SzGrMRsyh80dzAXmu82HLdAWThZCiwaLG0wS05OZw2xljlrSLYMtCy27LJ9ZGVjFW22z6rf6aG1vnW7daH3HhmITaFNo02Pzq62ZLde2xvbaXPJc37mr53bPfW5nbse322N3055qH2K/wb7X/oODo4PIoc1h0tHAMdGx1vEGi8YKY21mnXdCO3k5rXY65vTW2cFZ7HzY+RcXpkuaS4vLo3nG8/jzGueNueq5clzrXaVuDLdEt71uUnddd457g/sDD30PnkeTx4SnqWeq50HPZ17WXiKvDq/XbGf2SvYpb8Tbz7vEe9CH4hPlU+1z31fPN9m31XfKz95vhd8pf7R/kP82/xsBWgHcgOaAqUDHwJWBfUGkoAVB1UEPgs2CRcE9IXBIYMj2kLvzDecL53eFgtCA0O2h98KMw5aFfR+OCQ8Lrwl/GGETURDRv4C6YMmClgWvIr0iyyLvRJlESaJ6oxWjE6Kbo1/HeMeUx0hjrWJXxl6K04gTxHXHY+Oj45vipxf6LNy5cDzBPqE44foi40V5iy4s1licvvj4EsUlnCVHEtGJMYktie85oZwGzvTSgKW1S6e4bO4u7hOeB28Hb5Lvyi/nTyS5JpUnPUp2Td6ePJninlKR8lTAFlQLnqf6p9alvk4LTduf9ik9Jr09A5eRmHFUSBGmCfsytTPzMoezzLOKs6TLnJftXDYlChI1ZUPZi7K7xTTZz9SAxESyXjKa45ZTk/MmNzr3SJ5ynjBvYLnZ8k3LJ/J9879egVrBXdFboFuwtmB0pefK+lXQqqWrelfrry5aPb7Gb82BtYS1aWt/KLQuLC98uS5mXU+RVtGaorH1futbixWKRcU3NrhsqNuI2ijYOLhp7qaqTR9LeCUXS61LK0rfb+ZuvviVzVeVX33akrRlsMyhbM9WzFbh1uvb3LcdKFcuzy8f2x6yvXMHY0fJjpc7l+y8UGFXUbeLsEuyS1oZXNldZVC1tep9dUr1SI1XTXutZu2m2te7ebuv7PHY01anVVda926vYO/Ner/6zgajhop9mH05+x42Rjf2f836urlJo6m06cN+4X7pgYgDfc2Ozc0tmi1lrXCrpHXyYMLBy994f9Pdxmyrb6e3lx4ChySHHn+b+O31w0GHe4+wjrR9Z/hdbQe1o6QT6lzeOdWV0iXtjusePhp4tLfHpafje8vv9x/TPVZzXOV42QnCiaITn07mn5w+lXXq6enk02O9S3rvnIk9c60vvG/wbNDZ8+d8z53p9+w/ed71/LELzheOXmRd7LrkcKlzwH6g4wf7HzoGHQY7hxyHui87Xe4Znjd84or7ldNXva+euxZw7dLI/JHh61HXb95IuCG9ybv56Fb6ree3c27P3FlzF3235J7SvYr7mvcbfjT9sV3qID0+6j068GDBgztj3LEnP2X/9H686CH5YcWEzkTzI9tHxyZ9Jy8/Xvh4/EnWk5mnxT8r/1z7zOTZd794/DIwFTs1/lz0/NOvm1+ov9j/0u5l73TY9P1XGa9mXpe8UX9z4C3rbf+7mHcTM7nvse8rP5h+6PkY9PHup4xPn34D94Tz+49wZioAAAAJcEhZcwAALiMAAC4jAXilP3YAACAASURBVHic7N0JYBTl3T/w3++ZvZKQxMgliqJ4BMGQZHdms4JXudRatSoWRa211fr3qvaw59ta3r5v7W1tba1H6y1Qrbe1iuUVUEiyRxJTqGhFsZ4gonLk2p3n/zybYDkCZJOZeWZnfp827uaa+bLZY+a3z/N7ApxzIIT4i2EYExjAZxAwAcAPAcBy8UywXlx/OJlO32CaZk51RkIIIYQQQghRJaA6ACHEGQ2TJx+Ioci54up5GuLk/3wHt/33cPHfKfFYTFZQf6kkJCGEEEIIIYS4ABVLCPGw8ePHR0YNH34mB7wIw5Fp4kts77+FxwEVSwghhBBCCCE+RsUSQjyooa6uGgKhy0YNH3GB+HRfLOi3+Xp7UhFCCCGEEEJIcaBiCSEewRjT4rHYqRzwCgyGpsO2+TWFe9rKXIQQQgghhBBSbKhYQkiRq66urtinvPyLRky/Snw6frAVEokDrDYBHrEqGyGEEEIIIYQUIyqWEFKkotHoAUEWuKaqovJS8Wm5BZvcimbu/GQ63WPBtgghhBBCCCGkaFGxhJAio+v6kRqwb4aYNhcQQhZtdjM3c2c0pdMpi7ZHCCGEEEIIIUWLiiWEFIlYLFYbQO27AWSzIb+qzVAm3GyHw796eG52Op1us2aDhBBCCCGEEFLcqFhCiMvJIkmQafPEx2lgWYXkEw/mkF+cTqU/sni7hBBCCCGEEFK0qFhCiEvFYrGJAdSuCzLtbLC+SLLZ5HB1c6r5TxZvlxBCCCGEEEKKHhVLCHEZXdfHacB+GGTaBeJTzfo98Hbe03N2c2vrauu3TQghhBBC3Cqhx1OAUKY6hypd2R69paVli+ocpDhQsYQQlzAMY4TG8XsBZJeJT8N27IMDv/3ddeu+snbt2g47tk8IIYQQQlwM4QiwZhXFotTV1cVUZyDFg4olhChWXV0d3qei4ipZKBEvYPvYtJsODvzypmTyTpu2TwghhBBCCCGeQcUSQhSKx+KzqyoqfyKuHmp5V5L/eD3LzdmpVCpt2x4IIYQQQgghxEOoWEKIAg3RqIEs8EvG4Fh798Sfga1b56ZWrtxg734IIYQQQgghxDuoWEKIgxpqavbDSMnPUAucD9avcLMDzuEXyUz626Zp5uzcDyGEEEIIIYR4DRVLCHEAY0yLx2JXYKTkv8WnlTbvrpNz85KmVOpem/dDCCGEEEIIIZ5ExRJCbKbreiIe038vrtbbvjMOb+eQn5lMpZps3xchhBBCCCGEeBQVSzyAMYZ3vzBlJIZLxgYYH8sBR4mT5n0RYThwrBI/UgbIK8TXK8TXSxC5Bvm/Pcq/v1w+yxRn2Vlx2feBm8XlZg58KwLIdcg3iN/diBw+4AgbEMx3uk32ZidsfOeSaLJH3b/c3RKTJg2HkrIfB5BdDL23s704pLvN7OmZTOYt2/dFCCGEEEIIIR5GxZIiMW8eY0ecMuNgFjCP4hwnIOIh4svjxRnyofMzM8aK6+Hen8TeRhjbumF80hVj+6/31ypj16/hdl/b9mu9X2EQEqf+IagyF7bOek984TXxsYZzvkb8wBqe4//MfbBh5fkzW7YM6R9dxBp0/XwsLfu1uDrcmT3yB3IIX8hkMlud2R8hhBBCCCGEeBcVS1xo3oM1ocPG73eUxiAKHOoRMTbh9BmTxLeGyUIF7lDXsLVH6N7I0RJj+j6mYF8w1BDYyJGykPI659AOyDOmCRmNdWbm1C17W2VguzVMnnwghiO3ILKTHdolF//7UXMm/UPTNLlD+ySEEEIIIYQQT6NiiQvcsfzY8tJI+Ghg7FhxtnvchMPGxMWXI/lvKq2FDIkspIxHlKNf8HQtPwmlBBa2zvq3OLlfxjm8AMifX/3Y3/9x3XWmqTjrkMmpUPF6/VIMR34qPq1waLddAPxLjankfYP55YRhiN/DqNWhilouO7sxk1mpOobTxP2XxWN6CuSDlOyA57LnNmUyrapzOC1hxJOQL9CTPrl31r1nrF27tkN1EEIIIYQ4g4olCsxbMi0woZLFOeAMcbI6vbS05Gjx5aD8XvHWRgbsQPGPnIviQ/5rJ5w+4/2FrbMWA4e/92S7F51vPPea6oCFMgzj0Hgsdpu4+ikHd7shy80zUqnUssFugHN8u/fvQLbhjMkmvL4rlkSj0aPAiQbERQg17Thx4atiSSwW2z/INF11DnfhGSqUEEIIIf5CxRKH3Lxk2rB9KtgsBuzUCZWBU8WXhvugMDIQI8TH5wDhc8FgSI48+Yc4i38sB7nHX3nsuWY3jzqRo0mMWOwyDfDn4tNSB3f9Ku/pPiXV2rp6aJsxl4p/xTesieQRiEepjqBCgLMpfqjUDg7KYvZvVKdwknhu8...

      503 |
      504 |       await user.type(screen.getByLabelText(/cpf/i), cpf);
    > 505 |       await user.type(screen.getByLabelText(/senha/i), 'test123');
          |                              ^
      506 |       const buttons = screen.getAllByRole('button');
      507 |       const submitButton =
      508 |         buttons.find((button) => !(button as HTMLButtonElement).disabled) ||

      at Object.getElementError (node_modules/.pnpm/@testing-library+dom@10.4.1/node_modules/@testing-library/dom/dist/config.js:37:19)
      at getElementError (node_modules/.pnpm/@testing-library+dom@10.4.1/node_modules/@testing-library/dom/dist/query-helpers.js:20:35)
      at getMultipleElementsFoundError (node_modules/.pnpm/@testing-library+dom@10.4.1/node_modules/@testing-library/dom/dist/query-helpers.js:23:10)
      at node_modules/.pnpm/@testing-library+dom@10.4.1/node_modules/@testing-library/dom/dist/query-helpers.js:55:13
      at node_modules/.pnpm/@testing-library+dom@10.4.1/node_modules/@testing-library/dom/dist/query-helpers.js:95:19
      at getByLabelText (__tests__/auth/login.test.tsx:505:30)

  ÔùÅ LoginPage ÔÇ║ Preven├º├úo de Regress├úo - Login Admin ÔÇ║ deve permitir login do admin com senha 123 (regress├úo cr├¡tica)

    TestingLibraryElementError: Found multiple elements with the text of: /senha/i

    Here are the matching elements:

    Ignored nodes: comments, script, style
    <input
      class="mt-1 block w-full px-3 py-2 border border-gray-300 rounded-md shadow-sm focus:outline-none focus:ring-primary focus:border-primary text-base"
      id="senha"
      name="senha"
      placeholder="ÔÇóÔÇóÔÇóÔÇóÔÇóÔÇóÔÇóÔÇó"
      type="password"
      value=""
    />

    Ignored nodes: comments, script, style
    <input
      class="mt-1 block w-full px-3 py-2 border border-gray-300 rounded-md shadow-sm focus:outline-none focus:ring-primary focus:border-primary text-base"
      id="dataNascimento"
      maxlength="8"
      name="dataNascimento"
      placeholder="ddmmaaaa"
      type="text"
      value=""
    />

    (If this is intentional, then use the `*AllBy*` variant of the query (like `queryAllByText`, `getAllByText`, or `findAllByText`)).

    Ignored nodes: comments, script, style
    <body>
      <div>
        <div
          class="min-h-screen bg-gradient-to-br from-orange-50 to-orange-100 flex items-center justify-center p-2 sm:p-4"
        >
          <div
            class="bg-white rounded-lg shadow-xl p-4 sm:p-8 w-full max-w-md"
          >
            <div
              class="text-center mb-6 sm:mb-8"
            >
              <div
                class="flex flex-col items-center justify-center mb-4"
              >
                <div
                  class="w-32 h-32 flex items-center justify-center"
                >
                  <img
                    alt="QWork"
                    class="w-full h-full object-contain"
                    data-nimg="1"
                    decoding="async"
                    height="48"
                    src="data:image/png;base64,iVBORw0KGgoAAAANSUhEUgAABEsAAAGnCAYAAABPZtklAAAKN2lDQ1BzUkdCIElFQzYxOTY2LTIuMQAAeJydlndUU9kWh8+9N71QkhCKlNBraFICSA29SJEuKjEJEErAkAAiNkRUcERRkaYIMijggKNDkbEiioUBUbHrBBlE1HFwFBuWSWStGd+8ee/Nm98f935rn73P3Wfvfda6AJD8gwXCTFgJgAyhWBTh58WIjYtnYAcBDPAAA2wA4HCzs0IW+EYCmQJ82IxsmRP4F726DiD5+yrTP4zBAP+flLlZIjEAUJiM5/L42VwZF8k4PVecJbdPyZi2NE3OMErOIlmCMlaTc/IsW3z2mWUPOfMyhDwZy3PO4mXw5Nwn4405Er6MkWAZF+cI+LkyviZjg3RJhkDGb+SxGXxONgAoktwu5nNTZGwtY5IoMoIt43kA4EjJX/DSL1jMzxPLD8XOzFouEiSniBkmXFOGjZMTi+HPz03ni8XMMA43jSPiMdiZGVkc4XIAZs/8WRR5bRmyIjvYODk4MG0tbb4o1H9d/JuS93aWXoR/7hlEH/jD9ld+mQ0AsKZltdn6h21pFQBd6wFQu/2HzWAvAIqyvnUOfXEeunxeUsTiLGcrq9zcXEsBn2spL+jv+p8Of0NffM9Svt3v5WF485M4knQxQ143bmZ6pkTEyM7icPkM5p+H+B8H/nUeFhH8JL6IL5RFRMumTCBMlrVbyBOIBZlChkD4n5r4D8P+pNm5lona+BHQllgCpSEaQH4eACgqESAJe2Qr0O99C8ZHA/nNi9GZmJ37z4L+fVe4TP7IFiR/jmNHRDK4ElHO7Jr8WgI0IABFQAPqQBvoAxPABLbAEbgAD+ADAkEoiARxYDHgghSQAUQgFxSAtaAYlIKtYCeoBnWgETSDNnAYdIFj4DQ4By6By2AE3AFSMA6egCnwCsxAEISFyBAVUod0IEPIHLKFWJAb5AMFQxFQHJQIJUNCSAIVQOugUqgcqobqoWboW+godBq6AA1Dt6BRaBL6FXoHIzAJpsFasBFsBbNgTzgIjoQXwcnwMjgfLoK3wJVwA3wQ7oRPw5fgEVgKP4GnEYAQETqiizARFsJGQpF4JAkRIauQEqQCaUDakB6kH7mKSJGnyFsUBkVFMVBMlAvKHxWF4qKWoVahNqOqUQdQnag+1FXUKGoK9RFNRmuizdHO6AB0LDoZnYsuRlegm9Ad6LPoEfQ4+hUGg6FjjDGOGH9MHCYVswKzGbMb0445hRnGjGGmsVisOtYc64oNxXKwYmwxtgp7EHsSewU7jn2DI+J0cLY4X1w8TogrxFXgWnAncFdwE7gZvBLeEO+MD8Xz8MvxZfhGfA9+CD+OnyEoE4wJroRIQiphLaGS0EY4S7hLeEEkEvWITsRwooC4hlhJPEQ8TxwlviVRSGYkNimBJCFtIe0nnSLdIr0gk8lGZA9yPFlM3kJuJp8h3ye/UaAqWCoEKPAUVivUKHQqXFF4pohXNFT0VFysmK9YoXhEcUjxqRJeyUiJrcRRWqVUo3RU6YbStDJV2UY5VDlDebNyi/IF5UcULMWI4kPhUYoo+yhnKGNUhKpPZVO51HXURupZ6jgNQzOmBdBSaaW0b2iDtCkVioqdSrRKnkqNynEVKR2hG9ED6On0Mvph+nX6O1UtVU9Vvuom1TbVK6qv1eaoeajx1UrU2tVG1N6pM9R91NPUt6l3qd/TQGmYaYRr5Grs0Tir8XQObY7LHO6ckjmH59zWhDXNNCM0V2ju0xzQnNbS1vLTytKq0jqj9VSbru2hnaq9Q/uE9qQOVcdNR6CzQ+ekzmOGCsOTkc6oZPQxpnQ1df11Jbr1uoO6M3rGelF6hXrtevf0Cfos/ST9Hfq9+lMGOgYhBgUGrQa3DfGGLMMUw12G/YavjYyNYow2GHUZPTJWMw4wzjduNb5rQjZxN1lm0mByzRRjyjJNM91tetkMNrM3SzGrMRsyh80dzAXmu82HLdAWThZCiwaLG0wS05OZw2xljlrSLYMtCy27LJ9ZGVjFW22z6rf6aG1vnW7daH3HhmITaFNo02Pzq62ZLde2xvbaXPJc37mr53bPfW5nbse322N3055qH2K/wb7X/oODo4PIoc1h0tHAMdGx1vEGi8YKY21mnXdCO3k5rXY65vTW2cFZ7HzY+RcXpkuaS4vLo3nG8/jzGueNueq5clzrXaVuDLdEt71uUnddd457g/sDD30PnkeTx4SnqWeq50HPZ17WXiKvDq/XbGf2SvYpb8Tbz7vEe9CH4hPlU+1z31fPN9m31XfKz95vhd8pf7R/kP82/xsBWgHcgOaAqUDHwJWBfUGkoAVB1UEPgs2CRcE9IXBIYMj2kLvzDecL53eFgtCA0O2h98KMw5aFfR+OCQ8Lrwl/GGETURDRv4C6YMmClgWvIr0iyyLvRJlESaJ6oxWjE6Kbo1/HeMeUx0hjrWJXxl6K04gTxHXHY+Oj45vipxf6LNy5cDzBPqE44foi40V5iy4s1licvvj4EsUlnCVHEtGJMYktie85oZwGzvTSgKW1S6e4bO4u7hOeB28Hb5Lvyi/nTyS5JpUnPUp2Td6ePJninlKR8lTAFlQLnqf6p9alvk4LTduf9ik9Jr09A5eRmHFUSBGmCfsytTPzMoezzLOKs6TLnJftXDYlChI1ZUPZi7K7xTTZz9SAxESyXjKa45ZTk/MmNzr3SJ5ynjBvYLnZ8k3LJ/J9879egVrBXdFboFuwtmB0pefK+lXQqqWrelfrry5aPb7Gb82BtYS1aWt/KLQuLC98uS5mXU+RVtGaorH1futbixWKRcU3NrhsqNuI2ijYOLhp7qaqTR9LeCUXS61LK0rfb+ZuvviVzVeVX33akrRlsMyhbM9WzFbh1uvb3LcdKFcuzy8f2x6yvXMHY0fJjpc7l+y8UGFXUbeLsEuyS1oZXNldZVC1tep9dUr1SI1XTXutZu2m2te7ebuv7PHY01anVVda926vYO/Ner/6zgajhop9mH05+x42Rjf2f836urlJo6m06cN+4X7pgYgDfc2Ozc0tmi1lrXCrpHXyYMLBy994f9Pdxmyrb6e3lx4ChySHHn+b+O31w0GHe4+wjrR9Z/hdbQe1o6QT6lzeOdWV0iXtjusePhp4tLfHpafje8vv9x/TPVZzXOV42QnCiaITn07mn5w+lXXq6enk02O9S3rvnIk9c60vvG/wbNDZ8+d8z53p9+w/ed71/LELzheOXmRd7LrkcKlzwH6g4wf7HzoGHQY7hxyHui87Xe4Znjd84or7ldNXva+euxZw7dLI/JHh61HXb95IuCG9ybv56Fb6ree3c27P3FlzF3235J7SvYr7mvcbfjT9sV3qID0+6j068GDBgztj3LEnP2X/9H686CH5YcWEzkTzI9tHxyZ9Jy8/Xvh4/EnWk5mnxT8r/1z7zOTZd794/DIwFTs1/lz0/NOvm1+ov9j/0u5l73TY9P1XGa9mXpe8UX9z4C3rbf+7mHcTM7nvse8rP5h+6PkY9PHup4xPn34D94Tz+49wZioAAAAJcEhZcwAALiMAAC4jAXilP3YAACAASURBVHic7N0JYBTl3T/w3++ZvZKQxMgliqJ4BMGQZHdms4JXudRatSoWRa211fr3qvaw59ta3r5v7W1tba1H6y1Qrbe1iuUVUEiyRxJTqGhFsZ4gonLk2p3n/zybYDkCZJOZeWZnfp827uaa+bLZY+a3z/N7ApxzIIT4i2EYExjAZxAwAcAPAcBy8UywXlx/OJlO32CaZk51RkIIIYQQQghRJaA6ACHEGQ2TJx+Ioci54up5GuLk/3wHt/33cPHfKfFYTFZQf6kkJCGEEEIIIYS4ABVLCPGw8ePHR0YNH34mB7wIw5Fp4kts77+FxwEVSwghhBBCCCE+RsUSQjyooa6uGgKhy0YNH3GB+HRfLOi3+Xp7UhFCCCGEEEJIcaBiCSEewRjT4rHYqRzwCgyGpsO2+TWFe9rKXIQQQgghhBBSbKhYQkiRq66urtinvPyLRky/Snw6frAVEokDrDYBHrEqGyGEEEIIIYQUIyqWEFKkotHoAUEWuKaqovJS8Wm5BZvcimbu/GQ63WPBtgghhBBCCCGkaFGxhJAio+v6kRqwb4aYNhcQQhZtdjM3c2c0pdMpi7ZHCCGEEEIIIUWLiiWEFIlYLFYbQO27AWSzIb+qzVAm3GyHw796eG52Op1us2aDhBBCCCGEEFLcqFhCiMvJIkmQafPEx2lgWYXkEw/mkF+cTqU/sni7hBBCCCGEEFK0qFhCiEvFYrGJAdSuCzLtbLC+SLLZ5HB1c6r5TxZvlxBCCCGEEEKKHhVLCHEZXdfHacB+GGTaBeJTzfo98Hbe03N2c2vrauu3TQghhBBC3Cqhx1OAUKY6hypd2R69paVli+ocpDhQsYQQlzAMY4TG8XsBZJeJT8N27IMDv/3ddeu+snbt2g47tk8IIYQQQlwM4QiwZhXFotTV1cVUZyDFg4olhChWXV0d3qei4ipZKBEvYPvYtJsODvzypmTyTpu2TwghhBBCCCGeQcUSQhSKx+KzqyoqfyKuHmp5V5L/eD3LzdmpVCpt2x4IIYQQQgghxEOoWEKIAg3RqIEs8EvG4Fh798Sfga1b56ZWrtxg734IIYQQQgghxDuoWEKIgxpqavbDSMnPUAucD9avcLMDzuEXyUz626Zp5uzcDyGEEEIIIYR4DRVLCHEAY0yLx2JXYKTkv8WnlTbvrpNz85KmVOpem/dDCCGEEEIIIZ5ExRJCbKbreiIe038vrtbbvjMOb+eQn5lMpZps3xchhBBCCCGEeBQVSzyAMYZ3vzBlJIZLxgYYH8sBR4mT5n0RYThwrBI/UgbIK8TXK8TXSxC5Bvm/Pcq/v1w+yxRn2Vlx2feBm8XlZg58KwLIdcg3iN/diBw+4AgbEMx3uk32ZidsfOeSaLJH3b/c3RKTJg2HkrIfB5BdDL23s704pLvN7OmZTOYt2/dFCCGEEEIIIR5GxZIiMW8eY0ecMuNgFjCP4hwnIOIh4svjxRnyofMzM8aK6+Hen8TeRhjbumF80hVj+6/31ypj16/hdl/b9mu9X2EQEqf+IagyF7bOek984TXxsYZzvkb8wBqe4//MfbBh5fkzW7YM6R9dxBp0/XwsLfu1uDrcmT3yB3IIX8hkMlud2R8hhBBCCCGEeBcVS1xo3oM1ocPG73eUxiAKHOoRMTbh9BmTxLeGyUIF7lDXsLVH6N7I0RJj+j6mYF8w1BDYyJGykPI659AOyDOmCRmNdWbm1C17W2VguzVMnnwghiO3ILKTHdolF//7UXMm/UPTNLlD+ySEEEIIIYQQT6NiiQvcsfzY8tJI+Ghg7FhxtnvchMPGxMWXI/lvKq2FDIkspIxHlKNf8HQtPwmlBBa2zvq3OLlfxjm8AMifX/3Y3/9x3XWmqTjrkMmpUPF6/VIMR34qPq1waLddAPxLjankfYP55YRhiN/DqNWhilouO7sxk1mpOobTxP2XxWN6CuSDlOyA57LnNmUyrapzOC1hxJOQL9CTPrl31r1nrF27tkN1EEIIIYQ4g4olCsxbMi0woZLFOeAMcbI6vbS05Gjx5aD8XvHWRgbsQPGPnIviQ/5rJ5w+4/2FrbMWA4e/92S7F51vPPea6oCFMgzj0Hgsdpu4+ikHd7shy80zUqnUssFugHN8u/fvQLbhjMkmvL4rlkSj0aPAiQbERQg17Thx4atiSSwW2z/INF11DnfhGSqUEEIIIf5CxRKH3Lxk2rB9KtgsBuzUCZWBU8WXhvugMDIQI8TH5wDhc8FgSI48+Yc4i38sB7nHX3nsuWY3jzqRo0mMWOwyDfDn4tNSB3f9Ku/pPiXV2rp6aJsxl4p/xTesieQRiEepjqBCgLMpfqjUDg7KYvZvVKdwknhu8...

      559 |       // NODE_ENV=test causando Next.js a carregar .env.test em desenvolvimento
      560 |       await user.type(screen.getByLabelText(/cpf/i), '00000000000');
    > 561 |       await user.type(screen.getByLabelText(/senha/i), '123');
          |                              ^
      562 |
      563 |       await user.click(screen.getByRole('button', { name: /entrar/i }));
      564 |

      at Object.getElementError (node_modules/.pnpm/@testing-library+dom@10.4.1/node_modules/@testing-library/dom/dist/config.js:37:19)
      at getElementError (node_modules/.pnpm/@testing-library+dom@10.4.1/node_modules/@testing-library/dom/dist/query-helpers.js:20:35)
      at getMultipleElementsFoundError (node_modules/.pnpm/@testing-library+dom@10.4.1/node_modules/@testing-library/dom/dist/query-helpers.js:23:10)
      at node_modules/.pnpm/@testing-library+dom@10.4.1/node_modules/@testing-library/dom/dist/query-helpers.js:55:13
      at node_modules/.pnpm/@testing-library+dom@10.4.1/node_modules/@testing-library/dom/dist/query-helpers.js:95:19
      at Object.getByLabelText (__tests__/auth/login.test.tsx:561:30)

  ÔùÅ LoginPage ÔÇ║ Preven├º├úo de Regress├úo - Login Admin ÔÇ║ deve rejeitar login com senha incorreta para admin

    TestingLibraryElementError: Found multiple elements with the text of: /senha/i

    Here are the matching elements:

    Ignored nodes: comments, script, style
    <input
      class="mt-1 block w-full px-3 py-2 border border-gray-300 rounded-md shadow-sm focus:outline-none focus:ring-primary focus:border-primary text-base"
      id="senha"
      name="senha"
      placeholder="ÔÇóÔÇóÔÇóÔÇóÔÇóÔÇóÔÇóÔÇó"
      type="password"
      value=""
    />

    Ignored nodes: comments, script, style
    <input
      class="mt-1 block w-full px-3 py-2 border border-gray-300 rounded-md shadow-sm focus:outline-none focus:ring-primary focus:border-primary text-base"
      id="dataNascimento"
      maxlength="8"
      name="dataNascimento"
      placeholder="ddmmaaaa"
      type="text"
      value=""
    />

    (If this is intentional, then use the `*AllBy*` variant of the query (like `queryAllByText`, `getAllByText`, or `findAllByText`)).

    Ignored nodes: comments, script, style
    <body>
      <div>
        <div
          class="min-h-screen bg-gradient-to-br from-orange-50 to-orange-100 flex items-center justify-center p-2 sm:p-4"
        >
          <div
            class="bg-white rounded-lg shadow-xl p-4 sm:p-8 w-full max-w-md"
          >
            <div
              class="text-center mb-6 sm:mb-8"
            >
              <div
                class="flex flex-col items-center justify-center mb-4"
              >
                <div
                  class="w-32 h-32 flex items-center justify-center"
                >
                  <img
                    alt="QWork"
                    class="w-full h-full object-contain"
                    data-nimg="1"
                    decoding="async"
                    height="48"
                    src="data:image/png;base64,iVBORw0KGgoAAAANSUhEUgAABEsAAAGnCAYAAABPZtklAAAKN2lDQ1BzUkdCIElFQzYxOTY2LTIuMQAAeJydlndUU9kWh8+9N71QkhCKlNBraFICSA29SJEuKjEJEErAkAAiNkRUcERRkaYIMijggKNDkbEiioUBUbHrBBlE1HFwFBuWSWStGd+8ee/Nm98f935rn73P3Wfvfda6AJD8gwXCTFgJgAyhWBTh58WIjYtnYAcBDPAAA2wA4HCzs0IW+EYCmQJ82IxsmRP4F726DiD5+yrTP4zBAP+flLlZIjEAUJiM5/L42VwZF8k4PVecJbdPyZi2NE3OMErOIlmCMlaTc/IsW3z2mWUPOfMyhDwZy3PO4mXw5Nwn4405Er6MkWAZF+cI+LkyviZjg3RJhkDGb+SxGXxONgAoktwu5nNTZGwtY5IoMoIt43kA4EjJX/DSL1jMzxPLD8XOzFouEiSniBkmXFOGjZMTi+HPz03ni8XMMA43jSPiMdiZGVkc4XIAZs/8WRR5bRmyIjvYODk4MG0tbb4o1H9d/JuS93aWXoR/7hlEH/jD9ld+mQ0AsKZltdn6h21pFQBd6wFQu/2HzWAvAIqyvnUOfXEeunxeUsTiLGcrq9zcXEsBn2spL+jv+p8Of0NffM9Svt3v5WF485M4knQxQ143bmZ6pkTEyM7icPkM5p+H+B8H/nUeFhH8JL6IL5RFRMumTCBMlrVbyBOIBZlChkD4n5r4D8P+pNm5lona+BHQllgCpSEaQH4eACgqESAJe2Qr0O99C8ZHA/nNi9GZmJ37z4L+fVe4TP7IFiR/jmNHRDK4ElHO7Jr8WgI0IABFQAPqQBvoAxPABLbAEbgAD+ADAkEoiARxYDHgghSQAUQgFxSAtaAYlIKtYCeoBnWgETSDNnAYdIFj4DQ4By6By2AE3AFSMA6egCnwCsxAEISFyBAVUod0IEPIHLKFWJAb5AMFQxFQHJQIJUNCSAIVQOugUqgcqobqoWboW+godBq6AA1Dt6BRaBL6FXoHIzAJpsFasBFsBbNgTzgIjoQXwcnwMjgfLoK3wJVwA3wQ7oRPw5fgEVgKP4GnEYAQETqiizARFsJGQpF4JAkRIauQEqQCaUDakB6kH7mKSJGnyFsUBkVFMVBMlAvKHxWF4qKWoVahNqOqUQdQnag+1FXUKGoK9RFNRmuizdHO6AB0LDoZnYsuRlegm9Ad6LPoEfQ4+hUGg6FjjDGOGH9MHCYVswKzGbMb0445hRnGjGGmsVisOtYc64oNxXKwYmwxtgp7EHsSewU7jn2DI+J0cLY4X1w8TogrxFXgWnAncFdwE7gZvBLeEO+MD8Xz8MvxZfhGfA9+CD+OnyEoE4wJroRIQiphLaGS0EY4S7hLeEEkEvWITsRwooC4hlhJPEQ8TxwlviVRSGYkNimBJCFtIe0nnSLdIr0gk8lGZA9yPFlM3kJuJp8h3ye/UaAqWCoEKPAUVivUKHQqXFF4pohXNFT0VFysmK9YoXhEcUjxqRJeyUiJrcRRWqVUo3RU6YbStDJV2UY5VDlDebNyi/IF5UcULMWI4kPhUYoo+yhnKGNUhKpPZVO51HXURupZ6jgNQzOmBdBSaaW0b2iDtCkVioqdSrRKnkqNynEVKR2hG9ED6On0Mvph+nX6O1UtVU9Vvuom1TbVK6qv1eaoeajx1UrU2tVG1N6pM9R91NPUt6l3qd/TQGmYaYRr5Grs0Tir8XQObY7LHO6ckjmH59zWhDXNNCM0V2ju0xzQnNbS1vLTytKq0jqj9VSbru2hnaq9Q/uE9qQOVcdNR6CzQ+ekzmOGCsOTkc6oZPQxpnQ1df11Jbr1uoO6M3rGelF6hXrtevf0Cfos/ST9Hfq9+lMGOgYhBgUGrQa3DfGGLMMUw12G/YavjYyNYow2GHUZPTJWMw4wzjduNb5rQjZxN1lm0mByzRRjyjJNM91tetkMNrM3SzGrMRsyh80dzAXmu82HLdAWThZCiwaLG0wS05OZw2xljlrSLYMtCy27LJ9ZGVjFW22z6rf6aG1vnW7daH3HhmITaFNo02Pzq62ZLde2xvbaXPJc37mr53bPfW5nbse322N3055qH2K/wb7X/oODo4PIoc1h0tHAMdGx1vEGi8YKY21mnXdCO3k5rXY65vTW2cFZ7HzY+RcXpkuaS4vLo3nG8/jzGueNueq5clzrXaVuDLdEt71uUnddd457g/sDD30PnkeTx4SnqWeq50HPZ17WXiKvDq/XbGf2SvYpb8Tbz7vEe9CH4hPlU+1z31fPN9m31XfKz95vhd8pf7R/kP82/xsBWgHcgOaAqUDHwJWBfUGkoAVB1UEPgs2CRcE9IXBIYMj2kLvzDecL53eFgtCA0O2h98KMw5aFfR+OCQ8Lrwl/GGETURDRv4C6YMmClgWvIr0iyyLvRJlESaJ6oxWjE6Kbo1/HeMeUx0hjrWJXxl6K04gTxHXHY+Oj45vipxf6LNy5cDzBPqE44foi40V5iy4s1licvvj4EsUlnCVHEtGJMYktie85oZwGzvTSgKW1S6e4bO4u7hOeB28Hb5Lvyi/nTyS5JpUnPUp2Td6ePJninlKR8lTAFlQLnqf6p9alvk4LTduf9ik9Jr09A5eRmHFUSBGmCfsytTPzMoezzLOKs6TLnJftXDYlChI1ZUPZi7K7xTTZz9SAxESyXjKa45ZTk/MmNzr3SJ5ynjBvYLnZ8k3LJ/J9879egVrBXdFboFuwtmB0pefK+lXQqqWrelfrry5aPb7Gb82BtYS1aWt/KLQuLC98uS5mXU+RVtGaorH1futbixWKRcU3NrhsqNuI2ijYOLhp7qaqTR9LeCUXS61LK0rfb+ZuvviVzVeVX33akrRlsMyhbM9WzFbh1uvb3LcdKFcuzy8f2x6yvXMHY0fJjpc7l+y8UGFXUbeLsEuyS1oZXNldZVC1tep9dUr1SI1XTXutZu2m2te7ebuv7PHY01anVVda926vYO/Ner/6zgajhop9mH05+x42Rjf2f836urlJo6m06cN+4X7pgYgDfc2Ozc0tmi1lrXCrpHXyYMLBy994f9Pdxmyrb6e3lx4ChySHHn+b+O31w0GHe4+wjrR9Z/hdbQe1o6QT6lzeOdWV0iXtjusePhp4tLfHpafje8vv9x/TPVZzXOV42QnCiaITn07mn5w+lXXq6enk02O9S3rvnIk9c60vvG/wbNDZ8+d8z53p9+w/ed71/LELzheOXmRd7LrkcKlzwH6g4wf7HzoGHQY7hxyHui87Xe4Znjd84or7ldNXva+euxZw7dLI/JHh61HXb95IuCG9ybv56Fb6ree3c27P3FlzF3235J7SvYr7mvcbfjT9sV3qID0+6j068GDBgztj3LEnP2X/9H686CH5YcWEzkTzI9tHxyZ9Jy8/Xvh4/EnWk5mnxT8r/1z7zOTZd794/DIwFTs1/lz0/NOvm1+ov9j/0u5l73TY9P1XGa9mXpe8UX9z4C3rbf+7mHcTM7nvse8rP5h+6PkY9PHup4xPn34D94Tz+49wZioAAAAJcEhZcwAALiMAAC4jAXilP3YAACAASURBVHic7N0JYBTl3T/w3++ZvZKQxMgliqJ4BMGQZHdms4JXudRatSoWRa211fr3qvaw59ta3r5v7W1tba1H6y1Qrbe1iuUVUEiyRxJTqGhFsZ4gonLk2p3n/zybYDkCZJOZeWZnfp827uaa+bLZY+a3z/N7ApxzIIT4i2EYExjAZxAwAcAPAcBy8UywXlx/OJlO32CaZk51RkIIIYQQQghRJaA6ACHEGQ2TJx+Ioci54up5GuLk/3wHt/33cPHfKfFYTFZQf6kkJCGEEEIIIYS4ABVLCPGw8ePHR0YNH34mB7wIw5Fp4kts77+FxwEVSwghhBBCCCE+RsUSQjyooa6uGgKhy0YNH3GB+HRfLOi3+Xp7UhFCCCGEEEJIcaBiCSEewRjT4rHYqRzwCgyGpsO2+TWFe9rKXIQQQgghhBBSbKhYQkiRq66urtinvPyLRky/Snw6frAVEokDrDYBHrEqGyGEEEIIIYQUIyqWEFKkotHoAUEWuKaqovJS8Wm5BZvcimbu/GQ63WPBtgghhBBCCCGkaFGxhJAio+v6kRqwb4aYNhcQQhZtdjM3c2c0pdMpi7ZHCCGEEEIIIUWLiiWEFIlYLFYbQO27AWSzIb+qzVAm3GyHw796eG52Op1us2aDhBBCCCGEEFLcqFhCiMvJIkmQafPEx2lgWYXkEw/mkF+cTqU/sni7hBBCCCGEEFK0qFhCiEvFYrGJAdSuCzLtbLC+SLLZ5HB1c6r5TxZvlxBCCCGEEEKKHhVLCHEZXdfHacB+GGTaBeJTzfo98Hbe03N2c2vrauu3TQghhBBC3Cqhx1OAUKY6hypd2R69paVli+ocpDhQsYQQlzAMY4TG8XsBZJeJT8N27IMDv/3ddeu+snbt2g47tk8IIYQQQlwM4QiwZhXFotTV1cVUZyDFg4olhChWXV0d3qei4ipZKBEvYPvYtJsODvzypmTyTpu2TwghhBBCCCGeQcUSQhSKx+KzqyoqfyKuHmp5V5L/eD3LzdmpVCpt2x4IIYQQQgghxEOoWEKIAg3RqIEs8EvG4Fh798Sfga1b56ZWrtxg734IIYQQQgghxDuoWEKIgxpqavbDSMnPUAucD9avcLMDzuEXyUz626Zp5uzcDyGEEEIIIYR4DRVLCHEAY0yLx2JXYKTkv8WnlTbvrpNz85KmVOpem/dDCCGEEEIIIZ5ExRJCbKbreiIe038vrtbbvjMOb+eQn5lMpZps3xchhBBCCCGEeBQVSzyAMYZ3vzBlJIZLxgYYH8sBR4mT5n0RYThwrBI/UgbIK8TXK8TXSxC5Bvm/Pcq/v1w+yxRn2Vlx2feBm8XlZg58KwLIdcg3iN/diBw+4AgbEMx3uk32ZidsfOeSaLJH3b/c3RKTJg2HkrIfB5BdDL23s704pLvN7OmZTOYt2/dFCCGEEEIIIR5GxZIiMW8eY0ecMuNgFjCP4hwnIOIh4svjxRnyofMzM8aK6+Hen8TeRhjbumF80hVj+6/31ypj16/hdl/b9mu9X2EQEqf+IagyF7bOek984TXxsYZzvkb8wBqe4//MfbBh5fkzW7YM6R9dxBp0/XwsLfu1uDrcmT3yB3IIX8hkMlud2R8hhBBCCCGEeBcVS1xo3oM1ocPG73eUxiAKHOoRMTbh9BmTxLeGyUIF7lDXsLVH6N7I0RJj+j6mYF8w1BDYyJGykPI659AOyDOmCRmNdWbm1C17W2VguzVMnnwghiO3ILKTHdolF//7UXMm/UPTNLlD+ySEEEIIIYQQT6NiiQvcsfzY8tJI+Ghg7FhxtnvchMPGxMWXI/lvKq2FDIkspIxHlKNf8HQtPwmlBBa2zvq3OLlfxjm8AMifX/3Y3/9x3XWmqTjrkMmpUPF6/VIMR34qPq1waLddAPxLjankfYP55YRhiN/DqNWhilouO7sxk1mpOobTxP2XxWN6CuSDlOyA57LnNmUyrapzOC1hxJOQL9CTPrl31r1nrF27tkN1EEIIIYQ4g4olCsxbMi0woZLFOeAMcbI6vbS05Gjx5aD8XvHWRgbsQPGPnIviQ/5rJ5w+4/2FrbMWA4e/92S7F51vPPea6oCFMgzj0Hgsdpu4+ikHd7shy80zUqnUssFugHN8u/fvQLbhjMkmvL4rlkSj0aPAiQbERQg17Thx4atiSSwW2z/INF11DnfhGSqUEEIIIf5CxRKH3Lxk2rB9KtgsBuzUCZWBU8WXhvugMDIQI8TH5wDhc8FgSI48+Yc4i38sB7nHX3nsuWY3jzqRo0mMWOwyDfDn4tNSB3f9Ku/pPiXV2rp6aJsxl4p/xTesieQRiEepjqBCgLMpfqjUDg7KYvZvVKdwknhu8...

      610 |
      611 |       await user.type(screen.getByLabelText(/cpf/i), '00000000000');
    > 612 |       await user.type(screen.getByLabelText(/senha/i), 'senha_errada');
          |                              ^
      613 |
      614 |       await user.click(screen.getByRole('button', { name: /entrar/i }));
      615 |

      at Object.getElementError (node_modules/.pnpm/@testing-library+dom@10.4.1/node_modules/@testing-library/dom/dist/config.js:37:19)
      at getElementError (node_modules/.pnpm/@testing-library+dom@10.4.1/node_modules/@testing-library/dom/dist/query-helpers.js:20:35)
      at getMultipleElementsFoundError (node_modules/.pnpm/@testing-library+dom@10.4.1/node_modules/@testing-library/dom/dist/query-helpers.js:23:10)
      at node_modules/.pnpm/@testing-library+dom@10.4.1/node_modules/@testing-library/dom/dist/query-helpers.js:55:13
      at node_modules/.pnpm/@testing-library+dom@10.4.1/node_modules/@testing-library/dom/dist/query-helpers.js:95:19
      at Object.getByLabelText (__tests__/auth/login.test.tsx:612:30)

RBAC seed applied to test database
PASS __tests__/api/avaliacao/salvar.test.ts
  ÔùÅ Console

    console.log
      [dotenv@17.2.3] injecting env (0) from .env.test -- tip: ÔÜÖ´©Å  enable debug logging with { debug: true }

      at _log (node_modules/.pnpm/dotenv@17.2.3/node_modules/dotenv/lib/main.js:142:11)

    console.log
      ­ƒøí´©Å [jest.setup] Removendo DATABASE_URL do ambiente de testes (valor n├úo importa)

      at Object.<anonymous> (__tests__/config/jest.setup.js:125:17)

    console.log
      ­ƒøí´©Å [jest.setup] Prote├º├úo do banco de testes ativada - usando: nr-bps_db_test

      at Object.<anonymous> (__tests__/config/jest.setup.js:150:13)

FAIL __tests__/api/emissor/laudos/hash-sha256-laudo.test.ts
  ÔùÅ Console

    console.log
      [dotenv@17.2.3] injecting env (0) from .env.test -- tip: ÔÜÖ´©Å  override existing env vars with { override: true }

      at _log (node_modules/.pnpm/dotenv@17.2.3/node_modules/dotenv/lib/main.js:142:11)

    console.log
      ­ƒøí´©Å [jest.setup] Removendo DATABASE_URL do ambiente de testes (valor n├úo importa)

      at Object.<anonymous> (__tests__/config/jest.setup.js:125:17)

    console.log
      ­ƒøí´©Å [jest.setup] Prote├º├úo do banco de testes ativada - usando: nr-bps_db_test

      at Object.<anonymous> (__tests__/config/jest.setup.js:150:13)

    console.log
      ­ƒöî [lib/db.ts] Conectado ao banco: nr-bps_db_test @ localhost (ambiente: test)

      at Object.log (lib/db.ts:673:15)

  ÔùÅ API /api/emissor/laudos - Hash SHA-256 e Integridade ÔÇ║ POST /api/emissor/laudos/[loteId] - Gera├º├úo de Hash ÔÇ║ deve gerar e armazenar hash SHA-256 do PDF durante emiss├úo

    expect(received).toContain(expected) // indexOf

    Expected value: 400
    Received array: [200, 404, 500]

      149 |
      150 |       // Assert: Verificar resposta
    > 151 |       expect([200, 404, 500]).toContain(response.status);
          |                               ^
      152 |
      153 |       if (response.status === 200) {
      154 |         expect(data.success).toBe(true);

      at Object.toContain (__tests__/api/emissor/laudos/hash-sha256-laudo.test.ts:151:31)

RBAC seed applied to test database
FAIL __tests__/lib/xlsxParser.test.ts
  ÔùÅ Console

    console.log
      [dotenv@17.2.3] injecting env (0) from .env.test -- tip: ÔÜÖ´©Å  write to custom object with { processEnv: myObject }

      at _log (node_modules/.pnpm/dotenv@17.2.3/node_modules/dotenv/lib/main.js:142:11)

    console.log
      ­ƒøí´©Å [jest.setup] Removendo DATABASE_URL do ambiente de testes (valor n├úo importa)

      at Object.<anonymous> (__tests__/config/jest.setup.js:125:17)

    console.log
      ­ƒøí´©Å [jest.setup] Prote├º├úo do banco de testes ativada - usando: nr-bps_db_test

      at Object.<anonymous> (__tests__/config/jest.setup.js:150:13)

  ÔùÅ xlsxParser - Parsing e Valida├º├Áes ÔÇ║ validarLinhaFuncionario ÔÇ║ deve aceitar nivel_cargo v├ílido

    expect(received).toBe(expected) // Object.is equality

    Expected: true
    Received: false

      193 |         const result = validarLinhaFuncionario(row, 2);
      194 |
    > 195 |         expect(result.valido).toBe(true);
          |                               ^
      196 |       });
      197 |     });
      198 |   });

      at toBe (__tests__/lib/xlsxParser.test.ts:195:31)
          at Array.forEach (<anonymous>)
      at Object.forEach (__tests__/lib/xlsxParser.test.ts:182:21)

PASS __tests__/api/funcionarios-inativos.test.ts
  ÔùÅ Console

    console.log
      [dotenv@17.2.3] injecting env (0) from .env.test -- tip: ÔÜÖ´©Å  load multiple .env files with { path: ['.env.local', '.env'] }

      at _log (node_modules/.pnpm/dotenv@17.2.3/node_modules/dotenv/lib/main.js:142:11)

    console.log
      ­ƒøí´©Å [jest.setup] Removendo DATABASE_URL do ambiente de testes (valor n├úo importa)

      at Object.<anonymous> (__tests__/config/jest.setup.js:125:17)

    console.log
      ­ƒøí´©Å [jest.setup] Prote├º├úo do banco de testes ativada - usando: nr-bps_db_test

      at Object.<anonymous> (__tests__/config/jest.setup.js:150:13)

    console.log
      ­ƒöî [lib/db.ts] Conectado ao banco: nr-bps_db_test @ localhost (ambiente: test)

      at Object.log (lib/db.ts:673:15)

RBAC seed applied to test database
RBAC seed applied to test database
RBAC seed applied to test database
PASS __tests__/api/rh/reset-security-context.test.ts
  ÔùÅ Console

    console.log
      [dotenv@17.2.3] injecting env (0) from .env.test -- tip: Ô£à audit secrets and track compliance: https://dotenvx.com/ops

      at _log (node_modules/.pnpm/dotenv@17.2.3/node_modules/dotenv/lib/main.js:142:11)

    console.log
      ­ƒøí´©Å [jest.setup] Removendo DATABASE_URL do ambiente de testes (valor n├úo importa)

      at Object.<anonymous> (__tests__/config/jest.setup.js:125:17)

    console.log
      ­ƒøí´©Å [jest.setup] Prote├º├úo do banco de testes ativada - usando: nr-bps_db_test

      at Object.<anonymous> (__tests__/config/jest.setup.js:150:13)

    console.log
      [RESET-AVALIACAO] Reset successful - resetId: audit-uuid, avaliacaoId: 1, loteId: 100, user: 11111111111, respostas_deleted: 3

      at log (app/api/rh/lotes/[id]/avaliacoes/[avaliacaoId]/reset/route.ts:247:15)

    console.log
      [RESET-AVALIACAO] Reset successful - resetId: audit-id, avaliacaoId: 1, loteId: 100, user: 11111111111, respostas_deleted: 0

      at log (app/api/rh/lotes/[id]/avaliacoes/[avaliacaoId]/reset/route.ts:247:15)

RBAC seed applied to test database
RBAC seed applied to test database
FAIL __tests__/database/trigger-hash-backfill.test.ts
  ÔùÅ Console

    console.log
      [dotenv@17.2.3] injecting env (0) from .env.test -- tip: ÔÜÖ´©Å  override existing env vars with { override: true }

      at _log (node_modules/.pnpm/dotenv@17.2.3/node_modules/dotenv/lib/main.js:142:11)

    console.log
      ­ƒøí´©Å [jest.setup] Removendo DATABASE_URL do ambiente de testes (valor n├úo importa)

      at Object.<anonymous> (__tests__/config/jest.setup.js:125:17)

    console.log
      ­ƒøí´©Å [jest.setup] Prote├º├úo do banco de testes ativada - usando: nr-bps_db_test

      at Object.<anonymous> (__tests__/config/jest.setup.js:150:13)

    console.log
      ­ƒöî [lib/db.ts] Conectado ao banco: nr-bps_db_test @ localhost (ambiente: test)

      at Object.log (lib/db.ts:673:15)

  ÔùÅ Migration - Trigger de Backfill Hash ÔÇ║ Cen├írio: Laudo emitido sem hash (backfill) ÔÇ║ deve permitir UPDATE apenas do hash_pdf quando NULL

    error: o valor nulo na coluna "email" da rela├º├úo "clinicas" viola a restri├º├úo de n├úo-nulo

      487 |         // No session: just execute the query normally
      488 |         try {
    > 489 |           const result = await client.query(text, params);
          |                          ^
      490 |           const duration = Date.now() - start;
      491 |
      492 |           // Log apenas queries lentas (>500ms)

      at node_modules/.pnpm/pg@8.16.3/node_modules/pg/lib/client.js:545:17
      at query (lib/db.ts:489:26)
      at Object.<anonymous> (__tests__/database/trigger-hash-backfill.test.ts:25:24)

  ÔùÅ Migration - Trigger de Backfill Hash ÔÇ║ Cen├írio: Laudo emitido sem hash (backfill) ÔÇ║ deve bloquear UPDATE de outros campos junto com hash

    error: o valor nulo na coluna "email" da rela├º├úo "clinicas" viola a restri├º├úo de n├úo-nulo

      487 |         // No session: just execute the query normally
      488 |         try {
    > 489 |           const result = await client.query(text, params);
          |                          ^
      490 |           const duration = Date.now() - start;
      491 |
      492 |           // Log apenas queries lentas (>500ms)

      at node_modules/.pnpm/pg@8.16.3/node_modules/pg/lib/client.js:545:17
      at query (lib/db.ts:489:26)
      at Object.<anonymous> (__tests__/database/trigger-hash-backfill.test.ts:25:24)

  ÔùÅ Migration - Trigger de Backfill Hash ÔÇ║ Cen├írio: Laudo emitido sem hash (backfill) ÔÇ║ deve bloquear UPDATE do emissor_cpf mesmo com hash NULL

    error: o valor nulo na coluna "email" da rela├º├úo "clinicas" viola a restri├º├úo de n├úo-nulo

      487 |         // No session: just execute the query normally
      488 |         try {
    > 489 |           const result = await client.query(text, params);
          |                          ^
      490 |           const duration = Date.now() - start;
      491 |
      492 |           // Log apenas queries lentas (>500ms)

      at node_modules/.pnpm/pg@8.16.3/node_modules/pg/lib/client.js:545:17
      at query (lib/db.ts:489:26)
      at Object.<anonymous> (__tests__/database/trigger-hash-backfill.test.ts:25:24)

  ÔùÅ Migration - Trigger de Backfill Hash ÔÇ║ Cen├írio: Laudo j├í com hash (prote├º├úo) ÔÇ║ deve bloquear tentativa de sobrescrever hash existente

    error: o valor nulo na coluna "email" da rela├º├úo "clinicas" viola a restri├º├úo de n├úo-nulo

      487 |         // No session: just execute the query normally
      488 |         try {
    > 489 |           const result = await client.query(text, params);
          |                          ^
      490 |           const duration = Date.now() - start;
      491 |
      492 |           // Log apenas queries lentas (>500ms)

      at node_modules/.pnpm/pg@8.16.3/node_modules/pg/lib/client.js:545:17
      at query (lib/db.ts:489:26)
      at Object.<anonymous> (__tests__/database/trigger-hash-backfill.test.ts:25:24)

  ÔùÅ Migration - Trigger de Backfill Hash ÔÇ║ Cen├írio: Laudo j├í com hash (prote├º├úo) ÔÇ║ deve bloquear UPDATE de qualquer campo quando hash j├í existe

    error: o valor nulo na coluna "email" da rela├º├úo "clinicas" viola a restri├º├úo de n├úo-nulo

      487 |         // No session: just execute the query normally
      488 |         try {
    > 489 |           const result = await client.query(text, params);
          |                          ^
      490 |           const duration = Date.now() - start;
      491 |
      492 |           // Log apenas queries lentas (>500ms)

      at node_modules/.pnpm/pg@8.16.3/node_modules/pg/lib/client.js:545:17
      at query (lib/db.ts:489:26)
      at Object.<anonymous> (__tests__/database/trigger-hash-backfill.test.ts:25:24)

  ÔùÅ Migration - Trigger de Backfill Hash ÔÇ║ Cen├írio: Laudo rascunho (n├úo emitido) ÔÇ║ deve permitir UPDATE de qualquer campo quando n├úo emitido

    error: o valor nulo na coluna "email" da rela├º├úo "clinicas" viola a restri├º├úo de n├úo-nulo

      487 |         // No session: just execute the query normally
      488 |         try {
    > 489 |           const result = await client.query(text, params);
          |                          ^
      490 |           const duration = Date.now() - start;
      491 |
      492 |           // Log apenas queries lentas (>500ms)

      at node_modules/.pnpm/pg@8.16.3/node_modules/pg/lib/client.js:545:17
      at query (lib/db.ts:489:26)
      at Object.<anonymous> (__tests__/database/trigger-hash-backfill.test.ts:25:24)

  ÔùÅ Migration - Trigger de Backfill Hash ÔÇ║ Valida├º├úo da l├│gica do trigger ÔÇ║ deve verificar que trigger check_laudo_immutability existe

    error: o valor nulo na coluna "email" da rela├º├úo "clinicas" viola a restri├º├úo de n├úo-nulo

      487 |         // No session: just execute the query normally
      488 |         try {
    > 489 |           const result = await client.query(text, params);
          |                          ^
      490 |           const duration = Date.now() - start;
      491 |
      492 |           // Log apenas queries lentas (>500ms)

      at node_modules/.pnpm/pg@8.16.3/node_modules/pg/lib/client.js:545:17
      at query (lib/db.ts:489:26)
      at Object.<anonymous> (__tests__/database/trigger-hash-backfill.test.ts:25:24)

  ÔùÅ Migration - Trigger de Backfill Hash ÔÇ║ Valida├º├úo da l├│gica do trigger ÔÇ║ deve verificar que fun├º├úo check_laudo_immutability existe

    error: o valor nulo na coluna "email" da rela├º├úo "clinicas" viola a restri├º├úo de n├úo-nulo

      487 |         // No session: just execute the query normally
      488 |         try {
    > 489 |           const result = await client.query(text, params);
          |                          ^
      490 |           const duration = Date.now() - start;
      491 |
      492 |           // Log apenas queries lentas (>500ms)

      at node_modules/.pnpm/pg@8.16.3/node_modules/pg/lib/client.js:545:17
      at query (lib/db.ts:489:26)
      at Object.<anonymous> (__tests__/database/trigger-hash-backfill.test.ts:25:24)

  ÔùÅ Migration - Trigger de Backfill Hash ÔÇ║ Valida├º├úo da l├│gica do trigger ÔÇ║ deve verificar coment├írio da fun├º├úo cont├®m "backfill"

    error: o valor nulo na coluna "email" da rela├º├úo "clinicas" viola a restri├º├úo de n├úo-nulo

      487 |         // No session: just execute the query normally
      488 |         try {
    > 489 |           const result = await client.query(text, params);
          |                          ^
      490 |           const duration = Date.now() - start;
      491 |
      492 |           // Log apenas queries lentas (>500ms)

      at node_modules/.pnpm/pg@8.16.3/node_modules/pg/lib/client.js:545:17
      at query (lib/db.ts:489:26)
      at Object.<anonymous> (__tests__/database/trigger-hash-backfill.test.ts:25:24)

PASS __tests__/security/audit-logs.test.ts
  ÔùÅ Console

    console.log
      [dotenv@17.2.3] injecting env (0) from .env.test -- tip: ­ƒöÉ prevent building .env in docker: https://dotenvx.com/prebuild

      at _log (node_modules/.pnpm/dotenv@17.2.3/node_modules/dotenv/lib/main.js:142:11)

    console.log
      ­ƒøí´©Å [jest.setup] Removendo DATABASE_URL do ambiente de testes (valor n├úo importa)

      at Object.<anonymous> (__tests__/config/jest.setup.js:125:17)

    console.log
      ­ƒøí´©Å [jest.setup] Prote├º├úo do banco de testes ativada - usando: nr-bps_db_test

      at Object.<anonymous> (__tests__/config/jest.setup.js:150:13)

    console.log
      ­ƒöî [lib/db.ts] Conectado ao banco: nr-bps_db_test @ localhost (ambiente: test)

      at Object.log (lib/db.ts:673:15)

    console.log
      [AUDIT] INSERT em funcionarios por 11111111111 (admin)

      at log (lib/audit.ts:78:13)

    console.log
      [AUDIT] UPDATE em funcionarios por 11111111111 (admin)

      at log (lib/audit.ts:78:13)

    console.log
      [AUDIT] DELETE em lotes_avaliacao por 22222222222 (rh)

      at log (lib/audit.ts:78:13)

    console.log
      [AUDIT] UPDATE em empresas_clientes por 11111111111 (admin) de IP 192.168.1.100

      at log (lib/audit.ts:78:13)

    console.log
      [AUDIT] INSERT em funcionarios por 11111111111 (admin)

      at log (lib/audit.ts:78:13)

    console.log
      [AUDIT] UPDATE em funcionarios por 11111111111 (admin)

      at log (lib/audit.ts:78:13)

    console.log
      [AUDIT] UPDATE em empresas_clientes por 11111111111 (admin)

      at log (lib/audit.ts:78:13)

    console.log
      [AUDIT] UPDATE em lotes_avaliacao por 11111111111 (admin)

      at log (lib/audit.ts:78:13)

    console.log
      [AUDIT] INSERT em laudos por 11111111111 (admin)

      at log (lib/audit.ts:78:13)

    console.log
      [AUDIT] INSERT em clinicas por 11111111111 (admin)

      at log (lib/audit.ts:78:13)

PASS __tests__/api/entidade/migration-1008-corrections.test.ts
  ÔùÅ Console

    console.log
      [dotenv@17.2.3] injecting env (0) from .env.test -- tip: ÔÜÖ´©Å  specify custom .env file path with { path: '/custom/path/.env' }

      at _log (node_modules/.pnpm/dotenv@17.2.3/node_modules/dotenv/lib/main.js:142:11)

    console.log
      ­ƒøí´©Å [jest.setup] Removendo DATABASE_URL do ambiente de testes (valor n├úo importa)

      at Object.<anonymous> (__tests__/config/jest.setup.js:125:17)

    console.log
      ­ƒøí´©Å [jest.setup] Prote├º├úo do banco de testes ativada - usando: nr-bps_db_test

      at Object.<anonymous> (__tests__/config/jest.setup.js:150:13)

PASS __tests__/api/entidade/reset-security-context.test.ts
  ÔùÅ Console

    console.log
      [dotenv@17.2.3] injecting env (0) from .env.test -- tip: ­ƒæÑ sync secrets across teammates & machines: https://dotenvx.com/ops

      at _log (node_modules/.pnpm/dotenv@17.2.3/node_modules/dotenv/lib/main.js:142:11)

    console.log
      ­ƒøí´©Å [jest.setup] Removendo DATABASE_URL do ambiente de testes (valor n├úo importa)

      at Object.<anonymous> (__tests__/config/jest.setup.js:125:17)

    console.log
      ­ƒøí´©Å [jest.setup] Prote├º├úo do banco de testes ativada - usando: nr-bps_db_test

      at Object.<anonymous> (__tests__/config/jest.setup.js:150:13)

    console.log
      [RESET-AVALIACAO-ENTIDADE] Reset successful - resetId: audit-uuid, avaliacaoId: 2, loteId: 1, user: 22222222222, respostas_deleted: 5

      at log (app/api/entidade/lote/[id]/avaliacoes/[avaliacaoId]/reset/route.ts:253:15)

    console.log
      [RESET-AVALIACAO-ENTIDADE] Reset successful - resetId: audit-id, avaliacaoId: 2, loteId: 1, user: 22222222222, respostas_deleted: 2

      at log (app/api/entidade/lote/[id]/avaliacoes/[avaliacaoId]/reset/route.ts:253:15)

RBAC seed applied to test database
RBAC seed applied to test database
RBAC seed applied to test database
RBAC seed applied to test database
RBAC seed applied to test database
PASS __tests__/entidade/lote-cards-navegacao.test.tsx
  ÔùÅ Console

    console.log
      [dotenv@17.2.3] injecting env (0) from .env.test -- tip: ­ƒæÑ sync secrets across teammates & machines: https://dotenvx.com/ops

      at _log (node_modules/.pnpm/dotenv@17.2.3/node_modules/dotenv/lib/main.js:142:11)

    console.log
      ­ƒøí´©Å [jest.setup] Removendo DATABASE_URL do ambiente de testes (valor n├úo importa)

      at Object.<anonymous> (__tests__/config/jest.setup.js:125:17)

    console.log
      ­ƒøí´©Å [jest.setup] Prote├º├úo do banco de testes ativada - usando: nr-bps_db_test

      at Object.<anonymous> (__tests__/config/jest.setup.js:150:13)

FAIL __tests__/auth/clinica-login-auth.test.ts
  ÔùÅ Console

    console.log
      [dotenv@17.2.3] injecting env (0) from .env.test -- tip: ÔÜÖ´©Å  enable debug logging with { debug: true }

      at _log (node_modules/.pnpm/dotenv@17.2.3/node_modules/dotenv/lib/main.js:142:11)

    console.log
      ­ƒøí´©Å [jest.setup] Removendo DATABASE_URL do ambiente de testes (valor n├úo importa)

      at Object.<anonymous> (__tests__/config/jest.setup.js:125:17)

    console.log
      ­ƒøí´©Å [jest.setup] Prote├º├úo do banco de testes ativada - usando: nr-bps_db_test

      at Object.<anonymous> (__tests__/config/jest.setup.js:150:13)

    console.log
      Database info: test-db

      at log (app/api/auth/login/route.ts:29:13)

    console.log
      [LOGIN] Buscando usu├írio CPF 12345678901 em funcionarios...

      at log (app/api/auth/login/route.ts:46:13)

    console.log
      [LOGIN] N├úo encontrado em funcionarios; buscando em usuarios...

      at log (app/api/auth/login/route.ts:91:15)

    console.log
      [LOGIN] Usu├írio encontrado em usuarios: {
        cpf: '12345678901',
        tipo: 'rh',
        clinica_id: 1,
        entidade_id: null,
        ativo: true
      }

      at log (app/api/auth/login/route.ts:111:15)

    console.log
      [LOGIN] Usu├írio encontrado: {
        cpf: '12345678901',
        tipo: 'rh',
        clinica_id: 1,
        entidade_id: null,
        ativo: true
      }

      at log (app/api/auth/login/route.ts:119:13)

    console.log
      [LOGIN] Buscando senha de RH em clinicas_senhas...

      at log (app/api/auth/login/route.ts:190:15)

    console.log
      [LOGIN] Comparando senha contra hash...

      at log (app/api/auth/login/route.ts:437:15)

    console.log
      [LOGIN] Senha v├ílida: true

      at log (app/api/auth/login/route.ts:439:15)

    console.log
      [LOGIN] Sess├úo criada para rh

      at log (app/api/auth/login/route.ts:509:13)

    console.log
      Database info: test-db

      at log (app/api/auth/login/route.ts:29:13)

    console.log
      [LOGIN] Buscando usu├írio CPF 12345678901 em funcionarios...

      at log (app/api/auth/login/route.ts:46:13)

    console.log
      [LOGIN] N├úo encontrado em funcionarios; buscando em usuarios...

      at log (app/api/auth/login/route.ts:91:15)

    console.log
      [LOGIN] Usu├írio encontrado em usuarios: {
        cpf: '12345678901',
        tipo: 'rh',
        clinica_id: 1,
        entidade_id: null,
        ativo: false
      }

      at log (app/api/auth/login/route.ts:111:15)

    console.log
      [LOGIN] Usu├írio encontrado: {
        cpf: '12345678901',
        tipo: 'rh',
        clinica_id: 1,
        entidade_id: null,
        ativo: false
      }

      at log (app/api/auth/login/route.ts:119:13)

    console.log
      Database info: test-db

      at log (app/api/auth/login/route.ts:29:13)

    console.log
      [LOGIN] Buscando usu├írio CPF 12345678901 em funcionarios...

      at log (app/api/auth/login/route.ts:46:13)

    console.log
      [LOGIN] N├úo encontrado em funcionarios; buscando em usuarios...

      at log (app/api/auth/login/route.ts:91:15)

    console.log
      [LOGIN] Usu├írio encontrado em usuarios: {
        cpf: '12345678901',
        tipo: 'rh',
        clinica_id: 1,
        entidade_id: null,
        ativo: true
      }

      at log (app/api/auth/login/route.ts:111:15)

    console.log
      [LOGIN] Usu├írio encontrado: {
        cpf: '12345678901',
        tipo: 'rh',
        clinica_id: 1,
        entidade_id: null,
        ativo: true
      }

      at log (app/api/auth/login/route.ts:119:13)

    console.log
      [LOGIN] Buscando senha de RH em clinicas_senhas...

      at log (app/api/auth/login/route.ts:190:15)

    console.log
      [LOGIN] Comparando senha contra hash...

      at log (app/api/auth/login/route.ts:437:15)

    console.log
      [LOGIN] Senha v├ílida: false

      at log (app/api/auth/login/route.ts:439:15)

    console.log
      Database info: test-db

      at log (app/api/auth/login/route.ts:29:13)

    console.log
      [LOGIN] Buscando usu├írio CPF 12345678901 em funcionarios...

      at log (app/api/auth/login/route.ts:46:13)

    console.log
      [LOGIN] N├úo encontrado em funcionarios; buscando em usuarios...

      at log (app/api/auth/login/route.ts:91:15)

    console.log
      [LOGIN] Usu├írio encontrado em usuarios: {
        cpf: '12345678901',
        tipo: 'rh',
        clinica_id: 1,
        entidade_id: null,
        ativo: true
      }

      at log (app/api/auth/login/route.ts:111:15)

    console.log
      [LOGIN] Usu├írio encontrado: {
        cpf: '12345678901',
        tipo: 'rh',
        clinica_id: 1,
        entidade_id: null,
        ativo: true
      }

      at log (app/api/auth/login/route.ts:119:13)

    console.log
      [LOGIN] Buscando senha de RH em clinicas_senhas...

      at log (app/api/auth/login/route.ts:190:15)

    console.log
      Database info: test-db

      at log (app/api/auth/login/route.ts:29:13)

    console.log
      [LOGIN] Buscando usu├írio CPF 12345678901 em funcionarios...

      at log (app/api/auth/login/route.ts:46:13)

    console.log
      [LOGIN] N├úo encontrado em funcionarios; buscando em usuarios...

      at log (app/api/auth/login/route.ts:91:15)

    console.log
      [LOGIN] Usu├írio encontrado em usuarios: {
        cpf: '12345678901',
        tipo: 'rh',
        clinica_id: 1,
        entidade_id: null,
        ativo: true
      }

      at log (app/api/auth/login/route.ts:111:15)

    console.log
      [LOGIN] Usu├írio encontrado: {
        cpf: '12345678901',
        tipo: 'rh',
        clinica_id: 1,
        entidade_id: null,
        ativo: true
      }

      at log (app/api/auth/login/route.ts:119:13)

    console.log
      [LOGIN] Buscando senha de RH em clinicas_senhas...

      at log (app/api/auth/login/route.ts:190:15)

    console.log
      [LOGIN] Comparando senha contra hash...

      at log (app/api/auth/login/route.ts:437:15)

    console.log
      [LOGIN] Senha v├ílida: undefined

      at log (app/api/auth/login/route.ts:439:15)

  ÔùÅ Autentica├º├úo de Cl├¡nica - Perfil RH (Nova Arquitetura) ÔÇ║ Login de RH de Cl├¡nica ÔÇ║ deve autenticar RH de cl├¡nica com sucesso

    expect(jest.fn()).toHaveBeenCalledWith(...expected)

    - Expected
    + Received

    @@ -2,7 +2,7 @@
        "clinica_id": 1,
        "cpf": "12345678901",
        "entidade_id": null,
        "nome": "Dr. Jo├úo Silva",
        "perfil": "rh",
    -   "tomador_id": 1,
    +   "tomador_id": undefined,
      },

    Number of calls: 1

      103 |
      104 |       // Verificar se a sess├úo foi criada com clinica_id
    > 105 |       expect(mockCreateSession).toHaveBeenCalledWith({
          |                                 ^
      106 |         cpf: rhCpf,
      107 |         nome: 'Dr. Jo├úo Silva',
      108 |         perfil: 'rh',

      at Object.toHaveBeenCalledWith (__tests__/auth/clinica-login-auth.test.ts:105:33)

  ÔùÅ Autentica├º├úo de Cl├¡nica - Perfil RH (Nova Arquitetura) ÔÇ║ Login de RH de Cl├¡nica ÔÇ║ deve rejeitar login se entidade estiver inativa

    expect(received).toBe(expected) // Object.is equality

    Expected: "tomador inativo. Entre em contato com o administrador."
    Received: "Tomador inativo. Entre em contato com o administrador."

      266 |
      267 |       expect(response.status).toBe(403);
    > 268 |       expect(data.error).toBe(
          |                          ^
      269 |         'tomador inativo. Entre em contato com o administrador.'
      270 |       );
      271 |       expect(mockCreateSession).not.toHaveBeenCalled();

      at Object.toBe (__tests__/auth/clinica-login-auth.test.ts:268:26)

  ÔùÅ Autentica├º├úo de Cl├¡nica - Perfil RH (Nova Arquitetura) ÔÇ║ Login de RH de Cl├¡nica ÔÇ║ deve rejeitar login se pagamento n├úo estiver confirmado

    expect(received).toBe(expected) // Object.is equality

    Expected: 403
    Received: 401

      323 |       const data = await response.json();
      324 |
    > 325 |       expect(response.status).toBe(403);
          |                               ^
      326 |       expect(data.error).toContain('Aguardando confirma├º├úo de pagamento');
      327 |       expect(mockCreateSession).not.toHaveBeenCalled();
      328 |     });

      at Object.toBe (__tests__/auth/clinica-login-auth.test.ts:325:31)

FAIL __tests__/api/rh/funcionarios/import.route.test.ts
  ÔùÅ Console

    console.log
      [dotenv@17.2.3] injecting env (0) from .env.test -- tip: ÔÜÖ´©Å  override existing env vars with { override: true }

      at _log (node_modules/.pnpm/dotenv@17.2.3/node_modules/dotenv/lib/main.js:142:11)

    console.log
      ­ƒøí´©Å [jest.setup] Removendo DATABASE_URL do ambiente de testes (valor n├úo importa)

      at Object.<anonymous> (__tests__/config/jest.setup.js:125:17)

    console.log
      ­ƒøí´©Å [jest.setup] Prote├º├úo do banco de testes ativada - usando: nr-bps_db_test

      at Object.<anonymous> (__tests__/config/jest.setup.js:150:13)

  ÔùÅ import route - cl├¡nica ÔÇ║ inserts funcionarios with correct empresa_id and clinica_id

    expect(received).toBe(expected) // Object.is equality

    Expected: 200
    Received: 500

      195 |     }
      196 |
    > 197 |     expect(res.status).toBe(200);
          |                        ^
      198 |     expect(json.success).toBe(true);
      199 |     expect(json.created).toBe(1);
      200 |

      at Object.toBe (__tests__/api/rh/funcionarios/import.route.test.ts:197:24)

  ÔùÅ import route - cl├¡nica ÔÇ║ returns 400 when matriculas are duplicated in file

    expect(received).toBe(expected) // Object.is equality

    Expected: 400
    Received: 403

      284 |     const json = await res.json();
      285 |
    > 286 |     expect(res.status).toBe(400);
          |                        ^
      287 |     expect(json.error).toContain('Matr├¡culas duplicadas no arquivo');
      288 |     expect(json.error).toContain('MAT001');
      289 |   });

      at Object.toBe (__tests__/api/rh/funcionarios/import.route.test.ts:286:24)

  ÔùÅ import route - cl├¡nica ÔÇ║ returns 409 when matricula already exists in database

    expect(received).toBe(expected) // Object.is equality

    Expected: 409
    Received: 404

      329 |     const json = await res.json();
      330 |
    > 331 |     expect(res.status).toBe(409);
          |                        ^
      332 |     expect(json.error).toContain('Matr├¡culas j├í existentes no sistema');
      333 |     expect(json.error).toContain('MAT999');
      334 |   });

      at Object.toBe (__tests__/api/rh/funcionarios/import.route.test.ts:331:24)

FAIL __tests__/auth/gestor-authentication.test.ts
  ÔùÅ Console

    console.log
      [dotenv@17.2.3] injecting env (0) from .env.test -- tip: ­ƒæÑ sync secrets across teammates & machines: https://dotenvx.com/ops

      at _log (node_modules/.pnpm/dotenv@17.2.3/node_modules/dotenv/lib/main.js:142:11)

    console.log
      ­ƒøí´©Å [jest.setup] Removendo DATABASE_URL do ambiente de testes (valor n├úo importa)

      at Object.<anonymous> (__tests__/config/jest.setup.js:125:17)

    console.log
      ­ƒøí´©Å [jest.setup] Prote├º├úo do banco de testes ativada - usando: nr-bps_db_test

      at Object.<anonymous> (__tests__/config/jest.setup.js:150:13)

    console.log
      ­ƒöî [lib/db.ts] Conectado ao banco: nr-bps_db_test @ localhost (ambiente: test)

      at Object.log (lib/db.ts:673:15)

  ÔùÅ Autentica├º├úo Nova Arquitetura: usuarios + senhas segregadas ÔÇ║ 1. Valida├º├úo de Tipo de Usu├írio ÔÇ║ deve identificar gestor como tipo_usuario gestor

    error: coluna "entidade_id" da rela├º├úo "clinicas" n├úo existe

      487 |         // No session: just execute the query normally
      488 |         try {
    > 489 |           const result = await client.query(text, params);
          |                          ^
      490 |           const duration = Date.now() - start;
      491 |
      492 |           // Log apenas queries lentas (>500ms)

      at node_modules/.pnpm/pg@8.16.3/node_modules/pg/lib/client.js:545:17
      at query (lib/db.ts:489:26)
      at Object.<anonymous> (__tests__/auth/gestor-authentication.test.ts:59:21)

  ÔùÅ Autentica├º├úo Nova Arquitetura: usuarios + senhas segregadas ÔÇ║ 1. Valida├º├úo de Tipo de Usu├írio ÔÇ║ deve identificar RH como tipo_usuario rh

    error: coluna "entidade_id" da rela├º├úo "clinicas" n├úo existe

      487 |         // No session: just execute the query normally
      488 |         try {
    > 489 |           const result = await client.query(text, params);
          |                          ^
      490 |           const duration = Date.now() - start;
      491 |
      492 |           // Log apenas queries lentas (>500ms)

      at node_modules/.pnpm/pg@8.16.3/node_modules/pg/lib/client.js:545:17
      at query (lib/db.ts:489:26)
      at Object.<anonymous> (__tests__/auth/gestor-authentication.test.ts:59:21)

  ÔùÅ Autentica├º├úo Nova Arquitetura: usuarios + senhas segregadas ÔÇ║ 1. Valida├º├úo de Tipo de Usu├írio ÔÇ║ deve identificar admin como tipo_usuario admin

    error: coluna "entidade_id" da rela├º├úo "clinicas" n├úo existe

      487 |         // No session: just execute the query normally
      488 |         try {
    > 489 |           const result = await client.query(text, params);
          |                          ^
      490 |           const duration = Date.now() - start;
      491 |
      492 |           // Log apenas queries lentas (>500ms)

      at node_modules/.pnpm/pg@8.16.3/node_modules/pg/lib/client.js:545:17
      at query (lib/db.ts:489:26)
      at Object.<anonymous> (__tests__/auth/gestor-authentication.test.ts:59:21)

  ÔùÅ Autentica├º├úo Nova Arquitetura: usuarios + senhas segregadas ÔÇ║ 2. Valida├º├úo de Senhas - Gestores ÔÇ║ deve validar senha de gestor em entidades_senhas

    error: coluna "entidade_id" da rela├º├úo "clinicas" n├úo existe

      487 |         // No session: just execute the query normally
      488 |         try {
    > 489 |           const result = await client.query(text, params);
          |                          ^
      490 |           const duration = Date.now() - start;
      491 |
      492 |           // Log apenas queries lentas (>500ms)

      at node_modules/.pnpm/pg@8.16.3/node_modules/pg/lib/client.js:545:17
      at query (lib/db.ts:489:26)
      at Object.<anonymous> (__tests__/auth/gestor-authentication.test.ts:59:21)

  ÔùÅ Autentica├º├úo Nova Arquitetura: usuarios + senhas segregadas ÔÇ║ 2. Valida├º├úo de Senhas - Gestores ÔÇ║ gestor N├âO deve ter senha em clinicas_senhas

    error: coluna "entidade_id" da rela├º├úo "clinicas" n├úo existe

      487 |         // No session: just execute the query normally
      488 |         try {
    > 489 |           const result = await client.query(text, params);
          |                          ^
      490 |           const duration = Date.now() - start;
      491 |
      492 |           // Log apenas queries lentas (>500ms)

      at node_modules/.pnpm/pg@8.16.3/node_modules/pg/lib/client.js:545:17
      at query (lib/db.ts:489:26)
      at Object.<anonymous> (__tests__/auth/gestor-authentication.test.ts:59:21)

  ÔùÅ Autentica├º├úo Nova Arquitetura: usuarios + senhas segregadas ÔÇ║ 3. Valida├º├úo de Senhas - RH ÔÇ║ deve validar senha de RH em clinicas_senhas

    error: coluna "entidade_id" da rela├º├úo "clinicas" n├úo existe

      487 |         // No session: just execute the query normally
      488 |         try {
    > 489 |           const result = await client.query(text, params);
          |                          ^
      490 |           const duration = Date.now() - start;
      491 |
      492 |           // Log apenas queries lentas (>500ms)

      at node_modules/.pnpm/pg@8.16.3/node_modules/pg/lib/client.js:545:17
      at query (lib/db.ts:489:26)
      at Object.<anonymous> (__tests__/auth/gestor-authentication.test.ts:59:21)

  ÔùÅ Autentica├º├úo Nova Arquitetura: usuarios + senhas segregadas ÔÇ║ 3. Valida├º├úo de Senhas - RH ÔÇ║ RH N├âO deve ter senha em entidades_senhas

    error: coluna "entidade_id" da rela├º├úo "clinicas" n├úo existe

      487 |         // No session: just execute the query normally
      488 |         try {
    > 489 |           const result = await client.query(text, params);
          |                          ^
      490 |           const duration = Date.now() - start;
      491 |
      492 |           // Log apenas queries lentas (>500ms)

      at node_modules/.pnpm/pg@8.16.3/node_modules/pg/lib/client.js:545:17
      at query (lib/db.ts:489:26)
      at Object.<anonymous> (__tests__/auth/gestor-authentication.test.ts:59:21)

  ÔùÅ Autentica├º├úo Nova Arquitetura: usuarios + senhas segregadas ÔÇ║ 4. Separa├º├úo de Tabelas - usuarios sem senha_hash ÔÇ║ tabela usuarios N├âO deve ter coluna senha_hash

    error: coluna "entidade_id" da rela├º├úo "clinicas" n├úo existe

      487 |         // No session: just execute the query normally
      488 |         try {
    > 489 |           const result = await client.query(text, params);
          |                          ^
      490 |           const duration = Date.now() - start;
      491 |
      492 |           // Log apenas queries lentas (>500ms)

      at node_modules/.pnpm/pg@8.16.3/node_modules/pg/lib/client.js:545:17
      at query (lib/db.ts:489:26)
      at Object.<anonymous> (__tests__/auth/gestor-authentication.test.ts:59:21)

  ÔùÅ Autentica├º├úo Nova Arquitetura: usuarios + senhas segregadas ÔÇ║ 4. Separa├º├úo de Tabelas - usuarios sem senha_hash ÔÇ║ gestor deve ter entidade_id e n├úo clinica_id

    error: coluna "entidade_id" da rela├º├úo "clinicas" n├úo existe

      487 |         // No session: just execute the query normally
      488 |         try {
    > 489 |           const result = await client.query(text, params);
          |                          ^
      490 |           const duration = Date.now() - start;
      491 |
      492 |           // Log apenas queries lentas (>500ms)

      at node_modules/.pnpm/pg@8.16.3/node_modules/pg/lib/client.js:545:17
      at query (lib/db.ts:489:26)
      at Object.<anonymous> (__tests__/auth/gestor-authentication.test.ts:59:21)

  ÔùÅ Autentica├º├úo Nova Arquitetura: usuarios + senhas segregadas ÔÇ║ 4. Separa├º├úo de Tabelas - usuarios sem senha_hash ÔÇ║ RH deve ter clinica_id e n├úo entidade_id

    error: coluna "entidade_id" da rela├º├úo "clinicas" n├úo existe

      487 |         // No session: just execute the query normally
      488 |         try {
    > 489 |           const result = await client.query(text, params);
          |                          ^
      490 |           const duration = Date.now() - start;
      491 |
      492 |           // Log apenas queries lentas (>500ms)

      at node_modules/.pnpm/pg@8.16.3/node_modules/pg/lib/client.js:545:17
      at query (lib/db.ts:489:26)
      at Object.<anonymous> (__tests__/auth/gestor-authentication.test.ts:59:21)

  ÔùÅ Autentica├º├úo Nova Arquitetura: usuarios + senhas segregadas ÔÇ║ 5. Fluxo Completo de Login ÔÇ║ LOGIN: gestor deve ser encontrado em usuarios + entidades_senhas

    error: coluna "entidade_id" da rela├º├úo "clinicas" n├úo existe

      487 |         // No session: just execute the query normally
      488 |         try {
    > 489 |           const result = await client.query(text, params);
          |                          ^
      490 |           const duration = Date.now() - start;
      491 |
      492 |           // Log apenas queries lentas (>500ms)

      at node_modules/.pnpm/pg@8.16.3/node_modules/pg/lib/client.js:545:17
      at query (lib/db.ts:489:26)
      at Object.<anonymous> (__tests__/auth/gestor-authentication.test.ts:59:21)

  ÔùÅ Autentica├º├úo Nova Arquitetura: usuarios + senhas segregadas ÔÇ║ 5. Fluxo Completo de Login ÔÇ║ LOGIN: RH deve ser encontrado em usuarios + clinicas_senhas

    error: coluna "entidade_id" da rela├º├úo "clinicas" n├úo existe

      487 |         // No session: just execute the query normally
      488 |         try {
    > 489 |           const result = await client.query(text, params);
          |                          ^
      490 |           const duration = Date.now() - start;
      491 |
      492 |           // Log apenas queries lentas (>500ms)

      at node_modules/.pnpm/pg@8.16.3/node_modules/pg/lib/client.js:545:17
      at query (lib/db.ts:489:26)
      at Object.<anonymous> (__tests__/auth/gestor-authentication.test.ts:59:21)

  ÔùÅ Autentica├º├úo Nova Arquitetura: usuarios + senhas segregadas ÔÇ║ 5. Fluxo Completo de Login ÔÇ║ LOGIN: admin deve ser encontrado em usuarios (sem senha em tabelas separadas)

    error: coluna "entidade_id" da rela├º├úo "clinicas" n├úo existe

      487 |         // No session: just execute the query normally
      488 |         try {
    > 489 |           const result = await client.query(text, params);
          |                          ^
      490 |           const duration = Date.now() - start;
      491 |
      492 |           // Log apenas queries lentas (>500ms)

      at node_modules/.pnpm/pg@8.16.3/node_modules/pg/lib/client.js:545:17
      at query (lib/db.ts:489:26)
      at Object.<anonymous> (__tests__/auth/gestor-authentication.test.ts:59:21)

  ÔùÅ Autentica├º├úo Nova Arquitetura: usuarios + senhas segregadas ÔÇ║ 6. Cen├írios de Erro ÔÇ║ deve rejeitar usu├írio inativo

    error: coluna "entidade_id" da rela├º├úo "clinicas" n├úo existe

      487 |         // No session: just execute the query normally
      488 |         try {
    > 489 |           const result = await client.query(text, params);
          |                          ^
      490 |           const duration = Date.now() - start;
      491 |
      492 |           // Log apenas queries lentas (>500ms)

      at node_modules/.pnpm/pg@8.16.3/node_modules/pg/lib/client.js:545:17
      at query (lib/db.ts:489:26)
      at Object.<anonymous> (__tests__/auth/gestor-authentication.test.ts:59:21)

  ÔùÅ Autentica├º├úo Nova Arquitetura: usuarios + senhas segregadas ÔÇ║ 6. Cen├írios de Erro ÔÇ║ deve rejeitar CPF inexistente

    error: coluna "entidade_id" da rela├º├úo "clinicas" n├úo existe

      487 |         // No session: just execute the query normally
      488 |         try {
    > 489 |           const result = await client.query(text, params);
          |                          ^
      490 |           const duration = Date.now() - start;
      491 |
      492 |           // Log apenas queries lentas (>500ms)

      at node_modules/.pnpm/pg@8.16.3/node_modules/pg/lib/client.js:545:17
      at query (lib/db.ts:489:26)
      at Object.<anonymous> (__tests__/auth/gestor-authentication.test.ts:59:21)

RBAC seed applied to test database
RBAC seed applied to test database
RBAC seed applied to test database
FAIL __tests__/components/ClinicasContent.test.tsx
  ÔùÅ Console

    console.log
      [dotenv@17.2.3] injecting env (0) from .env.test -- tip: ÔÜÖ´©Å  write to custom object with { processEnv: myObject }

      at _log (node_modules/.pnpm/dotenv@17.2.3/node_modules/dotenv/lib/main.js:142:11)

    console.log
      ­ƒøí´©Å [jest.setup] Removendo DATABASE_URL do ambiente de testes (valor n├úo importa)

      at Object.<anonymous> (__tests__/config/jest.setup.js:125:17)

    console.log
      ­ƒøí´©Å [jest.setup] Prote├º├úo do banco de testes ativada - usando: nr-bps_db_test

      at Object.<anonymous> (__tests__/config/jest.setup.js:150:13)

  ÔùÅ ClinicasContent ÔÇ║ deve deletar cl├¡nica com confirma├º├úo

    expect(jest.fn()).toHaveBeenCalledWith(...expected)

    Expected: "Cl├¡nica deletada com sucesso!┬À
    Totais exclu├¡dos:
    - 1 gestor(es)
    - 2 empresa(s)
    - 5 funcion├írio(s)
    - 10 avalia├º├úo(├Áes)┬À
    A opera├º├úo foi registrada no log de auditoria."
    Received: "Erro ao deletar cl├¡nica"

    Number of calls: 1

    Ignored nodes: comments, script, style
    <html>
      <head />
      <body>
        <div>
          <div
            class="p-6"
          >
            <div
              class="flex items-center justify-between mb-6"
            >
              <h2
                class="text-xl font-semibold text-gray-900"
              >
                Cl├¡nicas / Servi├ºos de Medicina Ocupacional
              </h2>
              <button
                class="inline-flex items-center gap-2 px-4 py-2 bg-orange-500 text-white rounded-md hover:bg-orange-600"
              >
                <svg
                  aria-hidden="true"
                  class="lucide lucide-plus w-4 h-4"
                  fill="none"
                  height="24"
                  stroke="currentColor"
                  stroke-linecap="round"
                  stroke-linejoin="round"
                  stroke-width="2"
                  viewBox="0 0 24 24"
                  width="24"
                  xmlns="http://www.w3.org/2000/svg"
                >
                  <path
                    d="M5 12h14"
                  />
                  <path
                    d="M12 5v14"
                  />
                </svg>
                Nova Cl├¡nica
              </button>
            </div>
            <div
              class="space-y-4"
            >
              <div
                class="border border-gray-200 rounded-lg bg-white overflow-hidden"
              >
                <div
                  class="p-6"
                >
                  <div
                    class="flex items-start justify-between"
                  >
                    <div
                      class="flex items-center gap-3 flex-1"
                    >
                      <svg
                        aria-hidden="true"
                        class="lucide lucide-stethoscope w-8 h-8 text-blue-500 flex-shrink-0"
                        fill="none"
                        height="24"
                        stroke="currentColor"
                        stroke-linecap="round"
                        stroke-linejoin="round"
                        stroke-width="2"
                        viewBox="0 0 24 24"
                        width="24"
                        xmlns="http://www.w3.org/2000/svg"
                      >
                        <path
                          d="M11 2v2"
                        />
                        <path
                          d="M5 2v2"
                        />
                        <path
                          d="M5 3H4a2 2 0 0 0-2 2v4a6 6 0 0 0 12 0V5a2 2 0 0 0-2-2h-1"
                        />
                        <path
                          d="M8 15a6 6 0 0 0 12 0v-3"
                        />
                        <circle
                          cx="20"
                          cy="10"
                          r="2"
                        />
                      </svg>
                      <div
                        class="flex-1 min-w-0"
                      >
                        <h3
                          class="text-lg font-semibold text-gray-900 truncate"
                        >
                          Cl├¡nica Teste
                           [ID=
                          1
                          ]
                        </h3>
                        <div
                          class="grid grid-cols-2 gap-x-6 gap-y-1 mt-2 text-sm text-gray-600"
                        >
                          <div
                            class="flex items-center gap-1 truncate"
                          >
                            <svg
                              aria-hidden="true"
                              class="lucide lucide-mail w-4 h-4 flex-shrink-0"
                              fill="none"
                              height="24"
                              stroke="currentColor"
                              stroke-linecap="round"
                              stroke-linejoin="round"
                              stroke-width="2"
                              viewBox="0 0 24 24"
                              width="24"
                              xmlns="http://www.w3.org/2000/svg"
                            >
                              <path
                                d="m22 7-8.991 5.727a2 2 0 0 1-2.009 0L2 7"
                              />
                              <rect
                                height="16"
                                rx="2"
                                width="20"
                                x="2"
                                y="4"
                              />
                            </svg>
                            <span
                              class="truncate"
                            >
                              contato@clinica.com
                            </span>
                          </div>
                          <div
                            class="flex items-center gap-1 truncate"
                          >
                            <svg
                              aria-hidden="true"
                              class="lucide lucide-phone w-4 h-4 flex-shrink-0"
                              fill="none"
                              height="24"
                              stroke="currentColor"
                              stroke-linecap="round"
                              stroke-linejoin="round"
                              stroke-width="2"
                              viewBox="0 0 24 24"
                              width="24"
                              xmlns="http://www.w3.org/2000/svg"
                            >
                              <path
                                d="M13.832 16.568a1 1 0 0 0 1.213-.303l.355-.465A2 2 0 0 1 17 15h3a2 2 0 0 1 2 2v3a2 2 0 0 1-2 2A18 18 0 0 1 2 4a2 2 0 0 1 2-2h3a2 2 0 0 1 2 2v3a2 2 0 0 1-.8 1.6l-.468.351a1 1 0 0 0-.292 1.233 14 14 0 0 0 6.392 6.384"
                              />
                            </svg>
                            <span>
                              1133334444
                            </span>
                          </div>
                          <div
                            class="flex items-center gap-1 truncate"
                          >
                            <svg
                              aria-hidden="true"
                              class="lucide lucide-building2 lucide-building-2 w-4 h-4 flex-shrink-0"
                              fill="none"
                              height="24"
                              stroke="currentColor"
                              stroke-linecap="round"
                              stroke-linejoin="round"
                              stroke-width="2"
                              viewBox="0 0 24 24"
                              width="24"
                              xmlns="http://www.w3.org/2000/svg"
                            >
                              <path
                                d="M10 12h4"
                              />
                              <path
                                d="M10 8h4"
                              />
                              <path
                                d="M14 21v-3a2 2 0 0 0-4 0v3"
                              />
                              <path
                                d="M6 10H4a2 2 0 0 0-2 2v7a2 2 0 0 0 2 2h16a2 2 0 0 0 2-2V9a2 2 0 0 0-2-2h-2"
                              />
                              <path
                                d="M6 21V5a2 2 0 0 1 2-2h8a2 2 0 0 1 2 2v16"
                              />
                            </svg>
                            <span>
                              CNPJ: 
                              12345678000190
                            </span>
                          </div>
                          <div
                            class="flex items-center gap-1 truncate"
                          >
                            <svg
                              aria-hidden="true"
                              class="lucide lucide-map-pin w-4 h-4 flex-shrink-0"
                              fill="none"
                              height="24"
                              stroke="currentColor"
                              stroke-linecap="round"
                              stroke-linejoin="round"
                              stroke-width="2"
                              viewBox="0 0 24 24"
                              width="24"
                              xmlns="http://www.w3.org/2000/svg"
                            >
                              <path
                                d="M20 10c0 4.993-5.539 10.193-7.399 11.799a1 1 0 0 1-1.202 0C9.539 20.193 4 14.993 4 10a8 8 0 0 1 16 0"
                              />
                              <circle
                                cx="12"
                                cy="10"
                                r="3"
                              />
                            </svg>
                            <span>
                              S├úo Paulo
                              /
                              SP
                            </span>
                          </div>
                        </div>
                      </div>
                    </div>
                    <div
                      class="flex items-center gap-2 ml-4 flex-shrink-0"
                    >
                      <span
                        class="px-3 py-1 text-xs font-medium rounded-full bg-green-100 text-green-800"
                      >
                        Ativa
                      </span>
                      <button
                        class="p-2 text-gray-600 hover:bg-gray-100 rounded-md"
                      >
                        <svg
                          aria-hidden="true"
                          class="lucide lucide-square-pen w-4 h-4"
                          fill="none"
                          height="24"
                          stroke="currentColor"
                          stroke-linecap="round"
                          stroke-linejoin="round"
                          stroke-width="2"
                          viewBox="0 0 24 24"
                          width="24"
                          xmlns="http://www.w3.org/2000/svg"
                        >
                          <path
                            d="M12 3H5a2 2 0 0 0-2 2v14a2 2 0 0 0 2 2h14a2 2 0 0 0 2-2v-7"
                          />
                          <path
                            d="M18.375 2.625a1 1 0 0 1 3 3l-9.013 9.014a2 2 0 0 1-.853.505l-2.873.84a.5.5 0 0 1-.62-.62l.84-2.873a2 2 0 0 1 .506-.852z"
                          />
                        </svg>
                      </button>
                      <button
                        class="p-2 text-red-600 hover:bg-red-50 rounded-md disabled:opacity-50"
                        title="Deletar cl├¡nica definitivamente"
                      >
                        <svg
                          aria-hidden="true"
                          class="lucide lucide-trash2 lucide-trash-2 w-4 h-4"
                          fill="none"
                          height="24"
                          stroke="currentColor"
                          stroke-linecap="round"
                          stroke-linejoin="round"
                          stroke-width="2"
                          viewBox="0 0 24 24"
                          width="24"
                          xmlns="http://www.w3.org/2000/svg"
                        >
                          <path
                            d="M10 11v6"
                          />
                          <path
                            d="M14 11v6"
                          />
                          <path
                            d="M19 6v14a2 2 0 0 1-2 2H7a2 2 0 0 1-2-2V6"
                          />
                          <path
                            d="M3 6h18"
                          />
                          <path
                            d="M8 6V4a2 2 0 0 1 2-2h4a2 2 0 0 1 2 2v2"
                          />
                        </svg>
                      </button>
                      <button
                        class="p-2 text-gray-600 hover:bg-gray-100 rounded-md"
                      >
                        <svg
                          aria-hidden="true"
                          class="lucide lucide-chevron-down w-5 h-5"
                          fill="none"
                          height="24"
                          stroke="currentColor"
                          stroke-linecap="round"
                          stroke-linejoin="round"
                          stroke-width="2"
                          viewBox="0 0 24 24"
                          width="24"
                          xmlns="http://www.w3.org/2000/svg"
                        >
                          <path
                            d="m6 9 6 6 6-6"
                          />
                        </svg>
                      </button>
                    </div>
                  </div>
                </div>
              </div>
            </div>
          </div>
        </div>
      </body>
    </html>

      233 |
      234 |     await waitFor(() => {
    > 235 |       expect(mockAlert).toHaveBeenCalledWith(
          |                         ^
      236 |         'Cl├¡nica deletada com sucesso!\n\nTotais exclu├¡dos:\n- 1 gestor(es)\n- 2 empresa(s)\n- 5 funcion├írio(s)\n- 10 avalia├º├úo(├Áes)\n\nA opera├º├úo foi registrada no log de auditoria.'
      237 |       );
      238 |     });

      at toHaveBeenCalledWith (__tests__/components/ClinicasContent.test.tsx:235:25)
      at runWithExpensiveErrorDiagnosticsDisabled (node_modules/.pnpm/@testing-library+dom@10.4.1/node_modules/@testing-library/dom/dist/config.js:47:12)
      at checkCallback (node_modules/.pnpm/@testing-library+dom@10.4.1/node_modules/@testing-library/dom/dist/wait-for.js:124:77)
      at checkRealTimersCallback (node_modules/.pnpm/@testing-library+dom@10.4.1/node_modules/@testing-library/dom/dist/wait-for.js:118:16)
      at Timeout.task [as _onTimeout] (node_modules/.pnpm/jsdom@26.1.0/node_modules/jsdom/lib/jsdom/browser/Window.js:579:19)

  ÔùÅ ClinicasContent ÔÇ║ n├úo deve deletar cl├¡nica se confirma├º├úo for cancelada

    expect(jest.fn()).toHaveBeenCalledTimes(expected)

    Expected number of calls: 2
    Received number of calls: 3

      308 |
      309 |     // Verifica que n├úo fez chamada de delete (apenas as buscas iniciais)
    > 310 |     expect(mockFetch).toHaveBeenCalledTimes(2); // Apenas as buscas iniciais
          |                       ^
      311 |   });
      312 |
      313 |   it('deve mostrar erro ao falhar na dele├º├úo', async () => {

      at Object.toHaveBeenCalledTimes (__tests__/components/ClinicasContent.test.tsx:310:23)

  ÔùÅ ClinicasContent ÔÇ║ deve mostrar erro ao falhar na dele├º├úo

    expect(jest.fn()).toHaveBeenCalledWith(...expected)

    Expected: "Erro ao deletar"
    Received: "Erro ao deletar cl├¡nica"

    Number of calls: 1

    Ignored nodes: comments, script, style
    <html>
      <head />
      <body>
        <div>
          <div
            class="p-6"
          >
            <div
              class="flex items-center justify-between mb-6"
            >
              <h2
                class="text-xl font-semibold text-gray-900"
              >
                Cl├¡nicas / Servi├ºos de Medicina Ocupacional
              </h2>
              <button
                class="inline-flex items-center gap-2 px-4 py-2 bg-orange-500 text-white rounded-md hover:bg-orange-600"
              >
                <svg
                  aria-hidden="true"
                  class="lucide lucide-plus w-4 h-4"
                  fill="none"
                  height="24"
                  stroke="currentColor"
                  stroke-linecap="round"
                  stroke-linejoin="round"
                  stroke-width="2"
                  viewBox="0 0 24 24"
                  width="24"
                  xmlns="http://www.w3.org/2000/svg"
                >
                  <path
                    d="M5 12h14"
                  />
                  <path
                    d="M12 5v14"
                  />
                </svg>
                Nova Cl├¡nica
              </button>
            </div>
            <div
              class="space-y-4"
            >
              <div
                class="border border-gray-200 rounded-lg bg-white overflow-hidden"
              >
                <div
                  class="p-6"
                >
                  <div
                    class="flex items-start justify-between"
                  >
                    <div
                      class="flex items-center gap-3 flex-1"
                    >
                      <svg
                        aria-hidden="true"
                        class="lucide lucide-stethoscope w-8 h-8 text-blue-500 flex-shrink-0"
                        fill="none"
                        height="24"
                        stroke="currentColor"
                        stroke-linecap="round"
                        stroke-linejoin="round"
                        stroke-width="2"
                        viewBox="0 0 24 24"
                        width="24"
                        xmlns="http://www.w3.org/2000/svg"
                      >
                        <path
                          d="M11 2v2"
                        />
                        <path
                          d="M5 2v2"
                        />
                        <path
                          d="M5 3H4a2 2 0 0 0-2 2v4a6 6 0 0 0 12 0V5a2 2 0 0 0-2-2h-1"
                        />
                        <path
                          d="M8 15a6 6 0 0 0 12 0v-3"
                        />
                        <circle
                          cx="20"
                          cy="10"
                          r="2"
                        />
                      </svg>
                      <div
                        class="flex-1 min-w-0"
                      >
                        <h3
                          class="text-lg font-semibold text-gray-900 truncate"
                        >
                          Cl├¡nica Teste
                           [ID=
                          1
                          ]
                        </h3>
                        <div
                          class="grid grid-cols-2 gap-x-6 gap-y-1 mt-2 text-sm text-gray-600"
                        >
                          <div
                            class="flex items-center gap-1 truncate"
                          >
                            <svg
                              aria-hidden="true"
                              class="lucide lucide-mail w-4 h-4 flex-shrink-0"
                              fill="none"
                              height="24"
                              stroke="currentColor"
                              stroke-linecap="round"
                              stroke-linejoin="round"
                              stroke-width="2"
                              viewBox="0 0 24 24"
                              width="24"
                              xmlns="http://www.w3.org/2000/svg"
                            >
                              <path
                                d="m22 7-8.991 5.727a2 2 0 0 1-2.009 0L2 7"
                              />
                              <rect
                                height="16"
                                rx="2"
                                width="20"
                                x="2"
                                y="4"
                              />
                            </svg>
                            <span
                              class="truncate"
                            >
                              contato@clinica.com
                            </span>
                          </div>
                          <div
                            class="flex items-center gap-1 truncate"
                          >
                            <svg
                              aria-hidden="true"
                              class="lucide lucide-phone w-4 h-4 flex-shrink-0"
                              fill="none"
                              height="24"
                              stroke="currentColor"
                              stroke-linecap="round"
                              stroke-linejoin="round"
                              stroke-width="2"
                              viewBox="0 0 24 24"
                              width="24"
                              xmlns="http://www.w3.org/2000/svg"
                            >
                              <path
                                d="M13.832 16.568a1 1 0 0 0 1.213-.303l.355-.465A2 2 0 0 1 17 15h3a2 2 0 0 1 2 2v3a2 2 0 0 1-2 2A18 18 0 0 1 2 4a2 2 0 0 1 2-2h3a2 2 0 0 1 2 2v3a2 2 0 0 1-.8 1.6l-.468.351a1 1 0 0 0-.292 1.233 14 14 0 0 0 6.392 6.384"
                              />
                            </svg>
                            <span>
                              1133334444
                            </span>
                          </div>
                          <div
                            class="flex items-center gap-1 truncate"
                          >
                            <svg
                              aria-hidden="true"
                              class="lucide lucide-building2 lucide-building-2 w-4 h-4 flex-shrink-0"
                              fill="none"
                              height="24"
                              stroke="currentColor"
                              stroke-linecap="round"
                              stroke-linejoin="round"
                              stroke-width="2"
                              viewBox="0 0 24 24"
                              width="24"
                              xmlns="http://www.w3.org/2000/svg"
                            >
                              <path
                                d="M10 12h4"
                              />
                              <path
                                d="M10 8h4"
                              />
                              <path
                                d="M14 21v-3a2 2 0 0 0-4 0v3"
                              />
                              <path
                                d="M6 10H4a2 2 0 0 0-2 2v7a2 2 0 0 0 2 2h16a2 2 0 0 0 2-2V9a2 2 0 0 0-2-2h-2"
                              />
                              <path
                                d="M6 21V5a2 2 0 0 1 2-2h8a2 2 0 0 1 2 2v16"
                              />
                            </svg>
                            <span>
                              CNPJ: 
                              12345678000190
                            </span>
                          </div>
                          <div
                            class="flex items-center gap-1 truncate"
                          >
                            <svg
                              aria-hidden="true"
                              class="lucide lucide-map-pin w-4 h-4 flex-shrink-0"
                              fill="none"
                              height="24"
                              stroke="currentColor"
                              stroke-linecap="round"
                              stroke-linejoin="round"
                              stroke-width="2"
                              viewBox="0 0 24 24"
                              width="24"
                              xmlns="http://www.w3.org/2000/svg"
                            >
                              <path
                                d="M20 10c0 4.993-5.539 10.193-7.399 11.799a1 1 0 0 1-1.202 0C9.539 20.193 4 14.993 4 10a8 8 0 0 1 16 0"
                              />
                              <circle
                                cx="12"
                                cy="10"
                                r="3"
                              />
                            </svg>
                            <span>
                              S├úo Paulo
                              /
                              SP
                            </span>
                          </div>
                        </div>
                      </div>
                    </div>
                    <div
                      class="flex items-center gap-2 ml-4 flex-shrink-0"
                    >
                      <span
                        class="px-3 py-1 text-xs font-medium rounded-full bg-green-100 text-green-800"
                      >
                        Ativa
                      </span>
                      <button
                        class="p-2 text-gray-600 hover:bg-gray-100 rounded-md"
                      >
                        <svg
                          aria-hidden="true"
                          class="lucide lucide-square-pen w-4 h-4"
                          fill="none"
                          height="24"
                          stroke="currentColor"
                          stroke-linecap="round"
                          stroke-linejoin="round"
                          stroke-width="2"
                          viewBox="0 0 24 24"
                          width="24"
                          xmlns="http://www.w3.org/2000/svg"
                        >
                          <path
                            d="M12 3H5a2 2 0 0 0-2 2v14a2 2 0 0 0 2 2h14a2 2 0 0 0 2-2v-7"
                          />
                          <path
                            d="M18.375 2.625a1 1 0 0 1 3 3l-9.013 9.014a2 2 0 0 1-.853.505l-2.873.84a.5.5 0 0 1-.62-.62l.84-2.873a2 2 0 0 1 .506-.852z"
                          />
                        </svg>
                      </button>
                      <button
                        class="p-2 text-red-600 hover:bg-red-50 rounded-md disabled:opacity-50"
                        title="Deletar cl├¡nica definitivamente"
                      >
                        <svg
                          aria-hidden="true"
                          class="lucide lucide-trash2 lucide-trash-2 w-4 h-4"
                          fill="none"
                          height="24"
                          stroke="currentColor"
                          stroke-linecap="round"
                          stroke-linejoin="round"
                          stroke-width="2"
                          viewBox="0 0 24 24"
                          width="24"
                          xmlns="http://www.w3.org/2000/svg"
                        >
                          <path
                            d="M10 11v6"
                          />
                          <path
                            d="M14 11v6"
                          />
                          <path
                            d="M19 6v14a2 2 0 0 1-2 2H7a2 2 0 0 1-2-2V6"
                          />
                          <path
                            d="M3 6h18"
                          />
                          <path
                            d="M8 6V4a2 2 0 0 1 2-2h4a2 2 0 0 1 2 2v2"
                          />
                        </svg>
                      </button>
                      <button
                        class="p-2 text-gray-600 hover:bg-gray-100 rounded-md"
                      >
                        <svg
                          aria-hidden="true"
                          class="lucide lucide-chevron-down w-5 h-5"
                          fill="none"
                          height="24"
                          stroke="currentColor"
                          stroke-linecap="round"
                          stroke-linejoin="round"
                          stroke-width="2"
                          viewBox="0 0 24 24"
                          width="24"
                          xmlns="http://www.w3.org/2000/svg"
                        >
                          <path
                            d="m6 9 6 6 6-6"
                          />
                        </svg>
                      </button>
                    </div>
                  </div>
                </div>
              </div>
            </div>
          </div>
        </div>
      </body>
    </html>

      382 |
      383 |     await waitFor(() => {
    > 384 |       expect(mockAlert).toHaveBeenCalledWith('Erro ao deletar');
          |                         ^
      385 |     });
      386 |
      387 |     mockAlert.mockRestore();

      at toHaveBeenCalledWith (__tests__/components/ClinicasContent.test.tsx:384:25)
      at runWithExpensiveErrorDiagnosticsDisabled (node_modules/.pnpm/@testing-library+dom@10.4.1/node_modules/@testing-library/dom/dist/config.js:47:12)
      at checkCallback (node_modules/.pnpm/@testing-library+dom@10.4.1/node_modules/@testing-library/dom/dist/wait-for.js:124:77)
      at checkRealTimersCallback (node_modules/.pnpm/@testing-library+dom@10.4.1/node_modules/@testing-library/dom/dist/wait-for.js:118:16)
      at Timeout.task [as _onTimeout] (node_modules/.pnpm/jsdom@26.1.0/node_modules/jsdom/lib/jsdom/browser/Window.js:579:19)

PASS __tests__/integration/transaction-audit-context.test.ts
  ÔùÅ Console

    console.log
      [dotenv@17.2.3] injecting env (0) from .env.test -- tip: ÔÜÖ´©Å  write to custom object with { processEnv: myObject }

      at _log (node_modules/.pnpm/dotenv@17.2.3/node_modules/dotenv/lib/main.js:142:11)

    console.log
      ­ƒøí´©Å [jest.setup] Removendo DATABASE_URL do ambiente de testes (valor n├úo importa)

      at Object.<anonymous> (__tests__/config/jest.setup.js:125:17)

    console.log
      ­ƒøí´©Å [jest.setup] Prote├º├úo do banco de testes ativada - usando: nr-bps_db_test

      at Object.<anonymous> (__tests__/config/jest.setup.js:150:13)

    console.log
      ­ƒöî [lib/db.ts] Conectado ao banco: nr-bps_db_test @ localhost (ambiente: test)

      at Object.log (lib/db.ts:673:15)

    console.log
      [withTransaction] Transa├º├úo iniciada para rh (CPF: ***8909)

      at log (lib/db-transaction.ts:78:13)

    console.log
      [withTransaction] Transa├º├úo commitada com sucesso para rh

      at log (lib/db-transaction.ts:88:13)

    console.log
      [withTransaction] Transa├º├úo iniciada para rh (CPF: ***8909)

      at log (lib/db-transaction.ts:78:13)

    console.log
      [TEST] Erro isolado via SAVEPOINT (esperado)

      at log (__tests__/integration/transaction-audit-context.test.ts:204:19)

    console.log
      [withTransaction] Transa├º├úo commitada com sucesso para rh

      at log (lib/db-transaction.ts:88:13)

    console.log
      [withTransaction] Transa├º├úo iniciada para rh (CPF: ***8909)

      at log (lib/db-transaction.ts:78:13)

    console.log
      [withTransaction] Transa├º├úo commitada com sucesso para rh

      at log (lib/db-transaction.ts:88:13)

RBAC seed applied to test database
FAIL __tests__/api/entidade/laudos-download-backblaze-proxy.test.ts
  ÔùÅ Console

    console.log
      [dotenv@17.2.3] injecting env (0) from .env.test -- tip: ÔÜÖ´©Å  enable debug logging with { debug: true }

      at _log (node_modules/.pnpm/dotenv@17.2.3/node_modules/dotenv/lib/main.js:142:11)

    console.log
      ­ƒøí´©Å [jest.setup] Removendo DATABASE_URL do ambiente de testes (valor n├úo importa)

      at Object.<anonymous> (__tests__/config/jest.setup.js:125:17)

    console.log
      ­ƒøí´©Å [jest.setup] Prote├º├úo do banco de testes ativada - usando: nr-bps_db_test

      at Object.<anonymous> (__tests__/config/jest.setup.js:150:13)

    console.log
      ­ƒöî [lib/db.ts] Conectado ao banco: nr-bps_db_test @ localhost (ambiente: test)

      at Object.log (lib/db.ts:673:15)

    console.log
      [BACKBLAZE] Arquivo remoto encontrado no banco: laudos/lote-1008/laudo-123.pdf

      at log (app/api/entidade/laudos/[laudoId]/download/route.ts:82:13)

    console.log
      [BACKBLAZE] Arquivo remoto encontrado no banco: laudos/lote-1008/laudo-456.pdf

      at log (app/api/entidade/laudos/[laudoId]/download/route.ts:82:13)

    console.log
      [BACKBLAZE] Arquivo remoto encontrado no banco: laudos/lote-1008/laudo-789.pdf

      at log (app/api/entidade/laudos/[laudoId]/download/route.ts:82:13)

    console.log
      [BACKBLAZE] Arquivo remoto encontrado no banco: laudos/lote-1008/laudo-error.pdf

      at log (app/api/entidade/laudos/[laudoId]/download/route.ts:82:13)

    console.log
      [BACKBLAZE] Arquivo remoto encontrado no banco: laudos/lote-1008/remoto.pdf

      at log (app/api/entidade/laudos/[laudoId]/download/route.ts:82:13)

  ÔùÅ GET /api/entidade/laudos/[laudoId]/download - Backblaze Proxy ÔÇ║ Download com Proxy Server-Side ÔÇ║ deve fazer proxy server-side do PDF do Backblaze (status 200)

    expect(received).toBe(expected) // Object.is equality

    Expected: 200
    Received: 500

      157 |       );
      158 |
    > 159 |       expect(response.status).toBe(200);
          |                               ^
      160 |       expect(response.headers.get('Content-Type')).toBe('application/pdf');
      161 |       expect(response.headers.get('Content-Disposition')).toContain(
      162 |         'laudo-1008.pdf'

      at Object.toBe (__tests__/api/entidade/laudos-download-backblaze-proxy.test.ts:159:31)

  ÔùÅ GET /api/entidade/laudos/[laudoId]/download - Backblaze Proxy ÔÇ║ Download com Proxy Server-Side ÔÇ║ deve retornar headers corretos no response (Cache-Control, Content-Length)

    expect(received).toBe(expected) // Object.is equality

    Expected: "13"
    Received: undefined

      204 |       );
      205 |
    > 206 |       expect(response.headers.get('Content-Length')).toBe(
          |                                                      ^
      207 |         pdfBuffer.byteLength.toString()
      208 |       );
      209 |       expect(response.headers.get('Cache-Control')).toBe('private, max-age=0');

      at Object.toBe (__tests__/api/entidade/laudos-download-backblaze-proxy.test.ts:206:54)

  ÔùÅ GET /api/entidade/laudos/[laudoId]/download - Backblaze Proxy ÔÇ║ Download com Proxy Server-Side ÔÇ║ deve retornar 500 quando fetch do Backblaze falha

    expect(received).toContain(expected) // indexOf

    Expected substring: "Erro ao acessar arquivo no storage"
    Received string:    "Erro ao acessar arquivo do laudo"

      248 |       expect(response.status).toBe(500);
      249 |       const json = await response.json();
    > 250 |       expect(json.error).toContain('Erro ao acessar arquivo no storage');
          |                          ^
      251 |     });
      252 |
      253 |     it('deve retornar 500 quando h├í erro ao processar response do Backblaze', async () => {

      at Object.toContain (__tests__/api/entidade/laudos-download-backblaze-proxy.test.ts:250:26)

  ÔùÅ GET /api/entidade/laudos/[laudoId]/download - Backblaze Proxy ÔÇ║ Comportamentos Removidos (Query Correta) ÔÇ║ deve buscar arquivo_remoto_key no banco (n├úo tentar descobrir via filesystem)

    expect(received).toBe(expected) // Object.is equality

    Expected: 200
    Received: 500

      333 |       );
      334 |
    > 335 |       expect(response.status).toBe(200);
          |                               ^
      336 |     });
      337 |   });
      338 | });

      at Object.toBe (__tests__/api/entidade/laudos-download-backblaze-proxy.test.ts:335:31)

PASS __tests__/components/admin/VolumeContent.test.tsx
  ÔùÅ Console

    console.log
      [dotenv@17.2.3] injecting env (0) from .env.test -- tip: ­ƒöæ add access controls to secrets: https://dotenvx.com/ops

      at _log (node_modules/.pnpm/dotenv@17.2.3/node_modules/dotenv/lib/main.js:142:11)

    console.log
      ­ƒøí´©Å [jest.setup] Removendo DATABASE_URL do ambiente de testes (valor n├úo importa)

      at Object.<anonymous> (__tests__/config/jest.setup.js:125:17)

    console.log
      ­ƒøí´©Å [jest.setup] Prote├º├úo do banco de testes ativada - usando: nr-bps_db_test

      at Object.<anonymous> (__tests__/config/jest.setup.js:150:13)

PASS __tests__/entidade/lote-badges-grupos.test.tsx
  ÔùÅ Console

    console.log
      [dotenv@17.2.3] injecting env (0) from .env.test -- tip: ÔÜÖ´©Å  load multiple .env files with { path: ['.env.local', '.env'] }

      at _log (node_modules/.pnpm/dotenv@17.2.3/node_modules/dotenv/lib/main.js:142:11)

    console.log
      ­ƒøí´©Å [jest.setup] Removendo DATABASE_URL do ambiente de testes (valor n├úo importa)

      at Object.<anonymous> (__tests__/config/jest.setup.js:125:17)

    console.log
      ­ƒøí´©Å [jest.setup] Prote├º├úo do banco de testes ativada - usando: nr-bps_db_test

      at Object.<anonymous> (__tests__/config/jest.setup.js:150:13)

RBAC seed applied to test database
RBAC seed applied to test database
RBAC seed applied to test database
RBAC seed applied to test database
PASS __tests__/api/clinica/relatorio-pdf.test.ts
  ÔùÅ Console

    console.log
      [dotenv@17.2.3] injecting env (0) from .env.test -- tip: ÔÜÖ´©Å  write to custom object with { processEnv: myObject }

      at _log (node_modules/.pnpm/dotenv@17.2.3/node_modules/dotenv/lib/main.js:142:11)

    console.log
      ­ƒøí´©Å [jest.setup] Removendo DATABASE_URL do ambiente de testes (valor n├úo importa)

      at Object.<anonymous> (__tests__/config/jest.setup.js:125:17)

    console.log
      ­ƒøí´©Å [jest.setup] Prote├º├úo do banco de testes ativada - usando: nr-bps_db_test

      at Object.<anonymous> (__tests__/config/jest.setup.js:150:13)

    console.log
      ­ƒöî [lib/db.ts] Conectado ao banco: nr-bps_db_test @ localhost (ambiente: test)

      at Object.log (lib/db.ts:673:15)

RBAC seed applied to test database
RBAC seed applied to test database
FAIL __tests__/api/pdf-client-generation-apis.test.ts
  ÔùÅ Test suite failed to run

    Cannot find module '../../app/api/entidade/lote/[id]/relatorio-individual/[avaliacaoId]/html/route' from '__tests__/api/pdf-client-generation-apis.test.ts'

      41 |     .fn()
      42 |     .mockReturnValue('<html><body>Laudo</body></html>'),
    > 43 | }));
         |               ^
      44 |
      45 | describe('API: Laudo HTML Generation', () => {
      46 |   beforeEach(() => {

      at Resolver._throwModNotFoundError (node_modules/.pnpm/jest-resolve@30.2.0/node_modules/jest-resolve/build/index.js:863:11)
      at Object.<anonymous> (__tests__/api/pdf-client-generation-apis.test.ts:43:17)

FAIL __tests__/avaliacao/responder.test.ts
  ÔùÅ Console

    console.log
      [dotenv@17.2.3] injecting env (0) from .env.test -- tip: ­ƒöÉ prevent building .env in docker: https://dotenvx.com/prebuild

      at _log (node_modules/.pnpm/dotenv@17.2.3/node_modules/dotenv/lib/main.js:142:11)

    console.log
      ­ƒøí´©Å [jest.setup] Removendo DATABASE_URL do ambiente de testes (valor n├úo importa)

      at Object.<anonymous> (__tests__/config/jest.setup.js:125:17)

    console.log
      ­ƒøí´©Å [jest.setup] Prote├º├úo do banco de testes ativada - usando: nr-bps_db_test

      at Object.<anonymous> (__tests__/config/jest.setup.js:150:13)

  ÔùÅ Avalia├º├úo - Responder Quest├Áes ÔÇ║ Item 2: Salvar resposta automaticamente ao clicar ÔÇ║ deve salvar resposta imediatamente ao clicar na op├º├úo

    expect(received).toBe(expected) // Object.is equality

    Expected: 200
    Received: 500

      52 |       const data = await response.json();
      53 |
    > 54 |       expect(response.status).toBe(200);
         |                               ^
      55 |       expect(data.success).toBe(true);
      56 |       expect(mockQuery).toHaveBeenCalledWith(
      57 |         expect.stringContaining('INSERT INTO respostas'),

      at Object.toBe (__tests__/avaliacao/responder.test.ts:54:31)

  ÔùÅ Avalia├º├úo - Responder Quest├Áes ÔÇ║ Item 2: Salvar resposta automaticamente ao clicar ÔÇ║ deve salvar resposta sem necessidade de bot├úo "Salvar"

    expect(received).toBe(expected) // Object.is equality

    Expected: 200
    Received: 500

      79 |
      80 |       const response = await POST(request);
    > 81 |       expect(response.status).toBe(200);
         |                               ^
      82 |
      83 |       // N├úo deve haver necessidade de confirma├º├úo adicional
      84 |       const data = await response.json();

      at Object.toBe (__tests__/avaliacao/responder.test.ts:81:31)

  ÔùÅ Avalia├º├úo - Responder Quest├Áes ÔÇ║ Item 2: Salvar resposta automaticamente ao clicar ÔÇ║ deve permitir altera├º├úo de resposta ao clicar novamente

    expect(received).toBe(expected) // Object.is equality

    Expected: 200
    Received: 500

      121 |       const response2 = await POST(request2);
      122 |
    > 123 |       expect(response2.status).toBe(200);
          |                                ^
      124 |       // A API deve fazer upsert, permitindo altera├º├úo
      125 |     });
      126 |   });

      at Object.toBe (__tests__/avaliacao/responder.test.ts:123:32)

  ÔùÅ Avalia├º├úo - Responder Quest├Áes ÔÇ║ Item 3: Progresso avan├ºa imediatamente ÔÇ║ deve retornar progresso num├®rico de 0 a 37

    expect(received).toHaveLength(expected)

    Expected length: 3
    Received length: 0
    Received array:  []

      147 |       const data = await response.json();
      148 |
    > 149 |       expect(data.respostas).toHaveLength(3);
          |                              ^
      150 |       expect(data.total).toBe(3);
      151 |       // O frontend deve calcular: "3 de 37"
      152 |     });

      at Object.toHaveLength (__tests__/avaliacao/responder.test.ts:149:30)

  ÔùÅ Avalia├º├úo - Responder Quest├Áes ÔÇ║ Item 3: Progresso avan├ºa imediatamente ÔÇ║ deve atualizar progresso ap├│s cada resposta salva

    expect(received).toBe(expected) // Object.is equality

    Expected: 1
    Received: 0

      201 |       const response2 = await getRespostas(request2);
      202 |       const data2 = await response2.json();
    > 203 |       expect(data2.total).toBe(1);
          |                           ^
      204 |       // Frontend deve mostrar "1 de 37"
      205 |     });
      206 |

      at Object.toBe (__tests__/avaliacao/responder.test.ts:203:27)

  ÔùÅ Avalia├º├úo - Responder Quest├Áes ÔÇ║ Item 3: Progresso avan├ºa imediatamente ÔÇ║ deve mostrar progresso exato at├® 37 quest├Áes

    expect(received).toBe(expected) // Object.is equality

    Expected: 35
    Received: 0

      223 |       const data = await response.json();
      224 |
    > 225 |       expect(data.total).toBe(35);
          |                          ^
      226 |       // Frontend deve mostrar "35 de 37"
      227 |     });
      228 |   });

      at Object.toBe (__tests__/avaliacao/responder.test.ts:225:26)

  ÔùÅ Avalia├º├úo - Responder Quest├Áes ÔÇ║ Item 4: Recarregar p├ígina retoma na quest├úo atual ÔÇ║ deve retornar todas as respostas j├í salvas ao recarregar

    expect(received).toHaveLength(expected)

    Expected length: 3
    Received length: 0
    Received array:  []

      248 |       const data = await response.json();
      249 |
    > 250 |       expect(data.respostas).toHaveLength(3);
          |                              ^
      251 |       expect(data.respostas.map((r: any) => r.item)).toEqual([
      252 |         'Q1',
      253 |         'Q2',

      at Object.toHaveLength (__tests__/avaliacao/responder.test.ts:250:30)

  ÔùÅ Avalia├º├úo - Responder Quest├Áes ÔÇ║ Item 4: Recarregar p├ígina retoma na quest├úo atual ÔÇ║ deve permitir continuar de onde parou ap├│s recarregar

    expect(received).toBe(expected) // Object.is equality

    Expected: 2
    Received: 0

      274 |       const data = await response.json();
      275 |
    > 276 |       expect(data.total).toBe(2);
          |                          ^
      277 |       // Frontend deve mostrar q3 como pr├│xima quest├úo n├úo respondida
      278 |     });
      279 |

      at Object.toBe (__tests__/avaliacao/responder.test.ts:276:26)

  ÔùÅ Avalia├º├úo - Responder Quest├Áes ÔÇ║ Item 4: Recarregar p├ígina retoma na quest├úo atual ÔÇ║ deve preservar respostas ap├│s m├║ltiplos recarregamentos

    expect(received).toBe(expected) // Object.is equality

    Expected: 5
    Received: 0

      300 |       const response1 = await GET(request1);
      301 |       const data1 = await response1.json();
    > 302 |       expect(data1.total).toBe(5);
          |                           ^
      303 |
      304 |       // Segunda "carga" (outro recarregamento)
      305 |       const request2 = new NextRequest(

      at Object.toBe (__tests__/avaliacao/responder.test.ts:302:27)

FAIL __tests__/api/pagamento/confirmar-bytea.test.ts
  ÔùÅ Console

    console.log
      [dotenv@17.2.3] injecting env (0) from .env.test -- tip: ­ƒùé´©Å backup and recover secrets: https://dotenvx.com/ops

      at _log (node_modules/.pnpm/dotenv@17.2.3/node_modules/dotenv/lib/main.js:142:11)

    console.log
      ­ƒøí´©Å [jest.setup] Removendo DATABASE_URL do ambiente de testes (valor n├úo importa)

      at Object.<anonymous> (__tests__/config/jest.setup.js:125:17)

    console.log
      ­ƒøí´©Å [jest.setup] Prote├º├úo do banco de testes ativada - usando: nr-bps_db_test

      at Object.<anonymous> (__tests__/config/jest.setup.js:150:13)

    console.log
      ­ƒöî [lib/db.ts] Conectado ao banco: nr-bps_db_test @ localhost (ambiente: test)

      at Object.log (lib/db.ts:673:15)

    console.log
      [HANDLER] Iniciando POST /api/pagamento/confirmar

      at log (app/api/pagamento/confirmar/route.ts:23:11)

    console.log
      [HANDLER] Body parseado com sucesso

      at log (app/api/pagamento/confirmar/route.ts:29:13)

    console.log
      [PAGAMENTO_CONFIRMAR] request body: {
        pagamento_id: 100,
        metodo_pagamento: 'pix',
        plataforma_id: 'MP123456',
        plataforma_nome: 'Mercado Pago',
        numero_parcelas: 1
      }

      at log (app/api/pagamento/confirmar/route.ts:52:13)

    console.log
      [HANDLER] Validando pagamento_id: 100

      at log (app/api/pagamento/confirmar/route.ts:55:13)

    console.log
      [HANDLER] Pagamento ID v├ílido, continuando...

      at log (app/api/pagamento/confirmar/route.ts:63:13)

    console.log
      [HANDLER] Buscando pagamento no banco...

      at log (app/api/pagamento/confirmar/route.ts:66:13)

    console.log
      [HANDLER] Query executada, rows: 1

      at log (app/api/pagamento/confirmar/route.ts:88:13)

    console.log
      [PAGAMENTO_CONFIRMAR] Dados do pagamento encontrados: {
        id: 100,
        tomador_id: 1,
        cnpj: '12.345.678/0001-90',
        tipo: 'pj',
        responsavel_cpf: '123.456.789-00',
        contrato_id: 55
      }

      at log (app/api/pagamento/confirmar/route.ts:103:13)

    console.log
      [PAGAMENTO_CONFIRMAR] Iniciando UPDATE at├┤mico para status=pago

      at log (app/api/pagamento/confirmar/route.ts:112:13)

    console.log
      [PAGAMENTO_CONFIRMAR] UPDATE result rows: 1

      at log (app/api/pagamento/confirmar/route.ts:153:13)

    console.log
      [PAGAMENTO_CONFIRMAR] pagamento atualizado para pago (atomic update)

      at log (app/api/pagamento/confirmar/route.ts:194:15)

    console.log
      [PAGAMENTO_CONFIRMAR] Pagamento confirmado - preparando ativa├º├úo e libera├º├úo de login

      at log (app/api/pagamento/confirmar/route.ts:199:13)

    console.log
      [PAGAMENTO_CONFIRMAR] pagamentoAtual: { plano_tipo: 'recorrente' }

      at log (app/api/pagamento/confirmar/route.ts:210:15)

    console.log
      [PAGAMENTO_CONFIRMAR] Iniciando ativa├º├úo e libera├º├úo de login (sem depend├¬ncia de recibo)

      at log (app/api/pagamento/confirmar/route.ts:492:13)

    console.log
      [PAGAMENTO_CONFIRMAR] Respondendo sucesso - login liberado, recibo sob demanda

      at log (app/api/pagamento/confirmar/route.ts:557:13)

    console.log
      [HANDLER] Iniciando POST /api/pagamento/confirmar

      at log (app/api/pagamento/confirmar/route.ts:23:11)

    console.log
      [HANDLER] Body parseado com sucesso

      at log (app/api/pagamento/confirmar/route.ts:29:13)

    console.log
      [PAGAMENTO_CONFIRMAR] request body: { pagamento_id: 101, metodo_pagamento: 'pix' }

      at log (app/api/pagamento/confirmar/route.ts:52:13)

    console.log
      [HANDLER] Validando pagamento_id: 101

      at log (app/api/pagamento/confirmar/route.ts:55:13)

    console.log
      [HANDLER] Pagamento ID v├ílido, continuando...

      at log (app/api/pagamento/confirmar/route.ts:63:13)

    console.log
      [HANDLER] Buscando pagamento no banco...

      at log (app/api/pagamento/confirmar/route.ts:66:13)

    console.log
      [HANDLER] Query executada, rows: 1

      at log (app/api/pagamento/confirmar/route.ts:88:13)

    console.log
      [PAGAMENTO_CONFIRMAR] Dados do pagamento encontrados: {
        id: 101,
        tomador_id: 2,
        cnpj: '12.345.678/0001-90',
        tipo: 'pj',
        responsavel_cpf: '123.456.789-00',
        contrato_id: 55
      }

      at log (app/api/pagamento/confirmar/route.ts:103:13)

    console.log
      [PAGAMENTO_CONFIRMAR] Iniciando UPDATE at├┤mico para status=pago

      at log (app/api/pagamento/confirmar/route.ts:112:13)

    console.log
      [PAGAMENTO_CONFIRMAR] UPDATE result rows: 1

      at log (app/api/pagamento/confirmar/route.ts:153:13)

    console.log
      [PAGAMENTO_CONFIRMAR] pagamento atualizado para pago (atomic update)

      at log (app/api/pagamento/confirmar/route.ts:194:15)

    console.log
      [PAGAMENTO_CONFIRMAR] Pagamento confirmado - preparando ativa├º├úo e libera├º├úo de login

      at log (app/api/pagamento/confirmar/route.ts:199:13)

    console.log
      [PAGAMENTO_CONFIRMAR] pagamentoAtual: { plano_tipo: 'fixo' }

      at log (app/api/pagamento/confirmar/route.ts:210:15)

    console.log
      [PAGAMENTO_CONFIRMAR] Iniciando ativa├º├úo e libera├º├úo de login (sem depend├¬ncia de recibo)

      at log (app/api/pagamento/confirmar/route.ts:492:13)

    console.log
      [PAGAMENTO_CONFIRMAR] Respondendo sucesso - login liberado, recibo sob demanda

      at log (app/api/pagamento/confirmar/route.ts:557:13)

    console.log
      [HANDLER] Iniciando POST /api/pagamento/confirmar

      at log (app/api/pagamento/confirmar/route.ts:23:11)

    console.log
      [HANDLER] Body parseado com sucesso

      at log (app/api/pagamento/confirmar/route.ts:29:13)

    console.log
      [PAGAMENTO_CONFIRMAR] request body: { pagamento_id: 100, metodo_pagamento: 'pix' }

      at log (app/api/pagamento/confirmar/route.ts:52:13)

    console.log
      [HANDLER] Validando pagamento_id: 100

      at log (app/api/pagamento/confirmar/route.ts:55:13)

    console.log
      [HANDLER] Pagamento ID v├ílido, continuando...

      at log (app/api/pagamento/confirmar/route.ts:63:13)

    console.log
      [HANDLER] Buscando pagamento no banco...

      at log (app/api/pagamento/confirmar/route.ts:66:13)

    console.log
      [HANDLER] Query executada, rows: 1

      at log (app/api/pagamento/confirmar/route.ts:88:13)

    console.log
      [PAGAMENTO_CONFIRMAR] Dados do pagamento encontrados: {
        id: 100,
        tomador_id: 1,
        cnpj: '12.345.678/0001-90',
        tipo: 'pj',
        responsavel_cpf: '123.456.789-00',
        contrato_id: 55
      }

      at log (app/api/pagamento/confirmar/route.ts:103:13)

    console.log
      [PAGAMENTO_CONFIRMAR] Iniciando UPDATE at├┤mico para status=pago

      at log (app/api/pagamento/confirmar/route.ts:112:13)

    console.log
      [PAGAMENTO_CONFIRMAR] UPDATE result rows: 1

      at log (app/api/pagamento/confirmar/route.ts:153:13)

    console.log
      [PAGAMENTO_CONFIRMAR] pagamento atualizado para pago (atomic update)

      at log (app/api/pagamento/confirmar/route.ts:194:15)

    console.log
      [PAGAMENTO_CONFIRMAR] Pagamento confirmado - preparando ativa├º├úo e libera├º├úo de login

      at log (app/api/pagamento/confirmar/route.ts:199:13)

    console.log
      [PAGAMENTO_CONFIRMAR] pagamentoAtual: { plano_tipo: 'recorrente' }

      at log (app/api/pagamento/confirmar/route.ts:210:15)

    console.log
      [PAGAMENTO_CONFIRMAR] Iniciando ativa├º├úo e libera├º├úo de login (sem depend├¬ncia de recibo)

      at log (app/api/pagamento/confirmar/route.ts:492:13)

    console.log
      [PAGAMENTO_CONFIRMAR] Respondendo sucesso - login liberado, recibo sob demanda

      at log (app/api/pagamento/confirmar/route.ts:557:13)

    console.log
      [HANDLER] Iniciando POST /api/pagamento/confirmar

      at log (app/api/pagamento/confirmar/route.ts:23:11)

    console.log
      [HANDLER] Body parseado com sucesso

      at log (app/api/pagamento/confirmar/route.ts:29:13)

    console.log
      [PAGAMENTO_CONFIRMAR] request body: { pagamento_id: 100 }

      at log (app/api/pagamento/confirmar/route.ts:52:13)

    console.log
      [HANDLER] Validando pagamento_id: 100

      at log (app/api/pagamento/confirmar/route.ts:55:13)

    console.log
      [HANDLER] Pagamento ID v├ílido, continuando...

      at log (app/api/pagamento/confirmar/route.ts:63:13)

    console.log
      [HANDLER] Buscando pagamento no banco...

      at log (app/api/pagamento/confirmar/route.ts:66:13)

    console.log
      [HANDLER] Query executada, rows: 1

      at log (app/api/pagamento/confirmar/route.ts:88:13)

    console.log
      [PAGAMENTO_CONFIRMAR] Dados do pagamento encontrados: {
        id: 100,
        tomador_id: 1,
        cnpj: '12.345.678/0001-90',
        tipo: 'pj',
        responsavel_cpf: '123.456.789-00',
        contrato_id: 55
      }

      at log (app/api/pagamento/confirmar/route.ts:103:13)

    console.log
      [PAGAMENTO_CONFIRMAR] Iniciando UPDATE at├┤mico para status=pago

      at log (app/api/pagamento/confirmar/route.ts:112:13)

    console.log
      [PAGAMENTO_CONFIRMAR] UPDATE result rows: 0

      at log (app/api/pagamento/confirmar/route.ts:153:13)

    console.log
      [PAGAMENTO_CONFIRMAR] pagamento j├í marcado como pago, continuando para a├º├Áes idempotentes

      at log (app/api/pagamento/confirmar/route.ts:189:17)

    console.log
      [PAGAMENTO_CONFIRMAR] Pagamento confirmado - preparando ativa├º├úo e libera├º├úo de login

      at log (app/api/pagamento/confirmar/route.ts:199:13)

    console.log
      [PAGAMENTO_CONFIRMAR] pagamentoAtual: { id: 777, numero_recibo: 'REC-OLD-001' }

      at log (app/api/pagamento/confirmar/route.ts:210:15)

    console.log
      [PAGAMENTO_CONFIRMAR] Iniciando ativa├º├úo e libera├º├úo de login (sem depend├¬ncia de recibo)

      at log (app/api/pagamento/confirmar/route.ts:492:13)

    console.log
      [PAGAMENTO_CONFIRMAR] Respondendo sucesso - login liberado, recibo sob demanda

      at log (app/api/pagamento/confirmar/route.ts:557:13)

    console.log
      [HANDLER] Iniciando POST /api/pagamento/confirmar

      at log (app/api/pagamento/confirmar/route.ts:23:11)

    console.log
      [HANDLER] Body parseado com sucesso

      at log (app/api/pagamento/confirmar/route.ts:29:13)

    console.log
      [PAGAMENTO_CONFIRMAR] request body: { pagamento_id: 100 }

      at log (app/api/pagamento/confirmar/route.ts:52:13)

    console.log
      [HANDLER] Validando pagamento_id: 100

      at log (app/api/pagamento/confirmar/route.ts:55:13)

    console.log
      [HANDLER] Pagamento ID v├ílido, continuando...

      at log (app/api/pagamento/confirmar/route.ts:63:13)

    console.log
      [HANDLER] Buscando pagamento no banco...

      at log (app/api/pagamento/confirmar/route.ts:66:13)

    console.log
      [HANDLER] Query executada, rows: 1

      at log (app/api/pagamento/confirmar/route.ts:88:13)

    console.log
      [PAGAMENTO_CONFIRMAR] Dados do pagamento encontrados: {
        id: 100,
        tomador_id: 1,
        cnpj: '12.345.678/0001-90',
        tipo: 'pj',
        responsavel_cpf: '123.456.789-00',
        contrato_id: 55
      }

      at log (app/api/pagamento/confirmar/route.ts:103:13)

    console.log
      [PAGAMENTO_CONFIRMAR] Iniciando UPDATE at├┤mico para status=pago

      at log (app/api/pagamento/confirmar/route.ts:112:13)

    console.log
      [PAGAMENTO_CONFIRMAR] UPDATE result rows: 1

      at log (app/api/pagamento/confirmar/route.ts:153:13)

    console.log
      [PAGAMENTO_CONFIRMAR] pagamento atualizado para pago (atomic update)

      at log (app/api/pagamento/confirmar/route.ts:194:15)

    console.log
      [PAGAMENTO_CONFIRMAR] Pagamento confirmado - preparando ativa├º├úo e libera├º├úo de login

      at log (app/api/pagamento/confirmar/route.ts:199:13)

    console.log
      [PAGAMENTO_CONFIRMAR] pagamentoAtual: { plano_tipo: 'recorrente' }

      at log (app/api/pagamento/confirmar/route.ts:210:15)

    console.log
      [PAGAMENTO_CONFIRMAR] Iniciando ativa├º├úo e libera├º├úo de login (sem depend├¬ncia de recibo)

      at log (app/api/pagamento/confirmar/route.ts:492:13)

    console.log
      [PAGAMENTO_CONFIRMAR] Respondendo sucesso - login liberado, recibo sob demanda

      at log (app/api/pagamento/confirmar/route.ts:557:13)

  ÔùÅ API Pagamento Confirmar com Recibo BYTEA ÔÇ║ POST /api/pagamento/confirmar ÔÇ║ deve confirmar pagamento e gerar recibo com PDF BYTEA (fluxo legado / for├ºado)

    expect(received).toBeDefined()

    Received: undefined

      87 |       expect(response.status).toBe(200);
      88 |       expect(data.success).toBe(true);
    > 89 |       expect(data.recibo).toBeDefined();
         |                           ^
      90 |       expect(data.recibo.numero_recibo).toBe('REC-20251231-0001');
      91 |
      92 |       // Verificar se recibo foi gerado (ip_emissao -> null quando 'unknown')

      at Object.toBeDefined (__tests__/api/pagamento/confirmar-bytea.test.ts:89:27)

  ÔùÅ API Pagamento Confirmar com Recibo BYTEA ÔÇ║ POST /api/pagamento/confirmar ÔÇ║ deve confirmar pagamento (plano fixo) sem gerar recibo e redirecionar para /auth

    expect(received).toBe(expected) // Object.is equality

    Expected: "/"
    Received: undefined

      132 |       expect(data.acesso_liberado).toBe(true);
      133 |       expect(data.login_liberado).toBe(true);
    > 134 |       expect(data.redirect_to).toBe('/');
          |                                ^
      135 |       expect(data.show_receipt_info).toBe(true);
      136 |       expect(data.recibo).toBeUndefined();
      137 |     });

      at Object.toBe (__tests__/api/pagamento/confirmar-bytea.test.ts:134:32)

  ÔùÅ API Pagamento Confirmar com Recibo BYTEA ÔÇ║ POST /api/pagamento/confirmar ÔÇ║ deve continuar mesmo se gera├º├úo de recibo falhar

    expect(received).toBeDefined()

    Received: undefined

      176 |       expect(response.status).toBe(200);
      177 |       expect(data.success).toBe(true);
    > 178 |       expect(data.recibo).toBeDefined();
          |                           ^
      179 |       expect(data.recibo.id).toBeNull(); // Recibo falhou ÔÇö API retorna recibo.{id: null}
      180 |       expect(data.recibo.numero_recibo).toBeNull();
      181 |     });

      at Object.toBeDefined (__tests__/api/pagamento/confirmar-bytea.test.ts:178:27)

  ÔùÅ API Pagamento Confirmar com Recibo BYTEA ÔÇ║ POST /api/pagamento/confirmar ÔÇ║ deve rejeitar pagamento j├í confirmado

    expect(received).toBeDefined()

    Received: undefined

      224 |       expect(response.status).toBe(200);
      225 |       expect(data.success).toBe(true);
    > 226 |       expect(data.recibo).toBeDefined();
          |                           ^
      227 |       expect(data.recibo.id).toBe(777);
      228 |       expect(data.recibo.numero_recibo).toBe('REC-OLD-001');
      229 |     });

      at Object.toBeDefined (__tests__/api/pagamento/confirmar-bytea.test.ts:226:27)

  ÔùÅ API Pagamento Confirmar com Recibo BYTEA ÔÇ║ POST /api/pagamento/confirmar ÔÇ║ deve incluir IP de emiss├úo na gera├º├úo do recibo

    expect(jest.fn()).toHaveBeenCalledWith(...expected)

    Expected: ObjectContaining {"ip_emissao": "203.0.113.1"}

    Number of calls: 0

      259 |       await confirmarPagamento(request);
      260 |
    > 261 |       expect(mockGerarRecibo).toHaveBeenCalledWith(
          |                               ^
      262 |         expect.objectContaining({
      263 |           ip_emissao: '203.0.113.1',
      264 |         })

      at Object.toHaveBeenCalledWith (__tests__/api/pagamento/confirmar-bytea.test.ts:261:31)

RBAC seed applied to test database
RBAC seed applied to test database
RBAC seed applied to test database
RBAC seed applied to test database
FAIL __tests__/correcoes-31-01-2026/remocao-automacao.test.ts
  ÔùÅ Console

    console.log
      [dotenv@17.2.3] injecting env (0) from .env.test -- tip: ­ƒùé´©Å backup and recover secrets: https://dotenvx.com/ops

      at _log (node_modules/.pnpm/dotenv@17.2.3/node_modules/dotenv/lib/main.js:142:11)

    console.log
      ­ƒøí´©Å [jest.setup] Removendo DATABASE_URL do ambiente de testes (valor n├úo importa)

      at Object.<anonymous> (__tests__/config/jest.setup.js:125:17)

    console.log
      ­ƒøí´©Å [jest.setup] Prote├º├úo do banco de testes ativada - usando: nr-bps_db_test

      at Object.<anonymous> (__tests__/config/jest.setup.js:150:13)

  ÔùÅ Remo├º├úo de Emiss├úo Autom├ítica ÔÇ║ Migration 1011: Audit Trigger Sem processamento_em ÔÇ║ trigger audit_lote_change deve disparar em UPDATE sem erro

    expect(received).toBeGreaterThan(expected)

    Expected: > 0
    Received:   0

      298 |       `);
      299 |
    > 300 |       expect(triggerCheck.rows.length).toBeGreaterThan(0);
          |                                        ^
      301 |
      302 |       // tgenabled = 'O' significa ENABLED
      303 |       const enabled = triggerCheck.rows.every((t) => t.tgenabled === 'O');

      at Object.toBeGreaterThan (__tests__/correcoes-31-01-2026/remocao-automacao.test.ts:300:40)

FAIL __tests__/emissor/emissor-pdf-imutabilidade.unit.test.ts
  ÔùÅ Console

    console.log
      [dotenv@17.2.3] injecting env (0) from .env.test -- tip: ÔÜÖ´©Å  load multiple .env files with { path: ['.env.local', '.env'] }

      at _log (node_modules/.pnpm/dotenv@17.2.3/node_modules/dotenv/lib/main.js:142:11)

    console.log
      ­ƒøí´©Å [jest.setup] Removendo DATABASE_URL do ambiente de testes (valor n├úo importa)

      at Object.<anonymous> (__tests__/config/jest.setup.js:125:17)

    console.log
      ­ƒøí´©Å [jest.setup] Prote├º├úo do banco de testes ativada - usando: nr-bps_db_test

      at Object.<anonymous> (__tests__/config/jest.setup.js:150:13)

  ÔùÅ Endpoint Emissor PDF - Imutabilidade e Seguran├ºa ÔÇ║ Imutabilidade: Sem UPDATE em laudos emitidos ÔÇ║ n├úo deve ter UPDATE laudos SET no c├│digo

    expect(received).toBe(expected) // Object.is equality

    Expected: false
    Received: true

      277 |       // Verificar que n├úo tem UPDATE em laudos ap├│s emiss├úo
      278 |       const hasUpdateLaudos = /UPDATE\s+laudos\s+SET/i.test(routeCode);
    > 279 |       expect(hasUpdateLaudos).toBe(false);
          |                               ^
      280 |     });
      281 |
      282 |     it('deve ter coment├írio sobre imutabilidade', () => {

      at Object.toBe (__tests__/emissor/emissor-pdf-imutabilidade.unit.test.ts:279:31)

FAIL __tests__/integration/backfill-recibos-retroativos.test.ts
  ÔùÅ Console

    console.log
      [dotenv@17.2.3] injecting env (0) from .env.test -- tip: ­ƒöÉ prevent committing .env to code: https://dotenvx.com/precommit

      at _log (node_modules/.pnpm/dotenv@17.2.3/node_modules/dotenv/lib/main.js:142:11)

    console.log
      ­ƒøí´©Å [jest.setup] Removendo DATABASE_URL do ambiente de testes (valor n├úo importa)

      at Object.<anonymous> (__tests__/config/jest.setup.js:125:17)

    console.log
      ­ƒøí´©Å [jest.setup] Prote├º├úo do banco de testes ativada - usando: nr-bps_db_test

      at Object.<anonymous> (__tests__/config/jest.setup.js:150:13)

    console.log
      ­ƒöî [lib/db.ts] Conectado ao banco: nr-bps_db_test @ localhost (ambiente: test)

      at Object.log (lib/db.ts:673:15)

  ÔùÅ Backfill de Recibos Retroativos ÔÇ║ Gera├º├úo de Recibo com PDF e Hash ÔÇ║ deve gerar recibo com PDF BYTEA e hash SHA-256

    error: rela├º├úo "tomadors" n├úo existe

      487 |         // No session: just execute the query normally
      488 |         try {
    > 489 |           const result = await client.query(text, params);
          |                          ^
      490 |           const duration = Date.now() - start;
      491 |
      492 |           // Log apenas queries lentas (>500ms)

      at node_modules/.pnpm/pg@8.16.3/node_modules/pg/lib/client.js:545:17
      at query (lib/db.ts:489:26)
      at Object.<anonymous> (__tests__/integration/backfill-recibos-retroativos.test.ts:23:27)

  ÔùÅ Backfill de Recibos Retroativos ÔÇ║ Gera├º├úo de Recibo com PDF e Hash ÔÇ║ deve incluir hash correto no PDF gerado

    error: rela├º├úo "tomadors" n├úo existe

      487 |         // No session: just execute the query normally
      488 |         try {
    > 489 |           const result = await client.query(text, params);
          |                          ^
      490 |           const duration = Date.now() - start;
      491 |
      492 |           // Log apenas queries lentas (>500ms)

      at node_modules/.pnpm/pg@8.16.3/node_modules/pg/lib/client.js:545:17
      at query (lib/db.ts:489:26)
      at Object.<anonymous> (__tests__/integration/backfill-recibos-retroativos.test.ts:23:27)

  ÔùÅ Backfill de Recibos Retroativos ÔÇ║ Gera├º├úo de Recibo com PDF e Hash ÔÇ║ deve salvar c├│pia do PDF em disco

    error: rela├º├úo "tomadors" n├úo existe

      487 |         // No session: just execute the query normally
      488 |         try {
    > 489 |           const result = await client.query(text, params);
          |                          ^
      490 |           const duration = Date.now() - start;
      491 |
      492 |           // Log apenas queries lentas (>500ms)

      at node_modules/.pnpm/pg@8.16.3/node_modules/pg/lib/client.js:545:17
      at query (lib/db.ts:489:26)
      at Object.<anonymous> (__tests__/integration/backfill-recibos-retroativos.test.ts:23:27)

  ÔùÅ Backfill de Recibos Retroativos ÔÇ║ Idempot├¬ncia do Backfill ÔÇ║ n├úo deve duplicar recibo se executado duas vezes

    error: rela├º├úo "tomadors" n├úo existe

      487 |         // No session: just execute the query normally
      488 |         try {
    > 489 |           const result = await client.query(text, params);
          |                          ^
      490 |           const duration = Date.now() - start;
      491 |
      492 |           // Log apenas queries lentas (>500ms)

      at node_modules/.pnpm/pg@8.16.3/node_modules/pg/lib/client.js:545:17
      at query (lib/db.ts:489:26)
      at Object.<anonymous> (__tests__/integration/backfill-recibos-retroativos.test.ts:23:27)

  ÔùÅ Backfill de Recibos Retroativos ÔÇ║ Idempot├¬ncia do Backfill ÔÇ║ deve usar constraint UNIQUE para prevenir duplicatas

    error: rela├º├úo "tomadors" n├úo existe

      487 |         // No session: just execute the query normally
      488 |         try {
    > 489 |           const result = await client.query(text, params);
          |                          ^
      490 |           const duration = Date.now() - start;
      491 |
      492 |           // Log apenas queries lentas (>500ms)

      at node_modules/.pnpm/pg@8.16.3/node_modules/pg/lib/client.js:545:17
      at query (lib/db.ts:489:26)
      at Object.<anonymous> (__tests__/integration/backfill-recibos-retroativos.test.ts:23:27)

  ÔùÅ Backfill de Recibos Retroativos ÔÇ║ Notifica├º├Áes Retroativas ÔÇ║ deve criar notifica├º├úo ao gerar recibo retroativo

    error: rela├º├úo "tomadors" n├úo existe

      487 |         // No session: just execute the query normally
      488 |         try {
    > 489 |           const result = await client.query(text, params);
          |                          ^
      490 |           const duration = Date.now() - start;
      491 |
      492 |           // Log apenas queries lentas (>500ms)

      at node_modules/.pnpm/pg@8.16.3/node_modules/pg/lib/client.js:545:17
      at query (lib/db.ts:489:26)
      at Object.<anonymous> (__tests__/integration/backfill-recibos-retroativos.test.ts:23:27)

  ÔùÅ Backfill de Recibos Retroativos ÔÇ║ Verifica├º├úo de Integridade ÔÇ║ deve validar integridade do PDF usando fun├º├úo do banco

    error: rela├º├úo "tomadors" n├úo existe

      487 |         // No session: just execute the query normally
      488 |         try {
    > 489 |           const result = await client.query(text, params);
          |                          ^
      490 |           const duration = Date.now() - start;
      491 |
      492 |           // Log apenas queries lentas (>500ms)

      at node_modules/.pnpm/pg@8.16.3/node_modules/pg/lib/client.js:545:17
      at query (lib/db.ts:489:26)
      at Object.<anonymous> (__tests__/integration/backfill-recibos-retroativos.test.ts:23:27)

  ÔùÅ Backfill de Recibos Retroativos ÔÇ║ Verifica├º├úo de Integridade ÔÇ║ deve calcular hash SHA-256 corretamente

    error: rela├º├úo "tomadors" n├úo existe

      487 |         // No session: just execute the query normally
      488 |         try {
    > 489 |           const result = await client.query(text, params);
          |                          ^
      490 |           const duration = Date.now() - start;
      491 |
      492 |           // Log apenas queries lentas (>500ms)

      at node_modules/.pnpm/pg@8.16.3/node_modules/pg/lib/client.js:545:17
      at query (lib/db.ts:489:26)
      at Object.<anonymous> (__tests__/integration/backfill-recibos-retroativos.test.ts:23:27)

  ÔùÅ Backfill de Recibos Retroativos ÔÇ║ Verifica├º├úo de Integridade ÔÇ║ deve verificar hash corretamente

    error: rela├º├úo "tomadors" n├úo existe

      487 |         // No session: just execute the query normally
      488 |         try {
    > 489 |           const result = await client.query(text, params);
          |                          ^
      490 |           const duration = Date.now() - start;
      491 |
      492 |           // Log apenas queries lentas (>500ms)

      at node_modules/.pnpm/pg@8.16.3/node_modules/pg/lib/client.js:545:17
      at query (lib/db.ts:489:26)
      at Object.<anonymous> (__tests__/integration/backfill-recibos-retroativos.test.ts:23:27)

  ÔùÅ Backfill de Recibos Retroativos ÔÇ║ Query de Pagamentos Eleg├¡veis ÔÇ║ deve retornar apenas pagamentos sem recibo at├® data limite

    error: rela├º├úo "tomadors" n├úo existe

      487 |         // No session: just execute the query normally
      488 |         try {
    > 489 |           const result = await client.query(text, params);
          |                          ^
      490 |           const duration = Date.now() - start;
      491 |
      492 |           // Log apenas queries lentas (>500ms)

      at node_modules/.pnpm/pg@8.16.3/node_modules/pg/lib/client.js:545:17
      at query (lib/db.ts:489:26)
      at Object.<anonymous> (__tests__/integration/backfill-recibos-retroativos.test.ts:23:27)

RBAC seed applied to test database
RBAC seed applied to test database
RBAC seed applied to test database
PASS __tests__/api/rh/funcionarios-status-batch.test.ts
  ÔùÅ Console

    console.log
      [dotenv@17.2.3] injecting env (0) from .env.test -- tip: ­ƒöæ add access controls to secrets: https://dotenvx.com/ops

      at _log (node_modules/.pnpm/dotenv@17.2.3/node_modules/dotenv/lib/main.js:142:11)

    console.log
      ­ƒøí´©Å [jest.setup] Removendo DATABASE_URL do ambiente de testes (valor n├úo importa)

      at Object.<anonymous> (__tests__/config/jest.setup.js:125:17)

    console.log
      ­ƒøí´©Å [jest.setup] Prote├º├úo do banco de testes ativada - usando: nr-bps_db_test

      at Object.<anonymous> (__tests__/config/jest.setup.js:150:13)

    console.log
      [INFO] Inativadas 1 avalia├º├Áes do funcion├írio 12345678901

      at log (app/api/rh/funcionarios/status/batch/route.ts:169:19)

    console.log
      [INFO] Inativadas 1 avalia├º├Áes do funcion├írio 12345678902

      at log (app/api/rh/funcionarios/status/batch/route.ts:169:19)

    console.log
      [INFO] Atualizando 1 lotes afetados pelo funcion├írio 12345678901

      at log (app/api/rh/funcionarios/status/batch/route.ts:21:11)

    console.log
      [INFO] Atualizando 1 lotes afetados pelo funcion├írio 12345678902

      at log (app/api/rh/funcionarios/status/batch/route.ts:21:11)

    console.log
      [INFO] Inativadas 1 avalia├º├Áes do funcion├írio 12345678902

      at log (app/api/rh/funcionarios/status/batch/route.ts:169:19)

    console.log
      [INFO] Atualizando 1 lotes afetados pelo funcion├írio 12345678902

      at log (app/api/rh/funcionarios/status/batch/route.ts:21:11)

    console.log
      [INFO] Inativadas 1 avalia├º├Áes do funcion├írio 12345678901

      at log (app/api/rh/funcionarios/status/batch/route.ts:169:19)

    console.log
      [INFO] Atualizando 1 lotes afetados pelo funcion├írio 12345678901

      at log (app/api/rh/funcionarios/status/batch/route.ts:21:11)

    console.log
      [DEBUG] Lote 1: 2 ativas, 2 conclu├¡das, status atual: ativo

      at log (app/api/rh/funcionarios/status/batch/route.ts:42:13)

    console.log
      [INFO] Lote 1 alterado de 'ativo' para 'concluido'

      at log (app/api/rh/funcionarios/status/batch/route.ts:68:15)

    console.log
      [INFO] Lote 1 est├í conclu├¡do e pronto para solicita├º├úo de emiss├úo manual

      at log (app/api/rh/funcionarios/status/batch/route.ts:73:17)

PASS __tests__/rh/rh-lote-solicitar-emissao-cards.test.ts
  ÔùÅ Console

    console.log
      [dotenv@17.2.3] injecting env (0) from .env.test -- tip: ­ƒöÉ prevent building .env in docker: https://dotenvx.com/prebuild

      at _log (node_modules/.pnpm/dotenv@17.2.3/node_modules/dotenv/lib/main.js:142:11)

    console.log
      ­ƒøí´©Å [jest.setup] Removendo DATABASE_URL do ambiente de testes (valor n├úo importa)

      at Object.<anonymous> (__tests__/config/jest.setup.js:125:17)

    console.log
      ­ƒøí´©Å [jest.setup] Prote├º├úo do banco de testes ativada - usando: nr-bps_db_test

      at Object.<anonymous> (__tests__/config/jest.setup.js:150:13)

RBAC seed applied to test database
PASS __tests__/api/rh/laudos-download-backblaze-proxy.test.ts
  ÔùÅ Console

    console.log
      [dotenv@17.2.3] injecting env (0) from .env.test -- tip: Ô£à audit secrets and track compliance: https://dotenvx.com/ops

      at _log (node_modules/.pnpm/dotenv@17.2.3/node_modules/dotenv/lib/main.js:142:11)

    console.log
      ­ƒøí´©Å [jest.setup] Removendo DATABASE_URL do ambiente de testes (valor n├úo importa)

      at Object.<anonymous> (__tests__/config/jest.setup.js:125:17)

    console.log
      ­ƒøí´©Å [jest.setup] Prote├º├úo do banco de testes ativada - usando: nr-bps_db_test

      at Object.<anonymous> (__tests__/config/jest.setup.js:150:13)

    console.log
      ­ƒöî [lib/db.ts] Conectado ao banco: nr-bps_db_test @ localhost (ambiente: test)

      at Object.log (lib/db.ts:673:15)

    console.log
      [DEBUG] Laudo encontrado: id=1005, lote_id=1005, status=emitido

      at log (app/api/rh/laudos/[laudoId]/download/route.ts:65:13)

    console.log
      [DEBUG] Laudo encontrado: id=1005, lote_id=1005, status=emitido

      at log (app/api/rh/laudos/[laudoId]/download/route.ts:65:13)

    console.log
      [DEBUG] Laudo encontrado: id=1005, lote_id=1005, status=emitido

      at log (app/api/rh/laudos/[laudoId]/download/route.ts:65:13)

    console.log
      [BACKBLAZE] Arquivo remoto encontrado no banco: laudos/lote-1005/laudo-1770756960778-42nlgb.pdf

      at log (app/api/rh/laudos/[laudoId]/download/route.ts:113:13)

    console.log
      [BACKBLAZE] Presigned URL gerada com sucesso para: laudos/lote-1005/laudo-1770756960778-42nlgb.pdf

      at log (app/api/rh/laudos/[laudoId]/download/route.ts:121:15)

    console.log
      [BACKBLAZE] Fazendo download server-side do PDF...

      at log (app/api/rh/laudos/[laudoId]/download/route.ts:127:15)

    console.log
      [BACKBLAZE] PDF baixado com sucesso (26 bytes)

      at log (app/api/rh/laudos/[laudoId]/download/route.ts:141:15)

    console.log
      [DEBUG] Laudo encontrado: id=1005, lote_id=1005, status=emitido

      at log (app/api/rh/laudos/[laudoId]/download/route.ts:65:13)

    console.log
      [BACKBLAZE] Arquivo remoto encontrado no banco: laudos/lote-1005/laudo-1770756960778-42nlgb.pdf

      at log (app/api/rh/laudos/[laudoId]/download/route.ts:113:13)

    console.log
      [BACKBLAZE] Presigned URL gerada com sucesso para: laudos/lote-1005/laudo-1770756960778-42nlgb.pdf

      at log (app/api/rh/laudos/[laudoId]/download/route.ts:121:15)

    console.log
      [BACKBLAZE] Fazendo download server-side do PDF...

      at log (app/api/rh/laudos/[laudoId]/download/route.ts:127:15)

    console.log
      [DEBUG] Laudo encontrado: id=1005, lote_id=1005, status=emitido

      at log (app/api/rh/laudos/[laudoId]/download/route.ts:65:13)

    console.log
      [BACKBLAZE] Arquivo remoto encontrado no banco: laudos/lote-1005/laudo-1770756960778-42nlgb.pdf

      at log (app/api/rh/laudos/[laudoId]/download/route.ts:113:13)

    console.log
      [BACKBLAZE] Presigned URL gerada com sucesso para: laudos/lote-1005/laudo-1770756960778-42nlgb.pdf

      at log (app/api/rh/laudos/[laudoId]/download/route.ts:121:15)

    console.log
      [BACKBLAZE] Fazendo download server-side do PDF...

      at log (app/api/rh/laudos/[laudoId]/download/route.ts:127:15)

    console.log
      [BACKBLAZE] PDF baixado com sucesso (3 bytes)

      at log (app/api/rh/laudos/[laudoId]/download/route.ts:141:15)

    console.log
      [DEBUG] Laudo encontrado: id=1005, lote_id=1005, status=emitido

      at log (app/api/rh/laudos/[laudoId]/download/route.ts:65:13)

    console.log
      [BACKBLAZE] Arquivo remoto encontrado no banco: laudos/lote-1005/laudo.pdf

      at log (app/api/rh/laudos/[laudoId]/download/route.ts:113:13)

    console.log
      [BACKBLAZE] Presigned URL gerada com sucesso para: laudos/lote-1005/laudo.pdf

      at log (app/api/rh/laudos/[laudoId]/download/route.ts:121:15)

    console.log
      [BACKBLAZE] Fazendo download server-side do PDF...

      at log (app/api/rh/laudos/[laudoId]/download/route.ts:127:15)

    console.log
      [BACKBLAZE] PDF baixado com sucesso (3 bytes)

      at log (app/api/rh/laudos/[laudoId]/download/route.ts:141:15)

PASS __tests__/lib/interpretacao-grupos-alto-risco.test.ts
  ÔùÅ Console

    console.log
      [dotenv@17.2.3] injecting env (0) from .env.test -- tip: ÔÜÖ´©Å  suppress all logs with { quiet: true }

      at _log (node_modules/.pnpm/dotenv@17.2.3/node_modules/dotenv/lib/main.js:142:11)

    console.log
      ­ƒøí´©Å [jest.setup] Removendo DATABASE_URL do ambiente de testes (valor n├úo importa)

      at Object.<anonymous> (__tests__/config/jest.setup.js:125:17)

    console.log
      ­ƒøí´©Å [jest.setup] Prote├º├úo do banco de testes ativada - usando: nr-bps_db_test

      at Object.<anonymous> (__tests__/config/jest.setup.js:150:13)

FAIL __tests__/components/EntidadesContent.test.tsx
  ÔùÅ Console

    console.log
      [dotenv@17.2.3] injecting env (0) from .env.test -- tip: ÔÜÖ´©Å  enable debug logging with { debug: true }

      at _log (node_modules/.pnpm/dotenv@17.2.3/node_modules/dotenv/lib/main.js:142:11)

    console.log
      ­ƒøí´©Å [jest.setup] Removendo DATABASE_URL do ambiente de testes (valor n├úo importa)

      at Object.<anonymous> (__tests__/config/jest.setup.js:125:17)

    console.log
      ­ƒøí´©Å [jest.setup] Prote├º├úo do banco de testes ativada - usando: nr-bps_db_test

      at Object.<anonymous> (__tests__/config/jest.setup.js:150:13)

  ÔùÅ EntidadesContent ÔÇ║ deve deletar entidade com confirma├º├úo

    expect(jest.fn()).toHaveBeenCalledWith(...expected)

    Expected: "Entidade deletada com sucesso!┬À
    Totais exclu├¡dos:
    - 1 gestor(es)
    - 1 empresa(s)
    - 5 funcion├írio(s)
    - 10 avalia├º├úo(├Áes)┬À
    A opera├º├úo foi registrada no log de auditoria."
    Received: "Erro ao deletar entidade"

    Number of calls: 1

    Ignored nodes: comments, script, style
    <html>
      <head />
      <body>
        <div>
          <div
            class="p-6"
          >
            <div
              class="flex items-center justify-between mb-6"
            >
              <h2
                class="text-xl font-semibold text-gray-900"
              >
                Entidades Privadas
              </h2>
              <button
                class="inline-flex items-center gap-2 px-4 py-2 bg-orange-500 text-white rounded-md hover:bg-orange-600"
              >
                <svg
                  aria-hidden="true"
                  class="lucide lucide-plus w-4 h-4"
                  fill="none"
                  height="24"
                  stroke="currentColor"
                  stroke-linecap="round"
                  stroke-linejoin="round"
                  stroke-width="2"
                  viewBox="0 0 24 24"
                  width="24"
                  xmlns="http://www.w3.org/2000/svg"
                >
                  <path
                    d="M5 12h14"
                  />
                  <path
                    d="M12 5v14"
                  />
                </svg>
                Nova Entidade
              </button>
            </div>
            <div
              class="space-y-4"
            >
              <div
                class="border border-gray-200 rounded-lg bg-white overflow-hidden"
              >
                <div
                  class="p-6"
                >
                  <div
                    class="flex items-start justify-between"
                  >
                    <div
                      class="flex items-center gap-3 flex-1"
                    >
                      <svg
                        aria-hidden="true"
                        class="lucide lucide-building2 lucide-building-2 w-8 h-8 text-green-500 flex-shrink-0"
                        fill="none"
                        height="24"
                        stroke="currentColor"
                        stroke-linecap="round"
                        stroke-linejoin="round"
                        stroke-width="2"
                        viewBox="0 0 24 24"
                        width="24"
                        xmlns="http://www.w3.org/2000/svg"
                      >
                        <path
                          d="M10 12h4"
                        />
                        <path
                          d="M10 8h4"
                        />
                        <path
                          d="M14 21v-3a2 2 0 0 0-4 0v3"
                        />
                        <path
                          d="M6 10H4a2 2 0 0 0-2 2v7a2 2 0 0 0 2 2h16a2 2 0 0 0 2-2V9a2 2 0 0 0-2-2h-2"
                        />
                        <path
                          d="M6 21V5a2 2 0 0 1 2-2h8a2 2 0 0 1 2 2v16"
                        />
                      </svg>
                      <div
                        class="flex-1 min-w-0"
                      >
                        <h3
                          class="text-lg font-semibold text-gray-900 truncate"
                        >
                          Empresa XYZ Ltda
                           [ID=
                          1
                          ]
                        </h3>
                        <div
                          class="grid grid-cols-2 gap-x-6 gap-y-1 mt-2 text-sm text-gray-600"
                        >
                          <div
                            class="flex items-center gap-1 truncate"
                          >
                            <svg
                              aria-hidden="true"
                              class="lucide lucide-mail w-4 h-4 flex-shrink-0"
                              fill="none"
                              height="24"
                              stroke="currentColor"
                              stroke-linecap="round"
                              stroke-linejoin="round"
                              stroke-width="2"
                              viewBox="0 0 24 24"
                              width="24"
                              xmlns="http://www.w3.org/2000/svg"
                            >
                              <path
                                d="m22 7-8.991 5.727a2 2 0 0 1-2.009 0L2 7"
                              />
                              <rect
                                height="16"
                                rx="2"
                                width="20"
                                x="2"
                                y="4"
                              />
                            </svg>
                            <span
                              class="truncate"
                            >
                              contato@empresa.com
                            </span>
                          </div>
                          <div
                            class="flex items-center gap-1 truncate"
                          >
                            <svg
                              aria-hidden="true"
                              class="lucide lucide-phone w-4 h-4 flex-shrink-0"
                              fill="none"
                              height="24"
                              stroke="currentColor"
                              stroke-linecap="round"
                              stroke-linejoin="round"
                              stroke-width="2"
                              viewBox="0 0 24 24"
                              width="24"
                              xmlns="http://www.w3.org/2000/svg"
                            >
                              <path
                                d="M13.832 16.568a1 1 0 0 0 1.213-.303l.355-.465A2 2 0 0 1 17 15h3a2 2 0 0 1 2 2v3a2 2 0 0 1-2 2A18 18 0 0 1 2 4a2 2 0 0 1 2-2h3a2 2 0 0 1 2 2v3a2 2 0 0 1-.8 1.6l-.468.351a1 1 0 0 0-.292 1.233 14 14 0 0 0 6.392 6.384"
                              />
                            </svg>
                            <span>
                              11999999999
                            </span>
                          </div>
                          <div
                            class="flex items-center gap-1 truncate"
                          >
                            <svg
                              aria-hidden="true"
                              class="lucide lucide-building2 lucide-building-2 w-4 h-4 flex-shrink-0"
                              fill="none"
                              height="24"
                              stroke="currentColor"
                              stroke-linecap="round"
                              stroke-linejoin="round"
                              stroke-width="2"
                              viewBox="0 0 24 24"
                              width="24"
                              xmlns="http://www.w3.org/2000/svg"
                            >
                              <path
                                d="M10 12h4"
                              />
                              <path
                                d="M10 8h4"
                              />
                              <path
                                d="M14 21v-3a2 2 0 0 0-4 0v3"
                              />
                              <path
                                d="M6 10H4a2 2 0 0 0-2 2v7a2 2 0 0 0 2 2h16a2 2 0 0 0 2-2V9a2 2 0 0 0-2-2h-2"
                              />
                              <path
                                d="M6 21V5a2 2 0 0 1 2-2h8a2 2 0 0 1 2 2v16"
                              />
                            </svg>
                            <span>
                              CNPJ: 
                              12345678000190
                            </span>
                          </div>
                          <div
                            class="flex items-center gap-1 truncate"
                          >
                            <svg
                              aria-hidden="true"
                              class="lucide lucide-map-pin w-4 h-4 flex-shrink-0"
                              fill="none"
                              height="24"
                              stroke="currentColor"
                              stroke-linecap="round"
                              stroke-linejoin="round"
                              stroke-width="2"
                              viewBox="0 0 24 24"
                              width="24"
                              xmlns="http://www.w3.org/2000/svg"
                            >
                              <path
                                d="M20 10c0 4.993-5.539 10.193-7.399 11.799a1 1 0 0 1-1.202 0C9.539 20.193 4 14.993 4 10a8 8 0 0 1 16 0"
                              />
                              <circle
                                cx="12"
                                cy="10"
                                r="3"
                              />
                            </svg>
                            <span>
                              S├úo Paulo
                              /
                              SP
                            </span>
                          </div>
                        </div>
                      </div>
                    </div>
                    <div
                      class="flex items-center gap-2 ml-4 flex-shrink-0"
                    >
                      <span
                        class="px-3 py-1 text-xs font-medium rounded-full bg-green-100 text-green-800"
                      >
                        Ativa
                      </span>
                      <button
                        class="p-2 text-gray-600 hover:bg-gray-100 rounded-md"
                      >
                        <svg
                          aria-hidden="true"
                          class="lucide lucide-square-pen w-4 h-4"
                          fill="none"
                          height="24"
                          stroke="currentColor"
                          stroke-linecap="round"
                          stroke-linejoin="round"
                          stroke-width="2"
                          viewBox="0 0 24 24"
                          width="24"
                          xmlns="http://www.w3.org/2000/svg"
                        >
                          <path
                            d="M12 3H5a2 2 0 0 0-2 2v14a2 2 0 0 0 2 2h14a2 2 0 0 0 2-2v-7"
                          />
                          <path
                            d="M18.375 2.625a1 1 0 0 1 3 3l-9.013 9.014a2 2 0 0 1-.853.505l-2.873.84a.5.5 0 0 1-.62-.62l.84-2.873a2 2 0 0 1 .506-.852z"
                          />
                        </svg>
                      </button>
                      <button
                        class="p-2 text-red-600 hover:bg-red-50 rounded-md disabled:opacity-50"
                        title="Deletar entidade definitivamente"
                      >
                        <svg
                          aria-hidden="true"
                          class="lucide lucide-trash2 lucide-trash-2 w-4 h-4"
                          fill="none"
                          height="24"
                          stroke="currentColor"
                          stroke-linecap="round"
                          stroke-linejoin="round"
                          stroke-width="2"
                          viewBox="0 0 24 24"
                          width="24"
                          xmlns="http://www.w3.org/2000/svg"
                        >
                          <path
                            d="M10 11v6"
                          />
                          <path
                            d="M14 11v6"
                          />
                          <path
                            d="M19 6v14a2 2 0 0 1-2 2H7a2 2 0 0 1-2-2V6"
                          />
                          <path
                            d="M3 6h18"
                          />
                          <path
                            d="M8 6V4a2 2 0 0 1 2-2h4a2 2 0 0 1 2 2v2"
                          />
                        </svg>
                      </button>
                      <button
                        class="p-2 text-gray-600 hover:bg-gray-100 rounded-md"
                      >
                        <svg
                          aria-hidden="true"
                          class="lucide lucide-chevron-down w-5 h-5"
                          fill="none"
                          height="24"
                          stroke="currentColor"
                          stroke-linecap="round"
                          stroke-linejoin="round"
                          stroke-width="2"
                          viewBox="0 0 24 24"
                          width="24"
                          xmlns="http://www.w3.org/2000/svg"
                        >
                          <path
                            d="m6 9 6 6 6-6"
                          />
                        </svg>
                      </button>
                    </div>
                  </div>
                </div>
              </div>
            </div>
          </div>
        </div>
      </body>
    </html>

      225 |
      226 |     await waitFor(() => {
    > 227 |       expect(mockAlert).toHaveBeenCalledWith(
          |                         ^
      228 |         'Entidade deletada com sucesso!\n\n' +
      229 |           'Totais exclu├¡dos:\n' +
      230 |           '- 1 gestor(es)\n' +

      at toHaveBeenCalledWith (__tests__/components/EntidadesContent.test.tsx:227:25)
      at runWithExpensiveErrorDiagnosticsDisabled (node_modules/.pnpm/@testing-library+dom@10.4.1/node_modules/@testing-library/dom/dist/config.js:47:12)
      at checkCallback (node_modules/.pnpm/@testing-library+dom@10.4.1/node_modules/@testing-library/dom/dist/wait-for.js:124:77)
      at checkRealTimersCallback (node_modules/.pnpm/@testing-library+dom@10.4.1/node_modules/@testing-library/dom/dist/wait-for.js:118:16)
      at Timeout.task [as _onTimeout] (node_modules/.pnpm/jsdom@26.1.0/node_modules/jsdom/lib/jsdom/browser/Window.js:579:19)

  ÔùÅ EntidadesContent ÔÇ║ n├úo deve deletar entidade se confirma├º├úo for cancelada

    expect(jest.fn()).toHaveBeenCalledTimes(expected)

    Expected number of calls: 1
    Received number of calls: 2

      295 |
      296 |     // Verifica que n├úo fez chamada de delete
    > 297 |     expect(mockFetch).toHaveBeenCalledTimes(1); // Apenas a busca inicial
          |                       ^
      298 |   });
      299 |
      300 |   it('deve mostrar erro ao falhar na dele├º├úo', async () => {

      at Object.toHaveBeenCalledTimes (__tests__/components/EntidadesContent.test.tsx:297:23)

  ÔùÅ EntidadesContent ÔÇ║ deve mostrar erro ao falhar na dele├º├úo

    expect(jest.fn()).toHaveBeenCalledWith(...expected)

    Expected: "Erro ao deletar"
    Received: "Erro ao deletar entidade"

    Number of calls: 1

    Ignored nodes: comments, script, style
    <html>
      <head />
      <body>
        <div>
          <div
            class="p-6"
          >
            <div
              class="flex items-center justify-between mb-6"
            >
              <h2
                class="text-xl font-semibold text-gray-900"
              >
                Entidades Privadas
              </h2>
              <button
                class="inline-flex items-center gap-2 px-4 py-2 bg-orange-500 text-white rounded-md hover:bg-orange-600"
              >
                <svg
                  aria-hidden="true"
                  class="lucide lucide-plus w-4 h-4"
                  fill="none"
                  height="24"
                  stroke="currentColor"
                  stroke-linecap="round"
                  stroke-linejoin="round"
                  stroke-width="2"
                  viewBox="0 0 24 24"
                  width="24"
                  xmlns="http://www.w3.org/2000/svg"
                >
                  <path
                    d="M5 12h14"
                  />
                  <path
                    d="M12 5v14"
                  />
                </svg>
                Nova Entidade
              </button>
            </div>
            <div
              class="space-y-4"
            >
              <div
                class="border border-gray-200 rounded-lg bg-white overflow-hidden"
              >
                <div
                  class="p-6"
                >
                  <div
                    class="flex items-start justify-between"
                  >
                    <div
                      class="flex items-center gap-3 flex-1"
                    >
                      <svg
                        aria-hidden="true"
                        class="lucide lucide-building2 lucide-building-2 w-8 h-8 text-green-500 flex-shrink-0"
                        fill="none"
                        height="24"
                        stroke="currentColor"
                        stroke-linecap="round"
                        stroke-linejoin="round"
                        stroke-width="2"
                        viewBox="0 0 24 24"
                        width="24"
                        xmlns="http://www.w3.org/2000/svg"
                      >
                        <path
                          d="M10 12h4"
                        />
                        <path
                          d="M10 8h4"
                        />
                        <path
                          d="M14 21v-3a2 2 0 0 0-4 0v3"
                        />
                        <path
                          d="M6 10H4a2 2 0 0 0-2 2v7a2 2 0 0 0 2 2h16a2 2 0 0 0 2-2V9a2 2 0 0 0-2-2h-2"
                        />
                        <path
                          d="M6 21V5a2 2 0 0 1 2-2h8a2 2 0 0 1 2 2v16"
                        />
                      </svg>
                      <div
                        class="flex-1 min-w-0"
                      >
                        <h3
                          class="text-lg font-semibold text-gray-900 truncate"
                        >
                          Empresa XYZ Ltda
                           [ID=
                          1
                          ]
                        </h3>
                        <div
                          class="grid grid-cols-2 gap-x-6 gap-y-1 mt-2 text-sm text-gray-600"
                        >
                          <div
                            class="flex items-center gap-1 truncate"
                          >
                            <svg
                              aria-hidden="true"
                              class="lucide lucide-mail w-4 h-4 flex-shrink-0"
                              fill="none"
                              height="24"
                              stroke="currentColor"
                              stroke-linecap="round"
                              stroke-linejoin="round"
                              stroke-width="2"
                              viewBox="0 0 24 24"
                              width="24"
                              xmlns="http://www.w3.org/2000/svg"
                            >
                              <path
                                d="m22 7-8.991 5.727a2 2 0 0 1-2.009 0L2 7"
                              />
                              <rect
                                height="16"
                                rx="2"
                                width="20"
                                x="2"
                                y="4"
                              />
                            </svg>
                            <span
                              class="truncate"
                            >
                              contato@empresa.com
                            </span>
                          </div>
                          <div
                            class="flex items-center gap-1 truncate"
                          >
                            <svg
                              aria-hidden="true"
                              class="lucide lucide-phone w-4 h-4 flex-shrink-0"
                              fill="none"
                              height="24"
                              stroke="currentColor"
                              stroke-linecap="round"
                              stroke-linejoin="round"
                              stroke-width="2"
                              viewBox="0 0 24 24"
                              width="24"
                              xmlns="http://www.w3.org/2000/svg"
                            >
                              <path
                                d="M13.832 16.568a1 1 0 0 0 1.213-.303l.355-.465A2 2 0 0 1 17 15h3a2 2 0 0 1 2 2v3a2 2 0 0 1-2 2A18 18 0 0 1 2 4a2 2 0 0 1 2-2h3a2 2 0 0 1 2 2v3a2 2 0 0 1-.8 1.6l-.468.351a1 1 0 0 0-.292 1.233 14 14 0 0 0 6.392 6.384"
                              />
                            </svg>
                            <span>
                              11999999999
                            </span>
                          </div>
                          <div
                            class="flex items-center gap-1 truncate"
                          >
                            <svg
                              aria-hidden="true"
                              class="lucide lucide-building2 lucide-building-2 w-4 h-4 flex-shrink-0"
                              fill="none"
                              height="24"
                              stroke="currentColor"
                              stroke-linecap="round"
                              stroke-linejoin="round"
                              stroke-width="2"
                              viewBox="0 0 24 24"
                              width="24"
                              xmlns="http://www.w3.org/2000/svg"
                            >
                              <path
                                d="M10 12h4"
                              />
                              <path
                                d="M10 8h4"
                              />
                              <path
                                d="M14 21v-3a2 2 0 0 0-4 0v3"
                              />
                              <path
                                d="M6 10H4a2 2 0 0 0-2 2v7a2 2 0 0 0 2 2h16a2 2 0 0 0 2-2V9a2 2 0 0 0-2-2h-2"
                              />
                              <path
                                d="M6 21V5a2 2 0 0 1 2-2h8a2 2 0 0 1 2 2v16"
                              />
                            </svg>
                            <span>
                              CNPJ: 
                              12345678000190
                            </span>
                          </div>
                          <div
                            class="flex items-center gap-1 truncate"
                          >
                            <svg
                              aria-hidden="true"
                              class="lucide lucide-map-pin w-4 h-4 flex-shrink-0"
                              fill="none"
                              height="24"
                              stroke="currentColor"
                              stroke-linecap="round"
                              stroke-linejoin="round"
                              stroke-width="2"
                              viewBox="0 0 24 24"
                              width="24"
                              xmlns="http://www.w3.org/2000/svg"
                            >
                              <path
                                d="M20 10c0 4.993-5.539 10.193-7.399 11.799a1 1 0 0 1-1.202 0C9.539 20.193 4 14.993 4 10a8 8 0 0 1 16 0"
                              />
                              <circle
                                cx="12"
                                cy="10"
                                r="3"
                              />
                            </svg>
                            <span>
                              S├úo Paulo
                              /
                              SP
                            </span>
                          </div>
                        </div>
                      </div>
                    </div>
                    <div
                      class="flex items-center gap-2 ml-4 flex-shrink-0"
                    >
                      <span
                        class="px-3 py-1 text-xs font-medium rounded-full bg-green-100 text-green-800"
                      >
                        Ativa
                      </span>
                      <button
                        class="p-2 text-gray-600 hover:bg-gray-100 rounded-md"
                      >
                        <svg
                          aria-hidden="true"
                          class="lucide lucide-square-pen w-4 h-4"
                          fill="none"
                          height="24"
                          stroke="currentColor"
                          stroke-linecap="round"
                          stroke-linejoin="round"
                          stroke-width="2"
                          viewBox="0 0 24 24"
                          width="24"
                          xmlns="http://www.w3.org/2000/svg"
                        >
                          <path
                            d="M12 3H5a2 2 0 0 0-2 2v14a2 2 0 0 0 2 2h14a2 2 0 0 0 2-2v-7"
                          />
                          <path
                            d="M18.375 2.625a1 1 0 0 1 3 3l-9.013 9.014a2 2 0 0 1-.853.505l-2.873.84a.5.5 0 0 1-.62-.62l.84-2.873a2 2 0 0 1 .506-.852z"
                          />
                        </svg>
                      </button>
                      <button
                        class="p-2 text-red-600 hover:bg-red-50 rounded-md disabled:opacity-50"
                        title="Deletar entidade definitivamente"
                      >
                        <svg
                          aria-hidden="true"
                          class="lucide lucide-trash2 lucide-trash-2 w-4 h-4"
                          fill="none"
                          height="24"
                          stroke="currentColor"
                          stroke-linecap="round"
                          stroke-linejoin="round"
                          stroke-width="2"
                          viewBox="0 0 24 24"
                          width="24"
                          xmlns="http://www.w3.org/2000/svg"
                        >
                          <path
                            d="M10 11v6"
                          />
                          <path
                            d="M14 11v6"
                          />
                          <path
                            d="M19 6v14a2 2 0 0 1-2 2H7a2 2 0 0 1-2-2V6"
                          />
                          <path
                            d="M3 6h18"
                          />
                          <path
                            d="M8 6V4a2 2 0 0 1 2-2h4a2 2 0 0 1 2 2v2"
                          />
                        </svg>
                      </button>
                      <button
                        class="p-2 text-gray-600 hover:bg-gray-100 rounded-md"
                      >
                        <svg
                          aria-hidden="true"
                          class="lucide lucide-chevron-down w-5 h-5"
                          fill="none"
                          height="24"
                          stroke="currentColor"
                          stroke-linecap="round"
                          stroke-linejoin="round"
                          stroke-width="2"
                          viewBox="0 0 24 24"
                          width="24"
                          xmlns="http://www.w3.org/2000/svg"
                        >
                          <path
                            d="m6 9 6 6 6-6"
                          />
                        </svg>
                      </button>
                    </div>
                  </div>
                </div>
              </div>
            </div>
          </div>
        </div>
      </body>
    </html>

      358 |
      359 |     await waitFor(() => {
    > 360 |       expect(mockAlert).toHaveBeenCalledWith('Erro ao deletar');
          |                         ^
      361 |     });
      362 |
      363 |     mockAlert.mockRestore();

      at toHaveBeenCalledWith (__tests__/components/EntidadesContent.test.tsx:360:25)
      at runWithExpensiveErrorDiagnosticsDisabled (node_modules/.pnpm/@testing-library+dom@10.4.1/node_modules/@testing-library/dom/dist/config.js:47:12)
      at checkCallback (node_modules/.pnpm/@testing-library+dom@10.4.1/node_modules/@testing-library/dom/dist/wait-for.js:124:77)
      at checkRealTimersCallback (node_modules/.pnpm/@testing-library+dom@10.4.1/node_modules/@testing-library/dom/dist/wait-for.js:118:16)
      at Timeout.task [as _onTimeout] (node_modules/.pnpm/jsdom@26.1.0/node_modules/jsdom/lib/jsdom/browser/Window.js:579:19)

RBAC seed applied to test database
RBAC seed applied to test database
PASS __tests__/rh/funcionarios-bulk-operations.test.tsx
  ÔùÅ Console

    console.log
      [dotenv@17.2.3] injecting env (0) from .env.test -- tip: ÔÜÖ´©Å  write to custom object with { processEnv: myObject }

      at _log (node_modules/.pnpm/dotenv@17.2.3/node_modules/dotenv/lib/main.js:142:11)

    console.log
      ­ƒøí´©Å [jest.setup] Removendo DATABASE_URL do ambiente de testes (valor n├úo importa)

      at Object.<anonymous> (__tests__/config/jest.setup.js:125:17)

    console.log
      ­ƒøí´©Å [jest.setup] Prote├º├úo do banco de testes ativada - usando: nr-bps_db_test

      at Object.<anonymous> (__tests__/config/jest.setup.js:150:13)

RBAC seed applied to test database
RBAC seed applied to test database
FAIL __tests__/api/recibo-gerar.test.ts
  ÔùÅ Console

    console.log
      [dotenv@17.2.3] injecting env (0) from .env.test -- tip: ÔÜÖ´©Å  load multiple .env files with { path: ['.env.local', '.env'] }

      at _log (node_modules/.pnpm/dotenv@17.2.3/node_modules/dotenv/lib/main.js:142:11)

    console.log
      ­ƒøí´©Å [jest.setup] Removendo DATABASE_URL do ambiente de testes (valor n├úo importa)

      at Object.<anonymous> (__tests__/config/jest.setup.js:125:17)

    console.log
      ­ƒøí´©Å [jest.setup] Prote├º├úo do banco de testes ativada - usando: nr-bps_db_test

      at Object.<anonymous> (__tests__/config/jest.setup.js:150:13)

  ÔùÅ API Recibo - POST /api/recibo/gerar ÔÇ║ deve gerar recibo com sucesso

    expect(received).toBe(expected) // Object.is equality

    Expected: 200
    Received: 500

      78 |     const data = await response.json();
      79 |
    > 80 |     expect(response.status).toBe(200);
         |                             ^
      81 |     expect(data.success).toBe(true);
      82 |     expect(data.recibo.numero_recibo).toBe('REC-2025-00001');
      83 |     expect(data.recibo.vigencia_inicio).toBeDefined();

      at Object.toBe (__tests__/api/recibo-gerar.test.ts:80:29)

  ÔùÅ API Recibo - GET /api/recibo/gerar ÔÇ║ deve retornar erro se recibo n├úo for encontrado

    expect(received).toBe(expected) // Object.is equality

    Expected: 404
    Received: 500

      226 |     const data = await response.json();
      227 |
    > 228 |     expect(response.status).toBe(404);
          |                             ^
      229 |     expect(data.error).toContain('n├úo encontrado');
      230 |   });
      231 |

      at Object.toBe (__tests__/api/recibo-gerar.test.ts:228:29)

FAIL __tests__/performance/load-liberar-lote.test.ts
  ÔùÅ Console

    console.log
      [dotenv@17.2.3] injecting env (0) from .env.test -- tip: ÔÜÖ´©Å  specify custom .env file path with { path: '/custom/path/.env' }

      at _log (node_modules/.pnpm/dotenv@17.2.3/node_modules/dotenv/lib/main.js:142:11)

    console.log
      ­ƒøí´©Å [jest.setup] Removendo DATABASE_URL do ambiente de testes (valor n├úo importa)

      at Object.<anonymous> (__tests__/config/jest.setup.js:125:17)

    console.log
      ­ƒøí´©Å [jest.setup] Prote├º├úo do banco de testes ativada - usando: nr-bps_db_test

      at Object.<anonymous> (__tests__/config/jest.setup.js:150:13)

    console.log
      ­ƒöî [lib/db.ts] Conectado ao banco: nr-bps_db_test @ localhost (ambiente: test)

      at Object.log (lib/db.ts:673:15)

  ÔùÅ Performance: Carga - Libera├º├úo de Lotes ÔÇ║ deve criar 10 lotes simultaneamente sem lotes ├│rf├úos

    error: SECURITY: app.current_user_cpf not set. Call SET LOCAL app.current_user_cpf before query.

      487 |         // No session: just execute the query normally
      488 |         try {
    > 489 |           const result = await client.query(text, params);
          |                          ^
      490 |           const duration = Date.now() - start;
      491 |
      492 |           // Log apenas queries lentas (>500ms)

      at node_modules/.pnpm/pg@8.16.3/node_modules/pg/lib/client.js:545:17
      at query (lib/db.ts:489:26)
      at Object.<anonymous> (__tests__/performance/load-liberar-lote.test.ts:65:7)

  ÔùÅ Performance: Carga - Libera├º├úo de Lotes ÔÇ║ deve medir tempo de cria├º├úo de lote com avalia├º├Áes

    error: SECURITY: app.current_user_cpf not set. Call SET LOCAL app.current_user_cpf before query.

      487 |         // No session: just execute the query normally
      488 |         try {
    > 489 |           const result = await client.query(text, params);
          |                          ^
      490 |           const duration = Date.now() - start;
      491 |
      492 |           // Log apenas queries lentas (>500ms)

      at node_modules/.pnpm/pg@8.16.3/node_modules/pg/lib/client.js:545:17
      at query (lib/db.ts:489:26)
      at Object.<anonymous> (__tests__/performance/load-liberar-lote.test.ts:65:7)

  ÔùÅ Performance: Carga - Libera├º├úo de Lotes ÔÇ║ deve validar que rollbacks n├úo impactam outras transa├º├Áes paralelas

    error: SECURITY: app.current_user_cpf not set. Call SET LOCAL app.current_user_cpf before query.

      487 |         // No session: just execute the query normally
      488 |         try {
    > 489 |           const result = await client.query(text, params);
          |                          ^
      490 |           const duration = Date.now() - start;
      491 |
      492 |           // Log apenas queries lentas (>500ms)

      at node_modules/.pnpm/pg@8.16.3/node_modules/pg/lib/client.js:545:17
      at query (lib/db.ts:489:26)
      at Object.<anonymous> (__tests__/performance/load-liberar-lote.test.ts:65:7)

RBAC seed applied to test database
RBAC seed applied to test database
FAIL __tests__/emissor/emissor-download-client-side-fallback.test.ts
  ÔùÅ Console

    console.log
      [dotenv@17.2.3] injecting env (0) from .env.test -- tip: Ô£à audit secrets and track compliance: https://dotenvx.com/ops

      at _log (node_modules/.pnpm/dotenv@17.2.3/node_modules/dotenv/lib/main.js:142:11)

    console.log
      ­ƒøí´©Å [jest.setup] Removendo DATABASE_URL do ambiente de testes (valor n├úo importa)

      at Object.<anonymous> (__tests__/config/jest.setup.js:125:17)

    console.log
      ­ƒøí´©Å [jest.setup] Prote├º├úo do banco de testes ativada - usando: nr-bps_db_test

      at Object.<anonymous> (__tests__/config/jest.setup.js:150:13)

    console.log
      [INFO] Servindo arquivo local de laudo: C:\apps\QWork/storage/laudos/laudo-456.pdf

      at log (app/api/emissor/laudos/[loteId]/download/route.ts:99:17)

    console.log
      [INFO] Servindo arquivo local de laudo: C:\apps\QWork/storage/laudos/laudo-456.pdf

      at log (app/api/emissor/laudos/[loteId]/download/route.ts:99:17)

    console.log
      [INFO] PDF n├úo encontrado localmente para laudo 123. Retornando instru├º├úo para gera├º├úo client-side.

      at log (app/api/emissor/laudos/[loteId]/download/route.ts:115:13)

    console.log
      [INFO] PDF n├úo encontrado localmente para laudo 999. Retornando instru├º├úo para gera├º├úo client-side.

      at log (app/api/emissor/laudos/[loteId]/download/route.ts:115:13)

  ÔùÅ Endpoint /api/emissor/laudos/[loteId]/download - Client-side Fallback ÔÇ║ Cen├írio 3: Seguran├ºa e Valida├º├Áes ÔÇ║ deve retornar 404 quando lote n├úo existe

    expect(received).toBe(expected) // Object.is equality

    Expected: 404
    Received: 500

      212 |       const response = await GET(request, context);
      213 |
    > 214 |       expect(response.status).toBe(404);
          |                               ^
      215 |       const data = await response.json();
      216 |       expect(data.error).toContain('n├úo encontrado');
      217 |     });

      at Object.toBe (__tests__/emissor/emissor-download-client-side-fallback.test.ts:214:31)

  ÔùÅ Endpoint /api/emissor/laudos/[loteId]/download - Client-side Fallback ÔÇ║ Cen├írio 3: Seguran├ºa e Valida├º├Áes ÔÇ║ deve retornar 403 quando emissor n├úo ├® dono do lote

    expect(received).toBe(expected) // Object.is equality

    Expected: 404
    Received: 500

      238 |       const response = await GET(request, context);
      239 |
    > 240 |       expect(response.status).toBe(404);
          |                               ^
      241 |       const data = await response.json();
      242 |       expect(data.error).toContain('n├úo encontrado');
      243 |     });

      at Object.toBe (__tests__/emissor/emissor-download-client-side-fallback.test.ts:240:31)

  ÔùÅ Endpoint /api/emissor/laudos/[loteId]/download - Client-side Fallback ÔÇ║ Cen├írio 3: Seguran├ºa e Valida├º├Áes ÔÇ║ deve retornar 404 quando lote n├úo tem laudo emitido

    expect(received).toBe(expected) // Object.is equality

    Expected: 404
    Received: 500

      263 |       const response = await GET(request, context);
      264 |
    > 265 |       expect(response.status).toBe(404);
          |                               ^
      266 |       const data = await response.json();
      267 |       expect(data.error).toContain('n├úo encontrado');
      268 |     });

      at Object.toBe (__tests__/emissor/emissor-download-client-side-fallback.test.ts:265:31)

RBAC seed applied to test database
RBAC seed applied to test database
RBAC seed applied to test database
PASS __tests__/asaas/pagamento-status-left-join.test.ts
  ÔùÅ Console

    console.log
      [dotenv@17.2.3] injecting env (0) from .env.test -- tip: ­ƒæÑ sync secrets across teammates & machines: https://dotenvx.com/ops

      at _log (node_modules/.pnpm/dotenv@17.2.3/node_modules/dotenv/lib/main.js:142:11)

    console.log
      ­ƒøí´©Å [jest.setup] Removendo DATABASE_URL do ambiente de testes (valor n├úo importa)

      at Object.<anonymous> (__tests__/config/jest.setup.js:125:17)

    console.log
      ­ƒøí´©Å [jest.setup] Prote├º├úo do banco de testes ativada - usando: nr-bps_db_test

      at Object.<anonymous> (__tests__/config/jest.setup.js:150:13)

    console.log
      ­ƒöî [lib/db.ts] Conectado ao banco: nr-bps_db_test @ localhost (ambiente: test)

      at Object.log (lib/db.ts:673:15)

FAIL __tests__/api/pagamento-tomador-flow.test.ts
  ÔùÅ Console

    console.log
      [dotenv@17.2.3] injecting env (0) from .env.test -- tip: ÔÜÖ´©Å  enable debug logging with { debug: true }

      at _log (node_modules/.pnpm/dotenv@17.2.3/node_modules/dotenv/lib/main.js:142:11)

    console.log
      ­ƒøí´©Å [jest.setup] Removendo DATABASE_URL do ambiente de testes (valor n├úo importa)

      at Object.<anonymous> (__tests__/config/jest.setup.js:125:17)

    console.log
      ­ƒøí´©Å [jest.setup] Prote├º├úo do banco de testes ativada - usando: nr-bps_db_test

      at Object.<anonymous> (__tests__/config/jest.setup.js:150:13)

    console.log
      ­ƒöî [lib/db.ts] Conectado ao banco: nr-bps_db_test @ localhost (ambiente: test)

      at Object.log (lib/db.ts:673:15)

  ÔùÅ API Pagamento - Fluxo Tomador ÔÇ║ POST /api/pagamento/iniciar ÔÇ║ deve usar tomador_id em INSERT to pagamentos

    expect(received).not.toContain(expected) // indexOf

    Expected substring: not "tomador_id"
    Received string:        "INSERT INTO pagamentos (tomador_id, contrato_id, valor, status, metodo) VALUES ($1, $2, $3, $4, $5)"

      81 |
      82 |       expect(expectedQuery).toContain('tomador_id');
    > 83 |       expect(expectedQuery).not.toContain('tomador_id');
         |                                 ^
      84 |     });
      85 |   });
      86 |

      at Object.toContain (__tests__/api/pagamento-tomador-flow.test.ts:83:33)

  ÔùÅ API Pagamento - Fluxo Tomador ÔÇ║ Valida├º├Áes de integridade ÔÇ║ deve garantir que contratos usam tomador_id em JOINs

    expect(received).not.toContain(expected) // indexOf

    Expected substring: not "tomador_id"
    Received string:        "JOIN contratos ctr ON ctr.tomador_id = t.id"

      247 |       expectedQueries.forEach((query) => {
      248 |         expect(query).toContain('tomador_id');
    > 249 |         expect(query).not.toContain('tomador_id');
          |                           ^
      250 |       });
      251 |     });
      252 |

      at toContain (__tests__/api/pagamento-tomador-flow.test.ts:249:27)
          at Array.forEach (<anonymous>)
      at Object.forEach (__tests__/api/pagamento-tomador-flow.test.ts:247:23)

PASS __tests__/api/admin/emissores.test.ts
  ÔùÅ Console

    console.log
      [dotenv@17.2.3] injecting env (0) from .env.test -- tip: ÔÜÖ´©Å  override existing env vars with { override: true }

      at _log (node_modules/.pnpm/dotenv@17.2.3/node_modules/dotenv/lib/main.js:142:11)

    console.log
      ­ƒøí´©Å [jest.setup] Removendo DATABASE_URL do ambiente de testes (valor n├úo importa)

      at Object.<anonymous> (__tests__/config/jest.setup.js:125:17)

    console.log
      ­ƒøí´©Å [jest.setup] Prote├º├úo do banco de testes ativada - usando: nr-bps_db_test

      at Object.<anonymous> (__tests__/config/jest.setup.js:150:13)

    console.log
      ­ƒöî [lib/db.ts] Conectado ao banco: nr-bps_db_test @ localhost (ambiente: test)

      at Object.log (lib/db.ts:673:15)

FAIL __tests__/correcao-webhook-remocao-codigo-obsoleto.test.ts
  ÔùÅ Console

    console.log
      [dotenv@17.2.3] injecting env (0) from .env.test -- tip: ÔÜÖ´©Å  enable debug logging with { debug: true }

      at _log (node_modules/.pnpm/dotenv@17.2.3/node_modules/dotenv/lib/main.js:142:11)

    console.log
      ­ƒøí´©Å [jest.setup] Removendo DATABASE_URL do ambiente de testes (valor n├úo importa)

      at Object.<anonymous> (__tests__/config/jest.setup.js:125:17)

    console.log
      ­ƒøí´©Å [jest.setup] Prote├º├úo do banco de testes ativada - usando: nr-bps_db_test

      at Object.<anonymous> (__tests__/config/jest.setup.js:150:13)

    console.log
      ­ƒöî [lib/db.ts] Conectado ao banco: nr-bps_db_test @ localhost (ambiente: test)

      at Object.log (lib/db.ts:673:15)

  ÔùÅ Corre├º├úo Webhook - Remo├º├úo de C├│digo Obsoleto ÔÇ║ Ô£à Webhook N├âO deve tentar atualizar tabela tomadores (obsoleta)

    error: o valor nulo na coluna "telefone" da rela├º├úo "entidades" viola a restri├º├úo de n├úo-nulo

      487 |         // No session: just execute the query normally
      488 |         try {
    > 489 |           const result = await client.query(text, params);
          |                          ^
      490 |           const duration = Date.now() - start;
      491 |
      492 |           // Log apenas queries lentas (>500ms)

      at node_modules/.pnpm/pg@8.16.3/node_modules/pg/lib/client.js:545:17
      at query (lib/db.ts:489:26)
      at Object.<anonymous> (__tests__/correcao-webhook-remocao-codigo-obsoleto.test.ts:26:28)

  ÔùÅ Corre├º├úo Webhook - Remo├º├úo de C├│digo Obsoleto ÔÇ║ Ô£à Webhook N├âO deve tentar atualizar tabela contratos (obsoleta)

    error: o valor nulo na coluna "telefone" da rela├º├úo "entidades" viola a restri├º├úo de n├úo-nulo

      487 |         // No session: just execute the query normally
      488 |         try {
    > 489 |           const result = await client.query(text, params);
          |                          ^
      490 |           const duration = Date.now() - start;
      491 |
      492 |           // Log apenas queries lentas (>500ms)

      at node_modules/.pnpm/pg@8.16.3/node_modules/pg/lib/client.js:545:17
      at query (lib/db.ts:489:26)
      at Object.<anonymous> (__tests__/correcao-webhook-remocao-codigo-obsoleto.test.ts:26:28)

  ÔùÅ Corre├º├úo Webhook - Remo├º├úo de C├│digo Obsoleto ÔÇ║ Ô£à Webhook deve processar usando apenas enum status_pagamento v├ílido

    error: o valor nulo na coluna "telefone" da rela├º├úo "entidades" viola a restri├º├úo de n├úo-nulo

      487 |         // No session: just execute the query normally
      488 |         try {
    > 489 |           const result = await client.query(text, params);
          |                          ^
      490 |           const duration = Date.now() - start;
      491 |
      492 |           // Log apenas queries lentas (>500ms)

      at node_modules/.pnpm/pg@8.16.3/node_modules/pg/lib/client.js:545:17
      at query (lib/db.ts:489:26)
      at Object.<anonymous> (__tests__/correcao-webhook-remocao-codigo-obsoleto.test.ts:26:28)

  ÔùÅ Corre├º├úo Webhook - Remo├º├úo de C├│digo Obsoleto ÔÇ║ Ô£à Transa├º├úo completa sem ROLLBACK quando pagamento confirmado

    error: o valor nulo na coluna "telefone" da rela├º├úo "entidades" viola a restri├º├úo de n├úo-nulo

      487 |         // No session: just execute the query normally
      488 |         try {
    > 489 |           const result = await client.query(text, params);
          |                          ^
      490 |           const duration = Date.now() - start;
      491 |
      492 |           // Log apenas queries lentas (>500ms)

      at node_modules/.pnpm/pg@8.16.3/node_modules/pg/lib/client.js:545:17
      at query (lib/db.ts:489:26)
      at Object.<anonymous> (__tests__/correcao-webhook-remocao-codigo-obsoleto.test.ts:26:28)

  ÔùÅ Corre├º├úo Webhook - Remo├º├úo de C├│digo Obsoleto ÔÇ║ Ô£à ExternalReference extrai corretamente o lote_id

    error: o valor nulo na coluna "telefone" da rela├º├úo "entidades" viola a restri├º├úo de n├úo-nulo

      487 |         // No session: just execute the query normally
      488 |         try {
    > 489 |           const result = await client.query(text, params);
          |                          ^
      490 |           const duration = Date.now() - start;
      491 |
      492 |           // Log apenas queries lentas (>500ms)

      at node_modules/.pnpm/pg@8.16.3/node_modules/pg/lib/client.js:545:17
      at query (lib/db.ts:489:26)
      at Object.<anonymous> (__tests__/correcao-webhook-remocao-codigo-obsoleto.test.ts:26:28)


  ÔùÅ Test suite failed to run

    error: coluna "asaas_payment_id" n├úo existe

      487 |         // No session: just execute the query normally
      488 |         try {
    > 489 |           const result = await client.query(text, params);
          |                          ^
      490 |           const duration = Date.now() - start;
      491 |
      492 |           // Log apenas queries lentas (>500ms)

      at node_modules/.pnpm/pg@8.16.3/node_modules/pg/lib/client.js:545:17
      at query (lib/db.ts:489:26)
      at Object.<anonymous> (__tests__/correcao-webhook-remocao-codigo-obsoleto.test.ts:67:5)

RBAC seed applied to test database
RBAC seed applied to test database
RBAC seed applied to test database
PASS __tests__/melhorias-emissao.test.ts
  ÔùÅ Console

    console.log
      [dotenv@17.2.3] injecting env (0) from .env.test -- tip: ­ƒöæ add access controls to secrets: https://dotenvx.com/ops

      at _log (node_modules/.pnpm/dotenv@17.2.3/node_modules/dotenv/lib/main.js:142:11)

    console.log
      ­ƒøí´©Å [jest.setup] Removendo DATABASE_URL do ambiente de testes (valor n├úo importa)

      at Object.<anonymous> (__tests__/config/jest.setup.js:125:17)

    console.log
      ­ƒøí´©Å [jest.setup] Prote├º├úo do banco de testes ativada - usando: nr-bps_db_test

      at Object.<anonymous> (__tests__/config/jest.setup.js:150:13)

    console.log
      ­ƒöî [lib/db.ts] Conectado ao banco: nr-bps_db_test @ localhost (ambiente: test)

      at Object.log (lib/db.ts:673:15)

    console.log
      [RETRY] test-operation - tentativa 1/3

      at log (lib/services/retry-service.ts:233:15)

    console.log
      [RETRY] test-operation - sucesso na tentativa 1 (4ms)

      at log (lib/services/retry-service.ts:252:15)

    console.log
      [RETRY] test-retry - tentativa 1/3

      at log (lib/services/retry-service.ts:233:15)

    console.log
      [RETRY] test-retry - aguardando 513ms antes da pr├│xima tentativa...

      at log (lib/services/retry-service.ts:313:15)

    console.log
      [RETRY] test-retry - tentativa 2/3

      at log (lib/services/retry-service.ts:233:15)

    console.log
      [RETRY] test-retry - sucesso na tentativa 2 (525ms)

      at log (lib/services/retry-service.ts:252:15)

    console.log
      [RETRY] test-fail - tentativa 1/2

      at log (lib/services/retry-service.ts:233:15)

    console.log
      [RETRY] test-fail - aguardando 497ms antes da pr├│xima tentativa...

      at log (lib/services/retry-service.ts:313:15)

    console.log
      [RETRY] test-fail - tentativa 2/2

      at log (lib/services/retry-service.ts:233:15)

    console.log
      [RETRY] test-non-retryable - tentativa 1/3

      at log (lib/services/retry-service.ts:233:15)

    console.log
      [RETRY] test-backoff - tentativa 1/3

      at log (lib/services/retry-service.ts:233:15)

    console.log
      [RETRY] test-backoff - aguardando 100ms antes da pr├│xima tentativa...

      at log (lib/services/retry-service.ts:313:15)

    console.log
      [RETRY] test-backoff - tentativa 2/3

      at log (lib/services/retry-service.ts:233:15)

    console.log
      [RETRY] test-backoff - aguardando 200ms antes da pr├│xima tentativa...

      at log (lib/services/retry-service.ts:313:15)

    console.log
      [RETRY] test-backoff - tentativa 3/3

      at log (lib/services/retry-service.ts:233:15)

RBAC seed applied to test database
FAIL __tests__/api/emissor/notificacoes.test.ts
  ÔùÅ Console

    console.log
      [dotenv@17.2.3] injecting env (0) from .env.test -- tip: ­ƒôí add observability to secrets: https://dotenvx.com/ops

      at _log (node_modules/.pnpm/dotenv@17.2.3/node_modules/dotenv/lib/main.js:142:11)

    console.log
      ­ƒøí´©Å [jest.setup] Removendo DATABASE_URL do ambiente de testes (valor n├úo importa)

      at Object.<anonymous> (__tests__/config/jest.setup.js:125:17)

    console.log
      ­ƒøí´©Å [jest.setup] Prote├º├úo do banco de testes ativada - usando: nr-bps_db_test

      at Object.<anonymous> (__tests__/config/jest.setup.js:150:13)

    console.log
      ­ƒöî [lib/db.ts] Conectado ao banco: nr-bps_db_test @ localhost (ambiente: test)

      at Object.log (lib/db.ts:673:15)

  ÔùÅ /api/emissor/notificacoes ÔÇ║ Estrutura da Resposta ÔÇ║ deve retornar estrutura correta com m├║ltiplas notifica├º├Áes

    expect(received).toHaveProperty(path)

    Expected path: "titulo"
    Received path: []

    Received value: {"clinica_nome": "Cl├¡nica A", "empresa_nome": "Empresa A", "id": 1, "liberado_em": "2025-11-29T10:00:00Z", "mensagem": "Novo lote ID: 1 pronto para emiss├úo de laudo", "tipo": "novo_lote", "total_avaliacoes": 4}

      252 |       expect(notif).toHaveProperty('id');
      253 |       // codigo removido
    > 254 |       expect(notif).toHaveProperty('titulo');
          |                     ^
      255 |       expect(notif).toHaveProperty('empresa_nome');
      256 |       expect(notif).toHaveProperty('clinica_nome');
      257 |       expect(notif).toHaveProperty('liberado_em');

      at Object.toHaveProperty (__tests__/api/emissor/notificacoes.test.ts:254:21)

PASS __tests__/lib/auditoria.test.ts
  ÔùÅ Console

    console.log
      [dotenv@17.2.3] injecting env (0) from .env.test -- tip: ÔÜÖ´©Å  enable debug logging with { debug: true }

      at _log (node_modules/.pnpm/dotenv@17.2.3/node_modules/dotenv/lib/main.js:142:11)

    console.log
      ­ƒøí´©Å [jest.setup] Removendo DATABASE_URL do ambiente de testes (valor n├úo importa)

      at Object.<anonymous> (__tests__/config/jest.setup.js:125:17)

    console.log
      ­ƒøí´©Å [jest.setup] Prote├º├úo do banco de testes ativada - usando: nr-bps_db_test

      at Object.<anonymous> (__tests__/config/jest.setup.js:150:13)

    console.log
      ­ƒöî [lib/db.ts] Conectado ao banco: nr-bps_db_test @ localhost (ambiente: test)

      at Object.log (lib/db.ts:673:15)

    console.log
      [AUDIT] INSERT em contratos por 123.456.789-00 (admin) de IP 192.168.1.1

      at log (lib/audit.ts:78:13)

    console.log
      [AUDIT] INSERT em contratos por 123.456.789-00 (admin) de IP 10.0.0.1

      at log (lib/audit.ts:78:13)

    console.log
      [AUDIT] UPDATE em contratos por 123.456.789-00 (admin) de IP 10.0.0.1

      at log (lib/audit.ts:78:13)

    console.log
      [AUDIT] INSERT em pagamentos por 123.456.789-00 (admin) de IP 10.0.0.1

      at log (lib/audit.ts:78:13)

    console.log
      [AUDIT] UPDATE em pagamentos por 123.456.789-00 (admin) de IP 10.0.0.1

      at log (lib/audit.ts:78:13)

    console.log
      [AUDIT] UPDATE em tomadors por 123.456.789-00 (admin) de IP 10.0.0.1

      at log (lib/audit.ts:78:13)

    console.log
      [AUDIT] UPDATE em tomadors por 123.456.789-00 (admin) de IP 10.0.0.1

      at log (lib/audit.ts:78:13)

    console.log
      [AUDIT] INSERT em contratos por 123.456.789-00 (admin) de IP 192.168.1.1

      at log (lib/audit.ts:78:13)

    console.log
      [AUDIT] UPDATE em pagamentos por 123.456.789-00 (admin) de IP 192.168.1.1

      at log (lib/audit.ts:78:13)

PASS __tests__/components/ModalConfirmacaoSolicitar.test.tsx
  ÔùÅ Console

    console.log
      [dotenv@17.2.3] injecting env (0) from .env.test -- tip: ­ƒöä add secrets lifecycle management: https://dotenvx.com/ops

      at _log (node_modules/.pnpm/dotenv@17.2.3/node_modules/dotenv/lib/main.js:142:11)

    console.log
      ­ƒøí´©Å [jest.setup] Removendo DATABASE_URL do ambiente de testes (valor n├úo importa)

      at Object.<anonymous> (__tests__/config/jest.setup.js:125:17)

    console.log
      ­ƒøí´©Å [jest.setup] Prote├º├úo do banco de testes ativada - usando: nr-bps_db_test

      at Object.<anonymous> (__tests__/config/jest.setup.js:150:13)

RBAC seed applied to test database
FAIL __tests__/integration/ciclo-completo-emissao-laudo.test.ts
  ÔùÅ Console

    console.log
      [dotenv@17.2.3] injecting env (0) from .env.test -- tip: ­ƒöæ add access controls to secrets: https://dotenvx.com/ops

      at _log (node_modules/.pnpm/dotenv@17.2.3/node_modules/dotenv/lib/main.js:142:11)

    console.log
      ­ƒøí´©Å [jest.setup] Removendo DATABASE_URL do ambiente de testes (valor n├úo importa)

      at Object.<anonymous> (__tests__/config/jest.setup.js:125:17)

    console.log
      ­ƒøí´©Å [jest.setup] Prote├º├úo do banco de testes ativada - usando: nr-bps_db_test

      at Object.<anonymous> (__tests__/config/jest.setup.js:150:13)

    console.log
      ­ƒöî [lib/db.ts] Conectado ao banco: nr-bps_db_test @ localhost (ambiente: test)

      at Object.log (lib/db.ts:673:15)

  ÔùÅ Ciclo Completo: Funcion├írio ÔåÆ Avalia├º├úo ÔåÆ Laudo ÔÇ║ 1. Cria├º├úo de lote e avalia├º├úo ÔÇ║ deve criar lote em status "ativo"

    error: o valor nulo na coluna "telefone" da rela├º├úo "clinicas" viola a restri├º├úo de n├úo-nulo

      487 |         // No session: just execute the query normally
      488 |         try {
    > 489 |           const result = await client.query(text, params);
          |                          ^
      490 |           const duration = Date.now() - start;
      491 |
      492 |           // Log apenas queries lentas (>500ms)

      at node_modules/.pnpm/pg@8.16.3/node_modules/pg/lib/client.js:545:17
      at query (lib/db.ts:489:26)
      at Object.<anonymous> (__tests__/integration/ciclo-completo-emissao-laudo.test.ts:33:27)

  ÔùÅ Ciclo Completo: Funcion├írio ÔåÆ Avalia├º├úo ÔåÆ Laudo ÔÇ║ 1. Cria├º├úo de lote e avalia├º├úo ÔÇ║ deve criar avalia├º├úo em status "iniciada"

    error: o valor nulo na coluna "telefone" da rela├º├úo "clinicas" viola a restri├º├úo de n├úo-nulo

      487 |         // No session: just execute the query normally
      488 |         try {
    > 489 |           const result = await client.query(text, params);
          |                          ^
      490 |           const duration = Date.now() - start;
      491 |
      492 |           // Log apenas queries lentas (>500ms)

      at node_modules/.pnpm/pg@8.16.3/node_modules/pg/lib/client.js:545:17
      at query (lib/db.ts:489:26)
      at Object.<anonymous> (__tests__/integration/ciclo-completo-emissao-laudo.test.ts:33:27)

  ÔùÅ Ciclo Completo: Funcion├írio ÔåÆ Avalia├º├úo ÔåÆ Laudo ÔÇ║ 2. Conclus├úo de avalia├º├úo ÔÇ║ deve permitir transi├º├úo de "iniciada" para "em_andamento"

    error: o valor nulo na coluna "telefone" da rela├º├úo "clinicas" viola a restri├º├úo de n├úo-nulo

      487 |         // No session: just execute the query normally
      488 |         try {
    > 489 |           const result = await client.query(text, params);
          |                          ^
      490 |           const duration = Date.now() - start;
      491 |
      492 |           // Log apenas queries lentas (>500ms)

      at node_modules/.pnpm/pg@8.16.3/node_modules/pg/lib/client.js:545:17
      at query (lib/db.ts:489:26)
      at Object.<anonymous> (__tests__/integration/ciclo-completo-emissao-laudo.test.ts:33:27)

  ÔùÅ Ciclo Completo: Funcion├írio ÔåÆ Avalia├º├úo ÔåÆ Laudo ÔÇ║ 2. Conclus├úo de avalia├º├úo ÔÇ║ deve permitir transi├º├úo de "em_andamento" para "concluido"

    error: o valor nulo na coluna "telefone" da rela├º├úo "clinicas" viola a restri├º├úo de n├úo-nulo

      487 |         // No session: just execute the query normally
      488 |         try {
    > 489 |           const result = await client.query(text, params);
          |                          ^
      490 |           const duration = Date.now() - start;
      491 |
      492 |           // Log apenas queries lentas (>500ms)

      at node_modules/.pnpm/pg@8.16.3/node_modules/pg/lib/client.js:545:17
      at query (lib/db.ts:489:26)
      at Object.<anonymous> (__tests__/integration/ciclo-completo-emissao-laudo.test.ts:33:27)

  ÔùÅ Ciclo Completo: Funcion├írio ÔåÆ Avalia├º├úo ÔåÆ Laudo ÔÇ║ 2. Conclus├úo de avalia├º├úo ÔÇ║ deve atualizar lote para "concluido" automaticamente

    error: o valor nulo na coluna "telefone" da rela├º├úo "clinicas" viola a restri├º├úo de n├úo-nulo

      487 |         // No session: just execute the query normally
      488 |         try {
    > 489 |           const result = await client.query(text, params);
          |                          ^
      490 |           const duration = Date.now() - start;
      491 |
      492 |           // Log apenas queries lentas (>500ms)

      at node_modules/.pnpm/pg@8.16.3/node_modules/pg/lib/client.js:545:17
      at query (lib/db.ts:489:26)
      at Object.<anonymous> (__tests__/integration/ciclo-completo-emissao-laudo.test.ts:33:27)

  ÔùÅ Ciclo Completo: Funcion├írio ÔåÆ Avalia├º├úo ÔåÆ Laudo ÔÇ║ 3. Gera├º├úo de laudo com PDF ÔÇ║ deve gerar laudo com PDF f├¡sico via gerarLaudoCompletoEmitirPDF

    error: o valor nulo na coluna "telefone" da rela├º├úo "clinicas" viola a restri├º├úo de n├úo-nulo

      487 |         // No session: just execute the query normally
      488 |         try {
    > 489 |           const result = await client.query(text, params);
          |                          ^
      490 |           const duration = Date.now() - start;
      491 |
      492 |           // Log apenas queries lentas (>500ms)

      at node_modules/.pnpm/pg@8.16.3/node_modules/pg/lib/client.js:545:17
      at query (lib/db.ts:489:26)
      at Object.<anonymous> (__tests__/integration/ciclo-completo-emissao-laudo.test.ts:33:27)

  ÔùÅ Ciclo Completo: Funcion├írio ÔåÆ Avalia├º├úo ÔåÆ Laudo ÔÇ║ 3. Gera├º├úo de laudo com PDF ÔÇ║ deve ter status "emitido" somente ap├│s PDF criado

    error: o valor nulo na coluna "telefone" da rela├º├úo "clinicas" viola a restri├º├úo de n├úo-nulo

      487 |         // No session: just execute the query normally
      488 |         try {
    > 489 |           const result = await client.query(text, params);
          |                          ^
      490 |           const duration = Date.now() - start;
      491 |
      492 |           // Log apenas queries lentas (>500ms)

      at node_modules/.pnpm/pg@8.16.3/node_modules/pg/lib/client.js:545:17
      at query (lib/db.ts:489:26)
      at Object.<anonymous> (__tests__/integration/ciclo-completo-emissao-laudo.test.ts:33:27)

  ÔùÅ Ciclo Completo: Funcion├írio ÔåÆ Avalia├º├úo ÔåÆ Laudo ÔÇ║ 3. Gera├º├úo de laudo com PDF ÔÇ║ deve ter arquivo PDF f├¡sico no storage

    error: o valor nulo na coluna "telefone" da rela├º├úo "clinicas" viola a restri├º├úo de n├úo-nulo

      487 |         // No session: just execute the query normally
      488 |         try {
    > 489 |           const result = await client.query(text, params);
          |                          ^
      490 |           const duration = Date.now() - start;
      491 |
      492 |           // Log apenas queries lentas (>500ms)

      at node_modules/.pnpm/pg@8.16.3/node_modules/pg/lib/client.js:545:17
      at query (lib/db.ts:489:26)
      at Object.<anonymous> (__tests__/integration/ciclo-completo-emissao-laudo.test.ts:33:27)

  ÔùÅ Ciclo Completo: Funcion├írio ÔåÆ Avalia├º├úo ÔåÆ Laudo ÔÇ║ 3. Gera├º├úo de laudo com PDF ÔÇ║ deve ter hash_pdf correspondente ao arquivo f├¡sico

    error: o valor nulo na coluna "telefone" da rela├º├úo "clinicas" viola a restri├º├úo de n├úo-nulo

      487 |         // No session: just execute the query normally
      488 |         try {
    > 489 |           const result = await client.query(text, params);
          |                          ^
      490 |           const duration = Date.now() - start;
      491 |
      492 |           // Log apenas queries lentas (>500ms)

      at node_modules/.pnpm/pg@8.16.3/node_modules/pg/lib/client.js:545:17
      at query (lib/db.ts:489:26)
      at Object.<anonymous> (__tests__/integration/ciclo-completo-emissao-laudo.test.ts:33:27)

  ÔùÅ Ciclo Completo: Funcion├írio ÔåÆ Avalia├º├úo ÔåÆ Laudo ÔÇ║ 3. Gera├º├úo de laudo com PDF ÔÇ║ deve ter metadata JSON no storage

    error: o valor nulo na coluna "telefone" da rela├º├úo "clinicas" viola a restri├º├úo de n├úo-nulo

      487 |         // No session: just execute the query normally
      488 |         try {
    > 489 |           const result = await client.query(text, params);
          |                          ^
      490 |           const duration = Date.now() - start;
      491 |
      492 |           // Log apenas queries lentas (>500ms)

      at node_modules/.pnpm/pg@8.16.3/node_modules/pg/lib/client.js:545:17
      at query (lib/db.ts:489:26)
      at Object.<anonymous> (__tests__/integration/ciclo-completo-emissao-laudo.test.ts:33:27)

  ÔùÅ Ciclo Completo: Funcion├írio ÔåÆ Avalia├º├úo ÔåÆ Laudo ÔÇ║ 4. Imutabilidade do laudo ÔÇ║ n├úo deve permitir alterar hash_pdf ap├│s emiss├úo

    error: o valor nulo na coluna "telefone" da rela├º├úo "clinicas" viola a restri├º├úo de n├úo-nulo

      487 |         // No session: just execute the query normally
      488 |         try {
    > 489 |           const result = await client.query(text, params);
          |                          ^
      490 |           const duration = Date.now() - start;
      491 |
      492 |           // Log apenas queries lentas (>500ms)

      at node_modules/.pnpm/pg@8.16.3/node_modules/pg/lib/client.js:545:17
      at query (lib/db.ts:489:26)
      at Object.<anonymous> (__tests__/integration/ciclo-completo-emissao-laudo.test.ts:33:27)

  ÔùÅ Ciclo Completo: Funcion├írio ÔåÆ Avalia├º├úo ÔåÆ Laudo ÔÇ║ 4. Imutabilidade do laudo ÔÇ║ n├úo deve permitir reverter status de "emitido" para "rascunho"

    error: o valor nulo na coluna "telefone" da rela├º├úo "clinicas" viola a restri├º├úo de n├úo-nulo

      487 |         // No session: just execute the query normally
      488 |         try {
    > 489 |           const result = await client.query(text, params);
          |                          ^
      490 |           const duration = Date.now() - start;
      491 |
      492 |           // Log apenas queries lentas (>500ms)

      at node_modules/.pnpm/pg@8.16.3/node_modules/pg/lib/client.js:545:17
      at query (lib/db.ts:489:26)
      at Object.<anonymous> (__tests__/integration/ciclo-completo-emissao-laudo.test.ts:33:27)

  ÔùÅ Ciclo Completo: Funcion├írio ÔåÆ Avalia├º├úo ÔåÆ Laudo ÔÇ║ 5. Verifica├º├úo final do lote ÔÇ║ deve ter lote atualizado para "laudo_emitido"

    error: o valor nulo na coluna "telefone" da rela├º├úo "clinicas" viola a restri├º├úo de n├úo-nulo

      487 |         // No session: just execute the query normally
      488 |         try {
    > 489 |           const result = await client.query(text, params);
          |                          ^
      490 |           const duration = Date.now() - start;
      491 |
      492 |           // Log apenas queries lentas (>500ms)

      at node_modules/.pnpm/pg@8.16.3/node_modules/pg/lib/client.js:545:17
      at query (lib/db.ts:489:26)
      at Object.<anonymous> (__tests__/integration/ciclo-completo-emissao-laudo.test.ts:33:27)

RBAC seed applied to test database
RBAC seed applied to test database
FAIL __tests__/contracts/pagamento.test.tsx
  ÔùÅ Console

    console.log
      [dotenv@17.2.3] injecting env (0) from .env.test -- tip: ÔÜÖ´©Å  load multiple .env files with { path: ['.env.local', '.env'] }

      at _log (node_modules/.pnpm/dotenv@17.2.3/node_modules/dotenv/lib/main.js:142:11)

    console.log
      ­ƒøí´©Å [jest.setup] Removendo DATABASE_URL do ambiente de testes (valor n├úo importa)

      at Object.<anonymous> (__tests__/config/jest.setup.js:125:17)

    console.log
      ­ƒøí´©Å [jest.setup] Prote├º├úo do banco de testes ativada - usando: nr-bps_db_test

      at Object.<anonymous> (__tests__/config/jest.setup.js:150:13)

    console.log
      DEBUG iniciarPagamento start 1

      at log (app/pagamento/[contratoId]/page.tsx:43:15)

    console.log
      DEBUG iniciarPagamento error: TypeError: Cannot read properties of undefined (reading 'ok')

      at log (app/pagamento/[contratoId]/page.tsx:257:17)

    console.log
      DEBUG iniciarPagamento start 1

      at log (app/pagamento/[contratoId]/page.tsx:43:15)

    console.log
      DEBUG iniciarPagamento start 1

      at log (app/pagamento/[contratoId]/page.tsx:43:15)

    console.log
      DEBUG iniciarPagamento error: TypeError: Cannot read properties of undefined (reading 'ok')

      at log (app/pagamento/[contratoId]/page.tsx:257:17)

    console.log
      DEBUG iniciarPagamento start 1

      at log (app/pagamento/[contratoId]/page.tsx:43:15)

    console.log
      DEBUG iniciarPagamento error: Error: Contrato n├úo encontrado

      at log (app/pagamento/[contratoId]/page.tsx:257:17)

    console.log
      DEBUG iniciarPagamento start 1

      at log (app/pagamento/[contratoId]/page.tsx:43:15)

    console.log
      DEBUG iniciarPagamento start 1

      at log (app/pagamento/[contratoId]/page.tsx:43:15)

    console.log
      DEBUG iniciarPagamento error: TypeError: Cannot read properties of undefined (reading 'ok')

      at log (app/pagamento/[contratoId]/page.tsx:257:17)

    console.log
      DEBUG iniciarPagamento start 1

      at log (app/pagamento/[contratoId]/page.tsx:43:15)

    console.log
      DEBUG iniciarPagamento start 1

      at log (app/pagamento/[contratoId]/page.tsx:43:15)

    console.log
      DEBUG iniciarPagamento error: TypeError: Cannot read properties of undefined (reading 'ok')

      at log (app/pagamento/[contratoId]/page.tsx:257:17)

    console.log
      DEBUG iniciarPagamento start 1

      at log (app/pagamento/[contratoId]/page.tsx:43:15)

    console.log
      DEBUG iniciarPagamento start 1

      at log (app/pagamento/[contratoId]/page.tsx:43:15)

    console.log
      DEBUG iniciarPagamento error: TypeError: Cannot read properties of undefined (reading 'ok')

      at log (app/pagamento/[contratoId]/page.tsx:257:17)

    console.log
      DEBUG iniciarPagamento start 1

      at log (app/pagamento/[contratoId]/page.tsx:43:15)

    console.log
      DEBUG iniciarPagamento start 1

      at log (app/pagamento/[contratoId]/page.tsx:43:15)

    console.log
      DEBUG iniciarPagamento error: TypeError: Cannot read properties of undefined (reading 'tomador_id')

      at log (app/pagamento/[contratoId]/page.tsx:257:17)

    console.log
      DEBUG iniciarPagamento start 1 ?contratacao_id=123

      at log (app/pagamento/[contratoId]/page.tsx:43:15)

    console.log
      DEBUG fetch: /api/contratacao_personalizada/ 123

      at log (app/pagamento/[contratoId]/page.tsx:86:21)

    console.log
      DEBUG contratacaoData: {
        valido: true,
        contratacao_id: 123,
        tomador_id: 42,
        tomador_nome: 'Empresa Token',
        numero_funcionarios: 25,
        valor_total: 2500,
        valor_por_funcionario: 100
      }

      at log (app/pagamento/[contratoId]/page.tsx:99:21)

    console.log
      DEBUG iniciarPagamento start 1 ?contratacao_id=123

      at log (app/pagamento/[contratoId]/page.tsx:43:15)

    console.log
      DEBUG fetch: /api/contratacao_personalizada/ 123

      at log (app/pagamento/[contratoId]/page.tsx:86:21)

    console.log
      DEBUG iniciarPagamento error: TypeError: Cannot read properties of undefined (reading 'ok')

      at log (app/pagamento/[contratoId]/page.tsx:257:17)

  ÔùÅ P├ígina de Pagamento - Finalizar Pagamento ÔÇ║ deve simular pagamento com sucesso

    TestingLibraryElementError: Unable to find an element with the text: Processando.... This could be because the text is broken up by multiple elements. In this case, you can provide a function for your text matcher to make your matcher more flexible.

    Ignored nodes: comments, script, style
    <body>
      <div>
        <div
          class="min-h-screen bg-gradient-to-b from-orange-50 to-white"
        >
          <div
            class="container mx-auto px-4 py-8"
          >
            <div
              class="max-w-2xl mx-auto"
            >
              <div
                class="text-center mb-8"
              >
                <div
                  class="flex flex-col items-center justify-center mx-auto mb-4"
                >
                  <div
                    class="w-12 h-12 flex items-center justify-center"
                  >
                    <img
                      alt="QWork"
                      class="w-full h-full object-contain"
                      data-nimg="1"
                      decoding="async"
                      height="48"
                      src="data:image/png;base64,iVBORw0KGgoAAAANSUhEUgAABEsAAAGnCAYAAABPZtklAAAKN2lDQ1BzUkdCIElFQzYxOTY2LTIuMQAAeJydlndUU9kWh8+9N71QkhCKlNBraFICSA29SJEuKjEJEErAkAAiNkRUcERRkaYIMijggKNDkbEiioUBUbHrBBlE1HFwFBuWSWStGd+8ee/Nm98f935rn73P3Wfvfda6AJD8gwXCTFgJgAyhWBTh58WIjYtnYAcBDPAAA2wA4HCzs0IW+EYCmQJ82IxsmRP4F726DiD5+yrTP4zBAP+flLlZIjEAUJiM5/L42VwZF8k4PVecJbdPyZi2NE3OMErOIlmCMlaTc/IsW3z2mWUPOfMyhDwZy3PO4mXw5Nwn4405Er6MkWAZF+cI+LkyviZjg3RJhkDGb+SxGXxONgAoktwu5nNTZGwtY5IoMoIt43kA4EjJX/DSL1jMzxPLD8XOzFouEiSniBkmXFOGjZMTi+HPz03ni8XMMA43jSPiMdiZGVkc4XIAZs/8WRR5bRmyIjvYODk4MG0tbb4o1H9d/JuS93aWXoR/7hlEH/jD9ld+mQ0AsKZltdn6h21pFQBd6wFQu/2HzWAvAIqyvnUOfXEeunxeUsTiLGcrq9zcXEsBn2spL+jv+p8Of0NffM9Svt3v5WF485M4knQxQ143bmZ6pkTEyM7icPkM5p+H+B8H/nUeFhH8JL6IL5RFRMumTCBMlrVbyBOIBZlChkD4n5r4D8P+pNm5lona+BHQllgCpSEaQH4eACgqESAJe2Qr0O99C8ZHA/nNi9GZmJ37z4L+fVe4TP7IFiR/jmNHRDK4ElHO7Jr8WgI0IABFQAPqQBvoAxPABLbAEbgAD+ADAkEoiARxYDHgghSQAUQgFxSAtaAYlIKtYCeoBnWgETSDNnAYdIFj4DQ4By6By2AE3AFSMA6egCnwCsxAEISFyBAVUod0IEPIHLKFWJAb5AMFQxFQHJQIJUNCSAIVQOugUqgcqobqoWboW+godBq6AA1Dt6BRaBL6FXoHIzAJpsFasBFsBbNgTzgIjoQXwcnwMjgfLoK3wJVwA3wQ7oRPw5fgEVgKP4GnEYAQETqiizARFsJGQpF4JAkRIauQEqQCaUDakB6kH7mKSJGnyFsUBkVFMVBMlAvKHxWF4qKWoVahNqOqUQdQnag+1FXUKGoK9RFNRmuizdHO6AB0LDoZnYsuRlegm9Ad6LPoEfQ4+hUGg6FjjDGOGH9MHCYVswKzGbMb0445hRnGjGGmsVisOtYc64oNxXKwYmwxtgp7EHsSewU7jn2DI+J0cLY4X1w8TogrxFXgWnAncFdwE7gZvBLeEO+MD8Xz8MvxZfhGfA9+CD+OnyEoE4wJroRIQiphLaGS0EY4S7hLeEEkEvWITsRwooC4hlhJPEQ8TxwlviVRSGYkNimBJCFtIe0nnSLdIr0gk8lGZA9yPFlM3kJuJp8h3ye/UaAqWCoEKPAUVivUKHQqXFF4pohXNFT0VFysmK9YoXhEcUjxqRJeyUiJrcRRWqVUo3RU6YbStDJV2UY5VDlDebNyi/IF5UcULMWI4kPhUYoo+yhnKGNUhKpPZVO51HXURupZ6jgNQzOmBdBSaaW0b2iDtCkVioqdSrRKnkqNynEVKR2hG9ED6On0Mvph+nX6O1UtVU9Vvuom1TbVK6qv1eaoeajx1UrU2tVG1N6pM9R91NPUt6l3qd/TQGmYaYRr5Grs0Tir8XQObY7LHO6ckjmH59zWhDXNNCM0V2ju0xzQnNbS1vLTytKq0jqj9VSbru2hnaq9Q/uE9qQOVcdNR6CzQ+ekzmOGCsOTkc6oZPQxpnQ1df11Jbr1uoO6M3rGelF6hXrtevf0Cfos/ST9Hfq9+lMGOgYhBgUGrQa3DfGGLMMUw12G/YavjYyNYow2GHUZPTJWMw4wzjduNb5rQjZxN1lm0mByzRRjyjJNM91tetkMNrM3SzGrMRsyh80dzAXmu82HLdAWThZCiwaLG0wS05OZw2xljlrSLYMtCy27LJ9ZGVjFW22z6rf6aG1vnW7daH3HhmITaFNo02Pzq62ZLde2xvbaXPJc37mr53bPfW5nbse322N3055qH2K/wb7X/oODo4PIoc1h0tHAMdGx1vEGi8YKY21mnXdCO3k5rXY65vTW2cFZ7HzY+RcXpkuaS4vLo3nG8/jzGueNueq5clzrXaVuDLdEt71uUnddd457g/sDD30PnkeTx4SnqWeq50HPZ17WXiKvDq/XbGf2SvYpb8Tbz7vEe9CH4hPlU+1z31fPN9m31XfKz95vhd8pf7R/kP82/xsBWgHcgOaAqUDHwJWBfUGkoAVB1UEPgs2CRcE9IXBIYMj2kLvzDecL53eFgtCA0O2h98KMw5aFfR+OCQ8Lrwl/GGETURDRv4C6YMmClgWvIr0iyyLvRJlESaJ6oxWjE6Kbo1/HeMeUx0hjrWJXxl6K04gTxHXHY+Oj45vipxf6LNy5cDzBPqE44foi40V5iy4s1licvvj4EsUlnCVHEtGJMYktie85oZwGzvTSgKW1S6e4bO4u7hOeB28Hb5Lvyi/nTyS5JpUnPUp2Td6ePJninlKR8lTAFlQLnqf6p9alvk4LTduf9ik9Jr09A5eRmHFUSBGmCfsytTPzMoezzLOKs6TLnJftXDYlChI1ZUPZi7K7xTTZz9SAxESyXjKa45ZTk/MmNzr3SJ5ynjBvYLnZ8k3LJ/J9879egVrBXdFboFuwtmB0pefK+lXQqqWrelfrry5aPb7Gb82BtYS1aWt/KLQuLC98uS5mXU+RVtGaorH1futbixWKRcU3NrhsqNuI2ijYOLhp7qaqTR9LeCUXS61LK0rfb+ZuvviVzVeVX33akrRlsMyhbM9WzFbh1uvb3LcdKFcuzy8f2x6yvXMHY0fJjpc7l+y8UGFXUbeLsEuyS1oZXNldZVC1tep9dUr1SI1XTXutZu2m2te7ebuv7PHY01anVVda926vYO/Ner/6zgajhop9mH05+x42Rjf2f836urlJo6m06cN+4X7pgYgDfc2Ozc0tmi1lrXCrpHXyYMLBy994f9Pdxmyrb6e3lx4ChySHHn+b+O31w0GHe4+wjrR9Z/hdbQe1o6QT6lzeOdWV0iXtjusePhp4tLfHpafje8vv9x/TPVZzXOV42QnCiaITn07mn5w+lXXq6enk02O9S3rvnIk9c60vvG/wbNDZ8+d8z53p9+w/ed71/LELzheOXmRd7LrkcKlzwH6g4wf7HzoGHQY7hxyHui87Xe4Znjd84or7ldNXva+euxZw7dLI/JHh61HXb95IuCG9ybv56Fb6ree3c27P3FlzF3235J7SvYr7mvcbfjT9sV3qID0+6j068GDBgztj3LEnP2X/9H686CH5YcWEzkTzI9tHxyZ9Jy8/Xvh4/EnWk5mnxT8r/1z7zOTZd794/DIwFTs1/lz0/NOvm1+ov9j/0u5l73TY9P1XGa9mXpe8UX9z4C3rbf+7mHcTM7nvse8rP5h+6PkY9PHup4xPn34D94Tz+49wZioAAAAJcEhZcwAALiMAAC4jAXilP3YAACAASURBVHic7N0JYBTl3T/w3++ZvZKQxMgliqJ4BMGQZHdms4JXudRatSoWRa211fr3qvaw59ta3r5v7W1tba1H6y1Qrbe1iuUVUEiyRxJTqGhFsZ4gonLk2p3n/zybYDkCZJOZeWZnfp827uaa+bLZY+a3z/N7ApxzIIT4i2EYExjAZxAwAcAPAcBy8UywXlx/OJlO32CaZk51RkIIIYQQQghRJaA6ACHEGQ2TJx+Ioci54up5GuLk/3wHt/33cPHfKfFYTFZQf6kkJCGEEEIIIYS4ABVLCPGw8ePHR0YNH34mB7wIw5Fp4kts77+FxwEVSwghhBBCCCE+RsUSQjyooa6uGgKhy0YNH3GB+HRfLOi3+Xp7UhFCCCGEEEJIcaBiCSEewRjT4rHYqRzwCgyGpsO2+TWFe9rKXIQQQgghhBBSbKhYQkiRq66urtinvPyLRky/Snw6frAVEokDrDYBHrEqGyGEEEIIIYQUIyqWEFKkotHoAUEWuKaqovJS8Wm5BZvcimbu/GQ63WPBtgghhBBCCCGkaFGxhJAio+v6kRqwb4aYNhcQQhZtdjM3c2c0pdMpi7ZHCCGEEEIIIUWLiiWEFIlYLFYbQO27AWSzIb+qzVAm3GyHw796eG52Op1us2aDhBBCCCGEEFLcqFhCiMvJIkmQafPEx2lgWYXkEw/mkF+cTqU/sni7hBBCCCGEEFK0qFhCiEvFYrGJAdSuCzLtbLC+SLLZ5HB1c6r5TxZvlxBCCCGEEEKKHhVLCHEZXdfHacB+GGTaBeJTzfo98Hbe03N2c2vrauu3TQghhBBC3Cqhx1OAUKY6hypd2R69paVli+ocpDhQsYQQlzAMY4TG8XsBZJeJT8N27IMDv/3ddeu+snbt2g47tk8IIYQQQlwM4QiwZhXFotTV1cVUZyDFg4olhChWXV0d3qei4ipZKBEvYPvYtJsODvzypmTyTpu2TwghhBBCCCGeQcUSQhSKx+KzqyoqfyKuHmp5V5L/eD3LzdmpVCpt2x4IIYQQQgghxEOoWEKIAg3RqIEs8EvG4Fh798Sfga1b56ZWrtxg734IIYQQQgghxDuoWEKIgxpqavbDSMnPUAucD9avcLMDzuEXyUz626Zp5uzcDyGEEEIIIYR4DRVLCHEAY0yLx2JXYKTkv8WnlTbvrpNz85KmVOpem/dDCCGEEEIIIZ5ExRJCbKbreiIe038vrtbbvjMOb+eQn5lMpZps3xchhBBCCCGEeBQVSzyAMYZ3vzBlJIZLxgYYH8sBR4mT5n0RYThwrBI/UgbIK8TXK8TXSxC5Bvm/Pcq/v1w+yxRn2Vlx2feBm8XlZg58KwLIdcg3iN/diBw+4AgbEMx3uk32ZidsfOeSaLJH3b/c3RKTJg2HkrIfB5BdDL23s704pLvN7OmZTOYt2/dFCCGEEEIIIR5GxZIiMW8eY0ecMuNgFjCP4hwnIOIh4svjxRnyofMzM8aK6+Hen8TeRhjbumF80hVj+6/31ypj16/hdl/b9mu9X2EQEqf+IagyF7bOek984TXxsYZzvkb8wBqe4//MfbBh5fkzW7YM6R9dxBp0/XwsLfu1uDrcmT3yB3IIX8hkMlud2R8hhBBCCCGEeBcVS1xo3oM1ocPG73eUxiAKHOoRMTbh9BmTxLeGyUIF7lDXsLVH6N7I0RJj+j6mYF8w1BDYyJGykPI659AOyDOmCRmNdWbm1C17W2VguzVMnnwghiO3ILKTHdolF//7UXMm/UPTNLlD+ySEEEIIIYQQT6NiiQvcsfzY8tJI+Ghg7FhxtnvchMPGxMWXI/lvKq2FDIkspIxHlKNf8HQtPwmlBBa2zvq3OLlfxjm8AMifX/3Y3/9x3XWmqTjrkMmpUPF6/VIMR34qPq1waLddAPxLjankfYP55YRhiN/DqNWhilouO7sxk1mpOobTxP2XxWN6CuSDlOyA57LnNmUyrapzOC1hxJOQL9CTPrl31r1nrF27tkN1EEIIIYQ4g4olCsxbMi0woZLFOeAMcbI6vbS05Gjx5aD8XvHWRgbsQPGPnIviQ/5rJ5w+4/2FrbMWA4e/92S7F51vPPea6oCFMgzj0Hgsdpu4+ikHd7shy80zUqnUssFugHN8u/fvQLbhjMkmvL4rlkSj0aPAiQbERQg17Thx4atiSSwW2z/INF11DnfhGSqUEEIIIf5CxRKH3Lxk2rB9KtgsBuzUCZWBU8WXhvugMDIQI8TH5wDhc8FgSI48+Yc4i38sB7nHX3nsuWY3jzqRo0mMWOwyDfDn4tNSB3f9Ku/pPiXV2...

      243 |
      244 |     // Verificar se processando
    > 245 |     expect(screen.getByText('Processando...')).toBeInTheDocument();
          |                   ^
      246 |
      247 |     // Aguardar simula├º├úo (2 segundos)
      248 |     await waitFor(

      at Object.getElementError (node_modules/.pnpm/@testing-library+dom@10.4.1/node_modules/@testing-library/dom/dist/config.js:37:19)
      at node_modules/.pnpm/@testing-library+dom@10.4.1/node_modules/@testing-library/dom/dist/query-helpers.js:76:38
      at node_modules/.pnpm/@testing-library+dom@10.4.1/node_modules/@testing-library/dom/dist/query-helpers.js:52:17
      at node_modules/.pnpm/@testing-library+dom@10.4.1/node_modules/@testing-library/dom/dist/query-helpers.js:95:19
      at Object.getByText (__tests__/contracts/pagamento.test.tsx:245:19)

RBAC seed applied to test database
PASS __tests__/lib/questoes.test.ts
  ÔùÅ Console

    console.log
      [dotenv@17.2.3] injecting env (0) from .env.test -- tip: ­ƒöæ add access controls to secrets: https://dotenvx.com/ops

      at _log (node_modules/.pnpm/dotenv@17.2.3/node_modules/dotenv/lib/main.js:142:11)

    console.log
      ­ƒøí´©Å [jest.setup] Removendo DATABASE_URL do ambiente de testes (valor n├úo importa)

      at Object.<anonymous> (__tests__/config/jest.setup.js:125:17)

    console.log
      ­ƒøí´©Å [jest.setup] Prote├º├úo do banco de testes ativada - usando: nr-bps_db_test

      at Object.<anonymous> (__tests__/config/jest.setup.js:150:13)

PASS __tests__/components/planos-components.test.tsx
  ÔùÅ Console

    console.log
      [dotenv@17.2.3] injecting env (0) from .env.test -- tip: ÔÜÖ´©Å  override existing env vars with { override: true }

      at _log (node_modules/.pnpm/dotenv@17.2.3/node_modules/dotenv/lib/main.js:142:11)

    console.log
      ­ƒøí´©Å [jest.setup] Removendo DATABASE_URL do ambiente de testes (valor n├úo importa)

      at Object.<anonymous> (__tests__/config/jest.setup.js:125:17)

    console.log
      ­ƒøí´©Å [jest.setup] Prote├º├úo do banco de testes ativada - usando: nr-bps_db_test

      at Object.<anonymous> (__tests__/config/jest.setup.js:150:13)

    console.log
      Ô£à Voltou online - Sincronizando dados...

      at log (lib/offline.ts:220:15)

    console.log
      Ô£à Conectado ├á internet

      at log (components/PWAInitializer.tsx:47:15)

RBAC seed applied to test database
RBAC seed applied to test database
RBAC seed applied to test database
FAIL __tests__/components/NotificationsSection.test.tsx
  ÔùÅ Console

    console.log
      [dotenv@17.2.3] injecting env (0) from .env.test -- tip: ­ƒöÉ prevent committing .env to code: https://dotenvx.com/precommit

      at _log (node_modules/.pnpm/dotenv@17.2.3/node_modules/dotenv/lib/main.js:142:11)

    console.log
      ­ƒøí´©Å [jest.setup] Removendo DATABASE_URL do ambiente de testes (valor n├úo importa)

      at Object.<anonymous> (__tests__/config/jest.setup.js:125:17)

    console.log
      ­ƒøí´©Å [jest.setup] Prote├º├úo do banco de testes ativada - usando: nr-bps_db_test

      at Object.<anonymous> (__tests__/config/jest.setup.js:150:13)

  ÔùÅ NotificationsSection ÔÇ║ deve renderizar corretamente quando h├í notifica├º├Áes

    TestingLibraryElementError: Unable to find an element with the text: 001-301125. This could be because the text is broken up by multiple elements. In this case, you can provide a function for your text matcher to make your matcher more flexible.

    Ignored nodes: comments, script, style
    <body>
      <div>
        <div
          class="mb-6"
        >
          <div
            class="flex items-center justify-between mb-4"
          >
            <div
              class="flex items-center gap-2"
            >
              <h3
                class="text-xl font-bold text-gray-800"
              >
                ­ƒöö Notifica├º├Áes da Cl├¡nica
              </h3>
              <span
                class="bg-red-500 text-white text-xs font-bold px-2 py-0.5 rounded-full"
              >
                2
              </span>
            </div>
            <button
              class="text-sm text-gray-600 hover:text-gray-900 flex items-center gap-1 disabled:opacity-50"
              title="Atualizar notifica├º├Áes"
            >
              <svg
                aria-hidden="true"
                class="lucide lucide-refresh-cw"
                fill="none"
                height="16"
                stroke="currentColor"
                stroke-linecap="round"
                stroke-linejoin="round"
                stroke-width="2"
                viewBox="0 0 24 24"
                width="16"
                xmlns="http://www.w3.org/2000/svg"
              >
                <path
                  d="M3 12a9 9 0 0 1 9-9 9.75 9.75 0 0 1 6.74 2.74L21 8"
                />
                <path
                  d="M21 3v5h-5"
                />
                <path
                  d="M21 12a9 9 0 0 1-9 9 9.75 9.75 0 0 1-6.74-2.74L3 16"
                />
                <path
                  d="M8 16H3v5"
                />
              </svg>
            </button>
          </div>
          <div
            class="bg-white rounded-lg shadow-sm border border-gray-200 overflow-hidden"
          >
            <div
              class="overflow-x-auto"
            >
              <table
                class="w-full"
              >
                <thead
                  class="bg-gray-50 border-b border-gray-200"
                >
                  <tr>
                    <th
                      class="px-4 py-3 text-left text-xs font-medium text-gray-500 uppercase tracking-wider"
                    >
                      Tipo
                    </th>
                    <th
                      class="px-4 py-3 text-left text-xs font-medium text-gray-500 uppercase tracking-wider"
                    >
                      Lote ID
                    </th>
                    <th
                      class="px-4 py-3 text-left text-xs font-medium text-gray-500 uppercase tracking-wider"
                    >
                      T├¡tulo
                    </th>
                    <th
                      class="px-4 py-3 text-left text-xs font-medium text-gray-500 uppercase tracking-wider"
                    >
                      Empresa
                    </th>
                    <th
                      class="px-4 py-3 text-left text-xs font-medium text-gray-500 uppercase tracking-wider"
                    >
                      Data
                    </th>
                  </tr>
                </thead>
                <tbody
                  class="bg-white divide-y divide-gray-200"
                >
                  <tr
                    class="hover:bg-blue-50 cursor-pointer transition-all duration-200"
                  >
                    <td
                      class="px-4 py-3 whitespace-nowrap"
                    >
                      <div
                        class="flex items-center"
                      >
                        <div
                          class="flex-shrink-0 p-1.5 rounded-md bg-blue-500 text-white"
                        >
                          <svg
                            aria-hidden="true"
                            class="lucide lucide-package"
                            fill="none"
                            height="18"
                            stroke="currentColor"
                            stroke-linecap="round"
                            stroke-linejoin="round"
                            stroke-width="2"
                            viewBox="0 0 24 24"
                            width="18"
                            xmlns="http://www.w3.org/2000/svg"
                          >
                            <path
                              d="M11 21.73a2 2 0 0 0 2 0l7-4A2 2 0 0 0 21 16V8a2 2 0 0 0-1-1.73l-7-4a2 2 0 0 0-2 0l-7 4A2 2 0 0 0 3 8v8a2 2 0 0 0 1 1.73z"
                            />
                            <path
                              d="M12 22V12"
                            />
                            <polyline
                              points="3.29 7 12 12 20.71 7"
                            />
                            <path
                              d="m7.5 4.27 9 5.15"
                            />
                          </svg>
                        </div>
                        <span
                          class="ml-2 text-sm font-medium text-gray-900"
                        >
                          Lote Enviado
                        </span>
                      </div>
                    </td>
                    <td
                      class="px-4 py-3 whitespace-nowrap text-sm text-gray-900 font-mono"
                    >
                      10
                    </td>
                    <td
                      class="px-4 py-3 whitespace-nowrap"
                    >
                      <div
                        class="text-sm text-gray-900 max-w-xs truncate"
                        title="Lote Teste A"
                      >
                        Lote Teste A
                      </div>
                    </td>
                    <td
                      class="px-4 py-3 whitespace-nowrap text-sm text-gray-600 max-w-xs truncate"
                      title="Empresa A"
                    >
                      Empresa A
                    </td>
                    <td
                      class="px-4 py-3 whitespace-nowrap text-sm text-gray-500"
                    >
                      Agora
                    </td>
                  </tr>
                  <tr
                    class="hover:bg-blue-50 cursor-pointer transition-all duration-200"
                  >
                    <td
                      class="px-4 py-3 whitespace-nowrap"
                    >
                      <div
                        class="flex items-center"
                      >
                        <div
                          class="flex-shrink-0 p-1.5 rounded-md bg-purple-500 text-white"
                        >
                          <svg
                            aria-hidden="true"
                            class="lucide lucide-send"
                            fill="none"
                            height="18"
                            stroke="currentColor"
                            stroke-linecap="round"
                            stroke-linejoin="round"
                            stroke-width="2"
                            viewBox="0 0 24 24"
                            width="18"
                            xmlns="http://www.w3.org/2000/svg"
                          >
                            <path
                              d="M14.536 21.686a.5.5 0 0 0 .937-.024l6.5-19a.496.496 0 0 0-.635-.635l-19 6.5a.5.5 0 0 0-.024.937l7.93 3.18a2 2 0 0 1 1.112 1.11z"
                            />
                            <path
                              d="m21.854 2.147-10.94 10.939"
                            />
                          </svg>
                        </div>
                        <span
                          class="ml-2 text-sm font-medium text-gray-900"
                        >
                          Laudo Recebido
                        </span>
                      </div>
                    </td>
                    <td
                      class="px-4 py-3 whitespace-nowrap text-sm text-gray-900 font-mono"
                    >
                      11
                    </td>
                    <td
                      class="px-4 py-3 whitespace-nowrap"
                    >
                      <div
                        class="text-sm text-gray-900 max-w-xs truncate"
                        title="Lote Teste B"
                      >
                        Lote Teste B
                      </div>
                    </td>
                    <td
                      class="px-4 py-3 whitespace-nowrap text-sm text-gray-600 max-w-xs truncate"
                      title="Empresa B"
                    >
                      Empresa B
                    </td>
                    <td
                      class="px-4 py-3 whitespace-nowrap text-sm text-gray-500"
                    >
                      Agora
                    </td>
                  </tr>
                </tbody>
              </table>
            </div>
          </div>
        </div>
      </div>
    </body>

      55 |     expect(screen.getByText('Lote Enviado')).toBeInTheDocument();
      56 |     expect(screen.getByText('Laudo Recebido')).toBeInTheDocument();
    > 57 |     expect(screen.getByText('001-301125')).toBeInTheDocument();
         |                   ^
      58 |     expect(screen.getByText('002-301125')).toBeInTheDocument();
      59 |   });
      60 |

      at Object.getElementError (node_modules/.pnpm/@testing-library+dom@10.4.1/node_modules/@testing-library/dom/dist/config.js:37:19)
      at node_modules/.pnpm/@testing-library+dom@10.4.1/node_modules/@testing-library/dom/dist/query-helpers.js:76:38
      at node_modules/.pnpm/@testing-library+dom@10.4.1/node_modules/@testing-library/dom/dist/query-helpers.js:52:17
      at node_modules/.pnpm/@testing-library+dom@10.4.1/node_modules/@testing-library/dom/dist/query-helpers.js:95:19
      at Object.getByText (__tests__/components/NotificationsSection.test.tsx:57:19)

RBAC seed applied to test database
PASS __tests__/api/consentimento.test.ts
  ÔùÅ Console

    console.log
      [dotenv@17.2.3] injecting env (0) from .env.test -- tip: ÔÜÖ´©Å  suppress all logs with { quiet: true }

      at _log (node_modules/.pnpm/dotenv@17.2.3/node_modules/dotenv/lib/main.js:142:11)

    console.log
      ­ƒøí´©Å [jest.setup] Removendo DATABASE_URL do ambiente de testes (valor n├úo importa)

      at Object.<anonymous> (__tests__/config/jest.setup.js:125:17)

    console.log
      ­ƒøí´©Å [jest.setup] Prote├º├úo do banco de testes ativada - usando: nr-bps_db_test

      at Object.<anonymous> (__tests__/config/jest.setup.js:150:13)

    console.log
      ­ƒöî [lib/db.ts] Conectado ao banco: nr-bps_db_test @ localhost (ambiente: test)

      at Object.log (lib/db.ts:673:15)

    console.log
      Ô£à Consentimento registrado: {
        avaliacao_id: 1,
        funcionario: '*******8909',
        base_legal: 'consentimento',
        ip: '192.168.1.1',
        registrado_por: '*******8909',
        data: '2026-02-20T15:38:49.907Z'
      }

      at log (app/api/consentimento/route.ts:132:13)

    console.log
      Ô£à Consentimento registrado: {
        avaliacao_id: 1,
        funcionario: '*******8909',
        base_legal: 'contrato',
        ip: undefined,
        registrado_por: '*******4725',
        data: '2026-02-20T15:38:49.926Z'
      }

      at log (app/api/consentimento/route.ts:132:13)

PASS __tests__/middleware/middleware-security.test.ts
  ÔùÅ Console

    console.log
      [dotenv@17.2.3] injecting env (0) from .env.test -- tip: ­ƒöæ add access controls to secrets: https://dotenvx.com/ops

      at _log (node_modules/.pnpm/dotenv@17.2.3/node_modules/dotenv/lib/main.js:142:11)

    console.log
      ­ƒøí´©Å [jest.setup] Removendo DATABASE_URL do ambiente de testes (valor n├úo importa)

      at Object.<anonymous> (__tests__/config/jest.setup.js:125:17)

    console.log
      ­ƒøí´©Å [jest.setup] Prote├º├úo do banco de testes ativada - usando: nr-bps_db_test

      at Object.<anonymous> (__tests__/config/jest.setup.js:150:13)

    console.log
      [DEBUG] middleware using x-mock-session (sensitive route): { pathname: '/api/admin/funcionarios', session: '00000000000' }

      at log (middleware.ts:205:19)

    console.log
      [DEBUG] middleware using x-mock-session (sensitive route): { pathname: '/api/rh/lotes', session: '11111111111' }

      at log (middleware.ts:205:19)

    console.log
      [DEBUG] middleware using x-mock-session (sensitive route): { pathname: '/api/emissor/lotes', session: '33333333333' }

      at log (middleware.ts:205:19)

    console.log
      [DEBUG] middleware using x-mock-session (sensitive route): { pathname: '/api/admin/funcionarios', session: '00000000000' }

      at log (middleware.ts:205:19)

    console.log
      [DEBUG] middleware using x-mock-session (sensitive route): { pathname: '/api/admin/funcionarios', session: '00000000000' }

      at log (middleware.ts:205:19)

    console.log
      [DEBUG] RH Route check: {
        pathname: '/rh',
        sessionPerfil: 'funcionario',
        sessionCpf: '***1111',
        sessionKeys: [ 'cpf', 'perfil', 'nome' ],
        session: { cpf: '***1111', perfil: 'funcionario', nome: 'Funcion├írio' }
      }

      at log (middleware.ts:317:17)

FAIL __tests__/database/role-gestor-entidade.test.ts
  ÔùÅ Console

    console.log
      [dotenv@17.2.3] injecting env (0) from .env.test -- tip: ­ƒøá´©Å  run anywhere with `dotenvx run -- yourcommand`

      at _log (node_modules/.pnpm/dotenv@17.2.3/node_modules/dotenv/lib/main.js:142:11)

    console.log
      ­ƒøí´©Å [jest.setup] Removendo DATABASE_URL do ambiente de testes (valor n├úo importa)

      at Object.<anonymous> (__tests__/config/jest.setup.js:125:17)

    console.log
      ­ƒøí´©Å [jest.setup] Prote├º├úo do banco de testes ativada - usando: nr-bps_db_test

      at Object.<anonymous> (__tests__/config/jest.setup.js:150:13)

    console.log
      ­ƒöî [lib/db.ts] Conectado ao banco: nr-bps_db_test @ localhost (ambiente: test)

      at Object.log (lib/db.ts:673:15)

  ÔùÅ Role gestor - Database Integration ÔÇ║ Migration 206 - Role e Permissions ÔÇ║ deve ter role gestor com ID=5

    expect(received).toHaveLength(expected)

    Expected length: 1
    Received length: 0
    Received array:  []

      22 |       );
      23 |
    > 24 |       expect(result.rows).toHaveLength(1);
         |                           ^
      25 |       expect(result.rows[0]).toMatchObject({
      26 |         id: 5,
      27 |         name: 'gestor',

      at Object.toHaveLength (__tests__/database/role-gestor-entidade.test.ts:24:27)

  ÔùÅ Role gestor - Database Integration ÔÇ║ Migration 206 - Role e Permissions ÔÇ║ deve ter 8 permissions com scope :entidade

    expect(received).toHaveLength(expected)

    Expected length: 8
    Received length: 0
    Received array:  []

      41 |       );
      42 |
    > 43 |       expect(result.rows).toHaveLength(8);
         |                           ^
      44 |
      45 |       const expectedPermissions = [
      46 |         {

      at Object.toHaveLength (__tests__/database/role-gestor-entidade.test.ts:43:27)

  ÔùÅ Role gestor - Database Integration ÔÇ║ Migration 206 - Role e Permissions ÔÇ║ deve ter permissions diferentes de RH (scope :entidade vs :clinica)

    expect(received).toBeGreaterThan(expected)

    Expected: > 0
    Received:   0

       98 |       );
       99 |
    > 100 |       expect(resultGestor.rows.length).toBeGreaterThan(0);
          |                                        ^
      101 |       expect(resultRH.rows.length).toBeGreaterThan(0);
      102 |
      103 |       // Gestor usa :entidade, RH usa :clinica

      at Object.toBeGreaterThan (__tests__/database/role-gestor-entidade.test.ts:100:40)

  ÔùÅ Role gestor - Database Integration ÔÇ║ Migration 207 - Helper Function ÔÇ║ deve ter funcao current_user_tomador_id criada

    expect(received).toHaveLength(expected)

    Expected length: 1
    Received length: 0
    Received array:  []

      116 |       );
      117 |
    > 118 |       expect(result.rows).toHaveLength(1);
          |                           ^
      119 |       expect(result.rows[0]).toMatchObject({
      120 |         proname: 'current_user_tomador_id',
      121 |         return_type: 'integer',

      at Object.toHaveLength (__tests__/database/role-gestor-entidade.test.ts:118:27)

  ÔùÅ Role gestor - Database Integration ÔÇ║ Migration 207 - Helper Function ÔÇ║ deve retornar NULL quando nao ha contexto

    error: fun├º├úo current_user_tomador_id() n├úo existe

      487 |         // No session: just execute the query normally
      488 |         try {
    > 489 |           const result = await client.query(text, params);
          |                          ^
      490 |           const duration = Date.now() - start;
      491 |
      492 |           // Log apenas queries lentas (>500ms)

      at node_modules/.pnpm/pg@8.16.3/node_modules/pg/lib/client.js:545:17
      at query (lib/db.ts:489:26)
      at Object.<anonymous> (__tests__/database/role-gestor-entidade.test.ts:126:22)

  ÔùÅ Role gestor - Database Integration ÔÇ║ Migration 207 - Helper Function ÔÇ║ deve retornar tomador_id quando contexto existe

    error: fun├º├úo current_user_tomador_id() n├úo existe

      487 |         // No session: just execute the query normally
      488 |         try {
    > 489 |           const result = await client.query(text, params);
          |                          ^
      490 |           const duration = Date.now() - start;
      491 |
      492 |           // Log apenas queries lentas (>500ms)

      at node_modules/.pnpm/pg@8.16.3/node_modules/pg/lib/client.js:545:17
      at query (lib/db.ts:489:26)
      at Object.<anonymous> (__tests__/database/role-gestor-entidade.test.ts:136:22)

  ÔùÅ Role gestor - Database Integration ÔÇ║ Migration 208 - Sincronizacao com Neon ÔÇ║ deve ter tabela audit_access_denied

    error: transa├º├úo atual foi interrompida, comandos ignorados at├® o fim do bloco de transa├º├úo

      487 |         // No session: just execute the query normally
      488 |         try {
    > 489 |           const result = await client.query(text, params);
          |                          ^
      490 |           const duration = Date.now() - start;
      491 |
      492 |           // Log apenas queries lentas (>500ms)

      at node_modules/.pnpm/pg@8.16.3/node_modules/pg/lib/client.js:545:17
      at query (lib/db.ts:489:26)
      at Object.<anonymous> (__tests__/database/role-gestor-entidade.test.ts:147:22)

  ÔùÅ Role gestor - Database Integration ÔÇ║ Migration 208 - Sincronizacao com Neon ÔÇ║ deve ter tabela laudo_arquivos_remotos

    error: transa├º├úo atual foi interrompida, comandos ignorados at├® o fim do bloco de transa├º├úo

      487 |         // No session: just execute the query normally
      488 |         try {
    > 489 |           const result = await client.query(text, params);
          |                          ^
      490 |           const duration = Date.now() - start;
      491 |
      492 |           // Log apenas queries lentas (>500ms)

      at node_modules/.pnpm/pg@8.16.3/node_modules/pg/lib/client.js:545:17
      at query (lib/db.ts:489:26)
      at Object.<anonymous> (__tests__/database/role-gestor-entidade.test.ts:159:22)

  ÔùÅ Role gestor - Database Integration ÔÇ║ Migration 208 - Sincronizacao com Neon ÔÇ║ deve ter tabela laudo_downloads

    error: transa├º├úo atual foi interrompida, comandos ignorados at├® o fim do bloco de transa├º├úo

      487 |         // No session: just execute the query normally
      488 |         try {
    > 489 |           const result = await client.query(text, params);
          |                          ^
      490 |           const duration = Date.now() - start;
      491 |
      492 |           // Log apenas queries lentas (>500ms)

      at node_modules/.pnpm/pg@8.16.3/node_modules/pg/lib/client.js:545:17
      at query (lib/db.ts:489:26)
      at Object.<anonymous> (__tests__/database/role-gestor-entidade.test.ts:171:22)

  ÔùÅ Role gestor - Database Integration ÔÇ║ Migration 208 - Sincronizacao com Neon ÔÇ║ deve ter tabela fila_emissao

    error: transa├º├úo atual foi interrompida, comandos ignorados at├® o fim do bloco de transa├º├úo

      487 |         // No session: just execute the query normally
      488 |         try {
    > 489 |           const result = await client.query(text, params);
          |                          ^
      490 |           const duration = Date.now() - start;
      491 |
      492 |           // Log apenas queries lentas (>500ms)

      at node_modules/.pnpm/pg@8.16.3/node_modules/pg/lib/client.js:545:17
      at query (lib/db.ts:489:26)
      at Object.<anonymous> (__tests__/database/role-gestor-entidade.test.ts:183:22)

  ÔùÅ Role gestor - Database Integration ÔÇ║ Migration 208 - Sincronizacao com Neon ÔÇ║ deve ter tabela lote_id_allocator

    error: transa├º├úo atual foi interrompida, comandos ignorados at├® o fim do bloco de transa├º├úo

      487 |         // No session: just execute the query normally
      488 |         try {
    > 489 |           const result = await client.query(text, params);
          |                          ^
      490 |           const duration = Date.now() - start;
      491 |
      492 |           // Log apenas queries lentas (>500ms)

      at node_modules/.pnpm/pg@8.16.3/node_modules/pg/lib/client.js:545:17
      at query (lib/db.ts:489:26)
      at Object.<anonymous> (__tests__/database/role-gestor-entidade.test.ts:196:22)

  ÔùÅ Role gestor - Database Integration ÔÇ║ Migration 208 - Sincronizacao com Neon ÔÇ║ deve ter permissions manage:rh e manage:admins

    error: transa├º├úo atual foi interrompida, comandos ignorados at├® o fim do bloco de transa├º├úo

      487 |         // No session: just execute the query normally
      488 |         try {
    > 489 |           const result = await client.query(text, params);
          |                          ^
      490 |           const duration = Date.now() - start;
      491 |
      492 |           // Log apenas queries lentas (>500ms)

      at node_modules/.pnpm/pg@8.16.3/node_modules/pg/lib/client.js:545:17
      at query (lib/db.ts:489:26)
      at Object.<anonymous> (__tests__/database/role-gestor-entidade.test.ts:219:22)

  ÔùÅ Role gestor - Database Integration ÔÇ║ Estrutura de Roles - Validacao Completa ÔÇ║ deve ter exatamente 5 roles

    error: transa├º├úo atual foi interrompida, comandos ignorados at├® o fim do bloco de transa├º├úo

      487 |         // No session: just execute the query normally
      488 |         try {
    > 489 |           const result = await client.query(text, params);
          |                          ^
      490 |           const duration = Date.now() - start;
      491 |
      492 |           // Log apenas queries lentas (>500ms)

      at node_modules/.pnpm/pg@8.16.3/node_modules/pg/lib/client.js:545:17
      at query (lib/db.ts:489:26)
      at Object.<anonymous> (__tests__/database/role-gestor-entidade.test.ts:238:22)

  ÔùÅ Role gestor - Database Integration ÔÇ║ Estrutura de Roles - Validacao Completa ÔÇ║ deve ter estrutura de roles consistente

    error: transa├º├úo atual foi interrompida, comandos ignorados at├® o fim do bloco de transa├º├úo

      487 |         // No session: just execute the query normally
      488 |         try {
    > 489 |           const result = await client.query(text, params);
          |                          ^
      490 |           const duration = Date.now() - start;
      491 |
      492 |           // Log apenas queries lentas (>500ms)

      at node_modules/.pnpm/pg@8.16.3/node_modules/pg/lib/client.js:545:17
      at query (lib/db.ts:489:26)
      at Object.<anonymous> (__tests__/database/role-gestor-entidade.test.ts:251:22)

  ÔùÅ Role gestor - Database Integration ÔÇ║ Validacao de Funcionario Real ÔÇ║ deve permitir funcionario com perfil gestor e tomador_id

    error: transa├º├úo atual foi interrompida, comandos ignorados at├® o fim do bloco de transa├º├úo

      487 |         // No session: just execute the query normally
      488 |         try {
    > 489 |           const result = await client.query(text, params);
          |                          ^
      490 |           const duration = Date.now() - start;
      491 |
      492 |           // Log apenas queries lentas (>500ms)

      at node_modules/.pnpm/pg@8.16.3/node_modules/pg/lib/client.js:545:17
      at query (lib/db.ts:489:26)
      at Object.<anonymous> (__tests__/database/role-gestor-entidade.test.ts:265:22)

FAIL __tests__/api/admin/clinicas.test.ts
  ÔùÅ Console

    console.log
      [dotenv@17.2.3] injecting env (0) from .env.test -- tip: ÔÜÖ´©Å  suppress all logs with { quiet: true }

      at _log (node_modules/.pnpm/dotenv@17.2.3/node_modules/dotenv/lib/main.js:142:11)

    console.log
      ­ƒøí´©Å [jest.setup] Removendo DATABASE_URL do ambiente de testes (valor n├úo importa)

      at Object.<anonymous> (__tests__/config/jest.setup.js:125:17)

    console.log
      ­ƒøí´©Å [jest.setup] Prote├º├úo do banco de testes ativada - usando: nr-bps_db_test

      at Object.<anonymous> (__tests__/config/jest.setup.js:150:13)

    console.log
      ­ƒöî [lib/db.ts] Conectado ao banco: nr-bps_db_test @ localhost (ambiente: test)

      at Object.log (lib/db.ts:673:15)

  ÔùÅ /api/admin/clinicas ÔÇ║ GET ÔÇ║ deve retornar lista de cl├¡nicas para admin

    expect(jest.fn()).toHaveBeenCalledWith(...expected)

    - Expected
    + Received

    - StringContaining "FROM tomadors",
    + "SELECT 
             id, nome, cnpj, email, telefone, endereco,
             cidade, estado, ativa,
             responsavel_nome, responsavel_cpf, responsavel_email,
             TO_CHAR(criado_em, 'YYYY-MM-DD HH24:MI:SS') as criado_em
           FROM clinicas
           ORDER BY criado_em DESC",
      [],
      {"cpf": "12345678901", "nome": "Admin Teste", "perfil": "admin"},

    Number of calls: 1

      57 |       expect(data[0].nome).toBe('Cl├¡nica Teste');
      58 |       expect(mockRequireRole).toHaveBeenCalledWith('admin');
    > 59 |       expect(mockQuery).toHaveBeenCalledWith(
         |                         ^
      60 |         expect.stringContaining('FROM tomadors'),
      61 |         [],
      62 |         mockSession

      at Object.toHaveBeenCalledWith (__tests__/api/admin/clinicas.test.ts:59:25)

  ÔùÅ /api/admin/clinicas ÔÇ║ POST ÔÇ║ deve criar cl├¡nica com sucesso sem gestor RH

    expect(received).toBe(expected) // Object.is equality

    Expected: 201
    Received: 500

      127 |       const data = await response.json();
      128 |
    > 129 |       expect(response.status).toBe(201);
          |                               ^
      130 |       expect(data.success).toBe(true);
      131 |       expect(data.clinica.nome).toBe('Nova Cl├¡nica');
      132 |       expect(data.proximo_passo).toBeDefined();

      at Object.toBe (__tests__/api/admin/clinicas.test.ts:129:31)

  ÔùÅ /api/admin/clinicas ÔÇ║ POST ÔÇ║ deve ignorar par├ómetro RH durante cadastro de cl├¡nica

    expect(received).toBe(expected) // Object.is equality

    Expected: 201
    Received: 500

      187 |
      188 |       // RH ser├í IGNORADO, cl├¡nica ser├í criada normalmente
    > 189 |       expect(response.status).toBe(201);
          |                               ^
      190 |       expect(data.success).toBe(true);
      191 |       expect(data.clinica.nome).toBe('Nova Cl├¡nica');
      192 |       expect(data.rh).toBeUndefined();

      at Object.toBe (__tests__/api/admin/clinicas.test.ts:189:31)

  ÔùÅ /api/admin/clinicas ÔÇ║ POST ÔÇ║ deve rejeitar gestor RH inv├ílido (par├ómetro ignorado, apenas valida├º├úo de cl├¡nica)

    expect(received).toBe(expected) // Object.is equality

    Expected: 400
    Received: 409

      255 |       // Requisi├º├úo ├® processada, RH ├® ignorado
      256 |       // Continuar├í como antes se cl├¡nica for v├ílida
    > 257 |       expect(response.status).toBe(400); // Falha por rejei├º├úo de permiss├úo ou outra valida├º├úo
          |                               ^
      258 |     });
      259 |
      260 |     it('deve rejeitar CNPJ duplicado', async () => {

      at Object.toBe (__tests__/api/admin/clinicas.test.ts:257:31)

RBAC seed applied to test database
RBAC seed applied to test database
FAIL __tests__/rh/empresa-dashboard-desligamentos.test.tsx
  ÔùÅ Test suite failed to run

    Configuration error:

    Could not locate module @/components/RelatorioSetor mapped as:
    C:\apps\QWork\$1.

    Please check your configuration for these entries:
    {
      "moduleNameMapper": {
        "/^@\/(.*)$/": "C:\apps\QWork\$1"
      },
      "resolver": undefined
    }

      43 | })
      44 |
    > 45 | jest.mock('@/components/RelatorioSetor', () => {
         |      ^
      46 |   return function MockRelatorioSetor({ onClose }: { onClose: () => void }) {
      47 |     return <div data-testid="relatorio-setor">Relat├│rio por Setor</div>
      48 |   }

      at createNoMappedModuleFoundError (node_modules/.pnpm/jest-resolve@30.2.0/node_modules/jest-resolve/build/index.js:1117:17)
      at Object.mock (__tests__/rh/empresa-dashboard-desligamentos.test.tsx:45:6)

RBAC seed applied to test database
RBAC seed applied to test database
RBAC seed applied to test database
RBAC seed applied to test database
FAIL __tests__/rh/rh-download-sem-geracao.unit.test.ts
  ÔùÅ Console

    console.log
      [dotenv@17.2.3] injecting env (0) from .env.test -- tip: ­ƒøá´©Å  run anywhere with `dotenvx run -- yourcommand`

      at _log (node_modules/.pnpm/dotenv@17.2.3/node_modules/dotenv/lib/main.js:142:11)

    console.log
      ­ƒøí´©Å [jest.setup] Removendo DATABASE_URL do ambiente de testes (valor n├úo importa)

      at Object.<anonymous> (__tests__/config/jest.setup.js:125:17)

    console.log
      ­ƒøí´©Å [jest.setup] Prote├º├úo do banco de testes ativada - usando: nr-bps_db_test

      at Object.<anonymous> (__tests__/config/jest.setup.js:150:13)

  ÔùÅ Endpoint RH Download - Apenas Download, Sem Gera├º├úo ÔÇ║ Regra de Neg├│cio: RH n├úo gera PDFs ÔÇ║ c├│digo n├úo deve ter imports de puppeteer

    expect(received).not.toContain(expected) // indexOf

    Matcher error: received value must not be null nor undefined

    Received has value: undefined

      45 |       );
      46 |
    > 47 |       expect(routeCode).not.toContain('puppeteer');
         |                             ^
      48 |       expect(routeCode).not.toContain('getPuppeteerInstance');
      49 |       expect(routeCode).not.toContain('browser.launch');
      50 |     });

      at Object.toContain (__tests__/rh/rh-download-sem-geracao.unit.test.ts:47:29)

  ÔùÅ Endpoint RH Download - Apenas Download, Sem Gera├º├úo ÔÇ║ Query SQL: Campo status presente ÔÇ║ deve selecionar l.status na query

    TypeError: expect(received).toMatch(expected)

    Matcher error: received value must be a string

    Received has value: undefined

      94 |       );
      95 |
    > 96 |       expect(routeCode).toMatch(/SELECT[\s\S]*l\.status[\s\S]*FROM laudos l/);
         |                         ^
      97 |     });
      98 |
      99 |     it('deve logar status do laudo corretamente', () => {

      at Object.toMatch (__tests__/rh/rh-download-sem-geracao.unit.test.ts:96:25)

  ÔùÅ Endpoint RH Download - Apenas Download, Sem Gera├º├úo ÔÇ║ Query SQL: Campo status presente ÔÇ║ deve logar status do laudo corretamente

    expect(received).toContain(expected) // indexOf

    Matcher error: received value must not be null nor undefined

    Received has value: undefined

      106 |       );
      107 |
    > 108 |       expect(routeCode).toContain('status=${laudo.status}');
          |                         ^
      109 |     });
      110 |   });
      111 |

      at Object.toContain (__tests__/rh/rh-download-sem-geracao.unit.test.ts:108:25)

  ÔùÅ Endpoint RH Download - Apenas Download, Sem Gera├º├úo ÔÇ║ Logs de Debug: Rastreamento de busca de arquivos ÔÇ║ deve ter logs de busca de candidateNames

    expect(received).toContain(expected) // indexOf

    Matcher error: received value must not be null nor undefined

    Received has value: undefined

      123 |       );
      124 |
    > 125 |       expect(routeCode).toContain('[DEBUG] Buscando arquivos para laudo');
          |                         ^
      126 |       expect(routeCode).toContain('[DEBUG] Storage dir:');
      127 |       expect(routeCode).toContain('[DEBUG] Tentando:');
      128 |       expect(routeCode).toContain('[SUCCESS] Arquivo encontrado');

      at Object.toContain (__tests__/rh/rh-download-sem-geracao.unit.test.ts:125:25)

  ÔùÅ Endpoint RH Download - Apenas Download, Sem Gera├º├úo ÔÇ║ Logs de Debug: Rastreamento de busca de arquivos ÔÇ║ deve listar arquivos em storage para debug

    expect(received).toContain(expected) // indexOf

    Matcher error: received value must not be null nor undefined

    Received has value: undefined

      138 |       );
      139 |
    > 140 |       expect(routeCode).toContain('fs.readdirSync(storageDir)');
          |                         ^
      141 |       expect(routeCode).toContain('[DEBUG] Arquivos em storage:');
      142 |     });
      143 |   });

      at Object.toContain (__tests__/rh/rh-download-sem-geracao.unit.test.ts:140:25)

  ÔùÅ Endpoint RH Download - Apenas Download, Sem Gera├º├úo ÔÇ║ Busca de Arquivos: M├║ltiplos nomes candidatos ÔÇ║ deve buscar por laudo-{id}.pdf

    expect(received).toContain(expected) // indexOf

    Matcher error: received value must not be null nor undefined

    Received has value: undefined

      156 |       );
      157 |
    > 158 |       expect(routeCode).toContain('laudo-${laudo.id}.pdf');
          |                         ^
      159 |     });
      160 |
      161 |     it('deve buscar por laudo-{codigo}.pdf se codigo existir', () => {

      at Object.toContain (__tests__/rh/rh-download-sem-geracao.unit.test.ts:158:25)

  ÔùÅ Endpoint RH Download - Apenas Download, Sem Gera├º├úo ÔÇ║ Busca de Arquivos: M├║ltiplos nomes candidatos ÔÇ║ deve buscar por laudo-{codigo}.pdf se codigo existir

    expect(received).toContain(expected) // indexOf

    Matcher error: received value must not be null nor undefined

    Received has value: undefined

      168 |       );
      169 |
    > 170 |       expect(routeCode).toContain('laudo-${laudo.id}.pdf');
          |                         ^
      171 |     });
      172 |
      173 |     it('deve buscar por laudo-{lote_id}.pdf', () => {

      at Object.toContain (__tests__/rh/rh-download-sem-geracao.unit.test.ts:170:25)

  ÔùÅ Endpoint RH Download - Apenas Download, Sem Gera├º├úo ÔÇ║ Busca de Arquivos: M├║ltiplos nomes candidatos ÔÇ║ deve buscar por laudo-{lote_id}.pdf

    expect(received).toContain(expected) // indexOf

    Matcher error: received value must not be null nor undefined

    Received has value: undefined

      180 |       );
      181 |
    > 182 |       expect(routeCode).toContain('laudo-${laudo.lote_id}.pdf');
          |                         ^
      183 |     });
      184 |   });
      185 |

      at Object.toContain (__tests__/rh/rh-download-sem-geracao.unit.test.ts:182:25)

  ÔùÅ Endpoint RH Download - Apenas Download, Sem Gera├º├úo ÔÇ║ Seguran├ºa: Valida├º├úo de acesso por perfil ÔÇ║ deve permitir acesso para RH e emissor

    expect(received).toContain(expected) // indexOf

    Matcher error: received value must not be null nor undefined

    Received has value: undefined

      197 |       );
      198 |
    > 199 |       expect(routeCode).toContain("session.perfil !== 'rh'");
          |                         ^
      200 |       expect(routeCode).toContain("session.perfil !== 'emissor'");
      201 |     });
      202 |

      at Object.toContain (__tests__/rh/rh-download-sem-geracao.unit.test.ts:199:25)

  ÔùÅ Endpoint RH Download - Apenas Download, Sem Gera├º├úo ÔÇ║ Seguran├ºa: Valida├º├úo de acesso por perfil ÔÇ║ deve validar acesso ├á empresa para RH

    expect(received).toContain(expected) // indexOf

    Matcher error: received value must not be null nor undefined

    Received has value: undefined

      210 |       );
      211 |
    > 212 |       expect(routeCode).toContain('requireRHWithEmpresaAccess');
          |                         ^
      213 |     });
      214 |   });
      215 |

      at Object.toContain (__tests__/rh/rh-download-sem-geracao.unit.test.ts:212:25)

  ÔùÅ Endpoint RH Download - Apenas Download, Sem Gera├º├úo ÔÇ║ Download: Retorno correto de PDF ÔÇ║ deve logar sucesso com tamanho do arquivo

    expect(received).toContain(expected) // indexOf

    Expected value:  "[SUCCESS] Arquivo encontrado"
    Received object: {"data": [80, 68, 70, 95, 68, 65, 84, 65], "type": "Buffer"}

      242 |       );
      243 |
    > 244 |       expect(routeCode).toContain('[SUCCESS] Arquivo encontrado');
          |                         ^
      245 |       expect(routeCode).toContain('bytes');
      246 |     });
      247 |   });

      at Object.toContain (__tests__/rh/rh-download-sem-geracao.unit.test.ts:244:25)

  ÔùÅ Endpoint RH Download - Apenas Download, Sem Gera├º├úo ÔÇ║ Erros: Mensagens claras e apropriadas ÔÇ║ deve ter mensagem clara quando arquivo n├úo existe

    expect(received).toContain(expected) // indexOf

    Expected value:  "Arquivo do laudo n├úo encontrado"
    Received object: {"data": [80, 68, 70, 95, 68, 65, 84, 65], "type": "Buffer"}

      260 |       );
      261 |
    > 262 |       expect(routeCode).toContain('Arquivo do laudo n├úo encontrado');
          |                         ^
      263 |       expect(routeCode).toContain('deve ser emitido pelo emissor');
      264 |     });
      265 |

      at Object.toContain (__tests__/rh/rh-download-sem-geracao.unit.test.ts:262:25)

  ÔùÅ Endpoint RH Download - Apenas Download, Sem Gera├º├úo ÔÇ║ Erros: Mensagens claras e apropriadas ÔÇ║ deve logar warning quando arquivo n├úo encontrado

    expect(received).toContain(expected) // indexOf

    Expected value:  "[WARN] Arquivo do laudo"
    Received object: {"data": [80, 68, 70, 95, 68, 65, 84, 65], "type": "Buffer"}

      273 |       );
      274 |
    > 275 |       expect(routeCode).toContain('[WARN] Arquivo do laudo');
          |                         ^
      276 |       expect(routeCode).toContain('n├úo encontrado em nenhum storage');
      277 |     });
      278 |   });

      at Object.toContain (__tests__/rh/rh-download-sem-geracao.unit.test.ts:275:25)

FAIL __tests__/integration/imutabilidade-laudo.test.ts
  ÔùÅ Test suite failed to run


      x Unterminated block comment
         ,-[C:\apps\QWork\__tests__\integration\imutabilidade-laudo.test.ts:1:1]
       1 | ,-> /**
       2 | |    * Teste de imutabilidade de laudos ap├│s emiss├úo
       3 | |    *
       4 | |    * Princ├¡pio fundamental: Um laudo s├│ pode ser marcado como 'emitido'
       5 | |    * DEPOIS que o PDF f├¡sico foi gerado e persistido.
       6 | |    *
       7 | |    * Constraints validadas:
       8 | |    * - chk_laudos_hash_when_emitido: hash_pdf obrigat├│rio quando status='emitido'
       9 | |    * - chk_laudos_emitido_em_when_emitido: emitido_em obrigat├│rio quando status='emitido'
      10 | |    * - chk_laudos_emissor_when_emitido: emissor_cpf obrigat├│rio quando status='emitido'
      11 | |    * - laudos_id_equals_lote_id: garante rela├º├úo 1:1 (laudo.id = lote_id)
      12 | |    * - Trigger fn_validar_laudo_emitido: previne altera├º├úo de hash ap├│s emiss├úo
      13 | |    *
      14 | |    * IMPORTANTE: Trigger apenas reserva ID do laudo = ID do lote
      15 | |     let empresaId: number;
      16 | |     let loteId: number;
      17 | |     let funcionarioCpf: string;
      18 | |     let emissorCpf: string;
      19 | |     const storageDir = path.join(process.cwd(), 'storage', 'laudos');
      20 | |   
      21 | |     beforeAll(async () => {
      22 | |       // Desabilitar triggers temporariamente para setup r├ípido
      23 | |       await query(`SET session_replication_role = 'replica'`);
      24 | |   
      25 | |       // Criar entidades de teste
      26 | |       const timestamp = Date.now();
      27 | |       const clinicaResult = await query(
      28 | |         `INSERT INTO clinicas (nome, cnpj, email, ativa) 
      29 | |          VALUES ($1, $2, $3, true) 
      30 | |          RETURNING id`,
      31 | |         [
      32 | |           `Cl├¡nica Imut ${timestamp}`,
      33 | |           `${timestamp.toString().slice(-14)}`,
      34 | |           `imut${timestamp}@test.com`,
      35 | |         ]
      36 | |       );
      37 | |       clinicaId = clinicaResult.rows[0].id;
      38 | |   
      39 | |       const empresaResult = await query(
      40 | |         `INSERT INTO empresas_clientes (nome, cnpj, email, clinica_id, ativa) 
      41 | |          VALUES ($1, $2, $3, $4, true) 
      42 | |          RETURNING id`,
      43 | |         [
      44 | |           `Empresa Imut ${timestamp}`,
      45 | |           `${(timestamp + 1).toString().slice(-14)}`,
      46 | |           `empresa${timestamp}@test.com`,
      47 | |           clinicaId,
      48 | |         ]
      49 | |       );
      50 | |       empresaId = empresaResult.rows[0].id;
      51 | |   
      52 | |       funcionarioCpf = String(Math.floor(Math.random() * 100000000000)).padStart(
      53 | |         11,
      54 | |         '0'
      55 | |       );
      56 | |   
      57 | |       await query(
      58 | |         `INSERT INTO funcionarios (cpf, nome, empresa_id) 
      59 | |          VALUES ($1, 'Funcion├írio Imutabilidade', $2)`,
      60 | |         [funcionarioCpf, empresaId]
      61 | |       );
      62 | |   
      63 | |       emissorCpf = '53051173991';
      64 | |   
      65 | |       if (!fs.existsSync(storageDir)) {
      66 | |         fs.mkdirSync(storageDir, { recursive: true });
      67 | |       }
      68 | |   
      69 | |       // Reabilitar triggers para os testes
      70 | |       await query(`SET session_replication_role = 'origin'`);
      71 | |     });
      72 | |   
      73 | |     afterAll(async () => {
      74 | |       if (loteId) {
      75 | |         await query('DELETE FROM avaliacoes WHERE lote_id = $1', [loteId]);
      76 | |         await query('DELETE FROM laudos WHERE id = $1', [loteId]);
      77 | |         await query('DELETE FROM lotes_avaliacao WHERE id = $1', [loteId]);
      78 | |       }
      79 | |       if (funcionarioCpf) {
      80 | |         await query('DELETE FROM funcionarios WHERE cpf = $1', [funcionarioCpf]);
      81 | |       }
      82 | |       if (empresaId) {
      83 | |         await query('DELETE FROM empresas_clientes WHERE id = $1', [empresaId]);
      84 | |       }
      85 | |       if (clinicaId) {
      86 | |         await query('DELETE FROM clinicas WHERE id = $1', [clinicaId]);
      87 | |       }
      88 | |     });
      89 | |   
      90 | |     beforeEach(async () => {
      91 | |       // Criar novo lote para cada teste
      92 | |       const maxOrdemResult = await query(
      93 | |         `SELECT COALESCE(MAX(numero_ordem), 0) as max_ordem 
      94 | |          FROM lotes_avaliacao 
      95 | |          WHERE empresa_id = $1`,
      96 | |         [empresaId]
      97 | |       );
      98 | |       const numeroOrdem = maxOrdemResult.rows[0].max_ordem + 1;
      99 | |   
     100 | |       const loteResult = await query(
     101 | |         `INSERT INTO lotes_avaliacao 
     102 | |          (empresa_id, clinica_id, tipo, status, numero_ordem, liberado_por) 
     103 | |          VALUES ($1, $2, 'completo', 'ativo', $3, $4) 
     104 | |          RETURNING id`,
     105 | |         [empresaId, clinicaId, numeroOrdem, emissorCpf]
     106 | |       );
     107 | |       loteId = loteResult.rows[0].id;
     108 | |   
     109 | |       // Criar avalia├º├úo conclu├¡da
     110 | |       await query(`SET LOCAL app.current_user_cpf = $1`, [funcionarioCpf]);
     111 | |       await query(
     112 | |         `INSERT INTO avaliacoes (lote_id, funcionario_cpf, status, inicio, envio) 
     113 | |          VALUES ($1, $2, 'concluido', NOW(), NOW())`,
     114 | |         [loteId, funcionarioCpf]
     115 | |       );
     116 | |       await query(`RESET app.current_user_cpf`);
     117 | |     });
     118 | |   
     119 | |     describe('Constraints de integridade', () => {
     120 | |       it('n├úo deve permitir status="emitido" sem hash_pdf', async () => {
     121 | |         await expect(
     122 | |           query(
     123 | |             `INSERT INTO laudos (id, status, emitido_em, emissor_cpf) 
     124 | |              VALUES ($1, 'emitido', NOW(), $2)
     125 | |              ON CONFLICT (id) DO UPDATE SET status = 'emitido', hash_pdf = NULL`,
     126 | |             [loteId, emissorCpf]
     127 | |           )
     128 | |         ).rejects.toThrow(/chk_laudos_hash_when_emitido/);
     129 | |       });
     130 | |   
     131 | |       it('n├úo deve permitir status="emitido" sem emitido_em', async () => {
     132 | |         await expect(
     133 | |           query(
     134 | |             `INSERT INTO laudos (id, status, hash_pdf, emissor_cpf) 
     135 | |              VALUES ($1, 'emitido', 'fake-hash', $2)
     136 | |              ON CONFLICT (id) DO UPDATE SET status = 'emitido', emitido_em = NULL`,
     137 | |             [loteId, emissorCpf]
     138 | |           )
     139 | |         ).rejects.toThrow(/chk_laudos_emitido_em_when_emitido/);
     140 | |       });
     141 | |   
     142 | |       it('n├úo deve permitir status="emitido" sem emissor_cpf', async () => {
     143 | |         await expect(
     144 | |           query(
     145 | |             `INSERT INTO laudos (id, status, hash_pdf, emitido_em) 
     146 | |              VALUES ($1, 'emitido', 'fake-hash', NOW())
     147 | |              ON CONFLICT (id) DO UPDATE SET status = 'emitido', emissor_cpf = NULL`,
     148 | |             [loteId]
     149 | |           )
     150 | |         ).rejects.toThrow(/chk_laudos_emissor_when_emitido/);
     151 | |       });
     152 | |     });
     153 | |   
     154 | |     describe('Trigger de valida├º├úo', () => {
     155 | |       let laudoId: number;
     156 | |   
     157 | |       beforeEach(async () => {
     158 | |         // Gerar laudo v├ílido
     159 | |         laudoId = await gerarLaudoCompletoEmitirPDF(loteId, emissorCpf);
     160 | |       });
     161 | |   
     162 | |       it('n├úo deve permitir alterar hash_pdf ap├│s emiss├úo', async () => {
     163 | |         await expect(
     164 | |           query(
     165 | |             `UPDATE laudos SET hash_pdf = 'novo-hash-invalido' WHERE id = $1`,
     166 | |             [laudoId]
     167 | |           )
     168 | |         ).rejects.toThrow(/hash_pdf n├úo pode ser alterado ap├│s emiss├úo/);
     169 | |       });
     170 | |   
     171 | |       it('n├úo deve permitir reverter status de "emitido" para "rascunho"', async () => {
     172 | |         await expect(
     173 | |           query(`UPDATE laudos SET status = 'rascunho' WHERE id = $1`, [laudoId])
     174 | |         ).rejects.toThrow(/n├úo pode voltar de 'emitido' para 'rascunho'/);
     175 | |       });
     176 | |   
     177 | |       it('deve permitir atualizar campos n├úo cr├¡ticos', async () => {
     178 | |         await query(
     179 | |           `UPDATE laudos SET observacoes = 'Observa├º├úo de teste' WHERE id = $1`,
     180 | |           [laudoId]
     181 | |         );
     182 | |   
     183 | |         const check = await query(
     184 | |           `SELECT observacoes FROM laudos WHERE id = $1`,
     185 | |           [laudoId]
     186 | |         );
     187 | |   
     188 | |         expect(check.rows[0].observacoes).toBe('Observa├º├úo de teste');
     189 | |       });
     190 | |     });
     191 | |   
     192 | |     describe('Gera├º├úo correta de PDF', () => {
     193 | |       it('deve criar arquivo PDF antes de marcar como emitido', async () => {
     194 | |         const laudoId = await gerarLaudoCompletoEmitirPDF(loteId, emissorCpf);
     195 | |   
     196 | |         // Verificar que PDF existe
     197 | |         const pdfPath = path.join(storageDir, `laudo-${laudoId}.pdf`);
     198 | |         expect(fs.existsSync(pdfPath)).toBe(true);
     199 | |   
     200 | |         // Verificar que hash corresponde ao arquivo
     201 | |         const pdfBuffer = fs.readFileSync(pdfPath);
     202 | |         const calculatedHash = crypto
     203 | |           .createHash('sha256')
     204 | |           .update(pdfBuffer)
     205 | |           .digest('hex');
     206 | |   
     207 | |         const laudoCheck = await query(
     208 | |           `SELECT hash_pdf, status FROM laudos WHERE id = $1`,
     209 | |           [laudoId]
     210 | |         );
     211 | |   
     212 | |         expect(laudoCheck.rows[0].status).toBe('emitido');
     213 | |         expect(laudoCheck.rows[0].hash_pdf).toBe(calculatedHash);
     214 | |       });
     215 | |   
     216 | |       it('deve criar metadata JSON junto com PDF', async () => {
     217 | |         const laudoId = await gerarLaudoCompletoEmitirPDF(loteId, emissorCpf);
     218 | |   
     219 | |         const metadataPath = path.join(storageDir, `laudo-${laudoId}.json`);
     220 | |         expect(fs.existsSync(metadataPath)).toBe(true);
     221 | |   
     222 | |         const metadata = JSON.parse(fs.readFileSync(metadataPath, 'utf-8'));
     223 | |         expect(metadata.laudoId).toBe(laudoId);
     224 | |         expect(metadata.loteId).toBe(loteId);
     225 | |         expect(metadata.hash).toBeTruthy();
     226 | |       });
     227 | |     });
     228 | |   
     229 | |     describe('Rollback em caso de erro', () => {
     230 | |       it('deve fazer rollback se falhar ao salvar arquivo', async () => {
     231 | |         // Este teste seria implementado mockando fs.writeFileSync para falhar
     232 | |         // Por simplicidade, apenas validamos que o laudo n├úo fica em estado inconsistente
     233 | |   
     234 | |         const beforeCount = await query(
     235 | |           `SELECT COUNT(*) as count FROM laudos WHERE status = 'emitido'`,
     236 | |           []
     237 | |         );
     238 | |   
     239 | |         // Tentar gerar laudo (se falhar, deve fazer rollback)
     240 | |         try {
     241 | |           await gerarLaudoCompletoEmitirPDF(loteId, emissorCpf);
     242 | |         } catch (error) {
     243 | |           // Se houve erro, n├úo deve ter criado laudo 'emitido' sem PDF
     244 | |           const afterCount = await query(
     245 | |             `SELECT COUNT(*) as count FROM laudos WHERE status = 'emitido'`,
     246 | |             []
     247 | |           );
     248 | |   
     249 | |           expect(afterCount.rows[0].count).toBe(beforeCount.rows[0].count);
     250 | |         }
     251 | |       });
     252 | |     });
     253 | `-> });
         `----


    Caused by:
        Syntax Error

      at Object.transformSync (node_modules/.pnpm/next@14.2.33_@babel+core@7._7ed58a22f15b2f2041835ab71b63c437/node_modules/next/src/build/swc/index.ts:1433:25)
      at transformSync (node_modules/.pnpm/next@14.2.33_@babel+core@7._7ed58a22f15b2f2041835ab71b63c437/node_modules/next/src/build/swc/index.ts:1550:19)
      at Object.process (node_modules/.pnpm/next@14.2.33_@babel+core@7._7ed58a22f15b2f2041835ab71b63c437/node_modules/next/src/build/swc/jest-transformer.ts:104:25)
      at ScriptTransformer.transformSource (node_modules/.pnpm/@jest+transform@30.2.0/node_modules/@jest/transform/build/index.js:422:31)
      at ScriptTransformer._transformAndBuildScript (node_modules/.pnpm/@jest+transform@30.2.0/node_modules/@jest/transform/build/index.js:519:40)
      at ScriptTransformer.transform (node_modules/.pnpm/@jest+transform@30.2.0/node_modules/@jest/transform/build/index.js:558:19)

PASS __tests__/auth/password-generator-data-invalida.test.ts
  ÔùÅ Console

    console.log
      [dotenv@17.2.3] injecting env (0) from .env.test -- tip: ­ƒùé´©Å backup and recover secrets: https://dotenvx.com/ops

      at _log (node_modules/.pnpm/dotenv@17.2.3/node_modules/dotenv/lib/main.js:142:11)

    console.log
      ­ƒøí´©Å [jest.setup] Removendo DATABASE_URL do ambiente de testes (valor n├úo importa)

      at Object.<anonymous> (__tests__/config/jest.setup.js:125:17)

    console.log
      ­ƒøí´©Å [jest.setup] Prote├º├úo do banco de testes ativada - usando: nr-bps_db_test

      at Object.<anonymous> (__tests__/config/jest.setup.js:150:13)

FAIL __tests__/api/avaliacao/respostas.test.ts
  ÔùÅ Console

    console.log
      [dotenv@17.2.3] injecting env (0) from .env.test -- tip: ­ƒöÉ encrypt with Dotenvx: https://dotenvx.com

      at _log (node_modules/.pnpm/dotenv@17.2.3/node_modules/dotenv/lib/main.js:142:11)

    console.log
      ­ƒøí´©Å [jest.setup] Removendo DATABASE_URL do ambiente de testes (valor n├úo importa)

      at Object.<anonymous> (__tests__/config/jest.setup.js:125:17)

    console.log
      ­ƒøí´©Å [jest.setup] Prote├º├úo do banco de testes ativada - usando: nr-bps_db_test

      at Object.<anonymous> (__tests__/config/jest.setup.js:150:13)

  ÔùÅ /api/avaliacao/respostas ÔÇ║ GET ÔÇ║ deve retornar respostas de um grupo espec├¡fico

    expect(received).toBe(expected) // Object.is equality

    Expected: 200
    Received: 500

      73 |       const data = await response.json();
      74 |
    > 75 |       expect(response.status).toBe(200);
         |                               ^
      76 |       expect(data.respostas).toEqual(mockRespostas);
      77 |       // Primeira chamada: busca avalia├º├úo por CPF
      78 |       expect(mockQuery).toHaveBeenNthCalledWith(1, expect.any(String), [

      at Object.toBe (__tests__/api/avaliacao/respostas.test.ts:75:31)

  ÔùÅ /api/avaliacao/respostas ÔÇ║ GET ÔÇ║ deve retornar array vazio quando n├úo h├í respostas

    expect(received).toBe(expected) // Object.is equality

    Expected: 200
    Received: 500

      132 |       const data = await response.json();
      133 |
    > 134 |       expect(response.status).toBe(200);
          |                               ^
      135 |       expect(data.respostas).toEqual([]);
      136 |     });
      137 |   });

      at Object.toBe (__tests__/api/avaliacao/respostas.test.ts:134:31)

  ÔùÅ /api/avaliacao/respostas ÔÇ║ POST ÔÇ║ deve salvar respostas corretamente

    expect(received).toBe(expected) // Object.is equality

    Expected: 200
    Received: 500

      168 |       const response = await POST(request);
      169 |
    > 170 |       expect(response.status).toBe(200);
          |                               ^
      171 |       expect(mockQuery).toHaveBeenCalled();
      172 |     });
      173 |

      at Object.toBe (__tests__/api/avaliacao/respostas.test.ts:170:31)

  ÔùÅ /api/avaliacao/respostas ÔÇ║ POST ÔÇ║ deve atualizar status para 'em_andamento' quando salvar respostas e avalia├º├úo estava 'iniciada'

    expect(received).toBe(expected) // Object.is equality

    Expected: 200
    Received: 500

      216 |       const data = await response.json();
      217 |
    > 218 |       expect(response.status).toBe(200);
          |                               ^
      219 |       expect(mockQuery).toHaveBeenCalledWith(
      220 |         expect.stringContaining(
      221 |           "UPDATE avaliacoes SET status = 'em_andamento'"

      at Object.toBe (__tests__/api/avaliacao/respostas.test.ts:218:31)

RBAC seed applied to test database
RBAC seed applied to test database
RBAC seed applied to test database
RBAC seed applied to test database
FAIL __tests__/lib/requireRHWithEmpresaAccess.test.ts
  ÔùÅ Test suite failed to run

    TypeError: Cannot redefine property: getSession
        at Object.defineProperty (<anonymous>)

      13 |
      14 | // Mock do getSession
    > 15 | const mockGetSession = jest.spyOn(session, 'getSession');
         |                             ^
      16 |
      17 | // Agora importa a fun├º├úo
      18 | const { requireRHWithEmpresaAccess } = session;

      at ModuleMocker.spyOn (node_modules/.pnpm/jest-mock@30.2.0/node_modules/jest-mock/build/index.js:616:16)
      at Object.spyOn (__tests__/lib/requireRHWithEmpresaAccess.test.ts:15:29)

RBAC seed applied to test database
FAIL __tests__/integration/liberar-lote-rh-resilience.test.ts
  ÔùÅ Console

    console.log
      [dotenv@17.2.3] injecting env (0) from .env.test -- tip: ÔÜÖ´©Å  suppress all logs with { quiet: true }

      at _log (node_modules/.pnpm/dotenv@17.2.3/node_modules/dotenv/lib/main.js:142:11)

    console.log
      ­ƒøí´©Å [jest.setup] Removendo DATABASE_URL do ambiente de testes (valor n├úo importa)

      at Object.<anonymous> (__tests__/config/jest.setup.js:125:17)

    console.log
      ­ƒøí´©Å [jest.setup] Prote├º├úo do banco de testes ativada - usando: nr-bps_db_test

      at Object.<anonymous> (__tests__/config/jest.setup.js:150:13)

    console.log
      ­ƒöî [lib/db.ts] Conectado ao banco: nr-bps_db_test @ localhost (ambiente: test)

      at Object.log (lib/db.ts:673:15)

  ÔùÅ Integration: Liberar lote RH - resist├¬ncia ├á corrida (resilience) ÔÇ║ fn_next_lote_id() retorna id ├║nico e pula ids j├í ocupados (determin├¡stico)

    error: coluna "usuario_tipo" da rela├º├úo "funcionarios" n├úo existe

      487 |         // No session: just execute the query normally
      488 |         try {
    > 489 |           const result = await client.query(text, params);
          |                          ^
      490 |           const duration = Date.now() - start;
      491 |
      492 |           // Log apenas queries lentas (>500ms)

      at node_modules/.pnpm/pg@8.16.3/node_modules/pg/lib/client.js:545:17
      at query (lib/db.ts:489:26)
      at Object.<anonymous> (__tests__/integration/liberar-lote-rh-resilience.test.ts:75:5)

FAIL __tests__/database/data-integrity.test.ts
  ÔùÅ Console

    console.log
      [dotenv@17.2.3] injecting env (0) from .env.test -- tip: ÔÜÖ´©Å  override existing env vars with { override: true }

      at _log (node_modules/.pnpm/dotenv@17.2.3/node_modules/dotenv/lib/main.js:142:11)

    console.log
      ­ƒøí´©Å [jest.setup] Removendo DATABASE_URL do ambiente de testes (valor n├úo importa)

      at Object.<anonymous> (__tests__/config/jest.setup.js:125:17)

    console.log
      ­ƒøí´©Å [jest.setup] Prote├º├úo do banco de testes ativada - usando: nr-bps_db_test

      at Object.<anonymous> (__tests__/config/jest.setup.js:150:13)

    console.log
      ­ƒöî [lib/db.ts] Conectado ao banco: nr-bps_db_test @ localhost (ambiente: test)

      at Object.log (lib/db.ts:673:15)

  ÔùÅ Integridade de Dados - P├│s-Migra├º├Áes ÔÇ║ Constraints de Chave Estrangeira ÔÇ║ todos os funcion├írios devem ter empresa v├ílida

    error: coluna "empresa_id" n├úo existe

      487 |         // No session: just execute the query normally
      488 |         try {
    > 489 |           const result = await client.query(text, params);
          |                          ^
      490 |           const duration = Date.now() - start;
      491 |
      492 |           // Log apenas queries lentas (>500ms)

      at node_modules/.pnpm/pg@8.16.3/node_modules/pg/lib/client.js:545:17
      at query (lib/db.ts:489:26)
      at Object.<anonymous> (__tests__/database/data-integrity.test.ts:34:7)

  ÔùÅ Integridade de Dados - P├│s-Migra├º├Áes ÔÇ║ Constraints de Chave Estrangeira ÔÇ║ todas as empresas devem ter cl├¡nica v├ílida

    expect(received).toBe(expected) // Object.is equality

    Expected: 0
    Received: 122

      91 |       `);
      92 |
    > 93 |       expect(parseInt(result.rows[0].total)).toBe(0);
         |                                              ^
      94 |     });
      95 |   });
      96 |

      at Object.toBe (__tests__/database/data-integrity.test.ts:93:46)

  ÔùÅ Integridade de Dados - P├│s-Migra├º├Áes ÔÇ║ ENUMs Centralizados ÔÇ║ ENUM status_lote_enum ÔÇ║ deve aceitar valor 'rascunho'

    error: valor de entrada ├® inv├ílido para enum status_lote_enum: "rascunho"

      487 |         // No session: just execute the query normally
      488 |         try {
    > 489 |           const result = await client.query(text, params);
          |                          ^
      490 |           const duration = Date.now() - start;
      491 |
      492 |           // Log apenas queries lentas (>500ms)

      at node_modules/.pnpm/pg@8.16.3/node_modules/pg/lib/client.js:545:17
      at query (lib/db.ts:489:26)
      at Object.<anonymous> (__tests__/database/data-integrity.test.ts:121:28)

  ÔùÅ Integridade de Dados - P├│s-Migra├º├Áes ÔÇ║ ENUMs Centralizados ÔÇ║ ENUM status_lote_enum ÔÇ║ deve ter apenas os valores esperados

    expect(received).toEqual(expected) // deep equality

    - Expected  - 1
    + Received  + 0

      Array [
        "ativo",
        "cancelado",
        "concluido",
        "finalizado",
    -   "rascunho",
      ]

      146 |               ? valoresEnum.slice(1, -1).split(',')
      147 |               : valoresEnum;
    > 148 |           expect(parsedValores.sort()).toEqual(valores.sort());
          |                                        ^
      149 |         });
      150 |       });
      151 |     });

      at Object.toEqual (__tests__/database/data-integrity.test.ts:148:40)

  ÔùÅ Integridade de Dados - P├│s-Migra├º├Áes ÔÇ║ Dados de Teste ÔÇ║ deve ter funcion├írios em diferentes perfis

    error: coluna "clinica_id" da rela├º├úo "funcionarios" n├úo existe

      487 |         // No session: just execute the query normally
      488 |         try {
    > 489 |           const result = await client.query(text, params);
          |                          ^
      490 |           const duration = Date.now() - start;
      491 |
      492 |           // Log apenas queries lentas (>500ms)

      at node_modules/.pnpm/pg@8.16.3/node_modules/pg/lib/client.js:545:17
      at query (lib/db.ts:489:26)
      at Object.<anonymous> (__tests__/database/data-integrity.test.ts:193:11)

  ÔùÅ Integridade de Dados - P├│s-Migra├º├Áes ÔÇ║ Dados de Teste ÔÇ║ deve ter avalia├º├Áes conclu├¡das

    expect(received).toBeGreaterThan(expected)

    Expected: > 0
    Received:   0

      222 |       `);
      223 |
    > 224 |       expect(parseInt(result.rows[0].total)).toBeGreaterThan(0);
          |                                              ^
      225 |     });
      226 |   });
      227 |

      at Object.toBeGreaterThan (__tests__/database/data-integrity.test.ts:224:46)

  ÔùÅ Integridade de Dados - P├│s-Migra├º├Áes ÔÇ║ Consist├¬ncia de Resultados ÔÇ║ resultados devem ter scores v├ílidos (0-100)

    expect(received).toBeGreaterThanOrEqual(expected)

    Expected: >= 0
    Received:    NaN

      254 |
      255 |       const { min_score, max_score } = result.rows[0];
    > 256 |       expect(parseFloat(min_score)).toBeGreaterThanOrEqual(0);
          |                                     ^
      257 |       expect(parseFloat(max_score)).toBeLessThanOrEqual(100);
      258 |     });
      259 |   });

      at Object.toBeGreaterThanOrEqual (__tests__/database/data-integrity.test.ts:256:37)

FAIL __tests__/api/rh/notificacoes.test.ts
  ÔùÅ Console

    console.log
      [dotenv@17.2.3] injecting env (0) from .env.test -- tip: ÔÜÖ´©Å  enable debug logging with { debug: true }

      at _log (node_modules/.pnpm/dotenv@17.2.3/node_modules/dotenv/lib/main.js:142:11)

    console.log
      ­ƒøí´©Å [jest.setup] Removendo DATABASE_URL do ambiente de testes (valor n├úo importa)

      at Object.<anonymous> (__tests__/config/jest.setup.js:125:17)

    console.log
      ­ƒøí´©Å [jest.setup] Prote├º├úo do banco de testes ativada - usando: nr-bps_db_test

      at Object.<anonymous> (__tests__/config/jest.setup.js:150:13)

  ÔùÅ /api/rh/notificacoes ÔÇ║ Busca de Notifica├º├Áes ÔÇ║ deve retornar notifica├º├Áes de avalia├º├Áes conclu├¡das

    expect(received).toBe(expected) // Object.is equality

    Expected: "Lote Teste"
    Received: undefined

      144 |       expect(data.notificacoes[0].lote_id).toBe(10);
      145 |       // codigo removido
    > 146 |       expect(data.notificacoes[0].titulo).toBe('Lote Teste');
          |                                           ^
      147 |       expect(data.notificacoes[0].empresa_nome).toBe('Empresa A');
      148 |       expect(data.notificacoes[0].mensagem).toBe(
      149 |         'Nova avalia├º├úo conclu├¡da no lote "Lote Teste"'

      at Object.toBe (__tests__/api/rh/notificacoes.test.ts:146:43)

  ÔùÅ /api/rh/notificacoes ÔÇ║ Busca de Notifica├º├Áes ÔÇ║ deve retornar notifica├º├Áes de avalia├º├Áes conclu├¡das

    expect(received).toBe(expected) // Object.is equality

    Expected: "Nova avalia├º├úo conclu├¡da no lote \"Lote Teste\""
    Received: "Nova avalia├º├úo conclu├¡da no lote ID: 10"

      175 |       expect(data.notificacoes[0].id).toBe('avaliacao_concluida_10');
      176 |       expect(data.notificacoes[0].tipo).toBe('avaliacao_concluida');
    > 177 |       expect(data.notificacoes[0].mensagem).toBe(
          |                                             ^
      178 |         'Nova avalia├º├úo conclu├¡da no lote "Lote Teste"'
      179 |       );
      180 |     });

      at Object.toBe (__tests__/api/rh/notificacoes.test.ts:177:45)

  ÔùÅ /api/rh/notificacoes ÔÇ║ Busca de Notifica├º├Áes ÔÇ║ deve retornar notifica├º├Áes de laudos enviados

    expect(received).toBe(expected) // Object.is equality

    Expected: "Laudo enviado para o lote \"Lote Teste\""
    Received: "Laudo enviado para o lote ID: 10"

      203 |       expect(data.notificacoes[0].id).toBe('laudo_enviado_100');
      204 |       expect(data.notificacoes[0].tipo).toBe('laudo_enviado');
    > 205 |       expect(data.notificacoes[0].mensagem).toBe(
          |                                             ^
      206 |         'Laudo enviado para o lote "Lote Teste"'
      207 |       );
      208 |     });

      at Object.toBe (__tests__/api/rh/notificacoes.test.ts:205:45)

RBAC seed applied to test database
PASS __tests__/components/ModalContrato.test.tsx
  ÔùÅ Console

    console.log
      [dotenv@17.2.3] injecting env (0) from .env.test -- tip: ÔÜÖ´©Å  specify custom .env file path with { path: '/custom/path/.env' }

      at _log (node_modules/.pnpm/dotenv@17.2.3/node_modules/dotenv/lib/main.js:142:11)

    console.log
      ­ƒøí´©Å [jest.setup] Removendo DATABASE_URL do ambiente de testes (valor n├úo importa)

      at Object.<anonymous> (__tests__/config/jest.setup.js:125:17)

    console.log
      ­ƒøí´©Å [jest.setup] Prote├º├úo do banco de testes ativada - usando: nr-bps_db_test

      at Object.<anonymous> (__tests__/config/jest.setup.js:150:13)

    console.info
      [CONTRATO] Aceite registrado: {"contrato_id":999,"timestamp":"2026-02-20T15:38:52.369Z"}

      at info (components/modals/ModalContrato.tsx:298:29)

RBAC seed applied to test database
RBAC seed applied to test database
FAIL __tests__/integration/fluxo-novo-personalizado.test.ts
  ÔùÅ Test suite failed to run


      x Expression expected
        ,-[C:\apps\QWork\__tests__\integration\fluxo-novo-personalizado.test.ts:48:1]
     48 |     planoPersonalizadoId = planoResult.rows[0].id;
     49 |       'Ô£ô Usando plano personalizado existente:',
     50 |       planoPersonalizadoId
     51 |     );
        :     ^
     52 | 
     53 |     // Limpar registros de teste anteriores
     53 |     await query(
        `----


    Caused by:
        Syntax Error

      at Object.transformSync (node_modules/.pnpm/next@14.2.33_@babel+core@7._7ed58a22f15b2f2041835ab71b63c437/node_modules/next/src/build/swc/index.ts:1433:25)
      at transformSync (node_modules/.pnpm/next@14.2.33_@babel+core@7._7ed58a22f15b2f2041835ab71b63c437/node_modules/next/src/build/swc/index.ts:1550:19)
      at Object.process (node_modules/.pnpm/next@14.2.33_@babel+core@7._7ed58a22f15b2f2041835ab71b63c437/node_modules/next/src/build/swc/jest-transformer.ts:104:25)
      at ScriptTransformer.transformSource (node_modules/.pnpm/@jest+transform@30.2.0/node_modules/@jest/transform/build/index.js:422:31)
      at ScriptTransformer._transformAndBuildScript (node_modules/.pnpm/@jest+transform@30.2.0/node_modules/@jest/transform/build/index.js:519:40)
      at ScriptTransformer.transform (node_modules/.pnpm/@jest+transform@30.2.0/node_modules/@jest/transform/build/index.js:558:19)

RBAC seed applied to test database
RBAC seed applied to test database
PASS __tests__/components/CheckoutAsaas-boleto.test.tsx
  ÔùÅ Console

    console.log
      [dotenv@17.2.3] injecting env (0) from .env.test -- tip: Ô£à audit secrets and track compliance: https://dotenvx.com/ops

      at _log (node_modules/.pnpm/dotenv@17.2.3/node_modules/dotenv/lib/main.js:142:11)

    console.log
      ­ƒøí´©Å [jest.setup] Removendo DATABASE_URL do ambiente de testes (valor n├úo importa)

      at Object.<anonymous> (__tests__/config/jest.setup.js:125:17)

    console.log
      ­ƒøí´©Å [jest.setup] Prote├º├úo do banco de testes ativada - usando: nr-bps_db_test

      at Object.<anonymous> (__tests__/config/jest.setup.js:150:13)

PASS __tests__/api/avaliacao/inativar.test.ts
  ÔùÅ Console

    console.log
      [dotenv@17.2.3] injecting env (0) from .env.test -- tip: ÔÜÖ´©Å  load multiple .env files with { path: ['.env.local', '.env'] }

      at _log (node_modules/.pnpm/dotenv@17.2.3/node_modules/dotenv/lib/main.js:142:11)

    console.log
      ­ƒøí´©Å [jest.setup] Removendo DATABASE_URL do ambiente de testes (valor n├úo importa)

      at Object.<anonymous> (__tests__/config/jest.setup.js:125:17)

    console.log
      ­ƒøí´©Å [jest.setup] Prote├º├úo do banco de testes ativada - usando: nr-bps_db_test

      at Object.<anonymous> (__tests__/config/jest.setup.js:150:13)

RBAC seed applied to test database
RBAC seed applied to test database
PASS __tests__/rh/lote-grupos-classificacao.test.tsx
  ÔùÅ Console

    console.log
      [dotenv@17.2.3] injecting env (0) from .env.test -- tip: ­ƒùé´©Å backup and recover secrets: https://dotenvx.com/ops

      at _log (node_modules/.pnpm/dotenv@17.2.3/node_modules/dotenv/lib/main.js:142:11)

    console.log
      ­ƒøí´©Å [jest.setup] Removendo DATABASE_URL do ambiente de testes (valor n├úo importa)

      at Object.<anonymous> (__tests__/config/jest.setup.js:125:17)

    console.log
      ­ƒøí´©Å [jest.setup] Prote├º├úo do banco de testes ativada - usando: nr-bps_db_test

      at Object.<anonymous> (__tests__/config/jest.setup.js:150:13)

    console.debug
      [Filtro] buscaDebouncedValue:  filtrosColuna: {
        nome: [],
        cpf: [],
        nivel_cargo: [],
        status: [],
        g1: [],
        g2: [],
        g3: [],
        g4: [],
        g5: [],
        g6: [],
        g7: [],
        g8: [],
        g9: [],
        g10: []
      }

      at debug (app/rh/empresa/[id]/lote/[loteId]/page.tsx:680:15)

    console.debug
      [Filtro] resultados filtrados (sample): [] count: 0

      at debug (app/rh/empresa/[id]/lote/[loteId]/page.tsx:687:15)

    console.debug
      [Filtro] buscaDebouncedValue:  filtrosColuna: {
        nome: [],
        cpf: [],
        nivel_cargo: [],
        status: [],
        g1: [],
        g2: [],
        g3: [],
        g4: [],
        g5: [],
        g6: [],
        g7: [],
        g8: [],
        g9: [],
        g10: []
      }

      at debug (app/rh/empresa/[id]/lote/[loteId]/page.tsx:680:15)

    console.debug
      [Filtro] resultados filtrados (sample): [
        { cpf: '12345678901', nome: 'Jo├úo Silva' },
        { cpf: '98765432100', nome: 'Maria Santos' }
      ] count: 2

      at debug (app/rh/empresa/[id]/lote/[loteId]/page.tsx:687:15)

    console.debug
      [Filtro] buscaDebouncedValue:  filtrosColuna: {
        nome: [],
        cpf: [],
        nivel_cargo: [],
        status: [],
        g1: [],
        g2: [],
        g3: [],
        g4: [],
        g5: [],
        g6: [],
        g7: [],
        g8: [],
        g9: [],
        g10: []
      }

      at debug (app/rh/empresa/[id]/lote/[loteId]/page.tsx:680:15)

    console.debug
      [Filtro] resultados filtrados (sample): [] count: 0

      at debug (app/rh/empresa/[id]/lote/[loteId]/page.tsx:687:15)

    console.debug
      [Filtro] buscaDebouncedValue:  filtrosColuna: {
        nome: [],
        cpf: [],
        nivel_cargo: [],
        status: [],
        g1: [],
        g2: [],
        g3: [],
        g4: [],
        g5: [],
        g6: [],
        g7: [],
        g8: [],
        g9: [],
        g10: []
      }

      at debug (app/rh/empresa/[id]/lote/[loteId]/page.tsx:680:15)

    console.debug
      [Filtro] resultados filtrados (sample): [
        { cpf: '12345678901', nome: 'Jo├úo Silva' },
        { cpf: '98765432100', nome: 'Maria Santos' }
      ] count: 2

      at debug (app/rh/empresa/[id]/lote/[loteId]/page.tsx:687:15)

    console.debug
      [Filtro] buscaDebouncedValue:  filtrosColuna: {
        nome: [],
        cpf: [],
        nivel_cargo: [],
        status: [],
        g1: [],
        g2: [],
        g3: [],
        g4: [],
        g5: [],
        g6: [],
        g7: [],
        g8: [],
        g9: [],
        g10: []
      }

      at debug (app/rh/empresa/[id]/lote/[loteId]/page.tsx:680:15)

    console.debug
      [Filtro] resultados filtrados (sample): [] count: 0

      at debug (app/rh/empresa/[id]/lote/[loteId]/page.tsx:687:15)

    console.debug
      [Filtro] buscaDebouncedValue:  filtrosColuna: {
        nome: [],
        cpf: [],
        nivel_cargo: [],
        status: [],
        g1: [],
        g2: [],
        g3: [],
        g4: [],
        g5: [],
        g6: [],
        g7: [],
        g8: [],
        g9: [],
        g10: []
      }

      at debug (app/rh/empresa/[id]/lote/[loteId]/page.tsx:680:15)

    console.debug
      [Filtro] resultados filtrados (sample): [
        { cpf: '12345678901', nome: 'Jo├úo Silva' },
        { cpf: '98765432100', nome: 'Maria Santos' }
      ] count: 2

      at debug (app/rh/empresa/[id]/lote/[loteId]/page.tsx:687:15)

    console.debug
      [Filtro] buscaDebouncedValue:  filtrosColuna: {
        nome: [],
        cpf: [],
        nivel_cargo: [],
        status: [],
        g1: [],
        g2: [],
        g3: [],
        g4: [],
        g5: [],
        g6: [],
        g7: [],
        g8: [],
        g9: [],
        g10: []
      }

      at debug (app/rh/empresa/[id]/lote/[loteId]/page.tsx:680:15)

    console.debug
      [Filtro] resultados filtrados (sample): [] count: 0

      at debug (app/rh/empresa/[id]/lote/[loteId]/page.tsx:687:15)

    console.debug
      [Filtro] buscaDebouncedValue:  filtrosColuna: {
        nome: [],
        cpf: [],
        nivel_cargo: [],
        status: [],
        g1: [],
        g2: [],
        g3: [],
        g4: [],
        g5: [],
        g6: [],
        g7: [],
        g8: [],
        g9: [],
        g10: []
      }

      at debug (app/rh/empresa/[id]/lote/[loteId]/page.tsx:680:15)

    console.debug
      [Filtro] resultados filtrados (sample): [
        { cpf: '12345678901', nome: 'Jo├úo Silva' },
        { cpf: '98765432100', nome: 'Maria Santos' }
      ] count: 2

      at debug (app/rh/empresa/[id]/lote/[loteId]/page.tsx:687:15)

    console.debug
      [Filtro] buscaDebouncedValue:  filtrosColuna: {
        nome: [],
        cpf: [],
        nivel_cargo: [],
        status: [],
        g1: [],
        g2: [],
        g3: [],
        g4: [],
        g5: [],
        g6: [],
        g7: [],
        g8: [],
        g9: [],
        g10: []
      }

      at debug (app/rh/empresa/[id]/lote/[loteId]/page.tsx:680:15)

    console.debug
      [Filtro] resultados filtrados (sample): [] count: 0

      at debug (app/rh/empresa/[id]/lote/[loteId]/page.tsx:687:15)

    console.debug
      [Filtro] buscaDebouncedValue:  filtrosColuna: {
        nome: [],
        cpf: [],
        nivel_cargo: [],
        status: [],
        g1: [],
        g2: [],
        g3: [],
        g4: [],
        g5: [],
        g6: [],
        g7: [],
        g8: [],
        g9: [],
        g10: []
      }

      at debug (app/rh/empresa/[id]/lote/[loteId]/page.tsx:680:15)

    console.debug
      [Filtro] resultados filtrados (sample): [
        { cpf: '12345678901', nome: 'Jo├úo Silva' },
        { cpf: '98765432100', nome: 'Maria Santos' }
      ] count: 2

      at debug (app/rh/empresa/[id]/lote/[loteId]/page.tsx:687:15)

FAIL __tests__/concurrency/empresas-concurrency.test.ts
  ÔùÅ Console

    console.log
      [dotenv@17.2.3] injecting env (0) from .env.test -- tip: ­ƒöÉ prevent committing .env to code: https://dotenvx.com/precommit

      at _log (node_modules/.pnpm/dotenv@17.2.3/node_modules/dotenv/lib/main.js:142:11)

    console.log
      ­ƒøí´©Å [jest.setup] Removendo DATABASE_URL do ambiente de testes (valor n├úo importa)

      at Object.<anonymous> (__tests__/config/jest.setup.js:125:17)

    console.log
      ­ƒøí´©Å [jest.setup] Prote├º├úo do banco de testes ativada - usando: nr-bps_db_test

      at Object.<anonymous> (__tests__/config/jest.setup.js:150:13)

    console.log
      ­ƒöî [lib/db.ts] Conectado ao banco: nr-bps_db_test @ localhost (ambiente: test)

      at Object.log (lib/db.ts:673:15)

  ÔùÅ Testes de Concorr├¬ncia - Empresas Clientes ÔÇ║ Deve rejeitar cria├º├Áes simult├óneas com mesmo CNPJ na mesma cl├¡nica

    error: o valor nulo na coluna "cidade" da rela├º├úo "clinicas" viola a restri├º├úo de n├úo-nulo

      487 |         // No session: just execute the query normally
      488 |         try {
    > 489 |           const result = await client.query(text, params);
          |                          ^
      490 |           const duration = Date.now() - start;
      491 |
      492 |           // Log apenas queries lentas (>500ms)

      at node_modules/.pnpm/pg@8.16.3/node_modules/pg/lib/client.js:545:17
      at query (lib/db.ts:489:26)
      at Object.<anonymous> (__tests__/concurrency/empresas-concurrency.test.ts:35:5)

  ÔùÅ Testes de Concorr├¬ncia - Empresas Clientes ÔÇ║ Deve permitir mesmo CNPJ em cl├¡nicas diferentes simultaneamente

    error: o valor nulo na coluna "cidade" da rela├º├úo "clinicas" viola a restri├º├úo de n├úo-nulo

      487 |         // No session: just execute the query normally
      488 |         try {
    > 489 |           const result = await client.query(text, params);
          |                          ^
      490 |           const duration = Date.now() - start;
      491 |
      492 |           // Log apenas queries lentas (>500ms)

      at node_modules/.pnpm/pg@8.16.3/node_modules/pg/lib/client.js:545:17
      at query (lib/db.ts:489:26)
      at Object.<anonymous> (__tests__/concurrency/empresas-concurrency.test.ts:35:5)

  ÔùÅ Testes de Concorr├¬ncia - Empresas Clientes ÔÇ║ Deve tratar race condition com normaliza├º├úo de CNPJ

    error: o valor nulo na coluna "cidade" da rela├º├úo "clinicas" viola a restri├º├úo de n├úo-nulo

      487 |         // No session: just execute the query normally
      488 |         try {
    > 489 |           const result = await client.query(text, params);
          |                          ^
      490 |           const duration = Date.now() - start;
      491 |
      492 |           // Log apenas queries lentas (>500ms)

      at node_modules/.pnpm/pg@8.16.3/node_modules/pg/lib/client.js:545:17
      at query (lib/db.ts:489:26)
      at Object.<anonymous> (__tests__/concurrency/empresas-concurrency.test.ts:35:5)

  ÔùÅ Testes de Concorr├¬ncia - Empresas Clientes ÔÇ║ Deve manter integridade sob carga com transa├º├Áes

    error: o valor nulo na coluna "cidade" da rela├º├úo "clinicas" viola a restri├º├úo de n├úo-nulo

      487 |         // No session: just execute the query normally
      488 |         try {
    > 489 |           const result = await client.query(text, params);
          |                          ^
      490 |           const duration = Date.now() - start;
      491 |
      492 |           // Log apenas queries lentas (>500ms)

      at node_modules/.pnpm/pg@8.16.3/node_modules/pg/lib/client.js:545:17
      at query (lib/db.ts:489:26)
      at Object.<anonymous> (__tests__/concurrency/empresas-concurrency.test.ts:35:5)

PASS __tests__/lib/logs-cleanup.test.ts
  ÔùÅ Console

    console.log
      [dotenv@17.2.3] injecting env (0) from .env.test -- tip: ­ƒöÉ prevent committing .env to code: https://dotenvx.com/precommit

      at _log (node_modules/.pnpm/dotenv@17.2.3/node_modules/dotenv/lib/main.js:142:11)

    console.log
      ­ƒøí´©Å [jest.setup] Removendo DATABASE_URL do ambiente de testes (valor n├úo importa)

      at Object.<anonymous> (__tests__/config/jest.setup.js:125:17)

    console.log
      ­ƒøí´©Å [jest.setup] Prote├º├úo do banco de testes ativada - usando: nr-bps_db_test

      at Object.<anonymous> (__tests__/config/jest.setup.js:150:13)

RBAC seed applied to test database
PASS __tests__/lib/classificacao-risco.test.ts
  ÔùÅ Console

    console.log
      [dotenv@17.2.3] injecting env (0) from .env.test -- tip: ÔÜÖ´©Å  enable debug logging with { debug: true }

      at _log (node_modules/.pnpm/dotenv@17.2.3/node_modules/dotenv/lib/main.js:142:11)

    console.log
      ­ƒøí´©Å [jest.setup] Removendo DATABASE_URL do ambiente de testes (valor n├úo importa)

      at Object.<anonymous> (__tests__/config/jest.setup.js:125:17)

    console.log
      ­ƒøí´©Å [jest.setup] Prote├º├úo do banco de testes ativada - usando: nr-bps_db_test

      at Object.<anonymous> (__tests__/config/jest.setup.js:150:13)

PASS __tests__/avaliacao/efeito-cascata.test.tsx
  ÔùÅ Console

    console.log
      [dotenv@17.2.3] injecting env (0) from .env.test -- tip: ÔÜÖ´©Å  override existing env vars with { override: true }

      at _log (node_modules/.pnpm/dotenv@17.2.3/node_modules/dotenv/lib/main.js:142:11)

    console.log
      ­ƒøí´©Å [jest.setup] Removendo DATABASE_URL do ambiente de testes (valor n├úo importa)

      at Object.<anonymous> (__tests__/config/jest.setup.js:125:17)

    console.log
      ­ƒøí´©Å [jest.setup] Prote├º├úo do banco de testes ativada - usando: nr-bps_db_test

      at Object.<anonymous> (__tests__/config/jest.setup.js:150:13)

RBAC seed applied to test database
PASS __tests__/components/ModalDefinirValorPersonalizado.test.tsx
  ÔùÅ Console

    console.log
      [dotenv@17.2.3] injecting env (0) from .env.test -- tip: ÔÜÖ´©Å  enable debug logging with { debug: true }

      at _log (node_modules/.pnpm/dotenv@17.2.3/node_modules/dotenv/lib/main.js:142:11)

    console.log
      ­ƒøí´©Å [jest.setup] Removendo DATABASE_URL do ambiente de testes (valor n├úo importa)

      at Object.<anonymous> (__tests__/config/jest.setup.js:125:17)

    console.log
      ­ƒøí´©Å [jest.setup] Prote├º├úo do banco de testes ativada - usando: nr-bps_db_test

      at Object.<anonymous> (__tests__/config/jest.setup.js:150:13)

RBAC seed applied to test database
RBAC seed applied to test database
RBAC seed applied to test database
RBAC seed applied to test database
FAIL __tests__/rh/liberar-massa.test.ts
  ÔùÅ Console

    console.log
      [dotenv@17.2.3] injecting env (0) from .env.test -- tip: Ô£à audit secrets and track compliance: https://dotenvx.com/ops

      at _log (node_modules/.pnpm/dotenv@17.2.3/node_modules/dotenv/lib/main.js:142:11)

    console.log
      ­ƒøí´©Å [jest.setup] Removendo DATABASE_URL do ambiente de testes (valor n├úo importa)

      at Object.<anonymous> (__tests__/config/jest.setup.js:125:17)

    console.log
      ­ƒøí´©Å [jest.setup] Prote├º├úo do banco de testes ativada - usando: nr-bps_db_test

      at Object.<anonymous> (__tests__/config/jest.setup.js:150:13)

  ÔùÅ RH - Liberar Avalia├º├Áes em Massa ÔÇ║ Item 7: Bot├úo cria nova avalia├º├úo sempre ÔÇ║ deve criar novas avalia├º├Áes ao liberar em massa

    TypeError: (0 , _session.getSession) is not a function

      92 | ): Promise<{ rows: T[]; rowCount: number }> {
      93 |   try {
    > 94 |     const session = getSession();
         |                               ^
      95 |
      96 |     // ­ƒöÆ SEGURAN├çA: Valida├º├úo obrigat├│ria de sess├úo para queries sens├¡veis
      97 |     if (!session) {

      at queryWithContext (lib/db-security.ts:94:31)
      at POST (app/api/avaliacao/liberar-massa/route.ts:21:39)
      at Object.<anonymous> (__tests__/rh/liberar-massa.test.ts:55:24)

  ÔùÅ RH - Liberar Avalia├º├Áes em Massa ÔÇ║ Item 7: Bot├úo cria nova avalia├º├úo sempre ÔÇ║ deve criar avalia├º├Áes mesmo se funcion├írio j├í tiver avalia├º├úo anterior

    TypeError: (0 , _session.getSession) is not a function

      92 | ): Promise<{ rows: T[]; rowCount: number }> {
      93 |   try {
    > 94 |     const session = getSession();
         |                               ^
      95 |
      96 |     // ­ƒöÆ SEGURAN├çA: Valida├º├úo obrigat├│ria de sess├úo para queries sens├¡veis
      97 |     if (!session) {

      at queryWithContext (lib/db-security.ts:94:31)
      at POST (app/api/avaliacao/liberar-massa/route.ts:21:39)
      at Object.<anonymous> (__tests__/rh/liberar-massa.test.ts:84:24)

  ÔùÅ RH - Liberar Avalia├º├Áes em Massa ÔÇ║ Item 7: Bot├úo cria nova avalia├º├úo sempre ÔÇ║ deve permitir m├║ltiplas libera├º├Áes sucessivas

    TypeError: (0 , _session.getSession) is not a function

      92 | ): Promise<{ rows: T[]; rowCount: number }> {
      93 |   try {
    > 94 |     const session = getSession();
         |                               ^
      95 |
      96 |     // ­ƒöÆ SEGURAN├çA: Valida├º├úo obrigat├│ria de sess├úo para queries sens├¡veis
      97 |     if (!session) {

      at queryWithContext (lib/db-security.ts:94:31)
      at POST (app/api/avaliacao/liberar-massa/route.ts:21:39)
      at Object.<anonymous> (__tests__/rh/liberar-massa.test.ts:107:25)

  ÔùÅ RH - Liberar Avalia├º├Áes em Massa ÔÇ║ Item 7: Bot├úo cria nova avalia├º├úo sempre ÔÇ║ deve liberar para todos os funcion├írios ativos

    TypeError: (0 , _session.getSession) is not a function

      92 | ): Promise<{ rows: T[]; rowCount: number }> {
      93 |   try {
    > 94 |     const session = getSession();
         |                               ^
      95 |
      96 |     // ­ƒöÆ SEGURAN├çA: Valida├º├úo obrigat├│ria de sess├úo para queries sens├¡veis
      97 |     if (!session) {

      at queryWithContext (lib/db-security.ts:94:31)
      at POST (app/api/avaliacao/liberar-massa/route.ts:21:39)
      at Object.<anonymous> (__tests__/rh/liberar-massa.test.ts:149:24)

  ÔùÅ RH - Liberar Avalia├º├Áes em Massa ÔÇ║ Item 8: API retorna criadas >= 1 ap├│s libera├º├Áes ÔÇ║ deve retornar n├║mero de avalia├º├Áes criadas

    TypeError: (0 , _session.getSession) is not a function

      92 | ): Promise<{ rows: T[]; rowCount: number }> {
      93 |   try {
    > 94 |     const session = getSession();
         |                               ^
      95 |
      96 |     // ­ƒöÆ SEGURAN├çA: Valida├º├úo obrigat├│ria de sess├úo para queries sens├¡veis
      97 |     if (!session) {

      at queryWithContext (lib/db-security.ts:94:31)
      at POST (app/api/avaliacao/liberar-massa/route.ts:21:39)
      at Object.<anonymous> (__tests__/rh/liberar-massa.test.ts:173:24)

  ÔùÅ RH - Liberar Avalia├º├Áes em Massa ÔÇ║ Item 8: API retorna criadas >= 1 ap├│s libera├º├Áes ÔÇ║ deve retornar criadas = 0 quando n├úo h├í funcion├írios

    TypeError: (0 , _session.getSession) is not a function

      92 | ): Promise<{ rows: T[]; rowCount: number }> {
      93 |   try {
    > 94 |     const session = getSession();
         |                               ^
      95 |
      96 |     // ­ƒöÆ SEGURAN├çA: Valida├º├úo obrigat├│ria de sess├úo para queries sens├¡veis
      97 |     if (!session) {

      at queryWithContext (lib/db-security.ts:94:31)
      at POST (app/api/avaliacao/liberar-massa/route.ts:21:39)
      at Object.<anonymous> (__tests__/rh/liberar-massa.test.ts:195:24)

  ÔùÅ RH - Liberar Avalia├º├Áes em Massa ÔÇ║ Item 8: API retorna criadas >= 1 ap├│s libera├º├Áes ÔÇ║ deve incluir detalhes das avalia├º├Áes criadas

    TypeError: (0 , _session.getSession) is not a function

      92 | ): Promise<{ rows: T[]; rowCount: number }> {
      93 |   try {
    > 94 |     const session = getSession();
         |                               ^
      95 |
      96 |     // ­ƒöÆ SEGURAN├çA: Valida├º├úo obrigat├│ria de sess├úo para queries sens├¡veis
      97 |     if (!session) {

      at queryWithContext (lib/db-security.ts:94:31)
      at POST (app/api/avaliacao/liberar-massa/route.ts:21:39)
      at Object.<anonymous> (__tests__/rh/liberar-massa.test.ts:216:24)

  ÔùÅ RH - Liberar Avalia├º├Áes em Massa ÔÇ║ Item 8: API retorna criadas >= 1 ap├│s libera├º├Áes ÔÇ║ deve retornar sucesso com todos os funcion├írios encontrados

    TypeError: (0 , _session.getSession) is not a function

      92 | ): Promise<{ rows: T[]; rowCount: number }> {
      93 |   try {
    > 94 |     const session = getSession();
         |                               ^
      95 |
      96 |     // ­ƒöÆ SEGURAN├çA: Valida├º├úo obrigat├│ria de sess├úo para queries sens├¡veis
      97 |     if (!session) {

      at queryWithContext (lib/db-security.ts:94:31)
      at POST (app/api/avaliacao/liberar-massa/route.ts:21:39)
      at Object.<anonymous> (__tests__/rh/liberar-massa.test.ts:243:24)

FAIL __tests__/api/emissor/reprocessar-laudo.test.ts
  ÔùÅ Console

    console.log
      [dotenv@17.2.3] injecting env (0) from .env.test -- tip: ­ƒöä add secrets lifecycle management: https://dotenvx.com/ops

      at _log (node_modules/.pnpm/dotenv@17.2.3/node_modules/dotenv/lib/main.js:142:11)

    console.log
      ­ƒøí´©Å [jest.setup] Removendo DATABASE_URL do ambiente de testes (valor n├úo importa)

      at Object.<anonymous> (__tests__/config/jest.setup.js:125:17)

    console.log
      ­ƒøí´©Å [jest.setup] Prote├º├úo do banco de testes ativada - usando: nr-bps_db_test

      at Object.<anonymous> (__tests__/config/jest.setup.js:150:13)

    console.log
      [REPROCESSAR] Lote 123 adicionado ├á fila por 12345678901 (Emissor User)

      at log (app/api/emissor/laudos/[loteId]/reprocessar/route.ts:149:13)

    console.log
      [REPROCESSAR] Lote 123 adicionado ├á fila por 12345678901 (Admin User)

      at log (app/api/emissor/laudos/[loteId]/reprocessar/route.ts:149:13)

  ÔùÅ POST /api/emissor/laudos/[loteId]/reprocessar ÔÇ║ deve reprocessar lote com sucesso

    expect(jest.fn()).toHaveBeenNthCalledWith(n, ...expected)

    n: 4
    Expected: StringContaining "INSERT INTO fila_emissao", [123]
    Received
           3: "
          SELECT id, tentativas FROM auditoria_laudos
          WHERE lote_id = $1 AND acao = 'solicitar_emissao' AND status IN ('pendente', 'reprocessando')
          ORDER BY criado_em DESC
          LIMIT 1
        ", [123]
    ->     4
              "
          INSERT INTO auditoria_laudos (lote_id, acao, status, tentativas, solicitado_por, tipo_solicitante, criado_em)
          VALUES ($1, 'solicitar_emissao', 'reprocessando', 0, $2, 'emissor', NOW())
          RETURNING id
        ",
              Array [
                123,
            +   "12345678901",
              ],
           5: "
          INSERT INTO audit_logs (action, resource, resource_id, user_cpf, user_perfil, new_data)
          VALUES ('laudo_reprocessamento_solicitado', 'lotes_avaliacao', $1, $2, $3, $4)
        ", ["123", "12345678901", "emissor", "{\"lote_id\":123}"]

    Number of calls: 5

      229 |
      230 |     // Verificar INSERT na fila (asser├º├úo robusta, n├úo sens├¡vel a espa├ºamento)
    > 231 |     expect(mockQuery).toHaveBeenNthCalledWith(
          |                       ^
      232 |       4,
      233 |       expect.stringContaining('INSERT INTO fila_emissao'),
      234 |       [123]

      at Object.toHaveBeenNthCalledWith (__tests__/api/emissor/reprocessar-laudo.test.ts:231:23)

  ÔùÅ POST /api/emissor/laudos/[loteId]/reprocessar ÔÇ║ deve registrar auditoria corretamente

    expect(jest.fn()).toHaveBeenNthCalledWith(n, ...expected)

    n: 5
    Expected: StringContaining "INSERT INTO audit_logs", ["123", "12345678901", "admin", "{\"codigo_lote\":\"001-010125\"}"]
    Received
           4: "
          INSERT INTO auditoria_laudos (lote_id, acao, status, tentativas, solicitado_por, tipo_solicitante, criado_em)
          VALUES ($1, 'solicitar_emissao', 'reprocessando', 0, $2, 'emissor', NOW())
          RETURNING id
        ", [123, "12345678901"]
    ->     5
              "
          INSERT INTO audit_logs (action, resource, resource_id, user_cpf, user_perfil, new_data)
          VALUES ('laudo_reprocessamento_solicitado', 'lotes_avaliacao', $1, $2, $3, $4)
        ",
              Array [
                "123",
                "12345678901",
                "admin",
            -   "{\"codigo_lote\":\"001-010125\"}",
            +   "{\"lote_id\":123}",
              ],

    Number of calls: 5

      265 |
      266 |     // Verificar INSERT de auditoria (asser├º├úo robusta)
    > 267 |     expect(mockQuery).toHaveBeenNthCalledWith(
          |                       ^
      268 |       5,
      269 |       expect.stringContaining('INSERT INTO audit_logs'),
      270 |       [

      at Object.toHaveBeenNthCalledWith (__tests__/api/emissor/reprocessar-laudo.test.ts:267:23)

PASS __tests__/lib/exibicao-condicional-boxes.test.ts
  ÔùÅ Console

    console.log
      [dotenv@17.2.3] injecting env (0) from .env.test -- tip: ­ƒæÑ sync secrets across teammates & machines: https://dotenvx.com/ops

      at _log (node_modules/.pnpm/dotenv@17.2.3/node_modules/dotenv/lib/main.js:142:11)

    console.log
      ­ƒøí´©Å [jest.setup] Removendo DATABASE_URL do ambiente de testes (valor n├úo importa)

      at Object.<anonymous> (__tests__/config/jest.setup.js:125:17)

    console.log
      ­ƒøí´©Å [jest.setup] Prote├º├úo do banco de testes ativada - usando: nr-bps_db_test

      at Object.<anonymous> (__tests__/config/jest.setup.js:150:13)

FAIL __tests__/integration/clinica-criacao-rh-fluxo-corrigido.test.ts
  ÔùÅ Console

    console.log
      [dotenv@17.2.3] injecting env (0) from .env.test -- tip: ­ƒöÉ prevent building .env in docker: https://dotenvx.com/prebuild

      at _log (node_modules/.pnpm/dotenv@17.2.3/node_modules/dotenv/lib/main.js:142:11)

    console.log
      ­ƒøí´©Å [jest.setup] Removendo DATABASE_URL do ambiente de testes (valor n├úo importa)

      at Object.<anonymous> (__tests__/config/jest.setup.js:125:17)

    console.log
      ­ƒøí´©Å [jest.setup] Prote├º├úo do banco de testes ativada - usando: nr-bps_db_test

      at Object.<anonymous> (__tests__/config/jest.setup.js:150:13)

    console.log
      ­ƒöî [lib/db.ts] Conectado ao banco: nr-bps_db_test @ localhost (ambiente: test)

      at Object.log (lib/db.ts:673:15)

  ÔùÅ Integra├º├úo: Fluxo RH Correto [entidades + clinicas] ÔÇ║ Ô£à criarContaResponsavel cria login RH SEM DUPLICA├ç├âO

    error: coluna "entidade_id" da rela├º├úo "clinicas" n├úo existe

      487 |         // No session: just execute the query normally
      488 |         try {
    > 489 |           const result = await client.query(text, params);
          |                          ^
      490 |           const duration = Date.now() - start;
      491 |
      492 |           // Log apenas queries lentas (>500ms)

      at node_modules/.pnpm/pg@8.16.3/node_modules/pg/lib/client.js:545:17
      at query (lib/db.ts:489:26)
      at Object.<anonymous> (__tests__/integration/clinica-criacao-rh-fluxo-corrigido.test.ts:74:24)

  ÔùÅ Integra├º├úo: Fluxo RH Correto [entidades + clinicas] ÔÇ║ Ô£à Funcion├írio RH criado com clinica_id correto

    error: coluna "entidade_id" da rela├º├úo "clinicas" n├úo existe

      487 |         // No session: just execute the query normally
      488 |         try {
    > 489 |           const result = await client.query(text, params);
          |                          ^
      490 |           const duration = Date.now() - start;
      491 |
      492 |           // Log apenas queries lentas (>500ms)

      at node_modules/.pnpm/pg@8.16.3/node_modules/pg/lib/client.js:545:17
      at query (lib/db.ts:489:26)
      at Object.<anonymous> (__tests__/integration/clinica-criacao-rh-fluxo-corrigido.test.ts:74:24)

  ÔùÅ Integra├º├úo: Fluxo RH Correto [entidades + clinicas] ÔÇ║ Ô£à Valida├º├úo de integridade: SEM dados ├│rf├úos

    error: coluna "entidade_id" da rela├º├úo "clinicas" n├úo existe

      487 |         // No session: just execute the query normally
      488 |         try {
    > 489 |           const result = await client.query(text, params);
          |                          ^
      490 |           const duration = Date.now() - start;
      491 |
      492 |           // Log apenas queries lentas (>500ms)

      at node_modules/.pnpm/pg@8.16.3/node_modules/pg/lib/client.js:545:17
      at query (lib/db.ts:489:26)
      at Object.<anonymous> (__tests__/integration/clinica-criacao-rh-fluxo-corrigido.test.ts:74:24)

  ÔùÅ Integra├º├úo: Fluxo RH Correto [entidades + clinicas] ÔÇ║ Ô£à Senha BCrypt v├ílida ├® criada

    error: coluna "entidade_id" da rela├º├úo "clinicas" n├úo existe

      487 |         // No session: just execute the query normally
      488 |         try {
    > 489 |           const result = await client.query(text, params);
          |                          ^
      490 |           const duration = Date.now() - start;
      491 |
      492 |           // Log apenas queries lentas (>500ms)

      at node_modules/.pnpm/pg@8.16.3/node_modules/pg/lib/client.js:545:17
      at query (lib/db.ts:489:26)
      at Object.<anonymous> (__tests__/integration/clinica-criacao-rh-fluxo-corrigido.test.ts:74:24)


  ÔùÅ Test suite failed to run

    error: coluna "clinica_id" n├úo existe

      487 |         // No session: just execute the query normally
      488 |         try {
    > 489 |           const result = await client.query(text, params);
          |                          ^
      490 |           const duration = Date.now() - start;
      491 |
      492 |           // Log apenas queries lentas (>500ms)

      at node_modules/.pnpm/pg@8.16.3/node_modules/pg/lib/client.js:545:17
      at query (lib/db.ts:489:26)
      at Object.<anonymous> (__tests__/integration/clinica-criacao-rh-fluxo-corrigido.test.ts:101:7)

RBAC seed applied to test database
PASS __tests__/api/entidade/lote-detalhes-grupos.test.ts
  ÔùÅ Console

    console.log
      [dotenv@17.2.3] injecting env (0) from .env.test -- tip: ­ƒöÉ prevent building .env in docker: https://dotenvx.com/prebuild

      at _log (node_modules/.pnpm/dotenv@17.2.3/node_modules/dotenv/lib/main.js:142:11)

    console.log
      ­ƒøí´©Å [jest.setup] Removendo DATABASE_URL do ambiente de testes (valor n├úo importa)

      at Object.<anonymous> (__tests__/config/jest.setup.js:125:17)

    console.log
      ­ƒøí´©Å [jest.setup] Prote├º├úo do banco de testes ativada - usando: nr-bps_db_test

      at Object.<anonymous> (__tests__/config/jest.setup.js:150:13)

PASS __tests__/components/avaliacoes-modal-portal.test.tsx
  ÔùÅ Console

    console.log
      [dotenv@17.2.3] injecting env (0) from .env.test -- tip: ÔÜÖ´©Å  suppress all logs with { quiet: true }

      at _log (node_modules/.pnpm/dotenv@17.2.3/node_modules/dotenv/lib/main.js:142:11)

    console.log
      ­ƒøí´©Å [jest.setup] Removendo DATABASE_URL do ambiente de testes (valor n├úo importa)

      at Object.<anonymous> (__tests__/config/jest.setup.js:125:17)

    console.log
      ­ƒøí´©Å [jest.setup] Prote├º├úo do banco de testes ativada - usando: nr-bps_db_test

      at Object.<anonymous> (__tests__/config/jest.setup.js:150:13)

RBAC seed applied to test database
RBAC seed applied to test database
RBAC seed applied to test database
RBAC seed applied to test database
PASS __tests__/api/entidade/lotes-listing-no-filesystem.test.ts
  ÔùÅ Console

    console.log
      [dotenv@17.2.3] injecting env (0) from .env.test -- tip: ­ƒöÉ encrypt with Dotenvx: https://dotenvx.com

      at _log (node_modules/.pnpm/dotenv@17.2.3/node_modules/dotenv/lib/main.js:142:11)

    console.log
      ­ƒøí´©Å [jest.setup] Removendo DATABASE_URL do ambiente de testes (valor n├úo importa)

      at Object.<anonymous> (__tests__/config/jest.setup.js:125:17)

    console.log
      ­ƒøí´©Å [jest.setup] Prote├º├úo do banco de testes ativada - usando: nr-bps_db_test

      at Object.<anonymous> (__tests__/config/jest.setup.js:150:13)

    console.log
      ­ƒöî [lib/db.ts] Conectado ao banco: nr-bps_db_test @ localhost (ambiente: test)

      at Object.log (lib/db.ts:673:15)

    console.log
      [DEBUG /api/entidade/lotes] session={"entidade_id":42}

      at log (app/api/entidade/lotes/route.ts:30:13)

    console.log
      [DEBUG /api/entidade/lotes] query returned rows=undefined

      at log (app/api/entidade/lotes/route.ts:80:15)

    console.log
      [DEBUG /api/entidade/lotes] session={"entidade_id":42}

      at log (app/api/entidade/lotes/route.ts:30:13)

    console.log
      [DEBUG /api/entidade/lotes] query returned rows=undefined

      at log (app/api/entidade/lotes/route.ts:80:15)

    console.log
      [DEBUG /api/entidade/lotes] session={"entidade_id":42}

      at log (app/api/entidade/lotes/route.ts:30:13)

    console.log
      [DEBUG /api/entidade/lotes] query returned rows=undefined

      at log (app/api/entidade/lotes/route.ts:80:15)

    console.log
      [DEBUG /api/entidade/lotes] session={"entidade_id":42}

      at log (app/api/entidade/lotes/route.ts:30:13)

    console.log
      [DEBUG /api/entidade/lotes] query returned rows=undefined

      at log (app/api/entidade/lotes/route.ts:80:15)

    console.log
      [DEBUG /api/entidade/lotes] session={"entidade_id":42}

      at log (app/api/entidade/lotes/route.ts:30:13)

    console.log
      [DEBUG /api/entidade/lotes] query returned rows=undefined

      at log (app/api/entidade/lotes/route.ts:80:15)

    console.log
      [DEBUG /api/entidade/lotes] session={"entidade_id":42}

      at log (app/api/entidade/lotes/route.ts:30:13)

    console.log
      [DEBUG /api/entidade/lotes] query returned rows=undefined

      at log (app/api/entidade/lotes/route.ts:80:15)

RBAC seed applied to test database
RBAC seed applied to test database
FAIL __tests__/lib/criarContaResponsavel.usuarios.test.ts
  ÔùÅ Console

    console.log
      [dotenv@17.2.3] injecting env (0) from .env.test -- tip: ­ƒöæ add access controls to secrets: https://dotenvx.com/ops

      at _log (node_modules/.pnpm/dotenv@17.2.3/node_modules/dotenv/lib/main.js:142:11)

    console.log
      ­ƒøí´©Å [jest.setup] Removendo DATABASE_URL do ambiente de testes (valor n├úo importa)

      at Object.<anonymous> (__tests__/config/jest.setup.js:125:17)

    console.log
      ­ƒøí´©Å [jest.setup] Prote├º├úo do banco de testes ativada - usando: nr-bps_db_test

      at Object.<anonymous> (__tests__/config/jest.setup.js:150:13)

    console.log
      ­ƒöî [lib/db.ts] Conectado ao banco: nr-bps_db_test @ localhost (ambiente: test)

      at Object.log (lib/db.ts:673:15)

  ÔùÅ criarContaResponsavel - cria├º├úo em usuarios ÔÇ║ deve criar usuario gestor para tomador tipo entidade

    error: rela├º├úo "tomadors" n├úo existe

      487 |         // No session: just execute the query normally
      488 |         try {
    > 489 |           const result = await client.query(text, params);
          |                          ^
      490 |           const duration = Date.now() - start;
      491 |
      492 |           // Log apenas queries lentas (>500ms)

      at node_modules/.pnpm/pg@8.16.3/node_modules/pg/lib/client.js:545:17
      at query (lib/db.ts:489:26)
      at Object.<anonymous> (__tests__/lib/criarContaResponsavel.usuarios.test.ts:37:5)

  ÔùÅ criarContaResponsavel - cria├º├úo em usuarios ÔÇ║ deve criar usuario rh para tomador tipo clinica

    error: rela├º├úo "tomadors" n├úo existe

      487 |         // No session: just execute the query normally
      488 |         try {
    > 489 |           const result = await client.query(text, params);
          |                          ^
      490 |           const duration = Date.now() - start;
      491 |
      492 |           // Log apenas queries lentas (>500ms)

      at node_modules/.pnpm/pg@8.16.3/node_modules/pg/lib/client.js:545:17
      at query (lib/db.ts:489:26)
      at Object.<anonymous> (__tests__/lib/criarContaResponsavel.usuarios.test.ts:37:5)

  ÔùÅ criarContaResponsavel - cria├º├úo em usuarios ÔÇ║ deve atualizar usuario existente ao inv├®s de criar duplicado

    error: rela├º├úo "tomadors" n├úo existe

      487 |         // No session: just execute the query normally
      488 |         try {
    > 489 |           const result = await client.query(text, params);
          |                          ^
      490 |           const duration = Date.now() - start;
      491 |
      492 |           // Log apenas queries lentas (>500ms)

      at node_modules/.pnpm/pg@8.16.3/node_modules/pg/lib/client.js:545:17
      at query (lib/db.ts:489:26)
      at Object.<anonymous> (__tests__/lib/criarContaResponsavel.usuarios.test.ts:37:5)

  ÔùÅ criarContaResponsavel - cria├º├úo em usuarios ÔÇ║ N├âO deve criar registro em funcionarios para gestores

    error: rela├º├úo "tomadors" n├úo existe

      487 |         // No session: just execute the query normally
      488 |         try {
    > 489 |           const result = await client.query(text, params);
          |                          ^
      490 |           const duration = Date.now() - start;
      491 |
      492 |           // Log apenas queries lentas (>500ms)

      at node_modules/.pnpm/pg@8.16.3/node_modules/pg/lib/client.js:545:17
      at query (lib/db.ts:489:26)
      at Object.<anonymous> (__tests__/lib/criarContaResponsavel.usuarios.test.ts:37:5)


  ÔùÅ Test suite failed to run

    error: rela├º├úo "tomadors" n├úo existe

      487 |         // No session: just execute the query normally
      488 |         try {
    > 489 |           const result = await client.query(text, params);
          |                          ^
      490 |           const duration = Date.now() - start;
      491 |
      492 |           // Log apenas queries lentas (>500ms)

      at node_modules/.pnpm/pg@8.16.3/node_modules/pg/lib/client.js:545:17
      at query (lib/db.ts:489:26)
      at Object.<anonymous> (__tests__/lib/criarContaResponsavel.usuarios.test.ts:54:5)

PASS __tests__/api/rh/empresas-ativacao.test.ts
  ÔùÅ Console

    console.log
      [dotenv@17.2.3] injecting env (0) from .env.test -- tip: ­ƒöÉ prevent committing .env to code: https://dotenvx.com/precommit

      at _log (node_modules/.pnpm/dotenv@17.2.3/node_modules/dotenv/lib/main.js:142:11)

    console.log
      ­ƒøí´©Å [jest.setup] Removendo DATABASE_URL do ambiente de testes (valor n├úo importa)

      at Object.<anonymous> (__tests__/config/jest.setup.js:125:17)

    console.log
      ­ƒøí´©Å [jest.setup] Prote├º├úo do banco de testes ativada - usando: nr-bps_db_test

      at Object.<anonymous> (__tests__/config/jest.setup.js:150:13)

    console.log
      ­ƒöî [lib/db.ts] Conectado ao banco: nr-bps_db_test @ localhost (ambiente: test)

      at Object.log (lib/db.ts:673:15)

PASS __tests__/rh/empresas-statistics.test.tsx
  ÔùÅ Console

    console.log
      [dotenv@17.2.3] injecting env (0) from .env.test -- tip: ­ƒøá´©Å  run anywhere with `dotenvx run -- yourcommand`

      at _log (node_modules/.pnpm/dotenv@17.2.3/node_modules/dotenv/lib/main.js:142:11)

    console.log
      ­ƒøí´©Å [jest.setup] Removendo DATABASE_URL do ambiente de testes (valor n├úo importa)

      at Object.<anonymous> (__tests__/config/jest.setup.js:125:17)

    console.log
      ­ƒøí´©Å [jest.setup] Prote├º├úo do banco de testes ativada - usando: nr-bps_db_test

      at Object.<anonymous> (__tests__/config/jest.setup.js:150:13)

FAIL __tests__/api/rh/lotes-detalhes.test.ts
  ÔùÅ Console

    console.log
      [dotenv@17.2.3] injecting env (0) from .env.test -- tip: ­ƒæÑ sync secrets across teammates & machines: https://dotenvx.com/ops

      at _log (node_modules/.pnpm/dotenv@17.2.3/node_modules/dotenv/lib/main.js:142:11)

    console.log
      ­ƒøí´©Å [jest.setup] Removendo DATABASE_URL do ambiente de testes (valor n├úo importa)

      at Object.<anonymous> (__tests__/config/jest.setup.js:125:17)

    console.log
      ­ƒøí´©Å [jest.setup] Prote├º├úo do banco de testes ativada - usando: nr-bps_db_test

      at Object.<anonymous> (__tests__/config/jest.setup.js:150:13)

    console.log
      [DEBUG] requireRHWithEmpresaAccess falhou para lote: TypeError: (0 , _session.requireRHWithEmpresaAccess) is not a function
          at GET (C:\apps\QWork\app\api\rh\lotes\[id]\route.ts:117:39)
          at Object.<anonymous> (C:\apps\QWork\__tests__\api\rh\lotes-detalhes.test.ts:63:24)

      at log (app/api/rh/lotes/[id]/route.ts:119:15)

    console.log
      [DEBUG] requireRHWithEmpresaAccess falhou para lote: TypeError: (0 , _session.requireRHWithEmpresaAccess) is not a function
          at GET (C:\apps\QWork\app\api\rh\lotes\[id]\route.ts:117:39)
          at Object.<anonymous> (C:\apps\QWork\__tests__\api\rh\lotes-detalhes.test.ts:106:24)

      at log (app/api/rh/lotes/[id]/route.ts:119:15)

    console.log
      [DEBUG] requireRHWithEmpresaAccess falhou para lote: TypeError: (0 , _session.requireRHWithEmpresaAccess) is not a function
          at GET (C:\apps\QWork\app\api\rh\lotes\[id]\route.ts:117:39)
          at Object.<anonymous> (C:\apps\QWork\__tests__\api\rh\lotes-detalhes.test.ts:193:24)

      at log (app/api/rh/lotes/[id]/route.ts:119:15)

    console.log
      [DEBUG] requireRHWithEmpresaAccess falhou para lote: TypeError: (0 , _session.requireRHWithEmpresaAccess) is not a function
          at GET (C:\apps\QWork\app\api\rh\lotes\[id]\route.ts:117:39)
          at Object.<anonymous> (C:\apps\QWork\__tests__\api\rh\lotes-detalhes.test.ts:234:24)

      at log (app/api/rh/lotes/[id]/route.ts:119:15)

  ÔùÅ /api/rh/lotes/[id] ÔÇ║ GET - Buscar detalhes do lote ÔÇ║ deve retornar detalhes completos do lote com liberado_por_nome

    expect(received).toBe(expected) // Object.is equality

    Expected: 200
    Received: 403

      64 |       const data = await response.json();
      65 |
    > 66 |       expect(response.status).toBe(200);
         |                               ^
      67 |       expect(data.success).toBe(true);
      68 |       expect(data.lote).toEqual({
      69 |         id: 16,

      at Object.toBe (__tests__/api/rh/lotes-detalhes.test.ts:66:31)

  ÔùÅ /api/rh/lotes/[id] ÔÇ║ GET - Buscar detalhes do lote ÔÇ║ deve retornar 404 quando lote n├úo existe

    expect(received).toBe(expected) // Object.is equality

    Expected: 404
    Received: 403

      107 |       const data = await response.json();
      108 |
    > 109 |       expect(response.status).toBe(404);
          |                               ^
      110 |       expect(data.success).toBe(false);
      111 |       expect(data.error).toBe('Lote n├úo encontrado');
      112 |     });

      at Object.toBe (__tests__/api/rh/lotes-detalhes.test.ts:109:31)

  ÔùÅ /api/rh/lotes/[id] ÔÇ║ GET - Buscar detalhes do lote ÔÇ║ deve retornar 403 quando usu├írio pertence a cl├¡nica diferente

    expect(received).toBe(expected) // Object.is equality

    Expected: 403
    Received: 404

      176 |       const data = await response.json();
      177 |
    > 178 |       expect(response.status).toBe(403);
          |                               ^
      179 |       expect(data.error).toBe('Voc├¬ n├úo tem permiss├úo para acessar este lote');
      180 |     });
      181 |

      at Object.toBe (__tests__/api/rh/lotes-detalhes.test.ts:178:31)

  ÔùÅ /api/rh/lotes/[id] ÔÇ║ GET - Buscar detalhes do lote ÔÇ║ deve lidar com erro de banco de dados

    expect(received).toBe(expected) // Object.is equality

    Expected: 500
    Received: 403

      194 |       const data = await response.json();
      195 |
    > 196 |       expect(response.status).toBe(500);
          |                               ^
      197 |       expect(data.success).toBe(false);
      198 |       expect(data.error).toBe('Erro interno do servidor');
      199 |       expect(data.detalhes).toBe('Erro de conex├úo com banco');

      at Object.toBe (__tests__/api/rh/lotes-detalhes.test.ts:196:31)

  ÔùÅ /api/rh/lotes/[id] ÔÇ║ GET - Buscar detalhes do lote ÔÇ║ deve validar que a query inclui JOIN correto para liberado_por_nome

    expect(received).toBe(expected) // Object.is equality

    Expected: 200
    Received: 403

      235 |       const data = await response.json();
      236 |
    > 237 |       expect(response.status).toBe(200);
          |                               ^
      238 |       expect(data.lote.liberado_por_nome).toBeNull();
      239 |
      240 |       // Verificar que a query inclui LEFT JOIN

      at Object.toBe (__tests__/api/rh/lotes-detalhes.test.ts:237:31)

RBAC seed applied to test database
FAIL __tests__/avaliacao/status.test.ts
  ÔùÅ Console

    console.log
      [dotenv@17.2.3] injecting env (0) from .env.test -- tip: ÔÜÖ´©Å  enable debug logging with { debug: true }

      at _log (node_modules/.pnpm/dotenv@17.2.3/node_modules/dotenv/lib/main.js:142:11)

    console.log
      ­ƒøí´©Å [jest.setup] Removendo DATABASE_URL do ambiente de testes (valor n├úo importa)

      at Object.<anonymous> (__tests__/config/jest.setup.js:125:17)

    console.log
      ­ƒøí´©Å [jest.setup] Prote├º├úo do banco de testes ativada - usando: nr-bps_db_test

      at Object.<anonymous> (__tests__/config/jest.setup.js:150:13)

  ÔùÅ Avalia├º├úo - Status ÔÇ║ Item 5: API retorna status "em_andamento" ou "iniciada" ÔÇ║ deve retornar status "iniciada" para avalia├º├úo n├úo come├ºada

    expect(received).toBe(expected) // Object.is equality

    Expected: 200
    Received: 500

      47 |       const data = await response.json();
      48 |
    > 49 |       expect(response.status).toBe(200);
         |                               ^
      50 |       expect(data.status).toBe('iniciada');
      51 |       expect(data.avaliacaoId).toBe(1);
      52 |     });

      at Object.toBe (__tests__/avaliacao/status.test.ts:49:31)

  ÔùÅ Avalia├º├úo - Status ÔÇ║ Item 5: API retorna status "em_andamento" ou "iniciada" ÔÇ║ deve retornar status "em_andamento" quando houver respostas

    expect(received).toBe(expected) // Object.is equality

    Expected: 200
    Received: 500

      70 |       const data = await response.json();
      71 |
    > 72 |       expect(response.status).toBe(200);
         |                               ^
      73 |       expect(data.status).toBe('em_andamento');
      74 |       expect(data.grupo_atual).toBe(2);
      75 |     });

      at Object.toBe (__tests__/avaliacao/status.test.ts:72:31)

  ÔùÅ Avalia├º├úo - Status ÔÇ║ Item 5: API retorna status "em_andamento" ou "iniciada" ÔÇ║ deve permitir atualiza├º├úo de status de "iniciada" para "em_andamento"

    expect(received).toBe(expected) // Object.is equality

    Expected: 200
    Received: 500

       98 |       const data = await response.json();
       99 |
    > 100 |       expect(response.status).toBe(200);
          |                               ^
      101 |       expect(data.success).toBe(true);
      102 |       expect(mockQuery).toHaveBeenCalledWith(
      103 |         expect.stringContaining('UPDATE avaliacoes SET status'),

      at Object.toBe (__tests__/avaliacao/status.test.ts:100:31)

  ÔùÅ Avalia├º├úo - Status ÔÇ║ Item 5: API retorna status "em_andamento" ou "iniciada" ÔÇ║ deve retornar "concluido" quando avalia├º├úo finalizada

    expect(received).toBe(expected) // Object.is equality

    Expected: "concluido"
    Received: undefined

      145 |       const data = await response.json();
      146 |
    > 147 |       expect(data.status).toBe('concluido');
          |                           ^
      148 |       expect(data.envio).toBeDefined();
      149 |     });
      150 |   });

      at Object.toBe (__tests__/avaliacao/status.test.ts:147:27)

  ÔùÅ Avalia├º├úo - Status ÔÇ║ Item 6: API retorna progresso num├®rico exato (0-37) ÔÇ║ deve calcular progresso baseado no n├║mero de respostas

    expect(received).toBe(expected) // Object.is equality

    Expected: 10
    Received: 0

      169 |       const data = await response.json();
      170 |
    > 171 |       expect(data.total).toBe(10);
          |                          ^
      172 |       // Frontend deve mostrar "10 de 37"
      173 |     });
      174 |

      at Object.toBe (__tests__/avaliacao/status.test.ts:171:26)

  ÔùÅ Avalia├º├úo - Status ÔÇ║ Item 6: API retorna progresso num├®rico exato (0-37) ÔÇ║ deve retornar progresso 37 quando todas respondidas

    expect(received).toBe(expected) // Object.is equality

    Expected: 37
    Received: 0

      209 |       const data = await response.json();
      210 |
    > 211 |       expect(data.total).toBe(37);
          |                          ^
      212 |       // Frontend deve mostrar "37 de 37"
      213 |     });
      214 |

      at Object.toBe (__tests__/avaliacao/status.test.ts:211:26)

  ÔùÅ Avalia├º├úo - Status ÔÇ║ Item 6: API retorna progresso num├®rico exato (0-37) ÔÇ║ deve retornar progresso intermedi├írio preciso

    expect(received).toBe(expected) // Object.is equality

    Expected: 15
    Received: 0

      234 |         const data = await response.json();
      235 |
    > 236 |         expect(data.total).toBe(progresso);
          |                            ^
      237 |         // Frontend deve mostrar "{progresso} de 37"
      238 |       }
      239 |     });

      at Object.toBe (__tests__/avaliacao/status.test.ts:236:28)

  ÔùÅ Avalia├º├úo - Status ÔÇ║ Item 6: API retorna progresso num├®rico exato (0-37) ÔÇ║ deve incluir progresso no status da avalia├º├úo

    expect(received).toBe(expected) // Object.is equality

    Expected: 1
    Received: undefined

      257 |       const data = await response.json();
      258 |
    > 259 |       expect(data.avaliacaoId).toBe(1);
          |                                ^
      260 |       expect(data.status).toBe('em_andamento');
      261 |       // O frontend deve buscar o progresso via /api/avaliacao/respostas-all
      262 |     });

      at Object.toBe (__tests__/avaliacao/status.test.ts:259:32)

FAIL __tests__/components/clinica/ContaSection.test.tsx
  ÔùÅ Console

    console.log
      [dotenv@17.2.3] injecting env (0) from .env.test -- tip: ­ƒöÉ prevent building .env in docker: https://dotenvx.com/prebuild

      at _log (node_modules/.pnpm/dotenv@17.2.3/node_modules/dotenv/lib/main.js:142:11)

    console.log
      ­ƒøí´©Å [jest.setup] Removendo DATABASE_URL do ambiente de testes (valor n├úo importa)

      at Object.<anonymous> (__tests__/config/jest.setup.js:125:17)

    console.log
      ­ƒøí´©Å [jest.setup] Prote├º├úo do banco de testes ativada - usando: nr-bps_db_test

      at Object.<anonymous> (__tests__/config/jest.setup.js:150:13)

  ÔùÅ ContaSection ÔÇ║ deve exibir informa├º├Áes da conta quando carregadas com sucesso

    TestingLibraryElementError: Unable to find an element with the text: Gestor RH, which matches selector 'p'. This could be because the text is broken up by multiple elements. In this case, you can provide a function for your text matcher to make your matcher more flexible.

    Ignored nodes: comments, script, style
    <body>
      <div>
        <div
          class="mb-6"
        >
          <h1
            class="text-2xl font-bold text-gray-900"
          >
            Informa├º├Áes da Conta
          </h1>
          <p
            class="text-sm text-gray-600 mt-1"
          >
            Dados cadastrais da empresa e gestores
          </p>
        </div>
        <div
          class="space-y-6"
        >
          <div
            class="bg-white rounded-lg shadow-sm p-6 border border-gray-200"
          >
            <div
              class="flex items-center gap-3 mb-4"
            >
              <div
                class="p-3 bg-primary-100 rounded-lg"
              >
                <svg
                  aria-hidden="true"
                  class="lucide lucide-building2 lucide-building-2 text-primary-600"
                  fill="none"
                  height="24"
                  stroke="currentColor"
                  stroke-linecap="round"
                  stroke-linejoin="round"
                  stroke-width="2"
                  viewBox="0 0 24 24"
                  width="24"
                  xmlns="http://www.w3.org/2000/svg"
                >
                  <path
                    d="M10 12h4"
                  />
                  <path
                    d="M10 8h4"
                  />
                  <path
                    d="M14 21v-3a2 2 0 0 0-4 0v3"
                  />
                  <path
                    d="M6 10H4a2 2 0 0 0-2 2v7a2 2 0 0 0 2 2h16a2 2 0 0 0 2-2V9a2 2 0 0 0-2-2h-2"
                  />
                  <path
                    d="M6 21V5a2 2 0 0 1 2-2h8a2 2 0 0 1 2 2v16"
                  />
                </svg>
              </div>
              <div>
                <h2
                  class="text-lg font-semibold text-gray-900"
                >
                  Dados da Empresa
                </h2>
                <p
                  class="text-sm text-gray-600"
                >
                  Informa├º├Áes cadastrais
                </p>
              </div>
            </div>
            <div
              class="grid grid-cols-1 md:grid-cols-2 gap-6"
            >
              <div
                class="space-y-3"
              >
                <div>
                  <label
                    class="text-xs text-gray-500 uppercase tracking-wide"
                  >
                    Nome
                  </label>
                  <p
                    class="text-sm text-gray-900 font-medium"
                  >
                    Cl├¡nica Teste
                  </p>
                </div>
                <div>
                  <label
                    class="text-xs text-gray-500 uppercase tracking-wide"
                  >
                    CNPJ
                  </label>
                  <p
                    class="text-sm text-gray-900"
                  >
                    12.345.678/0001-23
                  </p>
                </div>
                <div>
                  <label
                    class="text-xs text-gray-500 uppercase tracking-wide"
                  >
                    Email
                  </label>
                  <p
                    class="text-sm text-gray-900"
                  >
                    clinica@teste.com
                  </p>
                </div>
                <div>
                  <label
                    class="text-xs text-gray-500 uppercase tracking-wide"
                  >
                    Telefone
                  </label>
                  <p
                    class="text-sm text-gray-900"
                  >
                    (11) 99999-9999
                  </p>
                </div>
              </div>
              <div
                class="space-y-3"
              >
                <div>
                  <label
                    class="text-xs text-gray-500 uppercase tracking-wide"
                  >
                    Endere├ºo
                  </label>
                  <p
                    class="text-sm text-gray-900"
                  >
                    Rua Teste, 123
                  </p>
                </div>
              </div>
            </div>
          </div>
          <div
            class="bg-white rounded-lg shadow-sm p-6 border border-gray-200"
          >
            <div
              class="flex items-center gap-3 mb-4"
            >
              <div
                class="p-3 bg-primary-100 rounded-lg"
              >
                <svg
                  aria-hidden="true"
                  class="lucide lucide-credit-card text-primary-600"
                  fill="none"
                  height="24"
                  stroke="currentColor"
                  stroke-linecap="round"
                  stroke-linejoin="round"
                  stroke-width="2"
                  viewBox="0 0 24 24"
                  width="24"
                  xmlns="http://www.w3.org/2000/svg"
                >
                  <rect
                    height="14"
                    rx="2"
                    width="20"
                    x="2"
                    y="5"
                  />
                  <line
                    x1="2"
                    x2="22"
                    y1="10"
                    y2="10"
                  />
                </svg>
              </div>
              <div>
                <h2
                  class="text-lg font-semibold text-gray-900"
                >
                  Dados Financeiros de Laudos
                </h2>
                <p
                  class="text-sm text-gray-600"
                >
                  Hist├│rico de pagamentos
                </p>
              </div>
            </div>
            <div
              class="flex items-center justify-center py-8 text-gray-400 gap-2"
            >
              <svg
                aria-hidden="true"
                class="lucide lucide-loader-circle animate-spin"
                fill="none"
                height="20"
                stroke="currentColor"
                stroke-linecap="round"
                stroke-linejoin="round"
                stroke-width="2"
                viewBox="0 0 24 24"
                width="20"
                xmlns="http://www.w3.org/2000/svg"
              >
                <path
                  d="M21 12a9 9 0 1 1-6.219-8.56"
                />
              </svg>
              <span
                class="text-sm"
              >
                Carregando pagamentos...
              </span>
            </div>
          </div>
        </div>
      </div>
    </body>

      64 |     expect(screen.getByText('Rua Teste, 123')).toBeInTheDocument();
      65 |     expect(
    > 66 |       screen.getByText('Gestor RH', { selector: 'p' })
         |              ^
      67 |     ).toBeInTheDocument();
      68 |   });
      69 |

      at Object.getElementError (node_modules/.pnpm/@testing-library+dom@10.4.1/node_modules/@testing-library/dom/dist/config.js:37:19)
      at node_modules/.pnpm/@testing-library+dom@10.4.1/node_modules/@testing-library/dom/dist/query-helpers.js:76:38
      at node_modules/.pnpm/@testing-library+dom@10.4.1/node_modules/@testing-library/dom/dist/query-helpers.js:52:17
      at node_modules/.pnpm/@testing-library+dom@10.4.1/node_modules/@testing-library/dom/dist/query-helpers.js:95:19
      at Object.getByText (__tests__/components/clinica/ContaSection.test.tsx:66:14)

  ÔùÅ ContaSection ÔÇ║ deve exibir informa├º├Áes b├ísicas da cl├¡nica quando dados est├úo incompletos

    TestingLibraryElementError: Unable to find an element with the text: Nenhum gestor RH cadastrado. This could be because the text is broken up by multiple elements. In this case, you can provide a function for your text matcher to make your matcher more flexible.

    Ignored nodes: comments, script, style
    <body>
      <div>
        <div
          class="mb-6"
        >
          <h1
            class="text-2xl font-bold text-gray-900"
          >
            Informa├º├Áes da Conta
          </h1>
          <p
            class="text-sm text-gray-600 mt-1"
          >
            Dados cadastrais da empresa e gestores
          </p>
        </div>
        <div
          class="space-y-6"
        >
          <div
            class="bg-white rounded-lg shadow-sm p-6 border border-gray-200"
          >
            <div
              class="flex items-center gap-3 mb-4"
            >
              <div
                class="p-3 bg-primary-100 rounded-lg"
              >
                <svg
                  aria-hidden="true"
                  class="lucide lucide-building2 lucide-building-2 text-primary-600"
                  fill="none"
                  height="24"
                  stroke="currentColor"
                  stroke-linecap="round"
                  stroke-linejoin="round"
                  stroke-width="2"
                  viewBox="0 0 24 24"
                  width="24"
                  xmlns="http://www.w3.org/2000/svg"
                >
                  <path
                    d="M10 12h4"
                  />
                  <path
                    d="M10 8h4"
                  />
                  <path
                    d="M14 21v-3a2 2 0 0 0-4 0v3"
                  />
                  <path
                    d="M6 10H4a2 2 0 0 0-2 2v7a2 2 0 0 0 2 2h16a2 2 0 0 0 2-2V9a2 2 0 0 0-2-2h-2"
                  />
                  <path
                    d="M6 21V5a2 2 0 0 1 2-2h8a2 2 0 0 1 2 2v16"
                  />
                </svg>
              </div>
              <div>
                <h2
                  class="text-lg font-semibold text-gray-900"
                >
                  Dados da Empresa
                </h2>
                <p
                  class="text-sm text-gray-600"
                >
                  Informa├º├Áes cadastrais
                </p>
              </div>
            </div>
            <div
              class="grid grid-cols-1 md:grid-cols-2 gap-6"
            >
              <div
                class="space-y-3"
              >
                <div>
                  <label
                    class="text-xs text-gray-500 uppercase tracking-wide"
                  >
                    Nome
                  </label>
                  <p
                    class="text-sm text-gray-900 font-medium"
                  >
                    Cl├¡nica B├ísica
                  </p>
                </div>
              </div>
              <div
                class="space-y-3"
              />
            </div>
          </div>
          <div
            class="bg-white rounded-lg shadow-sm p-6 border border-gray-200"
          >
            <div
              class="flex items-center gap-3 mb-4"
            >
              <div
                class="p-3 bg-primary-100 rounded-lg"
              >
                <svg
                  aria-hidden="true"
                  class="lucide lucide-credit-card text-primary-600"
                  fill="none"
                  height="24"
                  stroke="currentColor"
                  stroke-linecap="round"
                  stroke-linejoin="round"
                  stroke-width="2"
                  viewBox="0 0 24 24"
                  width="24"
                  xmlns="http://www.w3.org/2000/svg"
                >
                  <rect
                    height="14"
                    rx="2"
                    width="20"
                    x="2"
                    y="5"
                  />
                  <line
                    x1="2"
                    x2="22"
                    y1="10"
                    y2="10"
                  />
                </svg>
              </div>
              <div>
                <h2
                  class="text-lg font-semibold text-gray-900"
                >
                  Dados Financeiros de Laudos
                </h2>
                <p
                  class="text-sm text-gray-600"
                >
                  Hist├│rico de pagamentos
                </p>
              </div>
            </div>
            <div
              class="flex items-center justify-center py-8 text-gray-400 gap-2"
            >
              <svg
                aria-hidden="true"
                class="lucide lucide-loader-circle animate-spin"
                fill="none"
                height="20"
                stroke="currentColor"
                stroke-linecap="round"
                stroke-linejoin="round"
                stroke-width="2"
                viewBox="0 0 24 24"
                width="20"
                xmlns="http://www.w3.org/2000/svg"
              >
                <path
                  d="M21 12a9 9 0 1 1-6.219-8.56"
                />
              </svg>
              <span
                class="text-sm"
              >
                Carregando pagamentos...
              </span>
            </div>
          </div>
        </div>
      </div>
    </body>

      103 |
      104 |     expect(screen.getByText('Cl├¡nica B├ísica')).toBeInTheDocument();
    > 105 |     expect(screen.getByText('Nenhum gestor RH cadastrado')).toBeInTheDocument();
          |                   ^
      106 |   });
      107 |
      108 |   it('n├úo deve exibir Status quando plano.status for aguardando_pagamento', async () => {

      at Object.getElementError (node_modules/.pnpm/@testing-library+dom@10.4.1/node_modules/@testing-library/dom/dist/config.js:37:19)
      at node_modules/.pnpm/@testing-library+dom@10.4.1/node_modules/@testing-library/dom/dist/query-helpers.js:76:38
      at node_modules/.pnpm/@testing-library+dom@10.4.1/node_modules/@testing-library/dom/dist/query-helpers.js:52:17
      at node_modules/.pnpm/@testing-library+dom@10.4.1/node_modules/@testing-library/dom/dist/query-helpers.js:95:19
      at Object.getByText (__tests__/components/clinica/ContaSection.test.tsx:105:19)

  ÔùÅ ContaSection ÔÇ║ exibe vig├¬ncia como "ÔÇö" quando datas n├úo informadas

    TestingLibraryElementError: Unable to find an accessible element with the role "button" and name `/Plano/`

    Here are the accessible roles:

      heading:

      Name "Informa├º├Áes da Conta":
      <h1
        class="text-2xl font-bold text-gray-900"
      />

      Name "Dados da Empresa":
      <h2
        class="text-lg font-semibold text-gray-900"
      />

      Name "Dados Financeiros de Laudos":
      <h2
        class="text-lg font-semibold text-gray-900"
      />

      --------------------------------------------------
      paragraph:

      Name "":
      <p
        class="text-sm text-gray-600 mt-1"
      />

      Name "":
      <p
        class="text-sm text-gray-600"
      />

      Name "":
      <p
        class="text-sm text-gray-900 font-medium"
      />

      Name "":
      <p
        class="text-sm text-gray-600"
      />

      --------------------------------------------------

    Ignored nodes: comments, script, style
    <body>
      <div>
        <div
          class="mb-6"
        >
          <h1
            class="text-2xl font-bold text-gray-900"
          >
            Informa├º├Áes da Conta
          </h1>
          <p
            class="text-sm text-gray-600 mt-1"
          >
            Dados cadastrais da empresa e gestores
          </p>
        </div>
        <div
          class="space-y-6"
        >
          <div
            class="bg-white rounded-lg shadow-sm p-6 border border-gray-200"
          >
            <div
              class="flex items-center gap-3 mb-4"
            >
              <div
                class="p-3 bg-primary-100 rounded-lg"
              >
                <svg
                  aria-hidden="true"
                  class="lucide lucide-building2 lucide-building-2 text-primary-600"
                  fill="none"
                  height="24"
                  stroke="currentColor"
                  stroke-linecap="round"
                  stroke-linejoin="round"
                  stroke-width="2"
                  viewBox="0 0 24 24"
                  width="24"
                  xmlns="http://www.w3.org/2000/svg"
                >
                  <path
                    d="M10 12h4"
                  />
                  <path
                    d="M10 8h4"
                  />
                  <path
                    d="M14 21v-3a2 2 0 0 0-4 0v3"
                  />
                  <path
                    d="M6 10H4a2 2 0 0 0-2 2v7a2 2 0 0 0 2 2h16a2 2 0 0 0 2-2V9a2 2 0 0 0-2-2h-2"
                  />
                  <path
                    d="M6 21V5a2 2 0 0 1 2-2h8a2 2 0 0 1 2 2v16"
                  />
                </svg>
              </div>
              <div>
                <h2
                  class="text-lg font-semibold text-gray-900"
                >
                  Dados da Empresa
                </h2>
                <p
                  class="text-sm text-gray-600"
                >
                  Informa├º├Áes cadastrais
                </p>
              </div>
            </div>
            <div
              class="grid grid-cols-1 md:grid-cols-2 gap-6"
            >
              <div
                class="space-y-3"
              >
                <div>
                  <label
                    class="text-xs text-gray-500 uppercase tracking-wide"
                  >
                    Nome
                  </label>
                  <p
                    class="text-sm text-gray-900 font-medium"
                  >
                    Cl├¡nica Vigencia
                  </p>
                </div>
              </div>
              <div
                class="space-y-3"
              />
            </div>
          </div>
          <div
            class="bg-white rounded-lg shadow-sm p-6 border border-gray-200"
          >
            <div
              class="flex items-center gap-3 mb-4"
            >
              <div
                class="p-3 bg-primary-100 rounded-lg"
              >
                <svg
                  aria-hidden="true"
                  class="lucide lucide-credit-card text-primary-600"
                  fill="none"
                  height="24"
                  stroke="currentColor"
                  stroke-linecap="round"
                  stroke-linejoin="round"
                  stroke-width="2"
                  viewBox="0 0 24 24"
                  width="24"
                  xmlns="http://www.w3.org/2000/svg"
                >
                  <rect
                    height="14"
                    rx="2"
                    width="20"
                    x="2"
                    y="5"
                  />
                  <line
                    x1="2"
                    x2="22"
                    y1="10"
                    y2="10"
                  />
                </svg>
              </div>
              <div>
                <h2
                  class="text-lg font-semibold text-gray-900"
                >
                  Dados Financeiros de Laudos
                </h2>
                <p
                  class="text-sm text-gray-600"
                >
                  Hist├│rico de pagamentos
                </p>
              </div>
            </div>
            <div
              class="flex items-center justify-center py-8 text-gray-400 gap-2"
            >
              <svg
                aria-hidden="true"
                class="lucide lucide-loader-circle animate-spin"
                fill="none"
                height="20"
                stroke="currentColor"
                stroke-linecap="round"
                stroke-linejoin="round"
                stroke-width="2"
                viewBox="0 0 24 24"
                width="20"
                xmlns="http://www.w3.org/2000/svg"
              >
                <path
                  d="M21 12a9 9 0 1 1-6.219-8.56"
                />
              </svg>
              <span
                class="text-sm"
              >
                Carregando pagamentos...
              </span>
            </div>
          </div>
        </div>
      </div>
    </body>

      165 |
      166 |     // Ir para a aba Plano para visualizar Vig├¬ncia
    > 167 |     fireEvent.click(screen.getByRole('button', { name: /Plano/ }));
          |                            ^
      168 |
      169 |     await waitFor(() => {
      170 |       expect(screen.getByText('Vig├¬ncia')).toBeInTheDocument();

      at Object.getElementError (node_modules/.pnpm/@testing-library+dom@10.4.1/node_modules/@testing-library/dom/dist/config.js:37:19)
      at node_modules/.pnpm/@testing-library+dom@10.4.1/node_modules/@testing-library/dom/dist/query-helpers.js:76:38
      at node_modules/.pnpm/@testing-library+dom@10.4.1/node_modules/@testing-library/dom/dist/query-helpers.js:52:17
      at node_modules/.pnpm/@testing-library+dom@10.4.1/node_modules/@testing-library/dom/dist/query-helpers.js:95:19
      at Object.getByRole (__tests__/components/clinica/ContaSection.test.tsx:167:28)

  ÔùÅ ContaSection ÔÇ║ calcula vig├¬ncia como data de contrata├º├úo + 364 dias

    TestingLibraryElementError: Unable to find an accessible element with the role "button" and name `/Plano/`

    Here are the accessible roles:

      heading:

      Name "Informa├º├Áes da Conta":
      <h1
        class="text-2xl font-bold text-gray-900"
      />

      Name "Dados da Empresa":
      <h2
        class="text-lg font-semibold text-gray-900"
      />

      Name "Dados Financeiros de Laudos":
      <h2
        class="text-lg font-semibold text-gray-900"
      />

      --------------------------------------------------
      paragraph:

      Name "":
      <p
        class="text-sm text-gray-600 mt-1"
      />

      Name "":
      <p
        class="text-sm text-gray-600"
      />

      Name "":
      <p
        class="text-sm text-gray-900 font-medium"
      />

      Name "":
      <p
        class="text-sm text-gray-600"
      />

      --------------------------------------------------

    Ignored nodes: comments, script, style
    <body>
      <div>
        <div
          class="mb-6"
        >
          <h1
            class="text-2xl font-bold text-gray-900"
          >
            Informa├º├Áes da Conta
          </h1>
          <p
            class="text-sm text-gray-600 mt-1"
          >
            Dados cadastrais da empresa e gestores
          </p>
        </div>
        <div
          class="space-y-6"
        >
          <div
            class="bg-white rounded-lg shadow-sm p-6 border border-gray-200"
          >
            <div
              class="flex items-center gap-3 mb-4"
            >
              <div
                class="p-3 bg-primary-100 rounded-lg"
              >
                <svg
                  aria-hidden="true"
                  class="lucide lucide-building2 lucide-building-2 text-primary-600"
                  fill="none"
                  height="24"
                  stroke="currentColor"
                  stroke-linecap="round"
                  stroke-linejoin="round"
                  stroke-width="2"
                  viewBox="0 0 24 24"
                  width="24"
                  xmlns="http://www.w3.org/2000/svg"
                >
                  <path
                    d="M10 12h4"
                  />
                  <path
                    d="M10 8h4"
                  />
                  <path
                    d="M14 21v-3a2 2 0 0 0-4 0v3"
                  />
                  <path
                    d="M6 10H4a2 2 0 0 0-2 2v7a2 2 0 0 0 2 2h16a2 2 0 0 0 2-2V9a2 2 0 0 0-2-2h-2"
                  />
                  <path
                    d="M6 21V5a2 2 0 0 1 2-2h8a2 2 0 0 1 2 2v16"
                  />
                </svg>
              </div>
              <div>
                <h2
                  class="text-lg font-semibold text-gray-900"
                >
                  Dados da Empresa
                </h2>
                <p
                  class="text-sm text-gray-600"
                >
                  Informa├º├Áes cadastrais
                </p>
              </div>
            </div>
            <div
              class="grid grid-cols-1 md:grid-cols-2 gap-6"
            >
              <div
                class="space-y-3"
              >
                <div>
                  <label
                    class="text-xs text-gray-500 uppercase tracking-wide"
                  >
                    Nome
                  </label>
                  <p
                    class="text-sm text-gray-900 font-medium"
                  >
                    Cl├¡nica Vigencia Calc
                  </p>
                </div>
              </div>
              <div
                class="space-y-3"
              />
            </div>
          </div>
          <div
            class="bg-white rounded-lg shadow-sm p-6 border border-gray-200"
          >
            <div
              class="flex items-center gap-3 mb-4"
            >
              <div
                class="p-3 bg-primary-100 rounded-lg"
              >
                <svg
                  aria-hidden="true"
                  class="lucide lucide-credit-card text-primary-600"
                  fill="none"
                  height="24"
                  stroke="currentColor"
                  stroke-linecap="round"
                  stroke-linejoin="round"
                  stroke-width="2"
                  viewBox="0 0 24 24"
                  width="24"
                  xmlns="http://www.w3.org/2000/svg"
                >
                  <rect
                    height="14"
                    rx="2"
                    width="20"
                    x="2"
                    y="5"
                  />
                  <line
                    x1="2"
                    x2="22"
                    y1="10"
                    y2="10"
                  />
                </svg>
              </div>
              <div>
                <h2
                  class="text-lg font-semibold text-gray-900"
                >
                  Dados Financeiros de Laudos
                </h2>
                <p
                  class="text-sm text-gray-600"
                >
                  Hist├│rico de pagamentos
                </p>
              </div>
            </div>
            <div
              class="flex items-center justify-center py-8 text-gray-400 gap-2"
            >
              <svg
                aria-hidden="true"
                class="lucide lucide-loader-circle animate-spin"
                fill="none"
                height="20"
                stroke="currentColor"
                stroke-linecap="round"
                stroke-linejoin="round"
                stroke-width="2"
                viewBox="0 0 24 24"
                width="20"
                xmlns="http://www.w3.org/2000/svg"
              >
                <path
                  d="M21 12a9 9 0 1 1-6.219-8.56"
                />
              </svg>
              <span
                class="text-sm"
              >
                Carregando pagamentos...
              </span>
            </div>
          </div>
        </div>
      </div>
    </body>

      214 |     });
      215 |
    > 216 |     fireEvent.click(screen.getByRole('button', { name: /Plano/ }));
          |                            ^
      217 |
      218 |     await waitFor(() => {
      219 |       expect(screen.getByText('Vig├¬ncia')).toBeInTheDocument();

      at Object.getElementError (node_modules/.pnpm/@testing-library+dom@10.4.1/node_modules/@testing-library/dom/dist/config.js:37:19)
      at node_modules/.pnpm/@testing-library+dom@10.4.1/node_modules/@testing-library/dom/dist/query-helpers.js:76:38
      at node_modules/.pnpm/@testing-library+dom@10.4.1/node_modules/@testing-library/dom/dist/query-helpers.js:52:17
      at node_modules/.pnpm/@testing-library+dom@10.4.1/node_modules/@testing-library/dom/dist/query-helpers.js:95:19
      at Object.getByRole (__tests__/components/clinica/ContaSection.test.tsx:216:28)

  ÔùÅ ContaSection ÔÇ║ calcula vig├¬ncia a partir da data de pagamento quando contrata├º├úo ausente

    TestingLibraryElementError: Unable to find an accessible element with the role "button" and name `/Plano/`

    Here are the accessible roles:

      heading:

      Name "Informa├º├Áes da Conta":
      <h1
        class="text-2xl font-bold text-gray-900"
      />

      Name "Dados da Empresa":
      <h2
        class="text-lg font-semibold text-gray-900"
      />

      Name "Dados Financeiros de Laudos":
      <h2
        class="text-lg font-semibold text-gray-900"
      />

      --------------------------------------------------
      paragraph:

      Name "":
      <p
        class="text-sm text-gray-600 mt-1"
      />

      Name "":
      <p
        class="text-sm text-gray-600"
      />

      Name "":
      <p
        class="text-sm text-gray-900 font-medium"
      />

      Name "":
      <p
        class="text-sm text-gray-600"
      />

      --------------------------------------------------

    Ignored nodes: comments, script, style
    <body>
      <div>
        <div
          class="mb-6"
        >
          <h1
            class="text-2xl font-bold text-gray-900"
          >
            Informa├º├Áes da Conta
          </h1>
          <p
            class="text-sm text-gray-600 mt-1"
          >
            Dados cadastrais da empresa e gestores
          </p>
        </div>
        <div
          class="space-y-6"
        >
          <div
            class="bg-white rounded-lg shadow-sm p-6 border border-gray-200"
          >
            <div
              class="flex items-center gap-3 mb-4"
            >
              <div
                class="p-3 bg-primary-100 rounded-lg"
              >
                <svg
                  aria-hidden="true"
                  class="lucide lucide-building2 lucide-building-2 text-primary-600"
                  fill="none"
                  height="24"
                  stroke="currentColor"
                  stroke-linecap="round"
                  stroke-linejoin="round"
                  stroke-width="2"
                  viewBox="0 0 24 24"
                  width="24"
                  xmlns="http://www.w3.org/2000/svg"
                >
                  <path
                    d="M10 12h4"
                  />
                  <path
                    d="M10 8h4"
                  />
                  <path
                    d="M14 21v-3a2 2 0 0 0-4 0v3"
                  />
                  <path
                    d="M6 10H4a2 2 0 0 0-2 2v7a2 2 0 0 0 2 2h16a2 2 0 0 0 2-2V9a2 2 0 0 0-2-2h-2"
                  />
                  <path
                    d="M6 21V5a2 2 0 0 1 2-2h8a2 2 0 0 1 2 2v16"
                  />
                </svg>
              </div>
              <div>
                <h2
                  class="text-lg font-semibold text-gray-900"
                >
                  Dados da Empresa
                </h2>
                <p
                  class="text-sm text-gray-600"
                >
                  Informa├º├Áes cadastrais
                </p>
              </div>
            </div>
            <div
              class="grid grid-cols-1 md:grid-cols-2 gap-6"
            >
              <div
                class="space-y-3"
              >
                <div>
                  <label
                    class="text-xs text-gray-500 uppercase tracking-wide"
                  >
                    Nome
                  </label>
                  <p
                    class="text-sm text-gray-900 font-medium"
                  >
                    Cl├¡nica Vigencia Pagamento
                  </p>
                </div>
              </div>
              <div
                class="space-y-3"
              />
            </div>
          </div>
          <div
            class="bg-white rounded-lg shadow-sm p-6 border border-gray-200"
          >
            <div
              class="flex items-center gap-3 mb-4"
            >
              <div
                class="p-3 bg-primary-100 rounded-lg"
              >
                <svg
                  aria-hidden="true"
                  class="lucide lucide-credit-card text-primary-600"
                  fill="none"
                  height="24"
                  stroke="currentColor"
                  stroke-linecap="round"
                  stroke-linejoin="round"
                  stroke-width="2"
                  viewBox="0 0 24 24"
                  width="24"
                  xmlns="http://www.w3.org/2000/svg"
                >
                  <rect
                    height="14"
                    rx="2"
                    width="20"
                    x="2"
                    y="5"
                  />
                  <line
                    x1="2"
                    x2="22"
                    y1="10"
                    y2="10"
                  />
                </svg>
              </div>
              <div>
                <h2
                  class="text-lg font-semibold text-gray-900"
                >
                  Dados Financeiros de Laudos
                </h2>
                <p
                  class="text-sm text-gray-600"
                >
                  Hist├│rico de pagamentos
                </p>
              </div>
            </div>
            <div
              class="flex items-center justify-center py-8 text-gray-400 gap-2"
            >
              <svg
                aria-hidden="true"
                class="lucide lucide-loader-circle animate-spin"
                fill="none"
                height="20"
                stroke="currentColor"
                stroke-linecap="round"
                stroke-linejoin="round"
                stroke-width="2"
                viewBox="0 0 24 24"
                width="20"
                xmlns="http://www.w3.org/2000/svg"
              >
                <path
                  d="M21 12a9 9 0 1 1-6.219-8.56"
                />
              </svg>
              <span
                class="text-sm"
              >
                Carregando pagamentos...
              </span>
            </div>
          </div>
        </div>
      </div>
    </body>

      271 |     });
      272 |
    > 273 |     fireEvent.click(screen.getByRole('button', { name: /Plano/ }));
          |                            ^
      274 |
      275 |     await waitFor(() => {
      276 |       expect(screen.getByText('Vig├¬ncia')).toBeInTheDocument();

      at Object.getElementError (node_modules/.pnpm/@testing-library+dom@10.4.1/node_modules/@testing-library/dom/dist/config.js:37:19)
      at node_modules/.pnpm/@testing-library+dom@10.4.1/node_modules/@testing-library/dom/dist/query-helpers.js:76:38
      at node_modules/.pnpm/@testing-library+dom@10.4.1/node_modules/@testing-library/dom/dist/query-helpers.js:52:17
      at node_modules/.pnpm/@testing-library+dom@10.4.1/node_modules/@testing-library/dom/dist/query-helpers.js:95:19
      at Object.getByRole (__tests__/components/clinica/ContaSection.test.tsx:273:28)

RBAC seed applied to test database
RBAC seed applied to test database
RBAC seed applied to test database
RBAC seed applied to test database
FAIL __tests__/system/emissor-local-banco-prod.test.ts
  ÔùÅ Console

    console.log
      [dotenv@17.2.3] injecting env (0) from .env.test -- tip: ­ƒùé´©Å backup and recover secrets: https://dotenvx.com/ops

      at _log (node_modules/.pnpm/dotenv@17.2.3/node_modules/dotenv/lib/main.js:142:11)

    console.log
      ­ƒøí´©Å [jest.setup] Removendo DATABASE_URL do ambiente de testes (valor n├úo importa)

      at Object.<anonymous> (__tests__/config/jest.setup.js:125:17)

    console.log
      ­ƒøí´©Å [jest.setup] Prote├º├úo do banco de testes ativada - usando: nr-bps_db_test

      at Object.<anonymous> (__tests__/config/jest.setup.js:150:13)

  ÔùÅ ­ƒöº Emissor Local ÔåÆ Banco PROD ÔÇ║ Documenta├º├úo ÔÇ║ DEVE existir documento de corre├º├úo

    expect(received).toBe(expected) // Object.is equality

    Expected: true
    Received: false

      187 |         '../../CORRECAO_EMISSOR_LOCAL_BANCO_PROD.md'
      188 |       );
    > 189 |       expect(fs.existsSync(docPath)).toBe(true);
          |                                      ^
      190 |     });
      191 |
      192 |     it('Documento DEVE ter instru├º├Áes de teste', () => {

      at Object.toBe (__tests__/system/emissor-local-banco-prod.test.ts:189:38)

  ÔùÅ ­ƒöº Emissor Local ÔåÆ Banco PROD ÔÇ║ Documenta├º├úo ÔÇ║ Documento DEVE ter instru├º├Áes de teste

    ENOENT: no such file or directory, open 'C:\apps\QWork\CORRECAO_EMISSOR_LOCAL_BANCO_PROD.md'

      195 |         '../../CORRECAO_EMISSOR_LOCAL_BANCO_PROD.md'
      196 |       );
    > 197 |       const content = fs.readFileSync(docPath, 'utf-8');
          |                          ^
      198 |
      199 |       expect(content).toContain('COMO TESTAR');
      200 |       expect(content).toContain('pnpm dev');

      at Object.readFileSync (__tests__/system/emissor-local-banco-prod.test.ts:197:26)

  ÔùÅ ­ƒöº Emissor Local ÔåÆ Banco PROD ÔÇ║ Documenta├º├úo ÔÇ║ Documento DEVE explicar o fluxo

    ENOENT: no such file or directory, open 'C:\apps\QWork\CORRECAO_EMISSOR_LOCAL_BANCO_PROD.md'

      207 |         '../../CORRECAO_EMISSOR_LOCAL_BANCO_PROD.md'
      208 |       );
    > 209 |       const content = fs.readFileSync(docPath, 'utf-8');
          |                          ^
      210 |
      211 |       expect(content).toContain('Pagamento');
      212 |       expect(content).toContain('Neon');

      at Object.readFileSync (__tests__/system/emissor-local-banco-prod.test.ts:209:26)

PASS __tests__/lib/laudo-design-updates.test.ts
  ÔùÅ Console

    console.log
      [dotenv@17.2.3] injecting env (0) from .env.test -- tip: ÔÜÖ´©Å  specify custom .env file path with { path: '/custom/path/.env' }

      at _log (node_modules/.pnpm/dotenv@17.2.3/node_modules/dotenv/lib/main.js:142:11)

    console.log
      ­ƒøí´©Å [jest.setup] Removendo DATABASE_URL do ambiente de testes (valor n├úo importa)

      at Object.<anonymous> (__tests__/config/jest.setup.js:125:17)

    console.log
      ­ƒøí´©Å [jest.setup] Prote├º├úo do banco de testes ativada - usando: nr-bps_db_test

      at Object.<anonymous> (__tests__/config/jest.setup.js:150:13)

PASS __tests__/api/emissor/upload-laudo-bucket.test.ts
  ÔùÅ Console

    console.log
      [dotenv@17.2.3] injecting env (0) from .env.test -- tip: ­ƒöÉ prevent building .env in docker: https://dotenvx.com/prebuild

      at _log (node_modules/.pnpm/dotenv@17.2.3/node_modules/dotenv/lib/main.js:142:11)

    console.log
      ­ƒøí´©Å [jest.setup] Removendo DATABASE_URL do ambiente de testes (valor n├úo importa)

      at Object.<anonymous> (__tests__/config/jest.setup.js:125:17)

    console.log
      ­ƒøí´©Å [jest.setup] Prote├º├úo do banco de testes ativada - usando: nr-bps_db_test

      at Object.<anonymous> (__tests__/config/jest.setup.js:150:13)

    console.log
      ­ƒöî [lib/db.ts] Conectado ao banco: nr-bps_db_test @ localhost (ambiente: test)

      at Object.log (lib/db.ts:673:15)

RBAC seed applied to test database
RBAC seed applied to test database
RBAC seed applied to test database
RBAC seed applied to test database
RBAC seed applied to test database
FAIL __tests__/integracao/empresa-dashboard-refatorada.test.tsx
  ÔùÅ Test suite failed to run

    Configuration error:

    Could not locate module @/components/RelatorioSetor mapped as:
    C:\apps\QWork\$1.

    Please check your configuration for these entries:
    {
      "moduleNameMapper": {
        "/^@\/(.*)$/": "C:\apps\QWork\$1"
      },
      "resolver": undefined
    }

      23 | });
      24 |
    > 25 | jest.mock('@/components/RelatorioSetor', () => {
         |      ^
      26 |   return function MockRelatorio() {
      27 |     return <div data-testid="relatorio-setor">Relat├│rio Setor</div>;
      28 |   };

      at createNoMappedModuleFoundError (node_modules/.pnpm/jest-resolve@30.2.0/node_modules/jest-resolve/build/index.js:1117:17)
      at Object.mock (__tests__/integracao/empresa-dashboard-refatorada.test.tsx:25:6)

FAIL __tests__/database/migrations-integrity.test.ts
  ÔùÅ Console

    console.log
      [dotenv@17.2.3] injecting env (0) from .env.test -- tip: ­ƒùé´©Å backup and recover secrets: https://dotenvx.com/ops

      at _log (node_modules/.pnpm/dotenv@17.2.3/node_modules/dotenv/lib/main.js:142:11)

    console.log
      ­ƒøí´©Å [jest.setup] Removendo DATABASE_URL do ambiente de testes (valor n├úo importa)

      at Object.<anonymous> (__tests__/config/jest.setup.js:125:17)

    console.log
      ­ƒøí´©Å [jest.setup] Prote├º├úo do banco de testes ativada - usando: nr-bps_db_test

      at Object.<anonymous> (__tests__/config/jest.setup.js:150:13)

    console.log
      ­ƒöî [lib/db.ts] Conectado ao banco: nr-bps_db_test @ localhost (ambiente: test)

      at Object.log (lib/db.ts:673:15)

  ÔùÅ Migrations de Corre├º├úo - Integridade ÔÇ║ Migration 011: FK clinicas_empresas ÔÇ║ deve ter FK correta para clinicas.id

    expect(received).toBe(expected) // Object.is equality

    Expected: 1
    Received: 0

      26 |       `);
      27 |
    > 28 |       expect(result.rows.length).toBe(1);
         |                                  ^
      29 |       expect(result.rows[0].foreign_table_name).toBe('clinicas');
      30 |       expect(result.rows[0].foreign_column_name).toBe('id');
      31 |     });

      at Object.toBe (__tests__/database/migrations-integrity.test.ts:28:34)

  ÔùÅ Migrations de Corre├º├úo - Integridade ÔÇ║ Migration 011: FK clinicas_empresas ÔÇ║ deve deletar em cascade quando cl├¡nica for removida

    error: o valor nulo na coluna "email" da rela├º├úo "clinicas" viola a restri├º├úo de n├úo-nulo

      487 |         // No session: just execute the query normally
      488 |         try {
    > 489 |           const result = await client.query(text, params);
          |                          ^
      490 |           const duration = Date.now() - start;
      491 |
      492 |           // Log apenas queries lentas (>500ms)

      at node_modules/.pnpm/pg@8.16.3/node_modules/pg/lib/client.js:545:17
      at query (lib/db.ts:489:26)
      at Object.<anonymous> (__tests__/database/migrations-integrity.test.ts:44:23)

  ÔùÅ Migrations de Corre├º├úo - Integridade ÔÇ║ Migration 013: nivel_cargo NOT NULL e valida├º├úo ÔÇ║ deve permitir admin sem nivel_cargo

    error: coluna "clinica_id" da rela├º├úo "funcionarios" n├úo existe

      487 |         // No session: just execute the query normally
      488 |         try {
    > 489 |           const result = await client.query(text, params);
          |                          ^
      490 |           const duration = Date.now() - start;
      491 |
      492 |           // Log apenas queries lentas (>500ms)

      at node_modules/.pnpm/pg@8.16.3/node_modules/pg/lib/client.js:545:17
      at query (lib/db.ts:489:26)
      at Object.<anonymous> (__tests__/database/migrations-integrity.test.ts:133:22)

  ÔùÅ Migrations de Corre├º├úo - Integridade ÔÇ║ Migration 013: nivel_cargo NOT NULL e valida├º├úo ÔÇ║ deve aceitar apenas operacional ou gestao para funcion├írios

    error: coluna "empresa_id" da rela├º├úo "funcionarios" n├úo existe

      487 |         // No session: just execute the query normally
      488 |         try {
    > 489 |           const result = await client.query(text, params);
          |                          ^
      490 |           const duration = Date.now() - start;
      491 |
      492 |           // Log apenas queries lentas (>500ms)

      at node_modules/.pnpm/pg@8.16.3/node_modules/pg/lib/client.js:545:17
      at query (lib/db.ts:489:26)
      at Object.<anonymous> (__tests__/database/migrations-integrity.test.ts:147:22)

PASS __tests__/components/payments/PaymentItem.test.tsx
  ÔùÅ Console

    console.log
      [dotenv@17.2.3] injecting env (0) from .env.test -- tip: ­ƒöÉ prevent building .env in docker: https://dotenvx.com/prebuild

      at _log (node_modules/.pnpm/dotenv@17.2.3/node_modules/dotenv/lib/main.js:142:11)

    console.log
      ­ƒøí´©Å [jest.setup] Removendo DATABASE_URL do ambiente de testes (valor n├úo importa)

      at Object.<anonymous> (__tests__/config/jest.setup.js:125:17)

    console.log
      ­ƒøí´©Å [jest.setup] Prote├º├úo do banco de testes ativada - usando: nr-bps_db_test

      at Object.<anonymous> (__tests__/config/jest.setup.js:150:13)

FAIL __tests__/avaliacao/indice-avaliacao.test.ts
  ÔùÅ Console

    console.log
      [dotenv@17.2.3] injecting env (0) from .env.test -- tip: ­ƒöÉ encrypt with Dotenvx: https://dotenvx.com

      at _log (node_modules/.pnpm/dotenv@17.2.3/node_modules/dotenv/lib/main.js:142:11)

    console.log
      ­ƒøí´©Å [jest.setup] Removendo DATABASE_URL do ambiente de testes (valor n├úo importa)

      at Object.<anonymous> (__tests__/config/jest.setup.js:125:17)

    console.log
      ­ƒøí´©Å [jest.setup] Prote├º├úo do banco de testes ativada - usando: nr-bps_db_test

      at Object.<anonymous> (__tests__/config/jest.setup.js:150:13)

    console.log
      ­ƒöî [lib/db.ts] Conectado ao banco: nr-bps_db_test @ localhost (ambiente: test)

      at Object.log (lib/db.ts:673:15)

  ÔùÅ Sistema de ├ìndice de Avalia├º├úo ÔÇ║ Campos da tabela funcionarios ÔÇ║ deve ter campos indice_avaliacao e data_ultimo_lote

    error: o valor nulo na coluna "telefone" da rela├º├úo "clinicas" viola a restri├º├úo de n├úo-nulo

      487 |         // No session: just execute the query normally
      488 |         try {
    > 489 |           const result = await client.query(text, params);
          |                          ^
      490 |           const duration = Date.now() - start;
      491 |
      492 |           // Log apenas queries lentas (>500ms)

      at node_modules/.pnpm/pg@8.16.3/node_modules/pg/lib/client.js:545:17
      at query (lib/db.ts:489:26)
      at Object.<anonymous> (__tests__/avaliacao/indice-avaliacao.test.ts:24:27)

  ÔùÅ Sistema de ├ìndice de Avalia├º├úo ÔÇ║ Campo numero_ordem em lotes_avaliacao ÔÇ║ deve ter campo numero_ordem

    error: o valor nulo na coluna "telefone" da rela├º├úo "clinicas" viola a restri├º├úo de n├úo-nulo

      487 |         // No session: just execute the query normally
      488 |         try {
    > 489 |           const result = await client.query(text, params);
          |                          ^
      490 |           const duration = Date.now() - start;
      491 |
      492 |           // Log apenas queries lentas (>500ms)

      at node_modules/.pnpm/pg@8.16.3/node_modules/pg/lib/client.js:545:17
      at query (lib/db.ts:489:26)
      at Object.<anonymous> (__tests__/avaliacao/indice-avaliacao.test.ts:24:27)

  ÔùÅ Sistema de ├ìndice de Avalia├º├úo ÔÇ║ Fun├º├úo obter_proximo_numero_ordem ÔÇ║ deve retornar pr├│ximo n├║mero de ordem

    error: o valor nulo na coluna "telefone" da rela├º├úo "clinicas" viola a restri├º├úo de n├úo-nulo

      487 |         // No session: just execute the query normally
      488 |         try {
    > 489 |           const result = await client.query(text, params);
          |                          ^
      490 |           const duration = Date.now() - start;
      491 |
      492 |           // Log apenas queries lentas (>500ms)

      at node_modules/.pnpm/pg@8.16.3/node_modules/pg/lib/client.js:545:17
      at query (lib/db.ts:489:26)
      at Object.<anonymous> (__tests__/avaliacao/indice-avaliacao.test.ts:24:27)

  ÔùÅ Sistema de ├ìndice de Avalia├º├úo ÔÇ║ Atualiza├º├úo de ├ìndice ÔÇ║ deve atualizar ├¡ndice ap├│s conclus├úo de avalia├º├úo

    error: o valor nulo na coluna "telefone" da rela├º├úo "clinicas" viola a restri├º├úo de n├úo-nulo

      487 |         // No session: just execute the query normally
      488 |         try {
    > 489 |           const result = await client.query(text, params);
          |                          ^
      490 |           const duration = Date.now() - start;
      491 |
      492 |           // Log apenas queries lentas (>500ms)

      at node_modules/.pnpm/pg@8.16.3/node_modules/pg/lib/client.js:545:17
      at query (lib/db.ts:489:26)
      at Object.<anonymous> (__tests__/avaliacao/indice-avaliacao.test.ts:24:27)

  ÔùÅ Sistema de ├ìndice de Avalia├º├úo ÔÇ║ Atualiza├º├úo de ├ìndice ÔÇ║ n├úo deve considerar funcion├írio com indice = numero_ordem - 1 como atrasado (caso limite)

    error: o valor nulo na coluna "telefone" da rela├º├úo "clinicas" viola a restri├º├úo de n├úo-nulo

      487 |         // No session: just execute the query normally
      488 |         try {
    > 489 |           const result = await client.query(text, params);
          |                          ^
      490 |           const duration = Date.now() - start;
      491 |
      492 |           // Log apenas queries lentas (>500ms)

      at node_modules/.pnpm/pg@8.16.3/node_modules/pg/lib/client.js:545:17
      at query (lib/db.ts:489:26)
      at Object.<anonymous> (__tests__/avaliacao/indice-avaliacao.test.ts:24:27)

PASS __tests__/rh/funcionarios-filtros.test.tsx
  ÔùÅ Console

    console.log
      [dotenv@17.2.3] injecting env (0) from .env.test -- tip: ÔÜÖ´©Å  enable debug logging with { debug: true }

      at _log (node_modules/.pnpm/dotenv@17.2.3/node_modules/dotenv/lib/main.js:142:11)

    console.log
      ­ƒøí´©Å [jest.setup] Removendo DATABASE_URL do ambiente de testes (valor n├úo importa)

      at Object.<anonymous> (__tests__/config/jest.setup.js:125:17)

    console.log
      ­ƒøí´©Å [jest.setup] Prote├º├úo do banco de testes ativada - usando: nr-bps_db_test

      at Object.<anonymous> (__tests__/config/jest.setup.js:150:13)

PASS __tests__/pages/avaliacao-concluida.test.tsx
  ÔùÅ Console

    console.log
      [dotenv@17.2.3] injecting env (0) from .env.test -- tip: ­ƒöÉ encrypt with Dotenvx: https://dotenvx.com

      at _log (node_modules/.pnpm/dotenv@17.2.3/node_modules/dotenv/lib/main.js:142:11)

    console.log
      ­ƒøí´©Å [jest.setup] Removendo DATABASE_URL do ambiente de testes (valor n├úo importa)

      at Object.<anonymous> (__tests__/config/jest.setup.js:125:17)

    console.log
      ­ƒøí´©Å [jest.setup] Prote├º├úo do banco de testes ativada - usando: nr-bps_db_test

      at Object.<anonymous> (__tests__/config/jest.setup.js:150:13)

RBAC seed applied to test database
RBAC seed applied to test database
RBAC seed applied to test database
RBAC seed applied to test database
FAIL __tests__/lib/database-configuration.test.ts
  ÔùÅ Console

    console.log
      [dotenv@17.2.3] injecting env (0) from .env.test -- tip: ÔÜÖ´©Å  enable debug logging with { debug: true }

      at _log (node_modules/.pnpm/dotenv@17.2.3/node_modules/dotenv/lib/main.js:142:11)

    console.log
      ­ƒøí´©Å [jest.setup] Removendo DATABASE_URL do ambiente de testes (valor n├úo importa)

      at Object.<anonymous> (__tests__/config/jest.setup.js:125:17)

    console.log
      ­ƒøí´©Å [jest.setup] Prote├º├úo do banco de testes ativada - usando: nr-bps_db_test

      at Object.<anonymous> (__tests__/config/jest.setup.js:150:13)

    console.log
      ­ƒøí´©Å [TestDatabaseGuard] Prote├º├úo ativada - usando banco: nr-bps_db_test

      at log (__tests__/lib/test-database-guard.ts:62:11)

    console.log
      ­ƒøí´©Å [TestDatabaseGuard] Prote├º├úo ativada - usando banco: nr-bps_db_test

      at log (__tests__/lib/test-database-guard.ts:62:11)

    console.log
      ­ƒøí´©Å [TestDatabaseGuard] Prote├º├úo ativada - usando banco: nr-bps_db_test

      at log (__tests__/lib/test-database-guard.ts:62:11)

  ÔùÅ Database Configuration Tests ÔÇ║ Database URL validation messages ÔÇ║ should show clear message about development database when LOCAL_DATABASE_URL is not defined

    expect(received).toMatch(expected)

    Expected pattern: /banco "nr-bps_db"/
    Received string:  "import dotenv from 'dotenv';┬À
    // Load local env early to ensure LOCAL_DATABASE_URL, ALLOW_PROD_DB_LOCAL, and other overrides are available
    // This helps when scripts import lib/db.ts directly and .env.local wasn't loaded yet by the caller.
    // CR├ìTICO: override: true garante que .env.local SEMPRE sobrescreve outras configura├º├Áes
    //
    // ÔÜá´©Å SEGURAN├çA DE ISOLAMENTO DE TESTES: N├âO chamar dotenv.config em ambiente Jest.
    // Motivo: jest.setup.js (setupFiles) REMOVE process.env.DATABASE_URL (neon.tech) intencionalmente
    // para for├ºar o uso de TEST_DATABASE_URL (banco local). Se dotenv.config rodar aqui com
    // override:true, ele RESTAURA DATABASE_URL do .env.local para o processo do worker ÔÇö violando
    // o isolamento e causando conex├Áes acidentais ao banco de produ├º├úo.
    // JEST_WORKER_ID ├® injetado pelo Jest em todos os processos worker.
    if (!process.env.JEST_WORKER_ID && process.env.NODE_ENV !== 'test') {
      dotenv.config({ path: '.env.local', override: true });
    }┬À
    import pg from 'pg';
    import bcrypt from 'bcryptjs';
    import { Session } from './session';┬À
    export type { Session };┬À
    // ============================================================================
    // TIPAGEM FORTE PARA PERFIS
    // ============================================================================┬À
    /**
     * Perfis dispon├¡veis no sistema
     */
    export type Perfil = 'admin' | 'rh' | 'funcionario' | 'emissor' | 'gestor';┬À
    /**
     * Lista de perfis v├ílidos (para valida├º├úo em runtime)
     */
    export const PERFIS_VALIDOS: readonly Perfil[] = [
      'admin',
      'rh',
      'funcionario',
      'emissor',
      'gestor',
    ] as const;┬À
    /**
     * Valida├º├úo de perfil em runtime
     */
    export function isValidPerfil(value: unknown): value is Perfil {
      return (
        typeof value === 'string' &&
        (PERFIS_VALIDOS as readonly string[]).includes(value)
      );
    }┬À
    /**
     * Valida├º├úo com throw de erro
     */
    export function assertValidPerfil(value: unknown): asserts value is Perfil {
      if (!isValidPerfil(value)) {
        throw new Error(
          `Perfil inv├ílido: \"${String(value)}\". Perfis v├ílidos: ${PERFIS_VALIDOS.join(', ')}`
        );
      }
    }┬À
    // ============================================================================
    // TIPOS DE CONTRATA├ç├âO
    // ============================================================================┬À
    const { Pool } = pg;┬À
    // Detecta o ambiente com valida├º├úo rigorosa
    // Prioriza JEST_WORKER_ID para identificar testes reais
    const isRunningTests = !!process.env.JEST_WORKER_ID;
    const hasTestDatabaseUrl = !!process.env.TEST_DATABASE_URL;
    const NODE_ENV = process.env.NODE_ENV;┬À
    let environment = isRunningTests
      ? 'test'
      : NODE_ENV === 'production'
        ? 'production'
        : NODE_ENV === 'test'
          ? 'test'
          : 'development';┬À
    // Detectar banco de teste com regras mais seguras
    // - Se TEST_DATABASE_URL estiver explicitamente definida, s├│ considerar se realmente estamos em ambiente de testes (NODE_ENV==='test' ou Jest)
    // - Se DATABASE_URL ou LOCAL_DATABASE_URL cont├®m '_test', s├│ for├ºar ambiente test quando NODE_ENV==='test' ou estamos em Jest
    if (process.env.TEST_DATABASE_URL) {
      if (
        (process.env.NODE_ENV === 'test' || isRunningTests) &&
        process.env.TEST_DATABASE_URL.includes('_test')
      ) {
        environment = 'test';
      } else if (process.env.NODE_ENV === 'production') {
        // Em produ├º├úo, aceitar que TEST_DATABASE_URL possa existir (por exemplo em CI ou arquivos .env n├úo-ideais)
        // Ignorar silenciosamente para n├úo poluir o log de build e evitar falha de build por aviso
        // N├úo alteramos `environment` aqui ÔÇö produ├º├úo deve usar `DATABASE_URL`.
      } else if (!(process.env.NODE_ENV === 'test' || isRunningTests)) {
        console.warn(
          `ÔÜá´©Å TEST_DATABASE_URL est├í definida mas n├úo estamos em ambiente de teste (NODE_ENV !== \"test\", atual: \"${process.env.NODE_ENV || 'undefined'}\"). Ignorando TEST_DATABASE_URL para evitar uso do banco de testes durante desenvolvimento. Para resolver: remova TEST_DATABASE_URL do seu .env de desenvolvimento ou defina NODE_ENV=test ao executar os testes.`
        );
      } else if (!process.env.TEST_DATABASE_URL.includes('_test')) {
        console.warn(
          `ÔÜá´©Å TEST_DATABASE_URL est├í definida, mas n├úo aponta para um banco com sufixo \"_test\". Verifique a configura├º├úo de TEST_DATABASE_URL (atual: \"${process.env.TEST_DATABASE_URL || 'undefined'}\").`
        );
      }
    } else {
      const otherDbIndicatesTest =
        (process.env.DATABASE_URL && process.env.DATABASE_URL.includes('_test')) ||
        (process.env.LOCAL_DATABASE_URL &&
          process.env.LOCAL_DATABASE_URL.includes('_test'));┬À
      if (otherDbIndicatesTest) {
        if (process.env.NODE_ENV === 'test' || isRunningTests) {
          environment = 'test';
        } else {
          console.warn(
            'ÔÜá´©Å Vari├ível de conex├úo aponta para um banco de teste, mas NODE_ENV != \"test\" e n├úo estamos em Jest. Ignorando mudan├ºa para ambiente de teste para evitar uso acidental do banco de testes durante desenvolvimento.'
          );
        }
      }
    }┬À
    // VALIDA├ç├âO CR├ìTICA: Bloquear acesso ao banco de produ├º├úo em testes
    // Durante build, desabilitar valida├º├Áes estritas
    const isNextBuild =
      process.env.npm_lifecycle_event === 'build' ||
      process.env.npm_lifecycle_script?.includes('next build') ||
      (NODE_ENV === 'production' && !isRunningTests); // Assumir build se NODE_ENV=production e n├úo ├® Jest┬À
    if ((environment === 'test' || isRunningTests) && !isNextBuild) {
      // Verificar TODAS as vari├íveis de ambiente que possam conter connection strings
      const suspectVars = [
        process.env.DATABASE_URL,
        process.env.LOCAL_DATABASE_URL,
        process.env.TEST_DATABASE_URL,
      ].filter(Boolean);┬À
      for (const url of suspectVars) {
        // Se estamos em testes e TEST_DATABASE_URL est├í definida, preferimos o banco de testes
        // e ignoramos a presen├ºa de DATABASE_URL/LOCAL_DATABASE_URL no .env.local para evitar
        // erros quando desenvolvedores t├¬m o DATABASE_URL de produ├º├úo localmente.
        if (
          (environment === 'test' || isRunningTests) &&
          hasTestDatabaseUrl &&
          (url === process.env.DATABASE_URL ||
            url === process.env.LOCAL_DATABASE_URL)
        ) {
          // Pulando checagem desse valor espec├¡fico pois TEST_DATABASE_URL ser├í usada para conex├Áes em testes
          continue;
        }┬À
        // Bloquear uso de banco Neon Cloud (produ├º├úo) em testes
        if (url && url.includes('neon.tech') && !url.includes('_test')) {
          throw new Error(
            `­ƒÜ¿ ERRO CR├ìTICO DE SEGURAN├çA: Detectada tentativa de usar banco de PRODU├ç├âO (Neon Cloud) em TESTES!\\n` +
              `URL suspeita: ${url.substring(0, 50)}...\\n` +
              `Ambiente: ${environment}\\n` +
              `JEST_WORKER_ID: ${process.env.JEST_WORKER_ID}\\n` +
              `\\nTestes DEVEM usar exclusivamente banco local de testes via TEST_DATABASE_URL.\\n` +
              `Consulte TESTING-POLICY.md para mais informa├º├Áes.`
          );
        }
      }
    }┬À
    // Valida├º├Áes de isolamento de ambiente
    // Durante build do Next.js, N├âO validar ambiente de teste
    // isNextBuild j├í definido acima┬À
    if (environment === 'test' && !hasTestDatabaseUrl && !isNextBuild) {
      throw new Error(
        'ERRO DE CONFIGURA├ç├âO: Ambiente detectado como \"test\" mas TEST_DATABASE_URL n├úo est├í definida. ' +
          'Isso pode causar testes rodando no banco de desenvolvimento!'
      );
    }┬À
    if (environment === 'development' && hasTestDatabaseUrl && !isRunningTests) {
      console.warn(
        `ÔÜá´©Å AVISO: TEST_DATABASE_URL est├í definida em ambiente de desenvolvimento fora de testes. Isso pode causar confus├úo na detec├º├úo de ambiente (NODE_ENV=\"${process.env.NODE_ENV || 'undefined'}\"). Recomenda-se remover TEST_DATABASE_URL do .env de desenvolvimento.`
      );
    }┬À
    const isDevelopment = environment === 'development';
    const isTest = environment === 'test';
    const isProduction = environment === 'production';
    const DEBUG_DB = !!process.env.DEBUG_DB || isTest;┬À
    // Selecionar URL do banco baseado no ambiente
    const getDatabaseUrl = () => {
      // Valida├º├úo rigorosa para ambiente de testes
      if (isTest) {
        if (!process.env.TEST_DATABASE_URL) {
          throw new Error(
            'TEST_DATABASE_URL n├úo est├í definido. Configure TEST_DATABASE_URL apontando para o banco de testes \"nr-bps_db_test\" para evitar uso acidental do banco de desenvolvimento (nr-bps_db).'
          );
        }┬À
        // Garantir que a URL de teste n├úo aponte para o banco de desenvolvimento
        try {
          const parsed = new URL(process.env.TEST_DATABASE_URL);
          const dbName = parsed.pathname.replace(/^\\//, '');
          if (dbName === 'nr-bps_db' || dbName === 'nr-bps-db') {
            throw new Error(
              'TEST_DATABASE_URL aponta para o banco de desenvolvimento \"nr-bps_db\". Testes N├âO devem usar ou alterar esse banco. Configure para usar \"nr-bps_db_test\".'
            );
          }
          if (dbName !== 'nr-bps_db_test') {
            console.warn(
              `ÔÜá´©Å AVISO: TEST_DATABASE_URL aponta para \"${dbName}\". O banco padr├úo para testes ├® \"nr-bps_db_test\".`
            );
          }
        } catch (error) {
          if (
            error instanceof Error &&
            error.message.includes('banco de desenvolvimento')
          ) {
            throw error;
          }
          // Se parsing falhar por outro motivo, n├úo bloquear aqui
        }┬À
        // Ensure the TEST_DATABASE_URL includes credentials when running tests on localhost
        try {
          const parsed = new URL(process.env.TEST_DATABASE_URL);
          // If username or password is missing, try common env vars or fallbacks
          if (!parsed.username || !parsed.password) {
            const user =
              process.env.TEST_DB_USER ||
              process.env.PGUSER ||
              parsed.username ||
              'postgres';
            const pass =
              process.env.TEST_DB_PASSWORD ||
              process.env.PGPASSWORD ||
              parsed.password ||
              '123456';
            parsed.username = user;
            parsed.password = pass;
            const patched = parsed.toString();
            console.warn(
              `[WARN] TEST_DATABASE_URL did not contain full credentials; using user/password from env or defaults. Using connection: ${patched.replace(/password=[^&\\s]+/, 'password=***')}`
            );
            return patched;
          }
        } catch (err) {
          console.warn(
            '[WARN] Falha ao parsear TEST_DATABASE_URL para injetar credenciais automaticamente:',
            err
          );
        }┬À
        return process.env.TEST_DATABASE_URL;
      }┬À
      // Ambiente de desenvolvimento
      if (isDevelopment) {
        // Opt-in: permitir usar DATABASE_URL (produ├º├úo) localmente quando explicitamente solicitado
        if (
          process.env.ALLOW_PROD_DB_LOCAL === 'true' &&
          process.env.DATABASE_URL
        ) {
          const masked = process.env.DATABASE_URL.replace(
            /(postgresql:\\/\\/.+?:).+?(@)/,
            '$1***$2'
          );
          console.warn(
            `ÔÜá´©Å ALLOW_PROD_DB_LOCAL=true: usando DATABASE_URL (produ├º├úo) localmente por escolha do desenvolvedor. Conectando a: ${masked}`
          );
          return process.env.DATABASE_URL;
        }┬À
        if (!process.env.LOCAL_DATABASE_URL) {
          console.warn(
            'ÔÜá´©Å LOCAL_DATABASE_URL n├úo est├í definido. Se pretende usar o banco Neon em desenvolvimento, defina LOCAL_DATABASE_URL no seu .env.local apontando para a URL do Neon. Alternativamente defina ALLOW_PROD_DB_LOCAL=true (usa DATABASE_URL diretamente). Exemplo: LOCAL_DATABASE_URL=postgresql://neondb_owner:***@host/neondb?sslmode=require'
          );
          // Fallback para desenvolvimento
          return 'postgresql://postgres:123456@localhost:5432/nr-bps_db';
        }┬À
        // Garantir que desenvolvimento n├úo use o banco de testes
        try {
          const parsed = new URL(process.env.LOCAL_DATABASE_URL);
          const dbName = parsed.pathname.replace(/^\\//, '');
          if (dbName === 'nr-bps_db_test') {
            console.warn(
              `ÔÜá´©Å LOCAL_DATABASE_URL aponta para o banco de testes \"${dbName}\". Desenvolvimento deve usar \"nr-bps_db\". Verifique seu .env (LOCAL_DATABASE_URL) e corrija para: postgresql://postgres:123456@localhost:5432/nr-bps_db`
            );
          }
        } catch {
          // Se parsing falhar, n├úo bloquear
        }┬À
        return process.env.LOCAL_DATABASE_URL;
      }┬À
      // Ambiente de produ├º├úo
      if (isProduction) {
        if (!process.env.DATABASE_URL) {
          throw new Error(
            'DATABASE_URL n├úo est├í definido para ambiente de produ├º├úo.'
          );
        }
        return process.env.DATABASE_URL;
      }┬À
      return null;
    };┬À
    const databaseUrl = getDatabaseUrl();┬À
    // Valor conhecido do hash para o usu├írio admin (senha 123456) ÔÇö usado para garantir consist├¬ncia em dev/test
    const KNOWN_ADMIN_CPF = '00000000000';
    const KNOWN_ADMIN_HASH =
      '$2a$10$1FmG9Rn0QJ9T78GbvS/Yf.AfR9tp9qTxBznhUWLwBhsP8BChtmSVW';┬À
    // Tipo para as queries
    // eslint-disable-next-line @typescript-eslint/no-explicit-any
    export type QueryResult<T = any> = {
      rows: T[];
      rowCount: number;
    };┬À
    // Conex├úo Neon (Produ├º├úo) - Ser├í importada dinamicamente quando necess├írio
    // eslint-disable-next-line @typescript-eslint/no-explicit-any
    let neonSql: any = null;
    let neonPool: any = null;
    let neonImported = false;┬À
    async function getNeonSql() {
      if (!neonImported && isProduction && process.env.DATABASE_URL) {
        try {
          const { neon } = await import('@neondatabase/serverless');
          neonSql = neon(process.env.DATABASE_URL);
          neonImported = true;
        } catch (_err) {
          console.error('Erro ao importar Neon:', _err);
          throw _err;
        }
      }
      return neonSql;
    }┬À
    /**
     * Obt├®m Neon Pool para transa├º├Áes com contexto persistente
     * Pool mant├®m conex├úo WebSocket que permite SET LOCAL
     */
    export async function getNeonPool() {
      if (!neonPool && isProduction && process.env.DATABASE_URL) {
        try {
          const { Pool: NeonPool } = await import('@neondatabase/serverless');
          neonPool = new NeonPool({ connectionString: process.env.DATABASE_URL });
          console.log('[db] Neon Pool criado para transa├º├Áes');
        } catch (_err) {
          console.error('Erro ao criar Neon Pool:', _err);
          throw _err;
        }
      }
      return neonPool;
    }┬À
    // Conex├úo PostgreSQL Local (Desenvolvimento e Testes)
    let localPool: pg.Pool | null = null;┬À
    // Fun├º├úo para gerar SQL com contexto RLS
    function _generateRLSQuery(text: string, session?: Session): string {
      if (session) {
        // Escapar aspas simples nos valores
        const escapeString = (str: string) => str.replace(/'/g, \"''\");┬À
        const setCommands = [
          `SELECT set_config('app.current_user_cpf', '${escapeString(session.cpf)}', true)`,
          `SELECT set_config('app.current_user_perfil', '${escapeString(session.perfil)}', true)`,
          `SELECT set_config('app.current_user_clinica_id', '${escapeString(String(session.clinica_id || ''))}', true)`,
          `SELECT set_config('app.current_user_entidade_id', '${escapeString(String(session.entidade_id || ''))}', true)`,
          // Manter antigo para retrocompatibilidade com migrations antigas
          `SELECT set_config('app.current_user_entidade_id', '${escapeString(String(session.entidade_id || ''))}', true)`,
        ].join('; ');┬À
        // Prefix the main statement with set_config calls so they execute in the same session/statement scope
        return `${setCommands}; ${text}`;
      }
      return text;
    }┬À
    // Fun├º├úo unificada de query
    // eslint-disable-next-line @typescript-eslint/no-explicit-any
    export async function query<T = any>(
      text: string,
      params?: unknown[],
      session?: Session
    ): Promise<QueryResult<T>> {
      const start = Date.now();┬À
      // Valida├º├úo de isolamento de ambiente - BLOQUEIO CR├ìTICO
      // Esta valida├º├úo impede qualquer acesso ao banco de desenvolvimento em ambiente de testes
      const validateDatabaseIsolation = () => {
        // Verificar em ambiente de testes
        if (isTest && databaseUrl) {
          try {
            const parsedDb = new URL(databaseUrl);
            const dbName = parsedDb.pathname.replace(/^\\//, '');┬À
            // Bloquear acesso ao banco de desenvolvimento em testes
            if (dbName === 'nr-bps_db' || dbName === 'nr-bps-db') {
              throw new Error(
                `­ƒÜ¿ ERRO CR├ìTICO DE ISOLAMENTO: Tentativa de usar banco de DESENVOLVIMENTO (${dbName}) em ambiente de TESTES!\\n` +
                  `Os testes DEVEM usar nr-bps_db_test.\\n` +
                  `Configure TEST_DATABASE_URL corretamente.`
              );
            }
          } catch {
            // Fallback: se n├úo for uma URL v├ílida, ainda verificamos por segmentos exatos
            if (databaseUrl.match(/\\/(?:nr-bps_db|nr-bps-db)(?:$|[\\/\\?])/)) {
              throw new Error(
                `­ƒÜ¿ ERRO CR├ìTICO DE ISOLAMENTO: Tentativa de usar banco de DESENVOLVIMENTO em ambiente de TESTES!\\n` +
                  `Os testes DEVEM usar nr-bps_db_test.\\n` +
                  `Configure TEST_DATABASE_URL corretamente.`
              );
            }
          }
        }┬À
        // Verificar em ambiente de desenvolvimento
        if (
          isDevelopment &&
          databaseUrl &&
          databaseUrl.includes('nr-bps_db_test')
        ) {
          throw new Error(
            `­ƒÜ¿ ERRO CR├ìTICO: Tentativa de usar banco de TESTES (nr-bps_db_test) em ambiente de DESENVOLVIMENTO!\\n` +
              `URL detectada: ${databaseUrl}\\n` +
              `Isso viola o isolamento de ambientes. Corrija seu .env: defina LOCAL_DATABASE_URL apontando para \"nr-bps_db\" e remova/limpe TEST_DATABASE_URL em desenvolvimento.`
          );
        }
      };┬À
      validateDatabaseIsolation();┬À
      try {
        if ((isDevelopment || isTest) && localPool) {
          // PostgreSQL Local (Desenvolvimento e Testes)
          const client = await localPool.connect();
          try {
            // If we have a session, run the query inside a transaction and set LOCAL params
            if (session) {
              await client.query('BEGIN');
              try {
                const escapeString = (str: string) => str.replace(/'/g, \"''\");┬À
                await client.query(
                  `SET LOCAL app.current_user_cpf = '${escapeString(session.cpf)}'`
                );
                await client.query(
                  `SET LOCAL app.current_user_perfil = '${escapeString(session.perfil)}'`
                );
                await client.query(
                  `SET LOCAL app.current_user_clinica_id = '${escapeString(String(session.clinica_id || ''))}'`
                );
                await client.query(
                  `SET LOCAL app.current_user_entidade_id = '${escapeString(String(session.entidade_id || ''))}'`
                );┬À
                const result = await client.query(text, params);
                await client.query('COMMIT');┬À
                const duration = Date.now() - start;
                if (DEBUG_DB) {
                  console.log(
                    `[db][query] local (${duration}ms): ${text.substring(0, 200)}...`
                  );
                }┬À
                return {
                  rows: result.rows,
                  rowCount: result.rowCount || 0,
                };
              } catch (err) {
                try {
                  await client.query('ROLLBACK');
                } catch (rollbackErr) {
                  console.error('Erro durante ROLLBACK:', rollbackErr);
                }
                throw err;
              }
            }┬À
            // No session: just execute the query normally
            try {
              const result = await client.query(text, params);
              const duration = Date.now() - start;┬À
              // Log apenas queries lentas (>500ms)
              if (duration > 500) {
                console.log(
                  `[SLOW QUERY] (${duration}ms): ${text.substring(0, 100)}...`
                );
              }┬À
              return {
                rows: result.rows,
                rowCount: result.rowCount || 0,
              };
            } catch (err) {
              console.error(
                '[db][query] ERROR executing (no session):',
                text,
                params,
                err?.message || err
              );
              throw err;
            }
          } finally {
            client.release();
          }
        } else if (isProduction) {
          // Neon Database (Produ├º├úo)
          // Se houver sess├úo, usar Pool com transa├º├úo para garantir contexto de seguran├ºa
          if (session) {
            const pool = await getNeonPool();
            if (!pool) {
              throw new Error('Neon Pool n├úo dispon├¡vel');
            }┬À
            const client = await pool.connect();
            try {
              await client.query('BEGIN');┬À
              // Configurar contexto de auditoria dentro da transa├º├úo
              const escapeString = (str: string) => str.replace(/'/g, \"''\");
              await client.query(
                `SET LOCAL app.current_user_cpf = '${escapeString(session.cpf)}'`
              );
              await client.query(
                `SET LOCAL app.current_user_perfil = '${escapeString(session.perfil)}'`
              );
              await client.query(
                `SET LOCAL app.current_user_clinica_id = '${escapeString(String(session.clinica_id || ''))}'`
              );
              await client.query(
                `SET LOCAL app.current_user_entidade_id = '${escapeString(String(session.entidade_id || ''))}'`
              );┬À
              // Executar a query principal
              const result = await client.query(text, params);
              await client.query('COMMIT');┬À
              const duration = Date.now() - start;
              if (DEBUG_DB) {
                console.log(
                  `[db][query] neon (${duration}ms): ${text.substring(0, 200)}...`
                );
              }┬À
              return {
                rows: result.rows as T[],
                rowCount: result.rowCount || 0,
              };
            } catch (err) {
              try {
                await client.query('ROLLBACK');
              } catch (rollbackErr) {
                console.error(
                  '[db][query] Erro durante ROLLBACK em Neon:',
                  rollbackErr
                );
              }
              throw err;
            } finally {
              client.release();
            }
          }┬À
          // Sem sess├úo, usar sql() normal
          const sql = await getNeonSql();
          if (!sql) {
            throw new Error('Conex├úo Neon n├úo dispon├¡vel');
          }
          // Garantir search_path em produ├º├úo
          if (!text.trim().toLowerCase().startsWith('set search_path')) {
            await sql('SET search_path TO public;');
          }┬À
          const rows = await sql(text, params || []);
          const duration = Date.now() - start;
          if (DEBUG_DB) {
            console.log(
              `[db][query] neon (${duration}ms): ${text.substring(0, 200)}...`
            );
          }
          return {
            rows: rows as T[],
            rowCount: Array.isArray(rows) ? rows.length : 0,
          };
        } else {
          throw new Error(
            `Nenhuma conex├úo configurada para ambiente: ${environment}`
          );
        }
      } catch (error) {
        const duration = Date.now() - start;
        console.error(
          `Erro na query do banco (${environment}, ${duration}ms):`,
          error
        );
        throw error;
      }
    }┬À
    /**
     * Garante que o usu├írio admin exista e possua um hash bcrypt v├ílido (apenas em dev/test).
     * N├úo deve rodar em produ├º├úo para evitar altera├º├Áes de credenciais reais.
     */
    export async function ensureAdminPassword(): Promise<void> {
      try {
        if (isProduction) return; // N├úo mexer em produ├º├úo┬À
        // Buscar usu├írio admin se existir
        const existsRes = await query(
          'SELECT cpf, senha_hash FROM funcionarios WHERE cpf = $1 LIMIT 1',
          [KNOWN_ADMIN_CPF]
        );┬À
        if (existsRes.rows.length === 0) {
          // Inserir usu├írio admin com hash conhecido
          await query(
            `INSERT INTO funcionarios (cpf, nome, email, senha_hash, perfil, ativo) VALUES ($1, $2, $3, $4, 'admin', true) ON CONFLICT (cpf) DO UPDATE SET senha_hash = EXCLUDED.senha_hash`,
            [KNOWN_ADMIN_CPF, 'Admin', 'admin@bps.com.br', KNOWN_ADMIN_HASH]
          );
          console.info(
            '[INIT] Usu├írio admin criado/atualizado com hash conhecido (dev/test)'
          );
          return;
        }┬À
        const row = existsRes.rows[0];
        const currentHash = row.senha_hash;┬À
        // Se j├í ├® o hash esperado, ok
        if (currentHash === KNOWN_ADMIN_HASH) return;┬À
        // Se hash atual for inv├ílido ou n├úo corresponde ├á senha 123456, substitu├¡mos
        const senhaValida = await bcrypt
          .compare('123456', currentHash)
          .catch(() => false);
        if (!senhaValida) {
          await query('UPDATE funcionarios SET senha_hash = $1 WHERE cpf = $2', [
            KNOWN_ADMIN_HASH,
            KNOWN_ADMIN_CPF,
          ]);
          console.info(
            '[INIT] Hash admin inconsistente detectado e substitu├¡do pelo hash padr├úo (dev/test)'
          );
        }
      } catch (err) {
        console.warn('[INIT] Falha ao garantir hash do admin:', err);
      }
    }┬À
    if ((isDevelopment || isTest) && databaseUrl) {
      localPool = new Pool({
        connectionString: databaseUrl,
        max: isTest ? 5 : 10, // Menos conex├Áes para testes
        idleTimeoutMillis: 30000,
        connectionTimeoutMillis: 10000, // Aumentado de 2000 para 10000ms
      });┬À
      // Log claro do banco sendo usado (apenas em desenvolvimento e testes)
      if (DEBUG_DB) {
        try {
          const parsed = new URL(databaseUrl);
          const dbName = parsed.pathname.replace(/^\\//, '');
          const host = parsed.hostname;
          console.log(
            `­ƒöî [lib/db.ts] Conectado ao banco: ${dbName} @ ${host} (ambiente: ${environment})`
          );
        } catch {
          // Se parsing falhar, n├úo bloquear
        }
      }
    }┬À
    // Fun├º├úo para testar conex├úo
    export async function testConnection(): Promise<boolean> {
      try {
        const result = await query(
          'SELECT NOW() as now, current_database() as database'
        );
        console.log(`Ô£à Conex├úo OK [${environment}]:`, result.rows[0]);
        return true;
      } catch (error) {
        console.error(`ÔØî Erro ao conectar [${environment}]:`, error);
        return false;
      }
    }┬À
    // Fun├º├úo para obter informa├º├Áes do ambiente atual
    export function getDatabaseInfo() {
      return {
        environment,
        isDevelopment,
        isTest,
        isProduction,
        databaseUrl: databaseUrl
          ? databaseUrl.replace(/password=[^&\\s]+/g, 'password=***')
          : 'N/A',
        hasLocalPool: !!localPool,
        hasNeonSql: !!neonSql,
      };
    }┬À
    // Exportar constantes necess├írias para db-transaction.ts
    export { isProduction };┬À
    // Fun├º├úo para obter o pool apropriado (usada por db-transaction.ts)
    export function getPool(): pg.Pool {
      if (isProduction) {
        throw new Error('getPool() n├úo deve ser usado em produ├º├úo (usa Neon)');
      }
      if (!localPool) {
        throw new Error(
          'Pool local n├úo inicializado. Verifique se est├í em desenvolvimento/teste.'
        );
      }
      return localPool;
    }┬À
    // Fechar pool local (├║til para testes)
    export async function closePool() {
      if (localPool) {
        await localPool.end();
        localPool = null;
      }
    }┬À
    /**
     * Executa opera├º├Áes dentro de uma transa├º├úo
     * Faz rollback autom├ítico em caso de erro
     */
    export async function transaction<T>(
      callback: (client: TransactionClient) => Promise<T>,
      session?: Session
    ): Promise<T> {
      if ((isDevelopment || isTest) && localPool) {
        const client = await localPool.connect();
        try {
          await client.query('BEGIN');┬À
          // Configurar contexto RLS se houver sess├úo
          if (session) {
            const escapeString = (str: string) => str.replace(/'/g, \"''\");
            await client.query(
              `SET LOCAL app.current_user_cpf = '${escapeString(session.cpf)}'`
            );
            await client.query(
              `SET LOCAL app.current_user_perfil = '${escapeString(session.perfil)}'`
            );
            await client.query(
              `SET LOCAL app.current_user_clinica_id = '${escapeString(String(session.clinica_id || ''))}'`
            );
          }┬À
          // Criar objeto TransactionClient
          const txClient: TransactionClient = {
            query: async <R = any>(text: string, params?: unknown[]) => {
              const result = await client.query(text, params);
              return {
                rows: result.rows as R[],
                rowCount: result.rowCount || 0,
              };
            },
          };┬À
          const result = await callback(txClient);
          await client.query('COMMIT');┬À
          if (DEBUG_DB) {
            console.log('[db][transaction] Transa├º├úo comitada com sucesso');
          }┬À
          return result;
        } catch (error) {
          await client.query('ROLLBACK');
          if (DEBUG_DB) {
            console.error(
              '[db][transaction] Transa├º├úo revertida devido a erro:',
              error
            );
          }
          throw error;
        } finally {
          client.release();
        }
      } else if (isProduction) {
        // Para Neon em produ├º├úo: usar Pool com transa├º├úo real
        const pool = await getNeonPool();
        if (!pool) {
          throw new Error('Neon Pool n├úo dispon├¡vel');
        }┬À
        const client = await pool.connect();
        try {
          await client.query('BEGIN');┬À
          // Configurar contexto de auditoria dentro da transa├º├úo
          if (session) {
            const escapeString = (str: string) => str.replace(/'/g, \"''\");
            await client.query(
              `SET LOCAL app.current_user_cpf = '${escapeString(session.cpf)}'`
            );
            await client.query(
              `SET LOCAL app.current_user_perfil = '${escapeString(session.perfil)}'`
            );
            await client.query(
              `SET LOCAL app.current_user_clinica_id = '${escapeString(String(session.clinica_id || ''))}'`
            );
            await client.query(
              `SET LOCAL app.current_user_entidade_id = '${escapeString(String(session.entidade_id || ''))}'`
            );┬À
            if (DEBUG_DB) {
              console.log(
                `[db][transaction] Neon: Vari├íveis de auditoria configuradas para ${session.perfil}`
              );
            }
          }┬À
          // Criar TransactionClient usando a mesma conex├úo
          const txClient: TransactionClient = {
            query: async <R = any>(text: string, params?: unknown[]) => {
              const result = await client.query(text, params);
              return {
                rows: result.rows as R[],
                rowCount: result.rowCount || 0,
              };
            },
          };┬À
          const result = await callback(txClient);
          await client.query('COMMIT');┬À
          if (DEBUG_DB) {
            console.log('[db][transaction] Neon: Transa├º├úo comitada');
          }┬À
          return result;
        } catch (error) {
          await client.query('ROLLBACK');
          console.error('[db][transaction] Neon: Transa├º├úo revertida:', error);
          throw error;
        } finally {
          client.release();
        }
      } else {
        throw new Error(
          `Nenhuma conex├úo configurada para ambiente: ${environment}`
        );
      }
    }┬À
    /**
     * Interface para cliente de transa├º├úo
     */
    export interface TransactionClient {
      query: <T = any>(text: string, params?: unknown[]) => Promise<QueryResult<T>>;
    }┬À
    // ============================================================================
    // ====================================================================
    // HELPERS PARA ENTIDADES (Cl├¡nicas e Entidades tomadors)
    // Anteriormente \"HELPERS PARA tomadorS\" - renomeado na Migration 420
    // ============================================================================┬À
    export type TipoEntidade = 'clinica' | 'entidade';
    export type StatusAprovacao =
      | 'pendente'
      | 'aprovado'
      | 'rejeitado'
      | 'em_reanalise'
      | 'aguardando_pagamento';┬À
    export interface Entidade {
      id: number;
      tipo: TipoEntidade;
      nome: string;
      cnpj: string;
      inscricao_estadual?: string;
      email: string;
      telefone: string;
      endereco: string;
      cidade: string;
      estado: string;
      cep: string;
      responsavel_nome: string;
      responsavel_cpf: string;
      responsavel_cargo?: string;
      responsavel_email: string;
      responsavel_celular: string;
      cartao_cnpj_path?: string;
      contrato_social_path?: string;
      doc_identificacao_path?: string;
      status: StatusAprovacao;
      motivo_rejeicao?: string;
      observacoes_reanalise?: string;
      ativa: boolean;
      plano_id?: number;
      plano_tipo?: string;
      plano_nome?: string;
      pagamento_confirmado: boolean;
      numero_funcionarios_estimado?: number;
      criado_em: Date;
      atualizado_em: Date;
      aprovado_em?: Date;
      aprovado_por_cpf?: string;
    }┬À
    export interface EntidadeFuncionario {
      id: number;
      funcionario_id: number;
      entidade_id: number;
      tipo_tomador: TipoEntidade;
      vinculo_ativo: boolean;
      data_inicio: Date;
      data_fim?: Date;
      criado_em: Date;
      atualizado_em: Date;
    }┬À
    /**
     * Buscar entidades por tipo
     */
    export async function getEntidadesByTipo(
      tipo?: TipoEntidade,
      session?: Session
    ): Promise<Entidade[]> {
      // Exclui entidades pendentes de aprova├º├úo (status='pendente', 'em_reanalise', 'aguardando_pagamento')
      // Esses aparecem em \"Novos Cadastros\", n├úo em \"Entidades\"
      const queryText = tipo
        ? `SELECT * FROM entidades┬À
           WHERE tipo = $1┬À
           AND status NOT IN ('pendente', 'em_reanalise', 'aguardando_pagamento')
           ORDER BY nome`
        : `SELECT * FROM entidades┬À
           WHERE status NOT IN ('pendente', 'em_reanalise', 'aguardando_pagamento')
           ORDER BY nome`;
      const params = tipo ? [tipo] : [];
      const result = await query<Entidade>(queryText, params, session);
      return result.rows;
    }┬À
    /**
     * Buscar entidade por ID
     */
    export async function getEntidadeById(
      id: number,
      session?: Session
    ): Promise<Entidade | null> {
      const result = await query<Entidade>(
        `SELECT c.*, p.tipo as plano_tipo, p.nome as plano_nome
         FROM entidades c
         LEFT JOIN planos p ON c.plano_id = p.id
         WHERE c.id = $1`,
        [id],
        session
      );
      return result.rows[0] || null;
    }┬À
    /**
     * Buscar entidades pendentes de aprova├º├úo
     * Inclui status 'aguardando_pagamento' para permitir regenera├º├úo de links
     */
    export async function getEntidadesPendentes(
      tipo?: TipoEntidade,
      session?: Session
    ): Promise<Entidade[]> {
      const queryText = tipo
        ? `SELECT c.*, p.tipo as plano_tipo, p.nome as plano_nome
           FROM entidades c
           LEFT JOIN planos p ON c.plano_id = p.id
           WHERE c.status IN ($1, $2, $3) AND c.tipo = $4
           ORDER BY c.criado_em DESC`
        : `SELECT c.*, p.tipo as plano_tipo, p.nome as plano_nome
           FROM entidades c
           LEFT JOIN planos p ON c.plano_id = p.id
           WHERE c.status IN ($1, $2, $3)
           ORDER BY c.tipo, c.criado_em DESC`;┬À
      const params = tipo
        ? ['pendente', 'em_reanalise', 'aguardando_pagamento', tipo]
        : ['pendente', 'em_reanalise', 'aguardando_pagamento'];┬À
      const result = await query<Entidade>(queryText, params, session);
      return result.rows;
    }┬À
    /**
     * Criar novo tomador (via modal de cadastro)
     */
    export async function createEntidade(
      data: Omit<
        Entidade,
        'id' | 'criado_em' | 'atualizado_em' | 'aprovado_em' | 'aprovado_por_cpf'
      >,
      session?: Session
    ): Promise<Entidade> {
      if (DEBUG_DB) {
        console.debug('[CREATE_tomador] Iniciando cria├º├úo com dados:', {
          tipo: data.tipo,
          nome: data.nome,
          cnpj: data.cnpj,
          email: data.email,
          responsavel_cpf: data.responsavel_cpf,
        });
      }
      // Verificar se email j├í existe
      const emailCheck = await query(
        'SELECT id FROM entidades WHERE email = $1',
        [data.email],
        session
      );
      if (emailCheck.rows.length > 0) {
        throw new Error('Email j├í cadastrado no sistema');
      }┬À
      // Verificar se CNPJ j├í existe
      const cnpjCheck = await query(
        'SELECT id FROM entidades WHERE cnpj = $1',
        [data.cnpj],
        session
      );
      if (cnpjCheck.rows.length > 0) {
        throw new Error('CNPJ j├í cadastrado no sistema');
      }┬À
      // Verificar se CPF do respons├ível j├í existe em entidades (apenas se aprovado)
      const cpfCheckEntidades = await query(
        'SELECT id, status FROM entidades WHERE responsavel_cpf = $1',
        [data.responsavel_cpf],
        session
      );
      if (cpfCheckEntidades.rows.length > 0) {
        const entidadeExistente = cpfCheckEntidades.rows[0];
        if (entidadeExistente.status === 'aprovado') {
          throw new Error(
            'CPF do respons├ível j├í cadastrado no sistema (entidade aprovada)'
          );
        }
        // Se n├úo aprovado, permitir re-cadastro (pode ter sido rejeitado ou est├í pendente)
      }┬À
      // Verificar se CPF do respons├ível j├í existe em funcion├írios de OUTRA entidade
      // Um gestor pode ser respons├ível por sua pr├│pria cl├¡nica, mas n├úo pode ser funcion├írio
      // de uma cl├¡nica E respons├ível por outra cl├¡nica diferente
      const cpfCheckFuncionarios = await query(
        `SELECT f.id, f.perfil, c.id as entidade_id, c.cnpj as entidade_cnpj
         FROM funcionarios f
         INNER JOIN clinicas cl ON f.clinica_id = cl.id
         INNER JOIN entidades c ON cl.entidade_id = c.id
         WHERE f.cpf = $1`,
        [data.responsavel_cpf],
        session
      );
      if (cpfCheckFuncionarios.rows.length > 0) {
        const funcionario = cpfCheckFuncionarios.rows[0];
        // Se o CPF j├í ├® funcion├írio de outra entidade, n├úo permitir
        // (evita conflito de interesse entre cl├¡nicas)
        if (funcionario.entidade_cnpj !== data.cnpj) {
          throw new Error(
            `CPF do respons├ível j├í vinculado como funcion├írio em outra entidade (CNPJ: ${funcionario.entidade_cnpj})`
          );
        }
        // Se ├® do mesmo CNPJ, permitir - pode ser o gestor se cadastrando
      }┬À
      // Garantir que colunas adicionadas por migra├º├úo existam (adicionar se ausentes)
      try {
        await query(
          `ALTER TABLE entidades
           ADD COLUMN IF NOT EXISTS plano_id INTEGER,
           ADD COLUMN IF NOT EXISTS pagamento_confirmado BOOLEAN DEFAULT false,
           ADD COLUMN IF NOT EXISTS data_liberacao_login TIMESTAMP,
           ADD COLUMN IF NOT EXISTS data_primeiro_pagamento TIMESTAMP`,
          [],
          session
        );
      } catch (err) {
        // N├úo falhar se alter table n├úo puder ser executado por permiss├Áes; log para debugging
        console.warn('Aviso: n├úo foi poss├¡vel garantir colunas em entidades:', err);
      }┬À
      // Garantir valores seguros para novas entidades (inativo por padr├úo at├® confirma├º├úo) (revisado para contract-first)
      // Independente dos valores passados, novas entidades SEMPRE come├ºam inativas
      // e sem pagamento/contrato at├® confirmarem o pagamento
      // Inser├º├úo com retry para conter problemas de enum em bancos locais antigos
      let result: QueryResult<Entidade>;
      try {
        result = await query<Entidade>(
          `INSERT INTO entidades (
            tipo, nome, cnpj, inscricao_estadual, email, telefone,
            endereco, cidade, estado, cep,
            responsavel_nome, responsavel_cpf, responsavel_cargo, responsavel_email, responsavel_celular,
            cartao_cnpj_path, contrato_social_path, doc_identificacao_path,
            status, motivo_rejeicao, observacoes_reanalise, ativa, plano_id, pagamento_confirmado
          ) VALUES (
            $1, $2, $3, $4, $5, $6, $7, $8, $9, $10,
            $11, $12, $13, $14, $15, $16, $17, $18, $19, $20, $21, false, $22, false
          ) RETURNING *`,
          [
            data.tipo,
            data.nome,
            data.cnpj,
            data.inscricao_estadual,
            data.email,
            data.telefone,
            data.endereco,
            data.cidade,
            data.estado,
            data.cep,
            data.responsavel_nome,
            data.responsavel_cpf,
            data.responsavel_cargo,
            data.responsavel_email,
            data.responsavel_celular,
            data.cartao_cnpj_path,
            data.contrato_social_path,
            data.doc_identificacao_path,
            data.status,
            data.motivo_rejeicao,
            data.observacoes_reanalise,
            // $22 - ativa: sempre false (hardcoded no SQL)
            data.plano_id,
            // $23 - pagamento_confirmado: sempre false (hardcoded no SQL)
          ],
          session
        );
      } catch (err: any) {
        // Se o erro indicar valor inv├ílido para enum (p.ex. banco local n├úo atualizado), tentar com status 'pendente'
        const msg = String(err?.message || err);
        if (
          msg.includes('invalid input value for enum') ||
          msg.includes('valor de entrada ├® inv├ílido para enum') ||
          msg.includes('status_aprovacao_enum')
        ) {
          console.warn(
            '[CREATE_ENTIDADE] Enum status inconsistente no DB, tentando inserir com status fallback \"pendente\"',
            { error: msg }
          );
          result = await query<Entidade>(
            `INSERT INTO entidades (
              tipo, nome, cnpj, inscricao_estadual, email, telefone,
              endereco, cidade, estado, cep,
              responsavel_nome, responsavel_cpf, responsavel_cargo, responsavel_email, responsavel_celular,
              cartao_cnpj_path, contrato_social_path, doc_identificacao_path,
              status, motivo_rejeicao, observacoes_reanalise, ativa, plano_id, pagamento_confirmado
            ) VALUES (
              $1, $2, $3, $4, $5, $6, $7, $8, $9, $10,
              $11, $12, $13, $14, $15, $16, $17, $18, $19, $20, $21, false, $22, false
            ) RETURNING *`,
            [
              data.tipo,
              data.nome,
              data.cnpj,
              data.inscricao_estadual,
              data.email,
              data.telefone,
              data.endereco,
              data.cidade,
              data.estado,
              data.cep,
              data.responsavel_nome,
              data.responsavel_cpf,
              data.responsavel_cargo,
              data.responsavel_email,
              data.responsavel_celular,
              data.cartao_cnpj_path,
              data.contrato_social_path,
              data.doc_identificacao_path,
              'pendente',
              data.motivo_rejeicao,
              data.observacoes_reanalise,
              data.plano_id,
            ],
            session
          );
        } else {
          throw err;
        }
      }
      const tomadorCriado = result.rows[0];
      console.log('[CREATE_tomador] Entidade criado com sucesso:', {
        id: tomadorCriado.id,
        cnpj: tomadorCriado.cnpj,
        tipo: tomadorCriado.tipo,
      });
      return tomadorCriado;
    }┬À
    /**
     * Aprovar entidade
     */
    export async function aprovarEntidade(
      id: number,
      aprovadoPorCpf: string,
      session?: Session
    ): Promise<Entidade> {
      // Primeiro, buscar a entidade para verificar o tipo
      const entidadeResult = await query<Entidade>(
        'SELECT * FROM entidades WHERE id = $1',
        [id],
        session
      );┬À
      if (entidadeResult.rows.length === 0) {
        throw new Error('Entidade n├úo encontrada');
      }┬À
      const entidade = entidadeResult.rows[0];┬À
      // Aprovar a entidade (apenas altera status, N├âO ativa automaticamente)
      // Nota: ativa├º├úo deve ser controlada por contrato aceito e confirma├º├Áes apropriadas
      const result = await query<Entidade>(
        `UPDATE entidades
         SET status = 'aprovado',
             aprovado_em = CURRENT_TIMESTAMP,
             aprovado_por_cpf = $2
         WHERE id = $1
         RETURNING *`,
        [id, aprovadoPorCpf],
        session
      );┬À
      const entidadeAprovada = result.rows[0];┬À
      // Se for uma cl├¡nica, criar entrada na tabela clinicas
      if (entidade.tipo === 'clinica') {
        try {
          const clinicaResult = await query(
            `INSERT INTO clinicas (nome, cnpj, email, telefone, endereco, entidade_id)
             VALUES ($1, $2, $3, $4, $5, $6)
             ON CONFLICT (cnpj) DO UPDATE SET entidade_id = EXCLUDED.entidade_id, ativa = COALESCE(clinicas.ativa, true), atualizado_em = CURRENT_TIMESTAMP
             RETURNING id`,
            [
              entidade.nome,
              entidade.cnpj,
              entidade.email,
              entidade.telefone,
              entidade.endereco,
              entidade.id,
            ],
            session
          );┬À
          if (clinicaResult.rows.length > 0) {
            console.log(
              `[APROVAR_ENTIDADE] Cl├¡nica criada com ID: ${clinicaResult.rows[0].id} para entidade ${entidade.id}`
            );
          }
        } catch (error) {
          console.error('[APROVAR_ENTIDADE] Erro ao criar cl├¡nica:', error);
          // N├úo falhar a aprova├º├úo se houver erro na cria├º├úo da cl├¡nica
        }
      }┬À
      return entidadeAprovada;
    }┬À
    /**
     * Ativar entidade ap├│s pagamento confirmado
     * Verifica condi├º├Áes antes de ativar entidade (pagamento confirmado e recibo emitido)
     */
    export async function ativarEntidade(
      id: number,
      session?: Session
    ): Promise<{ success: boolean; message: string; tomador?: Entidade }> {
      // Verificar estado atual
      const checkResult = await query<{
        pagamento_confirmado: boolean;
        ativa: boolean;
      }>(
        'SELECT pagamento_confirmado, ativa FROM entidades WHERE id = $1',
        [id],
        session
      );┬À
      if (checkResult.rows.length === 0) {
        return { success: false, message: 'Entidade n├úo encontrada' };
      }┬À
      const { pagamento_confirmado, ativa } = checkResult.rows[0];┬À
      if (DEBUG_DB)
        console.log(
          `[ativarEntidade] ID=${id}, pagamento_confirmado=${pagamento_confirmado}, ativa=${ativa}`
        );┬À
      if (ativa) {
        return { success: false, message: 'Entidade j├í est├í ativo' };
      }┬À
      if (!pagamento_confirmado) {
        return { success: false, message: 'Pagamento n├úo confirmado' };
      }┬À
      // Verificar recibo - gera├º├úo pode ser sob demanda. Se n├úo existir, registrar aviso e prosseguir
      const reciboCheck = await query(
        'SELECT id FROM recibos WHERE entidade_id = $1 AND cancelado = false LIMIT 1',
        [id],
        session
      );
      if (reciboCheck.rows.length === 0) {
        if (DEBUG_DB)
          console.warn(
            `[ativarEntidade] Nenhum recibo encontrado para entidade ${id}. Prosseguindo porque recibos s├úo gerados sob demanda.`
          );
      }┬À
      // Ativar a entidade e marcar aprovado se ainda n├úo estiver aprovado.
      const result = await query<Entidade>(
        `UPDATE entidades
         SET ativa = true,
             data_liberacao_login = CURRENT_TIMESTAMP,
             status = CASE WHEN status <> 'aprovado' THEN 'aprovado' ELSE status END,
             aprovado_em = COALESCE(aprovado_em, CURRENT_TIMESTAMP),
             aprovado_por_cpf = COALESCE(aprovado_por_cpf, '00000000000')
         WHERE id = $1
         RETURNING *`,
        [id],
        session
      );┬À
      if (result.rows.length === 0) {
        return { success: false, message: 'Falha ao ativar tomador' };
      }┬À
      console.log(`[ativarEntidade] Entidade ativado: ${result.rows[0].nome}`);┬À
      return {
        success: true,
        message: 'Entidade ativado com sucesso',
        tomador: result.rows[0],
      };
    }┬À
    /**
     * Rejeitar entidade
     */
    export async function rejeitarEntidade(
      id: number,
      motivo: string,
      session?: Session
    ): Promise<Entidade> {
      const result = await query<Entidade>(
        `UPDATE entidades┬À
         SET status = 'rejeitado', motivo_rejeicao = $2
         WHERE id = $1┬À
         RETURNING *`,
        [id, motivo],
        session
      );
      return result.rows[0];
    }┬À
    /**
     * Solicitar rean├ílise
     */
    export async function solicitarReanalise(
      id: number,
      observacoes: string,
      session?: Session
    ): Promise<Entidade> {
      const result = await query<Entidade>(
        `UPDATE entidades
         SET status = 'em_reanalise',
             observacoes_reanalise = $2,
             -- Resetar flags de pagamento para permitir novo fluxo
             ativa = false,
             pagamento_confirmado = false,
             data_liberacao_login = NULL,
             data_primeiro_pagamento = NULL
         WHERE id = $1
         RETURNING *`,
        [id, observacoes],
        session
      );
      return result.rows[0];
    }┬À
    /**
     * Criar v├¡nculo polim├│rfico entre funcion├írio e tomador
     */
    export async function vincularFuncionarioEntidade(
      funcionarioId: number,
      entidadeId: number,
      tipoEntidade: TipoEntidade,
      session?: Session
    ): Promise<EntidadeFuncionario> {
      const result = await query<EntidadeFuncionario>(
        `INSERT INTO entidades_funcionarios (funcionario_id, entidade_id, tipo_tomador, vinculo_ativo)
         VALUES ($1, $2, $3, true)
         ON CONFLICT (funcionario_id, entidade_id)┬À
         DO UPDATE SET vinculo_ativo = true, atualizado_em = CURRENT_TIMESTAMP
         RETURNING *`,
        [funcionarioId, entidadeId, tipoEntidade],
        session
      );
      return result.rows[0];
    }┬À
    /**
     * Buscar entidade de um funcion├írio
     */
    export async function getEntidadeDeFuncionario(
      funcionarioId: number,
      session?: Session
    ): Promise<Entidade | null> {
      const result = await query<Entidade>(
        `SELECT c.* FROM entidades c
         INNER JOIN entidades_funcionarios cf ON cf.entidade_id = c.id
         WHERE cf.funcionario_id = $1 AND cf.vinculo_ativo = true AND c.ativa = true
         ORDER BY cf.criado_em DESC
         LIMIT 1`,
        [funcionarioId],
        session
      );
      return result.rows[0] || null;
    }┬À
    /**
     * Buscar funcion├írios de um tomador
     */
    export async function getFuncionariosDeEntidade(
      entidadeId: number,
      apenasAtivos: boolean = true,
      session?: Session
    ) {
      const queryText = apenasAtivos
        ? `SELECT f.* FROM funcionarios f
           INNER JOIN entidades_funcionarios cf ON cf.funcionario_id = f.id
           WHERE cf.entidade_id = $1 AND cf.vinculo_ativo = true AND f.ativo = true`
        : `SELECT f.* FROM funcionarios f
           INNER JOIN entidades_funcionarios cf ON cf.funcionario_id = f.id
           WHERE cf.entidade_id = $1`;┬À
      const result = await query(queryText, [entidadeId], session);
      return result.rows;
    }┬À
    /**
     * Helper seguro para queries multi-tenant
     * Garante filtro obrigat├│rio por clinica_id ou entidade_id
     */
    export async function queryMultiTenant<T = unknown>(
      text: string,
      params: unknown[],
      tenantFilter: { clinica_id?: number; entidade_id?: number },
      session?: Session
    ): Promise<QueryResult<T>> {
      // Validar que pelo menos um filtro foi fornecido
      if (!tenantFilter.clinica_id && !tenantFilter.entidade_id) {
        throw new Error(
          'ERRO DE SEGURAN├çA: queryMultiTenant requer clinica_id ou entidade_id'
        );
      }┬À
      // Adicionar filtro de tenant ├á query
      let filteredQuery = text;
      const filteredParams = [...params];┬À
      if (tenantFilter.clinica_id) {
        // Verificar se a query j├í cont├®m WHERE
        const hasWhere = /WHERE/i.test(filteredQuery);
        filteredQuery += hasWhere
          ? ` AND clinica_id = $${filteredParams.length + 1}`
          : ` WHERE clinica_id = $${filteredParams.length + 1}`;
        filteredParams.push(tenantFilter.clinica_id);
      }┬À
      if (tenantFilter.entidade_id) {
        const hasWhere = /WHERE/i.test(filteredQuery);
        filteredQuery += hasWhere
          ? ` AND entidade_id = $${filteredParams.length + 1}`
          : ` WHERE entidade_id = $${filteredParams.length + 1}`;
        filteredParams.push(tenantFilter.entidade_id);
      }┬À
      return query<T>(filteredQuery, filteredParams, session);
    }┬À
    /**
     * Contar funcion├írios ativos para um contrato de plano
     */
    export async function contarFuncionariosAtivos(
      contratoId: number,
      session?: Session
    ): Promise<number> {
      const result = await query<{ total: number }>(
        `SELECT COUNT(DISTINCT f.cpf) as total
         FROM contratos_planos cp
         LEFT JOIN funcionarios f ON (
           (cp.tipo_tomador = 'clinica' AND f.clinica_id = cp.clinica_id AND f.status = 'ativo')
           OR┬À
           (cp.tipo_tomador = 'entidade' AND f.entidade_id = cp.entidade_id AND f.status = 'ativo')
         )
         WHERE cp.id = $1`,
        [contratoId],
        session
      );┬À
      return result.rows[0]?.total || 0;
    }┬À
    /**
     * Obter notifica├º├Áes financeiras n├úo lidas
     */
    export async function getNotificacoesFinanceiras(
      contratoId?: number,
      apenasNaoLidas: boolean = true,
      session?: Session
    ) {
      let queryText = 'SELECT * FROM notificacoes_financeiras';
      const params: unknown[] = [];
      const whereClauses: string[] = [];┬À
      // Excluir notifica├º├Áes de pend├¬ncia de pagamento (desabilitadas)
      whereClauses.push('tipo != $1');
      params.push('parcela_pendente');┬À
      if (contratoId) {
        whereClauses.push(`id = $${params.length + 1}`);
        params.push(contratoId);
      }┬À
      if (apenasNaoLidas) {
        whereClauses.push(`lida = false`);
      }┬À
      if (whereClauses.length > 0) {
        queryText += ` WHERE ${whereClauses.join(' AND ')}`;
      }┬À
      queryText += ' ORDER BY created_at DESC';┬À
      const result = await query(queryText, params, session);
      return result.rows;
    }┬À
    /**
     * Marcar notifica├º├úo como lida
     */
    export async function marcarNotificacaoComoLida(
      notificacaoId: number,
      session?: Session
    ) {
      const result = await query(
        'UPDATE notificacoes_financeiras SET lida = true, lida_em = NOW() WHERE id = $1 RETURNING *',
        [notificacaoId],
        session
      );
      return result.rows[0];
    }┬À
    /**
     * Obter contratos de planos para uma cl├¡nica ou entidade
     */
    export async function getContratosPlanos(
      filter: {
        clinica_id?: number;
        entidade_id?: number;
      },
      session?: Session
    ) {
      if (!filter.clinica_id && !filter.entidade_id) {
        throw new Error('Filtro de clinica_id ou entidade_id ├® obrigat├│rio');
      }┬À
      let queryText = `
        SELECT cp.*, p.nome as plano_nome, p.tipo as plano_tipo
        FROM contratos_planos cp
        JOIN planos p ON cp.plano_id = p.id
        WHERE cp.status = 'ativo'
      `;
      const params: unknown[] = [];┬À
      if (filter.clinica_id) {
        params.push(filter.clinica_id);
        queryText += ` AND cp.clinica_id = $${params.length}`;
      }┬À
      if (filter.entidade_id) {
        params.push(filter.entidade_id);
        queryText += ` AND cp.entidade_id = $${params.length}`;
      }┬À
      queryText += ' ORDER BY cp.created_at DESC';┬À
      const result = await query(queryText, params, session);
      return result.rows;
    }┬À
    /**
     * Criar conta para respons├ível do tomador
     * @param tomador - ID or object of tomador (entidade ou clinica)
     */
    export async function criarContaResponsavel(
      tomador: number | Entidade,
      session?: Session
    ) {
      let tomadorData: Entidade;
      let tabelaTomadorOrigem = 'entidades'; // rastreia em qual tabela foi encontrado┬À
      // Se recebeu um n├║mero (ID), buscar os dados da entidade OU clinica
      if (typeof tomador === 'number') {
        // IMPORTANTE: Buscar em CLINICAS primeiro (pois s├úo inseridas direto l├í)
        let result = await query(
          'SELECT * FROM clinicas WHERE id = $1',
          [tomador],
          session
        );┬À
        if (result.rows.length > 0) {
          tomadorData = result.rows[0];
          tabelaTomadorOrigem = 'clinicas';
        } else {
          // Se n├úo encontrou em clinicas, buscar em entidades
          result = await query(
            'SELECT * FROM entidades WHERE id = $1',
            [tomador],
            session
          );
          if (result.rows.length === 0) {
            throw new Error(
              `Tomador ${tomador} n├úo encontrado em entidades ou clinicas`
            );
          }
          tomadorData = result.rows[0] as Entidade;
          tabelaTomadorOrigem = 'entidades';
        }
      } else {
        tomadorData = tomador;
      }┬À
      // Se estamos usando uma cl├¡nica e n├úo temos responsavel_cpf, buscar da entidade associada
      // Nota: clinicas n├úo t├¬m rela├º├úo direta com entidades no banco, ent├úo essa verifica├º├úo n├úo ├® necess├íria
      // if (
      //   tabelaTomadorOrigem === 'clinicas' &&
      //   !tomadorData.responsavel_cpf &&
      //   (tomadorData as any).entidade_id
      // ) {
      //   const entidadeResult = await query(
      //     'SELECT responsavel_cpf FROM entidades WHERE id = $1',
      //     [(tomadorData as any).entidade_id],
      //     session
      //   );
      //   if (entidadeResult.rows.length > 0) {
      //     tomadorData.responsavel_cpf = entidadeResult.rows[0].responsavel_cpf;
      //   }
      // }┬À
      if (DEBUG_DB) {
        console.debug('[CRIAR_CONTA] Iniciando cria├º├úo de conta para:', {
          id: tomadorData.id,
          cnpj: tomadorData.cnpj,
          responsavel_cpf: tomadorData.responsavel_cpf,
          tipo: tomadorData.tipo,
          origem: tabelaTomadorOrigem,
        });
      }┬À
      // Se CNPJ n├úo estiver no objeto, buscar do banco
      let cnpj = tomadorData.cnpj;
      if (!cnpj) {
        if (DEBUG_DB)
          console.debug(
            '[CRIAR_CONTA] CNPJ n├úo encontrado no objeto, buscando do banco...'
          );
        // Buscar na tabela original onde foi encontrado
        const tomadorResult = await query(
          `SELECT cnpj FROM ${tabelaTomadorOrigem} WHERE id = $1`,
          [tomadorData.id],
          session
        );
        if (tomadorResult.rows.length > 0) {
          cnpj = tomadorResult.rows[0].cnpj;
          if (DEBUG_DB)
            console.debug('[CRIAR_CONTA] CNPJ encontrado no banco:', cnpj);
        }
      }┬À
      // Validar se CNPJ existe
      if (!cnpj) {
        console.error(
          '[CRIAR_CONTA ERROR] CNPJ n├úo encontrado nem no objeto nem no banco:',
          tomadorData
        );
        throw new Error('CNPJ do tomador ├® obrigat├│rio para criar conta');
      }┬À
      // Senha baseada nos ├║ltimos 6 d├¡gitos do CNPJ (removendo formata├º├úo)
      const cleanCnpj = cnpj.replace(/[./-]/g, '');
      const defaultPassword = cleanCnpj.slice(-6);
      const hashed = await bcrypt.hash(defaultPassword, 10);┬À
      // Para entidades sem CPF do respons├ível, usar ├║ltimos 11 d├¡gitos do CNPJ como identificador
      // (campo cpf em clinicas_senhas ├® character varying(11), n├úo suporta 14 d├¡gitos)
      const cpfParaUsar = tomadorData.responsavel_cpf || cleanCnpj.slice(-11);┬À
      if (DEBUG_DB) {
        console.debug(`[CRIAR_CONTA] CPF: ${cpfParaUsar}, CNPJ: ${cnpj}`);
      }┬À
      // 1. Determinar tipo de usu├írio e tabela de senha baseado na origem ou no campo tipo
      let tipoUsuario: 'gestor' | 'rh' = 'gestor';
      let tabelaSenha = 'entidades_senhas';
      let campoId = 'entidade_id';┬À
      // Se tipo est├í definido no objeto, usar isso
      if (tomadorData.tipo === 'clinica') {
        tipoUsuario = 'rh';
        tabelaSenha = 'clinicas_senhas';
        campoId = 'clinica_id';
      } else if (tomadorData.tipo === 'entidade') {
        tipoUsuario = 'gestor';
        tabelaSenha = 'entidades_senhas';
        campoId = 'entidade_id';
      } else {
        // Se tipo n├úo est├í definido, usar a tabela de origem
        if (tabelaTomadorOrigem === 'clinicas') {
          tipoUsuario = 'rh';
          tabelaSenha = 'clinicas_senhas';
          campoId = 'clinica_id';
          tomadorData.tipo = 'clinica'; // garantir que tipo esteja definido
        } else {
          tipoUsuario = 'gestor';
          tabelaSenha = 'entidades_senhas';
          campoId = 'entidade_id';
          tomadorData.tipo = 'entidade'; // garantir que tipo esteja definido
        }
      }┬À
      // 2. referenceId ├® sempre tomadorData.id (j├í ├® o clinica_id ou entidade_id correto)
      const referenceId = tomadorData.id;┬À
      if (DEBUG_DB) {
        console.debug(
          `[CRIAR_CONTA] tipo=${tomadorData.tipo}, tipoUsuario=${tipoUsuario}, referenceId=${referenceId}, tabelaSenha=${tabelaSenha}, origem=${tabelaTomadorOrigem}`
        );
      }┬À
      // 3. Criar senha na tabela apropriada (entidades_senhas ou clinicas_senhas)
      // UPSERT para garantir atomicidade e evitar erros de duplica├º├úo de chave
      try {
        // SQL UPSERT com ON CONFLICT - mais robusto que CHECK manual
        const upsertQuery = `
          INSERT INTO ${tabelaSenha} (${campoId}, cpf, senha_hash, criado_em, atualizado_em)
          VALUES ($1, $2, $3, CURRENT_TIMESTAMP, CURRENT_TIMESTAMP)
          ON CONFLICT (cpf) DO UPDATE
          SET senha_hash = EXCLUDED.senha_hash, atualizado_em = CURRENT_TIMESTAMP
          RETURNING id
        `;┬À
        const result = await query(
          upsertQuery,
          [referenceId, cpfParaUsar, hashed],
          session
        );┬À
        if (result.rows.length > 0) {
          console.log(
            `[CRIAR_CONTA] Senha criada/atualizada em ${tabelaSenha} para CPF ${cpfParaUsar}, campo=${campoId}, id=${referenceId}`
          );
        } else {
          throw new Error('UPSERT retornou sem resultado');
        }
      } catch (err) {
        console.error(
          `[CRIAR_CONTA] Erro ao inserir/atualizar em ${tabelaSenha}:`,
          err
        );
        throw err;
      }┬À
      // Verificar se foi inserido corretamente
      const checkResult = await query(
        `SELECT senha_hash, length(senha_hash) as hash_len FROM ${tabelaSenha} WHERE ${campoId} = $1 AND cpf = $2`,
        [referenceId, cpfParaUsar],
        session
      );┬À
      if (checkResult.rows.length > 0) {
        const stored = checkResult.rows[0];
        if (stored.hash_len !== hashed.length) {
          console.error(
            `[CRIAR_CONTA ERROR] Hash truncado: armazenado ${stored.hash_len} chars (esperado ${hashed.length})`
          );
        }┬À
        // Testar se o hash armazenado funciona com a senha
        const testMatch = await bcrypt.compare(defaultPassword, stored.senha_hash);
        if (DEBUG_DB) {
          console.debug(
            `[CRIAR_CONTA] Teste de senha para CPF ${cpfParaUsar}: ${testMatch ? 'SUCESSO' : 'FALHA'}`
          );
        }
      } else {
        console.error(
          `[CRIAR_CONTA ERROR] Senha n├úo encontrada ap├│s inser├º├úo para CPF ${cpfParaUsar}`
        );
      }┬À
      // 4. Criar/atualizar registro em USUARIOS (sem senha_hash, s├│ refer├¬ncia)
      try {
        // Determinar clinica_id ou entidade_id
        let clinicaId = null;
        let usuarioEntidadeId = null;┬À
        if (tipoUsuario === 'rh') {
          clinicaId = referenceId;
        } else {
          usuarioEntidadeId = tomadorData.id;
        }┬À
        // Verificar se usu├írio j├í existe
        const usuarioExistente = await query(
          'SELECT id FROM usuarios WHERE cpf = $1',
          [cpfParaUsar],
          session
        );┬À
        if (usuarioExistente.rows.length > 0) {
          // Atualizar usu├írio existente
          await query(
            `UPDATE usuarios┬À
             SET nome = $1, email = $2, tipo_usuario = $3,┬À
                 clinica_id = $4, entidade_id = $5, ativo = true, atualizado_em = CURRENT_TIMESTAMP┬À
             WHERE cpf = $6`,
            [
              tomadorData.responsavel_nome || 'Gestor',
              tomadorData.responsavel_email || null,
              tipoUsuario,
              clinicaId,
              usuarioEntidadeId,
              cpfParaUsar,
            ],
            session
          );
          if (DEBUG_DB) {
            console.debug(
              `[CRIAR_CONTA] Usu├írio atualizado: CPF=${cpfParaUsar}, tipo=${tipoUsuario}`
            );
          }
        } else {
          // Inserir novo usu├írio
          await query(
            `INSERT INTO usuarios (cpf, nome, email, tipo_usuario, clinica_id, entidade_id, ativo, criado_em, atualizado_em)
             VALUES ($1, $2, $3, $4, $5, $6, true, CURRENT_TIMESTAMP, CURRENT_TIMESTAMP)`,
            [
              cpfParaUsar,
              tomadorData.responsavel_nome || 'Gestor',
              tomadorData.responsavel_email || null,
              tipoUsuario,
              clinicaId,
              usuarioEntidadeId,
            ],
            session
          );
          if (DEBUG_DB) {
            console.debug(
              `[CRIAR_CONTA] Usu├írio criado: CPF=${cpfParaUsar}, tipo=${tipoUsuario}`
            );
          }
        }┬À
        console.log(
          `[CRIAR_CONTA] Ô£à Conta criada em 'usuarios' para ${tipoUsuario} (CPF: ${cpfParaUsar}), senha em ${tabelaSenha}`
        );
      } catch (err) {
        console.error('[CRIAR_CONTA] ÔØî Erro ao criar/atualizar usu├írio:', err);
        throw err;
      }┬À
      console.log(
        `Conta processada para respons├ível ${cpfParaUsar} do tomador ${tomadorData.id} (senha padr├úo definida)`
      );
    }┬À
    /**
     * Criar senha inicial para entidade (gestor)
     * Chama a fun├º├úo SQL criar_senha_inicial_entidade
     */
    export async function criarSenhaInicialEntidade(
      entidadeId: number,
      session?: Session
    ): Promise<void> {
      await query('SELECT criar_senha_inicial_entidade($1)', [entidadeId], session);┬À
      console.log(`Senha inicial criada para entidade tomador ${entidadeId}`);
    }┬À
    /**
     * Criar emissor independente (sem vinculo a clinica_id)
     * Usado por admins para criar emissores globais
     */
    export async function criarEmissorIndependente(
      cpf: string,
      nome: string,
      email: string,
      senha?: string,
      session?: Session
    ): Promise<{ cpf: string; nome: string; email: string; clinica_id: null }> {
      // Validar que usu├írio ├® admin
      if (session && session.perfil !== 'admin') {
        throw new Error(
          'Apenas administradores podem criar emissores independentes'
        );
      }┬À
      // Limpar CPF (remover formata├º├úo)
      const cpfLimpo = cpf.replace(/\\D/g, '');┬À
      // Hash da senha (padr├úo 123456 se n├úo fornecida)
      const senhaHash = await bcrypt.hash(senha || '123456', 10);┬À
      // Inserir emissor em `usuarios` (contas do sistema devem existir em `usuarios`)
      const result = await query(
        `INSERT INTO usuarios (
          cpf,
          nome,
          email,
          tipo_usuario,
          senha_hash,
          ativo,
          criado_em,
          atualizado_em
        )
        VALUES ($1, $2, $3, 'emissor', $4, true, NOW(), NOW())
        ON CONFLICT (cpf) DO UPDATE SET
          nome = EXCLUDED.nome,
          email = EXCLUDED.email,
          tipo_usuario = EXCLUDED.tipo_usuario,
          senha_hash = EXCLUDED.senha_hash,
          ativo = EXCLUDED.ativo,
          atualizado_em = CURRENT_TIMESTAMP
        RETURNING cpf, nome, email`,
        [cpfLimpo, nome, email, senhaHash],
        session
      );┬À
      if (DEBUG_DB) {
        console.debug(
          `[CRIAR_EMISSOR] Emissor independente criado: ${cpfLimpo} (clinica_id = NULL)`
        );
      }┬À
      // Compatibilidade: alguns esquemas mais antigos usam a coluna `role` em vez de `tipo_usuario`.
      // Tentamos atualizar `role = 'emissor'` quando a coluna existir; se n├úo existir, ignoramos o erro.
      try {
        await query(
          `UPDATE usuarios SET role = 'emissor' WHERE cpf = $1`,
          [cpfLimpo],
          session
        );
      } catch (err: any) {
        // C├│digo 42703 = undefined_column (coluna n├úo existe) ÔÇö podemos ignorar
        if (err && err.code && err.code === '42703') {
          if (DEBUG_DB) {
            console.debug(
              '[CRIAR_EMISSOR] Coluna `role` n├úo existe no schema local ÔÇö ignorando.'
            );
          }
        } else {
          // Para outros erros, apenas logamos (n├úo interromper a cria├º├úo)
          console.warn(
            '[CRIAR_EMISSOR] Falha ao atualizar coluna `role` (n├úo bloqueante):',
            err
          );
        }
      }┬À
      return {
        cpf: result.rows[0].cpf,
        nome: result.rows[0].nome,
        email: result.rows[0].email,
        clinica_id: null,
      };
    }┬À
    // ====================================================================
    // ALIASES DE RETROCOMPATIBILIDADE
    // TODO: Remover ap├│s atualizar todos os arquivos que referenciam fun├º├Áes antigas
    // ====================================================================┬À
    /**
     * @deprecated Use getEntidadesByTipo ao inv├®s. Ser├í removido ap├│s refatora├º├úo completa.
     */
    export const gettomadorsByTipo = getEntidadesByTipo;┬À
    /**
     * @deprecated Use getEntidadesPendentes ao inv├®s. Ser├í removido ap├│s refatora├º├úo completa.
     */
    export const gettomadorsPendentes = getEntidadesPendentes;
    "

      54 |
      55 |       // Verify that the warning message mentions the development database
    > 56 |       expect(dbContent).toMatch(/banco "nr-bps_db"/);
         |                         ^
      57 |     });
      58 |
      59 |     test('should validate that test database URL points to test database', () => {

      at Object.toMatch (__tests__/lib/database-configuration.test.ts:56:25)

PASS __tests__/lib/relatorio-dados.test.ts
  ÔùÅ Console

    console.log
      [dotenv@17.2.3] injecting env (0) from .env.test -- tip: ­ƒæÑ sync secrets across teammates & machines: https://dotenvx.com/ops

      at _log (node_modules/.pnpm/dotenv@17.2.3/node_modules/dotenv/lib/main.js:142:11)

    console.log
      ­ƒøí´©Å [jest.setup] Removendo DATABASE_URL do ambiente de testes (valor n├úo importa)

      at Object.<anonymous> (__tests__/config/jest.setup.js:125:17)

    console.log
      ­ƒøí´©Å [jest.setup] Prote├º├úo do banco de testes ativada - usando: nr-bps_db_test

      at Object.<anonymous> (__tests__/config/jest.setup.js:150:13)

RBAC seed applied to test database
PASS __tests__/database/status-constraints.test.ts
  ÔùÅ Console

    console.log
      [dotenv@17.2.3] injecting env (0) from .env.test -- tip: ÔÜÖ´©Å  override existing env vars with { override: true }

      at _log (node_modules/.pnpm/dotenv@17.2.3/node_modules/dotenv/lib/main.js:142:11)

    console.log
      ­ƒøí´©Å [jest.setup] Removendo DATABASE_URL do ambiente de testes (valor n├úo importa)

      at Object.<anonymous> (__tests__/config/jest.setup.js:125:17)

    console.log
      ­ƒøí´©Å [jest.setup] Prote├º├úo do banco de testes ativada - usando: nr-bps_db_test

      at Object.<anonymous> (__tests__/config/jest.setup.js:150:13)

RBAC seed applied to test database
RBAC seed applied to test database
RBAC seed applied to test database
PASS __tests__/security/session-mfa-security.test.ts
  ÔùÅ Console

    console.log
      [dotenv@17.2.3] injecting env (0) from .env.test -- tip: ­ƒöä add secrets lifecycle management: https://dotenvx.com/ops

      at _log (node_modules/.pnpm/dotenv@17.2.3/node_modules/dotenv/lib/main.js:142:11)

    console.log
      ­ƒøí´©Å [jest.setup] Removendo DATABASE_URL do ambiente de testes (valor n├úo importa)

      at Object.<anonymous> (__tests__/config/jest.setup.js:125:17)

    console.log
      ­ƒøí´©Å [jest.setup] Prote├º├úo do banco de testes ativada - usando: nr-bps_db_test

      at Object.<anonymous> (__tests__/config/jest.setup.js:150:13)

    console.log
      ­ƒöî [lib/db.ts] Conectado ao banco: nr-bps_db_test @ localhost (ambiente: test)

      at Object.log (lib/db.ts:673:15)

FAIL __tests__/integration/fluxo-personalizado-simples.test.ts
  ÔùÅ Test suite failed to run


      x Expected ';', '}' or <eof>
         ,-[C:\apps\QWork\__tests__\integration\fluxo-personalizado-simples.test.ts:206:1]
     206 |     
     207 |         // \n­ƒÄë FLUXO COMPLETO VALIDADO COM SUCESSO!\n
     208 |     
     209 | ,->       status: estado.status,
     210 | |->       ativa: estado.ativa,
         : `---           ^
         : `---- This is the expression part of an expression statement
     211 |           pagamento_confirmado: estado.pagamento_confirmado,
     212 |           contratacao_status: estado.contratacao_status,
     212 |           contrato_status: estado.contrato_status,
         `----


    Caused by:
        Syntax Error

      at Object.transformSync (node_modules/.pnpm/next@14.2.33_@babel+core@7._7ed58a22f15b2f2041835ab71b63c437/node_modules/next/src/build/swc/index.ts:1433:25)
      at transformSync (node_modules/.pnpm/next@14.2.33_@babel+core@7._7ed58a22f15b2f2041835ab71b63c437/node_modules/next/src/build/swc/index.ts:1550:19)
      at Object.process (node_modules/.pnpm/next@14.2.33_@babel+core@7._7ed58a22f15b2f2041835ab71b63c437/node_modules/next/src/build/swc/jest-transformer.ts:104:25)
      at ScriptTransformer.transformSource (node_modules/.pnpm/@jest+transform@30.2.0/node_modules/@jest/transform/build/index.js:422:31)
      at ScriptTransformer._transformAndBuildScript (node_modules/.pnpm/@jest+transform@30.2.0/node_modules/@jest/transform/build/index.js:519:40)
      at ScriptTransformer.transform (node_modules/.pnpm/@jest+transform@30.2.0/node_modules/@jest/transform/build/index.js:558:19)

RBAC seed applied to test database
PASS __tests__/components/ModalLinkContratoPersonalizado.test.tsx
  ÔùÅ Console

    console.log
      [dotenv@17.2.3] injecting env (0) from .env.test -- tip: ­ƒæÑ sync secrets across teammates & machines: https://dotenvx.com/ops

      at _log (node_modules/.pnpm/dotenv@17.2.3/node_modules/dotenv/lib/main.js:142:11)

    console.log
      ­ƒøí´©Å [jest.setup] Removendo DATABASE_URL do ambiente de testes (valor n├úo importa)

      at Object.<anonymous> (__tests__/config/jest.setup.js:125:17)

    console.log
      ­ƒøí´©Å [jest.setup] Prote├º├úo do banco de testes ativada - usando: nr-bps_db_test

      at Object.<anonymous> (__tests__/config/jest.setup.js:150:13)

    console.error
      Warning: An update to ModalLinkContratoPersonalizado inside a test was not wrapped in act(...).
      
      When testing, code that causes React state updates should be wrapped into act(...):
      
      act(() => {
        /* fire events that update state */
      });
      /* assert on the output */
      
      This ensures that you're testing the behavior the user would see in the browser. Learn more at https://reactjs.org/link/wrap-tests-with-act
          at isOpen (C:\apps\QWork\components\modals\ModalLinkContratoPersonalizado.tsx:27:3)

      49 |           .writeText(link)
      50 |           .then(() => {
    > 51 |             setLinkCopiado(true);
         |             ^
      52 |             setTimeout(() => setLinkCopiado(false), 3000);
      53 |           })
      54 |           .catch((err) => {

      at printWarning (node_modules/.pnpm/react-dom@18.3.1_react@18.3.1/node_modules/react-dom/cjs/react-dom.development.js:86:30)
      at error (node_modules/.pnpm/react-dom@18.3.1_react@18.3.1/node_modules/react-dom/cjs/react-dom.development.js:60:7)
      at warnIfUpdatesNotWrappedWithActDEV (node_modules/.pnpm/react-dom@18.3.1_react@18.3.1/node_modules/react-dom/cjs/react-dom.development.js:27628:9)
      at scheduleUpdateOnFiber (node_modules/.pnpm/react-dom@18.3.1_react@18.3.1/node_modules/react-dom/cjs/react-dom.development.js:25547:5)
      at dispatchSetState (node_modules/.pnpm/react-dom@18.3.1_react@18.3.1/node_modules/react-dom/cjs/react-dom.development.js:16708:7)
      at setLinkCopiado (components/modals/ModalLinkContratoPersonalizado.tsx:51:13)

    console.error
      Warning: An update to ModalLinkContratoPersonalizado inside a test was not wrapped in act(...).
      
      When testing, code that causes React state updates should be wrapped into act(...):
      
      act(() => {
        /* fire events that update state */
      });
      /* assert on the output */
      
      This ensures that you're testing the behavior the user would see in the browser. Learn more at https://reactjs.org/link/wrap-tests-with-act
          at isOpen (C:\apps\QWork\components\modals\ModalLinkContratoPersonalizado.tsx:27:3)

      66 |         },
      67 |       })
    > 68 |         .then((url) => setQrCodeDataUrl(url))
         |                        ^
      69 |         .catch((err) => console.error('Erro ao gerar QR Code:', err));
      70 |     }
      71 |   }, [isOpen, link]);

      at printWarning (node_modules/.pnpm/react-dom@18.3.1_react@18.3.1/node_modules/react-dom/cjs/react-dom.development.js:86:30)
      at error (node_modules/.pnpm/react-dom@18.3.1_react@18.3.1/node_modules/react-dom/cjs/react-dom.development.js:60:7)
      at warnIfUpdatesNotWrappedWithActDEV (node_modules/.pnpm/react-dom@18.3.1_react@18.3.1/node_modules/react-dom/cjs/react-dom.development.js:27628:9)
      at scheduleUpdateOnFiber (node_modules/.pnpm/react-dom@18.3.1_react@18.3.1/node_modules/react-dom/cjs/react-dom.development.js:25547:5)
      at dispatchSetState (node_modules/.pnpm/react-dom@18.3.1_react@18.3.1/node_modules/react-dom/cjs/react-dom.development.js:16708:7)
      at setQrCodeDataUrl (components/modals/ModalLinkContratoPersonalizado.tsx:68:24)

    console.error
      Warning: An update to ModalLinkContratoPersonalizado inside a test was not wrapped in act(...).
      
      When testing, code that causes React state updates should be wrapped into act(...):
      
      act(() => {
        /* fire events that update state */
      });
      /* assert on the output */
      
      This ensures that you're testing the behavior the user would see in the browser. Learn more at https://reactjs.org/link/wrap-tests-with-act
          at isOpen (C:\apps\QWork\components\modals\ModalLinkContratoPersonalizado.tsx:27:3)

      49 |           .writeText(link)
      50 |           .then(() => {
    > 51 |             setLinkCopiado(true);
         |             ^
      52 |             setTimeout(() => setLinkCopiado(false), 3000);
      53 |           })
      54 |           .catch((err) => {

      at printWarning (node_modules/.pnpm/react-dom@18.3.1_react@18.3.1/node_modules/react-dom/cjs/react-dom.development.js:86:30)
      at error (node_modules/.pnpm/react-dom@18.3.1_react@18.3.1/node_modules/react-dom/cjs/react-dom.development.js:60:7)
      at warnIfUpdatesNotWrappedWithActDEV (node_modules/.pnpm/react-dom@18.3.1_react@18.3.1/node_modules/react-dom/cjs/react-dom.development.js:27628:9)
      at scheduleUpdateOnFiber (node_modules/.pnpm/react-dom@18.3.1_react@18.3.1/node_modules/react-dom/cjs/react-dom.development.js:25547:5)
      at dispatchSetState (node_modules/.pnpm/react-dom@18.3.1_react@18.3.1/node_modules/react-dom/cjs/react-dom.development.js:16708:7)
      at setLinkCopiado (components/modals/ModalLinkContratoPersonalizado.tsx:51:13)

    console.error
      Warning: An update to ModalLinkContratoPersonalizado inside a test was not wrapped in act(...).
      
      When testing, code that causes React state updates should be wrapped into act(...):
      
      act(() => {
        /* fire events that update state */
      });
      /* assert on the output */
      
      This ensures that you're testing the behavior the user would see in the browser. Learn more at https://reactjs.org/link/wrap-tests-with-act
          at isOpen (C:\apps\QWork\components\modals\ModalLinkContratoPersonalizado.tsx:27:3)

      66 |         },
      67 |       })
    > 68 |         .then((url) => setQrCodeDataUrl(url))
         |                        ^
      69 |         .catch((err) => console.error('Erro ao gerar QR Code:', err));
      70 |     }
      71 |   }, [isOpen, link]);

      at printWarning (node_modules/.pnpm/react-dom@18.3.1_react@18.3.1/node_modules/react-dom/cjs/react-dom.development.js:86:30)
      at error (node_modules/.pnpm/react-dom@18.3.1_react@18.3.1/node_modules/react-dom/cjs/react-dom.development.js:60:7)
      at warnIfUpdatesNotWrappedWithActDEV (node_modules/.pnpm/react-dom@18.3.1_react@18.3.1/node_modules/react-dom/cjs/react-dom.development.js:27628:9)
      at scheduleUpdateOnFiber (node_modules/.pnpm/react-dom@18.3.1_react@18.3.1/node_modules/react-dom/cjs/react-dom.development.js:25547:5)
      at dispatchSetState (node_modules/.pnpm/react-dom@18.3.1_react@18.3.1/node_modules/react-dom/cjs/react-dom.development.js:16708:7)
      at setQrCodeDataUrl (components/modals/ModalLinkContratoPersonalizado.tsx:68:24)

    console.error
      Warning: An update to ModalLinkContratoPersonalizado inside a test was not wrapped in act(...).
      
      When testing, code that causes React state updates should be wrapped into act(...):
      
      act(() => {
        /* fire events that update state */
      });
      /* assert on the output */
      
      This ensures that you're testing the behavior the user would see in the browser. Learn more at https://reactjs.org/link/wrap-tests-with-act
          at isOpen (C:\apps\QWork\components\modals\ModalLinkContratoPersonalizado.tsx:27:3)

      49 |           .writeText(link)
      50 |           .then(() => {
    > 51 |             setLinkCopiado(true);
         |             ^
      52 |             setTimeout(() => setLinkCopiado(false), 3000);
      53 |           })
      54 |           .catch((err) => {

      at printWarning (node_modules/.pnpm/react-dom@18.3.1_react@18.3.1/node_modules/react-dom/cjs/react-dom.development.js:86:30)
      at error (node_modules/.pnpm/react-dom@18.3.1_react@18.3.1/node_modules/react-dom/cjs/react-dom.development.js:60:7)
      at warnIfUpdatesNotWrappedWithActDEV (node_modules/.pnpm/react-dom@18.3.1_react@18.3.1/node_modules/react-dom/cjs/react-dom.development.js:27628:9)
      at scheduleUpdateOnFiber (node_modules/.pnpm/react-dom@18.3.1_react@18.3.1/node_modules/react-dom/cjs/react-dom.development.js:25547:5)
      at dispatchSetState (node_modules/.pnpm/react-dom@18.3.1_react@18.3.1/node_modules/react-dom/cjs/react-dom.development.js:16708:7)
      at setLinkCopiado (components/modals/ModalLinkContratoPersonalizado.tsx:51:13)

    console.error
      Warning: An update to ModalLinkContratoPersonalizado inside a test was not wrapped in act(...).
      
      When testing, code that causes React state updates should be wrapped into act(...):
      
      act(() => {
        /* fire events that update state */
      });
      /* assert on the output */
      
      This ensures that you're testing the behavior the user would see in the browser. Learn more at https://reactjs.org/link/wrap-tests-with-act
          at isOpen (C:\apps\QWork\components\modals\ModalLinkContratoPersonalizado.tsx:27:3)

      66 |         },
      67 |       })
    > 68 |         .then((url) => setQrCodeDataUrl(url))
         |                        ^
      69 |         .catch((err) => console.error('Erro ao gerar QR Code:', err));
      70 |     }
      71 |   }, [isOpen, link]);

      at printWarning (node_modules/.pnpm/react-dom@18.3.1_react@18.3.1/node_modules/react-dom/cjs/react-dom.development.js:86:30)
      at error (node_modules/.pnpm/react-dom@18.3.1_react@18.3.1/node_modules/react-dom/cjs/react-dom.development.js:60:7)
      at warnIfUpdatesNotWrappedWithActDEV (node_modules/.pnpm/react-dom@18.3.1_react@18.3.1/node_modules/react-dom/cjs/react-dom.development.js:27628:9)
      at scheduleUpdateOnFiber (node_modules/.pnpm/react-dom@18.3.1_react@18.3.1/node_modules/react-dom/cjs/react-dom.development.js:25547:5)
      at dispatchSetState (node_modules/.pnpm/react-dom@18.3.1_react@18.3.1/node_modules/react-dom/cjs/react-dom.development.js:16708:7)
      at setQrCodeDataUrl (components/modals/ModalLinkContratoPersonalizado.tsx:68:24)

    console.error
      Warning: An update to ModalLinkContratoPersonalizado inside a test was not wrapped in act(...).
      
      When testing, code that causes React state updates should be wrapped into act(...):
      
      act(() => {
        /* fire events that update state */
      });
      /* assert on the output */
      
      This ensures that you're testing the behavior the user would see in the browser. Learn more at https://reactjs.org/link/wrap-tests-with-act
          at isOpen (C:\apps\QWork\components\modals\ModalLinkContratoPersonalizado.tsx:27:3)

      49 |           .writeText(link)
      50 |           .then(() => {
    > 51 |             setLinkCopiado(true);
         |             ^
      52 |             setTimeout(() => setLinkCopiado(false), 3000);
      53 |           })
      54 |           .catch((err) => {

      at printWarning (node_modules/.pnpm/react-dom@18.3.1_react@18.3.1/node_modules/react-dom/cjs/react-dom.development.js:86:30)
      at error (node_modules/.pnpm/react-dom@18.3.1_react@18.3.1/node_modules/react-dom/cjs/react-dom.development.js:60:7)
      at warnIfUpdatesNotWrappedWithActDEV (node_modules/.pnpm/react-dom@18.3.1_react@18.3.1/node_modules/react-dom/cjs/react-dom.development.js:27628:9)
      at scheduleUpdateOnFiber (node_modules/.pnpm/react-dom@18.3.1_react@18.3.1/node_modules/react-dom/cjs/react-dom.development.js:25547:5)
      at dispatchSetState (node_modules/.pnpm/react-dom@18.3.1_react@18.3.1/node_modules/react-dom/cjs/react-dom.development.js:16708:7)
      at setLinkCopiado (components/modals/ModalLinkContratoPersonalizado.tsx:51:13)

    console.error
      Warning: An update to ModalLinkContratoPersonalizado inside a test was not wrapped in act(...).
      
      When testing, code that causes React state updates should be wrapped into act(...):
      
      act(() => {
        /* fire events that update state */
      });
      /* assert on the output */
      
      This ensures that you're testing the behavior the user would see in the browser. Learn more at https://reactjs.org/link/wrap-tests-with-act
          at isOpen (C:\apps\QWork\components\modals\ModalLinkContratoPersonalizado.tsx:27:3)

      66 |         },
      67 |       })
    > 68 |         .then((url) => setQrCodeDataUrl(url))
         |                        ^
      69 |         .catch((err) => console.error('Erro ao gerar QR Code:', err));
      70 |     }
      71 |   }, [isOpen, link]);

      at printWarning (node_modules/.pnpm/react-dom@18.3.1_react@18.3.1/node_modules/react-dom/cjs/react-dom.development.js:86:30)
      at error (node_modules/.pnpm/react-dom@18.3.1_react@18.3.1/node_modules/react-dom/cjs/react-dom.development.js:60:7)
      at warnIfUpdatesNotWrappedWithActDEV (node_modules/.pnpm/react-dom@18.3.1_react@18.3.1/node_modules/react-dom/cjs/react-dom.development.js:27628:9)
      at scheduleUpdateOnFiber (node_modules/.pnpm/react-dom@18.3.1_react@18.3.1/node_modules/react-dom/cjs/react-dom.development.js:25547:5)
      at dispatchSetState (node_modules/.pnpm/react-dom@18.3.1_react@18.3.1/node_modules/react-dom/cjs/react-dom.development.js:16708:7)
      at setQrCodeDataUrl (components/modals/ModalLinkContratoPersonalizado.tsx:68:24)

    console.error
      Warning: An update to ModalLinkContratoPersonalizado inside a test was not wrapped in act(...).
      
      When testing, code that causes React state updates should be wrapped into act(...):
      
      act(() => {
        /* fire events that update state */
      });
      /* assert on the output */
      
      This ensures that you're testing the behavior the user would see in the browser. Learn more at https://reactjs.org/link/wrap-tests-with-act
          at isOpen (C:\apps\QWork\components\modals\ModalLinkContratoPersonalizado.tsx:27:3)

      49 |           .writeText(link)
      50 |           .then(() => {
    > 51 |             setLinkCopiado(true);
         |             ^
      52 |             setTimeout(() => setLinkCopiado(false), 3000);
      53 |           })
      54 |           .catch((err) => {

      at printWarning (node_modules/.pnpm/react-dom@18.3.1_react@18.3.1/node_modules/react-dom/cjs/react-dom.development.js:86:30)
      at error (node_modules/.pnpm/react-dom@18.3.1_react@18.3.1/node_modules/react-dom/cjs/react-dom.development.js:60:7)
      at warnIfUpdatesNotWrappedWithActDEV (node_modules/.pnpm/react-dom@18.3.1_react@18.3.1/node_modules/react-dom/cjs/react-dom.development.js:27628:9)
      at scheduleUpdateOnFiber (node_modules/.pnpm/react-dom@18.3.1_react@18.3.1/node_modules/react-dom/cjs/react-dom.development.js:25547:5)
      at dispatchSetState (node_modules/.pnpm/react-dom@18.3.1_react@18.3.1/node_modules/react-dom/cjs/react-dom.development.js:16708:7)
      at setLinkCopiado (components/modals/ModalLinkContratoPersonalizado.tsx:51:13)

    console.error
      Warning: An update to ModalLinkContratoPersonalizado inside a test was not wrapped in act(...).
      
      When testing, code that causes React state updates should be wrapped into act(...):
      
      act(() => {
        /* fire events that update state */
      });
      /* assert on the output */
      
      This ensures that you're testing the behavior the user would see in the browser. Learn more at https://reactjs.org/link/wrap-tests-with-act
          at isOpen (C:\apps\QWork\components\modals\ModalLinkContratoPersonalizado.tsx:27:3)

      66 |         },
      67 |       })
    > 68 |         .then((url) => setQrCodeDataUrl(url))
         |                        ^
      69 |         .catch((err) => console.error('Erro ao gerar QR Code:', err));
      70 |     }
      71 |   }, [isOpen, link]);

      at printWarning (node_modules/.pnpm/react-dom@18.3.1_react@18.3.1/node_modules/react-dom/cjs/react-dom.development.js:86:30)
      at error (node_modules/.pnpm/react-dom@18.3.1_react@18.3.1/node_modules/react-dom/cjs/react-dom.development.js:60:7)
      at warnIfUpdatesNotWrappedWithActDEV (node_modules/.pnpm/react-dom@18.3.1_react@18.3.1/node_modules/react-dom/cjs/react-dom.development.js:27628:9)
      at scheduleUpdateOnFiber (node_modules/.pnpm/react-dom@18.3.1_react@18.3.1/node_modules/react-dom/cjs/react-dom.development.js:25547:5)
      at dispatchSetState (node_modules/.pnpm/react-dom@18.3.1_react@18.3.1/node_modules/react-dom/cjs/react-dom.development.js:16708:7)
      at setQrCodeDataUrl (components/modals/ModalLinkContratoPersonalizado.tsx:68:24)

    console.error
      Warning: An update to ModalLinkContratoPersonalizado inside a test was not wrapped in act(...).
      
      When testing, code that causes React state updates should be wrapped into act(...):
      
      act(() => {
        /* fire events that update state */
      });
      /* assert on the output */
      
      This ensures that you're testing the behavior the user would see in the browser. Learn more at https://reactjs.org/link/wrap-tests-with-act
          at isOpen (C:\apps\QWork\components\modals\ModalLinkContratoPersonalizado.tsx:27:3)

      49 |           .writeText(link)
      50 |           .then(() => {
    > 51 |             setLinkCopiado(true);
         |             ^
      52 |             setTimeout(() => setLinkCopiado(false), 3000);
      53 |           })
      54 |           .catch((err) => {

      at printWarning (node_modules/.pnpm/react-dom@18.3.1_react@18.3.1/node_modules/react-dom/cjs/react-dom.development.js:86:30)
      at error (node_modules/.pnpm/react-dom@18.3.1_react@18.3.1/node_modules/react-dom/cjs/react-dom.development.js:60:7)
      at warnIfUpdatesNotWrappedWithActDEV (node_modules/.pnpm/react-dom@18.3.1_react@18.3.1/node_modules/react-dom/cjs/react-dom.development.js:27628:9)
      at scheduleUpdateOnFiber (node_modules/.pnpm/react-dom@18.3.1_react@18.3.1/node_modules/react-dom/cjs/react-dom.development.js:25547:5)
      at dispatchSetState (node_modules/.pnpm/react-dom@18.3.1_react@18.3.1/node_modules/react-dom/cjs/react-dom.development.js:16708:7)
      at setLinkCopiado (components/modals/ModalLinkContratoPersonalizado.tsx:51:13)

    console.error
      Warning: An update to ModalLinkContratoPersonalizado inside a test was not wrapped in act(...).
      
      When testing, code that causes React state updates should be wrapped into act(...):
      
      act(() => {
        /* fire events that update state */
      });
      /* assert on the output */
      
      This ensures that you're testing the behavior the user would see in the browser. Learn more at https://reactjs.org/link/wrap-tests-with-act
          at isOpen (C:\apps\QWork\components\modals\ModalLinkContratoPersonalizado.tsx:27:3)

      66 |         },
      67 |       })
    > 68 |         .then((url) => setQrCodeDataUrl(url))
         |                        ^
      69 |         .catch((err) => console.error('Erro ao gerar QR Code:', err));
      70 |     }
      71 |   }, [isOpen, link]);

      at printWarning (node_modules/.pnpm/react-dom@18.3.1_react@18.3.1/node_modules/react-dom/cjs/react-dom.development.js:86:30)
      at error (node_modules/.pnpm/react-dom@18.3.1_react@18.3.1/node_modules/react-dom/cjs/react-dom.development.js:60:7)
      at warnIfUpdatesNotWrappedWithActDEV (node_modules/.pnpm/react-dom@18.3.1_react@18.3.1/node_modules/react-dom/cjs/react-dom.development.js:27628:9)
      at scheduleUpdateOnFiber (node_modules/.pnpm/react-dom@18.3.1_react@18.3.1/node_modules/react-dom/cjs/react-dom.development.js:25547:5)
      at dispatchSetState (node_modules/.pnpm/react-dom@18.3.1_react@18.3.1/node_modules/react-dom/cjs/react-dom.development.js:16708:7)
      at setQrCodeDataUrl (components/modals/ModalLinkContratoPersonalizado.tsx:68:24)

RBAC seed applied to test database
RBAC seed applied to test database
RBAC seed applied to test database
PASS __tests__/api/rh/funcionarios-status.test.ts
  ÔùÅ Console

    console.log
      [dotenv@17.2.3] injecting env (0) from .env.test -- tip: ­ƒöÉ encrypt with Dotenvx: https://dotenvx.com

      at _log (node_modules/.pnpm/dotenv@17.2.3/node_modules/dotenv/lib/main.js:142:11)

    console.log
      ­ƒøí´©Å [jest.setup] Removendo DATABASE_URL do ambiente de testes (valor n├úo importa)

      at Object.<anonymous> (__tests__/config/jest.setup.js:125:17)

    console.log
      ­ƒøí´©Å [jest.setup] Prote├º├úo do banco de testes ativada - usando: nr-bps_db_test

      at Object.<anonymous> (__tests__/config/jest.setup.js:150:13)

    console.log
      [INFO] Atualizando 0 lotes afetados pelo funcion├írio 12345678901

      at log (app/api/rh/funcionarios/status/route.ts:21:11)

    console.log
      [INFO] Inativadas 0 avalia├º├Áes do funcion├írio 12345678901

      at log (app/api/rh/funcionarios/status/route.ts:162:15)

    console.log
      [INFO] Atualizando 0 lotes afetados pelo funcion├írio 12345678901

      at log (app/api/rh/funcionarios/status/route.ts:21:11)

PASS __tests__/integration/arquitetura-segregada-rh-entidade.test.ts
  ÔùÅ Console

    console.log
      [dotenv@17.2.3] injecting env (0) from .env.test -- tip: ­ƒöÉ encrypt with Dotenvx: https://dotenvx.com

      at _log (node_modules/.pnpm/dotenv@17.2.3/node_modules/dotenv/lib/main.js:142:11)

    console.log
      ­ƒøí´©Å [jest.setup] Removendo DATABASE_URL do ambiente de testes (valor n├úo importa)

      at Object.<anonymous> (__tests__/config/jest.setup.js:125:17)

    console.log
      ­ƒøí´©Å [jest.setup] Prote├º├úo do banco de testes ativada - usando: nr-bps_db_test

      at Object.<anonymous> (__tests__/config/jest.setup.js:150:13)

FAIL __tests__/api/verificar-pagamento.test.ts
  ÔùÅ Console

    console.log
      [dotenv@17.2.3] injecting env (0) from .env.test -- tip: ­ƒöä add secrets lifecycle management: https://dotenvx.com/ops

      at _log (node_modules/.pnpm/dotenv@17.2.3/node_modules/dotenv/lib/main.js:142:11)

    console.log
      ­ƒøí´©Å [jest.setup] Removendo DATABASE_URL do ambiente de testes (valor n├úo importa)

      at Object.<anonymous> (__tests__/config/jest.setup.js:125:17)

    console.log
      ­ƒøí´©Å [jest.setup] Prote├º├úo do banco de testes ativada - usando: nr-bps_db_test

      at Object.<anonymous> (__tests__/config/jest.setup.js:150:13)

    console.log
      ­ƒöî [lib/db.ts] Conectado ao banco: nr-bps_db_test @ localhost (ambiente: test)

      at Object.log (lib/db.ts:673:15)

  ÔùÅ API Verificar Pagamento ÔÇ║ GET /api/tomador/verificar-pagamento ÔÇ║ deve retornar erro 400 se tomador_id n├úo for fornecido

    error: valor de entrada ├® inv├ílido para enum status_aprovacao_enum: "pago"

      487 |         // No session: just execute the query normally
      488 |         try {
    > 489 |           const result = await client.query(text, params);
          |                          ^
      490 |           const duration = Date.now() - start;
      491 |
      492 |           // Log apenas queries lentas (>500ms)

      at node_modules/.pnpm/pg@8.16.3/node_modules/pg/lib/client.js:545:17
      at query (lib/db.ts:489:26)
      at createTesttomador (__tests__/helpers/test-data-factory.ts:147:18)
      at Object.<anonymous> (__tests__/api/verificar-pagamento.test.ts:33:27)

  ÔùÅ API Verificar Pagamento ÔÇ║ GET /api/tomador/verificar-pagamento ÔÇ║ deve retornar erro 404 se tomador n├úo existir

    error: valor de entrada ├® inv├ílido para enum status_aprovacao_enum: "pago"

      487 |         // No session: just execute the query normally
      488 |         try {
    > 489 |           const result = await client.query(text, params);
          |                          ^
      490 |           const duration = Date.now() - start;
      491 |
      492 |           // Log apenas queries lentas (>500ms)

      at node_modules/.pnpm/pg@8.16.3/node_modules/pg/lib/client.js:545:17
      at query (lib/db.ts:489:26)
      at createTesttomador (__tests__/helpers/test-data-factory.ts:147:18)
      at Object.<anonymous> (__tests__/api/verificar-pagamento.test.ts:33:27)

  ÔùÅ API Verificar Pagamento ÔÇ║ GET /api/tomador/verificar-pagamento ÔÇ║ deve confirmar acesso liberado para tomador com pagamento

    error: valor de entrada ├® inv├ílido para enum status_aprovacao_enum: "pago"

      487 |         // No session: just execute the query normally
      488 |         try {
    > 489 |           const result = await client.query(text, params);
          |                          ^
      490 |           const duration = Date.now() - start;
      491 |
      492 |           // Log apenas queries lentas (>500ms)

      at node_modules/.pnpm/pg@8.16.3/node_modules/pg/lib/client.js:545:17
      at query (lib/db.ts:489:26)
      at createTesttomador (__tests__/helpers/test-data-factory.ts:147:18)
      at Object.<anonymous> (__tests__/api/verificar-pagamento.test.ts:33:27)

  ÔùÅ API Verificar Pagamento ÔÇ║ GET /api/tomador/verificar-pagamento ÔÇ║ deve indicar necessidade de pagamento para tomador sem pagamento

    error: valor de entrada ├® inv├ílido para enum status_aprovacao_enum: "pago"

      487 |         // No session: just execute the query normally
      488 |         try {
    > 489 |           const result = await client.query(text, params);
          |                          ^
      490 |           const duration = Date.now() - start;
      491 |
      492 |           // Log apenas queries lentas (>500ms)

      at node_modules/.pnpm/pg@8.16.3/node_modules/pg/lib/client.js:545:17
      at query (lib/db.ts:489:26)
      at createTesttomador (__tests__/helpers/test-data-factory.ts:147:18)
      at Object.<anonymous> (__tests__/api/verificar-pagamento.test.ts:33:27)

  ÔùÅ API Verificar Pagamento ÔÇ║ GET /api/tomador/verificar-pagamento ÔÇ║ deve gerar link de pagamento para tomador com status pendente

    error: valor de entrada ├® inv├ílido para enum status_aprovacao_enum: "pago"

      487 |         // No session: just execute the query normally
      488 |         try {
    > 489 |           const result = await client.query(text, params);
          |                          ^
      490 |           const duration = Date.now() - start;
      491 |
      492 |           // Log apenas queries lentas (>500ms)

      at node_modules/.pnpm/pg@8.16.3/node_modules/pg/lib/client.js:545:17
      at query (lib/db.ts:489:26)
      at createTesttomador (__tests__/helpers/test-data-factory.ts:147:18)
      at Object.<anonymous> (__tests__/api/verificar-pagamento.test.ts:33:27)

  ÔùÅ API Verificar Pagamento ÔÇ║ GET /api/tomador/verificar-pagamento ÔÇ║ deve retornar dados do contrato e plano quando existirem

    error: valor de entrada ├® inv├ílido para enum status_aprovacao_enum: "pago"

      487 |         // No session: just execute the query normally
      488 |         try {
    > 489 |           const result = await client.query(text, params);
          |                          ^
      490 |           const duration = Date.now() - start;
      491 |
      492 |           // Log apenas queries lentas (>500ms)

      at node_modules/.pnpm/pg@8.16.3/node_modules/pg/lib/client.js:545:17
      at query (lib/db.ts:489:26)
      at createTesttomador (__tests__/helpers/test-data-factory.ts:147:18)
      at Object.<anonymous> (__tests__/api/verificar-pagamento.test.ts:33:27)

  ÔùÅ API Verificar Pagamento ÔÇ║ GET /api/tomador/verificar-pagamento ÔÇ║ deve retornar dados do pagamento quando existir

    error: valor de entrada ├® inv├ílido para enum status_aprovacao_enum: "pago"

      487 |         // No session: just execute the query normally
      488 |         try {
    > 489 |           const result = await client.query(text, params);
          |                          ^
      490 |           const duration = Date.now() - start;
      491 |
      492 |           // Log apenas queries lentas (>500ms)

      at node_modules/.pnpm/pg@8.16.3/node_modules/pg/lib/client.js:545:17
      at query (lib/db.ts:489:26)
      at createTesttomador (__tests__/helpers/test-data-factory.ts:147:18)
      at Object.<anonymous> (__tests__/api/verificar-pagamento.test.ts:33:27)

RBAC seed applied to test database
FAIL __tests__/database/triggers/reservar-laudo-on-lote.test.ts
  ÔùÅ Console

    console.log
      [dotenv@17.2.3] injecting env (0) from .env.test -- tip: ­ƒöÉ encrypt with Dotenvx: https://dotenvx.com

      at _log (node_modules/.pnpm/dotenv@17.2.3/node_modules/dotenv/lib/main.js:142:11)

    console.log
      ­ƒøí´©Å [jest.setup] Removendo DATABASE_URL do ambiente de testes (valor n├úo importa)

      at Object.<anonymous> (__tests__/config/jest.setup.js:125:17)

    console.log
      ­ƒøí´©Å [jest.setup] Prote├º├úo do banco de testes ativada - usando: nr-bps_db_test

      at Object.<anonymous> (__tests__/config/jest.setup.js:150:13)

    console.log
      ­ƒöî [lib/db.ts] Conectado ao banco: nr-bps_db_test @ localhost (ambiente: test)

      at Object.log (lib/db.ts:673:15)

  ÔùÅ Database: Trigger reservar_laudo_on_lote ÔÇ║ deve criar laudo automaticamente quando lote ├® criado

    error: inser├º├úo ou atualiza├º├úo em tabela "laudos" viola restri├º├úo de chave estrangeira "fk_laudos_emissor_cpf"

      487 |         // No session: just execute the query normally
      488 |         try {
    > 489 |           const result = await client.query(text, params);
          |                          ^
      490 |           const duration = Date.now() - start;
      491 |
      492 |           // Log apenas queries lentas (>500ms)

      at node_modules/.pnpm/pg@8.16.3/node_modules/pg/lib/client.js:545:17
      at query (lib/db.ts:489:26)
      at Object.<anonymous> (__tests__/database/triggers/reservar-laudo-on-lote.test.ts:67:26)

  ÔùÅ Database: Trigger reservar_laudo_on_lote ÔÇ║ deve validar que trigger respeita ON CONFLICT (n├úo duplica laudos)

    error: inser├º├úo ou atualiza├º├úo em tabela "laudos" viola restri├º├úo de chave estrangeira "fk_laudos_emissor_cpf"

      487 |         // No session: just execute the query normally
      488 |         try {
    > 489 |           const result = await client.query(text, params);
          |                          ^
      490 |           const duration = Date.now() - start;
      491 |
      492 |           // Log apenas queries lentas (>500ms)

      at node_modules/.pnpm/pg@8.16.3/node_modules/pg/lib/client.js:545:17
      at query (lib/db.ts:489:26)
      at Object.<anonymous> (__tests__/database/triggers/reservar-laudo-on-lote.test.ts:97:26)

  ÔùÅ Database: Trigger reservar_laudo_on_lote ÔÇ║ deve validar que trigger n├úo cria laudo para status != ativo

    error: inser├º├úo ou atualiza├º├úo em tabela "laudos" viola restri├º├úo de chave estrangeira "fk_laudos_emissor_cpf"

      487 |         // No session: just execute the query normally
      488 |         try {
    > 489 |           const result = await client.query(text, params);
          |                          ^
      490 |           const duration = Date.now() - start;
      491 |
      492 |           // Log apenas queries lentas (>500ms)

      at node_modules/.pnpm/pg@8.16.3/node_modules/pg/lib/client.js:545:17
      at query (lib/db.ts:489:26)
      at Object.<anonymous> (__tests__/database/triggers/reservar-laudo-on-lote.test.ts:139:26)

  ÔùÅ Database: Trigger reservar_laudo_on_lote ÔÇ║ deve validar timestamps do laudo criado pelo trigger

    error: inser├º├úo ou atualiza├º├úo em tabela "laudos" viola restri├º├úo de chave estrangeira "fk_laudos_emissor_cpf"

      487 |         // No session: just execute the query normally
      488 |         try {
    > 489 |           const result = await client.query(text, params);
          |                          ^
      490 |           const duration = Date.now() - start;
      491 |
      492 |           // Log apenas queries lentas (>500ms)

      at node_modules/.pnpm/pg@8.16.3/node_modules/pg/lib/client.js:545:17
      at query (lib/db.ts:489:26)
      at Object.<anonymous> (__tests__/database/triggers/reservar-laudo-on-lote.test.ts:176:26)

RBAC seed applied to test database
FAIL __tests__/api/rh/empresas.test.ts
  ÔùÅ Console

    console.log
      [dotenv@17.2.3] injecting env (0) from .env.test -- tip: ÔÜÖ´©Å  specify custom .env file path with { path: '/custom/path/.env' }

      at _log (node_modules/.pnpm/dotenv@17.2.3/node_modules/dotenv/lib/main.js:142:11)

    console.log
      ­ƒøí´©Å [jest.setup] Removendo DATABASE_URL do ambiente de testes (valor n├úo importa)

      at Object.<anonymous> (__tests__/config/jest.setup.js:125:17)

    console.log
      ­ƒøí´©Å [jest.setup] Prote├º├úo do banco de testes ativada - usando: nr-bps_db_test

      at Object.<anonymous> (__tests__/config/jest.setup.js:150:13)

  ÔùÅ /api/rh/empresas ÔÇ║ POST - Criar empresa ÔÇ║ deve criar empresa com sucesso

    expect(received).toBe(expected) // Object.is equality

    Expected: 201
    Received: 500

      157 |       const data = await response.json();
      158 |
    > 159 |       expect(response.status).toBe(201);
          |                               ^
      160 |       expect(data.id).toBe(3);
      161 |       expect(data.nome).toBe('Nova Empresa');
      162 |     });

      at Object.toBe (__tests__/api/rh/empresas.test.ts:159:31)

  ÔùÅ /api/rh/empresas ÔÇ║ POST - Criar empresa ÔÇ║ deve retornar erro 409 para CNPJ j├í cadastrado

    expect(received).toContain(expected) // indexOf

    Expected value: 500
    Received array: [400, 409]

      209 |       const data = await response.json();
      210 |
    > 211 |       expect([400, 409]).toContain(response.status);
          |                          ^
      212 |       expect(data.error).toBe('CNPJ j├í cadastrado no sistema');
      213 |     });
      214 |

      at Object.toContain (__tests__/api/rh/empresas.test.ts:211:26)

RBAC seed applied to test database
RBAC seed applied to test database
FAIL __tests__/api/rh/lotes.test.ts
  ÔùÅ Console

    console.log
      [dotenv@17.2.3] injecting env (0) from .env.test -- tip: ­ƒôí add observability to secrets: https://dotenvx.com/ops

      at _log (node_modules/.pnpm/dotenv@17.2.3/node_modules/dotenv/lib/main.js:142:11)

    console.log
      ­ƒøí´©Å [jest.setup] Removendo DATABASE_URL do ambiente de testes (valor n├úo importa)

      at Object.<anonymous> (__tests__/config/jest.setup.js:125:17)

    console.log
      ­ƒøí´©Å [jest.setup] Prote├º├úo do banco de testes ativada - usando: nr-bps_db_test

      at Object.<anonymous> (__tests__/config/jest.setup.js:150:13)

    console.log
      [DEBUG] GET /api/rh/lotes: user= { cpf: '11111111111', nome: 'RH Teste', perfil: 'rh', clinica_id: 1 } empresaId= 1 limit= 10

      at log (app/api/rh/lotes/route.ts:37:13)

    console.log
      [DEBUG /api/rh/lotes] user=11111111111 empresa_id=1 clinica_id=1

      at log (app/api/rh/lotes/route.ts:103:13)

    console.log
      [DEBUG /api/rh/lotes] query returned rows=undefined

      at log (app/api/rh/lotes/route.ts:140:15)

    console.log
      [DEBUG] GET /api/rh/lotes: user= { cpf: '11111111111', nome: 'RH Teste', perfil: 'rh', clinica_id: 1 } empresaId= null limit= 10

      at log (app/api/rh/lotes/route.ts:37:13)

    console.log
      [DEBUG] GET /api/rh/lotes: user= { cpf: '11111111111', nome: 'RH Teste', perfil: 'rh', clinica_id: 1 } empresaId= 999 limit= 10

      at log (app/api/rh/lotes/route.ts:37:13)

    console.log
      [DEBUG] GET /api/rh/lotes: user= { cpf: '11111111111', nome: 'RH Teste', perfil: 'rh', clinica_id: 1 } empresaId= 1 limit= 5

      at log (app/api/rh/lotes/route.ts:37:13)

    console.log
      [DEBUG] GET /api/rh/lotes: user= { cpf: '11111111111', nome: 'RH Teste', perfil: 'rh', clinica_id: 1 } empresaId= 1 limit= 10

      at log (app/api/rh/lotes/route.ts:37:13)

    console.log
      [DEBUG] GET /api/rh/lotes: user= { cpf: '11111111111', nome: 'RH Teste', perfil: 'rh', clinica_id: 1 } empresaId= 1 limit= 10

      at log (app/api/rh/lotes/route.ts:37:13)

    console.log
      [DEBUG /api/rh/lotes] user=11111111111 empresa_id=1 clinica_id=1

      at log (app/api/rh/lotes/route.ts:103:13)

    console.log
      [DEBUG /api/rh/lotes] query returned rows=undefined

      at log (app/api/rh/lotes/route.ts:140:15)

  ÔùÅ /api/rh/lotes ÔÇ║ deve retornar lotes da empresa com estat├¡sticas completas

    expect(received).toBe(expected) // Object.is equality

    Expected: true
    Received: undefined

      70 |
      71 |     expect(response.status).toBe(200);
    > 72 |     expect(data.success).toBe(true);
         |                          ^
      73 |     expect(data.lotes).toHaveLength(1);
      74 |     expect(data.lotes[0]).toMatchObject({
      75 |       id: 1,

      at Object.toBe (__tests__/api/rh/lotes.test.ts:72:26)

  ÔùÅ /api/rh/lotes ÔÇ║ deve retornar erro 404 quando empresa n├úo existe

    expect(received).toBe(expected) // Object.is equality

    Expected: 404
    Received: 500

      128 |     const data = await response.json();
      129 |
    > 130 |     expect(response.status).toBe(404);
          |                             ^
      131 |     expect(data.success).toBe(false);
      132 |     expect(data.error).toBe('Empresa n├úo encontrada');
      133 |   });

      at Object.toBe (__tests__/api/rh/lotes.test.ts:130:29)

  ÔùÅ /api/rh/lotes ÔÇ║ deve respeitar o par├ómetro limit

    expect(received).toBe(expected) // Object.is equality

    Expected: 200
    Received: 404

      165 |     const data = await response.json();
      166 |
    > 167 |     expect(response.status).toBe(200);
          |                             ^
      168 |     expect(mockQuery).toHaveBeenLastCalledWith(
      169 |       expect.stringContaining('LIMIT $2'),
      170 |       ['1', 5]

      at Object.toBe (__tests__/api/rh/lotes.test.ts:167:29)

  ÔùÅ /api/rh/lotes ÔÇ║ deve retornar erro 500 em caso de falha na query

    expect(received).toBe(expected) // Object.is equality

    Expected: "Erro de conex├úo"
    Received: "Cannot read properties of undefined (reading 'clinica_id')"

      187 |     expect(data.success).toBe(false);
      188 |     expect(data.error).toBe('Erro interno do servidor');
    > 189 |     expect(data.detalhes).toBe('Erro de conex├úo');
          |                           ^
      190 |   });
      191 |
      192 |   it('deve usar a view v_fila_emissao na query de lotes', async () => {

      at Object.toBe (__tests__/api/rh/lotes.test.ts:189:27)

RBAC seed applied to test database
RBAC seed applied to test database
PASS __tests__/rh/dashboard-lotes-laudos.test.tsx
  ÔùÅ Console

    console.log
      [dotenv@17.2.3] injecting env (0) from .env.test -- tip: ­ƒöÉ prevent building .env in docker: https://dotenvx.com/prebuild

      at _log (node_modules/.pnpm/dotenv@17.2.3/node_modules/dotenv/lib/main.js:142:11)

    console.log
      ­ƒøí´©Å [jest.setup] Removendo DATABASE_URL do ambiente de testes (valor n├úo importa)

      at Object.<anonymous> (__tests__/config/jest.setup.js:125:17)

    console.log
      ­ƒøí´©Å [jest.setup] Prote├º├úo do banco de testes ativada - usando: nr-bps_db_test

      at Object.<anonymous> (__tests__/config/jest.setup.js:150:13)

RBAC seed applied to test database
RBAC seed applied to test database
FAIL __tests__/integration/webhook-null-safe-query-fix.test.ts
  ÔùÅ Console

    console.log
      [dotenv@17.2.3] injecting env (0) from .env.test -- tip: ­ƒæÑ sync secrets across teammates & machines: https://dotenvx.com/ops

      at _log (node_modules/.pnpm/dotenv@17.2.3/node_modules/dotenv/lib/main.js:142:11)

    console.log
      ­ƒøí´©Å [jest.setup] Removendo DATABASE_URL do ambiente de testes (valor n├úo importa)

      at Object.<anonymous> (__tests__/config/jest.setup.js:125:17)

    console.log
      ­ƒøí´©Å [jest.setup] Prote├º├úo do banco de testes ativada - usando: nr-bps_db_test

      at Object.<anonymous> (__tests__/config/jest.setup.js:150:13)

    console.log
      ­ƒöî [lib/db.ts] Conectado ao banco: nr-bps_db_test @ localhost (ambiente: test)

      at Object.log (lib/db.ts:673:15)

  ÔùÅ Webhook NULL-safe Query Fix ÔÇ║ deve atualizar lotes com clinica_id quando entidade_id ├® NULL (NULL-safe query)

    error: o valor nulo na coluna "cnpj" da rela├º├úo "clinicas" viola a restri├º├úo de n├úo-nulo

      487 |         // No session: just execute the query normally
      488 |         try {
    > 489 |           const result = await client.query(text, params);
          |                          ^
      490 |           const duration = Date.now() - start;
      491 |
      492 |           // Log apenas queries lentas (>500ms)

      at node_modules/.pnpm/pg@8.16.3/node_modules/pg/lib/client.js:545:17
      at query (lib/db.ts:489:26)
      at Object.<anonymous> (__tests__/integration/webhook-null-safe-query-fix.test.ts:16:24)

  ÔùÅ Webhook NULL-safe Query Fix ÔÇ║ deve continuar funcionando com entidade_id quando clinica_id ├® NULL

    error: o valor nulo na coluna "cnpj" da rela├º├úo "clinicas" viola a restri├º├úo de n├úo-nulo

      487 |         // No session: just execute the query normally
      488 |         try {
    > 489 |           const result = await client.query(text, params);
          |                          ^
      490 |           const duration = Date.now() - start;
      491 |
      492 |           // Log apenas queries lentas (>500ms)

      at node_modules/.pnpm/pg@8.16.3/node_modules/pg/lib/client.js:545:17
      at query (lib/db.ts:489:26)
      at Object.<anonymous> (__tests__/integration/webhook-null-safe-query-fix.test.ts:16:24)

  ÔùÅ Webhook NULL-safe Query Fix ÔÇ║ deve buscar corretamente lotes com status aguardando_pagamento

    error: o valor nulo na coluna "cnpj" da rela├º├úo "clinicas" viola a restri├º├úo de n├úo-nulo

      487 |         // No session: just execute the query normally
      488 |         try {
    > 489 |           const result = await client.query(text, params);
          |                          ^
      490 |           const duration = Date.now() - start;
      491 |
      492 |           // Log apenas queries lentas (>500ms)

      at node_modules/.pnpm/pg@8.16.3/node_modules/pg/lib/client.js:545:17
      at query (lib/db.ts:489:26)
      at Object.<anonymous> (__tests__/integration/webhook-null-safe-query-fix.test.ts:16:24)

FAIL __tests__/integration/asaas-webhook-lote-sync.test.ts
  ÔùÅ Console

    console.log
      [dotenv@17.2.3] injecting env (0) from .env.test -- tip: ÔÜÖ´©Å  load multiple .env files with { path: ['.env.local', '.env'] }

      at _log (node_modules/.pnpm/dotenv@17.2.3/node_modules/dotenv/lib/main.js:142:11)

    console.log
      ­ƒøí´©Å [jest.setup] Removendo DATABASE_URL do ambiente de testes (valor n├úo importa)

      at Object.<anonymous> (__tests__/config/jest.setup.js:125:17)

    console.log
      ­ƒøí´©Å [jest.setup] Prote├º├úo do banco de testes ativada - usando: nr-bps_db_test

      at Object.<anonymous> (__tests__/config/jest.setup.js:150:13)

    console.log
      ­ƒöî [lib/db.ts] Conectado ao banco: nr-bps_db_test @ localhost (ambiente: test)

      at Object.log (lib/db.ts:673:15)

  ÔùÅ Asaas Webhook - Sincroniza├º├úo de Lote ÔÇ║ Webhook PAYMENT_CONFIRMED deve atualizar lote para pago (via externalReference)

    error: o valor nulo na coluna "telefone" da rela├º├úo "entidades" viola a restri├º├úo de n├úo-nulo

      487 |         // No session: just execute the query normally
      488 |         try {
    > 489 |           const result = await client.query(text, params);
          |                          ^
      490 |           const duration = Date.now() - start;
      491 |
      492 |           // Log apenas queries lentas (>500ms)

      at node_modules/.pnpm/pg@8.16.3/node_modules/pg/lib/client.js:545:17
      at query (lib/db.ts:489:26)
      at Object.<anonymous> (__tests__/integration/asaas-webhook-lote-sync.test.ts:22:28)

  ÔùÅ Asaas Webhook - Sincroniza├º├úo de Lote ÔÇ║ Webhook PAYMENT_RECEIVED deve atualizar lote para pago

    error: o valor nulo na coluna "telefone" da rela├º├úo "entidades" viola a restri├º├úo de n├úo-nulo

      487 |         // No session: just execute the query normally
      488 |         try {
    > 489 |           const result = await client.query(text, params);
          |                          ^
      490 |           const duration = Date.now() - start;
      491 |
      492 |           // Log apenas queries lentas (>500ms)

      at node_modules/.pnpm/pg@8.16.3/node_modules/pg/lib/client.js:545:17
      at query (lib/db.ts:489:26)
      at Object.<anonymous> (__tests__/integration/asaas-webhook-lote-sync.test.ts:22:28)

  ÔùÅ Asaas Webhook - Sincroniza├º├úo de Lote ÔÇ║ Webhook sem lote_id no externalReference deve usar fallback (entidade_id)

    error: o valor nulo na coluna "telefone" da rela├º├úo "entidades" viola a restri├º├úo de n├úo-nulo

      487 |         // No session: just execute the query normally
      488 |         try {
    > 489 |           const result = await client.query(text, params);
          |                          ^
      490 |           const duration = Date.now() - start;
      491 |
      492 |           // Log apenas queries lentas (>500ms)

      at node_modules/.pnpm/pg@8.16.3/node_modules/pg/lib/client.js:545:17
      at query (lib/db.ts:489:26)
      at Object.<anonymous> (__tests__/integration/asaas-webhook-lote-sync.test.ts:22:28)

FAIL __tests__/components/admin/RegenerarHashesButton.test.tsx (7.348 s)
  ÔùÅ Console

    console.log
      [dotenv@17.2.3] injecting env (0) from .env.test -- tip: ­ƒôí add observability to secrets: https://dotenvx.com/ops

      at _log (node_modules/.pnpm/dotenv@17.2.3/node_modules/dotenv/lib/main.js:142:11)

    console.log
      ­ƒøí´©Å [jest.setup] Removendo DATABASE_URL do ambiente de testes (valor n├úo importa)

      at Object.<anonymous> (__tests__/config/jest.setup.js:125:17)

    console.log
      ­ƒøí´©Å [jest.setup] Prote├º├úo do banco de testes ativada - usando: nr-bps_db_test

      at Object.<anonymous> (__tests__/config/jest.setup.js:150:13)

  ÔùÅ Componente Admin - Regenerar Hashes Button ÔÇ║ Intera├º├úo e Loading State ÔÇ║ deve desabilitar bot├úo durante processamento

    expect(element).toBeDisabled()

    Received element is not disabled:
      <button class="bg-blue-600 text-white px-4 py-2 rounded-lg hover:bg-blue-700 transition-colors disabled:bg-gray-400 disabled:cursor-not-allowed" />

    Ignored nodes: comments, script, style
    <html>
      <head />
      <body>
        <div>
          <div
            class="bg-white rounded-lg shadow-sm p-6 border border-gray-200"
          >
            <h3
              class="text-lg font-semibold text-gray-800 mb-2"
            >
              ­ƒöÆ Regenerar Hashes de Laudos
            </h3>
            <p
              class="text-sm text-gray-600 mb-4"
            >
              Calcula e atualiza o hash SHA-256 de laudos existentes que n├úo possuem hash armazenado. Isso ├® ├║til para laudos gerados antes da implementa├º├úo do sistema de hash.
            </p>
            <button
              class="bg-blue-600 text-white px-4 py-2 rounded-lg hover:bg-blue-700 transition-colors disabled:bg-gray-400 disabled:cursor-not-allowed"
            >
              ­ƒöä Regenerar Hashes
            </button>
            <div
              class="mt-4 p-4 bg-gray-50 rounded border border-gray-200"
            >
              <h4
                class="font-semibold text-gray-800 mb-2"
              >
                ­ƒôè Resultado:
              </h4>
              <div
                class="space-y-1 text-sm"
              >
                <p>
                  <span
                    class="font-medium"
                  >
                    Laudos processados:
                  </span>
                   
                  0
                </p>
                <p
                  class="text-green-700"
                >
                  <span
                    class="font-medium"
                  >
                    Ô£à Hashes atualizados:
                  </span>
                   
                  0
                </p>
              </div>
            </div>
          </div>
        </div>
      </body>
    </html>

      86 |
      87 |       await waitFor(() => {
    > 88 |         expect(button).toBeDisabled();
         |                        ^
      89 |       });
      90 |     });
      91 |   });

      at toBeDisabled (__tests__/components/admin/RegenerarHashesButton.test.tsx:88:24)
      at runWithExpensiveErrorDiagnosticsDisabled (node_modules/.pnpm/@testing-library+dom@10.4.1/node_modules/@testing-library/dom/dist/config.js:47:12)
      at checkCallback (node_modules/.pnpm/@testing-library+dom@10.4.1/node_modules/@testing-library/dom/dist/wait-for.js:124:77)
      at checkRealTimersCallback (node_modules/.pnpm/@testing-library+dom@10.4.1/node_modules/@testing-library/dom/dist/wait-for.js:118:16)
      at Timeout.task [as _onTimeout] (node_modules/.pnpm/jsdom@26.1.0/node_modules/jsdom/lib/jsdom/browser/Window.js:579:19)

  ÔùÅ Componente Admin - Regenerar Hashes Button ÔÇ║ Sucesso na Regenera├º├úo ÔÇ║ deve exibir resultados ap├│s processamento bem-sucedido

    Unable to find an element with the text: /processados.*10/i. This could be because the text is broken up by multiple elements. In this case, you can provide a function for your text matcher to make your matcher more flexible.

    Ignored nodes: comments, script, style
    <body>
      <div>
        <div
          class="bg-white rounded-lg shadow-sm p-6 border border-gray-200"
        >
          <h3
            class="text-lg font-semibold text-gray-800 mb-2"
          >
            ­ƒöÆ Regenerar Hashes de Laudos
          </h3>
          <p
            class="text-sm text-gray-600 mb-4"
          >
            Calcula e atualiza o hash SHA-256 de laudos existentes que n├úo possuem hash armazenado. Isso ├® ├║til para laudos gerados antes da implementa├º├úo do sistema de hash.
          </p>
          <button
            class="bg-blue-600 text-white px-4 py-2 rounded-lg hover:bg-blue-700 transition-colors disabled:bg-gray-400 disabled:cursor-not-allowed"
            disabled=""
          >
            Processando...
          </button>
        </div>
      </div>
    </body>

      113 |       await user.click(button);
      114 |
    > 115 |       await waitFor(() => {
          |                    ^
      116 |         expect(screen.getByText(/processados.*10/i)).toBeInTheDocument();
      117 |       });
      118 |     });

      at waitForWrapper (node_modules/.pnpm/@testing-library+dom@10.4.1/node_modules/@testing-library/dom/dist/wait-for.js:163:27)
      at Object.<anonymous> (__tests__/components/admin/RegenerarHashesButton.test.tsx:115:20)

  ÔùÅ Componente Admin - Regenerar Hashes Button ÔÇ║ Tratamento de Erros ÔÇ║ deve exibir mensagem de erro quando API falha

    expect(jest.fn()).toHaveBeenCalledWith(...expected)

    Expected: StringContaining "Erro"

    Number of calls: 0

    Ignored nodes: comments, script, style
    <html>
      <head />
      <body>
        <div>
          <div
            class="bg-white rounded-lg shadow-sm p-6 border border-gray-200"
          >
            <h3
              class="text-lg font-semibold text-gray-800 mb-2"
            >
              ­ƒöÆ Regenerar Hashes de Laudos
            </h3>
            <p
              class="text-sm text-gray-600 mb-4"
            >
              Calcula e atualiza o hash SHA-256 de laudos existentes que n├úo possuem hash armazenado. Isso ├® ├║til para laudos gerados antes da implementa├º├úo do sistema de hash.
            </p>
            <button
              class="bg-blue-600 text-white px-4 py-2 rounded-lg hover:bg-blue-700 transition-colors disabled:bg-gray-400 disabled:cursor-not-allowed"
            >
              ­ƒöä Regenerar Hashes
            </button>
            <div
              class="mt-4 p-4 bg-gray-50 rounded border border-gray-200"
            >
              <h4
                class="font-semibold text-gray-800 mb-2"
              >
                ­ƒôè Resultado:
              </h4>
              <div
                class="space-y-1 text-sm"
              >
                <p>
                  <span
                    class="font-medium"
                  >
                    Laudos processados:
                  </span>
                   
                  0
                </p>
                <p
                  class="text-green-700"
                >
                  <span
                    class="font-medium"
                  >
                    Ô£à Hashes atualizados:
                  </span>
                   
                  0
                </p>
              </div>
            </div>
          </div>
        </div>
      </body>
    </html>

      164 |
      165 |       await waitFor(() => {
    > 166 |         expect(toast.error).toHaveBeenCalledWith(
          |                             ^
      167 |           expect.stringContaining('Erro')
      168 |         );
      169 |       });

      at toHaveBeenCalledWith (__tests__/components/admin/RegenerarHashesButton.test.tsx:166:29)
      at runWithExpensiveErrorDiagnosticsDisabled (node_modules/.pnpm/@testing-library+dom@10.4.1/node_modules/@testing-library/dom/dist/config.js:47:12)
      at checkCallback (node_modules/.pnpm/@testing-library+dom@10.4.1/node_modules/@testing-library/dom/dist/wait-for.js:124:77)
      at checkRealTimersCallback (node_modules/.pnpm/@testing-library+dom@10.4.1/node_modules/@testing-library/dom/dist/wait-for.js:118:16)
      at Timeout.task [as _onTimeout] (node_modules/.pnpm/jsdom@26.1.0/node_modules/jsdom/lib/jsdom/browser/Window.js:579:19)

  ÔùÅ Componente Admin - Regenerar Hashes Button ÔÇ║ Exibi├º├úo de Estat├¡sticas ÔÇ║ deve exibir estat├¡sticas ap├│s regenera├º├úo

    Unable to find an element with the text: /processados/i. This could be because the text is broken up by multiple elements. In this case, you can provide a function for your text matcher to make your matcher more flexible.

    Ignored nodes: comments, script, style
    <body>
      <div>
        <div
          class="bg-white rounded-lg shadow-sm p-6 border border-gray-200"
        >
          <h3
            class="text-lg font-semibold text-gray-800 mb-2"
          >
            ­ƒöÆ Regenerar Hashes de Laudos
          </h3>
          <p
            class="text-sm text-gray-600 mb-4"
          >
            Calcula e atualiza o hash SHA-256 de laudos existentes que n├úo possuem hash armazenado. Isso ├® ├║til para laudos gerados antes da implementa├º├úo do sistema de hash.
          </p>
          <button
            class="bg-blue-600 text-white px-4 py-2 rounded-lg hover:bg-blue-700 transition-colors disabled:bg-gray-400 disabled:cursor-not-allowed"
          >
            ­ƒöä Regenerar Hashes
          </button>
        </div>
      </div>
    </body>

      226 |       await user.click(button);
      227 |
    > 228 |       await waitFor(() => {
          |                    ^
      229 |         // Verificar que as estat├¡sticas aparecem
      230 |         expect(screen.getByText(/processados/i)).toBeInTheDocument();
      231 |         expect(screen.getByText(/15/)).toBeInTheDocument();

      at waitForWrapper (node_modules/.pnpm/@testing-library+dom@10.4.1/node_modules/@testing-library/dom/dist/wait-for.js:163:27)
      at Object.<anonymous> (__tests__/components/admin/RegenerarHashesButton.test.tsx:228:20)

  ÔùÅ Componente Admin - Regenerar Hashes Button ÔÇ║ M├║ltiplas Execu├º├Áes ÔÇ║ deve permitir nova execu├º├úo ap├│s completar

    Found multiple elements with the text: /5/

    Here are the matching elements:

    Ignored nodes: comments, script, style
    <p
      class="text-sm text-gray-600 mb-4"
    >
      Calcula e atualiza o hash SHA-256 de laudos existentes que n├úo possuem hash armazenado. Isso ├® ├║til para laudos gerados antes da implementa├º├úo do sistema de hash.
    </p>

    Ignored nodes: comments, script, style
    <p>
      <span
        class="font-medium"
      >
        Laudos processados:
      </span>
       
      15
    </p>

    (If this is intentional, then use the `*AllBy*` variant of the query (like `queryAllByText`, `getAllByText`, or `findAllByText`)).

    Ignored nodes: comments, script, style
    <body>
      <div>
        <div
          class="bg-white rounded-lg shadow-sm p-6 border border-gray-200"
        >
          <h3
            class="text-lg font-semibold text-gray-800 mb-2"
          >
            ­ƒöÆ Regenerar Hashes de Laudos
          </h3>
          <p
            class="text-sm text-gray-600 mb-4"
          >
            Calcula e atualiza o hash SHA-256 de laudos existentes que n├úo possuem hash armazenado. Isso ├® ├║til para laudos gerados antes da implementa├º├úo do sistema de hash.
          </p>
          <button
            class="bg-blue-600 text-white px-4 py-2 rounded-lg hover:bg-blue-700 transition-colors disabled:bg-gray-400 disabled:cursor-not-allowed"
          >
            ­ƒöä Regenerar Hashes
          </button>
          <div
            class="mt-4 p-4 bg-gray-50 rounded border border-gray-200"
          >
            <h4
              class="font-semibold text-gray-800 mb-2"
            >
              ­ƒôè Resultado:
            </h4>
            <div
              class="space-y-1 text-sm"
            >
              <p>
                <span
                  class="font-medium"
                >
                  Laudos processados:
                </span>
                 
                15
              </p>
              <p
                class="text-green-700"
              >
                <span
                  class="font-medium"
                >
                  Ô£à Hashes atualizados:
                </span>
                 
                10
              </p>
              <p
                class="text-red-700"
              >
                <span
                  class="font-medium"
                >
                  ÔØî Erros:
                </span>
                 
                2
              </p>
            </div>
          </div>
        </div>
      </div>
    </body>

      266 |       // Primeira execu├º├úo
      267 |       await user.click(button);
    > 268 |       await waitFor(() => {
          |                    ^
      269 |         expect(screen.getByText(/5/)).toBeInTheDocument();
      270 |       });
      271 |

      at waitForWrapper (node_modules/.pnpm/@testing-library+dom@10.4.1/node_modules/@testing-library/dom/dist/wait-for.js:163:27)
      at Object.<anonymous> (__tests__/components/admin/RegenerarHashesButton.test.tsx:268:20)

RBAC seed applied to test database
RBAC seed applied to test database
FAIL __tests__/components/ModalCadastrotomador.integration.test.tsx
  ÔùÅ Console

    console.log
      [dotenv@17.2.3] injecting env (0) from .env.test -- tip: ­ƒöÉ prevent committing .env to code: https://dotenvx.com/precommit

      at _log (node_modules/.pnpm/dotenv@17.2.3/node_modules/dotenv/lib/main.js:142:11)

    console.log
      ­ƒøí´©Å [jest.setup] Removendo DATABASE_URL do ambiente de testes (valor n├úo importa)

      at Object.<anonymous> (__tests__/config/jest.setup.js:125:17)

    console.log
      ­ƒøí´©Å [jest.setup] Prote├º├úo do banco de testes ativada - usando: nr-bps_db_test

      at Object.<anonymous> (__tests__/config/jest.setup.js:150:13)

  ÔùÅ ModalCadastrotomador - integra├º├úo leve ÔÇ║ fluxo b├ísico: selecionar plano fixo e enviar

    TypeError: Cannot read properties of undefined (reading 'then')

      49 |   React.useEffect(() => {
      50 |     let mounted = true;
    > 51 |     fetch('/api/public-config')
         |           ^
      52 |       .then((r) => r.json())
      53 |       .then((json) => {
      54 |         if (!mounted) return;

      at components/modals/ModalCadastroTomadorSteps/DadosStep.tsx:51:11
      at commitHookEffectListMount (node_modules/.pnpm/react-dom@18.3.1_react@18.3.1/node_modules/react-dom/cjs/react-dom.development.js:23189:26)
      at commitPassiveMountOnFiber (node_modules/.pnpm/react-dom@18.3.1_react@18.3.1/node_modules/react-dom/cjs/react-dom.development.js:24970:11)
      at commitPassiveMountEffects_complete (node_modules/.pnpm/react-dom@18.3.1_react@18.3.1/node_modules/react-dom/cjs/react-dom.development.js:24930:9)
      at commitPassiveMountEffects_begin (node_modules/.pnpm/react-dom@18.3.1_react@18.3.1/node_modules/react-dom/cjs/react-dom.development.js:24917:7)
      at commitPassiveMountEffects (node_modules/.pnpm/react-dom@18.3.1_react@18.3.1/node_modules/react-dom/cjs/react-dom.development.js:24905:3)
      at flushPassiveEffectsImpl (node_modules/.pnpm/react-dom@18.3.1_react@18.3.1/node_modules/react-dom/cjs/react-dom.development.js:27078:3)
      at flushPassiveEffects (node_modules/.pnpm/react-dom@18.3.1_react@18.3.1/node_modules/react-dom/cjs/react-dom.development.js:27023:14)
      at node_modules/.pnpm/react-dom@18.3.1_react@18.3.1/node_modules/react-dom/cjs/react-dom.development.js:26808:9
      at flushActQueue (node_modules/.pnpm/react@18.3.1/node_modules/react/cjs/react.development.js:2667:24)
      at act (node_modules/.pnpm/react@18.3.1/node_modules/react/cjs/react.development.js:2582:11)
      at node_modules/.pnpm/@testing-library+react@16.3_518e95b9fd5d6a2824e6f20b085f4963/node_modules/@testing-library/react/dist/act-compat.js:47:25
      at renderRoot (node_modules/.pnpm/@testing-library+react@16.3_518e95b9fd5d6a2824e6f20b085f4963/node_modules/@testing-library/react/dist/pure.js:190:26)
      at render (node_modules/.pnpm/@testing-library+react@16.3_518e95b9fd5d6a2824e6f20b085f4963/node_modules/@testing-library/react/dist/pure.js:292:10)
      at Object.<anonymous> (__tests__/components/ModalCadastrotomador.integration.test.tsx:26:11)

  ÔùÅ ModalCadastrotomador - integra├º├úo leve ÔÇ║ fluxo permite prosseguir sem anexos quando NEXT_PUBLIC_DISABLE_ANEXOS=true

    TypeError: Cannot read properties of undefined (reading 'then')

      49 |   React.useEffect(() => {
      50 |     let mounted = true;
    > 51 |     fetch('/api/public-config')
         |           ^
      52 |       .then((r) => r.json())
      53 |       .then((json) => {
      54 |         if (!mounted) return;

      at components/modals/ModalCadastroTomadorSteps/DadosStep.tsx:51:11
      at commitHookEffectListMount (node_modules/.pnpm/react-dom@18.3.1_react@18.3.1/node_modules/react-dom/cjs/react-dom.development.js:23189:26)
      at commitPassiveMountOnFiber (node_modules/.pnpm/react-dom@18.3.1_react@18.3.1/node_modules/react-dom/cjs/react-dom.development.js:24970:11)
      at commitPassiveMountEffects_complete (node_modules/.pnpm/react-dom@18.3.1_react@18.3.1/node_modules/react-dom/cjs/react-dom.development.js:24930:9)
      at commitPassiveMountEffects_begin (node_modules/.pnpm/react-dom@18.3.1_react@18.3.1/node_modules/react-dom/cjs/react-dom.development.js:24917:7)
      at commitPassiveMountEffects (node_modules/.pnpm/react-dom@18.3.1_react@18.3.1/node_modules/react-dom/cjs/react-dom.development.js:24905:3)
      at flushPassiveEffectsImpl (node_modules/.pnpm/react-dom@18.3.1_react@18.3.1/node_modules/react-dom/cjs/react-dom.development.js:27078:3)
      at flushPassiveEffects (node_modules/.pnpm/react-dom@18.3.1_react@18.3.1/node_modules/react-dom/cjs/react-dom.development.js:27023:14)
      at node_modules/.pnpm/react-dom@18.3.1_react@18.3.1/node_modules/react-dom/cjs/react-dom.development.js:26808:9
      at flushActQueue (node_modules/.pnpm/react@18.3.1/node_modules/react/cjs/react.development.js:2667:24)
      at act (node_modules/.pnpm/react@18.3.1/node_modules/react/cjs/react.development.js:2582:11)
      at node_modules/.pnpm/@testing-library+react@16.3_518e95b9fd5d6a2824e6f20b085f4963/node_modules/@testing-library/react/dist/act-compat.js:47:25
      at renderRoot (node_modules/.pnpm/@testing-library+react@16.3_518e95b9fd5d6a2824e6f20b085f4963/node_modules/@testing-library/react/dist/pure.js:190:26)
      at render (node_modules/.pnpm/@testing-library+react@16.3_518e95b9fd5d6a2824e6f20b085f4963/node_modules/@testing-library/react/dist/pure.js:292:10)
      at Object.<anonymous> (__tests__/components/ModalCadastrotomador.integration.test.tsx:133:13)

RBAC seed applied to test database
PASS __tests__/database/fix-resultados-faltantes.test.ts
  ÔùÅ Console

    console.log
      [dotenv@17.2.3] injecting env (0) from .env.test -- tip: ÔÜÖ´©Å  write to custom object with { processEnv: myObject }

      at _log (node_modules/.pnpm/dotenv@17.2.3/node_modules/dotenv/lib/main.js:142:11)

    console.log
      ­ƒøí´©Å [jest.setup] Removendo DATABASE_URL do ambiente de testes (valor n├úo importa)

      at Object.<anonymous> (__tests__/config/jest.setup.js:125:17)

    console.log
      ­ƒøí´©Å [jest.setup] Prote├º├úo do banco de testes ativada - usando: nr-bps_db_test

      at Object.<anonymous> (__tests__/config/jest.setup.js:150:13)

FAIL __tests__/integration/delete-clinica-fallback.test.ts
  ÔùÅ Console

    console.log
      [dotenv@17.2.3] injecting env (0) from .env.test -- tip: ÔÜÖ´©Å  write to custom object with { processEnv: myObject }

      at _log (node_modules/.pnpm/dotenv@17.2.3/node_modules/dotenv/lib/main.js:142:11)

    console.log
      ­ƒøí´©Å [jest.setup] Removendo DATABASE_URL do ambiente de testes (valor n├úo importa)

      at Object.<anonymous> (__tests__/config/jest.setup.js:125:17)

    console.log
      ­ƒøí´©Å [jest.setup] Prote├º├úo do banco de testes ativada - usando: nr-bps_db_test

      at Object.<anonymous> (__tests__/config/jest.setup.js:150:13)

  ÔùÅ POST /api/admin/clinicas/delete-secure - fallback quando tabela contratos ausente ÔÇ║ deve ignorar aus├¬ncia de tabela contratos e concluir exclus├úo

    expect(received).toBe(expected) // Object.is equality

    Expected: true
    Received: undefined

      145 |     const body = await res.json();
      146 |
    > 147 |     expect(body.success).toBe(true);
          |                          ^
      148 |     expect(body.message).toMatch(
      149 |       /Entidade exclu├¡da com sucesso|Cl├¡nica exclu├¡da com sucesso/
      150 |     );

      at Object.toBe (__tests__/integration/delete-clinica-fallback.test.ts:147:26)

  ÔùÅ POST /api/admin/clinicas/delete-secure - fallback quando tabela contratos ausente ÔÇ║ deve inserir log diretamente na tabela quando fun├º├úo de log ausente

    expect(received).toBe(expected) // Object.is equality

    Expected: true
    Received: undefined

      171 |     const body = await res.json();
      172 |
    > 173 |     expect(body.success).toBe(true);
          |                          ^
      174 |
      175 |     // Verificar que houve uma tentativa de INSERT em logs_exclusao_clinicas
      176 |     const calls = (query as jest.Mock).mock.calls.map((c: any[]) =>

      at Object.toBe (__tests__/integration/delete-clinica-fallback.test.ts:173:26)

  ÔùÅ POST /api/admin/clinicas/delete-secure - fallback quando tabela contratos ausente ÔÇ║ deve reatribuir liberado_por e emissor_cpf antes de deletar funcion├írios

    expect(received).toBe(expected) // Object.is equality

    Expected: true
    Received: false

      215 |     );
      216 |
    > 217 |     expect(updatedLotes).toBe(true);
          |                          ^
      218 |     expect(updatedLaudos).toBe(true);
      219 |   });
      220 | });

      at Object.toBe (__tests__/integration/delete-clinica-fallback.test.ts:217:26)

RBAC seed applied to test database
FAIL __tests__/integration/fluxo-cadastro-aceite-simulador.test.ts
  ÔùÅ Console

    console.log
      [dotenv@17.2.3] injecting env (0) from .env.test -- tip: ÔÜÖ´©Å  enable debug logging with { debug: true }

      at _log (node_modules/.pnpm/dotenv@17.2.3/node_modules/dotenv/lib/main.js:142:11)

    console.log
      ­ƒøí´©Å [jest.setup] Removendo DATABASE_URL do ambiente de testes (valor n├úo importa)

      at Object.<anonymous> (__tests__/config/jest.setup.js:125:17)

    console.log
      ­ƒøí´©Å [jest.setup] Prote├º├úo do banco de testes ativada - usando: nr-bps_db_test

      at Object.<anonymous> (__tests__/config/jest.setup.js:150:13)

    console.log
      ­ƒöî [lib/db.ts] Conectado ao banco: nr-bps_db_test @ localhost (ambiente: test)

      at Object.log (lib/db.ts:673:15)

    console.log
      ­ƒöî [lib/db.ts] Conectado ao banco: nr-bps_db_test @ localhost (ambiente: test)

      at Object.log (lib/db.ts:673:15)

    console.info
      {"event":"contrato_aceito_criando_conta","tomador_id":85,"tabela":"entidades","tipo":"entidade","tipo_tomador_contrato":"entidade"}

      at info (app/api/contratos/route.ts:174:17)

    console.debug
      [CRIAR_CONTA] Iniciando cria├º├úo de conta para: {
        id: 85,
        cnpj: 'E2E744898092',
        responsavel_cpf: '52998224725',
        tipo: 'entidade',
        origem: 'entidades'
      }

      at debug (lib/db.ts:1660:13)

    console.debug
      [CRIAR_CONTA] CPF: 52998224725, CNPJ: E2E744898092

      at debug (lib/db.ts:1708:13)

    console.debug
      [CRIAR_CONTA] tipo=entidade, tipoUsuario=gestor, referenceId=85, tabelaSenha=entidades_senhas, origem=entidades

      at debug (lib/db.ts:1744:13)

    console.log
      [CRIAR_CONTA] Senha criada/atualizada em entidades_senhas para CPF 52998224725, campo=entidade_id, id=85

      at log (lib/db.ts:1768:15)

    console.debug
      [CRIAR_CONTA] Teste de senha para CPF 52998224725: SUCESSO

      at debug (lib/db.ts:1800:15)

    console.debug
      [CRIAR_CONTA] Usu├írio atualizado: CPF=52998224725, tipo=gestor

      at debug (lib/db.ts:1847:17)

    console.log
      [CRIAR_CONTA] Ô£à Conta criada em 'usuarios' para gestor (CPF: 52998224725), senha em entidades_senhas

      at log (lib/db.ts:1873:13)

    console.log
      Conta processada para respons├ível 52998224725 do tomador 85 (senha padr├úo definida)

      at log (lib/db.ts:1881:11)

    console.info
      {"event":"contrato_aceito_conta_criada","contrato_id":353,"tomador_id":85,"ip_aceite":"unknown","timestamp":"2026-02-20T15:39:09.430Z"}

      at info (app/api/contratos/route.ts:218:17)

  ÔùÅ Integra├º├úo: cadastro -> contrato gerado -> aceitar -> abrir simulador ÔÇ║ Cadastro cria contrato, aceitar permite abrir simulador e iniciar pagamento

    expect(received).toBeTruthy()

    Received: undefined

      145 |     );
      146 |     expect(aceitarData.success).toBe(true);
    > 147 |     expect(aceitarData.simulador_url).toBeTruthy();
          |                                       ^
      148 |
      149 |     // Limpar mock de m├│dulos para n├úo afetar outros testes
      150 |     jest.resetModules();

      at Object.toBeTruthy (__tests__/integration/fluxo-cadastro-aceite-simulador.test.ts:147:39)

PASS __tests__/entidade/entidade-lotes-imutabilidade.unit.test.ts
  ÔùÅ Console

    console.log
      [dotenv@17.2.3] injecting env (0) from .env.test -- tip: ÔÜÖ´©Å  suppress all logs with { quiet: true }

      at _log (node_modules/.pnpm/dotenv@17.2.3/node_modules/dotenv/lib/main.js:142:11)

    console.log
      ­ƒøí´©Å [jest.setup] Removendo DATABASE_URL do ambiente de testes (valor n├úo importa)

      at Object.<anonymous> (__tests__/config/jest.setup.js:125:17)

    console.log
      ­ƒøí´©Å [jest.setup] Prote├º├úo do banco de testes ativada - usando: nr-bps_db_test

      at Object.<anonymous> (__tests__/config/jest.setup.js:150:13)

FAIL __tests__/api/admin/novos-cadastros-correcao-conteudo.test.ts
  ÔùÅ Console

    console.log
      [dotenv@17.2.3] injecting env (0) from .env.test -- tip: ­ƒæÑ sync secrets across teammates & machines: https://dotenvx.com/ops

      at _log (node_modules/.pnpm/dotenv@17.2.3/node_modules/dotenv/lib/main.js:142:11)

    console.log
      ­ƒøí´©Å [jest.setup] Removendo DATABASE_URL do ambiente de testes (valor n├úo importa)

      at Object.<anonymous> (__tests__/config/jest.setup.js:125:17)

    console.log
      ­ƒøí´©Å [jest.setup] Prote├º├úo do banco de testes ativada - usando: nr-bps_db_test

      at Object.<anonymous> (__tests__/config/jest.setup.js:150:13)

    console.log
      ­ƒöî [lib/db.ts] Conectado ao banco: nr-bps_db_test @ localhost (ambiente: test)

      at Object.log (lib/db.ts:673:15)

  ÔùÅ POST /api/admin/novos-cadastros - Corre├º├úo Conteudo Contrato ÔÇ║ deve salvar contrato na coluna conteudo (n├úo conteudo_gerado)

    error: rela├º├úo "tomadors" n├úo existe

      487 |         // No session: just execute the query normally
      488 |         try {
    > 489 |           const result = await client.query(text, params);
          |                          ^
      490 |           const duration = Date.now() - start;
      491 |
      492 |           // Log apenas queries lentas (>500ms)

      at node_modules/.pnpm/pg@8.16.3/node_modules/pg/lib/client.js:545:17
      at query (lib/db.ts:489:26)
      at Object.<anonymous> (__tests__/api/admin/novos-cadastros-correcao-conteudo.test.ts:29:7)

  ÔùÅ POST /api/admin/novos-cadastros - Corre├º├úo Conteudo Contrato ÔÇ║ deve salvar numero_funcionarios e valor_total corretamente

    error: rela├º├úo "tomadors" n├úo existe

      487 |         // No session: just execute the query normally
      488 |         try {
    > 489 |           const result = await client.query(text, params);
          |                          ^
      490 |           const duration = Date.now() - start;
      491 |
      492 |           // Log apenas queries lentas (>500ms)

      at node_modules/.pnpm/pg@8.16.3/node_modules/pg/lib/client.js:545:17
      at query (lib/db.ts:489:26)
      at Object.<anonymous> (__tests__/api/admin/novos-cadastros-correcao-conteudo.test.ts:29:7)

  ÔùÅ POST /api/admin/novos-cadastros - Corre├º├úo Conteudo Contrato ÔÇ║ deve funcionar com numero_funcionarios fornecido no body

    error: rela├º├úo "tomadors" n├úo existe

      487 |         // No session: just execute the query normally
      488 |         try {
    > 489 |           const result = await client.query(text, params);
          |                          ^
      490 |           const duration = Date.now() - start;
      491 |
      492 |           // Log apenas queries lentas (>500ms)

      at node_modules/.pnpm/pg@8.16.3/node_modules/pg/lib/client.js:545:17
      at query (lib/db.ts:489:26)
      at Object.<anonymous> (__tests__/api/admin/novos-cadastros-correcao-conteudo.test.ts:29:7)

RBAC seed applied to test database
RBAC seed applied to test database
RBAC seed applied to test database
RBAC seed applied to test database
RBAC seed applied to test database
FAIL __tests__/api/admin/dashboard-counts.test.ts
  ÔùÅ Console

    console.log
      [dotenv@17.2.3] injecting env (0) from .env.test -- tip: ­ƒöä add secrets lifecycle management: https://dotenvx.com/ops

      at _log (node_modules/.pnpm/dotenv@17.2.3/node_modules/dotenv/lib/main.js:142:11)

    console.log
      ­ƒøí´©Å [jest.setup] Removendo DATABASE_URL do ambiente de testes (valor n├úo importa)

      at Object.<anonymous> (__tests__/config/jest.setup.js:125:17)

    console.log
      ­ƒøí´©Å [jest.setup] Prote├º├úo do banco de testes ativada - usando: nr-bps_db_test

      at Object.<anonymous> (__tests__/config/jest.setup.js:150:13)

  ÔùÅ /api/admin/empresas/[id]/funcionarios/count ÔÇ║ GET - Contar funcion├írios ativos ÔÇ║ deve retornar contagem correta de funcion├írios ativos para RH

    expect(received).toBe(expected) // Object.is equality

    Expected: 200
    Received: 500

      48 |       const data = await response.json();
      49 |
    > 50 |       expect(response.status).toBe(200);
         |                               ^
      51 |       expect(data.count).toBe(25);
      52 |     });
      53 |

      at Object.toBe (__tests__/api/admin/dashboard-counts.test.ts:50:31)

  ÔùÅ /api/admin/empresas/[id]/funcionarios/count ÔÇ║ GET - Contar funcion├írios ativos ÔÇ║ deve retornar erro para empresa n├úo encontrada

    expect(received).toBe(expected) // Object.is equality

    Expected: 404
    Received: 500

      70 |
      71 |       // Como empresa n├úo existe, deve retornar 404
    > 72 |       expect(response.status).toBe(404);
         |                               ^
      73 |     });
      74 |
      75 |     it('deve retornar erro para acesso negado (RH sem permiss├úo)', async () => {

      at Object.toBe (__tests__/api/admin/dashboard-counts.test.ts:72:31)

  ÔùÅ /api/admin/empresas/[id]/funcionarios/count ÔÇ║ GET - Contar funcion├írios ativos ÔÇ║ deve retornar erro para acesso negado (RH sem permiss├úo)

    expect(received).toBe(expected) // Object.is equality

    Expected: 403
    Received: 404

      94 |       const data = await response.json();
      95 |
    > 96 |       expect(response.status).toBe(403);
         |                               ^
      97 |       expect(data.error).toBe('Acesso negado');
      98 |     });
      99 |

      at Object.toBe (__tests__/api/admin/dashboard-counts.test.ts:96:31)

  ÔùÅ /api/admin/empresas/[id]/funcionarios/count ÔÇ║ GET - Contar funcion├írios ativos ÔÇ║ deve retornar 403 se for admin (sem acesso operacional)

    expect(received).toBe(expected) // Object.is equality

    Expected: 403
    Received: 500

      113 |       const data = await response.json();
      114 |
    > 115 |       expect(response.status).toBe(403);
          |                               ^
      116 |       expect(data.error).toBe('Acesso negado');
      117 |     });
      118 |   });

      at Object.toBe (__tests__/api/admin/dashboard-counts.test.ts:115:31)

  ÔùÅ /api/admin/empresas/[id]/avaliacoes/pendentes/count ÔÇ║ GET - Contar avalia├º├Áes pendentes ÔÇ║ deve retornar contagem correta de avalia├º├Áes pendentes para RH

    expect(received).toBe(expected) // Object.is equality

    Expected: 200
    Received: 500

      146 |       const data = await response.json();
      147 |
    > 148 |       expect(response.status).toBe(200);
          |                               ^
      149 |       expect(data.count).toBe(6);
      150 |     });
      151 |

      at Object.toBe (__tests__/api/admin/dashboard-counts.test.ts:148:31)

  ÔùÅ /api/admin/empresas/[id]/avaliacoes/pendentes/count ÔÇ║ GET - Contar avalia├º├Áes pendentes ÔÇ║ deve retornar 403 se for admin (sem acesso operacional)

    expect(received).toBe(expected) // Object.is equality

    Expected: 403
    Received: 500

      165 |       const data = await response.json();
      166 |
    > 167 |       expect(response.status).toBe(403);
          |                               ^
      168 |       expect(data.error).toBe('Acesso negado');
      169 |     });
      170 |

      at Object.toBe (__tests__/api/admin/dashboard-counts.test.ts:167:31)

  ÔùÅ /api/admin/empresas/[id]/avaliacoes/pendentes/count ÔÇ║ GET - Contar avalia├º├Áes pendentes ÔÇ║ deve excluir avalia├º├Áes conclu├¡das e inativadas da contagem

    expect(received).toBe(expected) // Object.is equality

    Expected: 200
    Received: 500

      187 |       });
      188 |
    > 189 |       expect(response.status).toBe(200);
          |                               ^
      190 |
      191 |       // Verifica que a query exclui conclu├¡das e inativadas
      192 |       const queryCall = mockQuery.mock.calls[1];

      at Object.toBe (__tests__/api/admin/dashboard-counts.test.ts:189:31)

  ÔùÅ /api/admin/empresas/[id]/avaliacoes/pendentes/count ÔÇ║ GET - Contar avalia├º├Áes pendentes ÔÇ║ deve incluir apenas funcion├írios ativos

    expect(received).toBe(expected) // Object.is equality

    Expected: 200
    Received: 500

      214 |       });
      215 |
    > 216 |       expect(response.status).toBe(200);
          |                               ^
      217 |
      218 |       // Verifica que a query inclui apenas funcion├írios ativos
      219 |       const queryCall = mockQuery.mock.calls[1];

      at Object.toBe (__tests__/api/admin/dashboard-counts.test.ts:216:31)

FAIL __tests__/monitoring/detect-orphan-lotes.test.ts
  ÔùÅ Test suite failed to run


      x the name `funcId` is defined multiple times
         ,-[C:\apps\QWork\__tests__\monitoring\detect-orphan-lotes.test.ts:113:1]
     113 |         'SELECT id FROM funcionarios WHERE cpf = $1',
     114 |         [funcionarioCpf]
     115 |       );
     116 |       const funcId = funcIdResult.rows[0].id;
         :             ^^^|^^
         :                `-- previous definition of `funcId` here
     117 |       await query(
     118 |         `DELETE FROM funcionarios_clinicas WHERE funcionario_id = $1 AND clinica_id = $2`,
     119 |         [funcId, clinicaId]
     120 |       );
     121 |       await query(
     122 |         `INSERT INTO funcionarios_clinicas (funcionario_id, clinica_id, ativo)
     123 |          VALUES ($1, $2, true)`,
     124 |         [funcId, clinicaId]
     125 |       );
     126 | 
     127 |       // Criar lote COM avalia├º├úo
     128 |       const loteResult = await query(
     129 |         `INSERT INTO lotes_avaliacao (clinica_id, empresa_id, descricao, tipo, status, liberado_por, numero_ordem)
     130 |          VALUES ($1, $2, 'Lote Monitor Test Valid', 'completo', 'ativo', $3, 1)
     131 |          RETURNING id`,
     132 |         [clinicaId, empresaId, testCpf]
     133 |       );
     134 |       loteId = loteResult.rows[0].id;
     135 | 
     136 |       await query(
     137 |         `INSERT INTO avaliacoes (funcionario_cpf, lote_id, status, inicio)
     138 |          VALUES ($1, $2, 'iniciada', NOW())`,
     139 |         [funcionarioCpf, loteId]
     140 |       );
     141 | 
     142 |       // Executar detec├º├úo
     143 |       const resultado = await monitorModule.detectarLotesOrfaos();
     144 | 
     145 |       // Ô£à Pode retornar OK ou ter outros ├│rf├úos, mas n├úo o nosso lote
     146 |       if (resultado.status === 'error' && resultado.lotes) {
     147 |         const nossoLote = resultado.lotes.find((l: any) => l.id === loteId);
     148 |         expect(nossoLote).toBeUndefined(); // Nosso lote N├âO deve estar na lista
     149 |       }
     150 | 
     151 |       // Limpar
     152 |       await query('DELETE FROM avaliacoes WHERE funcionario_cpf = $1', [
     153 |         funcionarioCpf,
     154 |       ]);
     155 |       const funcId = funcIdResult.rows[0].id;
         :             ^^^|^^
         :                `-- `funcId` redefined here
     156 |       await query(
     157 |         'DELETE FROM funcionarios_clinicas WHERE funcionario_id = $1',
     157 |         [funcId]
         `----

      at Object.transformSync (node_modules/.pnpm/next@14.2.33_@babel+core@7._7ed58a22f15b2f2041835ab71b63c437/node_modules/next/src/build/swc/index.ts:1433:25)
      at transformSync (node_modules/.pnpm/next@14.2.33_@babel+core@7._7ed58a22f15b2f2041835ab71b63c437/node_modules/next/src/build/swc/index.ts:1550:19)
      at Object.process (node_modules/.pnpm/next@14.2.33_@babel+core@7._7ed58a22f15b2f2041835ab71b63c437/node_modules/next/src/build/swc/jest-transformer.ts:104:25)
      at ScriptTransformer.transformSource (node_modules/.pnpm/@jest+transform@30.2.0/node_modules/@jest/transform/build/index.js:422:31)
      at ScriptTransformer._transformAndBuildScript (node_modules/.pnpm/@jest+transform@30.2.0/node_modules/@jest/transform/build/index.js:519:40)
      at ScriptTransformer.transform (node_modules/.pnpm/@jest+transform@30.2.0/node_modules/@jest/transform/build/index.js:558:19)

FAIL __tests__/database/enforce-usuarios-only.test.ts
  ÔùÅ Console

    console.log
      [dotenv@17.2.3] injecting env (0) from .env.test -- tip: ­ƒöæ add access controls to secrets: https://dotenvx.com/ops

      at _log (node_modules/.pnpm/dotenv@17.2.3/node_modules/dotenv/lib/main.js:142:11)

    console.log
      ­ƒøí´©Å [jest.setup] Removendo DATABASE_URL do ambiente de testes (valor n├úo importa)

      at Object.<anonymous> (__tests__/config/jest.setup.js:125:17)

    console.log
      ­ƒøí´©Å [jest.setup] Prote├º├úo do banco de testes ativada - usando: nr-bps_db_test

      at Object.<anonymous> (__tests__/config/jest.setup.js:150:13)

    console.log
      ­ƒöî [lib/db.ts] Conectado ao banco: nr-bps_db_test @ localhost (ambiente: test)

      at Object.log (lib/db.ts:673:15)

  ÔùÅ Migration 410: Enforce usuarios-only para contas do sistema ÔÇ║ CHECK Constraint: no_account_roles_in_funcionarios ÔÇ║ deve existir constraint no_account_roles_in_funcionarios

    expect(received).toBeGreaterThan(expected)

    Expected: > 0
    Received:   0

      24 |       `);
      25 |
    > 26 |       expect(result.rows.length).toBeGreaterThan(0);
         |                                  ^
      27 |       expect(result.rows[0].conname).toBe('no_account_roles_in_funcionarios');
      28 |       expect(result.rows[0].definition).toMatch(/usuario_tipo NOT IN/i);
      29 |       expect(result.rows[0].definition).toMatch(/admin/i);

      at Object.toBeGreaterThan (__tests__/database/enforce-usuarios-only.test.ts:26:34)

  ÔùÅ Migration 410: Enforce usuarios-only para contas do sistema ÔÇ║ CHECK Constraint: no_account_roles_in_funcionarios ÔÇ║ deve rejeitar INSERT de admin em funcionarios

    expect(received).rejects.toThrow(expected)

    Expected pattern: /no_account_roles_in_funcionarios|Contas do sistema/i
    Received message: "coluna \"usuario_tipo\" da rela├º├úo \"funcionarios\" n├úo existe"

          487 |         // No session: just execute the query normally
          488 |         try {
        > 489 |           const result = await client.query(text, params);
              |                          ^
          490 |           const duration = Date.now() - start;
          491 |
          492 |           // Log apenas queries lentas (>500ms)

      at node_modules/.pnpm/pg@8.16.3/node_modules/pg/lib/client.js:545:17
      at query (lib/db.ts:489:26)
      at Object.<anonymous> (__tests__/database/enforce-usuarios-only.test.ts:36:7)
      at Object.toThrow (node_modules/.pnpm/expect@30.2.0/node_modules/expect/build/index.js:2155:20)
      at Object.toThrow (__tests__/database/enforce-usuarios-only.test.ts:44:17)

  ÔùÅ Migration 410: Enforce usuarios-only para contas do sistema ÔÇ║ CHECK Constraint: no_account_roles_in_funcionarios ÔÇ║ deve rejeitar INSERT de emissor em funcionarios

    expect(received).rejects.toThrow(expected)

    Expected pattern: /no_account_roles_in_funcionarios|Contas do sistema/i
    Received message: "coluna \"usuario_tipo\" da rela├º├úo \"funcionarios\" n├úo existe"

          487 |         // No session: just execute the query normally
          488 |         try {
        > 489 |           const result = await client.query(text, params);
              |                          ^
          490 |           const duration = Date.now() - start;
          491 |
          492 |           // Log apenas queries lentas (>500ms)

      at node_modules/.pnpm/pg@8.16.3/node_modules/pg/lib/client.js:545:17
      at query (lib/db.ts:489:26)
      at Object.<anonymous> (__tests__/database/enforce-usuarios-only.test.ts:48:7)
      at Object.toThrow (node_modules/.pnpm/expect@30.2.0/node_modules/expect/build/index.js:2155:20)
      at Object.toThrow (__tests__/database/enforce-usuarios-only.test.ts:56:17)

  ÔùÅ Migration 410: Enforce usuarios-only para contas do sistema ÔÇ║ CHECK Constraint: no_account_roles_in_funcionarios ÔÇ║ deve rejeitar INSERT de gestor em funcionarios

    expect(received).rejects.toThrow(expected)

    Expected pattern: /no_account_roles_in_funcionarios|Contas do sistema/i
    Received message: "coluna \"usuario_tipo\" da rela├º├úo \"funcionarios\" n├úo existe"

          487 |         // No session: just execute the query normally
          488 |         try {
        > 489 |           const result = await client.query(text, params);
              |                          ^
          490 |           const duration = Date.now() - start;
          491 |
          492 |           // Log apenas queries lentas (>500ms)

      at node_modules/.pnpm/pg@8.16.3/node_modules/pg/lib/client.js:545:17
      at query (lib/db.ts:489:26)
      at Object.<anonymous> (__tests__/database/enforce-usuarios-only.test.ts:60:7)
      at Object.toThrow (node_modules/.pnpm/expect@30.2.0/node_modules/expect/build/index.js:2155:20)
      at Object.toThrow (__tests__/database/enforce-usuarios-only.test.ts:68:17)

  ÔùÅ Migration 410: Enforce usuarios-only para contas do sistema ÔÇ║ CHECK Constraint: no_account_roles_in_funcionarios ÔÇ║ deve rejeitar INSERT de rh em funcionarios

    expect(received).rejects.toThrow(expected)

    Expected pattern: /no_account_roles_in_funcionarios|Contas do sistema/i
    Received message: "coluna \"usuario_tipo\" da rela├º├úo \"funcionarios\" n├úo existe"

          487 |         // No session: just execute the query normally
          488 |         try {
        > 489 |           const result = await client.query(text, params);
              |                          ^
          490 |           const duration = Date.now() - start;
          491 |
          492 |           // Log apenas queries lentas (>500ms)

      at node_modules/.pnpm/pg@8.16.3/node_modules/pg/lib/client.js:545:17
      at query (lib/db.ts:489:26)
      at Object.<anonymous> (__tests__/database/enforce-usuarios-only.test.ts:72:7)
      at Object.toThrow (node_modules/.pnpm/expect@30.2.0/node_modules/expect/build/index.js:2155:20)
      at Object.toThrow (__tests__/database/enforce-usuarios-only.test.ts:80:17)

  ÔùÅ Migration 410: Enforce usuarios-only para contas do sistema ÔÇ║ Trigger: trg_reject_prohibited_roles ÔÇ║ mensagem de erro do trigger deve ser clara e ├║til

    expect(received).toMatch(expected)

    Expected pattern: /usuarios|Contas do sistema/i
    Received string:  "coluna \"usuario_tipo\" da rela├º├úo \"funcionarios\" n├úo existe"

      153 |         if (error instanceof Error) {
      154 |           // Verificar se mensagem menciona 'usuarios' como solu├º├úo
    > 155 |           expect(error.message).toMatch(/usuarios|Contas do sistema/i);
          |                                 ^
      156 |           // Verificar se mensagem ├® clara sobre o problema
      157 |           expect(error.message).toMatch(/admin|emissor|gestor|rh/i);
      158 |         }

      at Object.toMatch (__tests__/database/enforce-usuarios-only.test.ts:155:33)

  ÔùÅ Migration 410: Enforce usuarios-only para contas do sistema ÔÇ║ Documenta├º├úo e Coment├írios ÔÇ║ constraint deve ter coment├írio explicativo

    expect(received).toBeGreaterThan(expected)

    Expected: > 0
    Received:   0

      170 |       `);
      171 |
    > 172 |       expect(result.rows.length).toBeGreaterThan(0);
          |                                  ^
      173 |       expect(result.rows[0].description).toBeTruthy();
      174 |       expect(result.rows[0].description).toMatch(/Migration 410/i);
      175 |     });

      at Object.toBeGreaterThan (__tests__/database/enforce-usuarios-only.test.ts:172:34)

FAIL __tests__/integration/contratos-skip-payment-phase.test.ts
  ÔùÅ Console

    console.log
      [dotenv@17.2.3] injecting env (0) from .env.test -- tip: ­ƒöÉ prevent committing .env to code: https://dotenvx.com/precommit

      at _log (node_modules/.pnpm/dotenv@17.2.3/node_modules/dotenv/lib/main.js:142:11)

    console.log
      ­ƒøí´©Å [jest.setup] Removendo DATABASE_URL do ambiente de testes (valor n├úo importa)

      at Object.<anonymous> (__tests__/config/jest.setup.js:125:17)

    console.log
      ­ƒøí´©Å [jest.setup] Prote├º├úo do banco de testes ativada - usando: nr-bps_db_test

      at Object.<anonymous> (__tests__/config/jest.setup.js:150:13)

    console.log
      ­ƒöî [lib/db.ts] Conectado ao banco: nr-bps_db_test @ localhost (ambiente: test)

      at Object.log (lib/db.ts:673:15)

  ÔùÅ Contratos: skipPaymentPhase - Comportamento de aceita├º├úo ÔÇ║ Contrato j├í aceito - com skipPaymentPhase ÔÇ║ deve retornar sucesso COM simulador_url quando skipPaymentPhase=false

    expect(received).toBeDefined()

    Received: undefined

      125 |       expect(data.success).toBe(true);
      126 |       expect(data.message).toBe('Contrato j├í aceito');
    > 127 |       expect(data.simulador_url).toBeDefined();
          |                                  ^
      128 |       expect(data.simulador_url).toContain('/pagamento/simulador');
      129 |       expect(data.simulador_url).toContain(`tomador_id=${tomadorId}`);
      130 |       expect(data.simulador_url).toContain(`contrato_id=${contratoId}`);

      at Object.toBeDefined (__tests__/integration/contratos-skip-payment-phase.test.ts:127:34)

  ÔùÅ Contratos: skipPaymentPhase - Comportamento de aceita├º├úo ÔÇ║ Contrato j├í aceito - com skipPaymentPhase ÔÇ║ deve retornar simulador_url com par├ómetros corretos quando skipPaymentPhase n├úo configurado

    expect(received).toBeDefined()

    Received: undefined

      182 |       // Assert
      183 |       expect(response.status).toBe(200);
    > 184 |       expect(data.simulador_url).toBeDefined();
          |                                  ^
      185 |       expect(data.simulador_url).toContain('/pagamento/simulador');
      186 |       expect(data.simulador_url).toContain(`tomador_id=${tomadorId}`);
      187 |

      at Object.toBeDefined (__tests__/integration/contratos-skip-payment-phase.test.ts:184:34)

RBAC seed applied to test database
RBAC seed applied to test database
RBAC seed applied to test database
RBAC seed applied to test database
PASS __tests__/api/admin/planos-delete.test.ts
  ÔùÅ Console

    console.log
      [dotenv@17.2.3] injecting env (0) from .env.test -- tip: ­ƒôí add observability to secrets: https://dotenvx.com/ops

      at _log (node_modules/.pnpm/dotenv@17.2.3/node_modules/dotenv/lib/main.js:142:11)

    console.log
      ­ƒøí´©Å [jest.setup] Removendo DATABASE_URL do ambiente de testes (valor n├úo importa)

      at Object.<anonymous> (__tests__/config/jest.setup.js:125:17)

    console.log
      ­ƒøí´©Å [jest.setup] Prote├º├úo do banco de testes ativada - usando: nr-bps_db_test

      at Object.<anonymous> (__tests__/config/jest.setup.js:150:13)

    console.log
      [DELETE PLAN] Admin encontrado em funcionarios para valida├º├úo de senha

      at log (app/api/admin/planos/[id]/route.ts:224:17)

    console.log
      [DELETE PLAN] Admin encontrado em funcionarios para valida├º├úo de senha

      at log (app/api/admin/planos/[id]/route.ts:224:17)

    console.log
      [DELETE PLAN] Admin encontrado em funcionarios para valida├º├úo de senha

      at log (app/api/admin/planos/[id]/route.ts:224:17)

PASS __tests__/database/audit-trigger.test.ts
  ÔùÅ Console

    console.log
      [dotenv@17.2.3] injecting env (0) from .env.test -- tip: Ô£à audit secrets and track compliance: https://dotenvx.com/ops

      at _log (node_modules/.pnpm/dotenv@17.2.3/node_modules/dotenv/lib/main.js:142:11)

    console.log
      ­ƒøí´©Å [jest.setup] Removendo DATABASE_URL do ambiente de testes (valor n├úo importa)

      at Object.<anonymous> (__tests__/config/jest.setup.js:125:17)

    console.log
      ­ƒøí´©Å [jest.setup] Prote├º├úo do banco de testes ativada - usando: nr-bps_db_test

      at Object.<anonymous> (__tests__/config/jest.setup.js:150:13)

    console.log
      ­ƒöî [lib/db.ts] Conectado ao banco: nr-bps_db_test @ localhost (ambiente: test)

      at Object.log (lib/db.ts:673:15)

RBAC seed applied to test database
RBAC seed applied to test database
PASS __tests__/auth/login-fallback-data-invalida-fixed.test.ts
  ÔùÅ Console

    console.log
      [dotenv@17.2.3] injecting env (0) from .env.test -- tip: ÔÜÖ´©Å  suppress all logs with { quiet: true }

      at _log (node_modules/.pnpm/dotenv@17.2.3/node_modules/dotenv/lib/main.js:142:11)

    console.log
      ­ƒøí´©Å [jest.setup] Removendo DATABASE_URL do ambiente de testes (valor n├úo importa)

      at Object.<anonymous> (__tests__/config/jest.setup.js:125:17)

    console.log
      ­ƒøí´©Å [jest.setup] Prote├º├úo do banco de testes ativada - usando: nr-bps_db_test

      at Object.<anonymous> (__tests__/config/jest.setup.js:150:13)

PASS __tests__/auth/login-funcionario-senha-validation.test.ts (6.217 s)
  ÔùÅ Console

    console.log
      [dotenv@17.2.3] injecting env (0) from .env.test -- tip: ÔÜÖ´©Å  load multiple .env files with { path: ['.env.local', '.env'] }

      at _log (node_modules/.pnpm/dotenv@17.2.3/node_modules/dotenv/lib/main.js:142:11)

    console.log
      ­ƒøí´©Å [jest.setup] Removendo DATABASE_URL do ambiente de testes (valor n├úo importa)

      at Object.<anonymous> (__tests__/config/jest.setup.js:125:17)

    console.log
      ­ƒøí´©Å [jest.setup] Prote├º├úo do banco de testes ativada - usando: nr-bps_db_test

      at Object.<anonymous> (__tests__/config/jest.setup.js:150:13)

PASS __tests__/lib/calculate.test.ts
  ÔùÅ Console

    console.log
      [dotenv@17.2.3] injecting env (0) from .env.test -- tip: ­ƒöÉ prevent building .env in docker: https://dotenvx.com/prebuild

      at _log (node_modules/.pnpm/dotenv@17.2.3/node_modules/dotenv/lib/main.js:142:11)

    console.log
      ­ƒøí´©Å [jest.setup] Removendo DATABASE_URL do ambiente de testes (valor n├úo importa)

      at Object.<anonymous> (__tests__/config/jest.setup.js:125:17)

    console.log
      ­ƒøí´©Å [jest.setup] Prote├º├úo do banco de testes ativada - usando: nr-bps_db_test

      at Object.<anonymous> (__tests__/config/jest.setup.js:150:13)

FAIL __tests__/correcoes-09-02-2026-entidade-id.test.ts
  ÔùÅ Console

    console.log
      [dotenv@17.2.3] injecting env (0) from .env.test -- tip: ÔÜÖ´©Å  load multiple .env files with { path: ['.env.local', '.env'] }

      at _log (node_modules/.pnpm/dotenv@17.2.3/node_modules/dotenv/lib/main.js:142:11)

    console.log
      ­ƒøí´©Å [jest.setup] Removendo DATABASE_URL do ambiente de testes (valor n├úo importa)

      at Object.<anonymous> (__tests__/config/jest.setup.js:125:17)

    console.log
      ­ƒøí´©Å [jest.setup] Prote├º├úo do banco de testes ativada - usando: nr-bps_db_test

      at Object.<anonymous> (__tests__/config/jest.setup.js:150:13)

    console.log
      ­ƒöî [lib/db.ts] Conectado ao banco: nr-bps_db_test @ localhost (ambiente: test)

      at Object.log (lib/db.ts:673:15)

  ÔùÅ Corre├º├Áes 09/02/2026 - entidade_id Critical Validations ÔÇ║ 2. Queries de API - Funcionalidades Core ÔÇ║ query GET /api/entidade/lotes deve retornar lotes usando entidade_id

    expect(received).toBeGreaterThan(expected)

    Expected: > 0
    Received:   0

      52 |
      53 |       // Valida├º├úo cr├¡tica: deve retornar dados
    > 54 |       expect(result.rows.length).toBeGreaterThan(0);
         |                                  ^
      55 |       result.rows.forEach((lote) => {
      56 |         expect(lote.entidade_nome).toBeTruthy();
      57 |         expect(lote.descricao).toBeTruthy();

      at Object.toBeGreaterThan (__tests__/correcoes-09-02-2026-entidade-id.test.ts:54:34)

  ÔùÅ Corre├º├Áes 09/02/2026 - entidade_id Critical Validations ÔÇ║ 3. Casos de Uso End-to-End ÔÇ║ criar e buscar lote de entidade (fluxo completo)

    error: inser├º├úo ou atualiza├º├úo em tabela "lotes_avaliacao" viola restri├º├úo de chave estrangeira "lotes_avaliacao_entidade_id_fkey"

      487 |         // No session: just execute the query normally
      488 |         try {
    > 489 |           const result = await client.query(text, params);
          |                          ^
      490 |           const duration = Date.now() - start;
      491 |
      492 |           // Log apenas queries lentas (>500ms)

      at node_modules/.pnpm/pg@8.16.3/node_modules/pg/lib/client.js:545:17
      at query (lib/db.ts:489:26)
      at Object.<anonymous> (__tests__/correcoes-09-02-2026-entidade-id.test.ts:96:28)

  ÔùÅ Corre├º├Áes 09/02/2026 - entidade_id Critical Validations ÔÇ║ 4. Valida├º├úo de Corre├º├úo Principal ÔÇ║ Ô£à CORRE├ç├âO: lotes de entidade devem ser retorn├íveis pelo dashboard

    expect(received).toBeGreaterThan(expected)

    Expected: > 0
    Received:   0

      141 |
      142 |       // Valida├º├úo principal: deve retornar lotes existentes
    > 143 |       expect(result.rows.length).toBeGreaterThan(0);
          |                                  ^
      144 |
      145 |       result.rows.forEach((lote) => {
      146 |         expect(lote.entidade_id).toBe(5);

      at Object.toBeGreaterThan (__tests__/correcoes-09-02-2026-entidade-id.test.ts:143:34)

RBAC seed applied to test database
RBAC seed applied to test database
RBAC seed applied to test database
PASS __tests__/system/structured-logger.test.ts
  ÔùÅ Console

    console.log
      [dotenv@17.2.3] injecting env (0) from .env.test -- tip: ­ƒöæ add access controls to secrets: https://dotenvx.com/ops

      at _log (node_modules/.pnpm/dotenv@17.2.3/node_modules/dotenv/lib/main.js:142:11)

    console.log
      ­ƒøí´©Å [jest.setup] Removendo DATABASE_URL do ambiente de testes (valor n├úo importa)

      at Object.<anonymous> (__tests__/config/jest.setup.js:125:17)

    console.log
      ­ƒøí´©Å [jest.setup] Prote├º├úo do banco de testes ativada - usando: nr-bps_db_test

      at Object.<anonymous> (__tests__/config/jest.setup.js:150:13)

PASS __tests__/components/Header.test.tsx
  ÔùÅ Console

    console.log
      [dotenv@17.2.3] injecting env (0) from .env.test -- tip: ­ƒöÉ encrypt with Dotenvx: https://dotenvx.com

      at _log (node_modules/.pnpm/dotenv@17.2.3/node_modules/dotenv/lib/main.js:142:11)

    console.log
      ­ƒøí´©Å [jest.setup] Removendo DATABASE_URL do ambiente de testes (valor n├úo importa)

      at Object.<anonymous> (__tests__/config/jest.setup.js:125:17)

    console.log
      ­ƒøí´©Å [jest.setup] Prote├º├úo do banco de testes ativada - usando: nr-bps_db_test

      at Object.<anonymous> (__tests__/config/jest.setup.js:150:13)

FAIL __tests__/api/entidade/laudos/verify-hash.test.ts
  ÔùÅ Console

    console.log
      [dotenv@17.2.3] injecting env (0) from .env.test -- tip: Ô£à audit secrets and track compliance: https://dotenvx.com/ops

      at _log (node_modules/.pnpm/dotenv@17.2.3/node_modules/dotenv/lib/main.js:142:11)

    console.log
      ­ƒøí´©Å [jest.setup] Removendo DATABASE_URL do ambiente de testes (valor n├úo importa)

      at Object.<anonymous> (__tests__/config/jest.setup.js:125:17)

    console.log
      ­ƒøí´©Å [jest.setup] Prote├º├úo do banco de testes ativada - usando: nr-bps_db_test

      at Object.<anonymous> (__tests__/config/jest.setup.js:150:13)

    console.log
      ­ƒöî [lib/db.ts] Conectado ao banco: nr-bps_db_test @ localhost (ambiente: test)

      at Object.log (lib/db.ts:673:15)

    console.log
      [VERIFY] Lendo arquivo PDF do laudo 1005...

      at log (app/api/entidade/laudos/[laudoId]/verify-hash/route.ts:76:13)

    console.log
      [VERIFY] Lendo arquivo PDF do laudo 1005...

      at log (app/api/entidade/laudos/[laudoId]/verify-hash/route.ts:76:13)

    console.log
      [VERIFY] Lendo arquivo PDF do laudo 1005...

      at log (app/api/entidade/laudos/[laudoId]/verify-hash/route.ts:76:13)

  ÔùÅ GET /api/entidade/laudos/[laudoId]/verify-hash ÔÇ║ Retorno de Hash Armazenado ÔÇ║ deve retornar hash armazenado quando laudo tem hash_pdf

    expect(received).toBe(expected) // Object.is equality

    Expected: 200
    Received: 404

      127 |       );
      128 |
    > 129 |       expect(response.status).toBe(200);
          |                               ^
      130 |       const json = await response.json();
      131 |
      132 |       expect(json.success).toBe(true);

      at Object.toBe (__tests__/api/entidade/laudos/verify-hash.test.ts:129:31)

  ÔùÅ GET /api/entidade/laudos/[laudoId]/verify-hash ÔÇ║ Comportamento Corrigido (N├úo Recalcula Hash) ÔÇ║ N├âO deve tentar ler arquivo do sistema de arquivos

    expect(received).toBe(expected) // Object.is equality

    Expected: 200
    Received: 404

      197 |       );
      198 |
    > 199 |       expect(response.status).toBe(200);
          |                               ^
      200 |
      201 |       // Se tentasse ler arquivo local, teste falharia (fs n├úo est├í mockado)
      202 |       // Passagem do teste prova que n├úo usa filesystem

      at Object.toBe (__tests__/api/entidade/laudos/verify-hash.test.ts:199:31)

  ÔùÅ GET /api/entidade/laudos/[laudoId]/verify-hash ÔÇ║ Comportamento Corrigido (N├úo Recalcula Hash) ÔÇ║ N├âO deve fazer fetch do Backblaze para recalcular hash

    expect(received).toBe(expected) // Object.is equality

    Expected: 200
    Received: 404

      229 |       );
      230 |
    > 231 |       expect(response.status).toBe(200);
          |                               ^
      232 |       const json = await response.json();
      233 |
      234 |       // Hash retornado ├® o mesmo do banco, n├úo foi recalculado

      at Object.toBe (__tests__/api/entidade/laudos/verify-hash.test.ts:231:31)

RBAC seed applied to test database
FAIL __tests__/api/rh/funcionarios-edit.test.ts
  ÔùÅ Console

    console.log
      [dotenv@17.2.3] injecting env (0) from .env.test -- tip: ÔÜÖ´©Å  enable debug logging with { debug: true }

      at _log (node_modules/.pnpm/dotenv@17.2.3/node_modules/dotenv/lib/main.js:142:11)

    console.log
      ­ƒøí´©Å [jest.setup] Removendo DATABASE_URL do ambiente de testes (valor n├úo importa)

      at Object.<anonymous> (__tests__/config/jest.setup.js:125:17)

    console.log
      ­ƒøí´©Å [jest.setup] Prote├º├úo do banco de testes ativada - usando: nr-bps_db_test

      at Object.<anonymous> (__tests__/config/jest.setup.js:150:13)

  ÔùÅ /api/rh/funcionarios - PUT (Editar Funcion├írio) ÔÇ║ deve validar campos obrigat├│rios ausentes

    expect(received).toBe(expected) // Object.is equality

    Expected: "CPF, nome, setor, fun├º├úo e email s├úo obrigat├│rios"
    Received: "CPF, nome, data de nascimento, setor, fun├º├úo e email s├úo obrigat├│rios"

      49 |
      50 |     expect(response.status).toBe(400);
    > 51 |     expect(data.error).toBe(
         |                        ^
      52 |       'CPF, nome, setor, fun├º├úo e email s├úo obrigat├│rios'
      53 |     );
      54 |   });

      at Object.toBe (__tests__/api/rh/funcionarios-edit.test.ts:51:24)

  ÔùÅ /api/rh/funcionarios - PUT (Editar Funcion├írio) ÔÇ║ deve validar CPF inv├ílido

    expect(received).toBe(expected) // Object.is equality

    Expected: "CPF inv├ílido"
    Received: "CPF, nome, data de nascimento, setor, fun├º├úo e email s├úo obrigat├│rios"

      87 |
      88 |     expect(response.status).toBe(400);
    > 89 |     expect(data.error).toBe('CPF inv├ílido');
         |                        ^
      90 |   });
      91 |
      92 |   it('deve validar email inv├ílido', async () => {

      at Object.toBe (__tests__/api/rh/funcionarios-edit.test.ts:89:24)

  ÔùÅ /api/rh/funcionarios - PUT (Editar Funcion├írio) ÔÇ║ deve validar email inv├ílido

    expect(received).toBe(expected) // Object.is equality

    Expected: "Email inv├ílido"
    Received: "CPF, nome, data de nascimento, setor, fun├º├úo e email s├úo obrigat├│rios"

      123 |
      124 |     expect(response.status).toBe(400);
    > 125 |     expect(data.error).toBe('Email inv├ílido');
          |                        ^
      126 |   });
      127 |
      128 |   it.skip('deve atualizar funcion├írio com sucesso', async () => {

      at Object.toBe (__tests__/api/rh/funcionarios-edit.test.ts:125:24)

  ÔùÅ /api/rh/funcionarios - PUT (Editar Funcion├írio) ÔÇ║ deve retornar erro quando perfil n├úo ├® RH

    expect(received).toBe(expected) // Object.is equality

    Expected: 403
    Received: 400

      241 |     const data = await response.json();
      242 |
    > 243 |     expect(response.status).toBe(403);
          |                             ^
      244 |     expect(data.error).toBe('Apenas gestores RH podem editar funcion├írios');
      245 |   });
      246 | });

      at Object.toBe (__tests__/api/rh/funcionarios-edit.test.ts:243:29)

RBAC seed applied to test database
RBAC seed applied to test database
RBAC seed applied to test database
PASS __tests__/api/entidade/lotes.test.ts
  ÔùÅ Console

    console.log
      [dotenv@17.2.3] injecting env (0) from .env.test -- tip: ÔÜÖ´©Å  enable debug logging with { debug: true }

      at _log (node_modules/.pnpm/dotenv@17.2.3/node_modules/dotenv/lib/main.js:142:11)

    console.log
      ­ƒøí´©Å [jest.setup] Removendo DATABASE_URL do ambiente de testes (valor n├úo importa)

      at Object.<anonymous> (__tests__/config/jest.setup.js:125:17)

    console.log
      ­ƒøí´©Å [jest.setup] Prote├º├úo do banco de testes ativada - usando: nr-bps_db_test

      at Object.<anonymous> (__tests__/config/jest.setup.js:150:13)

    console.log
      [DEBUG /api/entidade/lotes] session={"perfil":"gestor","entidade_id":1}

      at log (app/api/entidade/lotes/route.ts:30:13)

    console.log
      [DEBUG /api/entidade/lotes] query returned rows=undefined

      at log (app/api/entidade/lotes/route.ts:80:15)

    console.log
      [DEBUG /api/entidade/lotes] session={"perfil":"gestor","entidade_id":1}

      at log (app/api/entidade/lotes/route.ts:30:13)

    console.log
      [DEBUG /api/entidade/lotes] session={"perfil":"gestor","entidade_id":1}

      at log (app/api/entidade/lotes/route.ts:30:13)

    console.log
      [DEBUG /api/entidade/lotes] query returned rows=undefined

      at log (app/api/entidade/lotes/route.ts:80:15)

    console.log
      [DEBUG /api/entidade/lotes] session={"perfil":"gestor","entidade_id":1}

      at log (app/api/entidade/lotes/route.ts:30:13)

    console.log
      [DEBUG /api/entidade/lotes] query returned rows=undefined

      at log (app/api/entidade/lotes/route.ts:80:15)

    console.log
      [DEBUG /api/entidade/lotes] session={"perfil":"gestor","entidade_id":1}

      at log (app/api/entidade/lotes/route.ts:30:13)

    console.log
      [DEBUG /api/entidade/lotes] query returned rows=undefined

      at log (app/api/entidade/lotes/route.ts:80:15)

FAIL __tests__/avaliacao/conclusao.test.ts
  ÔùÅ Console

    console.log
      [dotenv@17.2.3] injecting env (0) from .env.test -- tip: ­ƒöæ add access controls to secrets: https://dotenvx.com/ops

      at _log (node_modules/.pnpm/dotenv@17.2.3/node_modules/dotenv/lib/main.js:142:11)

    console.log
      ­ƒøí´©Å [jest.setup] Removendo DATABASE_URL do ambiente de testes (valor n├úo importa)

      at Object.<anonymous> (__tests__/config/jest.setup.js:125:17)

    console.log
      ­ƒøí´©Å [jest.setup] Prote├º├úo do banco de testes ativada - usando: nr-bps_db_test

      at Object.<anonymous> (__tests__/config/jest.setup.js:150:13)

  ÔùÅ Avalia├º├úo - Conclus├úo ÔÇ║ Item 15: Responder 37 quest├Áes muda status e redireciona ÔÇ║ deve finalizar avalia├º├úo ap├│s 37┬¬ resposta

    expect(received).toBe(expected) // Object.is equality

    Expected: 200
    Received: 410

      52 |       const data = await response.json();
      53 |
    > 54 |       expect(response.status).toBe(200);
         |                               ^
      55 |       expect(data.success).toBe(true);
      56 |     });
      57 |

      at Object.toBe (__tests__/avaliacao/conclusao.test.ts:54:31)

  ÔùÅ Avalia├º├úo - Conclus├úo ÔÇ║ Item 15: Responder 37 quest├Áes muda status e redireciona ÔÇ║ deve atualizar status para "concluido"

    expect(jest.fn()).toHaveBeenCalledWith(...expected)

    Expected: StringContaining "UPDATE avaliacoes", ArrayContaining [Anything, 1]

    Number of calls: 0

      76 |       await POST(request);
      77 |
    > 78 |       expect(mockQuery).toHaveBeenCalledWith(
         |                         ^
      79 |         expect.stringContaining('UPDATE avaliacoes'),
      80 |         expect.arrayContaining([expect.anything(), 1])
      81 |       );

      at Object.toHaveBeenCalledWith (__tests__/avaliacao/conclusao.test.ts:78:25)

  ÔùÅ Avalia├º├úo - Conclus├úo ÔÇ║ Item 15: Responder 37 quest├Áes muda status e redireciona ÔÇ║ deve registrar data de envio ao finalizar

    expect(jest.fn()).toHaveBeenCalledWith(...expected)

    Expected: StringContaining "envio", Any<Array>

    Number of calls: 0

      103 |
      104 |       // Verificar que a query UPDATE inclui o timestamp de envio
    > 105 |       expect(mockQuery).toHaveBeenCalledWith(
          |                         ^
      106 |         expect.stringContaining('envio'),
      107 |         expect.any(Array)
      108 |       );

      at Object.toHaveBeenCalledWith (__tests__/avaliacao/conclusao.test.ts:105:25)

  ÔùÅ Avalia├º├úo - Conclus├úo ÔÇ║ Item 15: Responder 37 quest├Áes muda status e redireciona ÔÇ║ deve impedir finaliza├º├úo de avalia├º├úo j├í conclu├¡da

    expect(received).toBe(expected) // Object.is equality

    Expected: 404
    Received: 410

      128 |       const data = await response.json();
      129 |
    > 130 |       expect(response.status).toBe(404);
          |                               ^
      131 |       expect(data.error).toBeDefined();
      132 |     });
      133 |

      at Object.toBe (__tests__/avaliacao/conclusao.test.ts:130:31)

  ÔùÅ Avalia├º├úo - Conclus├úo ÔÇ║ Item 15: Responder 37 quest├Áes muda status e redireciona ÔÇ║ deve retornar sucesso com avaliacaoId ap├│s finalizar

    expect(received).toBe(expected) // Object.is equality

    Expected: true
    Received: undefined

      153 |       const data = await response.json();
      154 |
    > 155 |       expect(data.success).toBe(true);
          |                            ^
      156 |       expect(data.avaliacaoId).toBe(1);
      157 |     });
      158 |

      at Object.toBe (__tests__/avaliacao/conclusao.test.ts:155:28)

  ÔùÅ Avalia├º├úo - Conclus├úo ÔÇ║ Item 15: Responder 37 quest├Áes muda status e redireciona ÔÇ║ deve permitir verifica├º├úo de status ap├│s conclus├úo

    expect(received).toBe(expected) // Object.is equality

    Expected: "concluido"
    Received: undefined

      175 |       const data = await response.json();
      176 |
    > 177 |       expect(data.status).toBe('concluido');
          |                           ^
      178 |       expect(data.envio).toBeDefined();
      179 |       // Frontend deve redirecionar para /avaliacao/concluida ou dashboard
      180 |     });

      at Object.toBe (__tests__/avaliacao/conclusao.test.ts:177:27)

  ÔùÅ Avalia├º├úo - Conclus├úo ÔÇ║ Item 15: Responder 37 quest├Áes muda status e redireciona ÔÇ║ deve processar resultados ap├│s conclus├úo

    expect(received).toBe(expected) // Object.is equality

    Expected: 200
    Received: 410

      200 |       const response = await POST(request);
      201 |
    > 202 |       expect(response.status).toBe(200);
          |                               ^
      203 |       // A finaliza├º├úo deve calcular os resultados automaticamente
      204 |     });
      205 |

      at Object.toBe (__tests__/avaliacao/conclusao.test.ts:202:31)

  ÔùÅ Avalia├º├úo - Conclus├úo ÔÇ║ Item 15: Responder 37 quest├Áes muda status e redireciona ÔÇ║ deve validar que avalia├º├úo pertence ao usu├írio antes de finalizar

    expect(received).toBe(expected) // Object.is equality

    Expected: 404
    Received: 410

      223 |       const data = await response.json();
      224 |
    > 225 |       expect(response.status).toBe(404);
          |                               ^
      226 |       expect(data.error).toContain('n├úo encontrada');
      227 |     });
      228 |   });

      at Object.toBe (__tests__/avaliacao/conclusao.test.ts:225:31)

RBAC seed applied to test database
FAIL __tests__/system/database-environment.test.ts
  ÔùÅ Console

    console.log
      [dotenv@17.2.3] injecting env (0) from .env.test -- tip: ­ƒøá´©Å  run anywhere with `dotenvx run -- yourcommand`

      at _log (node_modules/.pnpm/dotenv@17.2.3/node_modules/dotenv/lib/main.js:142:11)

    console.log
      ­ƒøí´©Å [jest.setup] Removendo DATABASE_URL do ambiente de testes (valor n├úo importa)

      at Object.<anonymous> (__tests__/config/jest.setup.js:125:17)

    console.log
      ­ƒøí´©Å [jest.setup] Prote├º├úo do banco de testes ativada - usando: nr-bps_db_test

      at Object.<anonymous> (__tests__/config/jest.setup.js:150:13)

  ÔùÅ ­ƒöÆ PROTE├ç├âO: Configura├º├úo de Bancos de Dados ÔÇ║ Valida├º├úo de .env.local (Desenvolvimento) ÔÇ║ DEVE usar nr-bps_db local (N├âO Neon Cloud)

    expect(received).toMatch(expected)

    Expected pattern: /LOCAL_DATABASE_URL=.*localhost:5432\/nr-bps_db/
    Received string:  "# ========================================
    # CONFIGURA├ç├âO EMISSOR LOCAL ÔåÆ BANCO PROD
    # ========================================
    # ÔÜá´©Å ATEN├ç├âO: Emissor roda LOCAL mas acessa banco NEON (produ├º├úo)
    # Motivo: Pagamentos Asaas atualizam banco PROD
    # Data: 17/02/2026┬À
    NODE_ENV=development┬À
    # Banco de PRODU├ç├âO (Neon Cloud - com pooler)
    DATABASE_URL=postgresql://neondb_owner:REDACTED@ep-divine-sky-acuderi7-pooler.sa-east-1.aws.neon.tech/neondb?sslmode=require
    LOCAL_DATABASE_URL=postgresql://neondb_owner:REDACTED@ep-divine-sky-acuderi7-pooler.sa-east-1.aws.neon.tech/neondb?sslmode=require┬À
    # Permitir acesso ao banco PROD localmente
    ALLOW_PROD_DB_LOCAL=true┬À
    # Backblaze Storage
    BACKBLAZE_APPLICATION_KEY=K005FuY8PE73LMf3g2NSkqNoqnwnJ0o
    BACKBLAZE_BUCKET=laudos-qwork
    BACKBLAZE_ENDPOINT=s3.us-east-005.backblazeb2.com
    BACKBLAZE_KEY_ID=0052a8144c041210000000004┬À
    # UI
    NEXT_PUBLIC_DISABLE_ANEXOS=true┬À
    # ========================================
    # ASAAS PAYMENT GATEWAY - DESENVOLVIMENTO (Sandbox)
    # ========================================
    # Webhook Asaas: QWorkSandAsaas (DEV / ngrok)
    # URL do webhook cadastrada no painel:
    #   https://17d2-2804-7f4-3237-75b-61c1-185b-fb82-4413.ngrok-free.app/api/webhooks/asaas
    # ÔÜá´©Å  Se a URL do ngrok mudar: atualizar NEXT_PUBLIC_APP_URL + NEXT_PUBLIC_BASE_URL aqui
    #     E atualizar a URL do webhook 'QWorkSandAsaas' em:
    #     sandbox.asaas.com ÔåÆ Configura├º├Áes ÔåÆ Integra├º├Áes ÔåÆ Webhooks ÔåÆ QWorkSandAsaas
    # Sandbox: https://sandbox.asaas.com┬À
    # API Key do Asaas Sandbox (mesma chave usada em DEV e PROD enquanto Sandbox)
    ASAAS_API_KEY=$aact_hmlg_000MzkwODA2MWY2OGM3MWRlMDU2NWM3MzJlNzZmNGZhZGY6OjUyYTVhMGM1LWM2YjEtNDdhZS04MjZmLTk4MjA2YTI2ZDI2NTo6JGFhY2hfYzlkZmY5MzAtM2JjMy00NWU4LWI3NzctZjM1YjM3MDJiY2U3┬À
    # URL da API Asaas (Sandbox para desenvolvimento)
    ASAAS_API_URL=https://api-sandbox.asaas.com/v3┬À
    # Token do webhook 'QWorkSandAsaas' ÔÇö DEVE ser id├¬ntico ao cadastrado no painel Asaas Sandbox
    # DIFERENTE do PROD: SandProd usa token pr├│prio definido em .env.production
    ASAAS_WEBHOOK_SECRET=qwork_wh_dev_QWorkSandAsaas_2026_k8m3n7p┬À
    # URL p├║blica da aplica├º├úo via ngrok (permite que Asaas alcance o localhost)
    # ÔÜá´©Å  Atualizar sempre que o ngrok reiniciar (a URL muda a cada sess├úo)
    NEXT_PUBLIC_APP_URL=https://17d2-2804-7f4-3237-75b-61c1-185b-fb82-4413.ngrok-free.app┬À
    # URL base para gerar links de pagamento
    # ÔÜá´©Å  Atualizar sempre que o ngrok reiniciar (a URL muda a cada sess├úo)
    NEXT_PUBLIC_BASE_URL=https://17d2-2804-7f4-3237-75b-61c1-185b-fb82-4413.ngrok-free.app
    "

      26 |
      27 |       // DEVE ter LOCAL_DATABASE_URL apontando para nr-bps_db
    > 28 |       expect(content).toMatch(/LOCAL_DATABASE_URL=.*localhost:5432\/nr-bps_db/);
         |                       ^
      29 |
      30 |       // N├âO DEVE ter LOCAL_DATABASE_URL apontando para Neon Cloud
      31 |       const localDbLine = content

      at Object.toMatch (__tests__/system/database-environment.test.ts:28:23)

  ÔùÅ ­ƒöÆ PROTE├ç├âO: Configura├º├úo de Bancos de Dados ÔÇ║ Valida├º├úo de .env.local (Desenvolvimento) ÔÇ║ N├âO DEVE usar ALLOW_PROD_DB_LOCAL=true

    expect(received).not.toContain(expected) // indexOf

    Expected substring: not "ALLOW_PROD_DB_LOCAL=true"
    Received string:        "ALLOW_PROD_DB_LOCAL=true"

      55 |
      56 |       if (allowProdLine) {
    > 57 |         expect(allowProdLine).not.toContain('ALLOW_PROD_DB_LOCAL=true');
         |                                   ^
      58 |       }
      59 |     });
      60 |   });

      at Object.toContain (__tests__/system/database-environment.test.ts:57:35)

  ÔùÅ ­ƒöÆ PROTE├ç├âO: Configura├º├úo de Bancos de Dados ÔÇ║ Prote├º├úo contra Regress├úo ÔÇ║ N├âO DEVE ter neon.tech em LOCAL_DATABASE_URL de desenvolvimento

    expect(received).not.toContain(expected) // indexOf

    Expected substring: not "neon.tech"
    Received string:        "LOCAL_DATABASE_URL=postgresql://neondb_owner:REDACTED@ep-divine-sky-acuderi7-pooler.sa-east-1.aws.neon.tech/neondb?sslmode=require"

      183 |
      184 |         if (localDbLine) {
    > 185 |           expect(localDbLine).not.toContain('neon.tech');
          |                                   ^
      186 |         }
      187 |       });
      188 |     });

      at toContain (__tests__/system/database-environment.test.ts:185:35)
          at Array.forEach (<anonymous>)
      at Object.forEach (__tests__/system/database-environment.test.ts:169:13)

  ÔùÅ ­ƒöÆ PROTE├ç├âO: Configura├º├úo de Bancos de Dados ÔÇ║ Documenta├º├úo ÔÇ║ DATABASE-POLICY.md DEVE existir

    expect(received).toBe(expected) // Object.is equality

    Expected: true
    Received: false

      192 |     it('DATABASE-POLICY.md DEVE existir', () => {
      193 |       const policyPath = path.join(rootDir, 'DATABASE-POLICY.md');
    > 194 |       expect(fs.existsSync(policyPath)).toBe(true);
          |                                         ^
      195 |     });
      196 |
      197 |     it('DATABASE-POLICY.md DEVE conter segrega├º├úo correta', () => {

      at Object.toBe (__tests__/system/database-environment.test.ts:194:41)

  ÔùÅ ­ƒöÆ PROTE├ç├âO: Configura├º├úo de Bancos de Dados ÔÇ║ Documenta├º├úo ÔÇ║ DATABASE-POLICY.md DEVE conter segrega├º├úo correta

    ÔØî DATABASE-POLICY.md n├úo encontrado!

      199 |
      200 |       if (!fs.existsSync(policyPath)) {
    > 201 |         throw new Error('ÔØî DATABASE-POLICY.md n├úo encontrado!');
          |               ^
      202 |       }
      203 |
      204 |       const content = fs.readFileSync(policyPath, 'utf-8');

      at Object.<anonymous> (__tests__/system/database-environment.test.ts:201:15)

PASS __tests__/database/planos-triggers.test.ts
  ÔùÅ Console

    console.log
      [dotenv@17.2.3] injecting env (0) from .env.test -- tip: ÔÜÖ´©Å  override existing env vars with { override: true }

      at _log (node_modules/.pnpm/dotenv@17.2.3/node_modules/dotenv/lib/main.js:142:11)

    console.log
      ­ƒøí´©Å [jest.setup] Removendo DATABASE_URL do ambiente de testes (valor n├úo importa)

      at Object.<anonymous> (__tests__/config/jest.setup.js:125:17)

    console.log
      ­ƒøí´©Å [jest.setup] Prote├º├úo do banco de testes ativada - usando: nr-bps_db_test

      at Object.<anonymous> (__tests__/config/jest.setup.js:150:13)

    console.log
      ­ƒöî [lib/db.ts] Conectado ao banco: nr-bps_db_test @ localhost (ambiente: test)

      at Object.log (lib/db.ts:673:15)

RBAC seed applied to test database
RBAC seed applied to test database
RBAC seed applied to test database
FAIL __tests__/components/EditEmployeeModal.test.tsx (5.825 s)
  ÔùÅ Console

    console.log
      [dotenv@17.2.3] injecting env (0) from .env.test -- tip: ÔÜÖ´©Å  enable debug logging with { debug: true }

      at _log (node_modules/.pnpm/dotenv@17.2.3/node_modules/dotenv/lib/main.js:142:11)

    console.log
      ­ƒøí´©Å [jest.setup] Removendo DATABASE_URL do ambiente de testes (valor n├úo importa)

      at Object.<anonymous> (__tests__/config/jest.setup.js:125:17)

    console.log
      ­ƒøí´©Å [jest.setup] Prote├º├úo do banco de testes ativada - usando: nr-bps_db_test

      at Object.<anonymous> (__tests__/config/jest.setup.js:150:13)

  ÔùÅ EditEmployeeModal - Component ÔÇ║ deve validar formato de email

    Unable to find an element with the text: Email v├ílido ├® obrigat├│rio. This could be because the text is broken up by multiple elements. In this case, you can provide a function for your text matcher to make your matcher more flexible.

    Ignored nodes: comments, script, style
    <body
      style="overflow: hidden;"
    >
      <div />
      <div
        class="fixed inset-0 bg-black bg-opacity-50 flex items-center justify-center z-[9999] p-4"
      >
        <div
          class="bg-white rounded-lg shadow-xl max-w-2xl w-full max-h-[90vh] overflow-y-auto"
        >
          <div
            class="p-6"
          >
            <div
              class="flex justify-between items-center mb-6"
            >
              <h2
                class="text-xl font-bold text-gray-800"
              >
                Editar Funcion├írio - 
                Teste
              </h2>
              <button
                class="text-gray-400 hover:text-gray-600 text-2xl"
              >
                ├ù
              </button>
            </div>
            <div
              class="mb-4 p-3 bg-red-100 border border-red-400 text-red-700 rounded"
            >
              Data de nascimento ├® obrigat├│ria
            </div>
            <form
              class="space-y-4"
            >
              <div
                class="grid grid-cols-1 md:grid-cols-2 gap-4"
              >
                <div>
                  <label
                    class="block text-sm font-medium text-gray-700 mb-1"
                  >
                    CPF
                  </label>
                  <input
                    class="w-full px-3 py-2 border border-gray-300 rounded-md bg-gray-100 cursor-not-allowed"
                    disabled=""
                    type="text"
                    value="101.010.101-01"
                  />
                  <p
                    class="text-xs text-gray-500 mt-1"
                  >
                    CPF n├úo pode ser alterado
                  </p>
                </div>
                <div>
                  <label
                    class="block text-sm font-medium text-gray-700 mb-1"
                  >
                    Nome Completo *
                  </label>
                  <input
                    class="w-full px-3 py-2 border border-gray-300 rounded-md focus:outline-none focus:ring-2 focus:ring-primary"
                    placeholder="Jo├úo Silva"
                    type="text"
                    value="Teste"
                  />
                </div>
                <div>
                  <label
                    class="block text-sm font-medium text-gray-700 mb-1"
                    for="edit_data_nascimento"
                  >
                    Data de Nascimento *
                  </label>
                  <input
                    class="w-full px-3 py-2 border border-gray-300 rounded-md focus:outline-none focus:ring-2 focus:ring-primary"
                    id="edit_data_nascimento"
                    placeholder="dd/mm/aaaa"
                    type="date"
                    value=""
                  />
                  <p
                    class="text-xs text-gray-500 mt-1"
                  >
                    Formato: dd/mm/aaaa
                  </p>
                </div>
                <div>
                  <label
                    class="block text-sm font-medium text-gray-700 mb-1"
                  >
                    Setor *
                  </label>
                  <input
                    class="w-full px-3 py-2 border border-gray-300 rounded-md focus:outline-none focus:ring-2 focus:ring-primary"
                    placeholder="Produ├º├úo"
                    type="text"
                    value="TI"
                  />
                </div>
                <div>
                  <label
                    class="block text-sm font-medium text-gray-700 mb-1"
                  >
                    Fun├º├úo *
                  </label>
                  <input
                    class="w-full px-3 py-2 border border-gray-300 rounded-md focus:outline-none focus:ring-2 focus:ring-primary"
                    placeholder="Operador de M├íquinas"
                    type="text"
                    value="Dev"
                  />
                </div>
                <div>
                  <label
                    class="block text-sm font-medium text-gray-700 mb-1"
                  >
                    Email *
                  </label>
                  <input
                    class="w-full px-3 py-2 border border-gray-300 rounded-md focus:outline-none focus:ring-2 focus:ring-primary"
                    placeholder="joao@empresa.com"
                    type="email"
                    value="invalido"
                  />
                </div>
                <div>
                  <label
                    class="block text-sm font-medium text-gray-700 mb-1"
                  >
                    Matr├¡cula
                  </label>
                  <input
                    class="w-full px-3 py-2 border border-gray-300 rounded-md focus:outline-none focus:ring-2 focus:ring-primary"
                    placeholder="MAT001"
                    type="text"
                    value=""
                  />
                </div>
                <div>
                  <label
                    class="block text-sm font-medium text-gray-700 mb-1"
                  >
                    N├¡vel Cargo
                  </label>
                  <select
                    class="w-full px-3 py-2 border border-gray-300 rounded-md focus:outline-none focus:ring-2 focus:ring-primary"
                  >
                    <option
                      value=""
                    >
                      Selecione...
                    </option>
                    <option
                      value="operacional"
                    >
                      Operacional
                    </option>
                    <option
                      value="gestao"
                    >
                      Gest├úo
                    </option>
                  </select>
                </div>
                <div>
                  <label
                    class="block text-sm font-medium text-gray-700 mb-1"
                  >
                    Turno
                  </label>
                  <input
                    class="w-full px-3 py-2 border border-gray-300 rounded-md focus:outline-none focus:ring-2 focus:ring-primary"
                    placeholder="Manh├ú"
                    type="text"
                    value=""
                  />
                </div>
                <div>
                  <label
                    class="block text-sm font-medium text-gray-700 mb-1"
                  >
                    Escala
                  </label>
                  <input
                    class="w-full px-3 py-2 border border-gray-300 rounded-md focus:outline-none focus:ring-2 focus:ring-primary"
                    placeholder="8x40"
                    type="text"
                    value=""
                  />
                </div>
              </div>
              <div
                class="flex gap-3 pt-4 border-t"
              >
                <button
                  class="flex-1 bg-primary text-white px-4 py-2 rounded-md hover:bg-orange-600 transition-colors disabled:bg-gray-400 disabled:cursor-not-allowed"
                  type="submit"
                >
                  Atualizar Funcion├írio
                </button>
                <button
                  class="px-4 py-2 bg-gray-300 text-gray-700 rounded-md hover:bg-gray-400 transition-colors"
                  type="button"
                >
                  Cancelar
                </button>
              </div>
            </form>
          </div>
        </div>
      </div>
    </body>

      134 |     fireEvent.submit(document.querySelector('form'))
      135 |
    > 136 |     await waitFor(() => {
          |                  ^
      137 |       expect(screen.getByText('Email v├ílido ├® obrigat├│rio')).toBeInTheDocument()
      138 |     })
      139 |   })

      at waitForWrapper (node_modules/.pnpm/@testing-library+dom@10.4.1/node_modules/@testing-library/dom/dist/wait-for.js:163:27)
      at Object.<anonymous> (__tests__/components/EditEmployeeModal.test.tsx:136:18)

  ÔùÅ EditEmployeeModal - Component ÔÇ║ deve chamar onUpdate ao salvar com sucesso

    expect(jest.fn()).toHaveBeenCalledWith(...expected)

    Expected: "/api/rh/funcionarios", {"body": "{\"cpf\":\"10101010101\",\"nome\":\"Andr├® Silva\",\"setor\":\"TI\",\"funcao\":\"Desenvolvedor\",\"email\":\"andre@empresa.com\",\"matricula\":\"12345\",\"nivel_cargo\":\"operacional\",\"turno\":\"Manh├ú\",\"escala\":\"5x2\"}", "headers": {"Content-Type": "application/json"}, "method": "PUT"}

    Number of calls: 0

    Ignored nodes: comments, script, style
    <html>
      <head />
      <body
        style="overflow: hidden;"
      >
        <div />
        <div
          class="fixed inset-0 bg-black bg-opacity-50 flex items-center justify-center z-[9999] p-4"
        >
          <div
            class="bg-white rounded-lg shadow-xl max-w-2xl w-full max-h-[90vh] overflow-y-auto"
          >
            <div
              class="p-6"
            >
              <div
                class="flex justify-between items-center mb-6"
              >
                <h2
                  class="text-xl font-bold text-gray-800"
                >
                  Editar Funcion├írio - 
                  Andr├® Silva
                </h2>
                <button
                  class="text-gray-400 hover:text-gray-600 text-2xl"
                >
                  ├ù
                </button>
              </div>
              <div
                class="mb-4 p-3 bg-red-100 border border-red-400 text-red-700 rounded"
              >
                Data de nascimento ├® obrigat├│ria
              </div>
              <form
                class="space-y-4"
              >
                <div
                  class="grid grid-cols-1 md:grid-cols-2 gap-4"
                >
                  <div>
                    <label
                      class="block text-sm font-medium text-gray-700 mb-1"
                    >
                      CPF
                    </label>
                    <input
                      class="w-full px-3 py-2 border border-gray-300 rounded-md bg-gray-100 cursor-not-allowed"
                      disabled=""
                      type="text"
                      value="101.010.101-01"
                    />
                    <p
                      class="text-xs text-gray-500 mt-1"
                    >
                      CPF n├úo pode ser alterado
                    </p>
                  </div>
                  <div>
                    <label
                      class="block text-sm font-medium text-gray-700 mb-1"
                    >
                      Nome Completo *
                    </label>
                    <input
                      class="w-full px-3 py-2 border border-gray-300 rounded-md focus:outline-none focus:ring-2 focus:ring-primary"
                      placeholder="Jo├úo Silva"
                      type="text"
                      value="Andr├® Silva"
                    />
                  </div>
                  <div>
                    <label
                      class="block text-sm font-medium text-gray-700 mb-1"
                      for="edit_data_nascimento"
                    >
                      Data de Nascimento *
                    </label>
                    <input
                      class="w-full px-3 py-2 border border-gray-300 rounded-md focus:outline-none focus:ring-2 focus:ring-primary"
                      id="edit_data_nascimento"
                      placeholder="dd/mm/aaaa"
                      type="date"
                      value=""
                    />
                    <p
                      class="text-xs text-gray-500 mt-1"
                    >
                      Formato: dd/mm/aaaa
                    </p>
                  </div>
                  <div>
                    <label
                      class="block text-sm font-medium text-gray-700 mb-1"
                    >
                      Setor *
                    </label>
                    <input
                      class="w-full px-3 py-2 border border-gray-300 rounded-md focus:outline-none focus:ring-2 focus:ring-primary"
                      placeholder="Produ├º├úo"
                      type="text"
                      value="TI"
                    />
                  </div>
                  <div>
                    <label
                      class="block text-sm font-medium text-gray-700 mb-1"
                    >
                      Fun├º├úo *
                    </label>
                    <input
                      class="w-full px-3 py-2 border border-gray-300 rounded-md focus:outline-none focus:ring-2 focus:ring-primary"
                      placeholder="Operador de M├íquinas"
                      type="text"
                      value="Desenvolvedor"
                    />
                  </div>
                  <div>
                    <label
                      class="block text-sm font-medium text-gray-700 mb-1"
                    >
                      Email *
                    </label>
                    <input
                      class="w-full px-3 py-2 border border-gray-300 rounded-md focus:outline-none focus:ring-2 focus:ring-primary"
                      placeholder="joao@empresa.com"
                      type="email"
                      value="andre@empresa.com"
                    />
                  </div>
                  <div>
                    <label
                      class="block text-sm font-medium text-gray-700 mb-1"
                    >
                      Matr├¡cula
                    </label>
                    <input
                      class="w-full px-3 py-2 border border-gray-300 rounded-md focus:outline-none focus:ring-2 focus:ring-primary"
                      placeholder="MAT001"
                      type="text"
                      value="12345"
                    />
                  </div>
                  <div>
                    <label
                      class="block text-sm font-medium text-gray-700 mb-1"
                    >
                      N├¡vel Cargo
                    </label>
                    <select
                      class="w-full px-3 py-2 border border-gray-300 rounded-md focus:outline-none focus:ring-2 focus:ring-primary"
                    >
                      <option
                        value=""
                      >
                        Selecione...
                      </option>
                      <option
                        value="operacional"
                      >
                        Operacional
                      </option>
                      <option
                        value="gestao"
                      >
                        Gest├úo
                      </option>
                    </select>
                  </div>
                  <div>
                    <label
                      class="block text-sm font-medium text-gray-700 mb-1"
                    >
                      Turno
                    </label>
                    <input
                      class="w-full px-3 py-2 border border-gray-300 rounded-md focus:outline-none focus:ring-2 focus:ring-primary"
                      placeholder="Manh├ú"
                      type="text"
                      value="Manh├ú"
                    />
                  </div>
                  <div>
                    <label
                      class="block text-sm font-medium text-gray-700 mb-1"
                    >
                      Escala
                    </label>
                    <input
                      class="w-full px-3 py-2 border border-gray-300 rounded-md focus:outline-none focus:ring-2 focus:ring-primary"
                      placeholder="8x40"
                      type="text"
                      value="5x2"
                    />
                  </div>
                </div>
                <div
                  class="flex gap-3 pt-4 border-t"
                >
                  <button
                    class="flex-1 bg-primary text-white px-4 py-2 rounded-md hover:bg-orange-600 transition-colors disabled:bg-gray-400 disabled:cursor-not-allowed"
                    type="submit"
                  >
                    Atualizar Funcion├írio
                  </button>
                  <button
                    class="px-4 py-2 bg-gray-300 text-gray-700 rounded-md hover:bg-gray-400 transition-colors"
                    type="button"
                  >
                    Cancelar
                  </button>
                </div>
              </form>
            </div>
          </div>
        </div>
      </body>
    </html>

      170 |
      171 |     await waitFor(() => {
    > 172 |       expect(mockFetch).toHaveBeenCalledWith('/api/rh/funcionarios', {
          |                         ^
      173 |         method: 'PUT',
      174 |         headers: { 'Content-Type': 'application/json' },
      175 |         body: JSON.stringify({

      at toHaveBeenCalledWith (__tests__/components/EditEmployeeModal.test.tsx:172:25)
      at runWithExpensiveErrorDiagnosticsDisabled (node_modules/.pnpm/@testing-library+dom@10.4.1/node_modules/@testing-library/dom/dist/config.js:47:12)
      at checkCallback (node_modules/.pnpm/@testing-library+dom@10.4.1/node_modules/@testing-library/dom/dist/wait-for.js:124:77)
      at checkRealTimersCallback (node_modules/.pnpm/@testing-library+dom@10.4.1/node_modules/@testing-library/dom/dist/wait-for.js:118:16)
      at Timeout.task [as _onTimeout] (node_modules/.pnpm/jsdom@26.1.0/node_modules/jsdom/lib/jsdom/browser/Window.js:579:19)

  ÔùÅ EditEmployeeModal - Component ÔÇ║ deve mostrar erro ao falhar na atualiza├º├úo

    expect(jest.fn()).toHaveBeenCalledWith(...expected)

    Expected: "Erro interno do servidor"

    Number of calls: 0

    Ignored nodes: comments, script, style
    <html>
      <head />
      <body
        style="overflow: hidden;"
      >
        <div />
        <div
          class="fixed inset-0 bg-black bg-opacity-50 flex items-center justify-center z-[9999] p-4"
        >
          <div
            class="bg-white rounded-lg shadow-xl max-w-2xl w-full max-h-[90vh] overflow-y-auto"
          >
            <div
              class="p-6"
            >
              <div
                class="flex justify-between items-center mb-6"
              >
                <h2
                  class="text-xl font-bold text-gray-800"
                >
                  Editar Funcion├írio - 
                  Andr├® Silva
                </h2>
                <button
                  class="text-gray-400 hover:text-gray-600 text-2xl"
                >
                  ├ù
                </button>
              </div>
              <div
                class="mb-4 p-3 bg-red-100 border border-red-400 text-red-700 rounded"
              >
                Data de nascimento ├® obrigat├│ria
              </div>
              <form
                class="space-y-4"
              >
                <div
                  class="grid grid-cols-1 md:grid-cols-2 gap-4"
                >
                  <div>
                    <label
                      class="block text-sm font-medium text-gray-700 mb-1"
                    >
                      CPF
                    </label>
                    <input
                      class="w-full px-3 py-2 border border-gray-300 rounded-md bg-gray-100 cursor-not-allowed"
                      disabled=""
                      type="text"
                      value="101.010.101-01"
                    />
                    <p
                      class="text-xs text-gray-500 mt-1"
                    >
                      CPF n├úo pode ser alterado
                    </p>
                  </div>
                  <div>
                    <label
                      class="block text-sm font-medium text-gray-700 mb-1"
                    >
                      Nome Completo *
                    </label>
                    <input
                      class="w-full px-3 py-2 border border-gray-300 rounded-md focus:outline-none focus:ring-2 focus:ring-primary"
                      placeholder="Jo├úo Silva"
                      type="text"
                      value="Andr├® Silva"
                    />
                  </div>
                  <div>
                    <label
                      class="block text-sm font-medium text-gray-700 mb-1"
                      for="edit_data_nascimento"
                    >
                      Data de Nascimento *
                    </label>
                    <input
                      class="w-full px-3 py-2 border border-gray-300 rounded-md focus:outline-none focus:ring-2 focus:ring-primary"
                      id="edit_data_nascimento"
                      placeholder="dd/mm/aaaa"
                      type="date"
                      value=""
                    />
                    <p
                      class="text-xs text-gray-500 mt-1"
                    >
                      Formato: dd/mm/aaaa
                    </p>
                  </div>
                  <div>
                    <label
                      class="block text-sm font-medium text-gray-700 mb-1"
                    >
                      Setor *
                    </label>
                    <input
                      class="w-full px-3 py-2 border border-gray-300 rounded-md focus:outline-none focus:ring-2 focus:ring-primary"
                      placeholder="Produ├º├úo"
                      type="text"
                      value="TI"
                    />
                  </div>
                  <div>
                    <label
                      class="block text-sm font-medium text-gray-700 mb-1"
                    >
                      Fun├º├úo *
                    </label>
                    <input
                      class="w-full px-3 py-2 border border-gray-300 rounded-md focus:outline-none focus:ring-2 focus:ring-primary"
                      placeholder="Operador de M├íquinas"
                      type="text"
                      value="Desenvolvedor"
                    />
                  </div>
                  <div>
                    <label
                      class="block text-sm font-medium text-gray-700 mb-1"
                    >
                      Email *
                    </label>
                    <input
                      class="w-full px-3 py-2 border border-gray-300 rounded-md focus:outline-none focus:ring-2 focus:ring-primary"
                      placeholder="joao@empresa.com"
                      type="email"
                      value="andre@empresa.com"
                    />
                  </div>
                  <div>
                    <label
                      class="block text-sm font-medium text-gray-700 mb-1"
                    >
                      Matr├¡cula
                    </label>
                    <input
                      class="w-full px-3 py-2 border border-gray-300 rounded-md focus:outline-none focus:ring-2 focus:ring-primary"
                      placeholder="MAT001"
                      type="text"
                      value="12345"
                    />
                  </div>
                  <div>
                    <label
                      class="block text-sm font-medium text-gray-700 mb-1"
                    >
                      N├¡vel Cargo
                    </label>
                    <select
                      class="w-full px-3 py-2 border border-gray-300 rounded-md focus:outline-none focus:ring-2 focus:ring-primary"
                    >
                      <option
                        value=""
                      >
                        Selecione...
                      </option>
                      <option
                        value="operacional"
                      >
                        Operacional
                      </option>
                      <option
                        value="gestao"
                      >
                        Gest├úo
                      </option>
                    </select>
                  </div>
                  <div>
                    <label
                      class="block text-sm font-medium text-gray-700 mb-1"
                    >
                      Turno
                    </label>
                    <input
                      class="w-full px-3 py-2 border border-gray-300 rounded-md focus:outline-none focus:ring-2 focus:ring-primary"
                      placeholder="Manh├ú"
                      type="text"
                      value="Manh├ú"
                    />
                  </div>
                  <div>
                    <label
                      class="block text-sm font-medium text-gray-700 mb-1"
                    >
                      Escala
                    </label>
                    <input
                      class="w-full px-3 py-2 border border-gray-300 rounded-md focus:outline-none focus:ring-2 focus:ring-primary"
                      placeholder="8x40"
                      type="text"
                      value="5x2"
                    />
                  </div>
                </div>
                <div
                  class="flex gap-3 pt-4 border-t"
                >
                  <button
                    class="flex-1 bg-primary text-white px-4 py-2 rounded-md hover:bg-orange-600 transition-colors disabled:bg-gray-400 disabled:cursor-not-allowed"
                    type="submit"
                  >
                    Atualizar Funcion├írio
                  </button>
                  <button
                    class="px-4 py-2 bg-gray-300 text-gray-700 rounded-md hover:bg-gray-400 transition-colors"
                    type="button"
                  >
                    Cancelar
                  </button>
                </div>
              </form>
            </div>
          </div>
        </div>
      </body>
    </html>

      219 |
      220 |     await waitFor(() => {
    > 221 |       expect(mockToast.error).toHaveBeenCalledWith('Erro interno do servidor')
          |                               ^
      222 |     })
      223 |   })
      224 |

      at toHaveBeenCalledWith (__tests__/components/EditEmployeeModal.test.tsx:221:31)
      at runWithExpensiveErrorDiagnosticsDisabled (node_modules/.pnpm/@testing-library+dom@10.4.1/node_modules/@testing-library/dom/dist/config.js:47:12)
      at checkCallback (node_modules/.pnpm/@testing-library+dom@10.4.1/node_modules/@testing-library/dom/dist/wait-for.js:124:77)
      at checkRealTimersCallback (node_modules/.pnpm/@testing-library+dom@10.4.1/node_modules/@testing-library/dom/dist/wait-for.js:118:16)
      at Timeout.task [as _onTimeout] (node_modules/.pnpm/jsdom@26.1.0/node_modules/jsdom/lib/jsdom/browser/Window.js:579:19)

PASS __tests__/api/rh/empresas-ativacao-isolated.test.ts
  ÔùÅ Console

    console.log
      [dotenv@17.2.3] injecting env (0) from .env.test -- tip: ­ƒæÑ sync secrets across teammates & machines: https://dotenvx.com/ops

      at _log (node_modules/.pnpm/dotenv@17.2.3/node_modules/dotenv/lib/main.js:142:11)

    console.log
      ­ƒøí´©Å [jest.setup] Removendo DATABASE_URL do ambiente de testes (valor n├úo importa)

      at Object.<anonymous> (__tests__/config/jest.setup.js:125:17)

    console.log
      ­ƒøí´©Å [jest.setup] Prote├º├úo do banco de testes ativada - usando: nr-bps_db_test

      at Object.<anonymous> (__tests__/config/jest.setup.js:150:13)

    console.log
      ­ƒöî [lib/db.ts] Conectado ao banco: nr-bps_db_test @ localhost (ambiente: test)

      at Object.log (lib/db.ts:673:15)

RBAC seed applied to test database
FAIL __tests__/integration/asaas-payment-integration.test.ts
  ÔùÅ Console

    console.log
      [dotenv@17.2.3] injecting env (0) from .env.test -- tip: Ô£à audit secrets and track compliance: https://dotenvx.com/ops

      at _log (node_modules/.pnpm/dotenv@17.2.3/node_modules/dotenv/lib/main.js:142:11)

    console.log
      ­ƒøí´©Å [jest.setup] Removendo DATABASE_URL do ambiente de testes (valor n├úo importa)

      at Object.<anonymous> (__tests__/config/jest.setup.js:125:17)

    console.log
      ­ƒøí´©Å [jest.setup] Prote├º├úo do banco de testes ativada - usando: nr-bps_db_test

      at Object.<anonymous> (__tests__/config/jest.setup.js:150:13)

    console.log
      ­ƒöî [lib/db.ts] Conectado ao banco: nr-bps_db_test @ localhost (ambiente: test)

      at Object.log (lib/db.ts:673:15)

  ÔùÅ Asaas Payment Gateway Integration ÔÇ║ Ô£à Valida├º├úo da Estrutura Asaas ÔÇ║ deve ter vari├íveis de ambiente configuradas

    expect(received).toBeDefined()

    Received: undefined

      23 |
      24 |     it('deve ter vari├íveis de ambiente configuradas', () => {
    > 25 |       expect(process.env.ASAAS_API_KEY).toBeDefined();
         |                                         ^
      26 |       expect(process.env.ASAAS_API_URL).toBeDefined();
      27 |       expect(process.env.ASAAS_API_KEY).toContain('$aact_');
      28 |       expect(process.env.ASAAS_API_URL).toContain('asaas.com');

      at Object.toBeDefined (__tests__/integration/asaas-payment-integration.test.ts:25:41)

RBAC seed applied to test database
RBAC seed applied to test database
RBAC seed applied to test database
PASS __tests__/hooks/useLiberarLote.test.ts
  ÔùÅ Console

    console.log
      [dotenv@17.2.3] injecting env (0) from .env.test -- tip: ­ƒöÉ prevent committing .env to code: https://dotenvx.com/precommit

      at _log (node_modules/.pnpm/dotenv@17.2.3/node_modules/dotenv/lib/main.js:142:11)

    console.log
      ­ƒøí´©Å [jest.setup] Removendo DATABASE_URL do ambiente de testes (valor n├úo importa)

      at Object.<anonymous> (__tests__/config/jest.setup.js:125:17)

    console.log
      ­ƒøí´©Å [jest.setup] Prote├º├úo do banco de testes ativada - usando: nr-bps_db_test

      at Object.<anonymous> (__tests__/config/jest.setup.js:150:13)

RBAC seed applied to test database
PASS __tests__/rh/dashboard-tabs-navigation.test.tsx
  ÔùÅ Console

    console.log
      [dotenv@17.2.3] injecting env (0) from .env.test -- tip: ­ƒöæ add access controls to secrets: https://dotenvx.com/ops

      at _log (node_modules/.pnpm/dotenv@17.2.3/node_modules/dotenv/lib/main.js:142:11)

    console.log
      ­ƒøí´©Å [jest.setup] Removendo DATABASE_URL do ambiente de testes (valor n├úo importa)

      at Object.<anonymous> (__tests__/config/jest.setup.js:125:17)

    console.log
      ­ƒøí´©Å [jest.setup] Prote├º├úo do banco de testes ativada - usando: nr-bps_db_test

      at Object.<anonymous> (__tests__/config/jest.setup.js:150:13)

RBAC seed applied to test database
RBAC seed applied to test database
PASS __tests__/api/rh/laudos-download.test.ts
  ÔùÅ Console

    console.log
      [dotenv@17.2.3] injecting env (0) from .env.test -- tip: ÔÜÖ´©Å  specify custom .env file path with { path: '/custom/path/.env' }

      at _log (node_modules/.pnpm/dotenv@17.2.3/node_modules/dotenv/lib/main.js:142:11)

    console.log
      ­ƒøí´©Å [jest.setup] Removendo DATABASE_URL do ambiente de testes (valor n├úo importa)

      at Object.<anonymous> (__tests__/config/jest.setup.js:125:17)

    console.log
      ­ƒøí´©Å [jest.setup] Prote├º├úo do banco de testes ativada - usando: nr-bps_db_test

      at Object.<anonymous> (__tests__/config/jest.setup.js:150:13)

    console.log
      ­ƒöî [lib/db.ts] Conectado ao banco: nr-bps_db_test @ localhost (ambiente: test)

      at Object.log (lib/db.ts:673:15)

    console.log
      [DEBUG] Laudo encontrado: id=15, lote_id=15, status=emitido

      at log (app/api/rh/laudos/[laudoId]/download/route.ts:65:13)

    console.log
      [DEBUG] Laudo encontrado: id=15, lote_id=15, status=emitido

      at log (app/api/rh/laudos/[laudoId]/download/route.ts:65:13)

    console.log
      [BACKBLAZE] Arquivo remoto encontrado no banco: laudos/lote-15/laudo.pdf

      at log (app/api/rh/laudos/[laudoId]/download/route.ts:113:13)

    console.log
      [BACKBLAZE] Presigned URL gerada com sucesso para: laudos/lote-15/laudo.pdf

      at log (app/api/rh/laudos/[laudoId]/download/route.ts:121:15)

    console.log
      [BACKBLAZE] Fazendo download server-side do PDF...

      at log (app/api/rh/laudos/[laudoId]/download/route.ts:127:15)

    console.log
      [BACKBLAZE] PDF baixado com sucesso (11 bytes)

      at log (app/api/rh/laudos/[laudoId]/download/route.ts:141:15)

    console.log
      [DEBUG] Laudo encontrado: id=10, lote_id=18, status=emitido

      at log (app/api/rh/laudos/[laudoId]/download/route.ts:65:13)

    console.log
      [BACKBLAZE] Arquivo remoto encontrado no banco: laudos/lote-18/laudo.pdf

      at log (app/api/rh/laudos/[laudoId]/download/route.ts:113:13)

    console.log
      [BACKBLAZE] Presigned URL gerada com sucesso para: laudos/lote-18/laudo.pdf

      at log (app/api/rh/laudos/[laudoId]/download/route.ts:121:15)

    console.log
      [BACKBLAZE] Fazendo download server-side do PDF...

      at log (app/api/rh/laudos/[laudoId]/download/route.ts:127:15)

    console.log
      [BACKBLAZE] PDF baixado com sucesso (3 bytes)

      at log (app/api/rh/laudos/[laudoId]/download/route.ts:141:15)

    console.log
      [DEBUG] Laudo encontrado: id=12, lote_id=20, status=emitido

      at log (app/api/rh/laudos/[laudoId]/download/route.ts:65:13)

    console.log
      [BACKBLAZE] Arquivo remoto encontrado no banco: laudos/lote-20/laudo.pdf

      at log (app/api/rh/laudos/[laudoId]/download/route.ts:113:13)

    console.log
      [BACKBLAZE] Presigned URL gerada com sucesso para: laudos/lote-20/laudo.pdf

      at log (app/api/rh/laudos/[laudoId]/download/route.ts:121:15)

    console.log
      [BACKBLAZE] Fazendo download server-side do PDF...

      at log (app/api/rh/laudos/[laudoId]/download/route.ts:127:15)

    console.log
      [BACKBLAZE] PDF baixado com sucesso (3 bytes)

      at log (app/api/rh/laudos/[laudoId]/download/route.ts:141:15)

PASS __tests__/rh/dashboard-funcionarios-tab.test.tsx
  ÔùÅ Console

    console.log
      [dotenv@17.2.3] injecting env (0) from .env.test -- tip: ­ƒöä add secrets lifecycle management: https://dotenvx.com/ops

      at _log (node_modules/.pnpm/dotenv@17.2.3/node_modules/dotenv/lib/main.js:142:11)

    console.log
      ­ƒøí´©Å [jest.setup] Removendo DATABASE_URL do ambiente de testes (valor n├úo importa)

      at Object.<anonymous> (__tests__/config/jest.setup.js:125:17)

    console.log
      ­ƒøí´©Å [jest.setup] Prote├º├úo do banco de testes ativada - usando: nr-bps_db_test

      at Object.<anonymous> (__tests__/config/jest.setup.js:150:13)

RBAC seed applied to test database
RBAC seed applied to test database
FAIL __tests__/integration/cadastro-clinica-personalizado.test.ts
  ÔùÅ Console

    console.log
      [dotenv@17.2.3] injecting env (0) from .env.test -- tip: ÔÜÖ´©Å  suppress all logs with { quiet: true }

      at _log (node_modules/.pnpm/dotenv@17.2.3/node_modules/dotenv/lib/main.js:142:11)

    console.log
      ­ƒøí´©Å [jest.setup] Removendo DATABASE_URL do ambiente de testes (valor n├úo importa)

      at Object.<anonymous> (__tests__/config/jest.setup.js:125:17)

    console.log
      ­ƒøí´©Å [jest.setup] Prote├º├úo do banco de testes ativada - usando: nr-bps_db_test

      at Object.<anonymous> (__tests__/config/jest.setup.js:150:13)

    console.log
      ­ƒöî [lib/db.ts] Conectado ao banco: nr-bps_db_test @ localhost (ambiente: test)

      at Object.log (lib/db.ts:673:15)

    console.log
      Ô£ô Usando plano personalizado existente: 1

      at Object.log (__tests__/integration/cadastro-clinica-personalizado.test.ts:51:15)

  ÔùÅ Simula├º├úo Real - Cadastro Cl├¡nica Plano Personalizado ÔÇ║ deve cadastrar cl├¡nica com plano personalizado sem erro de trigger

    error: coluna "tomador_id" n├úo existe

      487 |         // No session: just execute the query normally
      488 |         try {
    > 489 |           const result = await client.query(text, params);
          |                          ^
      490 |           const duration = Date.now() - start;
      491 |
      492 |           // Log apenas queries lentas (>500ms)

      at node_modules/.pnpm/pg@8.16.3/node_modules/pg/lib/client.js:545:17
      at query (lib/db.ts:489:26)
      at Object.<anonymous> (__tests__/integration/cadastro-clinica-personalizado.test.ts:67:5)


  ÔùÅ Test suite failed to run

    error: coluna "tomador_id" n├úo existe

      487 |         // No session: just execute the query normally
      488 |         try {
    > 489 |           const result = await client.query(text, params);
          |                          ^
      490 |           const duration = Date.now() - start;
      491 |
      492 |           // Log apenas queries lentas (>500ms)

      at node_modules/.pnpm/pg@8.16.3/node_modules/pg/lib/client.js:545:17
      at query (lib/db.ts:489:26)
      at Object.<anonymous> (__tests__/integration/cadastro-clinica-personalizado.test.ts:83:5)

FAIL __tests__/entidade/correcoes-code-review.test.ts
  ÔùÅ Console

    console.log
      [dotenv@17.2.3] injecting env (0) from .env.test -- tip: ÔÜÖ´©Å  enable debug logging with { debug: true }

      at _log (node_modules/.pnpm/dotenv@17.2.3/node_modules/dotenv/lib/main.js:142:11)

    console.log
      ­ƒøí´©Å [jest.setup] Removendo DATABASE_URL do ambiente de testes (valor n├úo importa)

      at Object.<anonymous> (__tests__/config/jest.setup.js:125:17)

    console.log
      ­ƒøí´©Å [jest.setup] Prote├º├úo do banco de testes ativada - usando: nr-bps_db_test

      at Object.<anonymous> (__tests__/config/jest.setup.js:150:13)

  ÔùÅ Code Review: Corre├º├Áes no Endpoint Entidade ÔÇ║ ­ƒôè Consist├¬ncia geral do endpoint ÔÇ║ Deve ter pelo menos 2 INSERTs em lotes_avaliacao

    expect(received).toBeGreaterThanOrEqual(expected)

    Expected: >= 2
    Received:    1

      120 |       const loteInserts = endpointCode.match(/INSERT INTO lotes_avaliacao/gi);
      121 |       expect(loteInserts).not.toBeNull();
    > 122 |       expect(loteInserts.length).toBeGreaterThanOrEqual(2);
          |                                  ^
      123 |     });
      124 |
      125 |     test('Todos os INSERTs de lote devem incluir campo liberado_por', () => {

      at Object.toBeGreaterThanOrEqual (__tests__/entidade/correcoes-code-review.test.ts:122:34)

  ÔùÅ Code Review: Corre├º├Áes no Endpoint Entidade ÔÇ║ ­ƒôè Consist├¬ncia geral do endpoint ÔÇ║ Todos os INSERTs de lote devem incluir campo liberado_por

    expect(received).toBeGreaterThanOrEqual(expected)

    Expected: >= 2
    Received:    1

      129 |
      130 |       expect(matches).not.toBeNull();
    > 131 |       expect(matches.length).toBeGreaterThanOrEqual(2);
          |                              ^
      132 |     });
      133 |
      134 |     test('Deve ter pelo menos 2 INSERTs em avaliacoes', () => {

      at Object.toBeGreaterThanOrEqual (__tests__/entidade/correcoes-code-review.test.ts:131:30)

  ÔùÅ Code Review: Corre├º├Áes no Endpoint Entidade ÔÇ║ ­ƒôè Consist├¬ncia geral do endpoint ÔÇ║ Deve ter pelo menos 2 INSERTs em avaliacoes

    expect(received).toBeGreaterThanOrEqual(expected)

    Expected: >= 2
    Received:    1

      135 |       const avaliacaoInserts = endpointCode.match(/INSERT INTO avaliacoes/gi);
      136 |       expect(avaliacaoInserts).not.toBeNull();
    > 137 |       expect(avaliacaoInserts.length).toBeGreaterThanOrEqual(2);
          |                                       ^
      138 |     });
      139 |   });
      140 |

      at Object.toBeGreaterThanOrEqual (__tests__/entidade/correcoes-code-review.test.ts:137:39)

  ÔùÅ Code Review: Corre├º├Áes no Endpoint Entidade ÔÇ║ ­ƒöì Valida├º├úo de estrutura do c├│digo ÔÇ║ Deve usar queryWithContext para INSERTs

    expect(received).toContain(expected) // indexOf

    Expected substring: "queryWithContext"
    Received string:    "import { requireEntity } from '@/lib/session';┬À
    import { queryAsGestorEntidade } from '@/lib/db-gestor';┬À
    import { withTransactionAsGestor } from '@/lib/db-transaction';┬À
    import { NextResponse } from 'next/server';┬À┬À┬À
    export const dynamic = 'force-dynamic';┬À┬À┬À
    /**┬À
     * POST /api/entidade/liberar-lote┬À
     *┬À
     * Criar lote de avalia├º├úo para a entidade┬À
     *┬À
     * Arquitetura Segregada:┬À
     * - ENTIDADE (particular): gestor > funcion├írios diretos > lote > avalia├º├Áes┬À
     * - Autentica├º├úo: requireEntity() retorna { entidade_id, perfil: 'gestor' }┬À
     * - Isolamento: lotes criados com entidade_id (XOR constraint: entidade_id OU clinica_id)┬À
     * - Funcion├írios filtrados por: func.tomador_id = entidade_id┬À
     *┬À
     * @param {Request} req - POST body com tipo de lote┬À
     * @returns {Object} { success, lote_id, titulo, ... } ou erro┬À
     */┬À
    export const POST = async (req: Request) => {┬À
      let session;┬À
      try {┬À
        session = await requireEntity();┬À
      } catch {┬À
        return NextResponse.json(┬À
          {┬À
            error:┬À
              'Acesso negado - apenas gestores de entidade podem Iniciar Ciclos',┬À
            success: false,┬À
          },┬À
          { status: 403 }┬À
        );┬À
      }┬À┬À┬À
      try {┬À
        // Parse do body (pode estar vazio)┬À
        let descricao, dataFiltro, tipo;┬À
        try {┬À
          const body = await req.json();┬À
          descricao = body.descricao;┬À
          dataFiltro = body.dataFiltro;┬À
          tipo = body.tipo;┬À
        } catch {┬À
          // Body vazio ou inv├ílido - usar valores padr├úo┬À
          console.log(┬À
            '[LIBERAR-LOTE] Body vazio ou inv├ílido, usando valores padr├úo'┬À
          );┬À
        }┬À┬À┬À
        const entidadeId = session.entidade_id as number;┬À┬À┬À
        // Ô£à PADRONIZA├ç├âO: Gestor sempre registrado como liberado_por┬À
        // O CPF do gestor autenticado ├® usado mesmo que n├úo seja funcion├írio formal┬À
        // Isso garante rastreabilidade e consist├¬ncia com o fluxo RH┬À┬À┬À
        // ÔÜá´©Å ARQUITETURA: Entidades n├úo se conectam com cl├¡nicas/empresas┬À
        // Conforme diagrama do sistema:┬À
        // - Entidade ÔåÆ Funcion├írios (direto via funcionarios_entidades)┬À
        // - Cl├¡nica ÔåÆ EmpresaX ÔåÆ Funcion├írios (via funcionarios_clinicas)┬À
        // Entidades e Cl├¡nicas s├úo ambos TOMADORES independentes┬À┬À┬À
        // Verificar se existem funcion├írios vinculados diretamente ├á entidade┬À
        // Nota: Usa tabela intermedi├íria funcionarios_entidades (arquitetura segregada)┬À
        const hasEntidadeFuncsRes = await queryAsGestorEntidade(┬À
          `SELECT 1┬À┬À
           FROM funcionarios_entidades fe┬À
           INNER JOIN funcionarios f ON f.id = fe.funcionario_id┬À
           WHERE fe.entidade_id = $1 AND fe.ativo = true AND f.ativo = true┬À┬À
           LIMIT 1`,┬À
          [entidadeId]┬À
        );┬À┬À┬À
        const resultados: any[] = [];┬À┬À┬À
        // Processar lote para funcion├írios vinculados diretamente ├á entidade┬À
        if (hasEntidadeFuncsRes.rowCount > 0) {┬À
          // Usar nome da entidade para exibir┬À
          const entidadeRes = await queryAsGestorEntidade(┬À
            `SELECT nome FROM entidades WHERE id = $1`,┬À
            [entidadeId]┬À
          );┬À
          const entidadeNome =┬À
            entidadeRes.rowCount > 0 ? entidadeRes.rows[0].nome : 'Entidade';┬À┬À┬À
          // Pr├│ximo numero de ordem para lotes sem empresa (usamos empresa_id IS NULL)┬À
          const numeroOrdemResult = await queryAsGestorEntidade(┬À
            `SELECT COALESCE(MAX(numero_ordem), 0) + 1 as numero_ordem FROM lotes_avaliacao WHERE empresa_id IS NULL`┬À
          );┬À
          const numeroOrdem = numeroOrdemResult.rows[0].numero_ordem;┬À┬À┬À
          // Calcular elegibilidade para tomador usando fun├º├úo nova┬À
          const elegibilidadeResult = await queryAsGestorEntidade(┬À
            `SELECT * FROM calcular_elegibilidade_lote_tomador($1::integer, $2::integer)`,┬À
            [entidadeId, numeroOrdem]┬À
          );┬À┬À┬À
          let funcionariosElegiveis = elegibilidadeResult.rows;┬À┬À┬À
          console.log(┬À
            `[ENTIDADE-tomador] tomador ${entidadeId}: ${funcionariosElegiveis.length} funcion├írios eleg├¡veis`┬À
          );┬À
          console.log(┬À
            `[DEBUG] Eleg├¡veis:`,┬À
            funcionariosElegiveis.map((f: any) => ({┬À
              cpf: f.funcionario_cpf,┬À
              nome: f.funcionario_nome,┬À
            }))┬À
          );┬À┬À┬À
          // Aplicar mesmos filtros adicionais (dataFiltro / tipo)┬À
          if (dataFiltro && dataFiltro !== 'all') {┬À
            const dataFiltroResult = await queryAsGestorEntidade(┬À
              `SELECT cpf FROM funcionarios WHERE cpf = ANY($1::char(11)[]) AND criado_em > $2`,┬À
              [funcionariosElegiveis.map((f: any) => f.funcionario_cpf), dataFiltro]┬À
            );┬À
            const cpfs = dataFiltroResult.rows.map((r: any) => r.cpf);┬À
            funcionariosElegiveis = funcionariosElegiveis.filter((f: any) =>┬À
              cpfs.includes(f.funcionario_cpf)┬À
            );┬À
          }┬À┬À┬À
          if (tipo && tipo !== 'completo') {┬À
            const nivelDesejado = tipo === 'operacional' ? 'operacional' : 'gestao';┬À
            const nivelFiltroResult = await queryAsGestorEntidade(┬À
              `SELECT cpf FROM funcionarios WHERE cpf = ANY($1::char(11)[]) AND nivel_cargo = $2`,┬À
              [┬À
                funcionariosElegiveis.map((f: any) => f.funcionario_cpf),┬À
                nivelDesejado,┬À
              ]┬À
            );┬À
            const cpfsComNivel = nivelFiltroResult.rows.map((r: any) => r.cpf);┬À
            funcionariosElegiveis = funcionariosElegiveis.filter((f: any) =>┬À
              cpfsComNivel.includes(f.funcionario_cpf)┬À
            );┬À
          }┬À┬À┬À
          console.log(┬À
            `[ENTIDADE-tomador] Ap├│s filtros: ${funcionariosElegiveis.length} funcion├írios`┬À
          );┬À
          console.log(`[DEBUG] DataFiltro: ${dataFiltro}, Tipo: ${tipo}`);┬À┬À┬À
          if (funcionariosElegiveis.length > 0) {┬À
            // Ô£à CORRE├ç├âO: Usar transa├º├úo para garantir atomicidade (lote + avalia├º├Áes)┬À
            // withTransactionAsGestor mant├®m contexto de auditoria durante toda a transa├º├úo┬À
            const resultado = await withTransactionAsGestor(async (client) => {┬À
              // Criar lote┬À
              const loteResult = await client.query(┬À
                `INSERT INTO lotes_avaliacao (entidade_id, descricao, tipo, status, liberado_por, numero_ordem)┬À
                 VALUES ($1, $2, $3, 'ativo', $4, $5) RETURNING id, liberado_em, numero_ordem`,┬À
                [┬À
                  entidadeId,┬À
                  descricao ||┬À
                    `Lote ${String(numeroOrdem)} liberado para ${String(entidadeNome)}. Inclui ${funcionariosElegiveis.length} funcion├írio(s) eleg├¡veis vinculados diretamente ├á entidade.`,┬À
                  tipo || 'completo',┬À
                  session.cpf,┬À
                  numeroOrdem,┬À
                ]┬À
              );┬À┬À┬À
              const loteData = loteResult.rows[0];┬À┬À┬À
              const agora = new Date().toISOString();┬À
              let contadorAvaliacoes = 0;┬À┬À┬À
              for (const func of funcionariosElegiveis) {┬À
                try {┬À
                  await client.query(┬À
                    `INSERT INTO avaliacoes (funcionario_cpf, status, inicio, lote_id) VALUES ($1, 'iniciada', $2, $3)`,┬À
                    [func.funcionario_cpf, agora, loteData.id]┬À
                  );┬À
                  contadorAvaliacoes++;┬À
                } catch (error) {┬À
                  console.error(┬À
                    'Erro ao criar avalia├º├úo para',┬À
                    func.funcionario_cpf,┬À
                    error┬À
                  );┬À
                }┬À
              }┬À┬À┬À
              // Validar que pelo menos uma avalia├º├úo foi criada┬À
              if (contadorAvaliacoes === 0) {┬À
                throw new Error('Nenhuma avalia├º├úo foi criada - rollback do lote');┬À
              }┬À┬À┬À
              return { lote: loteData, avaliacoesCriadas: contadorAvaliacoes };┬À
            });┬À┬À┬À
            // Registrar auditoria da libera├º├úo do lote (tomador)┬À
            try {┬À
              await queryAsGestorEntidade(┬À
                `INSERT INTO audit_logs (user_cpf, action, resource, resource_id, details, ip_address)┬À
                 VALUES ($1, $2, $3, $4, $5, $6)`,┬À
                [┬À
                  session.cpf,┬À
                  'liberar_lote',┬À
                  'lotes_avaliacao',┬À
                  resultado.lote.id,┬À
                  JSON.stringify({┬À
                    entidade_id: entidadeId,┬À
                    entidade_nome: entidadeNome,┬À
                    tipo: tipo || 'completo',┬À
                    lote_id: resultado.lote.id,┬À
                    descricao: descricao || null,┬À
                    data_filtro: dataFiltro || null,┬À
                    numero_ordem: resultado.lote.numero_ordem,┬À
                    avaliacoes_criadas: resultado.avaliacoesCriadas,┬À
                    total_funcionarios: funcionariosElegiveis.length,┬À
                  }),┬À
                  req.headers.get('x-forwarded-for') ||┬À
                    req.headers.get('x-real-ip') ||┬À
                    'unknown',┬À
                ]┬À
              );┬À
            } catch (auditError) {┬À
              console.error(┬À
                'Erro ao registrar auditoria (entidade tomador):',┬À
                auditError┬À
              );┬À
            }┬À┬À┬À
            resultados.push({┬À
              empresaId: null,┬À
              empresaNome: entidadeNome,┬À
              created: true,┬À
              loteId: resultado.lote.id,┬À
              numero_ordem: resultado.lote.numero_ordem,┬À
              avaliacoesCriadas: resultado.avaliacoesCriadas,┬À
              funcionariosConsiderados: funcionariosElegiveis.length,┬À
            });┬À
          } else {┬À
            resultados.push({┬À
              empresaId: null,┬À
              empresaNome: entidadeNome,┬À
              created: false,┬À
              message: 'Nenhum funcion├írio eleg├¡vel encontrado para a entidade',┬À
            });┬À
          }┬À
        }┬À┬À┬À
        if (resultados.length === 0) {┬À
          return NextResponse.json(┬À
            {┬À
              error: 'Nenhum lote foi criado - n├úo h├í funcion├írios eleg├¡veis',┬À
              success: false,┬À
              detalhes:┬À
                'N├úo foram encontrados funcion├írios eleg├¡veis para avalia├º├úo vinculados diretamente a esta entidade. Verifique se h├í funcion├írios ativos cadastrados.',┬À
            },┬À
            { status: 400 }┬À
          );┬À
        }┬À┬À┬À
        // Verificar se o lote falhou por falta de funcion├írios┬À
        const todosNaoElegiveis = resultados.every((r) => !r.created);┬À
        const mensagensErro = resultados┬À
          .filter((r) => !r.created)┬À
          .map((r) => `${r.empresaNome}: ${r.message}`);┬À┬À┬À
        if (todosNaoElegiveis) {┬À
          return NextResponse.json(┬À
            {┬À
              error: 'Nenhum funcion├írio eleg├¡vel encontrado',┬À
              success: false,┬À
              detalhes: `N├úo foram encontrados funcion├írios eleg├¡veis para avalia├º├úo na entidade:\\n${mensagensErro.join('\\n')}\\n\\nVerifique os crit├®rios de elegibilidade ou cadastre novos funcion├írios.`,┬À
              resultados,┬À
            },┬À
            { status: 400 }┬À
          );┬À
        }┬À┬À┬À
        return NextResponse.json(┬À
          {┬À
            success: true,┬À
            message: 'Solicita├º├úo de libera├º├úo processada para a entidade',┬À
            resultados,┬À
          },┬À
          { status: 200 }┬À
        );┬À
      } catch (error) {┬À
        console.error('Erro ao Iniciar Ciclo por entidade:', error);┬À
        return NextResponse.json(┬À
          {┬À
            error: 'Erro interno do servidor',┬À
            success: false,┬À
            detalhes: error instanceof Error ? error.message : 'Erro desconhecido',┬À
          },┬À
          { status: 500 }┬À
        );┬À
      }┬À
    };┬À
    "

      141 |   describe('­ƒöì Valida├º├úo de estrutura do c├│digo', () => {
      142 |     test('Deve usar queryWithContext para INSERTs', () => {
    > 143 |       expect(endpointCode).toContain('queryWithContext');
          |                            ^
      144 |     });
      145 |
      146 |     test('Deve ter tratamento de erro', () => {

      at Object.toContain (__tests__/entidade/correcoes-code-review.test.ts:143:28)

RBAC seed applied to test database
RBAC seed applied to test database
FAIL __tests__/lib/db-transaction.test.ts
  ÔùÅ Console

    console.log
      [dotenv@17.2.3] injecting env (0) from .env.test -- tip: ÔÜÖ´©Å  write to custom object with { processEnv: myObject }

      at _log (node_modules/.pnpm/dotenv@17.2.3/node_modules/dotenv/lib/main.js:142:11)

    console.log
      ­ƒøí´©Å [jest.setup] Removendo DATABASE_URL do ambiente de testes (valor n├úo importa)

      at Object.<anonymous> (__tests__/config/jest.setup.js:125:17)

    console.log
      ­ƒøí´©Å [jest.setup] Prote├º├úo do banco de testes ativada - usando: nr-bps_db_test

      at Object.<anonymous> (__tests__/config/jest.setup.js:150:13)

    console.log
      ­ƒöî [lib/db.ts] Conectado ao banco: nr-bps_db_test @ localhost (ambiente: test)

      at Object.log (lib/db.ts:673:15)

    console.log
      [withTransaction] Transa├º├úo iniciada para gestor (CPF: ***8909)

      at log (lib/db-transaction.ts:78:13)

    console.log
      [withTransaction] Transa├º├úo commitada com sucesso para gestor

      at log (lib/db-transaction.ts:88:13)

    console.log
      [withTransaction] Transa├º├úo iniciada para rh (CPF: ***8909)

      at log (lib/db-transaction.ts:78:13)

    console.log
      [withTransaction] Transa├º├úo commitada com sucesso para rh

      at log (lib/db-transaction.ts:88:13)

    console.log
      [withTransaction] Transa├º├úo iniciada para gestor (CPF: ***8909)

      at log (lib/db-transaction.ts:78:13)

    console.log
      [withTransaction] Transa├º├úo commitada com sucesso para gestor

      at log (lib/db-transaction.ts:88:13)

    console.log
      [withTransaction] Transa├º├úo iniciada para rh (CPF: ***8909)

      at log (lib/db-transaction.ts:78:13)

    console.log
      [withTransaction] Transa├º├úo commitada com sucesso para rh

      at log (lib/db-transaction.ts:88:13)

    console.log
      [withTransaction] Transa├º├úo iniciada para gestor (CPF: ***8909)

      at log (lib/db-transaction.ts:78:13)

    console.log
      [withTransaction] Transa├º├úo iniciada para gestor (CPF: ***8909)

      at log (lib/db-transaction.ts:78:13)

    console.log
      [withTransaction] Transa├º├úo commitada com sucesso para gestor

      at log (lib/db-transaction.ts:88:13)

    console.log
      [withTransaction] Transa├º├úo iniciada para gestor (CPF: ***8909)

      at log (lib/db-transaction.ts:78:13)

    console.log
      [withTransaction] Transa├º├úo iniciada para gestor (CPF: ***8909)

      at log (lib/db-transaction.ts:78:13)
          at async Promise.all (index 0)

    console.log
      [withTransaction] Transa├º├úo iniciada para gestor (CPF: ***8909)

      at log (lib/db-transaction.ts:78:13)
          at async Promise.all (index 1)

    console.log
      [withTransaction] Transa├º├úo commitada com sucesso para gestor

      at log (lib/db-transaction.ts:88:13)
          at async Promise.all (index 0)

    console.log
      [withTransaction] Transa├º├úo commitada com sucesso para gestor

      at log (lib/db-transaction.ts:88:13)
          at async Promise.all (index 1)

  ÔùÅ Unit: lib/db-transaction ÔÇ║ withTransactionAsGestor ÔÇ║ deve fazer rollback autom├ítico se callback lan├ºar erro

    expect(received).toContain(expected) // indexOf

    Expected substring: "Erro for├ºado"
    Received string:    "inser├º├úo ou atualiza├º├úo em tabela \"laudos\" viola restri├º├úo de chave estrangeira \"fk_laudos_emissor_cpf\""

      127 |         fail('Deveria ter lan├ºado erro');
      128 |       } catch (error: any) {
    > 129 |         expect(error.message).toContain('Erro for├ºado');
          |                               ^
      130 |       }
      131 |
      132 |       // Verificar que lote N├âO foi criado (rollback)

      at Object.toContain (__tests__/lib/db-transaction.test.ts:129:31)

  ÔùÅ Unit: lib/db-transaction ÔÇ║ withTransaction ÔÇ║ deve fazer commit se callback completar com sucesso

    error: inser├º├úo ou atualiza├º├úo em tabela "laudos" viola restri├º├úo de chave estrangeira "fk_laudos_emissor_cpf"

      170 |
      171 |           if (clinicaRes.rowCount > 0 && empresaRes.rowCount > 0) {
    > 172 |             const loteResult = await client.query(
          |                                ^
      173 |               `INSERT INTO lotes_avaliacao (clinica_id, empresa_id, descricao, tipo, status, liberado_por, numero_ordem)
      174 |                VALUES ($1, $2, 'Lote Commit Test', 'completo', 'ativo', '12345678909', 1)
      175 |                RETURNING id`,

      at node_modules/.pnpm/pg@8.16.3/node_modules/pg/lib/client.js:545:17
      at __tests__/lib/db-transaction.test.ts:172:32
      at withTransaction (lib/db-transaction.ts:83:20)
      at Object.<anonymous> (__tests__/lib/db-transaction.test.ts:162:9)

RBAC seed applied to test database
FAIL __tests__/middleware/middleware-api-integration.test.ts
  ÔùÅ Console

    console.log
      [dotenv@17.2.3] injecting env (0) from .env.test -- tip: ­ƒöÉ encrypt with Dotenvx: https://dotenvx.com

      at _log (node_modules/.pnpm/dotenv@17.2.3/node_modules/dotenv/lib/main.js:142:11)

    console.log
      ­ƒøí´©Å [jest.setup] Removendo DATABASE_URL do ambiente de testes (valor n├úo importa)

      at Object.<anonymous> (__tests__/config/jest.setup.js:125:17)

    console.log
      ­ƒøí´©Å [jest.setup] Prote├º├úo do banco de testes ativada - usando: nr-bps_db_test

      at Object.<anonymous> (__tests__/config/jest.setup.js:150:13)

    console.log
      ­ƒöî [lib/db.ts] Conectado ao banco: nr-bps_db_test @ localhost (ambiente: test)

      at Object.log (lib/db.ts:673:15)

    console.log
      [DEBUG] middleware using x-mock-session (sensitive route): { pathname: '/api/rh/lotes', session: '11111111111' }

      at log (middleware.ts:205:19)

  ÔùÅ Integra├º├úo Middleware + API Routes ÔÇ║ fluxo completo: middleware permite + API processa com auth v├ílida

    TypeError: Cannot destructure property 'pathname' of 'request.nextUrl' as it is undefined.

      67 |   const AUTHORIZED_ADMIN_IPS =
      68 |     process.env.AUTHORIZED_ADMIN_IPS?.split(',') || [];
    > 69 |   const { pathname } = request.nextUrl;
         |           ^
      70 |   const clientIP =
      71 |     request.headers.get('x-forwarded-for') ||
      72 |     request.headers.get('x-real-ip') ||

      at pathname (middleware.ts:69:11)
      at Object.middlewareFunc (__tests__/middleware/middleware-api-integration.test.ts:134:30)

  ÔùÅ Integra├º├úo Middleware + API Routes ÔÇ║ fluxo completo: middleware bloqueia + API nem ├® chamada

    TypeError: Cannot destructure property 'pathname' of 'request.nextUrl' as it is undefined.

      67 |   const AUTHORIZED_ADMIN_IPS =
      68 |     process.env.AUTHORIZED_ADMIN_IPS?.split(',') || [];
    > 69 |   const { pathname } = request.nextUrl;
         |           ^
      70 |   const clientIP =
      71 |     request.headers.get('x-forwarded-for') ||
      72 |     request.headers.get('x-real-ip') ||

      at pathname (middleware.ts:69:11)
      at Object.middlewareFunc (__tests__/middleware/middleware-api-integration.test.ts:169:30)

RBAC seed applied to test database
RBAC seed applied to test database
RBAC seed applied to test database
FAIL __tests__/api/entidade/liberar-lote.test.ts
  ÔùÅ Console

    console.log
      [dotenv@17.2.3] injecting env (0) from .env.test -- tip: ­ƒøá´©Å  run anywhere with `dotenvx run -- yourcommand`

      at _log (node_modules/.pnpm/dotenv@17.2.3/node_modules/dotenv/lib/main.js:142:11)

    console.log
      ­ƒøí´©Å [jest.setup] Removendo DATABASE_URL do ambiente de testes (valor n├úo importa)

      at Object.<anonymous> (__tests__/config/jest.setup.js:125:17)

    console.log
      ­ƒøí´©Å [jest.setup] Prote├º├úo do banco de testes ativada - usando: nr-bps_db_test

      at Object.<anonymous> (__tests__/config/jest.setup.js:150:13)

    console.log
      ­ƒöî [lib/db.ts] Conectado ao banco: nr-bps_db_test @ localhost (ambiente: test)

      at Object.log (lib/db.ts:673:15)

    console.log
      [ENTIDADE-tomador] tomador 5: 2 funcion├írios eleg├¡veis

      at log (app/api/entidade/liberar-lote/route.ts:101:15)

    console.log
      [DEBUG] Eleg├¡veis: [
        { cpf: '11122233344', nome: 'Fulano da Silva' },
        { cpf: '22233344455', nome: 'Ciclano Souza' }
      ]

      at log (app/api/entidade/liberar-lote/route.ts:104:15)

    console.log
      [ENTIDADE-tomador] Ap├│s filtros: 2 funcion├írios

      at log (app/api/entidade/liberar-lote/route.ts:139:15)

    console.log
      [DEBUG] DataFiltro: undefined, Tipo: completo

      at log (app/api/entidade/liberar-lote/route.ts:142:15)

    console.log
      [withTransaction] Transa├º├úo iniciada para gestor (CPF: ***2920)

      at log (lib/db-transaction.ts:78:13)

    console.log
      ÔØî ERRO DE TESTE: {
        "error": "Erro interno do servidor",
        "success": false,
        "detalhes": "inser├º├úo ou atualiza├º├úo em tabela \"lotes_avaliacao\" viola restri├º├úo de chave estrangeira \"lotes_avaliacao_entidade_id_fkey\""
      }

      at Object.log (__tests__/api/entidade/liberar-lote.test.ts:110:15)

    console.log
      [ENTIDADE-tomador] tomador 5: 1 funcion├írios eleg├¡veis

      at log (app/api/entidade/liberar-lote/route.ts:101:15)

    console.log
      [DEBUG] Eleg├¡veis: [ { cpf: undefined, nome: undefined } ]

      at log (app/api/entidade/liberar-lote/route.ts:104:15)

    console.log
      [ENTIDADE-tomador] Ap├│s filtros: 1 funcion├írios

      at log (app/api/entidade/liberar-lote/route.ts:139:15)

    console.log
      [DEBUG] DataFiltro: undefined, Tipo: completo

      at log (app/api/entidade/liberar-lote/route.ts:142:15)

    console.log
      [withTransaction] Transa├º├úo iniciada para gestor (CPF: ***2920)

      at log (lib/db-transaction.ts:78:13)

    console.log
      ÔØî ERRO DE TESTE (esperava 400): {
        "error": "Erro interno do servidor",
        "success": false,
        "detalhes": "o valor nulo na coluna \"numero_ordem\" da rela├º├úo \"lotes_avaliacao\" viola a restri├º├úo de n├úo-nulo"
      }

      at Object.log (__tests__/api/entidade/liberar-lote.test.ts:184:15)

  ÔùÅ /api/entidade/liberar-lote ÔÇ║ deve criar lote para funcion├írios vinculados diretamente ├á entidade

    expect(received).toBe(expected) // Object.is equality

    Expected: 200
    Received: 500

      111 |     }
      112 |
    > 113 |     expect(response.status).toBe(200);
          |                             ^
      114 |     expect(data.success).toBe(true);
      115 |     expect(Array.isArray(data.resultados)).toBe(true);
      116 |     expect(data.resultados.length).toBe(1);

      at Object.toBe (__tests__/api/entidade/liberar-lote.test.ts:113:29)

  ÔùÅ /api/entidade/liberar-lote ÔÇ║ retorna erro quando n├úo h├í funcion├írios eleg├¡veis para a entidade

    expect(received).toBe(expected) // Object.is equality

    Expected: 400
    Received: 500

      188 |     }
      189 |
    > 190 |     expect(response.status).toBe(400);
          |                             ^
      191 |     expect(data.success).toBe(false);
      192 |     expect(data.error).toBe('Nenhum funcion├írio eleg├¡vel encontrado');
      193 |     expect(data.detalhes).toMatch(

      at Object.toBe (__tests__/api/entidade/liberar-lote.test.ts:190:29)

FAIL __tests__/integration/cadastro-personalizado-integration.test.ts
  ÔùÅ Console

    console.log
      [dotenv@17.2.3] injecting env (0) from .env.test -- tip: ÔÜÖ´©Å  override existing env vars with { override: true }

      at _log (node_modules/.pnpm/dotenv@17.2.3/node_modules/dotenv/lib/main.js:142:11)

    console.log
      ­ƒøí´©Å [jest.setup] Removendo DATABASE_URL do ambiente de testes (valor n├úo importa)

      at Object.<anonymous> (__tests__/config/jest.setup.js:125:17)

    console.log
      ­ƒøí´©Å [jest.setup] Prote├º├úo do banco de testes ativada - usando: nr-bps_db_test

      at Object.<anonymous> (__tests__/config/jest.setup.js:150:13)

    console.log
      ­ƒöî [lib/db.ts] Conectado ao banco: nr-bps_db_test @ localhost (ambiente: test)

      at Object.log (lib/db.ts:673:15)

  ÔùÅ Integra├º├úo - Cadastro Plano Personalizado para Tomador ÔÇ║ deve criar tomador e registro em contratacao_personalizada e notificar admins

    error: coluna "tomador_id" n├úo existe

      487 |         // No session: just execute the query normally
      488 |         try {
    > 489 |           const result = await client.query(text, params);
          |                          ^
      490 |           const duration = Date.now() - start;
      491 |
      492 |           // Log apenas queries lentas (>500ms)

      at node_modules/.pnpm/pg@8.16.3/node_modules/pg/lib/client.js:545:17
      at query (lib/db.ts:489:26)
      at Object.<anonymous> (__tests__/integration/cadastro-personalizado-integration.test.ts:31:5)


  ÔùÅ Test suite failed to run

    error: coluna "tomador_id" n├úo existe

      487 |         // No session: just execute the query normally
      488 |         try {
    > 489 |           const result = await client.query(text, params);
          |                          ^
      490 |           const duration = Date.now() - start;
      491 |
      492 |           // Log apenas queries lentas (>500ms)

      at node_modules/.pnpm/pg@8.16.3/node_modules/pg/lib/client.js:545:17
      at query (lib/db.ts:489:26)
      at Object.<anonymous> (__tests__/integration/cadastro-personalizado-integration.test.ts:45:5)

PASS __tests__/components/RadioScale.test.tsx
  ÔùÅ Console

    console.log
      [dotenv@17.2.3] injecting env (0) from .env.test -- tip: ­ƒôí add observability to secrets: https://dotenvx.com/ops

      at _log (node_modules/.pnpm/dotenv@17.2.3/node_modules/dotenv/lib/main.js:142:11)

    console.log
      ­ƒøí´©Å [jest.setup] Removendo DATABASE_URL do ambiente de testes (valor n├úo importa)

      at Object.<anonymous> (__tests__/config/jest.setup.js:125:17)

    console.log
      ­ƒøí´©Å [jest.setup] Prote├º├úo do banco de testes ativada - usando: nr-bps_db_test

      at Object.<anonymous> (__tests__/config/jest.setup.js:150:13)

PASS __tests__/scripts/auditar-cpfs.test.ts
  ÔùÅ Console

    console.log
      [dotenv@17.2.3] injecting env (0) from .env.test -- tip: Ô£à audit secrets and track compliance: https://dotenvx.com/ops

      at _log (node_modules/.pnpm/dotenv@17.2.3/node_modules/dotenv/lib/main.js:142:11)

    console.log
      ­ƒøí´©Å [jest.setup] Removendo DATABASE_URL do ambiente de testes (valor n├úo importa)

      at Object.<anonymous> (__tests__/config/jest.setup.js:125:17)

    console.log
      ­ƒøí´©Å [jest.setup] Prote├º├úo do banco de testes ativada - usando: nr-bps_db_test

      at Object.<anonymous> (__tests__/config/jest.setup.js:150:13)

    console.log
      ­ƒöì Iniciando auditoria de CPFs...

      at log (scripts/auditar-cpfs.ts:23:11)

    console.error
      ÔØî Erro durante auditoria de CPFs: Error: Erro de conex├úo
          at Object.<anonymous> (C:\apps\QWork\__tests__\scripts\auditar-cpfs.test.ts:132:46)
          at Promise.finally.completed (C:\apps\QWork\node_modules\.pnpm\jest-circus@30.2.0\node_modules\jest-circus\build\jestAdapterInit.js:1557:28)
          at new Promise (<anonymous>)
          at callAsyncCircusFn (C:\apps\QWork\node_modules\.pnpm\jest-circus@30.2.0\node_modules\jest-circus\build\jestAdapterInit.js:1497:10)
          at _callCircusTest (C:\apps\QWork\node_modules\.pnpm\jest-circus@30.2.0\node_modules\jest-circus\build\jestAdapterInit.js:1007:40)
          at processTicksAndRejections (node:internal/process/task_queues:105:5)
          at _runTest (C:\apps\QWork\node_modules\.pnpm\jest-circus@30.2.0\node_modules\jest-circus\build\jestAdapterInit.js:947:3)
          at C:\apps\QWork\node_modules\.pnpm\jest-circus@30.2.0\node_modules\jest-circus\build\jestAdapterInit.js:849:7
          at _runTestsForDescribeBlock (C:\apps\QWork\node_modules\.pnpm\jest-circus@30.2.0\node_modules\jest-circus\build\jestAdapterInit.js:862:11)
          at _runTestsForDescribeBlock (C:\apps\QWork\node_modules\.pnpm\jest-circus@30.2.0\node_modules\jest-circus\build\jestAdapterInit.js:857:11)
          at run (C:\apps\QWork\node_modules\.pnpm\jest-circus@30.2.0\node_modules\jest-circus\build\jestAdapterInit.js:761:3)
          at runAndTransformResultsToJestFormat (C:\apps\QWork\node_modules\.pnpm\jest-circus@30.2.0\node_modules\jest-circus\build\jestAdapterInit.js:1918:21)
          at jestAdapter (C:\apps\QWork\node_modules\.pnpm\jest-circus@30.2.0\node_modules\jest-circus\build\runner.js:101:19)
          at runTestInternal (C:\apps\QWork\node_modules\.pnpm\jest-runner@30.2.0\node_modules\jest-runner\build\testWorker.js:275:16)
          at runTest (C:\apps\QWork\node_modules\.pnpm\jest-runner@30.2.0\node_modules\jest-runner\build\testWorker.js:343:7)
          at Object.worker (C:\apps\QWork\node_modules\.pnpm\jest-runner@30.2.0\node_modules\jest-runner\build\testWorker.js:497:12)

      30 |       ORDER BY id
      31 |     `).catch((err) => {
    > 32 |       console.error('ÔØî Erro durante auditoria de CPFs:', err);
         |               ^
      33 |       throw err;
      34 |     });
      35 |

      at error (scripts/auditar-cpfs.ts:32:15)
      at auditarCPFs (scripts/auditar-cpfs.ts:27:26)
      at Object.<anonymous> (__tests__/scripts/auditar-cpfs.test.ts:134:5)

    console.error
      ÔØî Erro durante auditoria de CPFs: Error: Erro de conex├úo
          at Object.<anonymous> (C:\apps\QWork\__tests__\scripts\auditar-cpfs.test.ts:132:46)
          at Promise.finally.completed (C:\apps\QWork\node_modules\.pnpm\jest-circus@30.2.0\node_modules\jest-circus\build\jestAdapterInit.js:1557:28)
          at new Promise (<anonymous>)
          at callAsyncCircusFn (C:\apps\QWork\node_modules\.pnpm\jest-circus@30.2.0\node_modules\jest-circus\build\jestAdapterInit.js:1497:10)
          at _callCircusTest (C:\apps\QWork\node_modules\.pnpm\jest-circus@30.2.0\node_modules\jest-circus\build\jestAdapterInit.js:1007:40)
          at processTicksAndRejections (node:internal/process/task_queues:105:5)
          at _runTest (C:\apps\QWork\node_modules\.pnpm\jest-circus@30.2.0\node_modules\jest-circus\build\jestAdapterInit.js:947:3)
          at C:\apps\QWork\node_modules\.pnpm\jest-circus@30.2.0\node_modules\jest-circus\build\jestAdapterInit.js:849:7
          at _runTestsForDescribeBlock (C:\apps\QWork\node_modules\.pnpm\jest-circus@30.2.0\node_modules\jest-circus\build\jestAdapterInit.js:862:11)
          at _runTestsForDescribeBlock (C:\apps\QWork\node_modules\.pnpm\jest-circus@30.2.0\node_modules\jest-circus\build\jestAdapterInit.js:857:11)
          at run (C:\apps\QWork\node_modules\.pnpm\jest-circus@30.2.0\node_modules\jest-circus\build\jestAdapterInit.js:761:3)
          at runAndTransformResultsToJestFormat (C:\apps\QWork\node_modules\.pnpm\jest-circus@30.2.0\node_modules\jest-circus\build\jestAdapterInit.js:1918:21)
          at jestAdapter (C:\apps\QWork\node_modules\.pnpm\jest-circus@30.2.0\node_modules\jest-circus\build\runner.js:101:19)
          at runTestInternal (C:\apps\QWork\node_modules\.pnpm\jest-runner@30.2.0\node_modules\jest-runner\build\testWorker.js:275:16)
          at runTest (C:\apps\QWork\node_modules\.pnpm\jest-runner@30.2.0\node_modules\jest-runner\build\testWorker.js:343:7)
          at Object.worker (C:\apps\QWork\node_modules\.pnpm\jest-runner@30.2.0\node_modules\jest-runner\build\testWorker.js:497:12)

      291 |     return result;
      292 |   } catch (error) {
    > 293 |     console.error('ÔØî Erro durante auditoria de CPFs:', error);
          |             ^
      294 |     throw error instanceof Error ? error : new Error(String(error));
      295 |   }
      296 | }

      at error (scripts/auditar-cpfs.ts:293:13)
      at Object.<anonymous> (__tests__/scripts/auditar-cpfs.test.ts:134:5)

    console.log
      ­ƒöì Iniciando auditoria de CPFs...

      at log (scripts/auditar-cpfs.ts:23:11)

    console.log
      ­ƒôï Analisando 1 funcion├írios...

      at log (scripts/auditar-cpfs.ts:39:13)

    console.error
      ÔØî Erro durante auditoria de CPFs: Error: Erro na consulta de avalia├º├Áes
          at Object.<anonymous> (C:\apps\QWork\__tests__\scripts\auditar-cpfs.test.ts:143:30)
          at Promise.finally.completed (C:\apps\QWork\node_modules\.pnpm\jest-circus@30.2.0\node_modules\jest-circus\build\jestAdapterInit.js:1557:28)
          at new Promise (<anonymous>)
          at callAsyncCircusFn (C:\apps\QWork\node_modules\.pnpm\jest-circus@30.2.0\node_modules\jest-circus\build\jestAdapterInit.js:1497:10)
          at _callCircusTest (C:\apps\QWork\node_modules\.pnpm\jest-circus@30.2.0\node_modules\jest-circus\build\jestAdapterInit.js:1007:40)
          at processTicksAndRejections (node:internal/process/task_queues:105:5)
          at _runTest (C:\apps\QWork\node_modules\.pnpm\jest-circus@30.2.0\node_modules\jest-circus\build\jestAdapterInit.js:947:3)
          at C:\apps\QWork\node_modules\.pnpm\jest-circus@30.2.0\node_modules\jest-circus\build\jestAdapterInit.js:849:7
          at _runTestsForDescribeBlock (C:\apps\QWork\node_modules\.pnpm\jest-circus@30.2.0\node_modules\jest-circus\build\jestAdapterInit.js:862:11)
          at _runTestsForDescribeBlock (C:\apps\QWork\node_modules\.pnpm\jest-circus@30.2.0\node_modules\jest-circus\build\jestAdapterInit.js:857:11)
          at run (C:\apps\QWork\node_modules\.pnpm\jest-circus@30.2.0\node_modules\jest-circus\build\jestAdapterInit.js:761:3)
          at runAndTransformResultsToJestFormat (C:\apps\QWork\node_modules\.pnpm\jest-circus@30.2.0\node_modules\jest-circus\build\jestAdapterInit.js:1918:21)
          at jestAdapter (C:\apps\QWork\node_modules\.pnpm\jest-circus@30.2.0\node_modules\jest-circus\build\runner.js:101:19)
          at runTestInternal (C:\apps\QWork\node_modules\.pnpm\jest-runner@30.2.0\node_modules\jest-runner\build\testWorker.js:275:16)
          at runTest (C:\apps\QWork\node_modules\.pnpm\jest-runner@30.2.0\node_modules\jest-runner\build\testWorker.js:343:7)
          at Object.worker (C:\apps\QWork\node_modules\.pnpm\jest-runner@30.2.0\node_modules\jest-runner\build\testWorker.js:497:12)

      68 |       ORDER BY id
      69 |     `).catch((err) => {
    > 70 |       console.error('ÔØî Erro durante auditoria de CPFs:', err);
         |               ^
      71 |       throw err;
      72 |     });
      73 |

      at error (scripts/auditar-cpfs.ts:70:15)
      at auditarCPFs (scripts/auditar-cpfs.ts:65:24)
      at Object.<anonymous> (__tests__/scripts/auditar-cpfs.test.ts:145:5)

    console.error
      ÔØî Erro durante auditoria de CPFs: Error: Erro na consulta de avalia├º├Áes
          at Object.<anonymous> (C:\apps\QWork\__tests__\scripts\auditar-cpfs.test.ts:143:30)
          at Promise.finally.completed (C:\apps\QWork\node_modules\.pnpm\jest-circus@30.2.0\node_modules\jest-circus\build\jestAdapterInit.js:1557:28)
          at new Promise (<anonymous>)
          at callAsyncCircusFn (C:\apps\QWork\node_modules\.pnpm\jest-circus@30.2.0\node_modules\jest-circus\build\jestAdapterInit.js:1497:10)
          at _callCircusTest (C:\apps\QWork\node_modules\.pnpm\jest-circus@30.2.0\node_modules\jest-circus\build\jestAdapterInit.js:1007:40)
          at processTicksAndRejections (node:internal/process/task_queues:105:5)
          at _runTest (C:\apps\QWork\node_modules\.pnpm\jest-circus@30.2.0\node_modules\jest-circus\build\jestAdapterInit.js:947:3)
          at C:\apps\QWork\node_modules\.pnpm\jest-circus@30.2.0\node_modules\jest-circus\build\jestAdapterInit.js:849:7
          at _runTestsForDescribeBlock (C:\apps\QWork\node_modules\.pnpm\jest-circus@30.2.0\node_modules\jest-circus\build\jestAdapterInit.js:862:11)
          at _runTestsForDescribeBlock (C:\apps\QWork\node_modules\.pnpm\jest-circus@30.2.0\node_modules\jest-circus\build\jestAdapterInit.js:857:11)
          at run (C:\apps\QWork\node_modules\.pnpm\jest-circus@30.2.0\node_modules\jest-circus\build\jestAdapterInit.js:761:3)
          at runAndTransformResultsToJestFormat (C:\apps\QWork\node_modules\.pnpm\jest-circus@30.2.0\node_modules\jest-circus\build\jestAdapterInit.js:1918:21)
          at jestAdapter (C:\apps\QWork\node_modules\.pnpm\jest-circus@30.2.0\node_modules\jest-circus\build\runner.js:101:19)
          at runTestInternal (C:\apps\QWork\node_modules\.pnpm\jest-runner@30.2.0\node_modules\jest-runner\build\testWorker.js:275:16)
          at runTest (C:\apps\QWork\node_modules\.pnpm\jest-runner@30.2.0\node_modules\jest-runner\build\testWorker.js:343:7)
          at Object.worker (C:\apps\QWork\node_modules\.pnpm\jest-runner@30.2.0\node_modules\jest-runner\build\testWorker.js:497:12)

      291 |     return result;
      292 |   } catch (error) {
    > 293 |     console.error('ÔØî Erro durante auditoria de CPFs:', error);
          |             ^
      294 |     throw error instanceof Error ? error : new Error(String(error));
      295 |   }
      296 | }

      at error (scripts/auditar-cpfs.ts:293:13)
      at Object.<anonymous> (__tests__/scripts/auditar-cpfs.test.ts:145:5)

    console.log
      ­ƒöì Iniciando auditoria de CPFs...

      at log (scripts/auditar-cpfs.ts:23:11)

    console.log
      ­ƒôï Analisando 0 funcion├írios...

      at log (scripts/auditar-cpfs.ts:39:13)

    console.log
      
      ================================================================================

      at log (scripts/auditar-cpfs.ts:78:13)

    console.log
      ­ƒôè RELAT├ôRIO DE AUDITORIA DE CPFs

      at log (scripts/auditar-cpfs.ts:79:13)

    console.log
      ================================================================================

      at log (scripts/auditar-cpfs.ts:80:13)

    console.log
      
      Ô£à CPFs V├ílidos: 0

      at log (scripts/auditar-cpfs.ts:82:13)

    console.log
      ÔØî CPFs Inv├ílidos: 0

      at log (scripts/auditar-cpfs.ts:83:13)

    console.log
      
      Ô£à Todos os CPFs est├úo v├ílidos!

      at log (scripts/auditar-cpfs.ts:123:15)

    console.log
      
      ================================================================================

      at log (scripts/auditar-cpfs.ts:151:13)

    console.log
      ­ƒôè ESTAT├ìSTICAS GERAIS

      at log (scripts/auditar-cpfs.ts:152:13)

    console.log
      ================================================================================

      at log (scripts/auditar-cpfs.ts:153:13)

    console.log
      
      Total de funcion├írios: 0

      at log (scripts/auditar-cpfs.ts:170:13)

    console.log
      Ôö£ÔöÇ Ativos: 0

      at log (scripts/auditar-cpfs.ts:171:13)

    console.log
      ÔööÔöÇ Inativos: 0

      at log (scripts/auditar-cpfs.ts:172:13)

    console.log
      
      Cl├¡nicas: 0

      at log (scripts/auditar-cpfs.ts:173:13)

    console.log
      Empresas: 0

      at log (scripts/auditar-cpfs.ts:174:13)

    console.log
      
      ­ƒÆ¥ Log de auditoria salvo em: C:\apps\QWork\logs\auditoria-cpf-2026-02-20T15-39-21-820Z.json

      at log (scripts/auditar-cpfs.ts:262:13)

    console.log
      
      ================================================================================

      at log (scripts/auditar-cpfs.ts:263:13)

    console.log
      Ô£à Auditoria conclu├¡da

      at log (scripts/auditar-cpfs.ts:264:13)

    console.log
      ================================================================================

      at log (scripts/auditar-cpfs.ts:265:13)

    console.log
      ­ƒöì Iniciando auditoria de CPFs...

      at log (scripts/auditar-cpfs.ts:23:11)

    console.log
      ­ƒôï Analisando 2 funcion├írios...

      at log (scripts/auditar-cpfs.ts:39:13)

    console.log
      
      ================================================================================

      at log (scripts/auditar-cpfs.ts:78:13)

    console.log
      ­ƒôè RELAT├ôRIO DE AUDITORIA DE CPFs

      at log (scripts/auditar-cpfs.ts:79:13)

    console.log
      ================================================================================

      at log (scripts/auditar-cpfs.ts:80:13)

    console.log
      
      Ô£à CPFs V├ílidos: 1

      at log (scripts/auditar-cpfs.ts:82:13)

    console.log
      ÔØî CPFs Inv├ílidos: 1

      at log (scripts/auditar-cpfs.ts:83:13)

    console.log
      
      ÔÜá´©Å  ATEN├ç├âO: CPFs INV├üLIDOS ENCONTRADOS:

      at log (scripts/auditar-cpfs.ts:86:15)

    console.log
      ÔöîÔöÇÔöÇÔöÇÔöÇÔöÇÔöÇÔöÇÔöÇÔöÇÔöÇÔöÇÔöÇÔöÇÔöÇÔöÇÔöÇÔöÇÔöÇÔöÇÔöÇÔöÇÔöÇÔöÇÔöÇÔöÇÔöÇÔöÇÔöÇÔöÇÔöÇÔöÇÔöÇÔöÇÔöÇÔöÇÔöÇÔöÇÔöÇÔöÇÔöÇÔöÇÔöÇÔöÇÔöÇÔöÇÔöÇÔöÇÔöÇÔöÇÔöÇÔöÇÔöÇÔöÇÔöÇÔöÇÔöÇÔöÇÔöÇÔöÇÔöÇÔöÇÔöÇÔöÇÔöÇÔöÉ

      at log (scripts/auditar-cpfs.ts:87:15)

    console.log
      Ôöé ID   Ôöé Tabela        Ôöé CPF Mascarado Ôöé Nome              Ôöé Ativo Ôöé

      at log (scripts/auditar-cpfs.ts:90:15)

    console.log
      Ôö£ÔöÇÔöÇÔöÇÔöÇÔöÇÔöÇÔöÇÔöÇÔöÇÔöÇÔöÇÔöÇÔöÇÔöÇÔöÇÔöÇÔöÇÔöÇÔöÇÔöÇÔöÇÔöÇÔöÇÔöÇÔöÇÔöÇÔöÇÔöÇÔöÇÔöÇÔöÇÔöÇÔöÇÔöÇÔöÇÔöÇÔöÇÔöÇÔöÇÔöÇÔöÇÔöÇÔöÇÔöÇÔöÇÔöÇÔöÇÔöÇÔöÇÔöÇÔöÇÔöÇÔöÇÔöÇÔöÇÔöÇÔöÇÔöÇÔöÇÔöÇÔöÇÔöÇÔöÇÔöÇÔöñ

      at log (scripts/auditar-cpfs.ts:93:15)

    console.log
      Ôöé undefinedÔöé funcionarios  Ôöé 11111111111   Ôöé Maria Santos      Ôöé Ô£ù     Ôöé

      at log (scripts/auditar-cpfs.ts:108:17)
          at Array.forEach (<anonymous>)

    console.log
      ÔööÔöÇÔöÇÔöÇÔöÇÔöÇÔöÇÔöÇÔöÇÔöÇÔöÇÔöÇÔöÇÔöÇÔöÇÔöÇÔöÇÔöÇÔöÇÔöÇÔöÇÔöÇÔöÇÔöÇÔöÇÔöÇÔöÇÔöÇÔöÇÔöÇÔöÇÔöÇÔöÇÔöÇÔöÇÔöÇÔöÇÔöÇÔöÇÔöÇÔöÇÔöÇÔöÇÔöÇÔöÇÔöÇÔöÇÔöÇÔöÇÔöÇÔöÇÔöÇÔöÇÔöÇÔöÇÔöÇÔöÇÔöÇÔöÇÔöÇÔöÇÔöÇÔöÇÔöÇÔöÇÔöÿ

      at log (scripts/auditar-cpfs.ts:113:15)

    console.log
      
      ­ƒôï A├ç├òES RECOMENDADAS:

      at log (scripts/auditar-cpfs.ts:117:15)

    console.log
      1. Verificar com RH/Administra├º├úo os dados corretos

      at log (scripts/auditar-cpfs.ts:118:15)

    console.log
      2. Atualizar CPFs inv├ílidos com valores corretos

      at log (scripts/auditar-cpfs.ts:119:15)

    console.log
      3. Se n├úo houver corre├º├úo poss├¡vel, inativar os registros

      at log (scripts/auditar-cpfs.ts:120:15)

    console.log
      4. Registrar no log de conformidade LGPD

      at log (scripts/auditar-cpfs.ts:121:15)

    console.log
      
      ================================================================================

      at log (scripts/auditar-cpfs.ts:151:13)

    console.log
      ­ƒôè ESTAT├ìSTICAS GERAIS

      at log (scripts/auditar-cpfs.ts:152:13)

    console.log
      ================================================================================

      at log (scripts/auditar-cpfs.ts:153:13)

    console.log
      
      Total de funcion├írios: 0

      at log (scripts/auditar-cpfs.ts:170:13)

    console.log
      Ôö£ÔöÇ Ativos: 0

      at log (scripts/auditar-cpfs.ts:171:13)

    console.log
      ÔööÔöÇ Inativos: 0

      at log (scripts/auditar-cpfs.ts:172:13)

    console.log
      
      Cl├¡nicas: 0

      at log (scripts/auditar-cpfs.ts:173:13)

    console.log
      Empresas: 0

      at log (scripts/auditar-cpfs.ts:174:13)

    console.log
      
      ­ƒÆ¥ Log de auditoria salvo em: C:\apps\QWork\logs\auditoria-cpf-2026-02-20T15-39-21-838Z.json

      at log (scripts/auditar-cpfs.ts:262:13)

    console.log
      
      ================================================================================

      at log (scripts/auditar-cpfs.ts:263:13)

    console.log
      Ô£à Auditoria conclu├¡da

      at log (scripts/auditar-cpfs.ts:264:13)

    console.log
      ================================================================================

      at log (scripts/auditar-cpfs.ts:265:13)

RBAC seed applied to test database
RBAC seed applied to test database
RBAC seed applied to test database
RBAC seed applied to test database
FAIL __tests__/emissor/validation-manual-emission-changes.test.ts
  ÔùÅ Console

    console.log
      [dotenv@17.2.3] injecting env (0) from .env.test -- tip: ÔÜÖ´©Å  specify custom .env file path with { path: '/custom/path/.env' }

      at _log (node_modules/.pnpm/dotenv@17.2.3/node_modules/dotenv/lib/main.js:142:11)

    console.log
      ­ƒøí´©Å [jest.setup] Removendo DATABASE_URL do ambiente de testes (valor n├úo importa)

      at Object.<anonymous> (__tests__/config/jest.setup.js:125:17)

    console.log
      ­ƒøí´©Å [jest.setup] Prote├º├úo do banco de testes ativada - usando: nr-bps_db_test

      at Object.<anonymous> (__tests__/config/jest.setup.js:150:13)

  ÔùÅ Valida├º├úo de Mudan├ºas - Emiss├úo Manual ÔÇ║ 1. API RH Status - N├úo deve emitir automaticamente ÔÇ║ n├úo deve ter chamada a emitirLaudoImediato

    expect(received).toContain(expected) // indexOf

    Expected substring: "REMOVIDO: Emiss├úo autom├ítica de laudo"
    Received string:    "import { NextResponse, NextRequest } from 'next/server';┬À
    import { query } from '@/lib/db';┬À
    import { requireRole } from '@/lib/session';┬À
    import { StatusAvaliacao } from '@/lib/types/avaliacao-status';┬À
    import { StatusLote } from '@/lib/types/lote-status';┬À┬À┬À
    export const dynamic = 'force-dynamic';┬À
    async function updateLotesStatus(cpf: string, session: any) {┬À
      // Buscar lotes que t├¬m avalia├º├Áes deste funcion├írio┬À
      const lotesResult = await query(┬À
        `┬À
        SELECT DISTINCT la.id, la.status┬À
        FROM lotes_avaliacao la┬À
        JOIN avaliacoes a ON la.id = a.lote_id┬À
        WHERE a.funcionario_cpf = $1┬À
      `,┬À
        [cpf],┬À
        session┬À
      );┬À┬À┬À
      console.log(┬À
        `[INFO] Atualizando ${lotesResult.rowCount} lotes afetados pelo funcion├írio ${cpf}`┬À
      );┬À┬À┬À
      for (const lote of lotesResult.rows) {┬À
        // Recalcular status do lote baseado nas avalia├º├Áes ativas (n├úo inativadas)┬À
        const statsResult = await query(┬À
          `┬À
          SELECT┬À
            COUNT(*) FILTER (WHERE a.status != $1) as ativas,┬À
            COUNT(*) FILTER (WHERE a.status = $2) as concluidas┬À
          FROM avaliacoes a┬À
          WHERE a.lote_id = $3┬À
        `,┬À
          [StatusAvaliacao.INATIVADA, StatusAvaliacao.CONCLUIDA, lote.id],┬À
          session┬À
        );┬À┬À┬À
        const { ativas, concluidas } = statsResult.rows[0];┬À
        const ativasNum = parseInt(ativas) || 0;┬À
        const concluidasNum = parseInt(concluidas) || 0;┬À┬À┬À
        console.log(┬À
          `[DEBUG] Lote ${lote.id}: ${ativasNum} ativas, ${concluidasNum} conclu├¡das, status atual: ${lote.status}`┬À
        );┬À┬À┬À
        // N├úo alterar status manuais (cancelado, finalizado)┬À
        if ([StatusLote.CANCELADO, StatusLote.FINALIZADO].includes(lote.status)) {┬À
          console.log(┬À
            `[INFO] Lote ${lote.id} possui status manual '${lote.status}', n├úo ser├í alterado`┬À
          );┬À
          continue;┬À
        }┬À┬À┬À
        // Calcular novo status baseado nas avalia├º├Áes┬À
        let novoStatus = StatusLote.ATIVO;┬À
        if (ativasNum === 0) {┬À
          novoStatus = StatusLote.RASCUNHO; // Nenhuma avalia├º├úo ativa┬À
        } else if (concluidasNum === ativasNum) {┬À
          novoStatus = StatusLote.CONCLUIDO; // Todas conclu├¡das┬À
        }┬À┬À┬À
        if (novoStatus !== lote.status) {┬À
          // Atualizar status do lote┬À
          await query(┬À
            'UPDATE lotes_avaliacao SET status = $1 WHERE id = $2',┬À
            [novoStatus, lote.id],┬À
            session┬À
          );┬À
          console.log(┬À
            `[INFO] Lote ${lote.id} alterado de '${lote.status}' para '${novoStatus}'`┬À
          );┬À┬À┬À
          if (novoStatus === StatusLote.CONCLUIDO) {┬À
            console.log(┬À
              `[INFO] Lote ${lote.id} est├í conclu├¡do e pronto para solicita├º├úo de emiss├úo manual`┬À
            );┬À
          }┬À
        }┬À
      }┬À
    }┬À┬À┬À
    async function handleStatusUpdate(request: NextRequest) {┬À
      try {┬À
        const session = await requireRole('rh');┬À
        const body = await request.json();┬À
        const { cpf, ativo, empresa_id: empresaId } = body;┬À┬À┬À
        if (!cpf || typeof ativo !== 'boolean') {┬À
          return NextResponse.json(┬À
            { error: 'CPF e status ativo s├úo obrigat├│rios' },┬À
            { status: 400 }┬À
          );┬À
        }┬À┬À┬À
        // Obter cl├¡nica do RH da sess├úo┬À
        const clinicaId = session.clinica_id;┬À
        if (!clinicaId) {┬À
          return NextResponse.json(┬À
            { error: 'Cl├¡nica n├úo identificada na sess├úo do RH' },┬À
            { status: 500 }┬À
          );┬À
        }┬À┬À┬À
        // Se empresa_id n├úo foi fornecida, buscar pela cl├¡nica apenas┬À
        let funcResult;┬À
        if (empresaId) {┬À
          // Verificar se funcion├írio existe e pertence ├á empresa/cl├¡nica espec├¡fica┬À
          funcResult = await query(┬À
            `SELECT f.cpf, f.ativo┬À┬À
             FROM funcionarios f┬À
             INNER JOIN funcionarios_clinicas fc ON f.id = fc.funcionario_id┬À
             WHERE f.cpf = $1 AND fc.empresa_id = $2 AND fc.clinica_id = $3 AND fc.ativo = true`,┬À
            [cpf, empresaId, clinicaId],┬À
            session┬À
          );┬À
        } else {┬À
          // Buscar funcion├írio pela cl├¡nica apenas (qualquer empresa da cl├¡nica)┬À
          funcResult = await query(┬À
            `SELECT f.cpf, f.ativo┬À┬À
             FROM funcionarios f┬À
             INNER JOIN funcionarios_clinicas fc ON f.id = fc.funcionario_id┬À
             WHERE f.cpf = $1 AND fc.clinica_id = $2 AND fc.ativo = true`,┬À
            [cpf, clinicaId],┬À
            session┬À
          );┬À
        }┬À┬À┬À
        if (funcResult.rows.length === 0) {┬À
          return NextResponse.json(┬À
            { error: 'Funcion├írio n├úo encontrado ou n├úo pertence ├á sua cl├¡nica' },┬À
            { status: 404 }┬À
          );┬À
        }┬À┬À┬À
        const statusAtual = funcResult.rows[0].ativo;┬À┬À┬À
        // Se j├í est├í no status desejado, n├úo fazer nada┬À
        if (statusAtual === ativo) {┬À
          return NextResponse.json({┬À
            success: true,┬À
            message: 'Status j├í est├í atualizado',┬À
          });┬À
        }┬À┬À┬À
        // Atualizar status do funcion├írio (com session para auditoria)┬À
        await query(┬À
          'UPDATE funcionarios SET ativo = $1 WHERE cpf = $2',┬À
          [ativo, cpf],┬À
          session┬À
        );┬À┬À┬À
        // Atualizar status das avalia├º├Áes baseado no status do funcion├írio┬À
        if (!ativo) {┬À
          // Desligando da empresa: marcar avalia├º├Áes n├úo conclu├¡das como 'inativada' (conclu├¡das permanecem)┬À
          // Nota: verifica both 'concluida' e 'concluido' para retrocompatibilidade┬À
          const updateResult = await query(┬À
            \"UPDATE avaliacoes SET status = $1 WHERE funcionario_cpf = $2 AND status != 'concluida' AND status != 'concluido' RETURNING id, status\",┬À
            [StatusAvaliacao.INATIVADA, cpf],┬À
            session┬À
          );┬À
          console.log(┬À
            `[INFO] Inativadas ${updateResult.rowCount} avalia├º├Áes do funcion├írio ${cpf}`┬À
          );┬À
          if (updateResult.rowCount > 0) {┬À
            console.log('[DEBUG] Avalia├º├Áes inativadas:', updateResult.rows);┬À
          }┬À
        }┬À
        // Reativando: n├úo h├í necessidade de alterar, pois conclu├¡das j├í est├úo corretas e outras permanecem inativadas┬À┬À┬À
        // Atualizar status dos lotes afetados┬À
        await updateLotesStatus(cpf, session);┬À┬À┬À
        return NextResponse.json({┬À
          success: true,┬À
          message: ativo┬À
            ? 'Funcion├írio reativado com sucesso. Ele voltar├í a receber novos lotes de avalia├º├úo.'┬À
            : 'Funcion├írio desligado da empresa. Avalia├º├Áes n├úo conclu├¡das foram marcadas como inativadas, mas seus dados e hist├│rico foram preservados.',┬À
        });┬À
      } catch (error) {┬À
        console.error('Erro ao atualizar status do funcion├írio:', error);┬À
        return NextResponse.json(┬À
          { error: 'Erro interno do servidor' },┬À
          { status: 500 }┬À
        );┬À
      }┬À
    }┬À┬À┬À
    export async function PUT(request: NextRequest) {┬À
      return handleStatusUpdate(request);┬À
    }┬À┬À┬À
    export async function PATCH(request: NextRequest) {┬À
      return handleStatusUpdate(request);┬À
    }┬À
    "

      24 |
      25 |       // Verificar que tem coment├írio sobre REMOVIDO
    > 26 |       expect(content).toContain('REMOVIDO: Emiss├úo autom├ítica de laudo');
         |                       ^
      27 |
      28 |       // Ô£ô API RH Status n├úo emite automaticamente
      29 |     });

      at Object.toContain (__tests__/emissor/validation-manual-emission-changes.test.ts:26:23)

  ÔùÅ Valida├º├úo de Mudan├ºas - Emiss├úo Manual ÔÇ║ 2. API RH Status Batch - N├úo deve emitir automaticamente ÔÇ║ n├úo deve ter chamada a emitirLaudoImediato

    expect(received).toContain(expected) // indexOf

    Expected substring: "REMOVIDO: Emiss├úo autom├ítica de laudo"
    Received string:    "import { NextResponse, NextRequest } from 'next/server';┬À
    import { query } from '@/lib/db';┬À
    import { requireRole } from '@/lib/session';┬À
    import { StatusAvaliacao } from '@/lib/types/avaliacao-status';┬À
    import { StatusLote } from '@/lib/types/lote-status';┬À┬À┬À
    export const dynamic = 'force-dynamic';┬À┬À┬À
    async function updateLotesStatus(cpf: string) {┬À
      // Buscar lotes que t├¬m avalia├º├Áes deste funcion├írio┬À
      const lotesResult = await query(┬À
        `┬À
        SELECT DISTINCT la.id, la.status┬À
        FROM lotes_avaliacao la┬À
        JOIN avaliacoes a ON la.id = a.lote_id┬À
        WHERE a.funcionario_cpf = $1┬À
      `,┬À
        [cpf]┬À
      );┬À┬À┬À
      console.log(┬À
        `[INFO] Atualizando ${lotesResult.rowCount} lotes afetados pelo funcion├írio ${cpf}`┬À
      );┬À┬À┬À
      for (const lote of lotesResult.rows) {┬À
        // Recalcular status do lote baseado nas avalia├º├Áes ativas (n├úo inativadas)┬À
        const statsResult = await query(┬À
          `┬À
          SELECT┬À
            COUNT(*) FILTER (WHERE a.status != $1) as ativas,┬À
            COUNT(*) FILTER (WHERE a.status = $2) as concluidas┬À
          FROM avaliacoes a┬À
          WHERE a.lote_id = $3┬À
        `,┬À
          [StatusAvaliacao.INATIVADA, StatusAvaliacao.CONCLUIDA, lote.id]┬À
        );┬À┬À┬À
        const { ativas, concluidas } = statsResult.rows[0];┬À
        const ativasNum = parseInt(ativas) || 0;┬À
        const concluidasNum = parseInt(concluidas) || 0;┬À┬À┬À
        console.log(┬À
          `[DEBUG] Lote ${lote.id}: ${ativasNum} ativas, ${concluidasNum} conclu├¡das, status atual: ${lote.status}`┬À
        );┬À┬À┬À
        // N├úo alterar status manuais (cancelado, finalizado)┬À
        if ([StatusLote.CANCELADO, StatusLote.FINALIZADO].includes(lote.status)) {┬À
          console.log(┬À
            `[INFO] Lote ${lote.id} possui status manual '${lote.status}', n├úo ser├í alterado`┬À
          );┬À
          continue;┬À
        }┬À┬À┬À
        // Calcular novo status baseado nas avalia├º├Áes┬À
        let novoStatus = StatusLote.ATIVO;┬À
        if (ativasNum === 0) {┬À
          novoStatus = StatusLote.RASCUNHO; // Nenhuma avalia├º├úo ativa┬À
        } else if (concluidasNum === ativasNum) {┬À
          novoStatus = StatusLote.CONCLUIDO; // Todas conclu├¡das┬À
        }┬À┬À┬À
        if (novoStatus !== lote.status) {┬À
          // Atualizar status do lote┬À
          await query('UPDATE lotes_avaliacao SET status = $1 WHERE id = $2', [┬À
            novoStatus,┬À
            lote.id,┬À
          ]);┬À
          console.log(┬À
            `[INFO] Lote ${lote.id} alterado de '${lote.status}' para '${novoStatus}'`┬À
          );┬À┬À┬À
          if (novoStatus === StatusLote.CONCLUIDO) {┬À
            console.log(┬À
              `[INFO] Lote ${lote.id} est├í conclu├¡do e pronto para solicita├º├úo de emiss├úo manual`┬À
            );┬À
          }┬À
        }┬À
      }┬À
    }┬À┬À┬À
    export async function PUT(request: NextRequest) {┬À
      try {┬À
        const session = await requireRole('rh');┬À
        const { cpfs, ativo } = await request.json();┬À┬À┬À
        if (┬À
          !Array.isArray(cpfs) ||┬À
          cpfs.length === 0 ||┬À
          typeof ativo !== 'boolean'┬À
        ) {┬À
          return NextResponse.json(┬À
            { error: 'Lista de CPFs e status ativo s├úo obrigat├│rios' },┬À
            { status: 400 }┬À
          );┬À
        }┬À┬À┬À
        // Limite de seguran├ºa: m├íximo 50 funcion├írios por opera├º├úo┬À
        if (cpfs.length > 50) {┬À
          return NextResponse.json(┬À
            { error: 'Opera├º├úo limitada a 50 funcion├írios por vez' },┬À
            { status: 400 }┬À
          );┬À
        }┬À┬À┬À
        // Verificar se o RH pertence ├á mesma cl├¡nica dos funcion├írios┬À
        const rhResult = await query(┬À
          'SELECT clinica_id FROM funcionarios WHERE cpf = $1',┬À
          [session.cpf]┬À
        );┬À┬À┬À
        if (rhResult.rows.length === 0) {┬À
          return NextResponse.json(┬À
            { error: 'Usu├írio RH n├úo encontrado' },┬À
            { status: 404 }┬À
          );┬À
        }┬À┬À┬À
        const clinicaId = rhResult.rows[0].clinica_id;┬À┬À┬À
        // Verificar se todos os funcion├írios existem e pertencem ├á cl├¡nica┬À
        const placeholders = cpfs.map((_, i) => `$${i + 1}`).join(',');┬À
        const funcResult = await query(┬À
          `SELECT cpf, ativo FROM funcionarios WHERE cpf IN (${placeholders}) AND clinica_id = $${cpfs.length + 1}`,┬À
          [...cpfs, clinicaId]┬À
        );┬À┬À┬À
        if (funcResult.rows.length !== cpfs.length) {┬À
          return NextResponse.json(┬À
            {┬À
              error:┬À
                'Um ou mais funcion├írios n├úo foram encontrados ou n├úo pertencem ├á sua cl├¡nica',┬À
            },┬À
            { status: 404 }┬À
          );┬À
        }┬À┬À┬À
        // Filtrar apenas os que precisam ser atualizados┬À
        const funcionariosParaAtualizar = funcResult.rows.filter(┬À
          (func) => func.ativo !== ativo┬À
        );┬À┬À┬À
        if (funcionariosParaAtualizar.length === 0) {┬À
          return NextResponse.json({┬À
            success: true,┬À
            message: 'Todos os funcion├írios j├í est├úo no status desejado',┬À
          });┬À
        }┬À┬À┬À
        // Usar transa├º├úo para garantir atomicidade┬À
        await query('BEGIN');┬À┬À┬À
        try {┬À
          // Atualizar status dos funcion├írios┬À
          const updatePlaceholders = funcionariosParaAtualizar┬À
            .map((_, i) => `$${i + 1}`)┬À
            .join(',');┬À
          await query(┬À
            `UPDATE funcionarios SET ativo = $${funcionariosParaAtualizar.length + 1} WHERE cpf IN (${updatePlaceholders})`,┬À
            [...funcionariosParaAtualizar.map((f) => f.cpf), ativo]┬À
          );┬À┬À┬À
          // Para cada funcion├írio desativado, marcar avalia├º├Áes como inativadas┬À
          if (!ativo) {┬À
            for (const func of funcionariosParaAtualizar) {┬À
              const updateResult = await query(┬À
                'UPDATE avaliacoes SET status = $1 WHERE funcionario_cpf = $2 AND status != $3 RETURNING id',┬À
                [StatusAvaliacao.INATIVADA, func.cpf, StatusAvaliacao.CONCLUIDA]┬À
              );┬À
              console.log(┬À
                `[INFO] Inativadas ${updateResult.rowCount} avalia├º├Áes do funcion├írio ${func.cpf}`┬À
              );┬À
            }┬À
          }┬À┬À┬À
          // Atualizar status dos lotes afetados para cada funcion├írio┬À
          for (const func of funcionariosParaAtualizar) {┬À
            await updateLotesStatus(func.cpf);┬À
          }┬À┬À┬À
          await query('COMMIT');┬À┬À┬À
          return NextResponse.json({┬À
            success: true,┬À
            message: ativo┬À
              ? `${funcionariosParaAtualizar.length} funcion├írio(s) reativado(s) com sucesso.`┬À
              : `${funcionariosParaAtualizar.length} funcion├írio(s) desligado(s) da empresa. Avalia├º├Áes n├úo conclu├¡das foram marcadas como inativadas, mas dados e hist├│rico foram preservados.`,┬À
          });┬À
        } catch (error) {┬À
          await query('ROLLBACK');┬À
          throw error;┬À
        }┬À
      } catch (error) {┬À
        console.error('Erro na opera├º├úo em lote:', error);┬À
        return NextResponse.json(┬À
          { error: 'Erro interno do servidor' },┬À
          { status: 500 }┬À
        );┬À
      }┬À
    }┬À
    "

      39 |
      40 |       expect(content).not.toContain('emitirLaudoImediato');
    > 41 |       expect(content).toContain('REMOVIDO: Emiss├úo autom├ítica de laudo');
         |                       ^
      42 |
      43 |       // Ô£ô API RH Status Batch n├úo emite automaticamente
      44 |     });

      at Object.toContain (__tests__/emissor/validation-manual-emission-changes.test.ts:41:23)

  ÔùÅ Valida├º├úo de Mudan├ºas - Emiss├úo Manual ÔÇ║ 4. lib/laudo-auto - SEMPRE usa Puppeteer ÔÇ║ n├úo deve ter condicional NODE_ENV === test com jsPDF

    expect(received).toContain(expected) // indexOf

    Expected substring: "SEMPRE usar Puppeteer"
    Received string:    "import crypto from 'crypto';┬À
    import { query } from '@/lib/db';┬À
    import { getPuppeteerInstance } from '@/lib/infrastructure/pdf/generators/pdf-generator';┬À
    import {┬À
      gerarDadosGeraisEmpresa,┬À
      calcularScoresPorGrupo,┬À
      gerarInterpretacaoRecomendacoes,┬À
      gerarObservacoesConclusao,┬À
    } from '@/lib/laudo-calculos';┬À
    import {┬À
      gerarHTMLLaudoCompleto,┬À
      LaudoDadosCompletos,┬À
    } from '@/lib/templates/laudo-html';┬À┬À┬À
    /**┬À
     * ­ƒöÆ PRINC├ìPIO DA IMUTABILIDADE DE LAUDOS┬À
     *┬À
     * Esta fun├º├úo implementa o fluxo CORRETO de emiss├úo de laudos:┬À
     * 1. Criar/atualizar registro do laudo como 'rascunho'┬À
     * 2. Gerar PDF f├¡sico com Puppeteer┬À
     * 3. Salvar PDF em storage/laudos/laudo-{id}.pdf┬À
     * 4. Calcular hash SHA-256 do arquivo f├¡sico┬À
     * 5. SOMENTE ENT├âO marcar como 'emitido' com hash┬À
     * 6. Salvar metadata JSON┬À
     *┬À
     * ÔØî NUNCA marcar como 'emitido' sem arquivo PDF f├¡sico┬À
     * ÔØî NUNCA calcular hash de string aleat├│ria┬À
     * Ô£à SEMPRE: PDF f├¡sico ÔåÆ Hash ÔåÆ Status 'emitido'┬À
     */┬À
    export async function gerarLaudoCompletoEmitirPDF(┬À
      loteId: number,┬À
      emissorCpf: string┬À
    ): Promise<number> {┬À
      const fs = await import('fs');┬À
      const path = await import('path');┬À┬À┬À
      console.log(┬À
        `[EMISS├âO] Iniciando emiss├úo de laudo para lote ${loteId} por emissor ${emissorCpf}`┬À
      );┬À┬À┬À
      // ETAPA 1: Verificar se laudo j├í existe┬À
      const laudoExistente = await query(┬À
        `SELECT id, status FROM laudos WHERE lote_id = $1`,┬À
        [loteId]┬À
      );┬À┬À┬À
      const laudoId = loteId; // Por design, laudos.id = lote_id┬À┬À┬À
      if (laudoExistente.rows.length > 0) {┬À
        const status = laudoExistente.rows[0].status;┬À┬À┬À
        // Se laudo j├í est├í emitido ou enviado, n├úo permitir regera├º├úo (imutabilidade)┬À
        if (status === 'emitido' || status === 'enviado') {┬À
          throw new Error(┬À
            `Laudo ${laudoId} j├í foi emitido e n├úo pode ser regenerado (princ├¡pio da imutabilidade)`┬À
          );┬À
        }┬À┬À┬À
        // Se est├í em rascunho, podemos atualizar┬À
        if (status === 'rascunho') {┬À
          console.log(┬À
            `[EMISS├âO] "

       95 |         "if (process.env.NODE_ENV === 'test')"
       96 |       );
    >  97 |       expect(pdfGenerationSection).toContain('SEMPRE usar Puppeteer');
          |                                    ^
       98 |
       99 |       // Ô£ô lib/laudo-auto sempre usa Puppeteer
      100 |     });

      at Object.toContain (__tests__/emissor/validation-manual-emission-changes.test.ts:97:36)

  ÔùÅ Valida├º├úo de Mudan├ºas - Emiss├úo Manual ÔÇ║ 4. lib/laudo-auto - SEMPRE usa Puppeteer ÔÇ║ deve ter coment├írio sobre uso exclusivo de Puppeteer

    expect(received).toContain(expected) // indexOf

    Expected substring: "SEMPRE usar Puppeteer para gera├º├úo de PDF"
    Received string:    "import crypto from 'crypto';┬À
    import { query } from '@/lib/db';┬À
    import { getPuppeteerInstance } from '@/lib/infrastructure/pdf/generators/pdf-generator';┬À
    import {┬À
      gerarDadosGeraisEmpresa,┬À
      calcularScoresPorGrupo,┬À
      gerarInterpretacaoRecomendacoes,┬À
      gerarObservacoesConclusao,┬À
    } from '@/lib/laudo-calculos';┬À
    import {┬À
      gerarHTMLLaudoCompleto,┬À
      LaudoDadosCompletos,┬À
    } from '@/lib/templates/laudo-html';┬À┬À┬À
    /**┬À
     * ­ƒöÆ PRINC├ìPIO DA IMUTABILIDADE DE LAUDOS┬À
     *┬À
     * Esta fun├º├úo implementa o fluxo CORRETO de emiss├úo de laudos:┬À
     * 1. Criar/atualizar registro do laudo como 'rascunho'┬À
     * 2. Gerar PDF f├¡sico com Puppeteer┬À
     * 3. Salvar PDF em storage/laudos/laudo-{id}.pdf┬À
     * 4. Calcular hash SHA-256 do arquivo f├¡sico┬À
     * 5. SOMENTE ENT├âO marcar como 'emitido' com hash┬À
     * 6. Salvar metadata JSON┬À
     *┬À
     * ÔØî NUNCA marcar como 'emitido' sem arquivo PDF f├¡sico┬À
     * ÔØî NUNCA calcular hash de string aleat├│ria┬À
     * Ô£à SEMPRE: PDF f├¡sico ÔåÆ Hash ÔåÆ Status 'emitido'┬À
     */┬À
    export async function gerarLaudoCompletoEmitirPDF(┬À
      loteId: number,┬À
      emissorCpf: string┬À
    ): Promise<number> {┬À
      const fs = await import('fs');┬À
      const path = await import('path');┬À┬À┬À
      console.log(┬À
        `[EMISS├âO] Iniciando emiss├úo de laudo para lote ${loteId} por emissor ${emissorCpf}`┬À
      );┬À┬À┬À
      // ETAPA 1: Verificar se laudo j├í existe┬À
      const laudoExistente = await query(┬À
        `SELECT id, status FROM laudos WHERE lote_id = $1`,┬À
        [loteId]┬À
      );┬À┬À┬À
      const laudoId = loteId; // Por design, laudos.id = lote_id┬À┬À┬À
      if (laudoExistente.rows.length > 0) {┬À
        const status = laudoExistente.rows[0].status;┬À┬À┬À
        // Se laudo j├í est├í emitido ou enviado, n├úo permitir regera├º├úo (imutabilidade)┬À
        if (status === 'emitido' || status === 'enviado') {┬À
          throw new Error(┬À
            `Laudo ${laudoId} j├í foi emitido e n├úo pode ser regenerado (princ├¡pio da imutabilidade)`┬À
          );┬À
        }┬À┬À┬À
        // Se est├í em rascunho, podemos atualizar┬À
        if (status === 'rascunho') {┬À
          console.log(┬À
            `[EMISS├âO] Laudo ${laudoId} j├í existe em rascunho, atualizando emissor...`┬À
          );┬À
          await query(┬À
            `UPDATE laudos┬À┬À
             SET emissor_cpf = $1, atualizado_em = NOW()┬À
             WHERE id = $2`,┬À
            [emissorCpf, laudoId]┬À
          );┬À
        }┬À
      } else {┬À
        // Laudo n├úo existe, criar novo em rascunho┬À
        console.log(`[EMISS├âO] Criando novo laudo ${laudoId} em rascunho...`);┬À
        await query(┬À
          `INSERT INTO laudos (id, lote_id, status, criado_em, emissor_cpf)┬À
           VALUES ($1, $1, 'rascunho', NOW(), $2)`,┬À
          [loteId, emissorCpf]┬À
        );┬À
      }┬À┬À┬À
      console.log(`[EMISS├âO] Laudo ${laudoId} preparado como rascunho`);┬À┬À┬À
      try {┬À
        // ETAPA 2: Gerar dados completos do laudo┬À
        console.log(`[EMISS├âO] Gerando dados do laudo ${laudoId}...`);┬À
        const dadosGeraisEmpresa = await gerarDadosGeraisEmpresa(loteId);┬À
        const scoresPorGrupo = await calcularScoresPorGrupo(loteId);┬À
        const interpretacaoRecomendacoes = gerarInterpretacaoRecomendacoes(┬À
          dadosGeraisEmpresa.empresaAvaliada,┬À
          scoresPorGrupo┬À
        );┬À┬À┬À
        // Buscar observa├º├Áes do laudo┬À
        const laudoObsResult = await query(┬À
          `SELECT observacoes FROM laudos WHERE id = $1`,┬À
          [laudoId]┬À
        );┬À
        const observacoes = laudoObsResult.rows[0]?.observacoes || '';┬À
        const observacoesConclusao = gerarObservacoesConclusao(observacoes);┬À┬À┬À
        const laudoPadronizado: LaudoDadosCompletos = {┬À
          loteId,┬À
          etapa1: dadosGeraisEmpresa,┬À
          etapa2: scoresPorGrupo,┬À
          etapa3: interpretacaoRecomendacoes,┬À
          etapa4: observacoesConclusao,┬À
        };┬À┬À┬À
        // ETAPA 3: Gerar HTML do laudo┬À
        console.log(`[EMISS├âO] Gerando HTML do laudo ${laudoId}...`);┬À
        const html = gerarHTMLLaudoCompleto({ loteId, ...laudoPadronizado });┬À┬À┬À
        // ETAPA 4: Gerar PDF com Puppeteer┬À
        console.log(`[EMISS├âO] Gerando PDF do laudo ${laudoId}...`);┬À
        const puppeteer = await getPuppeteerInstance();┬À
        const browser = await puppeteer.launch({┬À
          headless: true,┬À
          args: [┬À
            '--no-sandbox',┬À
            '--disable-setuid-sandbox',┬À
            '--disable-dev-shm-usage',┬À
            '--disable-gpu',┬À
            '--disable-web-security',┬À
            '--disable-features=IsolateOrigins,site-per-process',┬À
          ],┬À
        });┬À┬À┬À
        const page = await (browser as any).newPage();┬À
        await page.setContent(html, { waitUntil: 'networkidle0' });┬À┬À┬À
        const pdfBuffer = await page.pdf({┬À
          format: 'A4',┬À
          printBackground: true,┬À
          margin: {┬À
            top: '20mm',┬À
            right: '15mm',┬À
            bottom: '20mm',┬À
            left: '15mm',┬À
          },┬À
        });┬À┬À┬À
        await browser.close();┬À
        console.log(┬À
          `[EMISS├âO] PDF gerado com sucesso (${pdfBuffer.byteLength} bytes)`┬À
        );┬À┬À┬À
        // ETAPA 5: Salvar PDF em storage/laudos/┬À
        const storageDir = path.join(process.cwd(), 'storage', 'laudos');┬À
        const fileName = `laudo-${laudoId}.pdf`;┬À
        const filePath = path.join(storageDir, fileName);┬À┬À┬À
        if (!fs.existsSync(storageDir)) {┬À
          fs.mkdirSync(storageDir, { recursive: true });┬À
          console.log(`[EMISS├âO] Diret├│rio ${storageDir} criado`);┬À
        }┬À┬À┬À
        fs.writeFileSync(filePath, Buffer.from(pdfBuffer));┬À
        console.log(`[EMISS├âO] PDF salvo em ${filePath}`);┬À┬À┬À
        // ETAPA 6: Calcular hash SHA-256 do arquivo f├¡sico┬À
        const hashReal = crypto┬À
          .createHash('sha256')┬À
          .update(Buffer.from(pdfBuffer))┬À
          .digest('hex');┬À
        console.log(`[EMISS├âO] Hash SHA-256 calculado: ${hashReal}`);┬À┬À┬À
        // ETAPA 7: Salvar hash E marcar como 'emitido'┬À
        // Ô£à CORRE├ç├âO: O laudo ├® considerado 'emitido' quando o PDF ├® gerado localmente┬À
        // O status mudar├í para 'enviado' quando for feito upload ao bucket┬À
        console.log(`[EMISS├âO] Salvando hash do PDF e marcando como emitido...`);┬À
        const updateResult = await query(┬À
          `UPDATE laudos┬À┬À
           SET hash_pdf = $1,┬À
               status = 'emitido',┬À
               emitido_em = NOW(),┬À
               atualizado_em = NOW()┬À
           WHERE id = $2 AND status = 'rascunho'┬À
           RETURNING id`,┬À
          [hashReal, laudoId]┬À
        );┬À┬À┬À
        if (!updateResult || updateResult.rowCount === 0) {┬À
          throw new Error(┬À
            'Falha ao salvar hash do laudo. Laudo pode j├í ter sido emitido.'┬À
          );┬À
        }┬À┬À┬À
        // ETAPA 8: Salvar metadata JSON┬À
        const metaFileName = `laudo-${laudoId}.json`;┬À
        const metaFilePath = path.join(storageDir, metaFileName);┬À
        const metadata = {┬À
          laudo_id: laudoId,┬À
          lote_id: loteId,┬À
          emissor_cpf: emissorCpf,┬À
          gerado_em: new Date().toISOString(),┬À
          arquivo_local: fileName,┬À
          tamanho_bytes: pdfBuffer.byteLength,┬À
          hash_sha256: hashReal,┬À
        };┬À
        fs.writeFileSync(metaFilePath, JSON.stringify(metadata, null, 2));┬À
        console.log(`[EMISS├âO] Metadata salvo em ${metaFilePath}`);┬À┬À┬À
        console.log(┬À
          `[EMISS├âO] Ô£à Laudo ${laudoId} emitido com sucesso! PDF gerado localmente e marcado como 'emitido'. Use /api/emissor/laudos/[loteId]/upload para enviar ao bucket.`┬À
        );┬À
        return laudoId;┬À
      } catch (error) {┬À
        // Se falhou, reverter para rascunho┬À
        console.error(`[EMISS├âO] ÔØî Erro ao gerar laudo ${laudoId}:`, error);┬À
        await query(┬À
          `UPDATE laudos┬À┬À
           SET status = 'rascunho',┬À
               hash_pdf = NULL,┬À
               emitido_em = NULL,┬À
               atualizado_em = NOW()┬À
           WHERE id = $1`,┬À
          [laudoId]┬À
        );┬À
        throw error;┬À
      }┬À
    }┬À┬À┬À
    export function emitirLaudosAutomaticamente(): Promise<void> {┬À
      throw new Error('emitirLaudosAutomaticamente n├úo implementado (stub)');┬À
    }┬À┬À┬À
    export function emitirLaudoImediato(): Promise<void> {┬À
      throw new Error('emitirLaudoImediato n├úo implementado (stub)');┬À
    }┬À
    "

      104 |       const content = fs.readFileSync(libPath, 'utf-8');
      105 |
    > 106 |       expect(content).toContain('SEMPRE usar Puppeteer para gera├º├úo de PDF');
          |                       ^
      107 |
      108 |       // Ô£ô Coment├írio sobre Puppeteer exclusivo presente
      109 |     });

      at Object.toContain (__tests__/emissor/validation-manual-emission-changes.test.ts:106:23)

  ÔùÅ Valida├º├úo de Mudan├ºas - Emiss├úo Manual ÔÇ║ 5. Endpoint de Solicita├º├úo Manual - N├úo emite automaticamente ÔÇ║ deve informar que laudo ser├í gerado pelo emissor

    expect(received).toContain(expected) // indexOf

    Expected substring: "ser├í gerado pelo emissor"
    Received string:    "/**┬À
     * API: Solicitar Emiss├úo Manual de Laudo┬À
     *┬À
     * Endpoint: POST /api/lotes/[loteId]/solicitar-emissao┬À
     *┬À
     * Descri├º├úo: Permite que RH (cl├¡nicas) e Entidades solicitem a emiss├úo┬À
     * manual do laudo ap├│s o lote entrar em estado 'concluido'.┬À
     *┬À
     * ÔÜá´©Å IMPORTANTE: Esta API N├âO emite o laudo automaticamente!┬À
     * Ela apenas REGISTRA a solicita├º├úo. O laudo ser├í emitido manualmente┬À
     * pelo emissor quando ele clicar em \"Gerar Laudo\" no dashboard.┬À
     *┬À
     * Fluxo correto:┬À
     * 1. RH/Entidade solicita emiss├úo (este endpoint)┬À
     * 2. Lote fica dispon├¡vel no dashboard do emissor┬À
     * 3. Emissor revisa e clica em \"Gerar Laudo\"┬À
     * 4. Sistema chama POST /api/emissor/laudos/[loteId]┬À
     * 5. Laudo ├® gerado com status 'emitido' (n├úo 'enviado')┬À
     * 6. Emissor revisa e clica em \"Enviar\"┬À
     * 7. Sistema chama PATCH /api/emissor/laudos/[loteId]┬À
     * 8. Laudo ├® marcado como 'enviado'┬À
     *┬À
     * Seguran├ºa:┬À
     * - RH: Valida acesso ├á empresa do lote┬À
     * - Entidade: Valida tomador_id┬À
     * - Bloqueia se laudo j├í foi emitido┬À
     * - Advisory lock previne race conditions┬À
     */┬À┬À┬À
    import { NextResponse } from 'next/server';┬À
    import { requireAuth, requireRHWithEmpresaAccess } from '@/lib/session';┬À
    import { query } from '@/lib/db';┬À┬À┬À
    export async function POST(┬À
      request: Request,┬À
      { params }: { params: { loteId: string } }┬À
    ) {┬À
      try {┬À
        // 1. Autentica├º├úo b├ísica┬À
        const user = await requireAuth();┬À
        const loteId = parseInt(params.loteId);┬À┬À┬À
        if (isNaN(loteId)) {┬À
          return NextResponse.json(┬À
            { error: 'ID de lote inv├ílido' },┬À
            { status: 400 }┬À
          );┬À
        }┬À┬À┬À
        console.log(┬À
          `[INFO] Solicita├º├úo de emiss├úo manual para lote ${loteId} por ${user.cpf} (${user.perfil})`┬À
        );┬À┬À┬À
        // 2. Buscar informa├º├Áes do lote┬À
        const loteResult = await query(┬À
          `SELECT┬À┬À
            id,┬À
            status,┬À┬À
            clinica_id,┬À┬À
            empresa_id,┬À┬À
            entidade_id,┬À┬À
            emitido_em┬À
          FROM lotes_avaliacao┬À┬À
          WHERE id = $1`,┬À
          [loteId]┬À
        );┬À┬À┬À
        if (loteResult.rows.length === 0) {┬À
          return NextResponse.json(┬À
            { error: 'Lote n├úo encontrado' },┬À
            { status: 404 }┬À
          );┬À
        }┬À┬À┬À
        const lote = loteResult.rows[0];┬À┬À┬À
        // 3. Validar permiss├Áes baseado no tipo de lote┬À
        if (lote.clinica_id && user.perfil === 'rh') {┬À
          // Lote de cl├¡nica - validar acesso ├á empresa┬À
          try {┬À
            await requireRHWithEmpresaAccess(lote.empresa_id);┬À
          } catch {┬À
            console.warn(┬À
              `[WARN] RH ${user.cpf} tentou solicitar emiss├úo de lote sem permiss├úo (empresa_id: ${lote.empresa_id})`┬À
            );┬À
            return NextResponse.json(┬À
              { error: 'Sem permiss├úo para este lote' },┬À
              { status: 403 }┬À
            );┬À
          }┬À
        } else if (lote.entidade_id && user.perfil === 'gestor') {┬À
          // Lote de entidade - validar entidade_id┬À
          // O user j├í vem autenticado com entidade_id do requireAuth()┬À
          if (user.entidade_id !== lote.entidade_id) {┬À
            console.warn(┬À
              `[WARN] Entidade ${user.cpf} tentou solicitar emiss├úo de lote de outra entidade (lote: ${lote.entidade_id}, user: ${user.entidade_id})`┬À
            );┬À
            return NextResponse.json(┬À
              { error: 'Sem permiss├úo para este lote' },┬À
              { status: 403 }┬À
            );┬À
          }┬À
        } else {┬À
          // Perfil n├úo autorizado┬À
          return NextResponse.json(┬À
            {┬À
              error: `Perfil '${user.perfil}' n├úo pode solicitar emiss├úo de laudos`,┬À
            },┬À
            { status: 403 }┬À
          );┬À
        }┬À┬À┬À
        // 4. Validar status do lote┬À
        if (lote.status !== 'concluido') {┬À
          return NextResponse.json(┬À
            {┬À
              error: `Lote n├úo est├í conclu├¡do. Status atual: ${lote.status}`,┬À
            },┬À
            { status: 400 }┬À
          );┬À
        }┬À┬À┬À
        // 5. Validar que laudo n├úo foi emitido┬À
        if (lote.emitido_em) {┬À
          return NextResponse.json(┬À
            {┬À
              error: 'Laudo j├í foi emitido para este lote',┬À
              emitido_em: lote.emitido_em,┬À
            },┬À
            { status: 400 }┬À
          );┬À
        }┬À┬À┬À
        // 6. Verificar se j├í existe laudo enviado┬À
        const laudoExistente = await query(┬À
          `SELECT id, status, emitido_em┬À┬À
           FROM laudos┬À┬À
           WHERE lote_id = $1`,┬À
          [loteId]┬À
        );┬À┬À┬À
        if (┬À
          laudoExistente.rows.length > 0 &&┬À
          laudoExistente.rows[0].status === 'enviado'┬À
        ) {┬À
          return NextResponse.json(┬À
            {┬À
              error: 'Laudo j├í foi enviado para este lote',┬À
              laudo_id: laudoExistente.rows[0].id,┬À
            },┬À
            { status: 400 }┬À
          );┬À
        }┬À┬À┬À
        // 7. Adicionar ├á fila e emitir (com lock para prevenir duplica├º├úo)┬À
        await query('BEGIN');┬À┬À┬À
        try {┬À
          // Advisory lock para prevenir race condition┬À
          await query('SELECT pg_advisory_xact_lock($1)', [loteId]);┬À
          console.log(`[INFO] Advisory lock adquirido para lote ${loteId}`);┬À┬À┬À
          // 8. Registrar solicita├º├úo de emiss├úo em auditoria_laudos┬À
          // (substituiu a antiga fila_emissao - migration 201)┬À
          // Usar INSERT com verifica├º├úo pr├®via otimizada (migration 202)┬À
          // Normalizar `tipo_solicitante` para satisfazer CHECK constraints┬À
          const tipoSolicitante = user.perfil === 'rh' ? 'rh' : 'gestor';┬À┬À┬À
          const insertResult = await query(┬À
            `WITH existing AS (┬À
               SELECT id, tentativas┬À
               FROM auditoria_laudos┬À
               WHERE lote_id = $1┬À
                 AND acao = 'solicitar_emissao'┬À
                 AND solicitado_por = $2┬À
                 AND status IN ('pendente', 'reprocessando')┬À
               FOR UPDATE SKIP LOCKED┬À
               LIMIT 1┬À
             ),┬À
             updated AS (┬À
               UPDATE auditoria_laudos┬À
               SET tentativas = tentativas + 1,┬À
                   criado_em = NOW()┬À
               WHERE id = (SELECT id FROM existing)┬À
               RETURNING id, tentativas, TRUE as is_update┬À
             ),┬À
             inserted AS (┬À
               INSERT INTO auditoria_laudos (┬À
                 lote_id,┬À
                 acao,┬À
                 status,┬À
                 solicitado_por,┬À
                 tipo_solicitante,┬À
                 criado_em┬À
               )┬À
               SELECT $1, 'solicitar_emissao', 'pendente', $2, $3, NOW()┬À
               WHERE NOT EXISTS (SELECT 1 FROM existing)┬À
               RETURNING id, tentativas, FALSE as is_update┬À
             )┬À
             SELECT * FROM updated┬À
             UNION ALL┬À
             SELECT * FROM inserted`,┬À
            [loteId, user.cpf, tipoSolicitante]┬À
          );┬À┬À┬À
          const result = insertResult.rows[0];┬À
          if (result?.is_update) {┬À
            console.log(┬À
              `[INFO] Solicita├º├úo duplicada atualizada para lote ${loteId} (tentativa #${result.tentativas})`┬À
            );┬À
          } else {┬À
            console.log(`[INFO] Nova solicita├º├úo registrada para lote ${loteId}`);┬À
          }┬À┬À┬À
          // 9. Atualizar lote com status de pagamento (NOVO FLUXO)┬À
          await query(┬À
            `UPDATE lotes_avaliacao┬À
             SET status_pagamento = 'aguardando_cobranca',┬À
                 solicitacao_emissao_em = NOW(),┬À
                 atualizado_em = NOW()┬À
             WHERE id = $1`,┬À
            [loteId]┬À
          );┬À┬À┬À
          console.log(┬À
            `[INFO] Lote ${loteId} marcado como aguardando cobran├ºa - novo fluxo de pagamento`┬À
          );┬À┬À┬À
          // 10. Criar notifica├º├úo para ADMIN sobre solicita├º├úo de cobran├ºa┬À
          // TODO: Ajustar para usar destinatario_cpf/destinatario_tipo ao inv├®s de destinatario_role┬À
          /*┬À
          await query(┬À
            `INSERT INTO notificacoes (┬À
               tipo,┬À┬À
               prioridade,┬À┬À
               destinatario_role,┬À
               titulo,┬À┬À
               mensagem,┬À
               lote_id,┬À
               dados_contexto┬À
             )┬À
             VALUES (┬À
               'solicitacao_emissao'::tipo_notificacao,┬À
               'alta'::prioridade_notificacao,┬À
               'admin',┬À
               $1,┬À
               $2,┬À
               $3,┬À
               jsonb_build_object(┬À
                 'solicitante_cpf', $4::text,┬À
                 'solicitante_nome', $5::text,┬À
                 'solicitante_tipo', $6::text,┬À
                 'clinica_id', $7,┬À
                 'empresa_id', $8,┬À
                 'entidade_id', $9┬À
               )┬À
             )`,┬À
            [┬À
              'Nova solicita├º├úo de emiss├úo',┬À
              `${user.perfil === 'rh' ? 'Cl├¡nica' : 'Entidade'} solicitou emiss├úo de laudo para lote #${loteId}`,┬À
              loteId,┬À
              user.cpf,┬À
              user.nome,┬À
              user.perfil,┬À
              lote.clinica_id,┬À
              lote.empresa_id,┬À
              lote.entidade_id,┬À
            ]┬À
          );┬À
          */┬À
          console.log('[INFO] Notifica├º├úo para admin temporariamente desabilitada');┬À┬À┬À
          // 11. Criar notifica├º├úo de sucesso para o solicitante┬À
          let destinatarioTipo: string = user.perfil;┬À
          if (user.perfil === 'rh') {┬À
            destinatarioTipo = 'funcionario';┬À
          } else if (user.perfil === 'gestor') {┬À
            destinatarioTipo = 'gestor';┬À
          }┬À┬À┬À
          await query(┬À
            `INSERT INTO notificacoes (┬À
               tipo,┬À┬À
               prioridade,┬À┬À
               destinatario_cpf,┬À┬À
               destinatario_tipo,┬À┬À
               titulo,┬À┬À
               mensagem,┬À
               dados_contexto┬À
             )┬À
             VALUES (┬À
               'emissao_solicitada_sucesso'::tipo_notificacao,┬À
               'media'::prioridade_notificacao,┬À
               $1,┬À
               $2,┬À
               $3,┬À
               $4,┬À
               jsonb_build_object('lote_id', $5::integer)┬À
             )`,┬À
            [┬À
              user.cpf,┬À
              destinatarioTipo,┬À
              'Solicita├º├úo de emiss├úo enviada',┬À
              `Solicita├º├úo enviada para lote #${loteId}. Aguarde o link de pagamento.`,┬À
              loteId,┬À
            ]┬À
          );┬À┬À┬À
          // COMMIT apenas ap├│s notifica├º├Áes criadas com sucesso┬À
          await query('COMMIT');┬À┬À┬À
          console.log(┬À
            `[INFO] Ô£ô Solicita├º├úo de emiss├úo registrada com sucesso para lote ${loteId}`┬À
          );┬À┬À┬À
          // Buscar dados de contato do gestor para exibir na modal de confirma├º├úo (p├│s-commit)┬À
          let gestorContato: { email: string | null; celular: string | null } = {┬À
            email: null,┬À
            celular: null,┬À
          };┬À
          try {┬À
            if (user.perfil === 'gestor') {┬À
              const contatoResult = await query(┬À
                `SELECT responsavel_email AS email, responsavel_celular AS celular┬À
                 FROM tomadores WHERE responsavel_cpf = $1 LIMIT 1`,┬À
                [user.cpf]┬À
              );┬À
              if (contatoResult.rows.length > 0) {┬À
                gestorContato = {┬À
                  email: contatoResult.rows[0].email || null,┬À
                  celular: contatoResult.rows[0].celular || null,┬À
                };┬À
              }┬À
            } else if (user.perfil === 'rh') {┬À
              const contatoResult = await query(┬À
                `SELECT email, celular FROM funcionarios WHERE cpf = $1 LIMIT 1`,┬À
                [user.cpf]┬À
              );┬À
              if (contatoResult.rows.length > 0) {┬À
                gestorContato = {┬À
                  email: contatoResult.rows[0].email || null,┬À
                  celular: contatoResult.rows[0].celular || null,┬À
                };┬À
              }┬À
            }┬À
          } catch {┬À
            // Falha ao buscar dados de contato n├úo impede a resposta┬À
          }┬À┬À┬À
          return NextResponse.json({┬À
            success: true,┬À
            message:┬À
              'Solicita├º├úo enviada com sucesso. Aguarde o link de pagamento.',┬À
            lote: {┬À
              id: lote.id,┬À
              status_pagamento: 'aguardando_cobranca',┬À
            },┬À
            gestor_contato: gestorContato,┬À
          });┬À
        } catch (emissaoError) {┬À
          await query('ROLLBACK');┬À┬À┬À
          console.error(┬À
            `[ERROR] Exce├º├úo ao registrar solicita├º├úo de emiss├úo para lote ${loteId}:`,┬À
            emissaoError┬À
          );┬À┬À┬À
          // Registrar erro no sistema (incluir `titulo` que ├® NOT NULL)┬À
          const tituloNotificacao = 'Erro ao registrar solicita├º├úo de emiss├úo';┬À
          const mensagemNotificacao = `Erro ao registrar solicita├º├úo de emiss├úo do lote ${loteId}: ${┬À
            emissaoError instanceof Error┬À
              ? emissaoError.message┬À
              : String(emissaoError)┬À
          }`;┬À┬À┬À
          await query(┬À
            `INSERT INTO notificacoes_admin (tipo, titulo, mensagem, lote_id, criado_em)┬À
             VALUES ('erro_critico_solicitacao_emissao', $1, $2, $3, NOW())`,┬À
            [tituloNotificacao, mensagemNotificacao, loteId]┬À
          );┬À┬À┬À
          return NextResponse.json(┬À
            {┬À
              error: 'Erro ao solicitar emiss├úo do laudo',┬À
              details:┬À
                emissaoError instanceof Error┬À
                  ? emissaoError.message┬À
                  : 'Erro desconhecido',┬À
            },┬À
            { status: 500 }┬À
          );┬À
        }┬À
      } catch (error) {┬À
        console.error('[ERROR] Erro no endpoint de solicita├º├úo de emiss├úo:', error);┬À┬À┬À
        return NextResponse.json(┬À
          {┬À
            error: 'Erro interno no servidor',┬À
            details: error instanceof Error ? error.message : 'Erro desconhecido',┬À
          },┬À
          { status: 500 }┬À
        );┬À
      }┬À
    }┬À
    "

      136 |       const content = fs.readFileSync(routePath, 'utf-8');
      137 |
    > 138 |       expect(content).toContain('ser├í gerado pelo emissor');
          |                       ^
      139 |       expect(content).toContain('Lote fica dispon├¡vel no dashboard do emissor');
      140 |
      141 |       // Ô£ô Mensagem correta sobre emiss├úo pelo emissor

      at Object.toContain (__tests__/emissor/validation-manual-emission-changes.test.ts:138:23)

FAIL __tests__/integration/isolamento-entidade-clinica.test.ts
  ÔùÅ Console

    console.log
      [dotenv@17.2.3] injecting env (0) from .env.test -- tip: ÔÜÖ´©Å  write to custom object with { processEnv: myObject }

      at _log (node_modules/.pnpm/dotenv@17.2.3/node_modules/dotenv/lib/main.js:142:11)

    console.log
      ­ƒøí´©Å [jest.setup] Removendo DATABASE_URL do ambiente de testes (valor n├úo importa)

      at Object.<anonymous> (__tests__/config/jest.setup.js:125:17)

    console.log
      ­ƒøí´©Å [jest.setup] Prote├º├úo do banco de testes ativada - usando: nr-bps_db_test

      at Object.<anonymous> (__tests__/config/jest.setup.js:150:13)

    console.log
      ­ƒöî [lib/db.ts] Conectado ao banco: nr-bps_db_test @ localhost (ambiente: test)

      at Object.log (lib/db.ts:673:15)

  ÔùÅ Isolamento: Funcion├írios Entidade vs Cl├¡nica ÔÇ║ Ô£à Funcion├írio de entidade N├âO aparece em query de cl├¡nica/empresa

    error: rela├º├úo "tomadors" n├úo existe

      487 |         // No session: just execute the query normally
      488 |         try {
    > 489 |           const result = await client.query(text, params);
          |                          ^
      490 |           const duration = Date.now() - start;
      491 |
      492 |           // Log apenas queries lentas (>500ms)

      at node_modules/.pnpm/pg@8.16.3/node_modules/pg/lib/client.js:545:17
      at query (lib/db.ts:489:26)
      at Object.<anonymous> (__tests__/integration/isolamento-entidade-clinica.test.ts:17:24)

  ÔùÅ Isolamento: Funcion├írios Entidade vs Cl├¡nica ÔÇ║ Ô£à Funcion├írio de cl├¡nica N├âO aparece em query de entidade

    error: rela├º├úo "tomadors" n├úo existe

      487 |         // No session: just execute the query normally
      488 |         try {
    > 489 |           const result = await client.query(text, params);
          |                          ^
      490 |           const duration = Date.now() - start;
      491 |
      492 |           // Log apenas queries lentas (>500ms)

      at node_modules/.pnpm/pg@8.16.3/node_modules/pg/lib/client.js:545:17
      at query (lib/db.ts:489:26)
      at Object.<anonymous> (__tests__/integration/isolamento-entidade-clinica.test.ts:17:24)

  ÔùÅ Isolamento: Funcion├írios Entidade vs Cl├¡nica ÔÇ║ Ô£à Constraint permite funcion├írio com tomador_id (sem empresa/clinica)

    error: rela├º├úo "tomadors" n├úo existe

      487 |         // No session: just execute the query normally
      488 |         try {
    > 489 |           const result = await client.query(text, params);
          |                          ^
      490 |           const duration = Date.now() - start;
      491 |
      492 |           // Log apenas queries lentas (>500ms)

      at node_modules/.pnpm/pg@8.16.3/node_modules/pg/lib/client.js:545:17
      at query (lib/db.ts:489:26)
      at Object.<anonymous> (__tests__/integration/isolamento-entidade-clinica.test.ts:17:24)

  ÔùÅ Isolamento: Funcion├írios Entidade vs Cl├¡nica ÔÇ║ Ô£à Constraint permite funcion├írio com empresa_id+clinica_id (sem tomador)

    error: rela├º├úo "tomadors" n├úo existe

      487 |         // No session: just execute the query normally
      488 |         try {
    > 489 |           const result = await client.query(text, params);
          |                          ^
      490 |           const duration = Date.now() - start;
      491 |
      492 |           // Log apenas queries lentas (>500ms)

      at node_modules/.pnpm/pg@8.16.3/node_modules/pg/lib/client.js:545:17
      at query (lib/db.ts:489:26)
      at Object.<anonymous> (__tests__/integration/isolamento-entidade-clinica.test.ts:17:24)

  ÔùÅ Isolamento: Funcion├írios Entidade vs Cl├¡nica ÔÇ║ ÔØî Constraint REJEITA funcion├írio sem tomador_id nem clinica_id (exceto perfis especiais)

    error: rela├º├úo "tomadors" n├úo existe

      487 |         // No session: just execute the query normally
      488 |         try {
    > 489 |           const result = await client.query(text, params);
          |                          ^
      490 |           const duration = Date.now() - start;
      491 |
      492 |           // Log apenas queries lentas (>500ms)

      at node_modules/.pnpm/pg@8.16.3/node_modules/pg/lib/client.js:545:17
      at query (lib/db.ts:489:26)
      at Object.<anonymous> (__tests__/integration/isolamento-entidade-clinica.test.ts:17:24)


  ÔùÅ Test suite failed to run

    error: rela├º├úo "tomadors" n├úo existe

      487 |         // No session: just execute the query normally
      488 |         try {
    > 489 |           const result = await client.query(text, params);
          |                          ^
      490 |           const duration = Date.now() - start;
      491 |
      492 |           // Log apenas queries lentas (>500ms)

      at node_modules/.pnpm/pg@8.16.3/node_modules/pg/lib/client.js:545:17
      at query (lib/db.ts:489:26)
      at Object.<anonymous> (__tests__/integration/isolamento-entidade-clinica.test.ts:95:5)

FAIL __tests__/db-security-fix-validation.test.ts
  ÔùÅ Console

    console.log
      [dotenv@17.2.3] injecting env (0) from .env.test -- tip: ­ƒöÉ prevent building .env in docker: https://dotenvx.com/prebuild

      at _log (node_modules/.pnpm/dotenv@17.2.3/node_modules/dotenv/lib/main.js:142:11)

    console.log
      ­ƒøí´©Å [jest.setup] Removendo DATABASE_URL do ambiente de testes (valor n├úo importa)

      at Object.<anonymous> (__tests__/config/jest.setup.js:125:17)

    console.log
      ­ƒøí´©Å [jest.setup] Prote├º├úo do banco de testes ativada - usando: nr-bps_db_test

      at Object.<anonymous> (__tests__/config/jest.setup.js:150:13)

  ÔùÅ lib/db-security.ts - transactionWithContext Fix ÔÇ║ Fix 1: Removeu redundante clinica_id query em transactionWithContext ÔÇ║ n├úo deve ter SELECT ... FROM funcionarios ... JOIN empresas_clientes em transactionWithContext

    expect(received).toBe(expected) // Object.is equality

    Expected: false
    Received: true

      51 |         'JOIN empresas_clientes'
      52 |       );
    > 53 |       expect(hasRedundantQuery).toBe(false);
         |                                 ^
      54 |     });
      55 |
      56 |     it('n├úo deve ter (SELECT ... WHERE f.cpf = $1 em transactionWithContext', () => {

      at Object.toBe (__tests__/db-security-fix-validation.test.ts:53:33)

  ÔùÅ lib/db-security.ts - transactionWithContext Fix ÔÇ║ Fix 1: Removeu redundante clinica_id query em transactionWithContext ÔÇ║ n├úo deve ter (SELECT ... WHERE f.cpf = $1 em transactionWithContext

    expect(received).toBe(expected) // Object.is equality

    Expected: false
    Received: true

      58 |       const hasOldPattern =
      59 |         transactionWithContextFn.includes('WHERE f.cpf = $1');
    > 60 |       expect(hasOldPattern).toBe(false);
         |                             ^
      61 |     });
      62 |   });
      63 |

      at Object.toBe (__tests__/db-security-fix-validation.test.ts:60:29)

  ÔùÅ lib/db-security.ts - transactionWithContext Fix ÔÇ║ Fix 2: Usa session.clinica_id diretamente em transactionWithContext ÔÇ║ deve referenciar session.clinica_id

    expect(received).toBe(expected) // Object.is equality

    Expected: true
    Received: false

      67 |       const hasSessionReference =
      68 |         transactionWithContextFn.includes('session.clinica_id');
    > 69 |       expect(hasSessionReference).toBe(true);
         |                                   ^
      70 |     });
      71 |
      72 |     it('deve usar set_config com clinica_id da sess├úo', () => {

      at Object.toBe (__tests__/db-security-fix-validation.test.ts:69:35)

  ÔùÅ lib/db-security.ts - transactionWithContext Fix ÔÇ║ Fix 2: Usa session.clinica_id diretamente em transactionWithContext ÔÇ║ deve usar set_config com clinica_id da sess├úo

    expect(received).toBe(expected) // Object.is equality

    Expected: true
    Received: false

      79 |         "'app.current_user_clinica_id'"
      80 |       );
    > 81 |       expect(hasConfigCall).toBe(true);
         |                             ^
      82 |     });
      83 |   });
      84 |

      at Object.toBe (__tests__/db-security-fix-validation.test.ts:81:29)

  ÔùÅ lib/db-security.ts - transactionWithContext Fix ÔÇ║ Fix 3: Valida├º├úo de formato mantida ÔÇ║ deve validar que clinica_id ├® num├®rico

    expect(received).toBe(expected) // Object.is equality

    Expected: true
    Received: false

      88 |       const hasNumericValidation =
      89 |         transactionWithContextFn.includes('/^\\d+$/');
    > 90 |       expect(hasNumericValidation).toBe(true);
         |                                    ^
      91 |     });
      92 |
      93 |     it('deve lan├ºar erro se clinica_id tem formato inv├ílido', () => {

      at Object.toBe (__tests__/db-security-fix-validation.test.ts:90:36)

  ÔùÅ lib/db-security.ts - transactionWithContext Fix ÔÇ║ Fix 4: RLS context variables ÔÇ║ deve definir app.current_user_clinica_id para RH

    expect(received).toBe(expected) // Object.is equality

    Expected: true
    Received: false

      118 |         'app.current_user_clinica_id'
      119 |       );
    > 120 |       expect(hasConfigClinica).toBe(true);
          |                                ^
      121 |     });
      122 |   });
      123 |

      at Object.toBe (__tests__/db-security-fix-validation.test.ts:120:32)

  ÔùÅ lib/db-security.ts - transactionWithContext Fix ÔÇ║ Fix 5: Padr├úo de transa├º├úo mantido ÔÇ║ deve ter try-catch para rollback de erros

    expect(received).toBe(expected) // Object.is equality

    Expected: true
    Received: false

      128 |         transactionWithContextFn.includes('catch') &&
      129 |         transactionWithContextFn.includes('ROLLBACK');
    > 130 |       expect(hasTryCatch).toBe(true);
          |                           ^
      131 |     });
      132 |
      133 |     it('deve chamar callback com query', () => {

      at Object.toBe (__tests__/db-security-fix-validation.test.ts:130:27)

  ÔùÅ lib/db-security.ts - transactionWithContext Fix ÔÇ║ Fix 5: Padr├úo de transa├º├úo mantido ÔÇ║ deve fazer COMMIT se n├úo houver erro

    expect(received).toBe(expected) // Object.is equality

    Expected: true
    Received: false

      138 |     it('deve fazer COMMIT se n├úo houver erro', () => {
      139 |       const hasCommit = transactionWithContextFn.includes('COMMIT');
    > 140 |       expect(hasCommit).toBe(true);
          |                         ^
      141 |     });
      142 |   });
      143 |

      at Object.toBe (__tests__/db-security-fix-validation.test.ts:140:25)

FAIL __tests__/components/ModalCadastrotomador.contractAcceptance.test.tsx (8.831 s)
  ÔùÅ Console

    console.log
      [dotenv@17.2.3] injecting env (0) from .env.test -- tip: ÔÜÖ´©Å  suppress all logs with { quiet: true }

      at _log (node_modules/.pnpm/dotenv@17.2.3/node_modules/dotenv/lib/main.js:142:11)

    console.log
      ­ƒøí´©Å [jest.setup] Removendo DATABASE_URL do ambiente de testes (valor n├úo importa)

      at Object.<anonymous> (__tests__/config/jest.setup.js:125:17)

    console.log
      ­ƒøí´©Å [jest.setup] Prote├º├úo do banco de testes ativada - usando: nr-bps_db_test

      at Object.<anonymous> (__tests__/config/jest.setup.js:150:13)

  ÔùÅ ModalCadastrotomador - aceite do contrato habilita bot├úo Pr├│ximo ÔÇ║ bloqueia Pr├│ximo na etapa contrato at├® aceitar os termos

    Unable to find an element with the text: Plano Teste. This could be because the text is broken up by multiple elements. In this case, you can provide a function for your text matcher to make your matcher more flexible.

    Ignored nodes: comments, script, style
    <body>
      <div>
        <div
          class="fixed inset-0 bg-black bg-opacity-50 flex items-center justify-center z-50 p-4"
        >
          <div
            class="bg-white rounded-lg shadow-xl max-w-2xl w-full max-h-[90vh] overflow-y-auto"
          >
            <div
              class="flex justify-between items-center p-6 border-b"
            >
              <div
                class="flex items-center gap-4"
              >
                <div
                  class="flex-shrink-0"
                >
                  <div
                    class="flex flex-col items-center justify-center "
                  >
                    <div
                      class="w-8 h-8 flex items-center justify-center"
                    >
                      <img
                        alt="QWork"
                        class="w-full h-full object-contain"
                        data-nimg="1"
                        decoding="async"
                        height="48"
                        src="data:image/png;base64,iVBORw0KGgoAAAANSUhEUgAABEsAAAGnCAYAAABPZtklAAAKN2lDQ1BzUkdCIElFQzYxOTY2LTIuMQAAeJydlndUU9kWh8+9N71QkhCKlNBraFICSA29SJEuKjEJEErAkAAiNkRUcERRkaYIMijggKNDkbEiioUBUbHrBBlE1HFwFBuWSWStGd+8ee/Nm98f935rn73P3Wfvfda6AJD8gwXCTFgJgAyhWBTh58WIjYtnYAcBDPAAA2wA4HCzs0IW+EYCmQJ82IxsmRP4F726DiD5+yrTP4zBAP+flLlZIjEAUJiM5/L42VwZF8k4PVecJbdPyZi2NE3OMErOIlmCMlaTc/IsW3z2mWUPOfMyhDwZy3PO4mXw5Nwn4405Er6MkWAZF+cI+LkyviZjg3RJhkDGb+SxGXxONgAoktwu5nNTZGwtY5IoMoIt43kA4EjJX/DSL1jMzxPLD8XOzFouEiSniBkmXFOGjZMTi+HPz03ni8XMMA43jSPiMdiZGVkc4XIAZs/8WRR5bRmyIjvYODk4MG0tbb4o1H9d/JuS93aWXoR/7hlEH/jD9ld+mQ0AsKZltdn6h21pFQBd6wFQu/2HzWAvAIqyvnUOfXEeunxeUsTiLGcrq9zcXEsBn2spL+jv+p8Of0NffM9Svt3v5WF485M4knQxQ143bmZ6pkTEyM7icPkM5p+H+B8H/nUeFhH8JL6IL5RFRMumTCBMlrVbyBOIBZlChkD4n5r4D8P+pNm5lona+BHQllgCpSEaQH4eACgqESAJe2Qr0O99C8ZHA/nNi9GZmJ37z4L+fVe4TP7IFiR/jmNHRDK4ElHO7Jr8WgI0IABFQAPqQBvoAxPABLbAEbgAD+ADAkEoiARxYDHgghSQAUQgFxSAtaAYlIKtYCeoBnWgETSDNnAYdIFj4DQ4By6By2AE3AFSMA6egCnwCsxAEISFyBAVUod0IEPIHLKFWJAb5AMFQxFQHJQIJUNCSAIVQOugUqgcqobqoWboW+godBq6AA1Dt6BRaBL6FXoHIzAJpsFasBFsBbNgTzgIjoQXwcnwMjgfLoK3wJVwA3wQ7oRPw5fgEVgKP4GnEYAQETqiizARFsJGQpF4JAkRIauQEqQCaUDakB6kH7mKSJGnyFsUBkVFMVBMlAvKHxWF4qKWoVahNqOqUQdQnag+1FXUKGoK9RFNRmuizdHO6AB0LDoZnYsuRlegm9Ad6LPoEfQ4+hUGg6FjjDGOGH9MHCYVswKzGbMb0445hRnGjGGmsVisOtYc64oNxXKwYmwxtgp7EHsSewU7jn2DI+J0cLY4X1w8TogrxFXgWnAncFdwE7gZvBLeEO+MD8Xz8MvxZfhGfA9+CD+OnyEoE4wJroRIQiphLaGS0EY4S7hLeEEkEvWITsRwooC4hlhJPEQ8TxwlviVRSGYkNimBJCFtIe0nnSLdIr0gk8lGZA9yPFlM3kJuJp8h3ye/UaAqWCoEKPAUVivUKHQqXFF4pohXNFT0VFysmK9YoXhEcUjxqRJeyUiJrcRRWqVUo3RU6YbStDJV2UY5VDlDebNyi/IF5UcULMWI4kPhUYoo+yhnKGNUhKpPZVO51HXURupZ6jgNQzOmBdBSaaW0b2iDtCkVioqdSrRKnkqNynEVKR2hG9ED6On0Mvph+nX6O1UtVU9Vvuom1TbVK6qv1eaoeajx1UrU2tVG1N6pM9R91NPUt6l3qd/TQGmYaYRr5Grs0Tir8XQObY7LHO6ckjmH59zWhDXNNCM0V2ju0xzQnNbS1vLTytKq0jqj9VSbru2hnaq9Q/uE9qQOVcdNR6CzQ+ekzmOGCsOTkc6oZPQxpnQ1df11Jbr1uoO6M3rGelF6hXrtevf0Cfos/ST9Hfq9+lMGOgYhBgUGrQa3DfGGLMMUw12G/YavjYyNYow2GHUZPTJWMw4wzjduNb5rQjZxN1lm0mByzRRjyjJNM91tetkMNrM3SzGrMRsyh80dzAXmu82HLdAWThZCiwaLG0wS05OZw2xljlrSLYMtCy27LJ9ZGVjFW22z6rf6aG1vnW7daH3HhmITaFNo02Pzq62ZLde2xvbaXPJc37mr53bPfW5nbse322N3055qH2K/wb7X/oODo4PIoc1h0tHAMdGx1vEGi8YKY21mnXdCO3k5rXY65vTW2cFZ7HzY+RcXpkuaS4vLo3nG8/jzGueNueq5clzrXaVuDLdEt71uUnddd457g/sDD30PnkeTx4SnqWeq50HPZ17WXiKvDq/XbGf2SvYpb8Tbz7vEe9CH4hPlU+1z31fPN9m31XfKz95vhd8pf7R/kP82/xsBWgHcgOaAqUDHwJWBfUGkoAVB1UEPgs2CRcE9IXBIYMj2kLvzDecL53eFgtCA0O2h98KMw5aFfR+OCQ8Lrwl/GGETURDRv4C6YMmClgWvIr0iyyLvRJlESaJ6oxWjE6Kbo1/HeMeUx0hjrWJXxl6K04gTxHXHY+Oj45vipxf6LNy5cDzBPqE44foi40V5iy4s1licvvj4EsUlnCVHEtGJMYktie85oZwGzvTSgKW1S6e4bO4u7hOeB28Hb5Lvyi/nTyS5JpUnPUp2Td6ePJninlKR8lTAFlQLnqf6p9alvk4LTduf9ik9Jr09A5eRmHFUSBGmCfsytTPzMoezzLOKs6TLnJftXDYlChI1ZUPZi7K7xTTZz9SAxESyXjKa45ZTk/MmNzr3SJ5ynjBvYLnZ8k3LJ/J9879egVrBXdFboFuwtmB0pefK+lXQqqWrelfrry5aPb7Gb82BtYS1aWt/KLQuLC98uS5mXU+RVtGaorH1futbixWKRcU3NrhsqNuI2ijYOLhp7qaqTR9LeCUXS61LK0rfb+ZuvviVzVeVX33akrRlsMyhbM9WzFbh1uvb3LcdKFcuzy8f2x6yvXMHY0fJjpc7l+y8UGFXUbeLsEuyS1oZXNldZVC1tep9dUr1SI1XTXutZu2m2te7ebuv7PHY01anVVda926vYO/Ner/6zgajhop9mH05+x42Rjf2f836urlJo6m06cN+4X7pgYgDfc2Ozc0tmi1lrXCrpHXyYMLBy994f9Pdxmyrb6e3lx4ChySHHn+b+O31w0GHe4+wjrR9Z/hdbQe1o6QT6lzeOdWV0iXtjusePhp4tLfHpafje8vv9x/TPVZzXOV42QnCiaITn07mn5w+lXXq6enk02O9S3rvnIk9c60vvG/wbNDZ8+d8z53p9+w/ed71/LELzheOXmRd7LrkcKlzwH6g4wf7HzoGHQY7hxyHui87Xe4Znjd84or7ldNXva+euxZw7dLI/JHh61HXb95IuCG9ybv56Fb6ree3c27P3FlzF3235J7SvYr7mvcbfjT9sV3qID0+6j068GDBgztj3LEnP2X/9H686CH5YcWEzkTzI9tHxyZ9Jy8/Xvh4/EnWk5mnxT8r/1z7zOTZd794/DIwFTs1/lz0/NOvm1+ov9j/0u5l73TY9P1XGa9mXpe8UX9z4C3rbf+7mHcTM7nvse8rP5h+6PkY9PHup4xPn34D94Tz+49wZioAAAAJcEhZcwAALiMAAC4jAXilP3YAACAASURBVHic7N0JYBTl3T/w3++ZvZKQxMgliqJ4BMGQZHdms4JXudRatSoWRa211fr3qvaw59ta3r5v7W1tba1H6y1Qrbe1iuUVUEiyRxJTqGhFsZ4gonLk2p3n/zybYDkCZJOZeWZnfp827uaa+bLZY+a3z/N7ApxzIIT4i2EYExjAZxAwAcAPAcBy8UywXlx/OJlO32CaZk51RkIIIYQQQghRJaA6ACHEGQ2TJx+Ioci54up5GuLk/3wHt/33cPHfKfFYTFZQf6kkJCGEEEIIIYS4ABVLCPGw8ePHR0YNH34mB7wIw5Fp4kts77+FxwEVSwghhBBCCCE+RsUSQjyooa6uGgKhy0YNH3GB+HRfLOi3+Xp7UhFCCCGEEEJIcaBiCSEewRjT4rHYqRzwCgyGpsO2+TWFe9rKXIQQQgghhBBSbKhYQkiRq66urtinvPyLRky/Snw6frAVEokDrDYBHrEqGyGEEEIIIYQUIyqWEFKkotHoAUEWuKaqovJS8Wm5BZvcimbu/GQ63WPBtgghhBBCCCGkaFGxhJAio+v6kRqwb4aYNhcQQhZtdjM3c2c0pdMpi7ZHCCGEEEIIIUWLiiWEFIlYLFYbQO27AWSzIb+qzVAm3GyHw796eG52Op1us2aDhBBCCCGEEFLcqFhCiMvJIkmQafPEx2lgWYXkEw/mkF+cTqU/sni7hBBCCCGEEFK0qFhCiEvFYrGJAdSuCzLtbLC+SLLZ5HB1c6r5TxZvlxBCCCGEEEKKHhVLCHEZXdfHacB+GGTaBeJTzfo98Hbe03N2c2vrauu3TQghhBBC3Cqhx1OAUKY6hypd2R69paVli+ocpDhQsYQQlzAMY4TG8XsBZJeJT8N27IMDv/3ddeu+snbt2g47tk8IIYQQQlwM4QiwZhXFotTV1cVUZyDFg4olhChWXV0d3qei4ipZKBEvYPvYtJsODvzypmTyTpu2TwghhBBCCCGeQcUSQhSKx+KzqyoqfyKuHmp5V5L/eD3LzdmpVCpt2x4IIYQQQgghxEOoWEKIAg3RqIEs8EvG4Fh798Sfga1b56ZWrtxg734IIYQQQgghxDuoWEKIgxpqavbDSMnPUAucD9avcLMDzuEXyUz626Zp5uzcDyGEEEIIIYR4DRVLCHEAY0yLx2JXYKTkv8WnlTbvrpNz85KmVOpem/dDCCGEEEIIIZ5ExRJCbKbreiIe038vrtbbvjMOb+eQn5lMpZps3xchhBBCCCGEeBQVSzyAMYZ3vzBlJIZLxgYYH8sBR4mT5n0RYThwrBI/UgbIK8TXK8TXSxC5Bvm/Pcq/v1w+yxRn2Vlx2feBm8XlZg58KwLIdcg3iN/diBw+4AgbEMx3uk32ZidsfOeSaLJH3b/c3RKTJg2HkrIfB5BdDL23s704pLvN7OmZTOYt2/dFCCGEEEIIIR5GxZIiMW8eY0ecMuNgFjCP4hwnIOIh4svjxRnyofMzM8aK6+Hen8TeRhjbumF80hVj+6/31ypj16/hdl/b9mu9X2EQEqf+IagyF7bOek984TXxsYZzvkb8wBqe4//MfbBh5fkzW7YM6R9dxBp0/XwsLfu1uDrcmT3yB3IIX8hkMlud2R8hhBBCCCGEeBcVS1xo3oM1ocPG73eUxiAKHOoRMTbh9BmTxLeGyUIF7lDXsLVH6N7I0RJj+j6mYF8w1BDYyJGykPI659AOyDOmCRmNdWbm1C17W2VguzVMnnwghiO3ILKTHdolF//7UXMm/UPTNLlD+ySEEEIIIYQQT6NiiQvcsfzY8tJI+Ghg7FhxtnvchMPGxMWXI/lvKq2FDIkspIxHlKNf8HQtPwmlBBa2zvq3OLlfxjm8AMifX/3Y3/9x3XWmqTjrkMmpUPF6/VIMR34qPq1waLddAPxLjankfYP55YRhiN/DqNWhilouO7sxk1mpOobTxP2XxWN6CuSDlOyA57LnNmUyrapzOC1hxJOQL9CTPrl31r1nrF27tkN1EEIIIYQ4g4olCsxbMi0woZLFOeAMcbI6vbS05Gjx5aD8XvHWRgbsQPGPnIviQ/5rJ5w+4/2FrbMWA...

      41 |
      42 |     // Selecionar plano
    > 43 |     expect(await screen.findByText('Plano Teste')).toBeInTheDocument();
         |                         ^
      44 |     // selecionar o input oculto do plano diretamente
      45 |     const planoInput = document.querySelector('input[name="plano"]');
      46 |     expect(planoInput).toBeTruthy();

      at waitForWrapper (node_modules/.pnpm/@testing-library+dom@10.4.1/node_modules/@testing-library/dom/dist/wait-for.js:163:27)
      at node_modules/.pnpm/@testing-library+dom@10.4.1/node_modules/@testing-library/dom/dist/query-helpers.js:86:33
      at Object.findByText (__tests__/components/ModalCadastrotomador.contractAcceptance.test.tsx:43:25)

  ÔùÅ ModalCadastrotomador - aceite do contrato habilita bot├úo Pr├│ximo ÔÇ║ pressionar Enter no campo de quantidade n├úo submete o formul├írio nem mostra erro de valida├º├úo

    Unable to find an element with the text: Plano Teste. This could be because the text is broken up by multiple elements. In this case, you can provide a function for your text matcher to make your matcher more flexible.

    Ignored nodes: comments, script, style
    <body>
      <div>
        <div
          class="fixed inset-0 bg-black bg-opacity-50 flex items-center justify-center z-50 p-4"
        >
          <div
            class="bg-white rounded-lg shadow-xl max-w-2xl w-full max-h-[90vh] overflow-y-auto"
          >
            <div
              class="flex justify-between items-center p-6 border-b"
            >
              <div
                class="flex items-center gap-4"
              >
                <div
                  class="flex-shrink-0"
                >
                  <div
                    class="flex flex-col items-center justify-center "
                  >
                    <div
                      class="w-8 h-8 flex items-center justify-center"
                    >
                      <img
                        alt="QWork"
                        class="w-full h-full object-contain"
                        data-nimg="1"
                        decoding="async"
                        height="48"
                        src="data:image/png;base64,iVBORw0KGgoAAAANSUhEUgAABEsAAAGnCAYAAABPZtklAAAKN2lDQ1BzUkdCIElFQzYxOTY2LTIuMQAAeJydlndUU9kWh8+9N71QkhCKlNBraFICSA29SJEuKjEJEErAkAAiNkRUcERRkaYIMijggKNDkbEiioUBUbHrBBlE1HFwFBuWSWStGd+8ee/Nm98f935rn73P3Wfvfda6AJD8gwXCTFgJgAyhWBTh58WIjYtnYAcBDPAAA2wA4HCzs0IW+EYCmQJ82IxsmRP4F726DiD5+yrTP4zBAP+flLlZIjEAUJiM5/L42VwZF8k4PVecJbdPyZi2NE3OMErOIlmCMlaTc/IsW3z2mWUPOfMyhDwZy3PO4mXw5Nwn4405Er6MkWAZF+cI+LkyviZjg3RJhkDGb+SxGXxONgAoktwu5nNTZGwtY5IoMoIt43kA4EjJX/DSL1jMzxPLD8XOzFouEiSniBkmXFOGjZMTi+HPz03ni8XMMA43jSPiMdiZGVkc4XIAZs/8WRR5bRmyIjvYODk4MG0tbb4o1H9d/JuS93aWXoR/7hlEH/jD9ld+mQ0AsKZltdn6h21pFQBd6wFQu/2HzWAvAIqyvnUOfXEeunxeUsTiLGcrq9zcXEsBn2spL+jv+p8Of0NffM9Svt3v5WF485M4knQxQ143bmZ6pkTEyM7icPkM5p+H+B8H/nUeFhH8JL6IL5RFRMumTCBMlrVbyBOIBZlChkD4n5r4D8P+pNm5lona+BHQllgCpSEaQH4eACgqESAJe2Qr0O99C8ZHA/nNi9GZmJ37z4L+fVe4TP7IFiR/jmNHRDK4ElHO7Jr8WgI0IABFQAPqQBvoAxPABLbAEbgAD+ADAkEoiARxYDHgghSQAUQgFxSAtaAYlIKtYCeoBnWgETSDNnAYdIFj4DQ4By6By2AE3AFSMA6egCnwCsxAEISFyBAVUod0IEPIHLKFWJAb5AMFQxFQHJQIJUNCSAIVQOugUqgcqobqoWboW+godBq6AA1Dt6BRaBL6FXoHIzAJpsFasBFsBbNgTzgIjoQXwcnwMjgfLoK3wJVwA3wQ7oRPw5fgEVgKP4GnEYAQETqiizARFsJGQpF4JAkRIauQEqQCaUDakB6kH7mKSJGnyFsUBkVFMVBMlAvKHxWF4qKWoVahNqOqUQdQnag+1FXUKGoK9RFNRmuizdHO6AB0LDoZnYsuRlegm9Ad6LPoEfQ4+hUGg6FjjDGOGH9MHCYVswKzGbMb0445hRnGjGGmsVisOtYc64oNxXKwYmwxtgp7EHsSewU7jn2DI+J0cLY4X1w8TogrxFXgWnAncFdwE7gZvBLeEO+MD8Xz8MvxZfhGfA9+CD+OnyEoE4wJroRIQiphLaGS0EY4S7hLeEEkEvWITsRwooC4hlhJPEQ8TxwlviVRSGYkNimBJCFtIe0nnSLdIr0gk8lGZA9yPFlM3kJuJp8h3ye/UaAqWCoEKPAUVivUKHQqXFF4pohXNFT0VFysmK9YoXhEcUjxqRJeyUiJrcRRWqVUo3RU6YbStDJV2UY5VDlDebNyi/IF5UcULMWI4kPhUYoo+yhnKGNUhKpPZVO51HXURupZ6jgNQzOmBdBSaaW0b2iDtCkVioqdSrRKnkqNynEVKR2hG9ED6On0Mvph+nX6O1UtVU9Vvuom1TbVK6qv1eaoeajx1UrU2tVG1N6pM9R91NPUt6l3qd/TQGmYaYRr5Grs0Tir8XQObY7LHO6ckjmH59zWhDXNNCM0V2ju0xzQnNbS1vLTytKq0jqj9VSbru2hnaq9Q/uE9qQOVcdNR6CzQ+ekzmOGCsOTkc6oZPQxpnQ1df11Jbr1uoO6M3rGelF6hXrtevf0Cfos/ST9Hfq9+lMGOgYhBgUGrQa3DfGGLMMUw12G/YavjYyNYow2GHUZPTJWMw4wzjduNb5rQjZxN1lm0mByzRRjyjJNM91tetkMNrM3SzGrMRsyh80dzAXmu82HLdAWThZCiwaLG0wS05OZw2xljlrSLYMtCy27LJ9ZGVjFW22z6rf6aG1vnW7daH3HhmITaFNo02Pzq62ZLde2xvbaXPJc37mr53bPfW5nbse322N3055qH2K/wb7X/oODo4PIoc1h0tHAMdGx1vEGi8YKY21mnXdCO3k5rXY65vTW2cFZ7HzY+RcXpkuaS4vLo3nG8/jzGueNueq5clzrXaVuDLdEt71uUnddd457g/sDD30PnkeTx4SnqWeq50HPZ17WXiKvDq/XbGf2SvYpb8Tbz7vEe9CH4hPlU+1z31fPN9m31XfKz95vhd8pf7R/kP82/xsBWgHcgOaAqUDHwJWBfUGkoAVB1UEPgs2CRcE9IXBIYMj2kLvzDecL53eFgtCA0O2h98KMw5aFfR+OCQ8Lrwl/GGETURDRv4C6YMmClgWvIr0iyyLvRJlESaJ6oxWjE6Kbo1/HeMeUx0hjrWJXxl6K04gTxHXHY+Oj45vipxf6LNy5cDzBPqE44foi40V5iy4s1licvvj4EsUlnCVHEtGJMYktie85oZwGzvTSgKW1S6e4bO4u7hOeB28Hb5Lvyi/nTyS5JpUnPUp2Td6ePJninlKR8lTAFlQLnqf6p9alvk4LTduf9ik9Jr09A5eRmHFUSBGmCfsytTPzMoezzLOKs6TLnJftXDYlChI1ZUPZi7K7xTTZz9SAxESyXjKa45ZTk/MmNzr3SJ5ynjBvYLnZ8k3LJ/J9879egVrBXdFboFuwtmB0pefK+lXQqqWrelfrry5aPb7Gb82BtYS1aWt/KLQuLC98uS5mXU+RVtGaorH1futbixWKRcU3NrhsqNuI2ijYOLhp7qaqTR9LeCUXS61LK0rfb+ZuvviVzVeVX33akrRlsMyhbM9WzFbh1uvb3LcdKFcuzy8f2x6yvXMHY0fJjpc7l+y8UGFXUbeLsEuyS1oZXNldZVC1tep9dUr1SI1XTXutZu2m2te7ebuv7PHY01anVVda926vYO/Ner/6zgajhop9mH05+x42Rjf2f836urlJo6m06cN+4X7pgYgDfc2Ozc0tmi1lrXCrpHXyYMLBy994f9Pdxmyrb6e3lx4ChySHHn+b+O31w0GHe4+wjrR9Z/hdbQe1o6QT6lzeOdWV0iXtjusePhp4tLfHpafje8vv9x/TPVZzXOV42QnCiaITn07mn5w+lXXq6enk02O9S3rvnIk9c60vvG/wbNDZ8+d8z53p9+w/ed71/LELzheOXmRd7LrkcKlzwH6g4wf7HzoGHQY7hxyHui87Xe4Znjd84or7ldNXva+euxZw7dLI/JHh61HXb95IuCG9ybv56Fb6ree3c27P3FlzF3235J7SvYr7mvcbfjT9sV3qID0+6j068GDBgztj3LEnP2X/9H686CH5YcWEzkTzI9tHxyZ9Jy8/Xvh4/EnWk5mnxT8r/1z7zOTZd794/DIwFTs1/lz0/NOvm1+ov9j/0u5l73TY9P1XGa9mXpe8UX9z4C3rbf+7mHcTM7nvse8rP5h+6PkY9PHup4xPn34D94Tz+49wZioAAAAJcEhZcwAALiMAAC4jAXilP3YAACAASURBVHic7N0JYBTl3T/w3++ZvZKQxMgliqJ4BMGQZHdms4JXudRatSoWRa211fr3qvaw59ta3r5v7W1tba1H6y1Qrbe1iuUVUEiyRxJTqGhFsZ4gonLk2p3n/zybYDkCZJOZeWZnfp827uaa+bLZY+a3z/N7ApxzIIT4i2EYExjAZxAwAcAPAcBy8UywXlx/OJlO32CaZk51RkIIIYQQQghRJaA6ACHEGQ2TJx+Ioci54up5GuLk/3wHt/33cPHfKfFYTFZQf6kkJCGEEEIIIYS4ABVLCPGw8ePHR0YNH34mB7wIw5Fp4kts77+FxwEVSwghhBBCCCE+RsUSQjyooa6uGgKhy0YNH3GB+HRfLOi3+Xp7UhFCCCGEEEJIcaBiCSEewRjT4rHYqRzwCgyGpsO2+TWFe9rKXIQQQgghhBBSbKhYQkiRq66urtinvPyLRky/Snw6frAVEokDrDYBHrEqGyGEEEIIIYQUIyqWEFKkotHoAUEWuKaqovJS8Wm5BZvcimbu/GQ63WPBtgghhBBCCCGkaFGxhJAio+v6kRqwb4aYNhcQQhZtdjM3c2c0pdMpi7ZHCCGEEEIIIUWLiiWEFIlYLFYbQO27AWSzIb+qzVAm3GyHw796eG52Op1us2aDhBBCCCGEEFLcqFhCiMvJIkmQafPEx2lgWYXkEw/mkF+cTqU/sni7hBBCCCGEEFK0qFhCiEvFYrGJAdSuCzLtbLC+SLLZ5HB1c6r5TxZvlxBCCCGEEEKKHhVLCHEZXdfHacB+GGTaBeJTzfo98Hbe03N2c2vrauu3TQghhBBC3Cqhx1OAUKY6hypd2R69paVli+ocpDhQsYQQlzAMY4TG8XsBZJeJT8N27IMDv/3ddeu+snbt2g47tk8IIYQQQlwM4QiwZhXFotTV1cVUZyDFg4olhChWXV0d3qei4ipZKBEvYPvYtJsODvzypmTyTpu2TwghhBBCCCGeQcUSQhSKx+KzqyoqfyKuHmp5V5L/eD3LzdmpVCpt2x4IIYQQQgghxEOoWEKIAg3RqIEs8EvG4Fh798Sfga1b56ZWrtxg734IIYQQQgghxDuoWEKIgxpqavbDSMnPUAucD9avcLMDzuEXyUz626Zp5uzcDyGEEEIIIYR4DRVLCHEAY0yLx2JXYKTkv8WnlTbvrpNz85KmVOpem/dDCCGEEEIIIZ5ExRJCbKbreiIe038vrtbbvjMOb+eQn5lMpZps3xchhBBCCCGEeBQVSzyAMYZ3vzBlJIZLxgYYH8sBR4mT5n0RYThwrBI/UgbIK8TXK8TXSxC5Bvm/Pcq/v1w+yxRn2Vlx2feBm8XlZg58KwLIdcg3iN/diBw+4AgbEMx3uk32ZidsfOeSaLJH3b/c3RKTJg2HkrIfB5BdDL23s704pLvN7OmZTOYt2/dFCCGEEEIIIR5GxZIiMW8eY0ecMuNgFjCP4hwnIOIh4svjxRnyofMzM8aK6+Hen8TeRhjbumF80hVj+6/31ypj16/hdl/b9mu9X2EQEqf+IagyF7bOek984TXxsYZzvkb8wBqe4//MfbBh5fkzW7YM6R9dxBp0/XwsLfu1uDrcmT3yB3IIX8hkMlud2R8hhBBCCCGEeBcVS1xo3oM1ocPG73eUxiAKHOoRMTbh9BmTxLeGyUIF7lDXsLVH6N7I0RJj+j6mYF8w1BDYyJGykPI659AOyDOmCRmNdWbm1C17W2VguzVMnnwghiO3ILKTHdolF//7UXMm/UPTNLlD+ySEEEIIIYQQT6NiiQvcsfzY8tJI+Ghg7FhxtnvchMPGxMWXI/lvKq2FDIkspIxHlKNf8HQtPwmlBBa2zvq3OLlfxjm8AMifX/3Y3/9x3XWmqTjrkMmpUPF6/VIMR34qPq1waLddAPxLjankfYP55YRhiN/DqNWhilouO7sxk1mpOobTxP2XxWN6CuSDlOyA57LnNmUyrapzOC1hxJOQL9CTPrl31r1nrF27tkN1EEIIIYQ4g4olCsxbMi0woZLFOeAMcbI6vbS05Gjx5aD8XvHWRgbsQPGPnIviQ/5rJ5w+4/2FrbMWA...

      64 |
      65 |     // Selecionar plano
    > 66 |     expect(await screen.findByText('Plano Teste')).toBeInTheDocument();
         |                         ^
      67 |     const planoInput = document.querySelector('input[name="plano"]');
      68 |     expect(planoInput).toBeTruthy();
      69 |     userEvent.click(planoInput);

      at waitForWrapper (node_modules/.pnpm/@testing-library+dom@10.4.1/node_modules/@testing-library/dom/dist/wait-for.js:163:27)
      at node_modules/.pnpm/@testing-library+dom@10.4.1/node_modules/@testing-library/dom/dist/query-helpers.js:86:33
      at Object.findByText (__tests__/components/ModalCadastrotomador.contractAcceptance.test.tsx:66:25)

  ÔùÅ ModalCadastrotomador - aceite do contrato habilita bot├úo Pr├│ximo ÔÇ║ deve permitir preencher todos os dados e aceitar contrato

    thrown: "Exceeded timeout of 5000 ms for a test.
    Add a timeout value to this test to increase the timeout, if this is a long-running test. See https://jestjs.io/docs/api#testname-fn-timeout."

      87 |   });
      88 |
    > 89 |   it('deve permitir preencher todos os dados e aceitar contrato', async () => {
         |   ^
      90 |     render(<ModalCadastrotomador isOpen={true} onClose={() => {}} />);
      91 |
      92 |     const nextBtn = screen.getByRole('button', { name: /Pr├│ximo/i });

      at it (__tests__/components/ModalCadastrotomador.contractAcceptance.test.tsx:89:3)
      at Object.describe (__tests__/components/ModalCadastrotomador.contractAcceptance.test.tsx:33:1)

PASS __tests__/emissor/logo-consistency.test.tsx
  ÔùÅ Console

    console.log
      [dotenv@17.2.3] injecting env (0) from .env.test -- tip: ÔÜÖ´©Å  load multiple .env files with { path: ['.env.local', '.env'] }

      at _log (node_modules/.pnpm/dotenv@17.2.3/node_modules/dotenv/lib/main.js:142:11)

    console.log
      ­ƒøí´©Å [jest.setup] Removendo DATABASE_URL do ambiente de testes (valor n├úo importa)

      at Object.<anonymous> (__tests__/config/jest.setup.js:125:17)

    console.log
      ­ƒøí´©Å [jest.setup] Prote├º├úo do banco de testes ativada - usando: nr-bps_db_test

      at Object.<anonymous> (__tests__/config/jest.setup.js:150:13)

RBAC seed applied to test database
RBAC seed applied to test database
RBAC seed applied to test database
RBAC seed applied to test database
FAIL __tests__/rh/gestores-rh-integration.test.ts
  ÔùÅ Console

    console.log
      [dotenv@17.2.3] injecting env (0) from .env.test -- tip: ­ƒôí add observability to secrets: https://dotenvx.com/ops

      at _log (node_modules/.pnpm/dotenv@17.2.3/node_modules/dotenv/lib/main.js:142:11)

    console.log
      ­ƒøí´©Å [jest.setup] Removendo DATABASE_URL do ambiente de testes (valor n├úo importa)

      at Object.<anonymous> (__tests__/config/jest.setup.js:125:17)

    console.log
      ­ƒøí´©Å [jest.setup] Prote├º├úo do banco de testes ativada - usando: nr-bps_db_test

      at Object.<anonymous> (__tests__/config/jest.setup.js:150:13)

  ÔùÅ Gestores RH - Valida├º├úo de usuario_tipo ÔÇ║ deve criar gestor RH com usuario_tipo=rh

    error: o valor nulo na coluna "cidade" da rela├º├úo "clinicas" viola a restri├º├úo de n├úo-nulo

      21 |     await client.query("SET LOCAL app.current_user_cpf = '00000000000'");
      22 |     await client.query("SET LOCAL app.current_user_perfil = 'admin'");
    > 23 |     const result = await client.query(text, params);
         |                    ^
      24 |     await client.query('COMMIT');
      25 |     return result;
      26 |   } catch (error) {

      at node_modules/.pnpm/pg@8.16.3/node_modules/pg/lib/client.js:545:17
      at query (__tests__/rh/gestores-rh-integration.test.ts:23:20)
      at Object.<anonymous> (__tests__/rh/gestores-rh-integration.test.ts:52:21)

  ÔùÅ Gestores RH - Valida├º├úo de usuario_tipo ÔÇ║ deve listar gestores RH usando view gestores

    error: o valor nulo na coluna "cidade" da rela├º├úo "clinicas" viola a restri├º├úo de n├úo-nulo

      21 |     await client.query("SET LOCAL app.current_user_cpf = '00000000000'");
      22 |     await client.query("SET LOCAL app.current_user_perfil = 'admin'");
    > 23 |     const result = await client.query(text, params);
         |                    ^
      24 |     await client.query('COMMIT');
      25 |     return result;
      26 |   } catch (error) {

      at node_modules/.pnpm/pg@8.16.3/node_modules/pg/lib/client.js:545:17
      at query (__tests__/rh/gestores-rh-integration.test.ts:23:20)
      at Object.<anonymous> (__tests__/rh/gestores-rh-integration.test.ts:52:21)

  ÔùÅ Gestores RH - Valida├º├úo de usuario_tipo ÔÇ║ deve consultar gestores RH usando usuario_tipo na query

    error: o valor nulo na coluna "cidade" da rela├º├úo "clinicas" viola a restri├º├úo de n├úo-nulo

      21 |     await client.query("SET LOCAL app.current_user_cpf = '00000000000'");
      22 |     await client.query("SET LOCAL app.current_user_perfil = 'admin'");
    > 23 |     const result = await client.query(text, params);
         |                    ^
      24 |     await client.query('COMMIT');
      25 |     return result;
      26 |   } catch (error) {

      at node_modules/.pnpm/pg@8.16.3/node_modules/pg/lib/client.js:545:17
      at query (__tests__/rh/gestores-rh-integration.test.ts:23:20)
      at Object.<anonymous> (__tests__/rh/gestores-rh-integration.test.ts:52:21)

  ÔùÅ Gestores RH - Valida├º├úo de usuario_tipo ÔÇ║ n├úo deve permitir rh sem clinica_id (constraint)

    error: o valor nulo na coluna "cidade" da rela├º├úo "clinicas" viola a restri├º├úo de n├úo-nulo

      21 |     await client.query("SET LOCAL app.current_user_cpf = '00000000000'");
      22 |     await client.query("SET LOCAL app.current_user_perfil = 'admin'");
    > 23 |     const result = await client.query(text, params);
         |                    ^
      24 |     await client.query('COMMIT');
      25 |     return result;
      26 |   } catch (error) {

      at node_modules/.pnpm/pg@8.16.3/node_modules/pg/lib/client.js:545:17
      at query (__tests__/rh/gestores-rh-integration.test.ts:23:20)
      at Object.<anonymous> (__tests__/rh/gestores-rh-integration.test.ts:52:21)

  ÔùÅ Gestores RH - Valida├º├úo de usuario_tipo ÔÇ║ deve contar gestores RH usando usuarios_resumo

    error: o valor nulo na coluna "cidade" da rela├º├úo "clinicas" viola a restri├º├úo de n├úo-nulo

      21 |     await client.query("SET LOCAL app.current_user_cpf = '00000000000'");
      22 |     await client.query("SET LOCAL app.current_user_perfil = 'admin'");
    > 23 |     const result = await client.query(text, params);
         |                    ^
      24 |     await client.query('COMMIT');
      25 |     return result;
      26 |   } catch (error) {

      at node_modules/.pnpm/pg@8.16.3/node_modules/pg/lib/client.js:545:17
      at query (__tests__/rh/gestores-rh-integration.test.ts:23:20)
      at Object.<anonymous> (__tests__/rh/gestores-rh-integration.test.ts:52:21)

  ÔùÅ Gestores RH - Valida├º├úo de usuario_tipo ÔÇ║ deve validar constraint funcionarios_usuario_tipo_exclusivo

    error: o valor nulo na coluna "cidade" da rela├º├úo "clinicas" viola a restri├º├úo de n├úo-nulo

      21 |     await client.query("SET LOCAL app.current_user_cpf = '00000000000'");
      22 |     await client.query("SET LOCAL app.current_user_perfil = 'admin'");
    > 23 |     const result = await client.query(text, params);
         |                    ^
      24 |     await client.query('COMMIT');
      25 |     return result;
      26 |   } catch (error) {

      at node_modules/.pnpm/pg@8.16.3/node_modules/pg/lib/client.js:545:17
      at query (__tests__/rh/gestores-rh-integration.test.ts:23:20)
      at Object.<anonymous> (__tests__/rh/gestores-rh-integration.test.ts:52:21)

FAIL __tests__/api/admin/cobranca.integration.test.ts
  ÔùÅ Console

    console.log
      [dotenv@17.2.3] injecting env (0) from .env.test -- tip: ­ƒöÉ encrypt with Dotenvx: https://dotenvx.com

      at _log (node_modules/.pnpm/dotenv@17.2.3/node_modules/dotenv/lib/main.js:142:11)

    console.log
      ­ƒøí´©Å [jest.setup] Removendo DATABASE_URL do ambiente de testes (valor n├úo importa)

      at Object.<anonymous> (__tests__/config/jest.setup.js:125:17)

    console.log
      ­ƒøí´©Å [jest.setup] Prote├º├úo do banco de testes ativada - usando: nr-bps_db_test

      at Object.<anonymous> (__tests__/config/jest.setup.js:150:13)

    console.log
      ­ƒöî [lib/db.ts] Conectado ao banco: nr-bps_db_test @ localhost (ambiente: test)

      at Object.log (lib/db.ts:673:15)

  ÔùÅ API Cobran├ºa - integra├º├úo com pagamentos reais ÔÇ║ deve retornar valor, data e m├®todo de pagamento para tomador com pagamento

    error: rela├º├úo "tomadors" n├úo existe

      487 |         // No session: just execute the query normally
      488 |         try {
    > 489 |           const result = await client.query(text, params);
          |                          ^
      490 |           const duration = Date.now() - start;
      491 |
      492 |           // Log apenas queries lentas (>500ms)

      at node_modules/.pnpm/pg@8.16.3/node_modules/pg/lib/client.js:545:17
      at query (lib/db.ts:489:26)
      at Object.<anonymous> (__tests__/api/admin/cobranca.integration.test.ts:16:5)

  ÔùÅ API Cobran├ºa - integra├º├úo com pagamentos reais ÔÇ║ deve retornar apenas o tomador solicitado quando filtrado por CNPJ

    error: rela├º├úo "tomadors" n├úo existe

      487 |         // No session: just execute the query normally
      488 |         try {
    > 489 |           const result = await client.query(text, params);
          |                          ^
      490 |           const duration = Date.now() - start;
      491 |
      492 |           // Log apenas queries lentas (>500ms)

      at node_modules/.pnpm/pg@8.16.3/node_modules/pg/lib/client.js:545:17
      at query (lib/db.ts:489:26)
      at Object.<anonymous> (__tests__/api/admin/cobranca.integration.test.ts:16:5)


  ÔùÅ Test suite failed to run

    error: rela├º├úo "tomadors" n├úo existe

      487 |         // No session: just execute the query normally
      488 |         try {
    > 489 |           const result = await client.query(text, params);
          |                          ^
      490 |           const duration = Date.now() - start;
      491 |
      492 |           // Log apenas queries lentas (>500ms)

      at node_modules/.pnpm/pg@8.16.3/node_modules/pg/lib/client.js:545:17
      at query (lib/db.ts:489:26)
      at Object.<anonymous> (__tests__/api/admin/cobranca.integration.test.ts:100:5)

PASS __tests__/lib/pdf/timezone-helper.test.ts
  ÔùÅ Console

    console.log
      [dotenv@17.2.3] injecting env (0) from .env.test -- tip: ­ƒöä add secrets lifecycle management: https://dotenvx.com/ops

      at _log (node_modules/.pnpm/dotenv@17.2.3/node_modules/dotenv/lib/main.js:142:11)

    console.log
      ­ƒøí´©Å [jest.setup] Removendo DATABASE_URL do ambiente de testes (valor n├úo importa)

      at Object.<anonymous> (__tests__/config/jest.setup.js:125:17)

    console.log
      ­ƒøí´©Å [jest.setup] Prote├º├úo do banco de testes ativada - usando: nr-bps_db_test

      at Object.<anonymous> (__tests__/config/jest.setup.js:150:13)

RBAC seed applied to test database
RBAC seed applied to test database
RBAC seed applied to test database
FAIL __tests__/admin/admin-dashboard.test.tsx (6.222 s)
  ÔùÅ Console

    console.log
      [dotenv@17.2.3] injecting env (0) from .env.test -- tip: ­ƒôí add observability to secrets: https://dotenvx.com/ops

      at _log (node_modules/.pnpm/dotenv@17.2.3/node_modules/dotenv/lib/main.js:142:11)

    console.log
      ­ƒøí´©Å [jest.setup] Removendo DATABASE_URL do ambiente de testes (valor n├úo importa)

      at Object.<anonymous> (__tests__/config/jest.setup.js:125:17)

    console.log
      ­ƒøí´©Å [jest.setup] Prote├º├úo do banco de testes ativada - usando: nr-bps_db_test

      at Object.<anonymous> (__tests__/config/jest.setup.js:150:13)

  ÔùÅ AdminPage - Dashboard de Administra├º├úo ÔÇ║ deve renderizar dashboard com abas de Cl├¡nicas e Emissores

    Found multiple elements with the text: Painel Administrativo

    Here are the matching elements:

    Ignored nodes: comments, script, style
    <p
      class="text-xs text-gray-500"
    >
      Painel Administrativo
    </p>

    Ignored nodes: comments, script, style
    <h1
      class="text-2xl font-bold text-gray-900"
    >
      Painel Administrativo
    </h1>

    (If this is intentional, then use the `*AllBy*` variant of the query (like `queryAllByText`, `getAllByText`, or `findAllByText`)).

    Ignored nodes: comments, script, style
    <body>
      <div>
        <div
          class="flex h-screen bg-gray-50"
        >
          <div
            class="w-64 flex flex-col h-screen"
          >
            <div
              class="h-screen bg-white border-r border-gray-200 flex flex-col transition-all w-64"
            >
              <div
                class="p-4 border-b border-gray-200"
              >
                <div
                  class="flex items-center justify-between"
                >
                  <div>
                    <h1
                      class="text-lg font-bold text-gray-800"
                    >
                      QWork
                    </h1>
                    <p
                      class="text-xs text-gray-500"
                    >
                      Painel Administrativo
                    </p>
                  </div>
                  <button
                    class="p-2 hover:bg-gray-100 rounded-md transition-colors"
                    title="Recolher menu"
                  >
                    <span />
                  </button>
                </div>
              </div>
              <div
                class="p-4 border-b border-gray-200 bg-gray-50"
              >
                <div
                  class="flex items-center gap-3"
                >
                  <div
                    class="w-10 h-10 rounded-full bg-primary-100 flex items-center justify-center"
                  >
                    <span
                      class="text-primary-600"
                    >
                      ­ƒÅÑ
                    </span>
                  </div>
                  <div
                    class="flex-1 min-w-0"
                  >
                    <p
                      class="text-sm font-semibold text-gray-800 truncate"
                    >
                      Gestor
                    </p>
                    <p
                      class="text-xs text-gray-500"
                    >
                      Gestor
                    </p>
                  </div>
                </div>
              </div>
              <nav
                class="flex-1 overflow-y-auto py-4"
              >
                <button
                  class="w-full flex items-center justify-between px-4 py-3 text-left transition-colors bg-orange-100 text-orange-600 border-l-4 border-orange-500"
                >
                  <div
                    class="flex items-center gap-3"
                  >
                    <svg
                      aria-hidden="true"
                      class="lucide lucide-building2 lucide-building-2"
                      fill="none"
                      height="20"
                      stroke="currentColor"
                      stroke-linecap="round"
                      stroke-linejoin="round"
                      stroke-width="2"
                      viewBox="0 0 24 24"
                      width="20"
                      xmlns="http://www.w3.org/2000/svg"
                    >
                      <path
                        d="M10 12h4"
                      />
                      <path
                        d="M10 8h4"
                      />
                      <path
                        d="M14 21v-3a2 2 0 0 0-4 0v3"
                      />
                      <path
                        d="M6 10H4a2 2 0 0 0-2 2v7a2 2 0 0 0 2 2h16a2 2 0 0 0 2-2V9a2 2 0 0 0-2-2h-2"
                      />
                      <path
                        d="M6 21V5a2 2 0 0 1 2-2h8a2 2 0 0 1 2 2v16"
                      />
                    </svg>
                    <span
                      class="font-medium"
                    >
                      Tomadores
                    </span>
                  </div>
                  <svg
                    aria-hidden="true"
                    class="lucide lucide-chevron-down"
                    fill="none"
                    height="16"
                    stroke="currentColor"
                    stroke-linecap="round"
                    stroke-linejoin="round"
                    stroke-width="2"
                    viewBox="0 0 24 24"
                    width="16"
                    xmlns="http://www.w3.org/2000/svg"
                  >
                    <path
                      d="m6 9 6 6 6-6"
                    />
                  </svg>
                </button>
                <div
                  class="border-l-2 border-gray-200 ml-4"
                >
                  <button
                    class="w-full flex items-center justify-between pl-12 pr-4 py-2.5 text-left text-sm transition-colors bg-orange-50 text-orange-600 font-medium"
                  >
                    <span>
                      Cl├¡nicas
                    </span>
                  </button>
                  <button
                    class="w-full flex items-center justify-between pl-12 pr-4 py-2.5 text-left text-sm transition-colors text-gray-600 hover:bg-gray-50"
                  >
                    <span>
                      Entidades
                    </span>
                  </button>
                </div>
                <button
                  class="w-full flex items-center justify-between px-4 py-3 text-left transition-colors text-gray-700 hover:bg-gray-100 border-l-4 border-transparent"
                >
                  <div
                    class="flex items-center gap-3"
                  >
                    <svg
                      aria-hidden=...

      86 |
      87 |     // Aguarda carregamento
    > 88 |     await waitFor(() => {
         |                  ^
      89 |       expect(screen.getByText('Painel Administrativo')).toBeInTheDocument();
      90 |     });
      91 |

      at waitForWrapper (node_modules/.pnpm/@testing-library+dom@10.4.1/node_modules/@testing-library/dom/dist/wait-for.js:163:27)
      at Object.<anonymous> (__tests__/admin/admin-dashboard.test.tsx:88:18)

  ÔùÅ AdminPage - Dashboard de Administra├º├úo ÔÇ║ deve fazer fetch dos dados das cl├¡nicas

    expect(jest.fn()).toHaveBeenCalledWith(...expected)

    Expected: "/api/admin/tomadores?tipo=clinica"
    Received
           1: "/api/auth/session"
           2: "/api/admin/entidades?tipo=clinica"
           3: "/api/admin/entidades?tipo=entidade"

    Number of calls: 136

    Ignored nodes: comments, script, style
    <html>
      <head />
      <body>
        <div>
          <div
            class="flex h-screen bg-gray-50"
          >
            <div
              class="w-64 flex flex-col h-screen"
            >
              <div
                class="h-screen bg-white border-r border-gray-200 flex flex-col transition-all w-64"
              >
                <div
                  class="p-4 border-b border-gray-200"
                >
                  <div
                    class="flex items-center justify-between"
                  >
                    <div>
                      <h1
                        class="text-lg font-bold text-gray-800"
                      >
                        QWork
                      </h1>
                      <p
                        class="text-xs text-gray-500"
                      >
                        Painel Administrativo
                      </p>
                    </div>
                    <button
                      class="p-2 hover:bg-gray-100 rounded-md transition-colors"
                      title="Recolher menu"
                    >
                      <span />
                    </button>
                  </div>
                </div>
                <div
                  class="p-4 border-b border-gray-200 bg-gray-50"
                >
                  <div
                    class="flex items-center gap-3"
                  >
                    <div
                      class="w-10 h-10 rounded-full bg-primary-100 flex items-center justify-center"
                    >
                      <span
                        class="text-primary-600"
                      >
                        ­ƒÅÑ
                      </span>
                    </div>
                    <div
                      class="flex-1 min-w-0"
                    >
                      <p
                        class="text-sm font-semibold text-gray-800 truncate"
                      >
                        Gestor
                      </p>
                      <p
                        class="text-xs text-gray-500"
                      >
                        Gestor
                      </p>
                    </div>
                  </div>
                </div>
                <nav
                  class="flex-1 overflow-y-auto py-4"
                >
                  <button
                    class="w-full flex items-center justify-between px-4 py-3 text-left transition-colors bg-orange-100 text-orange-600 border-l-4 border-orange-500"
                  >
                    <div
                      class="flex items-center gap-3"
                    >
                      <svg
                        aria-hidden="true"
                        class="lucide lucide-building2 lucide-building-2"
                        fill="none"
                        height="20"
                        stroke="currentColor"
                        stroke-linecap="round"
                        stroke-linejoin="round"
                        stroke-width="2"
                        viewBox="0 0 24 24"
                        width="20"
                        xmlns="http://www.w3.org/2000/svg"
                      >
                        <path
                          d="M10 12h4"
                        />
                        <path
                          d="M10 8h4"
                        />
                        <path
                          d="M14 21v-3a2 2 0 0 0-4 0v3"
                        />
                        <path
                          d="M6 10H4a2 2 0 0 0-2 2v7a2 2 0 0 0 2 2h16a2 2 0 0 0 2-2V9a2 2 0 0 0-2-2h-2"
                        />
                        <path
                          d="M6 21V5a2 2 0 0 1 2-2h8a2 2 0 0 1 2 2v16"
                        />
                      </svg>
                      <span
                        class="font-medium"
                      >
                        Tomadores
                      </span>
                    </div>
                    <svg
                      aria-hidden="true"
                      class="lucide lucide-chevron-down"
                      fill="none"
                      height="16"
                      stroke="currentColor"
                      stroke-linecap="round"
                      stroke-linejoin="round"
                      stroke-width="2"
                      viewBox="0 0 24 24"
                      width="16"
                      xmlns="http://www.w3.org/2000/svg"
                    >
                      <path
                        d="m6 9 6 6 6-6"
                      />
                    </svg>
                  </button>
                  <div
                    class="border-l-2 border-gray-200 ml-4"
                  >
                    <button
                      class="w-full flex items-center justify-between pl-12 pr-4 py-2.5 text-left text-sm transition-colors bg-orange-50 text-orange-600 font-medium"
                    >
                      <span>
                        Cl├¡nicas
                      </span>
                    </button>
                    <button
                      class="w-full flex items-center justify-between pl-12 pr-4 py-2.5 text-left text-sm transition-colors text-gray-600 hover:bg-gray-50"
                    >
                      <span>
                        Entidades
                      </span>
                    </button>
                  </div>
                  <button
                    class="w-full flex items-center ju...

      159 |     await waitFor(() => {
      160 |       expect(mockFetch).toHaveBeenCalledWith('/api/auth/session');
    > 161 |       expect(mockFetch).toHaveBeenCalledWith(
          |                         ^
      162 |         '/api/admin/tomadores?tipo=clinica'
      163 |       );
      164 |       // stats endpoint foi removido do fluxo; n├úo ├® mais chamado pelo componente

      at toHaveBeenCalledWith (__tests__/admin/admin-dashboard.test.tsx:161:25)
      at runWithExpensiveErrorDiagnosticsDisabled (node_modules/.pnpm/@testing-library+dom@10.4.1/node_modules/@testing-library/dom/dist/config.js:47:12)
      at checkCallback (node_modules/.pnpm/@testing-library+dom@10.4.1/node_modules/@testing-library/dom/dist/wait-for.js:124:77)
      at checkRealTimersCallback (node_modules/.pnpm/@testing-library+dom@10.4.1/node_modules/@testing-library/dom/dist/wait-for.js:118:16)
      at Timeout.task [as _onTimeout] (node_modules/.pnpm/jsdom@26.1.0/node_modules/jsdom/lib/jsdom/browser/Window.js:579:19)

  ÔùÅ AdminPage - Dashboard de Administra├º├úo ÔÇ║ deve permitir alternar entre abas Cl├¡nicas e Emissores

    Found multiple elements with the text: Painel Administrativo

    Here are the matching elements:

    Ignored nodes: comments, script, style
    <p
      class="text-xs text-gray-500"
    >
      Painel Administrativo
    </p>

    Ignored nodes: comments, script, style
    <h1
      class="text-2xl font-bold text-gray-900"
    >
      Painel Administrativo
    </h1>

    (If this is intentional, then use the `*AllBy*` variant of the query (like `queryAllByText`, `getAllByText`, or `findAllByText`)).

    Ignored nodes: comments, script, style
    <body>
      <div>
        <div
          class="flex h-screen bg-gray-50"
        >
          <div
            class="w-64 flex flex-col h-screen"
          >
            <div
              class="h-screen bg-white border-r border-gray-200 flex flex-col transition-all w-64"
            >
              <div
                class="p-4 border-b border-gray-200"
              >
                <div
                  class="flex items-center justify-between"
                >
                  <div>
                    <h1
                      class="text-lg font-bold text-gray-800"
                    >
                      QWork
                    </h1>
                    <p
                      class="text-xs text-gray-500"
                    >
                      Painel Administrativo
                    </p>
                  </div>
                  <button
                    class="p-2 hover:bg-gray-100 rounded-md transition-colors"
                    title="Recolher menu"
                  >
                    <span />
                  </button>
                </div>
              </div>
              <div
                class="p-4 border-b border-gray-200 bg-gray-50"
              >
                <div
                  class="flex items-center gap-3"
                >
                  <div
                    class="w-10 h-10 rounded-full bg-primary-100 flex items-center justify-center"
                  >
                    <span
                      class="text-primary-600"
                    >
                      ­ƒÅÑ
                    </span>
                  </div>
                  <div
                    class="flex-1 min-w-0"
                  >
                    <p
                      class="text-sm font-semibold text-gray-800 truncate"
                    >
                      Gestor
                    </p>
                    <p
                      class="text-xs text-gray-500"
                    >
                      Gestor
                    </p>
                  </div>
                </div>
              </div>
              <nav
                class="flex-1 overflow-y-auto py-4"
              >
                <button
                  class="w-full flex items-center justify-between px-4 py-3 text-left transition-colors bg-orange-100 text-orange-600 border-l-4 border-orange-500"
                >
                  <div
                    class="flex items-center gap-3"
                  >
                    <svg
                      aria-hidden="true"
                      class="lucide lucide-building2 lucide-building-2"
                      fill="none"
                      height="20"
                      stroke="currentColor"
                      stroke-linecap="round"
                      stroke-linejoin="round"
                      stroke-width="2"
                      viewBox="0 0 24 24"
                      width="20"
                      xmlns="http://www.w3.org/2000/svg"
                    >
                      <path
                        d="M10 12h4"
                      />
                      <path
                        d="M10 8h4"
                      />
                      <path
                        d="M14 21v-3a2 2 0 0 0-4 0v3"
                      />
                      <path
                        d="M6 10H4a2 2 0 0 0-2 2v7a2 2 0 0 0 2 2h16a2 2 0 0 0 2-2V9a2 2 0 0 0-2-2h-2"
                      />
                      <path
                        d="M6 21V5a2 2 0 0 1 2-2h8a2 2 0 0 1 2 2v16"
                      />
                    </svg>
                    <span
                      class="font-medium"
                    >
                      Tomadores
                    </span>
                  </div>
                  <svg
                    aria-hidden="true"
                    class="lucide lucide-chevron-down"
                    fill="none"
                    height="16"
                    stroke="currentColor"
                    stroke-linecap="round"
                    stroke-linejoin="round"
                    stroke-width="2"
                    viewBox="0 0 24 24"
                    width="16"
                    xmlns="http://www.w3.org/2000/svg"
                  >
                    <path
                      d="m6 9 6 6 6-6"
                    />
                  </svg>
                </button>
                <div
                  class="border-l-2 border-gray-200 ml-4"
                >
                  <button
                    class="w-full flex items-center justify-between pl-12 pr-4 py-2.5 text-left text-sm transition-colors bg-orange-50 text-orange-600 font-medium"
                  >
                    <span>
                      Cl├¡nicas
                    </span>
                  </button>
                  <button
                    class="w-full flex items-center justify-between pl-12 pr-4 py-2.5 text-left text-sm transition-colors text-gray-600 hover:bg-gray-50"
                  >
                    <span>
                      Entidades
                    </span>
                  </button>
                </div>
                <button
                  class="w-full flex items-center justify-between px-4 py-3 text-left transition-colors text-gray-700 hover:bg-gray-100 border-l-4 border-transparent"
                >
                  <div
                    class="flex items-center gap-3"
                  >
                    <svg
                      aria-hidden=...

      200 |
      201 |     // Aguarda carregamento inicial
    > 202 |     await waitFor(() => {
          |                  ^
      203 |       expect(screen.getByText('Painel Administrativo')).toBeInTheDocument();
      204 |     });
      205 |

      at waitForWrapper (node_modules/.pnpm/@testing-library+dom@10.4.1/node_modules/@testing-library/dom/dist/wait-for.js:163:27)
      at Object.<anonymous> (__tests__/admin/admin-dashboard.test.tsx:202:18)

RBAC seed applied to test database
FAIL __tests__/lib/criarContaResponsavel.integration.test.ts
  ÔùÅ Console

    console.log
      [dotenv@17.2.3] injecting env (0) from .env.test -- tip: Ô£à audit secrets and track compliance: https://dotenvx.com/ops

      at _log (node_modules/.pnpm/dotenv@17.2.3/node_modules/dotenv/lib/main.js:142:11)

    console.log
      ­ƒøí´©Å [jest.setup] Removendo DATABASE_URL do ambiente de testes (valor n├úo importa)

      at Object.<anonymous> (__tests__/config/jest.setup.js:125:17)

    console.log
      ­ƒøí´©Å [jest.setup] Prote├º├úo do banco de testes ativada - usando: nr-bps_db_test

      at Object.<anonymous> (__tests__/config/jest.setup.js:150:13)

    console.log
      ­ƒöî [lib/db.ts] Conectado ao banco: nr-bps_db_test @ localhost (ambiente: test)

      at Object.log (lib/db.ts:673:15)

    console.error
      [db][query] ERROR executing (no session): DELETE FROM entidades_senhas WHERE tomador_id = $1 [ 9101 ] coluna "tomador_id" n├úo existe

      502 |           };
      503 |         } catch (err) {
    > 504 |           console.error(
          |                   ^
      505 |             '[db][query] ERROR executing (no session):',
      506 |             text,
      507 |             params,

      at Object.error (lib/db.ts:504:19)
      at Object.<anonymous> (__tests__/lib/criarContaResponsavel.integration.test.ts:24:5)

    console.error
      Erro na query do banco (test, 366ms): error: coluna "tomador_id" n├úo existe
          at C:\apps\QWork\node_modules\.pnpm\pg@8.16.3\node_modules\pg\lib\client.js:545:17
          at processTicksAndRejections (node:internal/process/task_queues:105:5)
          at Object.query (C:\apps\QWork\lib\db.ts:489:26)
          at Object.<anonymous> (C:\apps\QWork\__tests__\lib\criarContaResponsavel.integration.test.ts:24:5) {
        length: 106,
        severity: 'ERRO',
        code: '42703',
        detail: undefined,
        hint: undefined,
        position: '36',
        internalPosition: undefined,
        internalQuery: undefined,
        where: undefined,
        schema: undefined,
        table: undefined,
        column: undefined,
        dataType: undefined,
        constraint: undefined,
        file: 'parse_relation.c',
        line: '3721',
        routine: 'errorMissingColumn'
      }

      599 |   } catch (error) {
      600 |     const duration = Date.now() - start;
    > 601 |     console.error(
          |             ^
      602 |       `Erro na query do banco (${environment}, ${duration}ms):`,
      603 |       error
      604 |     );

      at Object.error (lib/db.ts:601:13)
      at Object.<anonymous> (__tests__/lib/criarContaResponsavel.integration.test.ts:24:5)

    console.error
      [db][query] ERROR executing (no session): DELETE FROM tomadors_funcionarios WHERE tomador_id = $1 [ 9101 ] rela├º├úo "tomadors_funcionarios" n├úo existe

      502 |           };
      503 |         } catch (err) {
    > 504 |           console.error(
          |                   ^
      505 |             '[db][query] ERROR executing (no session):',
      506 |             text,
      507 |             params,

      at Object.error (lib/db.ts:504:19)
      at Object.<anonymous> (__tests__/lib/criarContaResponsavel.integration.test.ts:27:5)

    console.error
      Erro na query do banco (test, 2ms): error: rela├º├úo "tomadors_funcionarios" n├úo existe
          at C:\apps\QWork\node_modules\.pnpm\pg@8.16.3\node_modules\pg\lib\client.js:545:17
          at processTicksAndRejections (node:internal/process/task_queues:105:5)
          at Object.query (C:\apps\QWork\lib\db.ts:489:26)
          at Object.<anonymous> (C:\apps\QWork\__tests__\lib\criarContaResponsavel.integration.test.ts:27:5) {
        length: 117,
        severity: 'ERRO',
        code: '42P01',
        detail: undefined,
        hint: undefined,
        position: '13',
        internalPosition: undefined,
        internalQuery: undefined,
        where: undefined,
        schema: undefined,
        table: undefined,
        column: undefined,
        dataType: undefined,
        constraint: undefined,
        file: 'parse_relation.c',
        line: '1452',
        routine: 'parserOpenTable'
      }

      599 |   } catch (error) {
      600 |     const duration = Date.now() - start;
    > 601 |     console.error(
          |             ^
      602 |       `Erro na query do banco (${environment}, ${duration}ms):`,
      603 |       error
      604 |     );

      at Object.error (lib/db.ts:601:13)
      at Object.<anonymous> (__tests__/lib/criarContaResponsavel.integration.test.ts:27:5)

    console.error
      [db][query] ERROR executing (no session): DELETE FROM tomadors WHERE id = $1 [ 9101 ] rela├º├úo "tomadors" n├úo existe

      502 |           };
      503 |         } catch (err) {
    > 504 |           console.error(
          |                   ^
      505 |             '[db][query] ERROR executing (no session):',
      506 |             text,
      507 |             params,

      at Object.error (lib/db.ts:504:19)
      at Object.<anonymous> (__tests__/lib/criarContaResponsavel.integration.test.ts:38:5)

    console.error
      Erro na query do banco (test, 1ms): error: rela├º├úo "tomadors" n├úo existe
          at C:\apps\QWork\node_modules\.pnpm\pg@8.16.3\node_modules\pg\lib\client.js:545:17
          at processTicksAndRejections (node:internal/process/task_queues:105:5)
          at Object.query (C:\apps\QWork\lib\db.ts:489:26)
          at Object.<anonymous> (C:\apps\QWork\__tests__\lib\criarContaResponsavel.integration.test.ts:38:5) {
        length: 104,
        severity: 'ERRO',
        code: '42P01',
        detail: undefined,
        hint: undefined,
        position: '13',
        internalPosition: undefined,
        internalQuery: undefined,
        where: undefined,
        schema: undefined,
        table: undefined,
        column: undefined,
        dataType: undefined,
        constraint: undefined,
        file: 'parse_relation.c',
        line: '1452',
        routine: 'parserOpenTable'
      }

      599 |   } catch (error) {
      600 |     const duration = Date.now() - start;
    > 601 |     console.error(
          |             ^
      602 |       `Erro na query do banco (${environment}, ${duration}ms):`,
      603 |       error
      604 |     );

      at Object.error (lib/db.ts:601:13)
      at Object.<anonymous> (__tests__/lib/criarContaResponsavel.integration.test.ts:38:5)

    console.error
      [db][query] ERROR executing (no session): INSERT INTO tomadors (id, nome, cnpj, tipo, email, telefone, endereco, cidade, estado, cep, responsavel_nome, responsavel_cpf, responsavel_email, responsavel_celular, status, criado_em, atualizado_em) VALUES ($1,$2,$3,$4,$5,$6,$7,$8,$9,$10,$11,$12,$13,$14,$15,NOW(),NOW()) [
        9101,
        'Teste Integra DB Ltda',
        '12345678000999',
        'entidade',
        'integra-db@exemplo.com',
        '(11) 97777-7777',
        'Rua Integra, 99',
        'Cidade',
        'SP',
        '01234-567',
        'Teste Integra DB',
        '19999999999',
        'integra-db@exemplo.com',
        '(11) 97777-0000',
        'pendente'
      ] rela├º├úo "tomadors" n├úo existe

      502 |           };
      503 |         } catch (err) {
    > 504 |           console.error(
          |                   ^
      505 |             '[db][query] ERROR executing (no session):',
      506 |             text,
      507 |             params,

      at Object.error (lib/db.ts:504:19)
      at Object.<anonymous> (__tests__/lib/criarContaResponsavel.integration.test.ts:42:5)

    console.error
      Erro na query do banco (test, 2ms): error: rela├º├úo "tomadors" n├úo existe
          at C:\apps\QWork\node_modules\.pnpm\pg@8.16.3\node_modules\pg\lib\client.js:545:17
          at processTicksAndRejections (node:internal/process/task_queues:105:5)
          at Object.query (C:\apps\QWork\lib\db.ts:489:26)
          at Object.<anonymous> (C:\apps\QWork\__tests__\lib\criarContaResponsavel.integration.test.ts:42:5) {
        length: 104,
        severity: 'ERRO',
        code: '42P01',
        detail: undefined,
        hint: undefined,
        position: '13',
        internalPosition: undefined,
        internalQuery: undefined,
        where: undefined,
        schema: undefined,
        table: undefined,
        column: undefined,
        dataType: undefined,
        constraint: undefined,
        file: 'parse_relation.c',
        line: '1452',
        routine: 'parserOpenTable'
      }

      599 |   } catch (error) {
      600 |     const duration = Date.now() - start;
    > 601 |     console.error(
          |             ^
      602 |       `Erro na query do banco (${environment}, ${duration}ms):`,
      603 |       error
      604 |     );

      at Object.error (lib/db.ts:601:13)
      at Object.<anonymous> (__tests__/lib/criarContaResponsavel.integration.test.ts:42:5)

    console.error
      [db][query] ERROR executing (no session): DELETE FROM entidades_senhas WHERE tomador_id = $1 [ 9102 ] coluna "tomador_id" n├úo existe

      502 |           };
      503 |         } catch (err) {
    > 504 |           console.error(
          |                   ^
      505 |             '[db][query] ERROR executing (no session):',
      506 |             text,
      507 |             params,

      at Object.error (lib/db.ts:504:19)
      at Object.<anonymous> (__tests__/lib/criarContaResponsavel.integration.test.ts:114:5)

    console.error
      Erro na query do banco (test, 2ms): error: coluna "tomador_id" n├úo existe
          at C:\apps\QWork\node_modules\.pnpm\pg@8.16.3\node_modules\pg\lib\client.js:545:17
          at processTicksAndRejections (node:internal/process/task_queues:105:5)
          at Object.query (C:\apps\QWork\lib\db.ts:489:26)
          at Object.<anonymous> (C:\apps\QWork\__tests__\lib\criarContaResponsavel.integration.test.ts:114:5) {
        length: 106,
        severity: 'ERRO',
        code: '42703',
        detail: undefined,
        hint: undefined,
        position: '36',
        internalPosition: undefined,
        internalQuery: undefined,
        where: undefined,
        schema: undefined,
        table: undefined,
        column: undefined,
        dataType: undefined,
        constraint: undefined,
        file: 'parse_relation.c',
        line: '3721',
        routine: 'errorMissingColumn'
      }

      599 |   } catch (error) {
      600 |     const duration = Date.now() - start;
    > 601 |     console.error(
          |             ^
      602 |       `Erro na query do banco (${environment}, ${duration}ms):`,
      603 |       error
      604 |     );

      at Object.error (lib/db.ts:601:13)
      at Object.<anonymous> (__tests__/lib/criarContaResponsavel.integration.test.ts:114:5)

    console.error
      [db][query] ERROR executing (no session): DELETE FROM tomadors_funcionarios WHERE tomador_id = $1 [ 9102 ] rela├º├úo "tomadors_funcionarios" n├úo existe

      502 |           };
      503 |         } catch (err) {
    > 504 |           console.error(
          |                   ^
      505 |             '[db][query] ERROR executing (no session):',
      506 |             text,
      507 |             params,

      at Object.error (lib/db.ts:504:19)
      at Object.<anonymous> (__tests__/lib/criarContaResponsavel.integration.test.ts:117:5)

    console.error
      Erro na query do banco (test, 3ms): error: rela├º├úo "tomadors_funcionarios" n├úo existe
          at C:\apps\QWork\node_modules\.pnpm\pg@8.16.3\node_modules\pg\lib\client.js:545:17
          at processTicksAndRejections (node:internal/process/task_queues:105:5)
          at Object.query (C:\apps\QWork\lib\db.ts:489:26)
          at Object.<anonymous> (C:\apps\QWork\__tests__\lib\criarContaResponsavel.integration.test.ts:117:5) {
        length: 117,
        severity: 'ERRO',
        code: '42P01',
        detail: undefined,
        hint: undefined,
        position: '13',
        internalPosition: undefined,
        internalQuery: undefined,
        where: undefined,
        schema: undefined,
        table: undefined,
        column: undefined,
        dataType: undefined,
        constraint: undefined,
        file: 'parse_relation.c',
        line: '1452',
        routine: 'parserOpenTable'
      }

      599 |   } catch (error) {
      600 |     const duration = Date.now() - start;
    > 601 |     console.error(
          |             ^
      602 |       `Erro na query do banco (${environment}, ${duration}ms):`,
      603 |       error
      604 |     );

      at Object.error (lib/db.ts:601:13)
      at Object.<anonymous> (__tests__/lib/criarContaResponsavel.integration.test.ts:117:5)

    console.error
      [db][query] ERROR executing (no session): DELETE FROM tomadors WHERE id = $1 [ 9102 ] rela├º├úo "tomadors" n├úo existe

      502 |           };
      503 |         } catch (err) {
    > 504 |           console.error(
          |                   ^
      505 |             '[db][query] ERROR executing (no session):',
      506 |             text,
      507 |             params,

      at Object.error (lib/db.ts:504:19)
      at Object.<anonymous> (__tests__/lib/criarContaResponsavel.integration.test.ts:128:5)

    console.error
      Erro na query do banco (test, 2ms): error: rela├º├úo "tomadors" n├úo existe
          at C:\apps\QWork\node_modules\.pnpm\pg@8.16.3\node_modules\pg\lib\client.js:545:17
          at processTicksAndRejections (node:internal/process/task_queues:105:5)
          at Object.query (C:\apps\QWork\lib\db.ts:489:26)
          at Object.<anonymous> (C:\apps\QWork\__tests__\lib\criarContaResponsavel.integration.test.ts:128:5) {
        length: 104,
        severity: 'ERRO',
        code: '42P01',
        detail: undefined,
        hint: undefined,
        position: '13',
        internalPosition: undefined,
        internalQuery: undefined,
        where: undefined,
        schema: undefined,
        table: undefined,
        column: undefined,
        dataType: undefined,
        constraint: undefined,
        file: 'parse_relation.c',
        line: '1452',
        routine: 'parserOpenTable'
      }

      599 |   } catch (error) {
      600 |     const duration = Date.now() - start;
    > 601 |     console.error(
          |             ^
      602 |       `Erro na query do banco (${environment}, ${duration}ms):`,
      603 |       error
      604 |     );

      at Object.error (lib/db.ts:601:13)
      at Object.<anonymous> (__tests__/lib/criarContaResponsavel.integration.test.ts:128:5)

    console.error
      [db][query] ERROR executing (no session): INSERT INTO tomadors (id, nome, cnpj, tipo, email, telefone, endereco, cidade, estado, cep, responsavel_nome, responsavel_cpf, responsavel_email, responsavel_celular, status, criado_em, atualizado_em) VALUES ($1,$2,$3,$4,$5,$6,$7,$8,$9,$10,$11,$12,$13,$14,$15,NOW(),NOW()) [
        9102,
        'Teste Atualiza DB Ltda',
        '12345678000888',
        'entidade',
        'atualiza@exemplo.com',
        '(11) 96666-6666',
        'Rua Atualiza, 10',
        'Cidade',
        'SP',
        '01234-567',
        'Nome Atualiza',
        '18888888888',
        'atualiza@exemplo.com',
        '(11) 96666-0000',
        'pendente'
      ] rela├º├úo "tomadors" n├úo existe

      502 |           };
      503 |         } catch (err) {
    > 504 |           console.error(
          |                   ^
      505 |             '[db][query] ERROR executing (no session):',
      506 |             text,
      507 |             params,

      at Object.error (lib/db.ts:504:19)
      at Object.<anonymous> (__tests__/lib/criarContaResponsavel.integration.test.ts:132:5)

    console.error
      Erro na query do banco (test, 2ms): error: rela├º├úo "tomadors" n├úo existe
          at C:\apps\QWork\node_modules\.pnpm\pg@8.16.3\node_modules\pg\lib\client.js:545:17
          at processTicksAndRejections (node:internal/process/task_queues:105:5)
          at Object.query (C:\apps\QWork\lib\db.ts:489:26)
          at Object.<anonymous> (C:\apps\QWork\__tests__\lib\criarContaResponsavel.integration.test.ts:132:5) {
        length: 104,
        severity: 'ERRO',
        code: '42P01',
        detail: undefined,
        hint: undefined,
        position: '13',
        internalPosition: undefined,
        internalQuery: undefined,
        where: undefined,
        schema: undefined,
        table: undefined,
        column: undefined,
        dataType: undefined,
        constraint: undefined,
        file: 'parse_relation.c',
        line: '1452',
        routine: 'parserOpenTable'
      }

      599 |   } catch (error) {
      600 |     const duration = Date.now() - start;
    > 601 |     console.error(
          |             ^
      602 |       `Erro na query do banco (${environment}, ${duration}ms):`,
      603 |       error
      604 |     );

      at Object.error (lib/db.ts:601:13)
      at Object.<anonymous> (__tests__/lib/criarContaResponsavel.integration.test.ts:132:5)

  ÔùÅ criarContaResponsavel - integra├º├úo (mocks DB) ÔÇ║ Deve inserir senha e criar funcion├írio quando n├úo existir (DB real)

    error: rela├º├úo "tomadors" n├úo existe

      487 |         // No session: just execute the query normally
      488 |         try {
    > 489 |           const result = await client.query(text, params);
          |                          ^
      490 |           const duration = Date.now() - start;
      491 |
      492 |           // Log apenas queries lentas (>500ms)

      at node_modules/.pnpm/pg@8.16.3/node_modules/pg/lib/client.js:545:17
      at Object.query (lib/db.ts:489:26)
      at Object.<anonymous> (__tests__/lib/criarContaResponsavel.integration.test.ts:42:5)

  ÔùÅ criarContaResponsavel - integra├º├úo (mocks DB) ÔÇ║ Deve atualizar senha quando j├í existir (DB real)

    error: rela├º├úo "tomadors" n├úo existe

      487 |         // No session: just execute the query normally
      488 |         try {
    > 489 |           const result = await client.query(text, params);
          |                          ^
      490 |           const duration = Date.now() - start;
      491 |
      492 |           // Log apenas queries lentas (>500ms)

      at node_modules/.pnpm/pg@8.16.3/node_modules/pg/lib/client.js:545:17
      at Object.query (lib/db.ts:489:26)
      at Object.<anonymous> (__tests__/lib/criarContaResponsavel.integration.test.ts:132:5)

FAIL __tests__/lib/db-emissor.test.ts
  ÔùÅ Console

    console.log
      [dotenv@17.2.3] injecting env (0) from .env.test -- tip: ÔÜÖ´©Å  override existing env vars with { override: true }

      at _log (node_modules/.pnpm/dotenv@17.2.3/node_modules/dotenv/lib/main.js:142:11)

    console.log
      ­ƒøí´©Å [jest.setup] Removendo DATABASE_URL do ambiente de testes (valor n├úo importa)

      at Object.<anonymous> (__tests__/config/jest.setup.js:125:17)

    console.log
      ­ƒøí´©Å [jest.setup] Prote├º├úo do banco de testes ativada - usando: nr-bps_db_test

      at Object.<anonymous> (__tests__/config/jest.setup.js:150:13)

    console.log
      ­ƒöî [lib/db.ts] Conectado ao banco: nr-bps_db_test @ localhost (ambiente: test)

      at Object.log (lib/db.ts:673:15)

    console.log
      [db][query] local (117ms): INSERT INTO usuarios (
            cpf,
            nome,
            email,
            tipo_usuario,
            senha_hash,
            ativo,
            criado_em,
            atualizado_em
          )
          VALUES ($1, $2, $3, 'emissor', $4, true, NO...

      at log (lib/db.ts:468:23)

    console.debug
      [CRIAR_EMISSOR] Emissor independente criado: 99900000001 (clinica_id = NULL)

      at debug (lib/db.ts:1949:13)

    console.debug
      [CRIAR_EMISSOR] Coluna `role` n├úo existe no schema local ÔÇö ignorando.

      at debug (lib/db.ts:1966:17)

    console.log
      [db][query] local (7ms): INSERT INTO usuarios (
            cpf,
            nome,
            email,
            tipo_usuario,
            senha_hash,
            ativo,
            criado_em,
            atualizado_em
          )
          VALUES ($1, $2, $3, 'emissor', $4, true, NO...

      at log (lib/db.ts:468:23)

    console.debug
      [CRIAR_EMISSOR] Emissor independente criado: 99900000002 (clinica_id = NULL)

      at debug (lib/db.ts:1949:13)

    console.debug
      [CRIAR_EMISSOR] Coluna `role` n├úo existe no schema local ÔÇö ignorando.

      at debug (lib/db.ts:1966:17)

    console.log
      [db][query] local (8ms): INSERT INTO usuarios (
            cpf,
            nome,
            email,
            tipo_usuario,
            senha_hash,
            ativo,
            criado_em,
            atualizado_em
          )
          VALUES ($1, $2, $3, 'emissor', $4, true, NO...

      at log (lib/db.ts:468:23)

    console.debug
      [CRIAR_EMISSOR] Emissor independente criado: 99900000003 (clinica_id = NULL)

      at debug (lib/db.ts:1949:13)

    console.debug
      [CRIAR_EMISSOR] Coluna `role` n├úo existe no schema local ÔÇö ignorando.

      at debug (lib/db.ts:1966:17)

    console.log
      [db][query] local (4ms): INSERT INTO usuarios (
            cpf,
            nome,
            email,
            tipo_usuario,
            senha_hash,
            ativo,
            criado_em,
            atualizado_em
          )
          VALUES ($1, $2, $3, 'emissor', $4, true, NO...

      at log (lib/db.ts:468:23)

    console.debug
      [CRIAR_EMISSOR] Emissor independente criado: 99900000004 (clinica_id = NULL)

      at debug (lib/db.ts:1949:13)

    console.debug
      [CRIAR_EMISSOR] Coluna `role` n├úo existe no schema local ÔÇö ignorando.

      at debug (lib/db.ts:1966:17)

    console.log
      [db][query] local (5ms): INSERT INTO usuarios (
            cpf,
            nome,
            email,
            tipo_usuario,
            senha_hash,
            ativo,
            criado_em,
            atualizado_em
          )
          VALUES ($1, $2, $3, 'emissor', $4, true, NO...

      at log (lib/db.ts:468:23)

    console.debug
      [CRIAR_EMISSOR] Emissor independente criado: 99900000006 (clinica_id = NULL)

      at debug (lib/db.ts:1949:13)

    console.debug
      [CRIAR_EMISSOR] Coluna `role` n├úo existe no schema local ÔÇö ignorando.

      at debug (lib/db.ts:1966:17)

    console.log
      [db][query] local (5ms): INSERT INTO usuarios (
            cpf,
            nome,
            email,
            tipo_usuario,
            senha_hash,
            ativo,
            criado_em,
            atualizado_em
          )
          VALUES ($1, $2, $3, 'emissor', $4, true, NO...

      at log (lib/db.ts:468:23)

    console.debug
      [CRIAR_EMISSOR] Emissor independente criado: 99900000006 (clinica_id = NULL)

      at debug (lib/db.ts:1949:13)

    console.debug
      [CRIAR_EMISSOR] Coluna `role` n├úo existe no schema local ÔÇö ignorando.

      at debug (lib/db.ts:1966:17)

    console.debug
      [CRIAR_EMISSOR] Emissor independente criado: 99900000007 (clinica_id = NULL)

      at debug (lib/db.ts:1949:13)

    console.debug
      [CRIAR_EMISSOR] Coluna `role` n├úo existe no schema local ÔÇö ignorando.

      at debug (lib/db.ts:1966:17)

  ÔùÅ lib/db - criarEmissorIndependente ÔÇ║ deve criar emissor com clinica_id NULL

    error: coluna "role" n├úo existe

      487 |         // No session: just execute the query normally
      488 |         try {
    > 489 |           const result = await client.query(text, params);
          |                          ^
      490 |           const duration = Date.now() - start;
      491 |
      492 |           // Log apenas queries lentas (>500ms)

      at node_modules/.pnpm/pg@8.16.3/node_modules/pg/lib/client.js:545:17
      at query (lib/db.ts:489:26)
      at Object.<anonymous> (__tests__/lib/db-emissor.test.ts:47:20)

PASS __tests__/components/FormGroup.test.tsx
  ÔùÅ Console

    console.log
      [dotenv@17.2.3] injecting env (0) from .env.test -- tip: ­ƒøá´©Å  run anywhere with `dotenvx run -- yourcommand`

      at _log (node_modules/.pnpm/dotenv@17.2.3/node_modules/dotenv/lib/main.js:142:11)

    console.log
      ­ƒøí´©Å [jest.setup] Removendo DATABASE_URL do ambiente de testes (valor n├úo importa)

      at Object.<anonymous> (__tests__/config/jest.setup.js:125:17)

    console.log
      ­ƒøí´©Å [jest.setup] Prote├º├úo do banco de testes ativada - usando: nr-bps_db_test

      at Object.<anonymous> (__tests__/config/jest.setup.js:150:13)

RBAC seed applied to test database
FAIL __tests__/lib/db-admin-scripts.test.ts
  ÔùÅ Console

    console.log
      [dotenv@17.2.3] injecting env (0) from .env.test -- tip: Ô£à audit secrets and track compliance: https://dotenvx.com/ops

      at _log (node_modules/.pnpm/dotenv@17.2.3/node_modules/dotenv/lib/main.js:142:11)

    console.log
      ­ƒøí´©Å [jest.setup] Removendo DATABASE_URL do ambiente de testes (valor n├úo importa)

      at Object.<anonymous> (__tests__/config/jest.setup.js:125:17)

    console.log
      ­ƒøí´©Å [jest.setup] Prote├º├úo do banco de testes ativada - usando: nr-bps_db_test

      at Object.<anonymous> (__tests__/config/jest.setup.js:150:13)

    console.log
      ­ƒöî [lib/db.ts] Conectado ao banco: nr-bps_db_test @ localhost (ambiente: test)

      at Object.log (lib/db.ts:673:15)

    console.log
      [Admin Script] Executando: Script administrativo

      at log (lib/db-admin-scripts.ts:66:13)

    console.log
      [Admin Script] Contexto: CPF=00000000000, Perfil=admin

      at log (lib/db-admin-scripts.ts:67:13)

    console.log
      [Admin Script] Ô£à Opera├º├úo bem-sucedida: Script administrativo

      at log (lib/db-admin-scripts.ts:74:13)

    console.log
      [Admin Script] Executando: Script administrativo

      at log (lib/db-admin-scripts.ts:66:13)

    console.log
      [Admin Script] Contexto: CPF=00000000000, Perfil=admin

      at log (lib/db-admin-scripts.ts:67:13)

    console.log
      [Admin Script] Ô£à Opera├º├úo bem-sucedida: Script administrativo

      at log (lib/db-admin-scripts.ts:74:13)

    console.log
      [Admin Script] Executando: Script administrativo

      at log (lib/db-admin-scripts.ts:66:13)

    console.log
      [Admin Script] Contexto: CPF=00000000000, Perfil=admin

      at log (lib/db-admin-scripts.ts:67:13)

    console.log
      [Admin Script] Ô£à Opera├º├úo bem-sucedida: Script administrativo

      at log (lib/db-admin-scripts.ts:74:13)

    console.log
      [Admin Script] Executando: Teste de contexto customizado

      at log (lib/db-admin-scripts.ts:66:13)

    console.log
      [Admin Script] Contexto: CPF=12345678901, Perfil=gestor

      at log (lib/db-admin-scripts.ts:67:13)

    console.log
      [Admin Script] Ô£à Opera├º├úo bem-sucedida: Teste de contexto customizado

      at log (lib/db-admin-scripts.ts:74:13)

    console.log
      [Admin Script] Executando: Teste de resultado

      at log (lib/db-admin-scripts.ts:66:13)

    console.log
      [Admin Script] Contexto: CPF=00000000000, Perfil=admin

      at log (lib/db-admin-scripts.ts:67:13)

    console.log
      [Admin Script] Ô£à Opera├º├úo bem-sucedida: Teste de resultado

      at log (lib/db-admin-scripts.ts:74:13)

    console.log
      [Admin Script] Executando: Atualizar senha CPF 88888888888 - Motivo: Teste unit├írio

      at log (lib/db-admin-scripts.ts:66:13)

    console.log
      [Admin Script] Contexto: CPF=00000000000, Perfil=admin

      at log (lib/db-admin-scripts.ts:67:13)

    console.log
      [Admin Script] Ô£à Opera├º├úo bem-sucedida: Atualizar senha CPF 88888888888 - Motivo: Teste unit├írio

      at log (lib/db-admin-scripts.ts:74:13)

    console.log
      [Admin Script] Executando: Atualizar senha CPF 11111111111 - Motivo: Teste erro

      at log (lib/db-admin-scripts.ts:66:13)

    console.log
      [Admin Script] Contexto: CPF=00000000000, Perfil=admin

      at log (lib/db-admin-scripts.ts:67:13)

    console.log
      [Admin Script] Executando: Atualizar senha CPF 88888888888 - Motivo: Teste com motivo espec├¡fico

      at log (lib/db-admin-scripts.ts:66:13)

    console.log
      [Admin Script] Contexto: CPF=00000000000, Perfil=admin

      at log (lib/db-admin-scripts.ts:67:13)

  ÔùÅ lib/db-admin-scripts ÔÇ║ atualizarSenhaAdmin ÔÇ║ deve aceitar motivo da altera├º├úo

    Usu├írio CPF 88888888888 n├úo encontrado

      105 |
      106 |       if (antes.rows.length === 0) {
    > 107 |         throw new Error(`Usu├írio CPF ${cpf} n├úo encontrado`);
          |               ^
      108 |       }
      109 |
      110 |       // Atualizar senha

      at withAdminContext.cpf (lib/db-admin-scripts.ts:107:15)
      at withAdminContext (lib/db-admin-scripts.ts:70:20)
      at Object.<anonymous> (__tests__/lib/db-admin-scripts.test.ts:190:25)

RBAC seed applied to test database
RBAC seed applied to test database
RBAC seed applied to test database
PASS __tests__/components/DetalhesFuncionario-acesso.test.tsx
  ÔùÅ Console

    console.log
      [dotenv@17.2.3] injecting env (0) from .env.test -- tip: ­ƒöä add secrets lifecycle management: https://dotenvx.com/ops

      at _log (node_modules/.pnpm/dotenv@17.2.3/node_modules/dotenv/lib/main.js:142:11)

    console.log
      ­ƒøí´©Å [jest.setup] Removendo DATABASE_URL do ambiente de testes (valor n├úo importa)

      at Object.<anonymous> (__tests__/config/jest.setup.js:125:17)

    console.log
      ­ƒøí´©Å [jest.setup] Prote├º├úo do banco de testes ativada - usando: nr-bps_db_test

      at Object.<anonymous> (__tests__/config/jest.setup.js:150:13)

RBAC seed applied to test database
FAIL __tests__/hooks/useCadastroTomador.test.tsx
  ÔùÅ Console

    console.log
      [dotenv@17.2.3] injecting env (0) from .env.test -- tip: ­ƒæÑ sync secrets across teammates & machines: https://dotenvx.com/ops

      at _log (node_modules/.pnpm/dotenv@17.2.3/node_modules/dotenv/lib/main.js:142:11)

    console.log
      ­ƒøí´©Å [jest.setup] Removendo DATABASE_URL do ambiente de testes (valor n├úo importa)

      at Object.<anonymous> (__tests__/config/jest.setup.js:125:17)

    console.log
      ­ƒøí´©Å [jest.setup] Prote├º├úo do banco de testes ativada - usando: nr-bps_db_test

      at Object.<anonymous> (__tests__/config/jest.setup.js:150:13)

  ÔùÅ useCadastroTomador ÔÇ║ submit envia dados e retorna redirect

    not found

      22 |       });
      23 |       const data = await res.json();
    > 24 |       if (!res.ok) throw new Error(data.error || 'Erro ao enviar cadastro');
         |                          ^
      25 |       return data;
      26 |     },
      27 |   };

      at Object.enviarCadastro (lib/cadastroApi.ts:24:26)
      at Object.submit (hooks/useCadastroTomador.ts:235:20)
      at __tests__/hooks/useCadastroTomador.test.tsx:127:13

  ÔùÅ useCadastroTomador ÔÇ║ quando cadastro retorna contrato_id, redirect inclui contrato_id

    not found

      22 |       });
      23 |       const data = await res.json();
    > 24 |       if (!res.ok) throw new Error(data.error || 'Erro ao enviar cadastro');
         |                          ^
      25 |       return data;
      26 |     },
      27 |   };

      at Object.enviarCadastro (lib/cadastroApi.ts:24:26)
      at Object.submit (hooks/useCadastroTomador.ts:235:20)
      at __tests__/hooks/useCadastroTomador.test.tsx:187:13

FAIL __tests__/components/rh/LotesGrid.test.tsx
  ÔùÅ Console

    console.log
      [dotenv@17.2.3] injecting env (0) from .env.test -- tip: ­ƒôí add observability to secrets: https://dotenvx.com/ops

      at _log (node_modules/.pnpm/dotenv@17.2.3/node_modules/dotenv/lib/main.js:142:11)

    console.log
      ­ƒøí´©Å [jest.setup] Removendo DATABASE_URL do ambiente de testes (valor n├úo importa)

      at Object.<anonymous> (__tests__/config/jest.setup.js:125:17)

    console.log
      ­ƒøí´©Å [jest.setup] Prote├º├úo do banco de testes ativada - usando: nr-bps_db_test

      at Object.<anonymous> (__tests__/config/jest.setup.js:150:13)

  ÔùÅ LotesGrid ÔÇ║ deve chamar onRelatorioSetor quando bot├úo ├® clicado

    TestingLibraryElementError: Unable to find an element with the text: ­ƒôï Relat├│rio por Setor. This could be because the text is broken up by multiple elements. In this case, you can provide a function for your text matcher to make your matcher more flexible.

    Ignored nodes: comments, script, style
    <body>
      <div>
        <div
          class="grid grid-cols-1 md:grid-cols-2 lg:grid-cols-3 gap-6 max-h-[60vh] lg:max-h-none overflow-y-auto lotes-grid"
        >
          <div
            aria-label="Ver detalhes do lote 1"
            class="bg-gray-50 rounded-lg p-5 border border-gray-200 hover:shadow-lg hover:border-primary transition-all cursor-pointer"
            role="button"
            tabindex="0"
          >
            <div
              class="mb-4"
            >
              <div
                class="flex items-center justify-between mb-1"
              >
                <h5
                  class="font-semibold text-gray-800 text-base"
                >
                  Lote ID: 
                  1
                </h5>
                <span
                  class="inline-flex items-center px-2 py-1 rounded-full text-xs font-medium bg-orange-100 text-orange-800 border border-orange-200"
                >
                  ÔÜá´©Å 
                  1
                   inativada
                </span>
              </div>
              <p
                class="text-sm text-gray-600"
              >
                Empresa: 
                N/A
              </p>
              <p
                class="text-xs text-gray-500"
              >
                Liberado em
                 
                15/01/2024
                 ├ás
                 
                07:00
              </p>
            </div>
            <div
              class="space-y-2 mb-4"
            >
              <div
                class="flex justify-between text-sm"
              >
                <span>
                  Avalia├º├Áes liberadas:
                </span>
                <span
                  class="font-medium"
                >
                  10
                </span>
              </div>
              <div
                class="flex justify-between text-sm"
              >
                <span>
                  Conclu├¡das:
                </span>
                <span
                  class="font-medium text-green-600"
                >
                  8
                </span>
              </div>
              <div
                class="flex justify-between text-sm"
              >
                <span
                  class="flex items-center gap-1"
                >
                  <span>
                    Inativadas:
                  </span>
                  <span
                    class="text-xs text-gray-500"
                    title="Avalia├º├Áes de funcion├írios inativos n├úo contam para a prontid├úo"
                  >
                    Ôôÿ
                  </span>
                </span>
                <span
                  class="font-medium text-red-600"
                >
                  1
                </span>
              </div>
              <div
                class="flex justify-between text-sm"
              >
                <span>
                  Ativas consideradas:
                </span>
                <span
                  class="font-medium text-blue-600"
                >
                  9
                </span>
              </div>
              <div
                class="flex justify-between text-sm"
              >
                <span>
                  Status relat├│rio:
                </span>
                <span
                  class="px-2 py-1 text-xs rounded-full font-medium bg-yellow-100 text-yellow-800"
                >
                  Pendente
                </span>
              </div>
            </div>
          </div>
          <div
            aria-label="Ver detalhes do lote 2"
            class="bg-gray-50 rounded-lg p-5 border border-gray-200 hover:shadow-lg hover:border-primary transition-all cursor-pointer"
            role="button"
            tabindex="0"
          >
            <div
              class="mb-4"
            >
              <div
                class="flex items-center justify-between mb-1"
              >
                <h5
                  class="font-semibold text-gray-800 text-base"
                >
                  Lote ID: 
                  2
                </h5>
              </div>
              <p
                class="text-sm text-gray-600"
              >
                Empresa: 
                N/A
              </p>
              <p
                class="text-xs text-gray-500"
              >
                Liberado em
                 
                15/02/2024
                 ├ás
                 
                07:00
              </p>
            </div>
            <div
              class="space-y-2 mb-4"
            >
              <div
                class="flex justify-between text-sm"
              >
                <span>
                  Avalia├º├Áes liberadas:
                </span>
                <span
                  class="font-medium"
                >
                  5
                </span>
              </div>
              <div
                class="flex justify-between text-sm"
              >
                <span>
                  Conclu├¡das:
                </span>
                <span
                  class="font-medium text-green-600"
                >
                  5
                </span>
              </div>
              <div
                class="flex justify-between text-sm"
              >
                <span>
                  Ativas consideradas:
                </span>
                <span
                  class="font-medium text-blue-600"
                >
                  5
                </span>
              </div>
              <div
                class="flex justify-between text-sm"
              >
                <span>
                  Status relat├│rio:
                </span>
                <span
                  class="px-2 py-1 text-xs rounded-full font-medium bg-green-100 text-green-800"
                >
                  Pronto
                </span>
              </div>
            </div>
            <div
              class="p-3 bg-blue-50 rounded border border-blue-200"
            >
              <div
                class="flex items-center justify-between mb-2"
              >
                <span
                  class="text-sm font-medium text-blue-800"
                >
                  ­ƒôä Laudo dispon├¡vel
                </span>
                <span
                  class="text-xs text-blue-600"
                >
                  20/02/2024 ├ás 11:30
                </span>
              </div>
              <p
                class="text-xs text-blue-700 mb-2"
              >
                Emissor: 
                Dr. Jo├úo Silva
              </p>
              <button
                class="w-full bg-blue-600 text-white px-3 py-2 rounded text-sm hover:bg-blue-700 transition-colors disabled:bg-gray-400 disabled:cursor-not-allowed mb-3"
              >
                Ver Laudo/Baixar PDF
              </button>
              <div
                class="bg-white p-2 rounded border border-blue-100"
              >
                <div
                  class="flex items-center justify-between mb-1"
                >
                  <span
                    class="text-xs font-semibold text-blue-800"
                  >
                    ­ƒöÆ Hash SHA-256
                  </span>
                  <button
                    aria-label="Copiar hash do laudo ID 1"
                    class="inline-flex items-center gap-1 bg-blue-600 text-white px-2 py-1 rounded text-xs hover:bg-blue-700 focus:outline-none"
                    title="Copiar hash completo"
                  >
                    ­ƒôï Copiar
                  </button>
                </div>
                <code
                  class="text-[10px] font-mono text-gray-700 break-all block"
                >
                  abc123
                </code>
              </div>
            </div>
          </div>
        </div>
      </div>
    </body>

      116 |     );
      117 |
    > 118 |     const relatorioButtons = screen.getAllByText('­ƒôï Relat├│rio por Setor');
          |                                     ^
      119 |     const enabledButton = relatorioButtons.find((button) => !button.disabled);
      120 |     if (enabledButton) {
      121 |       fireEvent.click(enabledButton);

      at Object.getElementError (node_modules/.pnpm/@testing-library+dom@10.4.1/node_modules/@testing-library/dom/dist/config.js:37:19)
      at node_modules/.pnpm/@testing-library+dom@10.4.1/node_modules/@testing-library/dom/dist/query-helpers.js:76:38
      at node_modules/.pnpm/@testing-library+dom@10.4.1/node_modules/@testing-library/dom/dist/query-helpers.js:109:15
      at Object.getAllByText (__tests__/components/rh/LotesGrid.test.tsx:118:37)

  ÔùÅ LotesGrid ÔÇ║ deve desabilitar bot├úo de relat├│rio para lote n├úo pronto

    TestingLibraryElementError: Unable to find an element with the text: ­ƒôï Relat├│rio por Setor. This could be because the text is broken up by multiple elements. In this case, you can provide a function for your text matcher to make your matcher more flexible.

    Ignored nodes: comments, script, style
    <body>
      <div>
        <div
          class="grid grid-cols-1 md:grid-cols-2 lg:grid-cols-3 gap-6 max-h-[60vh] lg:max-h-none overflow-y-auto lotes-grid"
        >
          <div
            aria-label="Ver detalhes do lote 1"
            class="bg-gray-50 rounded-lg p-5 border border-gray-200 hover:shadow-lg hover:border-primary transition-all cursor-pointer"
            role="button"
            tabindex="0"
          >
            <div
              class="mb-4"
            >
              <div
                class="flex items-center justify-between mb-1"
              >
                <h5
                  class="font-semibold text-gray-800 text-base"
                >
                  Lote ID: 
                  1
                </h5>
                <span
                  class="inline-flex items-center px-2 py-1 rounded-full text-xs font-medium bg-orange-100 text-orange-800 border border-orange-200"
                >
                  ÔÜá´©Å 
                  1
                   inativada
                </span>
              </div>
              <p
                class="text-sm text-gray-600"
              >
                Empresa: 
                N/A
              </p>
              <p
                class="text-xs text-gray-500"
              >
                Liberado em
                 
                15/01/2024
                 ├ás
                 
                07:00
              </p>
            </div>
            <div
              class="space-y-2 mb-4"
            >
              <div
                class="flex justify-between text-sm"
              >
                <span>
                  Avalia├º├Áes liberadas:
                </span>
                <span
                  class="font-medium"
                >
                  10
                </span>
              </div>
              <div
                class="flex justify-between text-sm"
              >
                <span>
                  Conclu├¡das:
                </span>
                <span
                  class="font-medium text-green-600"
                >
                  8
                </span>
              </div>
              <div
                class="flex justify-between text-sm"
              >
                <span
                  class="flex items-center gap-1"
                >
                  <span>
                    Inativadas:
                  </span>
                  <span
                    class="text-xs text-gray-500"
                    title="Avalia├º├Áes de funcion├írios inativos n├úo contam para a prontid├úo"
                  >
                    Ôôÿ
                  </span>
                </span>
                <span
                  class="font-medium text-red-600"
                >
                  1
                </span>
              </div>
              <div
                class="flex justify-between text-sm"
              >
                <span>
                  Ativas consideradas:
                </span>
                <span
                  class="font-medium text-blue-600"
                >
                  9
                </span>
              </div>
              <div
                class="flex justify-between text-sm"
              >
                <span>
                  Status relat├│rio:
                </span>
                <span
                  class="px-2 py-1 text-xs rounded-full font-medium bg-yellow-100 text-yellow-800"
                >
                  Pendente
                </span>
              </div>
            </div>
          </div>
          <div
            aria-label="Ver detalhes do lote 2"
            class="bg-gray-50 rounded-lg p-5 border border-gray-200 hover:shadow-lg hover:border-primary transition-all cursor-pointer"
            role="button"
            tabindex="0"
          >
            <div
              class="mb-4"
            >
              <div
                class="flex items-center justify-between mb-1"
              >
                <h5
                  class="font-semibold text-gray-800 text-base"
                >
                  Lote ID: 
                  2
                </h5>
              </div>
              <p
                class="text-sm text-gray-600"
              >
                Empresa: 
                N/A
              </p>
              <p
                class="text-xs text-gray-500"
              >
                Liberado em
                 
                15/02/2024
                 ├ás
                 
                07:00
              </p>
            </div>
            <div
              class="space-y-2 mb-4"
            >
              <div
                class="flex justify-between text-sm"
              >
                <span>
                  Avalia├º├Áes liberadas:
                </span>
                <span
                  class="font-medium"
                >
                  5
                </span>
              </div>
              <div
                class="flex justify-between text-sm"
              >
                <span>
                  Conclu├¡das:
                </span>
                <span
                  class="font-medium text-green-600"
                >
                  5
                </span>
              </div>
              <div
                class="flex justify-between text-sm"
              >
                <span>
                  Ativas consideradas:
                </span>
                <span
                  class="font-medium text-blue-600"
                >
                  5
                </span>
              </div>
              <div
                class="flex justify-between text-sm"
              >
                <span>
                  Status relat├│rio:
                </span>
                <span
                  class="px-2 py-1 text-xs rounded-full font-medium bg-green-100 text-green-800"
                >
                  Pronto
                </span>
              </div>
            </div>
            <div
              class="p-3 bg-blue-50 rounded border border-blue-200"
            >
              <div
                class="flex items-center justify-between mb-2"
              >
                <span
                  class="text-sm font-medium text-blue-800"
                >
                  ­ƒôä Laudo dispon├¡vel
                </span>
                <span
                  class="text-xs text-blue-600"
                >
                  20/02/2024 ├ás 11:30
                </span>
              </div>
              <p
                class="text-xs text-blue-700 mb-2"
              >
                Emissor: 
                Dr. Jo├úo Silva
              </p>
              <button
                class="w-full bg-blue-600 text-white px-3 py-2 rounded text-sm hover:bg-blue-700 transition-colors disabled:bg-gray-400 disabled:cursor-not-allowed mb-3"
              >
                Ver Laudo/Baixar PDF
              </button>
              <div
                class="bg-white p-2 rounded border border-blue-100"
              >
                <div
                  class="flex items-center justify-between mb-1"
                >
                  <span
                    class="text-xs font-semibold text-blue-800"
                  >
                    ­ƒöÆ Hash SHA-256
                  </span>
                  <button
                    aria-label="Copiar hash do laudo ID 1"
                    class="inline-flex items-center gap-1 bg-blue-600 text-white px-2 py-1 rounded text-xs hover:bg-blue-700 focus:outline-none"
                    title="Copiar hash completo"
                  >
                    ­ƒôï Copiar
                  </button>
                </div>
                <code
                  class="text-[10px] font-mono text-gray-700 break-all block"
                >
                  abc123
                </code>
              </div>
            </div>
          </div>
        </div>
      </div>
    </body>

      128 |     render(<LotesGrid {...defaultProps} />);
      129 |
    > 130 |     const relatorioButtons = screen.getAllByText('­ƒôï Relat├│rio por Setor');
          |                                     ^
      131 |     const primeiroLoteButton = relatorioButtons[0];
      132 |
      133 |     expect(primeiroLoteButton).toBeDisabled();

      at Object.getElementError (node_modules/.pnpm/@testing-library+dom@10.4.1/node_modules/@testing-library/dom/dist/config.js:37:19)
      at node_modules/.pnpm/@testing-library+dom@10.4.1/node_modules/@testing-library/dom/dist/query-helpers.js:76:38
      at node_modules/.pnpm/@testing-library+dom@10.4.1/node_modules/@testing-library/dom/dist/query-helpers.js:109:15
      at Object.getAllByText (__tests__/components/rh/LotesGrid.test.tsx:130:37)

FAIL __tests__/database/continuous-ids-sequence.test.ts (5.128 s)
  ÔùÅ Console

    console.log
      [dotenv@17.2.3] injecting env (0) from .env.test -- tip: ÔÜÖ´©Å  write to custom object with { processEnv: myObject }

      at _log (node_modules/.pnpm/dotenv@17.2.3/node_modules/dotenv/lib/main.js:142:11)

    console.log
      ­ƒøí´©Å [jest.setup] Removendo DATABASE_URL do ambiente de testes (valor n├úo importa)

      at Object.<anonymous> (__tests__/config/jest.setup.js:125:17)

    console.log
      ­ƒøí´©Å [jest.setup] Prote├º├úo do banco de testes ativada - usando: nr-bps_db_test

      at Object.<anonymous> (__tests__/config/jest.setup.js:150:13)

  ÔùÅ Sequ├¬ncia Cont├¡nua de IDs (entidades + cl├¡nicas) ÔÇ║ altern├óncia entre entidades e cl├¡nicas deve gerar IDs cont├¡nuos

    error: duplicar valor da chave viola a restri├º├úo de unicidade "entidades_pkey"

      20 |     await client.query("SET LOCAL app.current_user_cpf = '00000000000'");
      21 |     await client.query("SET LOCAL app.current_user_perfil = 'admin'");
    > 22 |     const result = await client.query(text, params);
         |                    ^
      23 |     await client.query('COMMIT');
      24 |     return result;
      25 |   } catch (error) {

      at node_modules/.pnpm/pg@8.16.3/node_modules/pg/lib/client.js:545:17
      at queryWithAdminContext (__tests__/database/continuous-ids-sequence.test.ts:22:20)
      at Object.<anonymous> (__tests__/database/continuous-ids-sequence.test.ts:152:18)

RBAC seed applied to test database
RBAC seed applied to test database
RBAC seed applied to test database
PASS __tests__/lib/cpf-utils.test.ts
  ÔùÅ Console

    console.log
      [dotenv@17.2.3] injecting env (0) from .env.test -- tip: ÔÜÖ´©Å  override existing env vars with { override: true }

      at _log (node_modules/.pnpm/dotenv@17.2.3/node_modules/dotenv/lib/main.js:142:11)

    console.log
      ­ƒøí´©Å [jest.setup] Removendo DATABASE_URL do ambiente de testes (valor n├úo importa)

      at Object.<anonymous> (__tests__/config/jest.setup.js:125:17)

    console.log
      ­ƒøí´©Å [jest.setup] Prote├º├úo do banco de testes ativada - usando: nr-bps_db_test

      at Object.<anonymous> (__tests__/config/jest.setup.js:150:13)

FAIL __tests__/api/cadastro-bifurcacao-personalizado.test.ts
  ÔùÅ Console

    console.log
      [dotenv@17.2.3] injecting env (0) from .env.test -- tip: ­ƒæÑ sync secrets across teammates & machines: https://dotenvx.com/ops

      at _log (node_modules/.pnpm/dotenv@17.2.3/node_modules/dotenv/lib/main.js:142:11)

    console.log
      ­ƒøí´©Å [jest.setup] Removendo DATABASE_URL do ambiente de testes (valor n├úo importa)

      at Object.<anonymous> (__tests__/config/jest.setup.js:125:17)

    console.log
      ­ƒøí´©Å [jest.setup] Prote├º├úo do banco de testes ativada - usando: nr-bps_db_test

      at Object.<anonymous> (__tests__/config/jest.setup.js:150:13)

    console.log
      ­ƒöî [lib/db.ts] Conectado ao banco: nr-bps_db_test @ localhost (ambiente: test)

      at Object.log (lib/db.ts:673:15)

    console.info
      {"event":"cadastro_tomador_start","cnpj":"********000123","email":"fixo@test.com","planoId":63,"ip":"127.0.0.1"}

      at info (app/api/cadastro/tomadores/route.ts:176:11)

    console.info
      {"event":"cadastro_validation_failed","reason":"responsavel_invalido"}

      at info (app/api/cadastro/tomadores/route.ts:265:13)

    console.info
      {"event":"cadastro_tomador_start","cnpj":"********000189","email":"personalizado@test.com","planoId":64,"ip":"127.0.0.1"}

      at info (app/api/cadastro/tomadores/route.ts:176:11)

    console.info
      {"event":"cadastro_validation_failed","reason":"cnpj_invalido","cnpj":"********000189"}

      at info (app/api/cadastro/tomadores/route.ts:200:13)

  ÔùÅ Cadastro Tomador - Bifurca├º├úo Personalizado vs Fixo ÔÇ║ deve criar tomador com plano FIXO em status aguardando_pagamento

    expect(received).toBe(expected) // Object.is equality

    Expected: 201
    Received: 400

      116 |     const data = await response.json();
      117 |
    > 118 |     expect(response.status).toBe(201);
          |                             ^
      119 |     expect(data.tomador.status).toBe('aguardando_pagamento');
      120 |
      121 |     // Verificar que N├âO foi criado registro em contratacao_personalizada (plano fixo)

      at Object.toBe (__tests__/api/cadastro-bifurcacao-personalizado.test.ts:118:29)

  ÔùÅ Cadastro Tomador - Bifurca├º├úo Personalizado vs Fixo ÔÇ║ deve criar tomador com plano PERSONALIZADO em status pendente

    expect(received).toBe(expected) // Object.is equality

    Expected: 201
    Received: 400

      166 |     const data = await response.json();
      167 |
    > 168 |     expect(response.status).toBe(201);
          |                             ^
      169 |     expect(data.tomador.status).toBe('pendente');
      170 |
      171 |     // Verificar que FOI criado registro em contratacao_personalizada (plano personalizado)

      at Object.toBe (__tests__/api/cadastro-bifurcacao-personalizado.test.ts:168:29)

FAIL __tests__/admin/admin-ui-conditional-approval.test.tsx
  ÔùÅ Console

    console.log
      [dotenv@17.2.3] injecting env (0) from .env.test -- tip: ÔÜÖ´©Å  enable debug logging with { debug: true }

      at _log (node_modules/.pnpm/dotenv@17.2.3/node_modules/dotenv/lib/main.js:142:11)

    console.log
      ­ƒøí´©Å [jest.setup] Removendo DATABASE_URL do ambiente de testes (valor n├úo importa)

      at Object.<anonymous> (__tests__/config/jest.setup.js:125:17)

    console.log
      ­ƒøí´©Å [jest.setup] Prote├º├úo do banco de testes ativada - usando: nr-bps_db_test

      at Object.<anonymous> (__tests__/config/jest.setup.js:150:13)

  ÔùÅ NovoscadastrosContent - Aprova├º├úo Condicional ÔÇ║ deve mostrar bot├úo Aprovar quando requer_aprovacao_manual = true

    Unable to find an element with the text: Aprovar. This could be because the text is broken up by multiple elements. In this case, you can provide a function for your text matcher to make your matcher more flexible.

    Ignored nodes: comments, script, style
    <body>
      <div>
        <div
          class="p-6"
        >
          <div
            class="mb-6"
          >
            <h2
              class="text-xl font-semibold text-gray-900 mb-4"
            >
              Novos Cadastros
            </h2>
            <div
              class="flex gap-2"
            >
              <button
                class="px-4 py-2 rounded-md text-sm font-medium transition-colors bg-orange-500 text-white"
              >
                Todos
              </button>
              <button
                class="px-4 py-2 rounded-md text-sm font-medium transition-colors bg-gray-100 text-gray-700 hover:bg-gray-200"
              >
                Cl├¡nicas
              </button>
              <button
                class="px-4 py-2 rounded-md text-sm font-medium transition-colors bg-gray-100 text-gray-700 hover:bg-gray-200"
              >
                Entidades
              </button>
            </div>
          </div>
          <div
            class="grid gap-3"
          >
            <div
              class="border border-gray-200 rounded-lg p-4 transition-all bg-white hover:shadow-md"
            >
              <div
                class="flex items-center justify-between gap-4"
              >
                <input
                  class="w-5 h-5 rounded border-gray-300 cursor-pointer"
                  type="checkbox"
                />
                <div
                  class="flex items-center gap-3 flex-1 min-w-0"
                >
                  <svg
                    aria-hidden="true"
                    class="lucide lucide-building2 lucide-building-2 w-6 h-6 text-green-500 flex-shrink-0"
                    fill="none"
                    height="24"
                    stroke="currentColor"
                    stroke-linecap="round"
                    stroke-linejoin="round"
                    stroke-width="2"
                    viewBox="0 0 24 24"
                    width="24"
                    xmlns="http://www.w3.org/2000/svg"
                  >
                    <path
                      d="M10 12h4"
                    />
                    <path
                      d="M10 8h4"
                    />
                    <path
                      d="M14 21v-3a2 2 0 0 0-4 0v3"
                    />
                    <path
                      d="M6 10H4a2 2 0 0 0-2 2v7a2 2 0 0 0 2 2h16a2 2 0 0 0 2-2V9a2 2 0 0 0-2-2h-2"
                    />
                    <path
                      d="M6 21V5a2 2 0 0 1 2-2h8a2 2 0 0 1 2 2v16"
                    />
                  </svg>
                  <div
                    class="min-w-0"
                  >
                    <h3
                      class="text-sm font-semibold text-gray-900 truncate"
                    >
                      Teste Entidade 2
                    </h3>
                    <p
                      class="text-xs text-gray-500"
                    >
                      CNPJ: 
                    </p>
                  </div>
                </div>
                <div
                  class="flex-shrink-0"
                >
                  <span
                    class="text-xs font-medium text-gray-600"
                  >
                    Entidade
                  </span>
                </div>
                <div
                  class="flex-shrink-0"
                >
                  <span
                    class="px-3 py-1 bg-orange-100 text-orange-800 text-xs font-medium rounded-full"
                  >
                    Pendente
                  </span>
                </div>
              </div>
            </div>
          </div>
        </div>
      </div>
    </body>

      63 |     render(<NovoscadastrosContent />);
      64 |
    > 65 |     await waitFor(() => {
         |                  ^
      66 |       expect(screen.getByText('Aprovar')).toBeInTheDocument();
      67 |     });
      68 |   });

      at waitForWrapper (node_modules/.pnpm/@testing-library+dom@10.4.1/node_modules/@testing-library/dom/dist/wait-for.js:163:27)
      at Object.<anonymous> (__tests__/admin/admin-ui-conditional-approval.test.tsx:65:18)

  ÔùÅ NovoscadastrosContent - Aprova├º├úo Condicional ÔÇ║ deve renderizar status "Pagamento Confirmado" para tomadores pagos

    Unable to find an element with the text: /pagamento confirmado/i. This could be because the text is broken up by multiple elements. In this case, you can provide a function for your text matcher to make your matcher more flexible.

    Ignored nodes: comments, script, style
    <body>
      <div>
        <div
          class="p-6"
        >
          <div
            class="mb-6"
          >
            <h2
              class="text-xl font-semibold text-gray-900 mb-4"
            >
              Novos Cadastros
            </h2>
            <div
              class="flex gap-2"
            >
              <button
                class="px-4 py-2 rounded-md text-sm font-medium transition-colors bg-orange-500 text-white"
              >
                Todos
              </button>
              <button
                class="px-4 py-2 rounded-md text-sm font-medium transition-colors bg-gray-100 text-gray-700 hover:bg-gray-200"
              >
                Cl├¡nicas
              </button>
              <button
                class="px-4 py-2 rounded-md text-sm font-medium transition-colors bg-gray-100 text-gray-700 hover:bg-gray-200"
              >
                Entidades
              </button>
            </div>
          </div>
          <div
            class="grid gap-3"
          >
            <div
              class="border border-gray-200 rounded-lg p-4 transition-all bg-white hover:shadow-md"
            >
              <div
                class="flex items-center justify-between gap-4"
              >
                <input
                  class="w-5 h-5 rounded border-gray-300 cursor-pointer"
                  type="checkbox"
                />
                <div
                  class="flex items-center gap-3 flex-1 min-w-0"
                >
                  <svg
                    aria-hidden="true"
                    class="lucide lucide-building2 lucide-building-2 w-6 h-6 text-green-500 flex-shrink-0"
                    fill="none"
                    height="24"
                    stroke="currentColor"
                    stroke-linecap="round"
                    stroke-linejoin="round"
                    stroke-width="2"
                    viewBox="0 0 24 24"
                    width="24"
                    xmlns="http://www.w3.org/2000/svg"
                  >
                    <path
                      d="M10 12h4"
                    />
                    <path
                      d="M10 8h4"
                    />
                    <path
                      d="M14 21v-3a2 2 0 0 0-4 0v3"
                    />
                    <path
                      d="M6 10H4a2 2 0 0 0-2 2v7a2 2 0 0 0 2 2h16a2 2 0 0 0 2-2V9a2 2 0 0 0-2-2h-2"
                    />
                    <path
                      d="M6 21V5a2 2 0 0 1 2-2h8a2 2 0 0 1 2 2v16"
                    />
                  </svg>
                  <div
                    class="min-w-0"
                  >
                    <h3
                      class="text-sm font-semibold text-gray-900 truncate"
                    >
                      Teste Pago
                    </h3>
                    <p
                      class="text-xs text-gray-500"
                    >
                      CNPJ: 
                    </p>
                  </div>
                </div>
                <div
                  class="flex-shrink-0"
                >
                  <span
                    class="text-xs font-medium text-gray-600"
                  >
                    Entidade
                  </span>
                </div>
                <div
                  class="flex-shrink-0"
                >
                  <span
                    class="px-3 py-1 bg-green-100 text-green-800 text-xs font-medium rounded-full"
                  >
                    Ô£ô Pago
                  </span>
                </div>
              </div>
            </div>
          </div>
        </div>
      </div>
    </body>

      156 |     render(<NovoscadastrosContent />);
      157 |
    > 158 |     await waitFor(() => {
          |                  ^
      159 |       expect(screen.getByText(/pagamento confirmado/i)).toBeInTheDocument();
      160 |     });
      161 |   });

      at waitForWrapper (node_modules/.pnpm/@testing-library+dom@10.4.1/node_modules/@testing-library/dom/dist/wait-for.js:163:27)
      at Object.<anonymous> (__tests__/admin/admin-ui-conditional-approval.test.tsx:158:18)

PASS __tests__/auth/integracao-aprovacao-login-gestor.test.ts
  ÔùÅ Console

    console.log
      [dotenv@17.2.3] injecting env (0) from .env.test -- tip: ÔÜÖ´©Å  override existing env vars with { override: true }

      at _log (node_modules/.pnpm/dotenv@17.2.3/node_modules/dotenv/lib/main.js:142:11)

    console.log
      ­ƒøí´©Å [jest.setup] Removendo DATABASE_URL do ambiente de testes (valor n├úo importa)

      at Object.<anonymous> (__tests__/config/jest.setup.js:125:17)

    console.log
      ­ƒøí´©Å [jest.setup] Prote├º├úo do banco de testes ativada - usando: nr-bps_db_test

      at Object.<anonymous> (__tests__/config/jest.setup.js:150:13)

    console.log
      ­ƒöî [lib/db.ts] Conectado ao banco: nr-bps_db_test @ localhost (ambiente: test)

      at Object.log (lib/db.ts:673:15)

    console.log
      Database info: {
        environment: 'test',
        isDevelopment: false,
        isTest: true,
        isProduction: false,
        databaseUrl: 'postgresql://postgres:123456@localhost:5432/nr-bps_db_test',
        hasLocalPool: true,
        hasNeonSql: false
      }

      at log (app/api/auth/login/route.ts:29:13)

    console.log
      [LOGIN] Buscando usu├írio CPF 12345678901 em funcionarios...

      at log (app/api/auth/login/route.ts:46:13)

    console.log
      [LOGIN] N├úo encontrado em funcionarios; buscando em usuarios...

      at log (app/api/auth/login/route.ts:91:15)

    console.log
      [LOGIN] Usu├írio encontrado em usuarios: {
        cpf: '12345678901',
        tipo: 'gestor',
        clinica_id: null,
        entidade_id: 3,
        ativo: true
      }

      at log (app/api/auth/login/route.ts:111:15)

    console.log
      [LOGIN] Usu├írio encontrado: {
        cpf: '12345678901',
        tipo: 'gestor',
        clinica_id: null,
        entidade_id: 3,
        ativo: true
      }

      at log (app/api/auth/login/route.ts:119:13)

    console.log
      [LOGIN] Buscando senha de gestor em entidades_senhas...

      at log (app/api/auth/login/route.ts:166:15)

    console.log
      [LOGIN] Comparando senha contra hash...

      at log (app/api/auth/login/route.ts:437:15)

    console.log
      [LOGIN] Senha v├ílida: true

      at log (app/api/auth/login/route.ts:439:15)

    console.log
      [LOGIN] Sess├úo criada para gestor

      at log (app/api/auth/login/route.ts:509:13)

    console.log
      [LOGIN] Tabela de termos ainda n├úo existe - assumindo termos como pendentes

      at log (app/api/auth/login/route.ts:539:19)

    console.log
      Database info: {
        environment: 'test',
        isDevelopment: false,
        isTest: true,
        isProduction: false,
        databaseUrl: 'postgresql://postgres:123456@localhost:5432/nr-bps_db_test',
        hasLocalPool: true,
        hasNeonSql: false
      }

      at log (app/api/auth/login/route.ts:29:13)

    console.log
      [LOGIN] Buscando usu├írio CPF 12345678901 em funcionarios...

      at log (app/api/auth/login/route.ts:46:13)

    console.log
      [LOGIN] N├úo encontrado em funcionarios; buscando em usuarios...

      at log (app/api/auth/login/route.ts:91:15)

    console.log
      [LOGIN] Usu├írio encontrado em usuarios: {
        cpf: '12345678901',
        tipo: 'gestor',
        clinica_id: null,
        entidade_id: 3,
        ativo: true
      }

      at log (app/api/auth/login/route.ts:111:15)

    console.log
      [LOGIN] Usu├írio encontrado: {
        cpf: '12345678901',
        tipo: 'gestor',
        clinica_id: null,
        entidade_id: 3,
        ativo: true
      }

      at log (app/api/auth/login/route.ts:119:13)

    console.log
      [LOGIN] Buscando senha de gestor em entidades_senhas...

      at log (app/api/auth/login/route.ts:166:15)

    console.log
      [LOGIN] Comparando senha contra hash...

      at log (app/api/auth/login/route.ts:437:15)

    console.log
      [LOGIN] Senha v├ílida: false

      at log (app/api/auth/login/route.ts:439:15)

RBAC seed applied to test database
RBAC seed applied to test database
RBAC seed applied to test database
FAIL __tests__/lib/backblaze-client.test.ts
  ÔùÅ Console

    console.log
      [dotenv@17.2.3] injecting env (0) from .env.test -- tip: ÔÜÖ´©Å  override existing env vars with { override: true }

      at _log (node_modules/.pnpm/dotenv@17.2.3/node_modules/dotenv/lib/main.js:142:11)

    console.log
      ­ƒøí´©Å [jest.setup] Removendo DATABASE_URL do ambiente de testes (valor n├úo importa)

      at Object.<anonymous> (__tests__/config/jest.setup.js:125:17)

    console.log
      ­ƒøí´©Å [jest.setup] Prote├º├úo do banco de testes ativada - usando: nr-bps_db_test

      at Object.<anonymous> (__tests__/config/jest.setup.js:150:13)

  ÔùÅ Backblaze client ÔÇ║ uploadToBackblaze should call S3 client and return metadata

    Falha ao fazer upload para Backblaze: [BACKBLAZE] Configura├º├úo inv├ílida: BACKBLAZE_KEY_ID (KEY...) parece curto e provavelmente n├úo ├® um Application Key ID (ex.: '0052...'). Verifique BACKBLAZE_KEY_ID e BACKBLAZE_APPLICATION_KEY em suas vari├íveis de ambiente.

      232 |       );
      233 |     }
    > 234 |     throw new Error(
          |           ^
      235 |       `Falha ao fazer upload para Backblaze: ${error instanceof Error ? error.message : String(error)}`
      236 |     );
      237 |   }

      at uploadToBackblaze (lib/storage/backblaze-client.ts:234:11)
      at Object.<anonymous> (__tests__/lib/backblaze-client.test.ts:56:40)

  ÔùÅ Backblaze client ÔÇ║ supports legacy env var names (BACKBLAZE_ACCESS_KEY_ID/BACKBLAZE_SECRET_ACCESS_KEY)

    Falha ao fazer upload para Backblaze: [BACKBLAZE] Configura├º├úo inv├ílida: BACKBLAZE_KEY_ID (2a8144c0...) parece curto e provavelmente n├úo ├® um Application Key ID (ex.: '0052...'). Verifique BACKBLAZE_KEY_ID e BACKBLAZE_APPLICATION_KEY em suas vari├íveis de ambiente.

      232 |       );
      233 |     }
    > 234 |     throw new Error(
          |           ^
      235 |       `Falha ao fazer upload para Backblaze: ${error instanceof Error ? error.message : String(error)}`
      236 |     );
      237 |   }

      at uploadToBackblaze (lib/storage/backblaze-client.ts:234:11)
      at Object.<anonymous> (__tests__/lib/backblaze-client.test.ts:80:40)

  ÔùÅ Backblaze client ÔÇ║ auto-corrects swapped BACKBLAZE_KEY_ID and BACKBLAZE_APPLICATION_KEY

    Falha ao fazer upload para Backblaze: [BACKBLAZE] Configura├º├úo inv├ílida: BACKBLAZE_KEY_ID (0052a814...) parece curto e provavelmente n├úo ├® um Application Key ID (ex.: '0052...'). Verifique BACKBLAZE_KEY_ID e BACKBLAZE_APPLICATION_KEY em suas vari├íveis de ambiente.

      232 |       );
      233 |     }
    > 234 |     throw new Error(
          |           ^
      235 |       `Falha ao fazer upload para Backblaze: ${error instanceof Error ? error.message : String(error)}`
      236 |     );
      237 |   }

      at uploadToBackblaze (lib/storage/backblaze-client.ts:234:11)
      at Object.<anonymous> (__tests__/lib/backblaze-client.test.ts:108:40)

  ÔùÅ Backblaze client ÔÇ║ downloadFromBackblaze should stream and return buffer

    Falha ao fazer download do Backblaze: [BACKBLAZE] Configura├º├úo inv├ílida: BACKBLAZE_KEY_ID (KEY...) parece curto e provavelmente n├úo ├® um Application Key ID (ex.: '0052...'). Verifique BACKBLAZE_KEY_ID e BACKBLAZE_APPLICATION_KEY em suas vari├íveis de ambiente.

      288 |   } catch (error) {
      289 |     console.error('[BACKBLAZE] Erro no download:', error);
    > 290 |     throw new Error(
          |           ^
      291 |       `Falha ao fazer download do Backblaze: ${error instanceof Error ? error.message : String(error)}`
      292 |     );
      293 |   }

      at downloadFromBackblaze (lib/storage/backblaze-client.ts:290:11)
      at Object.<anonymous> (__tests__/lib/backblaze-client.test.ts:142:44)

  ÔùÅ Backblaze client ÔÇ║ checkBackblazeFileExists should return false on 404

    [BACKBLAZE] Configura├º├úo inv├ílida: BACKBLAZE_KEY_ID (KEY...) parece curto e provavelmente n├úo ├® um Application Key ID (ex.: '0052...'). Verifique BACKBLAZE_KEY_ID e BACKBLAZE_APPLICATION_KEY em suas vari├íveis de ambiente.

       98 |   if (keyId && keyId.length < 20) {
       99 |     const masked = `${keyId.slice(0, 8)}...`;
    > 100 |     throw new Error(
          |           ^
      101 |       `[BACKBLAZE] Configura├º├úo inv├ílida: BACKBLAZE_KEY_ID (${masked}) parece curto e provavelmente n├úo ├® um Application Key ID (ex.: '0052...'). Verifique BACKBLAZE_KEY_ID e BACKBLAZE_APPLICATION_KEY em suas vari├íveis de ambiente.`
      102 |     );
      103 |   }

      at getBackblazeConfig (lib/storage/backblaze-client.ts:100:11)
      at getBackblazeConfig (lib/storage/backblaze-client.ts:304:20)
      at Object.<anonymous> (__tests__/lib/backblaze-client.test.ts:160:50)

RBAC seed applied to test database
RBAC seed applied to test database
PASS __tests__/auth/password-generator.test.ts
  ÔùÅ Console

    console.log
      [dotenv@17.2.3] injecting env (0) from .env.test -- tip: ­ƒöÉ prevent building .env in docker: https://dotenvx.com/prebuild

      at _log (node_modules/.pnpm/dotenv@17.2.3/node_modules/dotenv/lib/main.js:142:11)

    console.log
      ­ƒøí´©Å [jest.setup] Removendo DATABASE_URL do ambiente de testes (valor n├úo importa)

      at Object.<anonymous> (__tests__/config/jest.setup.js:125:17)

    console.log
      ­ƒøí´©Å [jest.setup] Prote├º├úo do banco de testes ativada - usando: nr-bps_db_test

      at Object.<anonymous> (__tests__/config/jest.setup.js:150:13)

PASS __tests__/api/admin/auditorias.test.ts
  ÔùÅ Console

    console.log
      [dotenv@17.2.3] injecting env (0) from .env.test -- tip: ÔÜÖ´©Å  write to custom object with { processEnv: myObject }

      at _log (node_modules/.pnpm/dotenv@17.2.3/node_modules/dotenv/lib/main.js:142:11)

    console.log
      ­ƒøí´©Å [jest.setup] Removendo DATABASE_URL do ambiente de testes (valor n├úo importa)

      at Object.<anonymous> (__tests__/config/jest.setup.js:125:17)

    console.log
      ­ƒøí´©Å [jest.setup] Prote├º├úo do banco de testes ativada - usando: nr-bps_db_test

      at Object.<anonymous> (__tests__/config/jest.setup.js:150:13)

    console.log
      ­ƒöî [lib/db.ts] Conectado ao banco: nr-bps_db_test @ localhost (ambiente: test)

      at Object.log (lib/db.ts:673:15)

RBAC seed applied to test database
RBAC seed applied to test database
FAIL __tests__/api/entidade/laudos-verify-hash-no-filesystem.test.ts
  ÔùÅ Console

    console.log
      [dotenv@17.2.3] injecting env (0) from .env.test -- tip: ÔÜÖ´©Å  suppress all logs with { quiet: true }

      at _log (node_modules/.pnpm/dotenv@17.2.3/node_modules/dotenv/lib/main.js:142:11)

    console.log
      ­ƒøí´©Å [jest.setup] Removendo DATABASE_URL do ambiente de testes (valor n├úo importa)

      at Object.<anonymous> (__tests__/config/jest.setup.js:125:17)

    console.log
      ­ƒøí´©Å [jest.setup] Prote├º├úo do banco de testes ativada - usando: nr-bps_db_test

      at Object.<anonymous> (__tests__/config/jest.setup.js:150:13)

    console.log
      ­ƒöî [lib/db.ts] Conectado ao banco: nr-bps_db_test @ localhost (ambiente: test)

      at Object.log (lib/db.ts:673:15)

    console.log
      [VERIFY] Lendo arquivo PDF do laudo 1005...

      at log (app/api/entidade/laudos/[laudoId]/verify-hash/route.ts:76:13)

    console.log
      [VERIFY] Lendo arquivo PDF do laudo 1005...

      at log (app/api/entidade/laudos/[laudoId]/verify-hash/route.ts:76:13)

    console.log
      [STORAGE] Laudo 1005 lido do storage local

      at log (lib/storage/laudo-storage.ts:217:13)

    console.log
      [VERIFY] Lendo arquivo PDF do laudo 1005...

      at log (app/api/entidade/laudos/[laudoId]/verify-hash/route.ts:76:13)

    console.log
      [STORAGE] Laudo 1005 lido do storage local

      at log (lib/storage/laudo-storage.ts:217:13)

  ÔùÅ GET /api/entidade/laudos/[laudoId]/verify-hash - No Filesystem Operations ÔÇ║ Verifica├º├úo de Hash sem Opera├º├Áes de Sistema de Arquivos ÔÇ║ deve retornar 200 com hash_pdf do banco de dados

    expect(received).toBe(expected) // Object.is equality

    Expected: 200
    Received: 404

      62 |       const response = await GET(request, { params: { laudoId: '1005' } });
      63 |
    > 64 |       expect(response.status).toBe(200);
         |                               ^
      65 |       const json = await response.json();
      66 |       expect(json.hash_armazenado).toBe('abc123hash456def789mock');
      67 |       expect(json.success).toBe(true);

      at Object.toBe (__tests__/api/entidade/laudos-verify-hash-no-filesystem.test.ts:64:31)

  ÔùÅ GET /api/entidade/laudos/[laudoId]/verify-hash - No Filesystem Operations ÔÇ║ Verifica├º├úo de Hash sem Opera├º├Áes de Sistema de Arquivos ÔÇ║ N├âO deve tentar ler arquivo do sistema de arquivos local

    expect(jest.fn()).not.toHaveBeenCalled()

    Expected number of calls: 0
    Received number of calls: 1

    1: "C:\\apps\\QWork\\storage\\laudos\\laudo-1005.pdf"

      122 |       expect(fsMock.readFileSync).not.toHaveBeenCalled();
      123 |       expect(fsMock.existsSync).not.toHaveBeenCalled();
    > 124 |       expect(fsMock.promises.readFile).not.toHaveBeenCalled();
          |                                            ^
      125 |       expect(fsMock.promises.access).not.toHaveBeenCalled();
      126 |     });
      127 |

      at Object.toHaveBeenCalled (__tests__/api/entidade/laudos-verify-hash-no-filesystem.test.ts:124:44)

  ÔùÅ GET /api/entidade/laudos/[laudoId]/verify-hash - No Filesystem Operations ÔÇ║ Verifica├º├úo de Hash sem Opera├º├Áes de Sistema de Arquivos ÔÇ║ N├âO deve calcular hash com crypto.createHash

    expect(received).toBe(expected) // Object.is equality

    Expected: 200
    Received: 500

      157 |       const response = await GET(request, { params: { laudoId: '1005' } });
      158 |
    > 159 |       expect(response.status).toBe(200);
          |                               ^
      160 |       // Verificar que createHash nunca foi chamado
      161 |       expect(cryptoMock.createHash).not.toHaveBeenCalled();
      162 |     });

      at Object.toBe (__tests__/api/entidade/laudos-verify-hash-no-filesystem.test.ts:159:31)

PASS __tests__/integration/liberar-lote-rh.integration.test.ts
  ÔùÅ Console

    console.log
      [dotenv@17.2.3] injecting env (0) from .env.test -- tip: ­ƒöä add secrets lifecycle management: https://dotenvx.com/ops

      at _log (node_modules/.pnpm/dotenv@17.2.3/node_modules/dotenv/lib/main.js:142:11)

    console.log
      ­ƒøí´©Å [jest.setup] Removendo DATABASE_URL do ambiente de testes (valor n├úo importa)

      at Object.<anonymous> (__tests__/config/jest.setup.js:125:17)

    console.log
      ­ƒøí´©Å [jest.setup] Prote├º├úo do banco de testes ativada - usando: nr-bps_db_test

      at Object.<anonymous> (__tests__/config/jest.setup.js:150:13)

    console.log
      ­ƒöî [lib/db.ts] Conectado ao banco: nr-bps_db_test @ localhost (ambiente: test)

      at Object.log (lib/db.ts:673:15)

RBAC seed applied to test database
FAIL __tests__/api/funcionarios-usuario-tipo.test.ts
  ÔùÅ Console

    console.log
      [dotenv@17.2.3] injecting env (0) from .env.test -- tip: ­ƒøá´©Å  run anywhere with `dotenvx run -- yourcommand`

      at _log (node_modules/.pnpm/dotenv@17.2.3/node_modules/dotenv/lib/main.js:142:11)

    console.log
      ­ƒøí´©Å [jest.setup] Removendo DATABASE_URL do ambiente de testes (valor n├úo importa)

      at Object.<anonymous> (__tests__/config/jest.setup.js:125:17)

    console.log
      ­ƒøí´©Å [jest.setup] Prote├º├úo do banco de testes ativada - usando: nr-bps_db_test

      at Object.<anonymous> (__tests__/config/jest.setup.js:150:13)

  ÔùÅ Cria├º├úo de Funcion├írios - usuario_tipo correto ÔÇ║ RH - app/api/rh/funcionarios/route.ts ÔÇ║ deve usar usuario_tipo funcionario_clinica

    expect(received).toMatch(expected)

    Expected pattern: /INSERT INTO funcionarios[^;]+usuario_tipo[^;]+'funcionario_clinica'/is
    Received string:  "import { NextResponse } from 'next/server';┬À
    import { query } from '@/lib/db';┬À
    import { requireRHWithEmpresaAccess, requireAuth } from '@/lib/session';┬À
    import { validarCPF, limparCPF } from '@/lib/cpf-utils';┬À
    import bcrypt from 'bcryptjs';┬À
    import { gerarSenhaDeNascimento } from '@/lib/auth/password-generator';┬À┬À┬À
    export const dynamic = 'force-dynamic';┬À┬À┬À
    export async function GET(request: Request) {┬À
      try {┬À
        // Extrair empresa_id da query┬À
        const { searchParams } = new URL(request.url);┬À
        const empresaId = searchParams.get('empresa_id');┬À
        if (!empresaId) {┬À
          return NextResponse.json(┬À
            { error: 'empresa_id ├® obrigat├│rio' },┬À
            { status: 400 }┬À
          );┬À
        }┬À┬À┬À
        // Validar acesso do RH ├á empresa┬À
        const session = await requireRHWithEmpresaAccess(Number(empresaId));┬À
        // Obter cl├¡nica do RH da sess├úo┬À
        const clinicaId = session.clinica_id;┬À
        if (!clinicaId) {┬À
          return NextResponse.json(┬À
            { error: 'Cl├¡nica n├úo identificada na sess├úo do RH' },┬À
            { status: 403 }┬À
          );┬À
        }┬À┬À┬À
        // Buscar funcion├írios ativos e inativos da empresa e cl├¡nica┬À
        // ARQUITETURA SEGREGADA: usa tabela intermedi├íria funcionarios_clinicas┬À
        const funcionariosResult = await query(┬À
          `SELECT f.cpf, f.nome, f.data_nascimento, f.setor, f.funcao, f.email, f.matricula,┬À┬À
                  f.nivel_cargo, f.turno, f.escala, f.ativo, f.criado_em, f.atualizado_em,┬À
                  f.indice_avaliacao, f.data_ultimo_lote,┬À
                  f.ultima_avaliacao_id, f.ultima_avaliacao_data_conclusao, f.ultima_avaliacao_status, f.ultimo_motivo_inativacao,┬À
                  -- Data e lote da ├║ltima inativa├º├úo┬À
                  (┬À
                    SELECT MAX(a2.inativada_em) FROM avaliacoes a2 WHERE a2.funcionario_cpf = f.cpf AND a2.status = 'inativada'┬À
                  ) as ultima_inativacao_em,┬À
                  (┬À
                    SELECT l.id FROM avaliacoes a2 JOIN lotes_avaliacao l ON a2.lote_id = l.id WHERE a2.funcionario_cpf = f.cpf AND a2.status = 'inativada' AND a2.inativada_em IS NOT NULL ORDER BY a2.inativada_em DESC LIMIT 1┬À
                  ) as ultima_inativacao_lote,┬À
                  -- Verificar se tem avalia├º├úo conclu├¡da h├í menos de 12 meses (mesmo crit├®rio da fun├º├úo de elegibilidade)┬À
                  CASE┬À┬À
                    WHEN COALESCE(f.data_ultimo_lote, f.ultima_avaliacao_data_conclusao) IS NOT NULL AND COALESCE(f.data_ultimo_lote, f.ultima_avaliacao_data_conclusao) >= NOW() - INTERVAL '1 year'┬À┬À
                      THEN true┬À┬À
                    ELSE false┬À┬À
                  END as tem_avaliacao_recente┬À
           FROM funcionarios f┬À
           INNER JOIN funcionarios_clinicas fc ON fc.funcionario_id = f.id┬À
           WHERE fc.empresa_id = $1 AND fc.clinica_id = $2 AND fc.ativo = true┬À
           ORDER BY f.nome`,┬À
          [empresaId, clinicaId],┬À
          session┬À
        );┬À┬À┬À
        // Buscar avalia├º├Áes de todos os funcion├írios da empresa/lote┬À
        const funcionariosCpfs = funcionariosResult.rows.map((f) => f.cpf);┬À
        type AvaliacaoFuncionario = {┬À
          id: number;┬À
          inicio: string;┬À
          envio: string | null;┬À
          status: string;┬À
          lote_id?: number;┬À
        };┬À
        const avaliacoesMap: Record<string, AvaliacaoFuncionario[]> = {};┬À
        if (funcionariosCpfs.length > 0) {┬À
          const avaliacoesResult = await query(┬À
            `SELECT id, funcionario_cpf, inicio, envio, status, lote_id┬À
             FROM avaliacoes┬À
             WHERE funcionario_cpf = ANY($1)`,┬À
            [funcionariosCpfs],┬À
            session┬À
          );┬À
          // Agrupar avalia├º├Áes por cpf (convertendo para string)┬À
          avaliacoesResult.rows.forEach((av) => {┬À
            const cpfStr = String(av.funcionario_cpf).trim();┬À
            if (!avaliacoesMap[cpfStr]) avaliacoesMap[cpfStr] = [];┬À
            avaliacoesMap[cpfStr].push({┬À
              id: av.id,┬À
              inicio: av.inicio,┬À
              envio: av.envio,┬À
              status: av.status,┬À
              lote_id: av.lote_id,┬À
            });┬À
          });┬À
        }┬À┬À┬À
        // Montar resposta incluindo avalia├º├Áes┬À
        const funcionarios = funcionariosResult.rows.map((f) => ({┬À
          ...f,┬À
          avaliacoes: avaliacoesMap[String(f.cpf).trim()] || [],┬À
        }));┬À┬À┬À
        return NextResponse.json({ funcionarios });┬À
      } catch (error) {┬À
        console.error('Erro ao listar funcion├írios:', error);┬À
        return NextResponse.json(┬À
          { error: 'Erro ao listar funcion├írios' },┬À
          { status: 500 }┬À
        );┬À
      }┬À
    }┬À┬À┬À
    export async function POST(request: Request) {┬À
      try {┬À
        const {┬À
          cpf,┬À
          nome,┬À
          data_nascimento,┬À
          setor,┬À
          funcao,┬À
          email,┬À
          _senha, // Ignorado: a senha ├® gerada automaticamente da data de nascimento┬À
          perfil = 'funcionario',┬À
          empresa_id,┬À
          matricula,┬À
          nivel_cargo,┬À
          turno,┬À
          escala,┬À
        } = await request.json();┬À┬À┬À
        // Valida├º├Áes b├ísicas┬À
        if (┬À
          !cpf ||┬À
          !nome ||┬À
          !data_nascimento ||┬À
          !setor ||┬À
          !funcao ||┬À
          !email ||┬À
          !empresa_id┬À
        ) {┬À
          return NextResponse.json(┬À
            {┬À
              error:┬À
                'CPF, nome, data de nascimento, setor, fun├º├úo, email e empresa_id s├úo obrigat├│rios',┬À
            },┬À
            { status: 400 }┬À
          );┬À
        }┬À┬À┬À
        // Validar CPF completo (com d├¡gitos verificadores)┬À
        const cpfLimpo = limparCPF(cpf);┬À
        if (!validarCPF(cpfLimpo)) {┬À
          return NextResponse.json({ error: 'CPF inv├ílido' }, { status: 400 });┬À
        }┬À┬À┬À
        // Validar email b├ísico┬À
        if (!email.includes('@')) {┬À
          return NextResponse.json({ error: 'Email inv├ílido' }, { status: 400 });┬À
        }┬À┬À┬À
        // Validar acesso do RH ├á empresa┬À
        const session = await requireRHWithEmpresaAccess(empresa_id);┬À┬À┬À
        // Obter cl├¡nica do RH da sess├úo┬À
        const clinicaId = session.clinica_id;┬À
        if (!clinicaId) {┬À
          return NextResponse.json(┬À
            { error: 'Cl├¡nica n├úo identificada na sess├úo do RH' },┬À
            { status: 403 }┬À
          );┬À
        }┬À┬À┬À
        // Verificar se funcion├írio j├í existe┬À
        const existingFunc = await query(┬À
          'SELECT cpf FROM funcionarios WHERE cpf = $1',┬À
          [cpf],┬À
          session┬À
        );┬À┬À┬À
        if (existingFunc.rows.length > 0) {┬À
          return NextResponse.json(┬À
            {┬À
              error: 'Funcion├írio com este CPF j├í existe',┬À
            },┬À
            { status: 409 }┬À
          );┬À
        }┬À┬À┬À
        // Hash da senha baseada na data de nascimento┬À
        const senhaPlaintext = gerarSenhaDeNascimento(data_nascimento);┬À
        const senhaHash = await bcrypt.hash(senhaPlaintext, 10);┬À┬À┬À
        // ARQUITETURA SEGREGADA: Inserir em 2 etapas┬À
        // 1. Inserir funcion├írio (sem FKs de cl├¡nica/empresa)┬À
        const insertFuncResult = await query(┬À
          `INSERT INTO funcionarios (┬À
            cpf, nome, data_nascimento, setor, funcao, email, senha_hash, perfil,┬À
            matricula, nivel_cargo, turno, escala, ativo┬À
          ) VALUES ($1, $2, $3, $4, $5, $6, $7, $8, $9, $10, $11, $12, true)┬À
          RETURNING id`,┬À
          [┬À
            cpf,┬À
            nome,┬À
            data_nascimento,┬À
            setor,┬À
            funcao,┬À
            email,┬À
            senhaHash,┬À
            perfil,┬À
            matricula || null,┬À
            nivel_cargo || null,┬À
            turno || null,┬À
            escala || null,┬À
          ],┬À
          session┬À
        );┬À┬À┬À
        const funcionarioId = insertFuncResult.rows[0].id;┬À┬À┬À
        // 2. Criar relacionamento em funcionarios_clinicas┬À
        await query(┬À
          `INSERT INTO funcionarios_clinicas (┬À
            funcionario_id, clinica_id, empresa_id, ativo┬À
          ) VALUES ($1, $2, $3, true)`,┬À
          [funcionarioId, clinicaId, empresa_id],┬À
          session┬À
        );┬À┬À┬À
        console.log(┬À
          `[AUDIT] Funcion├írio ${cpf} (${nome}) criado pela cl├¡nica ${clinicaId} para empresa ${empresa_id} por ${session.cpf}`┬À
        );┬À┬À┬À
        return NextResponse.json({┬À
          success: true,┬À
          message: 'Funcion├írio criado com sucesso',┬À
          funcionario: {┬À
            cpf,┬À
            nome,┬À
            setor,┬À
            funcao,┬À
            email,┬À
            empresa_id,┬À
            clinica_id: clinicaId,┬À
          },┬À
        });┬À
      } catch (error) {┬À
        console.error('Erro ao criar funcion├írio:', error);┬À┬À┬À
        if (error instanceof Error && error.message.includes('permiss├úo')) {┬À
          return NextResponse.json({ error: error.message }, { status: 403 });┬À
        }┬À┬À┬À
        return NextResponse.json(┬À
          { error: 'Erro interno do servidor' },┬À
          { status: 500 }┬À
        );┬À
      }┬À
    }┬À┬À┬À
    export async function PUT(request: Request) {┬À
      try {┬À
        const session = await requireAuth();┬À┬À┬À
        const {┬À
          cpf,┬À
          nome,┬À
          data_nascimento,┬À
          setor,┬À
          funcao,┬À
          email,┬À
          matricula,┬À
          nivel_cargo,┬À
          turno,┬À
          escala,┬À
        } = await request.json();┬À┬À┬À
        // Valida├º├Áes b├ísicas┬À
        if (!cpf || !nome || !data_nascimento || !setor || !funcao || !email) {┬À
          return NextResponse.json(┬À
            {┬À
              error:┬À
                'CPF, nome, data de nascimento, setor, fun├º├úo e email s├úo obrigat├│rios',┬À
            },┬À
            { status: 400 }┬À
          );┬À
        }┬À┬À┬À
        // Validar CPF completo (com d├¡gitos verificadores)┬À
        const cpfLimpo = limparCPF(cpf);┬À
        if (!validarCPF(cpfLimpo)) {┬À
          return NextResponse.json({ error: 'CPF inv├ílido' }, { status: 400 });┬À
        }┬À┬À┬À
        if (!email.includes('@')) {┬À
          return NextResponse.json({ error: 'Email inv├ílido' }, { status: 400 });┬À
        }┬À┬À┬À
        // Verificar se o RH tem clinica_id na sess├úo┬À
        const clinicaId = session.clinica_id;┬À
        if (!clinicaId) {┬À
          return NextResponse.json(┬À
            { error: 'Cl├¡nica n├úo identificada na sess├úo do RH' },┬À
            { status: 403 }┬À
          );┬À
        }┬À┬À┬À
        // Somente perfis RH podem editar┬À
        if (session.perfil !== 'rh') {┬À
          return NextResponse.json(┬À
            { error: 'Apenas gestores RH podem editar funcion├írios' },┬À
            { status: 403 }┬À
          );┬À
        }┬À┬À┬À
        // Verificar se funcion├írio existe┬À
        const funcResult = await query(┬À
          'SELECT cpf FROM funcionarios WHERE cpf = $1',┬À
          [cpf],┬À
          session┬À
        );┬À
        if (funcResult.rows.length === 0) {┬À
          return NextResponse.json(┬À
            { error: 'Funcion├írio n├úo encontrado' },┬À
            { status: 404 }┬À
          );┬À
        }┬À┬À┬À
        // Atualizar funcion├írio┬À
        await query(┬À
          `UPDATE funcionarios SET nome=$1, data_nascimento=$2, setor=$3, funcao=$4, email=$5, matricula=$6, nivel_cargo=$7, turno=$8, escala=$9 WHERE cpf=$10`,┬À
          [┬À
            nome,┬À
            data_nascimento,┬À
            setor,┬À
            funcao,┬À
            email,┬À
            matricula || null,┬À
            nivel_cargo || null,┬À
            turno || null,┬À
            escala || null,┬À
            cpf,┬À
          ],┬À
          session┬À
        );┬À┬À┬À
        return NextResponse.json({┬À
          success: true,┬À
          message: 'Funcion├írio atualizado com sucesso',┬À
          funcionario: { cpf, nome },┬À
        });┬À
      } catch (error) {┬À
        console.error('Erro ao atualizar funcion├írio:', error);┬À
        return NextResponse.json(┬À
          { error: 'Erro interno do servidor' },┬À
          { status: 500 }┬À
        );┬À
      }┬À
    }┬À
    "

      34 |       const insertPattern =
      35 |         /INSERT INTO funcionarios[^;]+usuario_tipo[^;]+'funcionario_clinica'/is;
    > 36 |       expect(rhFuncionariosContent).toMatch(insertPattern);
         |                                     ^
      37 |     });
      38 |
      39 |     it('n├úo deve usar usuario_tipo rh (valor antigo/incorreto)', () => {

      at Object.toMatch (__tests__/api/funcionarios-usuario-tipo.test.ts:36:37)

  ÔùÅ Cria├º├úo de Funcion├írios - usuario_tipo correto ÔÇ║ Entidade - app/api/entidade/funcionarios/route.ts ÔÇ║ deve usar usuario_tipo funcionario_entidade

    expect(received).toMatch(expected)

    Expected pattern: /VALUES[^;]+'funcionario_entidade'/is
    Received string:  "export const dynamic = 'force-dynamic';┬À
    import { NextResponse } from 'next/server';┬À
    import { queryAsGestorEntidade } from '@/lib/db-gestor';┬À
    import { requireEntity } from '@/lib/session';┬À
    import { validarCPF, limparCPF } from '@/lib/cpf-utils';┬À
    import bcrypt from 'bcryptjs';┬À
    import { gerarSenhaDeNascimento } from '@/lib/auth/password-generator';┬À┬À┬À
    /**┬À
     * GET /api/entidade/funcionarios┬À
     * Retorna lista de funcion├írios da entidade┬À
     */┬À
    export async function GET() {┬À
      try {┬À
        const session = await requireEntity();┬À
        const entidadeId = session.entidade_id;┬À┬À┬À
        // Query com isolamento: apenas funcion├írios vinculados ├á entidade via funcionarios_entidades┬À
        // ARQUITETURA SEGREGADA: usa tabela intermedi├íria funcionarios_entidades┬À
        const funcionarios = await queryAsGestorEntidade(┬À
          `┬À
          SELECT┬À
            f.id,┬À
            f.cpf,┬À
            f.nome,┬À
            f.email,┬À
            f.setor,┬À
            f.funcao,┬À
            f.matricula,┬À
            f.nivel_cargo,┬À
            f.turno,┬À
            f.escala,┬À
            f.ativo,┬À
            f.criado_em,┬À
            f.ultima_avaliacao_id,┬À
            f.ultima_avaliacao_data_conclusao,┬À
            f.ultima_avaliacao_status,┬À
            f.ultimo_motivo_inativacao,┬À
            f.data_nascimento,┬À
            -- Campo ├¡ndice e data da ├║ltima avalia├º├úo v├ílida (conclu├¡da)┬À
            f.indice_avaliacao,┬À
            f.data_ultimo_lote as data_ultimo_lote,┬À
            -- Verificar se tem avalia├º├úo conclu├¡da h├í menos de 12 meses┬À
            CASE┬À┬À
              WHEN COALESCE(f.data_ultimo_lote, f.ultima_avaliacao_data_conclusao) IS NOT NULL┬À┬À
                   AND COALESCE(f.data_ultimo_lote, f.ultima_avaliacao_data_conclusao) >= NOW() - INTERVAL '1 year'┬À┬À
                THEN true┬À┬À
              ELSE false┬À┬À
            END as tem_avaliacao_recente,┬À
            COUNT(DISTINCT a.id) FILTER (WHERE a.status = 'concluida' OR a.status = 'concluido') as avaliacoes_concluidas,┬À
            COUNT(DISTINCT a.id) FILTER (WHERE a.status IN ('iniciada', 'em_andamento')) as avaliacoes_pendentes,┬À
            MAX(a.envio) as ultima_avaliacao,┬À
            -- Data da ├║ltima inativa├º├úo (se houver)┬À
            MAX(a.inativada_em) FILTER (WHERE a.status = 'inativada') as ultima_inativacao_em,┬À
            -- ID do lote da ├║ltima inativa├º├úo (se houver)┬À
            (┬À
              SELECT l.id FROM avaliacoes a2┬À
              JOIN lotes_avaliacao l ON a2.lote_id = l.id┬À
              WHERE a2.funcionario_cpf = f.cpf AND a2.status = 'inativada' AND a2.inativada_em IS NOT NULL┬À
              ORDER BY a2.inativada_em DESC┬À
              LIMIT 1┬À
            ) as ultima_inativacao_lote┬À
          FROM funcionarios f┬À
          INNER JOIN funcionarios_entidades fe ON fe.funcionario_id = f.id┬À
          LEFT JOIN avaliacoes a ON a.funcionario_cpf = f.cpf┬À
          WHERE fe.entidade_id = $1┬À
            AND fe.ativo = true┬À
            AND f.perfil <> 'gestor'┬À
          GROUP BY f.id, f.cpf, f.nome, f.email, f.setor, f.funcao, f.matricula, f.nivel_cargo, f.turno, f.escala, f.ativo, f.criado_em,┬À
                   f.ultima_avaliacao_id, f.ultima_avaliacao_data_conclusao, f.ultima_avaliacao_status, f.ultimo_motivo_inativacao, f.data_ultimo_lote┬À
          ORDER BY f.nome┬À
        `,┬À
          [entidadeId]┬À
        );┬À┬À┬À
        // Defense-in-depth: filter out gestor even if the SQL missed it┬À
        const filteredRows = funcionarios.rows.filter(┬À
          (f: any) => f.perfil !== 'gestor'┬À
        );┬À┬À┬À
        return NextResponse.json({┬À
          success: true,┬À
          funcionarios: filteredRows,┬À
        });┬À
      } catch (error) {┬À
        console.error('Erro ao buscar funcion├írios da entidade:', error);┬À┬À┬À
        if (error instanceof Error && error.message.includes('Acesso restrito')) {┬À
          return NextResponse.json({ error: error.message }, { status: 403 });┬À
        }┬À┬À┬À
        return NextResponse.json(┬À
          { error: 'Erro ao buscar funcion├írios' },┬À
          { status: 500 }┬À
        );┬À
      }┬À
    }┬À┬À┬À
    /**┬À
     * POST /api/entidade/funcionarios┬À
     * Cria novo funcion├írio vinculado ├á entidade┬À
     */┬À
    export async function POST(request: Request) {┬À
      try {┬À
        const session = await requireEntity();┬À
        const entidadeId = session.entidade_id;┬À┬À┬À
        const {┬À
          cpf,┬À
          nome,┬À
          data_nascimento,┬À
          setor,┬À
          funcao,┬À
          email,┬À
          _senha, // Ignorado: a senha ├® gerada automaticamente da data de nascimento┬À
          perfil = 'funcionario',┬À
          matricula,┬À
          nivel_cargo,┬À
          turno,┬À
          escala,┬À
        } = await request.json();┬À┬À┬À
        // Valida├º├Áes b├ísicas┬À
        if (!cpf || !nome || !data_nascimento || !setor || !funcao || !email) {┬À
          return NextResponse.json(┬À
            {┬À
              error:┬À
                'CPF, nome, data de nascimento, setor, fun├º├úo e email s├úo obrigat├│rios',┬À
            },┬À
            { status: 400 }┬À
          );┬À
        }┬À┬À┬À
        // Validar CPF┬À
        const cpfLimpo = limparCPF(cpf);┬À
        if (!validarCPF(cpfLimpo)) {┬À
          return NextResponse.json({ error: 'CPF inv├ílido' }, { status: 400 });┬À
        }┬À┬À┬À
        // Validar email┬À
        if (!email.includes('@')) {┬À
          return NextResponse.json({ error: 'Email inv├ílido' }, { status: 400 });┬À
        }┬À┬À┬À
        // Verificar se funcion├írio j├í existe┬À
        const existingFunc = await queryAsGestorEntidade(┬À
          'SELECT cpf FROM funcionarios WHERE cpf = $1',┬À
          [cpfLimpo]┬À
        );┬À┬À┬À
        if (existingFunc.rows.length > 0) {┬À
          return NextResponse.json(┬À
            { error: 'Funcion├írio com este CPF j├í existe' },┬À
            { status: 409 }┬À
          );┬À
        }┬À┬À┬À
        // Hash da senha baseada na data de nascimento┬À
        // Ô£à VALIDAR data de nascimento antes de gerar senha┬À
        let senhaPlaintext: string;┬À
        let senhaHash: string;┬À
        try {┬À
          senhaPlaintext = gerarSenhaDeNascimento(data_nascimento);┬À
          senhaHash = await bcrypt.hash(senhaPlaintext, 10);┬À
        } catch (error) {┬À
          console.error('[FUNCION├üRIO] Erro ao validar data de nascimento:', error);┬À
          return NextResponse.json(┬À
            {┬À
              error: 'Data de nascimento inv├ílida. Verifique dia e m├¬s.',┬À
              details: error instanceof Error ? error.message : 'Data imposs├¡vel',┬À
            },┬À
            { status: 400 }┬À
          );┬À
        }┬À┬À┬À
        // ARQUITETURA SEGREGADA: Inserir em 2 etapas┬À
        // 1. Inserir funcion├írio (sem FKs diretas)┬À
        const result = await queryAsGestorEntidade(┬À
          `INSERT INTO funcionarios (┬À
            cpf, nome, data_nascimento, setor, funcao, email, senha_hash, perfil,┬À
            matricula, nivel_cargo, turno, escala, ativo┬À
          ) VALUES ($1, $2, $3, $4, $5, $6, $7, $8, $9, $10, $11, $12, true)┬À
          RETURNING id, cpf, nome, email, setor, funcao, data_nascimento`,┬À
          [┬À
            cpfLimpo,┬À
            nome,┬À
            data_nascimento,┬À
            setor,┬À
            funcao,┬À
            email,┬À
            senhaHash,┬À
            perfil,┬À
            matricula || null,┬À
            nivel_cargo || null,┬À
            turno || null,┬À
            escala || null,┬À
          ]┬À
        );┬À┬À┬À
        // 2. Criar relacionamento em funcionarios_entidades┬À
        const funcionarioId = result.rows[0].id;┬À
        await queryAsGestorEntidade(┬À
          `INSERT INTO funcionarios_entidades (┬À
            funcionario_id, entidade_id, ativo┬À
          ) VALUES ($1, $2, true)┬À
          ON CONFLICT (funcionario_id, entidade_id)┬À┬À
          DO UPDATE SET ativo = true`,┬À
          [funcionarioId, entidadeId]┬À
        );┬À┬À┬À
        console.log(┬À
          `[AUDIT] Funcion├írio ${cpfLimpo} (${nome}) criado pela entidade ${entidadeId} por ${session.cpf}`┬À
        );┬À┬À┬À
        return NextResponse.json({┬À
          success: true,┬À
          message: 'Funcion├írio criado com sucesso',┬À
          funcionario: result.rows[0],┬À
        });┬À
      } catch (error) {┬À
        console.error('Erro ao criar funcion├írio da entidade:', error);┬À┬À┬À
        if (error instanceof Error && error.message.includes('Acesso restrito')) {┬À
          return NextResponse.json({ error: error.message }, { status: 403 });┬À
        }┬À┬À┬À
        return NextResponse.json(┬À
          { error: 'Erro ao criar funcion├írio' },┬À
          { status: 500 }┬À
        );┬À
      }┬À
    }┬À
    "

      59 |       // Verificar INSERT com funcionario_entidade no VALUES
      60 |       const insertPattern = /VALUES[^;]+'funcionario_entidade'/is;
    > 61 |       expect(entidadeFuncionariosContent).toMatch(insertPattern);
         |                                           ^
      62 |     });
      63 |
      64 |     it('n├úo deve usar usuario_tipo entidade (valor antigo/incorreto)', () => {

      at Object.toMatch (__tests__/api/funcionarios-usuario-tipo.test.ts:61:43)

  ÔùÅ Cria├º├úo de Funcion├írios - usuario_tipo correto ÔÇ║ Entidade - app/api/entidade/funcionarios/route.ts ÔÇ║ deve passar session como ├║ltimo par├ómetro do query() no INSERT

    expect(received).toMatch(expected)

    Expected pattern: /query\([^)]+,\s*session\s*\)/s
    Received string:  "export const dynamic = 'force-dynamic';┬À
    import { NextResponse } from 'next/server';┬À
    import { queryAsGestorEntidade } from '@/lib/db-gestor';┬À
    import { requireEntity } from '@/lib/session';┬À
    import { validarCPF, limparCPF } from '@/lib/cpf-utils';┬À
    import bcrypt from 'bcryptjs';┬À
    import { gerarSenhaDeNascimento } from '@/lib/auth/password-generator';┬À┬À┬À
    /**┬À
     * GET /api/entidade/funcionarios┬À
     * Retorna lista de funcion├írios da entidade┬À
     */┬À
    export async function GET() {┬À
      try {┬À
        const session = await requireEntity();┬À
        const entidadeId = session.entidade_id;┬À┬À┬À
        // Query com isolamento: apenas funcion├írios vinculados ├á entidade via funcionarios_entidades┬À
        // ARQUITETURA SEGREGADA: usa tabela intermedi├íria funcionarios_entidades┬À
        const funcionarios = await queryAsGestorEntidade(┬À
          `┬À
          SELECT┬À
            f.id,┬À
            f.cpf,┬À
            f.nome,┬À
            f.email,┬À
            f.setor,┬À
            f.funcao,┬À
            f.matricula,┬À
            f.nivel_cargo,┬À
            f.turno,┬À
            f.escala,┬À
            f.ativo,┬À
            f.criado_em,┬À
            f.ultima_avaliacao_id,┬À
            f.ultima_avaliacao_data_conclusao,┬À
            f.ultima_avaliacao_status,┬À
            f.ultimo_motivo_inativacao,┬À
            f.data_nascimento,┬À
            -- Campo ├¡ndice e data da ├║ltima avalia├º├úo v├ílida (conclu├¡da)┬À
            f.indice_avaliacao,┬À
            f.data_ultimo_lote as data_ultimo_lote,┬À
            -- Verificar se tem avalia├º├úo conclu├¡da h├í menos de 12 meses┬À
            CASE┬À┬À
              WHEN COALESCE(f.data_ultimo_lote, f.ultima_avaliacao_data_conclusao) IS NOT NULL┬À┬À
                   AND COALESCE(f.data_ultimo_lote, f.ultima_avaliacao_data_conclusao) >= NOW() - INTERVAL '1 year'┬À┬À
                THEN true┬À┬À
              ELSE false┬À┬À
            END as tem_avaliacao_recente,┬À
            COUNT(DISTINCT a.id) FILTER (WHERE a.status = 'concluida' OR a.status = 'concluido') as avaliacoes_concluidas,┬À
            COUNT(DISTINCT a.id) FILTER (WHERE a.status IN ('iniciada', 'em_andamento')) as avaliacoes_pendentes,┬À
            MAX(a.envio) as ultima_avaliacao,┬À
            -- Data da ├║ltima inativa├º├úo (se houver)┬À
            MAX(a.inativada_em) FILTER (WHERE a.status = 'inativada') as ultima_inativacao_em,┬À
            -- ID do lote da ├║ltima inativa├º├úo (se houver)┬À
            (┬À
              SELECT l.id FROM avaliacoes a2┬À
              JOIN lotes_avaliacao l ON a2.lote_id = l.id┬À
              WHERE a2.funcionario_cpf = f.cpf AND a2.status = 'inativada' AND a2.inativada_em IS NOT NULL┬À
              ORDER BY a2.inativada_em DESC┬À
              LIMIT 1┬À
            ) as ultima_inativacao_lote┬À
          FROM funcionarios f┬À
          INNER JOIN funcionarios_entidades fe ON fe.funcionario_id = f.id┬À
          LEFT JOIN avaliacoes a ON a.funcionario_cpf = f.cpf┬À
          WHERE fe.entidade_id = $1┬À
            AND fe.ativo = true┬À
            AND f.perfil <> 'gestor'┬À
          GROUP BY f.id, f.cpf, f.nome, f.email, f.setor, f.funcao, f.matricula, f.nivel_cargo, f.turno, f.escala, f.ativo, f.criado_em,┬À
                   f.ultima_avaliacao_id, f.ultima_avaliacao_data_conclusao, f.ultima_avaliacao_status, f.ultimo_motivo_inativacao, f.data_ultimo_lote┬À
          ORDER BY f.nome┬À
        `,┬À
          [entidadeId]┬À
        );┬À┬À┬À
        // Defense-in-depth: filter out gestor even if the SQL missed it┬À
        const filteredRows = funcionarios.rows.filter(┬À
          (f: any) => f.perfil !== 'gestor'┬À
        );┬À┬À┬À
        return NextResponse.json({┬À
          success: true,┬À
          funcionarios: filteredRows,┬À
        });┬À
      } catch (error) {┬À
        console.error('Erro ao buscar funcion├írios da entidade:', error);┬À┬À┬À
        if (error instanceof Error && error.message.includes('Acesso restrito')) {┬À
          return NextResponse.json({ error: error.message }, { status: 403 });┬À
        }┬À┬À┬À
        return NextResponse.json(┬À
          { error: 'Erro ao buscar funcion├írios' },┬À
          { status: 500 }┬À
        );┬À
      }┬À
    }┬À┬À┬À
    /**┬À
     * POST /api/entidade/funcionarios┬À
     * Cria novo funcion├írio vinculado ├á entidade┬À
     */┬À
    export async function POST(request: Request) {┬À
      try {┬À
        const session = await requireEntity();┬À
        const entidadeId = session.entidade_id;┬À┬À┬À
        const {┬À
          cpf,┬À
          nome,┬À
          data_nascimento,┬À
          setor,┬À
          funcao,┬À
          email,┬À
          _senha, // Ignorado: a senha ├® gerada automaticamente da data de nascimento┬À
          perfil = 'funcionario',┬À
          matricula,┬À
          nivel_cargo,┬À
          turno,┬À
          escala,┬À
        } = await request.json();┬À┬À┬À
        // Valida├º├Áes b├ísicas┬À
        if (!cpf || !nome || !data_nascimento || !setor || !funcao || !email) {┬À
          return NextResponse.json(┬À
            {┬À
              error:┬À
                'CPF, nome, data de nascimento, setor, fun├º├úo e email s├úo obrigat├│rios',┬À
            },┬À
            { status: 400 }┬À
          );┬À
        }┬À┬À┬À
        // Validar CPF┬À
        const cpfLimpo = limparCPF(cpf);┬À
        if (!validarCPF(cpfLimpo)) {┬À
          return NextResponse.json({ error: 'CPF inv├ílido' }, { status: 400 });┬À
        }┬À┬À┬À
        // Validar email┬À
        if (!email.includes('@')) {┬À
          return NextResponse.json({ error: 'Email inv├ílido' }, { status: 400 });┬À
        }┬À┬À┬À
        // Verificar se funcion├írio j├í existe┬À
        const existingFunc = await queryAsGestorEntidade(┬À
          'SELECT cpf FROM funcionarios WHERE cpf = $1',┬À
          [cpfLimpo]┬À
        );┬À┬À┬À
        if (existingFunc.rows.length > 0) {┬À
          return NextResponse.json(┬À
            { error: 'Funcion├írio com este CPF j├í existe' },┬À
            { status: 409 }┬À
          );┬À
        }┬À┬À┬À
        // Hash da senha baseada na data de nascimento┬À
        // Ô£à VALIDAR data de nascimento antes de gerar senha┬À
        let senhaPlaintext: string;┬À
        let senhaHash: string;┬À
        try {┬À
          senhaPlaintext = gerarSenhaDeNascimento(data_nascimento);┬À
          senhaHash = await bcrypt.hash(senhaPlaintext, 10);┬À
        } catch (error) {┬À
          console.error('[FUNCION├üRIO] Erro ao validar data de nascimento:', error);┬À
          return NextResponse.json(┬À
            {┬À
              error: 'Data de nascimento inv├ílida. Verifique dia e m├¬s.',┬À
              details: error instanceof Error ? error.message : 'Data imposs├¡vel',┬À
            },┬À
            { status: 400 }┬À
          );┬À
        }┬À┬À┬À
        // ARQUITETURA SEGREGADA: Inserir em 2 etapas┬À
        // 1. Inserir funcion├írio (sem FKs diretas)┬À
        const result = await queryAsGestorEntidade(┬À
          `INSERT INTO funcionarios (┬À
            cpf, nome, data_nascimento, setor, funcao, email, senha_hash, perfil,┬À
            matricula, nivel_cargo, turno, escala, ativo┬À
          ) VALUES ($1, $2, $3, $4, $5, $6, $7, $8, $9, $10, $11, $12, true)┬À
          RETURNING id, cpf, nome, email, setor, funcao, data_nascimento`,┬À
          [┬À
            cpfLimpo,┬À
            nome,┬À
            data_nascimento,┬À
            setor,┬À
            funcao,┬À
            email,┬À
            senhaHash,┬À
            perfil,┬À
            matricula || null,┬À
            nivel_cargo || null,┬À
            turno || null,┬À
            escala || null,┬À
          ]┬À
        );┬À┬À┬À
        // 2. Criar relacionamento em funcionarios_entidades┬À
        const funcionarioId = result.rows[0].id;┬À
        await queryAsGestorEntidade(┬À
          `INSERT INTO funcionarios_entidades (┬À
            funcionario_id, entidade_id, ativo┬À
          ) VALUES ($1, $2, true)┬À
          ON CONFLICT (funcionario_id, entidade_id)┬À┬À
          DO UPDATE SET ativo = true`,┬À
          [funcionarioId, entidadeId]┬À
        );┬À┬À┬À
        console.log(┬À
          `[AUDIT] Funcion├írio ${cpfLimpo} (${nome}) criado pela entidade ${entidadeId} por ${session.cpf}`┬À
        );┬À┬À┬À
        return NextResponse.json({┬À
          success: true,┬À
          message: 'Funcion├írio criado com sucesso',┬À
          funcionario: result.rows[0],┬À
        });┬À
      } catch (error) {┬À
        console.error('Erro ao criar funcion├írio da entidade:', error);┬À┬À┬À
        if (error instanceof Error && error.message.includes('Acesso restrito')) {┬À
          return NextResponse.json({ error: error.message }, { status: 403 });┬À
        }┬À┬À┬À
        return NextResponse.json(┬À
          { error: 'Erro ao criar funcion├írio' },┬À
          { status: 500 }┬À
        );┬À
      }┬À
    }┬À
    "

      71 |       // Verificar que est├í usando query() com session no final
      72 |       const queryWithSessionPattern = /query\([^)]+,\s*session\s*\)/s;
    > 73 |       expect(entidadeFuncionariosContent).toMatch(queryWithSessionPattern);
         |                                           ^
      74 |     });
      75 |
      76 |     it('n├úo deve usar queryWithContext (deve usar query com session)', () => {

      at Object.toMatch (__tests__/api/funcionarios-usuario-tipo.test.ts:73:43)

  ÔùÅ Cria├º├úo de Funcion├írios - usuario_tipo correto ÔÇ║ Estrutura de session e RLS ÔÇ║ Entidade deve usar session.tomador_id

    expect(received).toContain(expected) // indexOf

    Expected substring: "session.tomador_id"
    Received string:    "export const dynamic = 'force-dynamic';┬À
    import { NextResponse } from 'next/server';┬À
    import { queryAsGestorEntidade } from '@/lib/db-gestor';┬À
    import { requireEntity } from '@/lib/session';┬À
    import { validarCPF, limparCPF } from '@/lib/cpf-utils';┬À
    import bcrypt from 'bcryptjs';┬À
    import { gerarSenhaDeNascimento } from '@/lib/auth/password-generator';┬À┬À┬À
    /**┬À
     * GET /api/entidade/funcionarios┬À
     * Retorna lista de funcion├írios da entidade┬À
     */┬À
    export async function GET() {┬À
      try {┬À
        const session = await requireEntity();┬À
        const entidadeId = session.entidade_id;┬À┬À┬À
        // Query com isolamento: apenas funcion├írios vinculados ├á entidade via funcionarios_entidades┬À
        // ARQUITETURA SEGREGADA: usa tabela intermedi├íria funcionarios_entidades┬À
        const funcionarios = await queryAsGestorEntidade(┬À
          `┬À
          SELECT┬À
            f.id,┬À
            f.cpf,┬À
            f.nome,┬À
            f.email,┬À
            f.setor,┬À
            f.funcao,┬À
            f.matricula,┬À
            f.nivel_cargo,┬À
            f.turno,┬À
            f.escala,┬À
            f.ativo,┬À
            f.criado_em,┬À
            f.ultima_avaliacao_id,┬À
            f.ultima_avaliacao_data_conclusao,┬À
            f.ultima_avaliacao_status,┬À
            f.ultimo_motivo_inativacao,┬À
            f.data_nascimento,┬À
            -- Campo ├¡ndice e data da ├║ltima avalia├º├úo v├ílida (conclu├¡da)┬À
            f.indice_avaliacao,┬À
            f.data_ultimo_lote as data_ultimo_lote,┬À
            -- Verificar se tem avalia├º├úo conclu├¡da h├í menos de 12 meses┬À
            CASE┬À┬À
              WHEN COALESCE(f.data_ultimo_lote, f.ultima_avaliacao_data_conclusao) IS NOT NULL┬À┬À
                   AND COALESCE(f.data_ultimo_lote, f.ultima_avaliacao_data_conclusao) >= NOW() - INTERVAL '1 year'┬À┬À
                THEN true┬À┬À
              ELSE false┬À┬À
            END as tem_avaliacao_recente,┬À
            COUNT(DISTINCT a.id) FILTER (WHERE a.status = 'concluida' OR a.status = 'concluido') as avaliacoes_concluidas,┬À
            COUNT(DISTINCT a.id) FILTER (WHERE a.status IN ('iniciada', 'em_andamento')) as avaliacoes_pendentes,┬À
            MAX(a.envio) as ultima_avaliacao,┬À
            -- Data da ├║ltima inativa├º├úo (se houver)┬À
            MAX(a.inativada_em) FILTER (WHERE a.status = 'inativada') as ultima_inativacao_em,┬À
            -- ID do lote da ├║ltima inativa├º├úo (se houver)┬À
            (┬À
              SELECT l.id FROM avaliacoes a2┬À
              JOIN lotes_avaliacao l ON a2.lote_id = l.id┬À
              WHERE a2.funcionario_cpf = f.cpf AND a2.status = 'inativada' AND a2.inativada_em IS NOT NULL┬À
              ORDER BY a2.inativada_em DESC┬À
              LIMIT 1┬À
            ) as ultima_inativacao_lote┬À
          FROM funcionarios f┬À
          INNER JOIN funcionarios_entidades fe ON fe.funcionario_id = f.id┬À
          LEFT JOIN avaliacoes a ON a.funcionario_cpf = f.cpf┬À
          WHERE fe.entidade_id = $1┬À
            AND fe.ativo = true┬À
            AND f.perfil <> 'gestor'┬À
          GROUP BY f.id, f.cpf, f.nome, f.email, f.setor, f.funcao, f.matricula, f.nivel_cargo, f.turno, f.escala, f.ativo, f.criado_em,┬À
                   f.ultima_avaliacao_id, f.ultima_avaliacao_data_conclusao, f.ultima_avaliacao_status, f.ultimo_motivo_inativacao, f.data_ultimo_lote┬À
          ORDER BY f.nome┬À
        `,┬À
          [entidadeId]┬À
        );┬À┬À┬À
        // Defense-in-depth: filter out gestor even if the SQL missed it┬À
        const filteredRows = funcionarios.rows.filter(┬À
          (f: any) => f.perfil !== 'gestor'┬À
        );┬À┬À┬À
        return NextResponse.json({┬À
          success: true,┬À
          funcionarios: filteredRows,┬À
        });┬À
      } catch (error) {┬À
        console.error('Erro ao buscar funcion├írios da entidade:', error);┬À┬À┬À
        if (error instanceof Error && error.message.includes('Acesso restrito')) {┬À
          return NextResponse.json({ error: error.message }, { status: 403 });┬À
        }┬À┬À┬À
        return NextResponse.json(┬À
          { error: 'Erro ao buscar funcion├írios' },┬À
          { status: 500 }┬À
        );┬À
      }┬À
    }┬À┬À┬À
    /**┬À
     * POST /api/entidade/funcionarios┬À
     * Cria novo funcion├írio vinculado ├á entidade┬À
     */┬À
    export async function POST(request: Request) {┬À
      try {┬À
        const session = await requireEntity();┬À
        const entidadeId = session.entidade_id;┬À┬À┬À
        const {┬À
          cpf,┬À
          nome,┬À
          data_nascimento,┬À
          setor,┬À
          funcao,┬À
          email,┬À
          _senha, // Ignorado: a senha ├® gerada automaticamente da data de nascimento┬À
          perfil = 'funcionario',┬À
          matricula,┬À
          nivel_cargo,┬À
          turno,┬À
          escala,┬À
        } = await request.json();┬À┬À┬À
        // Valida├º├Áes b├ísicas┬À
        if (!cpf || !nome || !data_nascimento || !setor || !funcao || !email) {┬À
          return NextResponse.json(┬À
            {┬À
              error:┬À
                'CPF, nome, data de nascimento, setor, fun├º├úo e email s├úo obrigat├│rios',┬À
            },┬À
            { status: 400 }┬À
          );┬À
        }┬À┬À┬À
        // Validar CPF┬À
        const cpfLimpo = limparCPF(cpf);┬À
        if (!validarCPF(cpfLimpo)) {┬À
          return NextResponse.json({ error: 'CPF inv├ílido' }, { status: 400 });┬À
        }┬À┬À┬À
        // Validar email┬À
        if (!email.includes('@')) {┬À
          return NextResponse.json({ error: 'Email inv├ílido' }, { status: 400 });┬À
        }┬À┬À┬À
        // Verificar se funcion├írio j├í existe┬À
        const existingFunc = await queryAsGestorEntidade(┬À
          'SELECT cpf FROM funcionarios WHERE cpf = $1',┬À
          [cpfLimpo]┬À
        );┬À┬À┬À
        if (existingFunc.rows.length > 0) {┬À
          return NextResponse.json(┬À
            { error: 'Funcion├írio com este CPF j├í existe' },┬À
            { status: 409 }┬À
          );┬À
        }┬À┬À┬À
        // Hash da senha baseada na data de nascimento┬À
        // Ô£à VALIDAR data de nascimento antes de gerar senha┬À
        let senhaPlaintext: string;┬À
        let senhaHash: string;┬À
        try {┬À
          senhaPlaintext = gerarSenhaDeNascimento(data_nascimento);┬À
          senhaHash = await bcrypt.hash(senhaPlaintext, 10);┬À
        } catch (error) {┬À
          console.error('[FUNCION├üRIO] Erro ao validar data de nascimento:', error);┬À
          return NextResponse.json(┬À
            {┬À
              error: 'Data de nascimento inv├ílida. Verifique dia e m├¬s.',┬À
              details: error instanceof Error ? error.message : 'Data imposs├¡vel',┬À
            },┬À
            { status: 400 }┬À
          );┬À
        }┬À┬À┬À
        // ARQUITETURA SEGREGADA: Inserir em 2 etapas┬À
        // 1. Inserir funcion├írio (sem FKs diretas)┬À
        const result = await queryAsGestorEntidade(┬À
          `INSERT INTO funcionarios (┬À
            cpf, nome, data_nascimento, setor, funcao, email, senha_hash, perfil,┬À
            matricula, nivel_cargo, turno, escala, ativo┬À
          ) VALUES ($1, $2, $3, $4, $5, $6, $7, $8, $9, $10, $11, $12, true)┬À
          RETURNING id, cpf, nome, email, setor, funcao, data_nascimento`,┬À
          [┬À
            cpfLimpo,┬À
            nome,┬À
            data_nascimento,┬À
            setor,┬À
            funcao,┬À
            email,┬À
            senhaHash,┬À
            perfil,┬À
            matricula || null,┬À
            nivel_cargo || null,┬À
            turno || null,┬À
            escala || null,┬À
          ]┬À
        );┬À┬À┬À
        // 2. Criar relacionamento em funcionarios_entidades┬À
        const funcionarioId = result.rows[0].id;┬À
        await queryAsGestorEntidade(┬À
          `INSERT INTO funcionarios_entidades (┬À
            funcionario_id, entidade_id, ativo┬À
          ) VALUES ($1, $2, true)┬À
          ON CONFLICT (funcionario_id, entidade_id)┬À┬À
          DO UPDATE SET ativo = true`,┬À
          [funcionarioId, entidadeId]┬À
        );┬À┬À┬À
        console.log(┬À
          `[AUDIT] Funcion├írio ${cpfLimpo} (${nome}) criado pela entidade ${entidadeId} por ${session.cpf}`┬À
        );┬À┬À┬À
        return NextResponse.json({┬À
          success: true,┬À
          message: 'Funcion├írio criado com sucesso',┬À
          funcionario: result.rows[0],┬À
        });┬À
      } catch (error) {┬À
        console.error('Erro ao criar funcion├írio da entidade:', error);┬À┬À┬À
        if (error instanceof Error && error.message.includes('Acesso restrito')) {┬À
          return NextResponse.json({ error: error.message }, { status: 403 });┬À
        }┬À┬À┬À
        return NextResponse.json(┬À
          { error: 'Erro ao criar funcion├írio' },┬À
          { status: 500 }┬À
        );┬À
      }┬À
    }┬À
    "

      120 |
      121 |     it('Entidade deve usar session.tomador_id', () => {
    > 122 |       expect(entidadeFuncionariosContent).toContain('session.tomador_id');
          |                                           ^
      123 |     });
      124 |   });
      125 |

      at Object.toContain (__tests__/api/funcionarios-usuario-tipo.test.ts:122:43)

  ÔùÅ Cria├º├úo de Funcion├írios - usuario_tipo correto ÔÇ║ Imports corretos ÔÇ║ Entidade deve importar query de @/lib/db

    expect(received).toContain(expected) // indexOf

    Expected substring: "import { query } from '@/lib/db'"
    Received string:    "export const dynamic = 'force-dynamic';┬À
    import { NextResponse } from 'next/server';┬À
    import { queryAsGestorEntidade } from '@/lib/db-gestor';┬À
    import { requireEntity } from '@/lib/session';┬À
    import { validarCPF, limparCPF } from '@/lib/cpf-utils';┬À
    import bcrypt from 'bcryptjs';┬À
    import { gerarSenhaDeNascimento } from '@/lib/auth/password-generator';┬À┬À┬À
    /**┬À
     * GET /api/entidade/funcionarios┬À
     * Retorna lista de funcion├írios da entidade┬À
     */┬À
    export async function GET() {┬À
      try {┬À
        const session = await requireEntity();┬À
        const entidadeId = session.entidade_id;┬À┬À┬À
        // Query com isolamento: apenas funcion├írios vinculados ├á entidade via funcionarios_entidades┬À
        // ARQUITETURA SEGREGADA: usa tabela intermedi├íria funcionarios_entidades┬À
        const funcionarios = await queryAsGestorEntidade(┬À
          `┬À
          SELECT┬À
            f.id,┬À
            f.cpf,┬À
            f.nome,┬À
            f.email,┬À
            f.setor,┬À
            f.funcao,┬À
            f.matricula,┬À
            f.nivel_cargo,┬À
            f.turno,┬À
            f.escala,┬À
            f.ativo,┬À
            f.criado_em,┬À
            f.ultima_avaliacao_id,┬À
            f.ultima_avaliacao_data_conclusao,┬À
            f.ultima_avaliacao_status,┬À
            f.ultimo_motivo_inativacao,┬À
            f.data_nascimento,┬À
            -- Campo ├¡ndice e data da ├║ltima avalia├º├úo v├ílida (conclu├¡da)┬À
            f.indice_avaliacao,┬À
            f.data_ultimo_lote as data_ultimo_lote,┬À
            -- Verificar se tem avalia├º├úo conclu├¡da h├í menos de 12 meses┬À
            CASE┬À┬À
              WHEN COALESCE(f.data_ultimo_lote, f.ultima_avaliacao_data_conclusao) IS NOT NULL┬À┬À
                   AND COALESCE(f.data_ultimo_lote, f.ultima_avaliacao_data_conclusao) >= NOW() - INTERVAL '1 year'┬À┬À
                THEN true┬À┬À
              ELSE false┬À┬À
            END as tem_avaliacao_recente,┬À
            COUNT(DISTINCT a.id) FILTER (WHERE a.status = 'concluida' OR a.status = 'concluido') as avaliacoes_concluidas,┬À
            COUNT(DISTINCT a.id) FILTER (WHERE a.status IN ('iniciada', 'em_andamento')) as avaliacoes_pendentes,┬À
            MAX(a.envio) as ultima_avaliacao,┬À
            -- Data da ├║ltima inativa├º├úo (se houver)┬À
            MAX(a.inativada_em) FILTER (WHERE a.status = 'inativada') as ultima_inativacao_em,┬À
            -- ID do lote da ├║ltima inativa├º├úo (se houver)┬À
            (┬À
              SELECT l.id FROM avaliacoes a2┬À
              JOIN lotes_avaliacao l ON a2.lote_id = l.id┬À
              WHERE a2.funcionario_cpf = f.cpf AND a2.status = 'inativada' AND a2.inativada_em IS NOT NULL┬À
              ORDER BY a2.inativada_em DESC┬À
              LIMIT 1┬À
            ) as ultima_inativacao_lote┬À
          FROM funcionarios f┬À
          INNER JOIN funcionarios_entidades fe ON fe.funcionario_id = f.id┬À
          LEFT JOIN avaliacoes a ON a.funcionario_cpf = f.cpf┬À
          WHERE fe.entidade_id = $1┬À
            AND fe.ativo = true┬À
            AND f.perfil <> 'gestor'┬À
          GROUP BY f.id, f.cpf, f.nome, f.email, f.setor, f.funcao, f.matricula, f.nivel_cargo, f.turno, f.escala, f.ativo, f.criado_em,┬À
                   f.ultima_avaliacao_id, f.ultima_avaliacao_data_conclusao, f.ultima_avaliacao_status, f.ultimo_motivo_inativacao, f.data_ultimo_lote┬À
          ORDER BY f.nome┬À
        `,┬À
          [entidadeId]┬À
        );┬À┬À┬À
        // Defense-in-depth: filter out gestor even if the SQL missed it┬À
        const filteredRows = funcionarios.rows.filter(┬À
          (f: any) => f.perfil !== 'gestor'┬À
        );┬À┬À┬À
        return NextResponse.json({┬À
          success: true,┬À
          funcionarios: filteredRows,┬À
        });┬À
      } catch (error) {┬À
        console.error('Erro ao buscar funcion├írios da entidade:', error);┬À┬À┬À
        if (error instanceof Error && error.message.includes('Acesso restrito')) {┬À
          return NextResponse.json({ error: error.message }, { status: 403 });┬À
        }┬À┬À┬À
        return NextResponse.json(┬À
          { error: 'Erro ao buscar funcion├írios' },┬À
          { status: 500 }┬À
        );┬À
      }┬À
    }┬À┬À┬À
    /**┬À
     * POST /api/entidade/funcionarios┬À
     * Cria novo funcion├írio vinculado ├á entidade┬À
     */┬À
    export async function POST(request: Request) {┬À
      try {┬À
        const session = await requireEntity();┬À
        const entidadeId = session.entidade_id;┬À┬À┬À
        const {┬À
          cpf,┬À
          nome,┬À
          data_nascimento,┬À
          setor,┬À
          funcao,┬À
          email,┬À
          _senha, // Ignorado: a senha ├® gerada automaticamente da data de nascimento┬À
          perfil = 'funcionario',┬À
          matricula,┬À
          nivel_cargo,┬À
          turno,┬À
          escala,┬À
        } = await request.json();┬À┬À┬À
        // Valida├º├Áes b├ísicas┬À
        if (!cpf || !nome || !data_nascimento || !setor || !funcao || !email) {┬À
          return NextResponse.json(┬À
            {┬À
              error:┬À
                'CPF, nome, data de nascimento, setor, fun├º├úo e email s├úo obrigat├│rios',┬À
            },┬À
            { status: 400 }┬À
          );┬À
        }┬À┬À┬À
        // Validar CPF┬À
        const cpfLimpo = limparCPF(cpf);┬À
        if (!validarCPF(cpfLimpo)) {┬À
          return NextResponse.json({ error: 'CPF inv├ílido' }, { status: 400 });┬À
        }┬À┬À┬À
        // Validar email┬À
        if (!email.includes('@')) {┬À
          return NextResponse.json({ error: 'Email inv├ílido' }, { status: 400 });┬À
        }┬À┬À┬À
        // Verificar se funcion├írio j├í existe┬À
        const existingFunc = await queryAsGestorEntidade(┬À
          'SELECT cpf FROM funcionarios WHERE cpf = $1',┬À
          [cpfLimpo]┬À
        );┬À┬À┬À
        if (existingFunc.rows.length > 0) {┬À
          return NextResponse.json(┬À
            { error: 'Funcion├írio com este CPF j├í existe' },┬À
            { status: 409 }┬À
          );┬À
        }┬À┬À┬À
        // Hash da senha baseada na data de nascimento┬À
        // Ô£à VALIDAR data de nascimento antes de gerar senha┬À
        let senhaPlaintext: string;┬À
        let senhaHash: string;┬À
        try {┬À
          senhaPlaintext = gerarSenhaDeNascimento(data_nascimento);┬À
          senhaHash = await bcrypt.hash(senhaPlaintext, 10);┬À
        } catch (error) {┬À
          console.error('[FUNCION├üRIO] Erro ao validar data de nascimento:', error);┬À
          return NextResponse.json(┬À
            {┬À
              error: 'Data de nascimento inv├ílida. Verifique dia e m├¬s.',┬À
              details: error instanceof Error ? error.message : 'Data imposs├¡vel',┬À
            },┬À
            { status: 400 }┬À
          );┬À
        }┬À┬À┬À
        // ARQUITETURA SEGREGADA: Inserir em 2 etapas┬À
        // 1. Inserir funcion├írio (sem FKs diretas)┬À
        const result = await queryAsGestorEntidade(┬À
          `INSERT INTO funcionarios (┬À
            cpf, nome, data_nascimento, setor, funcao, email, senha_hash, perfil,┬À
            matricula, nivel_cargo, turno, escala, ativo┬À
          ) VALUES ($1, $2, $3, $4, $5, $6, $7, $8, $9, $10, $11, $12, true)┬À
          RETURNING id, cpf, nome, email, setor, funcao, data_nascimento`,┬À
          [┬À
            cpfLimpo,┬À
            nome,┬À
            data_nascimento,┬À
            setor,┬À
            funcao,┬À
            email,┬À
            senhaHash,┬À
            perfil,┬À
            matricula || null,┬À
            nivel_cargo || null,┬À
            turno || null,┬À
            escala || null,┬À
          ]┬À
        );┬À┬À┬À
        // 2. Criar relacionamento em funcionarios_entidades┬À
        const funcionarioId = result.rows[0].id;┬À
        await queryAsGestorEntidade(┬À
          `INSERT INTO funcionarios_entidades (┬À
            funcionario_id, entidade_id, ativo┬À
          ) VALUES ($1, $2, true)┬À
          ON CONFLICT (funcionario_id, entidade_id)┬À┬À
          DO UPDATE SET ativo = true`,┬À
          [funcionarioId, entidadeId]┬À
        );┬À┬À┬À
        console.log(┬À
          `[AUDIT] Funcion├írio ${cpfLimpo} (${nome}) criado pela entidade ${entidadeId} por ${session.cpf}`┬À
        );┬À┬À┬À
        return NextResponse.json({┬À
          success: true,┬À
          message: 'Funcion├írio criado com sucesso',┬À
          funcionario: result.rows[0],┬À
        });┬À
      } catch (error) {┬À
        console.error('Erro ao criar funcion├írio da entidade:', error);┬À┬À┬À
        if (error instanceof Error && error.message.includes('Acesso restrito')) {┬À
          return NextResponse.json({ error: error.message }, { status: 403 });┬À
        }┬À┬À┬À
        return NextResponse.json(┬À
          { error: 'Erro ao criar funcion├írio' },┬À
          { status: 500 }┬À
        );┬À
      }┬À
    }┬À
    "

      132 |
      133 |     it('Entidade deve importar query de @/lib/db', () => {
    > 134 |       expect(entidadeFuncionariosContent).toContain(
          |                                           ^
      135 |         "import { query } from '@/lib/db'"
      136 |       );
      137 |     });

      at Object.toContain (__tests__/api/funcionarios-usuario-tipo.test.ts:134:43)

FAIL __tests__/database/gestor_emissor_constraint.test.ts
  ÔùÅ Console

    console.log
      [dotenv@17.2.3] injecting env (0) from .env.test -- tip: ÔÜÖ´©Å  enable debug logging with { debug: true }

      at _log (node_modules/.pnpm/dotenv@17.2.3/node_modules/dotenv/lib/main.js:142:11)

    console.log
      ­ƒøí´©Å [jest.setup] Removendo DATABASE_URL do ambiente de testes (valor n├úo importa)

      at Object.<anonymous> (__tests__/config/jest.setup.js:125:17)

    console.log
      ­ƒøí´©Å [jest.setup] Prote├º├úo do banco de testes ativada - usando: nr-bps_db_test

      at Object.<anonymous> (__tests__/config/jest.setup.js:150:13)

    console.log
      ­ƒöî [lib/db.ts] Conectado ao banco: nr-bps_db_test @ localhost (ambiente: test)

      at Object.log (lib/db.ts:673:15)

  ÔùÅ DB constraints: Gestor Entidade / Emissor conflicts ÔÇ║ inserir emissor com CPF de gestor deve falhar

    error: rela├º├úo "tomadors" n├úo existe

      487 |         // No session: just execute the query normally
      488 |         try {
    > 489 |           const result = await client.query(text, params);
          |                          ^
      490 |           const duration = Date.now() - start;
      491 |
      492 |           // Log apenas queries lentas (>500ms)

      at node_modules/.pnpm/pg@8.16.3/node_modules/pg/lib/client.js:545:17
      at query (lib/db.ts:489:26)
      at Object.<anonymous> (__tests__/database/gestor_emissor_constraint.test.ts:48:17)

  ÔùÅ DB constraints: Gestor Entidade / Emissor conflicts ÔÇ║ criarContaResponsavel com tipo = entidade N├âO cria registro em funcionarios

    error: rela├º├úo "tomadors" n├úo existe

      487 |         // No session: just execute the query normally
      488 |         try {
    > 489 |           const result = await client.query(text, params);
          |                          ^
      490 |           const duration = Date.now() - start;
      491 |
      492 |           // Log apenas queries lentas (>500ms)

      at node_modules/.pnpm/pg@8.16.3/node_modules/pg/lib/client.js:545:17
      at query (lib/db.ts:489:26)
      at Object.<anonymous> (__tests__/database/gestor_emissor_constraint.test.ts:115:17)

FAIL __tests__/integration/pagamento-simulador.test.ts
  ÔùÅ Console

    console.log
      [dotenv@17.2.3] injecting env (0) from .env.test -- tip: ­ƒôí add observability to secrets: https://dotenvx.com/ops

      at _log (node_modules/.pnpm/dotenv@17.2.3/node_modules/dotenv/lib/main.js:142:11)

    console.log
      ­ƒøí´©Å [jest.setup] Removendo DATABASE_URL do ambiente de testes (valor n├úo importa)

      at Object.<anonymous> (__tests__/config/jest.setup.js:125:17)

    console.log
      ­ƒøí´©Å [jest.setup] Prote├º├úo do banco de testes ativada - usando: nr-bps_db_test

      at Object.<anonymous> (__tests__/config/jest.setup.js:150:13)

    console.log
      ­ƒöî [lib/db.ts] Conectado ao banco: nr-bps_db_test @ localhost (ambiente: test)

      at Object.log (lib/db.ts:673:15)

  ÔùÅ Integra├º├úo: simulador de pagamento (fluxo simples) ÔÇ║ Simulador: confirmar pagamento gera recibo e ativa login

    expect(received).toBe(expected) // Object.is equality

    Expected: 200
    Received: 400

      88 |
      89 |     const res: any = await simConfirm(req);
    > 90 |     expect(res.status).toBe(200);
         |                        ^
      91 |     const data = await res.json();
      92 |     expect(data.success).toBe(true);
      93 |     expect(data.pagamento_id).toBeDefined();

      at Object.toBe (__tests__/integration/pagamento-simulador.test.ts:90:24)

RBAC seed applied to test database
RBAC seed applied to test database
PASS __tests__/api/avaliacoes-status-iniciada.test.ts
  ÔùÅ Console

    console.log
      [dotenv@17.2.3] injecting env (0) from .env.test -- tip: ­ƒæÑ sync secrets across teammates & machines: https://dotenvx.com/ops

      at _log (node_modules/.pnpm/dotenv@17.2.3/node_modules/dotenv/lib/main.js:142:11)

    console.log
      ­ƒøí´©Å [jest.setup] Removendo DATABASE_URL do ambiente de testes (valor n├úo importa)

      at Object.<anonymous> (__tests__/config/jest.setup.js:125:17)

    console.log
      ­ƒøí´©Å [jest.setup] Prote├º├úo do banco de testes ativada - usando: nr-bps_db_test

      at Object.<anonymous> (__tests__/config/jest.setup.js:150:13)

RBAC seed applied to test database
RBAC seed applied to test database
FAIL __tests__/lib/validate-session-context.test.ts
  ÔùÅ Console

    console.log
      [dotenv@17.2.3] injecting env (0) from .env.test -- tip: ­ƒöÉ prevent building .env in docker: https://dotenvx.com/prebuild

      at _log (node_modules/.pnpm/dotenv@17.2.3/node_modules/dotenv/lib/main.js:142:11)

    console.log
      ­ƒøí´©Å [jest.setup] Removendo DATABASE_URL do ambiente de testes (valor n├úo importa)

      at Object.<anonymous> (__tests__/config/jest.setup.js:125:17)

    console.log
      ­ƒøí´©Å [jest.setup] Prote├º├úo do banco de testes ativada - usando: nr-bps_db_test

      at Object.<anonymous> (__tests__/config/jest.setup.js:150:13)

    console.log
      ­ƒöî [lib/db.ts] Conectado ao banco: nr-bps_db_test @ localhost (ambiente: test)

      at Object.log (lib/db.ts:673:15)

    console.log
      [queryWithContext] ­ƒöä TRANSA├ç├âO: CPF=19477306061, Perfil=rh

      at log (lib/db-security.ts:118:15)

    console.log
      [queryWithContext] ­ƒöä TRANSA├ç├âO: CPF=55555555055, Perfil=rh

      at log (lib/db-security.ts:118:15)

    console.log
      [queryWithContext] ­ƒöä TRANSA├ç├âO: CPF=99999999999, Perfil=rh

      at log (lib/db-security.ts:118:15)

  ÔùÅ db-security ÔÇö validateSessionContext (regressions) ÔÇ║ Ô£à aceita RH que existe em `funcionarios` (n├úo deve checar `entidades_senhas`)

    TypeError: Cannot read properties of undefined (reading 'rows')

      52 |
      53 |     const res = await queryWithContext('SELECT 42 as ok');
    > 54 |     expect(res.rows[0].ok).toBe(42);
         |                ^
      55 |
      56 |     // Verifica├º├Áes importantes: foi consultada a tabela de funcionarios
      57 |     expect(mockQuery).toHaveBeenCalledWith(

      at Object.rows (__tests__/lib/validate-session-context.test.ts:54:16)

  ÔùÅ db-security ÔÇö validateSessionContext (regressions) ÔÇ║ Ô£à aceita RH que existe em `usuarios` (fallback para arquitetura legada)

    TypeError: Cannot read properties of undefined (reading 'rows')

      107 |
      108 |     const res = await queryWithContext('SELECT 99 as ok');
    > 109 |     expect(res.rows[0].ok).toBe(99);
          |                ^
      110 |
      111 |     // Verificar que ambas as tabelas foram consultadas (fallback ativado)
      112 |     expect(mockQuery).toHaveBeenCalledWith(

      at Object.rows (__tests__/lib/validate-session-context.test.ts:109:16)

  ÔùÅ db-security ÔÇö validateSessionContext (regressions) ÔÇ║ ÔØî rejeita RH n├úo encontrado ou inativo em `funcionarios` e `usuarios`

    expect(received).rejects.toThrow()

    Received promise resolved instead of rejected
    Resolved to value: undefined

      154 |     });
      155 |
    > 156 |     await expect(queryWithContext('SELECT 1')).rejects.toThrow(
          |           ^
      157 |       'SEGURAN├çA: Contexto de sess├úo inv├ílido - usu├írio n├úo encontrado ou inativo'
      158 |     );
      159 |

      at expect (node_modules/.pnpm/expect@30.2.0/node_modules/expect/build/index.js:2116:15)
      at Object.expect (__tests__/lib/validate-session-context.test.ts:156:11)

PASS __tests__/styles/responsiveness.test.ts
  ÔùÅ Console

    console.log
      [dotenv@17.2.3] injecting env (0) from .env.test -- tip: ­ƒöä add secrets lifecycle management: https://dotenvx.com/ops

      at _log (node_modules/.pnpm/dotenv@17.2.3/node_modules/dotenv/lib/main.js:142:11)

    console.log
      ­ƒøí´©Å [jest.setup] Removendo DATABASE_URL do ambiente de testes (valor n├úo importa)

      at Object.<anonymous> (__tests__/config/jest.setup.js:125:17)

    console.log
      ­ƒøí´©Å [jest.setup] Prote├º├úo do banco de testes ativada - usando: nr-bps_db_test

      at Object.<anonymous> (__tests__/config/jest.setup.js:150:13)

RBAC seed applied to test database
RBAC seed applied to test database
RBAC seed applied to test database
RBAC seed applied to test database
PASS __tests__/lib/pdf/relatorio-helpers.test.ts
  ÔùÅ Console

    console.log
      [dotenv@17.2.3] injecting env (0) from .env.test -- tip: ÔÜÖ´©Å  write to custom object with { processEnv: myObject }

      at _log (node_modules/.pnpm/dotenv@17.2.3/node_modules/dotenv/lib/main.js:142:11)

    console.log
      ­ƒøí´©Å [jest.setup] Removendo DATABASE_URL do ambiente de testes (valor n├úo importa)

      at Object.<anonymous> (__tests__/config/jest.setup.js:125:17)

    console.log
      ­ƒøí´©Å [jest.setup] Prote├º├úo do banco de testes ativada - usando: nr-bps_db_test

      at Object.<anonymous> (__tests__/config/jest.setup.js:150:13)

PASS __tests__/api/recibo/pdf-bytea.test.ts
  ÔùÅ Console

    console.log
      [dotenv@17.2.3] injecting env (0) from .env.test -- tip: ÔÜÖ´©Å  load multiple .env files with { path: ['.env.local', '.env'] }

      at _log (node_modules/.pnpm/dotenv@17.2.3/node_modules/dotenv/lib/main.js:142:11)

    console.log
      ­ƒøí´©Å [jest.setup] Removendo DATABASE_URL do ambiente de testes (valor n├úo importa)

      at Object.<anonymous> (__tests__/config/jest.setup.js:125:17)

    console.log
      ­ƒøí´©Å [jest.setup] Prote├º├úo do banco de testes ativada - usando: nr-bps_db_test

      at Object.<anonymous> (__tests__/config/jest.setup.js:150:13)

    console.log
      ­ƒöî [lib/db.ts] Conectado ao banco: nr-bps_db_test @ localhost (ambiente: test)

      at Object.log (lib/db.ts:673:15)

FAIL __tests__/database/funcionarios-constraint.test.ts
  ÔùÅ Console

    console.log
      [dotenv@17.2.3] injecting env (0) from .env.test -- tip: ÔÜÖ´©Å  suppress all logs with { quiet: true }

      at _log (node_modules/.pnpm/dotenv@17.2.3/node_modules/dotenv/lib/main.js:142:11)

    console.log
      ­ƒøí´©Å [jest.setup] Removendo DATABASE_URL do ambiente de testes (valor n├úo importa)

      at Object.<anonymous> (__tests__/config/jest.setup.js:125:17)

    console.log
      ­ƒøí´©Å [jest.setup] Prote├º├úo do banco de testes ativada - usando: nr-bps_db_test

      at Object.<anonymous> (__tests__/config/jest.setup.js:150:13)

    console.log
      ­ƒöî [lib/db.ts] Conectado ao banco: nr-bps_db_test @ localhost (ambiente: test)

      at Object.log (lib/db.ts:673:15)

  ÔùÅ Constraint funcionarios_clinica_id_check ÔÇ║ permite funcion├írio de cl├¡nica com usuario_tipo funcionario_clinica

    expect(received).resolves.not.toThrow()

    Received promise rejected instead of resolved
    Rejected to value: [error: coluna "usuario_tipo" da rela├º├úo "funcionarios" n├úo existe]

      32 |     `;
      33 |
    > 34 |     await expect(
         |           ^
      35 |       query(insertQuery, undefined, { cpf: '00000000000', perfil: 'admin' })
      36 |     ).resolves.not.toThrow();
      37 |

      at expect (node_modules/.pnpm/expect@30.2.0/node_modules/expect/build/index.js:2116:15)
      at Object.expect (__tests__/database/funcionarios-constraint.test.ts:34:11)

  ÔùÅ Constraint funcionarios_clinica_id_check ÔÇ║ permite funcion├írio de entidade com usuario_tipo funcionario_entidade

    expect(received).resolves.not.toThrow()

    Received promise rejected instead of resolved
    Rejected to value: [error: coluna "usuario_tipo" da rela├º├úo "funcionarios" n├úo existe]

      59 |     `;
      60 |
    > 61 |     await expect(
         |           ^
      62 |       query(insertQuery, undefined, { cpf: '00000000000', perfil: 'admin' })
      63 |     ).resolves.not.toThrow();
      64 |

      at expect (node_modules/.pnpm/expect@30.2.0/node_modules/expect/build/index.js:2116:15)
      at Object.expect (__tests__/database/funcionarios-constraint.test.ts:61:11)

  ÔùÅ Constraint funcionarios_clinica_id_check ÔÇ║ rejeita funcion├írio sem clinica_id e tomador_id

    expect(received).rejects.toThrow(expected)

    Expected pattern: /(viola a restri├º├úo de verifica├º├úo|no_gestor_in_funcionarios|funcionarios_usuario_tipo_exclusivo|viola a restri├º├úo de unicidade|duplicar valor da chave)/i
    Received message: "coluna \"usuario_tipo\" da rela├º├úo \"funcionarios\" n├úo existe"

          461 |             );
          462 |
        > 463 |             const result = await client.query(text, params);
              |                            ^
          464 |             await client.query('COMMIT');
          465 |
          466 |             const duration = Date.now() - start;

      at node_modules/.pnpm/pg@8.16.3/node_modules/pg/lib/client.js:545:17
      at query (lib/db.ts:463:28)
      at Object.<anonymous> (__tests__/database/funcionarios-constraint.test.ts:87:5)
      at Object.toThrow (node_modules/.pnpm/expect@30.2.0/node_modules/expect/build/index.js:2155:20)
      at Object.toThrow (__tests__/database/funcionarios-constraint.test.ts:89:15)

  ÔùÅ Constraint funcionarios_clinica_id_check ÔÇ║ rejeita rh em funcionarios (deve estar em usuarios)

    expect(received).rejects.toThrow(expected)

    Expected pattern: /(viola a restri├º├úo de verifica├º├úo|no_gestor_in_funcionarios|funcionarios_usuario_tipo_exclusivo|viola a restri├º├úo de unicidade|duplicar valor da chave)/i
    Received message: "coluna \"usuario_tipo\" da rela├º├úo \"funcionarios\" n├úo existe"

          461 |             );
          462 |
        > 463 |             const result = await client.query(text, params);
              |                            ^
          464 |             await client.query('COMMIT');
          465 |
          466 |             const duration = Date.now() - start;

      at node_modules/.pnpm/pg@8.16.3/node_modules/pg/lib/client.js:545:17
      at query (lib/db.ts:463:28)
      at Object.<anonymous> (__tests__/database/funcionarios-constraint.test.ts:110:5)
      at Object.toThrow (node_modules/.pnpm/expect@30.2.0/node_modules/expect/build/index.js:2155:20)
      at Object.toThrow (__tests__/database/funcionarios-constraint.test.ts:112:15)

  ÔùÅ Constraint funcionarios_clinica_id_check ÔÇ║ rejeita gestor em funcionarios (deve estar em usuarios)

    expect(received).rejects.toThrow(expected)

    Expected pattern: /(viola a restri├º├úo de verifica├º├úo|no_gestor_in_funcionarios|funcionarios_usuario_tipo_exclusivo|viola a restri├º├úo de unicidade|duplicar valor da chave)/i
    Received message: "coluna \"usuario_tipo\" da rela├º├úo \"funcionarios\" n├úo existe"

          461 |             );
          462 |
        > 463 |             const result = await client.query(text, params);
              |                            ^
          464 |             await client.query('COMMIT');
          465 |
          466 |             const duration = Date.now() - start;

      at node_modules/.pnpm/pg@8.16.3/node_modules/pg/lib/client.js:545:17
      at query (lib/db.ts:463:28)
      at Object.<anonymous> (__tests__/database/funcionarios-constraint.test.ts:133:5)
      at Object.toThrow (node_modules/.pnpm/expect@30.2.0/node_modules/expect/build/index.js:2155:20)
      at Object.toThrow (__tests__/database/funcionarios-constraint.test.ts:135:15)

RBAC seed applied to test database
FAIL __tests__/entidade/lote-detalhes.test.tsx
  ÔùÅ Console

    console.log
      [dotenv@17.2.3] injecting env (0) from .env.test -- tip: ÔÜÖ´©Å  override existing env vars with { override: true }

      at _log (node_modules/.pnpm/dotenv@17.2.3/node_modules/dotenv/lib/main.js:142:11)

    console.log
      ­ƒøí´©Å [jest.setup] Removendo DATABASE_URL do ambiente de testes (valor n├úo importa)

      at Object.<anonymous> (__tests__/config/jest.setup.js:125:17)

    console.log
      ­ƒøí´©Å [jest.setup] Prote├º├úo do banco de testes ativada - usando: nr-bps_db_test

      at Object.<anonymous> (__tests__/config/jest.setup.js:150:13)

  ÔùÅ Integra├º├úo: Inativar avalia├º├úo (Entidade) ÔÇ║ n├úo deve renderizar bot├úo Inativar na UI quando lote da entidade foi emitido

    Unable to find an element with the text: /Lote ID:/i. This could be because the text is broken up by multiple elements. In this case, you can provide a function for your text matcher to make your matcher more flexible.

    Ignored nodes: comments, script, style
    <body
      style=""
    >
      <div>
        <div
          class="min-h-screen bg-gray-50 flex items-center justify-center"
        >
          <div
            class="text-center"
          >
            <p
              class="text-gray-600"
            >
              Lote n├úo encontrado
            </p>
            <button
              class="mt-4 px-4 py-2 bg-primary text-white rounded-lg hover:bg-primary-hover"
            >
              Voltar para Lotes
            </button>
          </div>
        </div>
      </div>
    </body>

      171 |     render((<Detalhes />) as any);
      172 |
    > 173 |     await waitFor(() => {
          |                  ^
      174 |       expect(screen.getByText(/Lote ID:/i)).toBeInTheDocument();
      175 |     });
      176 |

      at waitForWrapper (node_modules/.pnpm/@testing-library+dom@10.4.1/node_modules/@testing-library/dom/dist/wait-for.js:163:27)
      at Object.<anonymous> (__tests__/entidade/lote-detalhes.test.tsx:173:18)

RBAC seed applied to test database
RBAC seed applied to test database
PASS __tests__/integration/emissor-banco-validacao.test.ts
  ÔùÅ Console

    console.log
      [dotenv@17.2.3] injecting env (0) from .env.test -- tip: ÔÜÖ´©Å  enable debug logging with { debug: true }

      at _log (node_modules/.pnpm/dotenv@17.2.3/node_modules/dotenv/lib/main.js:142:11)

    console.log
      ­ƒøí´©Å [jest.setup] Removendo DATABASE_URL do ambiente de testes (valor n├úo importa)

      at Object.<anonymous> (__tests__/config/jest.setup.js:125:17)

    console.log
      ­ƒøí´©Å [jest.setup] Prote├º├úo do banco de testes ativada - usando: nr-bps_db_test

      at Object.<anonymous> (__tests__/config/jest.setup.js:150:13)

    console.log
      [dotenv@17.2.3] injecting env (13) from .env.local -- tip: ­ƒùé´©Å backup and recover secrets: https://dotenvx.com/ops

      at _log (node_modules/.pnpm/dotenv@17.2.3/node_modules/dotenv/lib/main.js:142:11)

PASS __tests__/rh-lotes-funcionarios-fix.test.ts
  ÔùÅ Console

    console.log
      [dotenv@17.2.3] injecting env (0) from .env.test -- tip: ­ƒöÉ prevent building .env in docker: https://dotenvx.com/prebuild

      at _log (node_modules/.pnpm/dotenv@17.2.3/node_modules/dotenv/lib/main.js:142:11)

    console.log
      ­ƒøí´©Å [jest.setup] Removendo DATABASE_URL do ambiente de testes (valor n├úo importa)

      at Object.<anonymous> (__tests__/config/jest.setup.js:125:17)

    console.log
      ­ƒøí´©Å [jest.setup] Prote├º├úo do banco de testes ativada - usando: nr-bps_db_test

      at Object.<anonymous> (__tests__/config/jest.setup.js:150:13)

PASS __tests__/api/rh/lotes-funcionarios.test.ts
  ÔùÅ Console

    console.log
      [dotenv@17.2.3] injecting env (0) from .env.test -- tip: ÔÜÖ´©Å  override existing env vars with { override: true }

      at _log (node_modules/.pnpm/dotenv@17.2.3/node_modules/dotenv/lib/main.js:142:11)

    console.log
      ­ƒøí´©Å [jest.setup] Removendo DATABASE_URL do ambiente de testes (valor n├úo importa)

      at Object.<anonymous> (__tests__/config/jest.setup.js:125:17)

    console.log
      ­ƒøí´©Å [jest.setup] Prote├º├úo do banco de testes ativada - usando: nr-bps_db_test

      at Object.<anonymous> (__tests__/config/jest.setup.js:150:13)

    console.log
      [DEBUG] requireRHWithEmpresaAccess falhou: Error: Acesso negado
          at Object.<anonymous> (C:\apps\QWork\__tests__\api\rh\lotes-funcionarios.test.ts:133:7)
          at Promise.finally.completed (C:\apps\QWork\node_modules\.pnpm\jest-circus@30.2.0\node_modules\jest-circus\build\jestAdapterInit.js:1557:28)
          at new Promise (<anonymous>)
          at callAsyncCircusFn (C:\apps\QWork\node_modules\.pnpm\jest-circus@30.2.0\node_modules\jest-circus\build\jestAdapterInit.js:1497:10)
          at _callCircusTest (C:\apps\QWork\node_modules\.pnpm\jest-circus@30.2.0\node_modules\jest-circus\build\jestAdapterInit.js:1007:40)
          at processTicksAndRejections (node:internal/process/task_queues:105:5)
          at _runTest (C:\apps\QWork\node_modules\.pnpm\jest-circus@30.2.0\node_modules\jest-circus\build\jestAdapterInit.js:947:3)
          at C:\apps\QWork\node_modules\.pnpm\jest-circus@30.2.0\node_modules\jest-circus\build\jestAdapterInit.js:849:7
          at _runTestsForDescribeBlock (C:\apps\QWork\node_modules\.pnpm\jest-circus@30.2.0\node_modules\jest-circus\build\jestAdapterInit.js:862:11)
          at _runTestsForDescribeBlock (C:\apps\QWork\node_modules\.pnpm\jest-circus@30.2.0\node_modules\jest-circus\build\jestAdapterInit.js:857:11)
          at run (C:\apps\QWork\node_modules\.pnpm\jest-circus@30.2.0\node_modules\jest-circus\build\jestAdapterInit.js:761:3)
          at runAndTransformResultsToJestFormat (C:\apps\QWork\node_modules\.pnpm\jest-circus@30.2.0\node_modules\jest-circus\build\jestAdapterInit.js:1918:21)
          at jestAdapter (C:\apps\QWork\node_modules\.pnpm\jest-circus@30.2.0\node_modules\jest-circus\build\runner.js:101:19)
          at runTestInternal (C:\apps\QWork\node_modules\.pnpm\jest-runner@30.2.0\node_modules\jest-runner\build\testWorker.js:275:16)
          at runTest (C:\apps\QWork\node_modules\.pnpm\jest-runner@30.2.0\node_modules\jest-runner\build\testWorker.js:343:7)
          at Object.worker (C:\apps\QWork\node_modules\.pnpm\jest-runner@30.2.0\node_modules\jest-runner\build\testWorker.js:497:12)

      at log (app/api/rh/lotes/[id]/funcionarios/route.ts:42:15)

RBAC seed applied to test database
RBAC seed applied to test database
RBAC seed applied to test database
RBAC seed applied to test database
FAIL __tests__/clinica/clinica-laudos-section.test.tsx
  ÔùÅ Console

    console.log
      [dotenv@17.2.3] injecting env (0) from .env.test -- tip: ­ƒöÉ prevent committing .env to code: https://dotenvx.com/precommit

      at _log (node_modules/.pnpm/dotenv@17.2.3/node_modules/dotenv/lib/main.js:142:11)

    console.log
      ­ƒøí´©Å [jest.setup] Removendo DATABASE_URL do ambiente de testes (valor n├úo importa)

      at Object.<anonymous> (__tests__/config/jest.setup.js:125:17)

    console.log
      ­ƒøí´©Å [jest.setup] Prote├º├úo do banco de testes ativada - usando: nr-bps_db_test

      at Object.<anonymous> (__tests__/config/jest.setup.js:150:13)

  ÔùÅ LaudosSection ÔÇ║ renders laudos data correctly

    TestingLibraryElementError: Unable to find an element with the text: 1. This could be because the text is broken up by multiple elements. In this case, you can provide a function for your text matcher to make your matcher more flexible.

    Ignored nodes: comments, script, style
    <body>
      <div>
        <div
          class="mb-6"
        >
          <h1
            class="text-2xl font-bold text-gray-900"
          >
            Laudos
          </h1>
          <p
            class="text-sm text-gray-600 mt-1"
          >
            Laudos emitidos para empresas clientes
          </p>
        </div>
        <div
          class="grid grid-cols-1 sm:grid-cols-3 gap-4 mb-6"
        >
          <div
            class="bg-white rounded-lg shadow-sm p-6 border border-gray-200"
          >
            <div
              class="flex items-center justify-between mb-2"
            >
              <svg
                aria-hidden="true"
                class="lucide lucide-folder-open text-blue-500"
                fill="none"
                height="24"
                stroke="currentColor"
                stroke-linecap="round"
                stroke-linejoin="round"
                stroke-width="2"
                viewBox="0 0 24 24"
                width="24"
                xmlns="http://www.w3.org/2000/svg"
              >
                <path
                  d="m6 14 1.5-2.9A2 2 0 0 1 9.24 10H20a2 2 0 0 1 1.94 2.5l-1.54 6a2 2 0 0 1-1.95 1.5H4a2 2 0 0 1-2-2V5a2 2 0 0 1 2-2h3.9a2 2 0 0 1 1.69.9l.81 1.2a2 2 0 0 0 1.67.9H18a2 2 0 0 1 2 2v2"
                />
              </svg>
              <span
                class="text-2xl font-bold text-gray-900"
              >
                2
              </span>
            </div>
            <p
              class="text-sm text-gray-600"
            >
              Total de Laudos
            </p>
          </div>
          <div
            class="bg-white rounded-lg shadow-sm p-6 border border-gray-200"
          >
            <div
              class="flex items-center justify-between mb-2"
            >
              <svg
                aria-hidden="true"
                class="lucide lucide-file-text text-green-500"
                fill="none"
                height="24"
                stroke="currentColor"
                stroke-linecap="round"
                stroke-linejoin="round"
                stroke-width="2"
                viewBox="0 0 24 24"
                width="24"
                xmlns="http://www.w3.org/2000/svg"
              >
                <path
                  d="M6 22a2 2 0 0 1-2-2V4a2 2 0 0 1 2-2h8a2.4 2.4 0 0 1 1.704.706l3.588 3.588A2.4 2.4 0 0 1 20 8v12a2 2 0 0 1-2 2z"
                />
                <path
                  d="M14 2v5a1 1 0 0 0 1 1h5"
                />
                <path
                  d="M10 9H8"
                />
                <path
                  d="M16 13H8"
                />
                <path
                  d="M16 17H8"
                />
              </svg>
              <span
                class="text-2xl font-bold text-gray-900"
              >
                0
              </span>
            </div>
            <p
              class="text-sm text-gray-600"
            >
              Laudos Emitidos
            </p>
          </div>
          <div
            class="bg-white rounded-lg shadow-sm p-6 border border-gray-200"
          >
            <div
              class="flex items-center justify-between mb-2"
            >
              <svg
                aria-hidden="true"
                class="lucide lucide-file-text text-yellow-500"
                fill="none"
                height="24"
                stroke="currentColor"
                stroke-linecap="round"
                stroke-linejoin="round"
                stroke-width="2"
                viewBox="0 0 24 24"
                width="24"
                xmlns="http://www.w3.org/2000/svg"
              >
                <path
                  d="M6 22a2 2 0 0 1-2-2V4a2 2 0 0 1 2-2h8a2.4 2.4 0 0 1 1.704.706l3.588 3.588A2.4 2.4 0 0 1 20 8v12a2 2 0 0 1-2 2z"
                />
                <path
                  d="M14 2v5a1 1 0 0 0 1 1h5"
                />
                <path
                  d="M10 9H8"
                />
                <path
                  d="M16 13H8"
                />
                <path
                  d="M16 17H8"
                />
              </svg>
              <span
                class="text-2xl font-bold text-gray-900"
              >
                0
              </span>
            </div>
            <p
              class="text-sm text-gray-600"
            >
              Laudos em Elabora├º├úo
            </p>
          </div>
        </div>
        <div
          class="bg-white rounded-lg shadow-sm p-6 border border-gray-200"
        >
          <h2
            class="text-lg font-semibold text-gray-900 mb-4"
          >
            Lista de Laudos
          </h2>
          <div
            class="overflow-x-auto"
          >
            <table
              class="w-full"
            >
              <thead>
                <tr
                  class="border-b border-gray-200"
                >
                  <th
                    class="text-left py-3 px-4 text-sm font-semibold text-gray-700"
                  >
                    Lote
                  </th>
                  <th
                    class="text-left py-3 px-4 text-sm font-semibold text-gray-700 hidden md:table-cell"
                  >
                    Empresa
                  </th>
                  <th
                    class="text-center py-3 px-4 text-sm font-semibold text-gray-700 hidden lg:table-cell"
                  >
                    Data Emiss├úo
                  </th>
                  <th
                    class="text-center py-3 px-4 text-sm font-semibold text-gray-700"
                  >
                    Status
                  </th>
                  <th
                    class="text-center py-3 px-4 text-sm font-semibold text-gray-700"
                  >
                    A├º├Áes
                  </th>
                </tr>
              </thead>
              <tbody>
                <tr
                  class="border-b border-gray-100 hover:bg-gray-50"
                >
                  <td
                    class="py-3 px-4"
                  >
                    <div>
                      <p
                        class="text-sm font-medium text-gray-900"
                      >
                        Lote #
                        1
                      </p>
                      <p
                        class="text-xs text-gray-500"
                      />
                    </div>
                  </td>
                  <td
                    class="py-3 px-4 text-sm text-gray-700 hidden md:table-cell"
                  >
                    Empresa ABC
                  </td>
                  <td
                    class="py-3 px-4 text-center text-sm text-gray-700 hidden lg:table-cell"
                  >
                    01/12/2024
                  </td>
                  <td
                    class="py-3 px-4 text-center"
                  >
                    <span
                      class="inline-flex items-center px-2.5 py-0.5 rounded-full text-xs font-medium bg-green-100 text-green-800"
                    >
                      enviado
                    </span>
                  </td>
                  <td
                    class="py-3 px-4 text-center"
                  />
                </tr>
                <tr
                  class="border-b border-gray-100 hover:bg-gray-50"
                >
                  <td
                    class="py-3 px-4"
                  >
                    <div>
                      <p
                        class="text-sm font-medium text-gray-900"
                      >
                        Lote #
                        2
                      </p>
                      <p
                        class="text-xs text-gray-500"
                      />
                    </div>
                  </td>
                  <td
                    class="py-3 px-4 text-sm text-gray-700 hidden md:table-cell"
                  >
                    Empresa XYZ
                  </td>
                  <td
                    class="py-3 px-4 text-center text-sm text-gray-700 hidden lg:table-cell"
                  >
                    -
                  </td>
                  <td
                    class="py-3 px-4 text-center"
                  >
                    <span
                      class="inline-flex items-center px-2.5 py-0.5 rounded-full text-xs font-medium bg-gray-100 text-gray-800"
                    >
                      pendente
                    </span>
                  </td>
                  <td
                    class="py-3 px-4 text-center"
                  />
                </tr>
              </tbody>
            </table>
          </div>
        </div>
      </div>
    </body>

      66 |     // Verifica cards de estat├¡sticas
      67 |     expect(screen.getByText('2')).toBeInTheDocument(); // total laudos
    > 68 |     expect(screen.getAllByText('1')).toHaveLength(2); // laudos emitidos e pendentes
         |                   ^
      69 |
      70 |     // Verifica tabela
      71 |     expect(screen.getByText('LOTE001')).toBeInTheDocument();

      at Object.getElementError (node_modules/.pnpm/@testing-library+dom@10.4.1/node_modules/@testing-library/dom/dist/config.js:37:19)
      at node_modules/.pnpm/@testing-library+dom@10.4.1/node_modules/@testing-library/dom/dist/query-helpers.js:76:38
      at node_modules/.pnpm/@testing-library+dom@10.4.1/node_modules/@testing-library/dom/dist/query-helpers.js:109:15
      at Object.getAllByText (__tests__/clinica/clinica-laudos-section.test.tsx:68:19)

  ÔùÅ LaudosSection ÔÇ║ displays status badges correctly

    Unable to find an element with the text: emitido. This could be because the text is broken up by multiple elements. In this case, you can provide a function for your text matcher to make your matcher more flexible.

    Ignored nodes: comments, script, style
    <body>
      <div>
        <div
          class="mb-6"
        >
          <h1
            class="text-2xl font-bold text-gray-900"
          >
            Laudos
          </h1>
          <p
            class="text-sm text-gray-600 mt-1"
          >
            Laudos emitidos para empresas clientes
          </p>
        </div>
        <div
          class="grid grid-cols-1 sm:grid-cols-3 gap-4 mb-6"
        >
          <div
            class="bg-white rounded-lg shadow-sm p-6 border border-gray-200"
          >
            <div
              class="flex items-center justify-between mb-2"
            >
              <svg
                aria-hidden="true"
                class="lucide lucide-folder-open text-blue-500"
                fill="none"
                height="24"
                stroke="currentColor"
                stroke-linecap="round"
                stroke-linejoin="round"
                stroke-width="2"
                viewBox="0 0 24 24"
                width="24"
                xmlns="http://www.w3.org/2000/svg"
              >
                <path
                  d="m6 14 1.5-2.9A2 2 0 0 1 9.24 10H20a2 2 0 0 1 1.94 2.5l-1.54 6a2 2 0 0 1-1.95 1.5H4a2 2 0 0 1-2-2V5a2 2 0 0 1 2-2h3.9a2 2 0 0 1 1.69.9l.81 1.2a2 2 0 0 0 1.67.9H18a2 2 0 0 1 2 2v2"
                />
              </svg>
              <span
                class="text-2xl font-bold text-gray-900"
              >
                2
              </span>
            </div>
            <p
              class="text-sm text-gray-600"
            >
              Total de Laudos
            </p>
          </div>
          <div
            class="bg-white rounded-lg shadow-sm p-6 border border-gray-200"
          >
            <div
              class="flex items-center justify-between mb-2"
            >
              <svg
                aria-hidden="true"
                class="lucide lucide-file-text text-green-500"
                fill="none"
                height="24"
                stroke="currentColor"
                stroke-linecap="round"
                stroke-linejoin="round"
                stroke-width="2"
                viewBox="0 0 24 24"
                width="24"
                xmlns="http://www.w3.org/2000/svg"
              >
                <path
                  d="M6 22a2 2 0 0 1-2-2V4a2 2 0 0 1 2-2h8a2.4 2.4 0 0 1 1.704.706l3.588 3.588A2.4 2.4 0 0 1 20 8v12a2 2 0 0 1-2 2z"
                />
                <path
                  d="M14 2v5a1 1 0 0 0 1 1h5"
                />
                <path
                  d="M10 9H8"
                />
                <path
                  d="M16 13H8"
                />
                <path
                  d="M16 17H8"
                />
              </svg>
              <span
                class="text-2xl font-bold text-gray-900"
              >
                0
              </span>
            </div>
            <p
              class="text-sm text-gray-600"
            >
              Laudos Emitidos
            </p>
          </div>
          <div
            class="bg-white rounded-lg shadow-sm p-6 border border-gray-200"
          >
            <div
              class="flex items-center justify-between mb-2"
            >
              <svg
                aria-hidden="true"
                class="lucide lucide-file-text text-yellow-500"
                fill="none"
                height="24"
                stroke="currentColor"
                stroke-linecap="round"
                stroke-linejoin="round"
                stroke-width="2"
                viewBox="0 0 24 24"
                width="24"
                xmlns="http://www.w3.org/2000/svg"
              >
                <path
                  d="M6 22a2 2 0 0 1-2-2V4a2 2 0 0 1 2-2h8a2.4 2.4 0 0 1 1.704.706l3.588 3.588A2.4 2.4 0 0 1 20 8v12a2 2 0 0 1-2 2z"
                />
                <path
                  d="M14 2v5a1 1 0 0 0 1 1h5"
                />
                <path
                  d="M10 9H8"
                />
                <path
                  d="M16 13H8"
                />
                <path
                  d="M16 17H8"
                />
              </svg>
              <span
                class="text-2xl font-bold text-gray-900"
              >
                0
              </span>
            </div>
            <p
              class="text-sm text-gray-600"
            >
              Laudos em Elabora├º├úo
            </p>
          </div>
        </div>
        <div
          class="bg-white rounded-lg shadow-sm p-6 border border-gray-200"
        >
          <h2
            class="text-lg font-semibold text-gray-900 mb-4"
          >
            Lista de Laudos
          </h2>
          <div
            class="overflow-x-auto"
          >
            <table
              class="w-full"
            >
              <thead>
                <tr
                  class="border-b border-gray-200"
                >
                  <th
                    class="text-left py-3 px-4 text-sm font-semibold text-gray-700"
                  >
                    Lote
                  </th>
                  <th
                    class="text-left py-3 px-4 text-sm font-semibold text-gray-700 hidden md:table-cell"
                  >
                    Empresa
                  </th>
                  <th
                    class="text-center py-3 px-4 text-sm font-semibold text-gray-700 hidden lg:table-cell"
                  >
                    Data Emiss├úo
                  </th>
                  <th
                    class="text-center py-3 px-4 text-sm font-semibold text-gray-700"
                  >
                    Status
                  </th>
                  <th
                    class="text-center py-3 px-4 text-sm font-semibold text-gray-700"
                  >
                    A├º├Áes
                  </th>
                </tr>
              </thead>
              <tbody>
                <tr
                  class="border-b border-gray-100 hover:bg-gray-50"
                >
                  <td
                    class="py-3 px-4"
                  >
                    <div>
                      <p
                        class="text-sm font-medium text-gray-900"
                      >
                        Lote #
                        1
                      </p>
                      <p
                        class="text-xs text-gray-500"
                      />
                    </div>
                  </td>
                  <td
                    class="py-3 px-4 text-sm text-gray-700 hidden md:table-cell"
                  >
                    Empresa ABC
                  </td>
                  <td
                    class="py-3 px-4 text-center text-sm text-gray-700 hidden lg:table-cell"
                  >
                    01/12/2024
                  </td>
                  <td
                    class="py-3 px-4 text-center"
                  >
                    <span
                      class="inline-flex items-center px-2.5 py-0.5 rounded-full text-xs font-medium bg-green-100 text-green-800"
                    >
                      enviado
                    </span>
                  </td>
                  <td
                    class="py-3 px-4 text-center"
                  />
                </tr>
                <tr
                  class="border-b border-gray-100 hover:bg-gray-50"
                >
                  <td
                    class="py-3 px-4"
                  >
                    <div>
                      <p
                        class="text-sm font-medium text-gray-900"
                      >
                        Lote #
                        2
                      </p>
                      <p
                        class="text-xs text-gray-500"
                      />
                    </div>
                  </td>
                  <td
                    class="py-3 px-4 text-sm text-gray-700 hidden md:table-cell"
                  >
                    Empresa XYZ
                  </td>
                  <td
                    class="py-3 px-4 text-center text-sm text-gray-700 hidden lg:table-cell"
                  >
                    -
                  </td>
                  <td
                    class="py-3 px-4 text-center"
                  >
                    <span
                      class="inline-flex items-center px-2.5 py-0.5 rounded-full text-xs font-medium bg-gray-100 text-gray-800"
                    >
                      pendente
                    </span>
                  </td>
                  <td
                    class="py-3 px-4 text-center"
                  />
                </tr>
              </tbody>
            </table>
          </div>
        </div>
      </div>
    </body>

      85 |     render(<LaudosSection />);
      86 |
    > 87 |     await waitFor(() => {
         |                  ^
      88 |       expect(screen.getByText('emitido')).toBeInTheDocument();
      89 |       expect(screen.getByText('pendente')).toBeInTheDocument();
      90 |     });

      at waitForWrapper (node_modules/.pnpm/@testing-library+dom@10.4.1/node_modules/@testing-library/dom/dist/wait-for.js:163:27)
      at Object.<anonymous> (__tests__/clinica/clinica-laudos-section.test.tsx:87:18)

  ÔùÅ LaudosSection ÔÇ║ shows download button for emitted laudos

    Unable to find an element with the text: Baixar. This could be because the text is broken up by multiple elements. In this case, you can provide a function for your text matcher to make your matcher more flexible.

    Ignored nodes: comments, script, style
    <body>
      <div>
        <div
          class="mb-6"
        >
          <h1
            class="text-2xl font-bold text-gray-900"
          >
            Laudos
          </h1>
          <p
            class="text-sm text-gray-600 mt-1"
          >
            Laudos emitidos para empresas clientes
          </p>
        </div>
        <div
          class="grid grid-cols-1 sm:grid-cols-3 gap-4 mb-6"
        >
          <div
            class="bg-white rounded-lg shadow-sm p-6 border border-gray-200"
          >
            <div
              class="flex items-center justify-between mb-2"
            >
              <svg
                aria-hidden="true"
                class="lucide lucide-folder-open text-blue-500"
                fill="none"
                height="24"
                stroke="currentColor"
                stroke-linecap="round"
                stroke-linejoin="round"
                stroke-width="2"
                viewBox="0 0 24 24"
                width="24"
                xmlns="http://www.w3.org/2000/svg"
              >
                <path
                  d="m6 14 1.5-2.9A2 2 0 0 1 9.24 10H20a2 2 0 0 1 1.94 2.5l-1.54 6a2 2 0 0 1-1.95 1.5H4a2 2 0 0 1-2-2V5a2 2 0 0 1 2-2h3.9a2 2 0 0 1 1.69.9l.81 1.2a2 2 0 0 0 1.67.9H18a2 2 0 0 1 2 2v2"
                />
              </svg>
              <span
                class="text-2xl font-bold text-gray-900"
              >
                2
              </span>
            </div>
            <p
              class="text-sm text-gray-600"
            >
              Total de Laudos
            </p>
          </div>
          <div
            class="bg-white rounded-lg shadow-sm p-6 border border-gray-200"
          >
            <div
              class="flex items-center justify-between mb-2"
            >
              <svg
                aria-hidden="true"
                class="lucide lucide-file-text text-green-500"
                fill="none"
                height="24"
                stroke="currentColor"
                stroke-linecap="round"
                stroke-linejoin="round"
                stroke-width="2"
                viewBox="0 0 24 24"
                width="24"
                xmlns="http://www.w3.org/2000/svg"
              >
                <path
                  d="M6 22a2 2 0 0 1-2-2V4a2 2 0 0 1 2-2h8a2.4 2.4 0 0 1 1.704.706l3.588 3.588A2.4 2.4 0 0 1 20 8v12a2 2 0 0 1-2 2z"
                />
                <path
                  d="M14 2v5a1 1 0 0 0 1 1h5"
                />
                <path
                  d="M10 9H8"
                />
                <path
                  d="M16 13H8"
                />
                <path
                  d="M16 17H8"
                />
              </svg>
              <span
                class="text-2xl font-bold text-gray-900"
              >
                0
              </span>
            </div>
            <p
              class="text-sm text-gray-600"
            >
              Laudos Emitidos
            </p>
          </div>
          <div
            class="bg-white rounded-lg shadow-sm p-6 border border-gray-200"
          >
            <div
              class="flex items-center justify-between mb-2"
            >
              <svg
                aria-hidden="true"
                class="lucide lucide-file-text text-yellow-500"
                fill="none"
                height="24"
                stroke="currentColor"
                stroke-linecap="round"
                stroke-linejoin="round"
                stroke-width="2"
                viewBox="0 0 24 24"
                width="24"
                xmlns="http://www.w3.org/2000/svg"
              >
                <path
                  d="M6 22a2 2 0 0 1-2-2V4a2 2 0 0 1 2-2h8a2.4 2.4 0 0 1 1.704.706l3.588 3.588A2.4 2.4 0 0 1 20 8v12a2 2 0 0 1-2 2z"
                />
                <path
                  d="M14 2v5a1 1 0 0 0 1 1h5"
                />
                <path
                  d="M10 9H8"
                />
                <path
                  d="M16 13H8"
                />
                <path
                  d="M16 17H8"
                />
              </svg>
              <span
                class="text-2xl font-bold text-gray-900"
              >
                0
              </span>
            </div>
            <p
              class="text-sm text-gray-600"
            >
              Laudos em Elabora├º├úo
            </p>
          </div>
        </div>
        <div
          class="bg-white rounded-lg shadow-sm p-6 border border-gray-200"
        >
          <h2
            class="text-lg font-semibold text-gray-900 mb-4"
          >
            Lista de Laudos
          </h2>
          <div
            class="overflow-x-auto"
          >
            <table
              class="w-full"
            >
              <thead>
                <tr
                  class="border-b border-gray-200"
                >
                  <th
                    class="text-left py-3 px-4 text-sm font-semibold text-gray-700"
                  >
                    Lote
                  </th>
                  <th
                    class="text-left py-3 px-4 text-sm font-semibold text-gray-700 hidden md:table-cell"
                  >
                    Empresa
                  </th>
                  <th
                    class="text-center py-3 px-4 text-sm font-semibold text-gray-700 hidden lg:table-cell"
                  >
                    Data Emiss├úo
                  </th>
                  <th
                    class="text-center py-3 px-4 text-sm font-semibold text-gray-700"
                  >
                    Status
                  </th>
                  <th
                    class="text-center py-3 px-4 text-sm font-semibold text-gray-700"
                  >
                    A├º├Áes
                  </th>
                </tr>
              </thead>
              <tbody>
                <tr
                  class="border-b border-gray-100 hover:bg-gray-50"
                >
                  <td
                    class="py-3 px-4"
                  >
                    <div>
                      <p
                        class="text-sm font-medium text-gray-900"
                      >
                        Lote #
                        1
                      </p>
                      <p
                        class="text-xs text-gray-500"
                      />
                    </div>
                  </td>
                  <td
                    class="py-3 px-4 text-sm text-gray-700 hidden md:table-cell"
                  >
                    Empresa ABC
                  </td>
                  <td
                    class="py-3 px-4 text-center text-sm text-gray-700 hidden lg:table-cell"
                  >
                    01/12/2024
                  </td>
                  <td
                    class="py-3 px-4 text-center"
                  >
                    <span
                      class="inline-flex items-center px-2.5 py-0.5 rounded-full text-xs font-medium bg-green-100 text-green-800"
                    >
                      enviado
                    </span>
                  </td>
                  <td
                    class="py-3 px-4 text-center"
                  />
                </tr>
                <tr
                  class="border-b border-gray-100 hover:bg-gray-50"
                >
                  <td
                    class="py-3 px-4"
                  >
                    <div>
                      <p
                        class="text-sm font-medium text-gray-900"
                      >
                        Lote #
                        2
                      </p>
                      <p
                        class="text-xs text-gray-500"
                      />
                    </div>
                  </td>
                  <td
                    class="py-3 px-4 text-sm text-gray-700 hidden md:table-cell"
                  >
                    Empresa XYZ
                  </td>
                  <td
                    class="py-3 px-4 text-center text-sm text-gray-700 hidden lg:table-cell"
                  >
                    -
                  </td>
                  <td
                    class="py-3 px-4 text-center"
                  >
                    <span
                      class="inline-flex items-center px-2.5 py-0.5 rounded-full text-xs font-medium bg-gray-100 text-gray-800"
                    >
                      pendente
                    </span>
                  </td>
                  <td
                    class="py-3 px-4 text-center"
                  />
                </tr>
              </tbody>
            </table>
          </div>
        </div>
      </div>
    </body>

      122 |     render(<LaudosSection />);
      123 |
    > 124 |     await waitFor(() => {
          |                  ^
      125 |       const downloadButtons = screen.getAllByText('Baixar');
      126 |       expect(downloadButtons).toHaveLength(1); // Apenas o laudo emitido tem bot├úo
      127 |     });

      at waitForWrapper (node_modules/.pnpm/@testing-library+dom@10.4.1/node_modules/@testing-library/dom/dist/wait-for.js:163:27)
      at Object.<anonymous> (__tests__/clinica/clinica-laudos-section.test.tsx:124:18)

PASS __tests__/integration/avaliacao-q37-modal.test.tsx
  ÔùÅ Console

    console.log
      [dotenv@17.2.3] injecting env (0) from .env.test -- tip: ­ƒöæ add access controls to secrets: https://dotenvx.com/ops

      at _log (node_modules/.pnpm/dotenv@17.2.3/node_modules/dotenv/lib/main.js:142:11)

    console.log
      ­ƒøí´©Å [jest.setup] Removendo DATABASE_URL do ambiente de testes (valor n├úo importa)

      at Object.<anonymous> (__tests__/config/jest.setup.js:125:17)

    console.log
      ­ƒøí´©Å [jest.setup] Prote├º├úo do banco de testes ativada - usando: nr-bps_db_test

      at Object.<anonymous> (__tests__/config/jest.setup.js:150:13)

RBAC seed applied to test database
RBAC seed applied to test database
RBAC seed applied to test database
RBAC seed applied to test database
PASS __tests__/system/api-logger-integration.test.ts
  ÔùÅ Console

    console.log
      [dotenv@17.2.3] injecting env (0) from .env.test -- tip: ­ƒöÉ prevent committing .env to code: https://dotenvx.com/precommit

      at _log (node_modules/.pnpm/dotenv@17.2.3/node_modules/dotenv/lib/main.js:142:11)

    console.log
      ­ƒøí´©Å [jest.setup] Removendo DATABASE_URL do ambiente de testes (valor n├úo importa)

      at Object.<anonymous> (__tests__/config/jest.setup.js:125:17)

    console.log
      ­ƒøí´©Å [jest.setup] Prote├º├úo do banco de testes ativada - usando: nr-bps_db_test

      at Object.<anonymous> (__tests__/config/jest.setup.js:150:13)

PASS __tests__/api/rh/relatorio-individual-pdf.test.ts
  ÔùÅ Console

    console.log
      [dotenv@17.2.3] injecting env (0) from .env.test -- tip: ÔÜÖ´©Å  override existing env vars with { override: true }

      at _log (node_modules/.pnpm/dotenv@17.2.3/node_modules/dotenv/lib/main.js:142:11)

    console.log
      ­ƒøí´©Å [jest.setup] Removendo DATABASE_URL do ambiente de testes (valor n├úo importa)

      at Object.<anonymous> (__tests__/config/jest.setup.js:125:17)

    console.log
      ­ƒøí´©Å [jest.setup] Prote├º├úo do banco de testes ativada - usando: nr-bps_db_test

      at Object.<anonymous> (__tests__/config/jest.setup.js:150:13)

    console.log
      ­ƒöî [lib/db.ts] Conectado ao banco: nr-bps_db_test @ localhost (ambiente: test)

      at Object.log (lib/db.ts:673:15)

PASS __tests__/hooks/usePWAInstall.test.ts
  ÔùÅ Console

    console.log
      [dotenv@17.2.3] injecting env (0) from .env.test -- tip: ÔÜÖ´©Å  enable debug logging with { debug: true }

      at _log (node_modules/.pnpm/dotenv@17.2.3/node_modules/dotenv/lib/main.js:142:11)

    console.log
      ­ƒøí´©Å [jest.setup] Removendo DATABASE_URL do ambiente de testes (valor n├úo importa)

      at Object.<anonymous> (__tests__/config/jest.setup.js:125:17)

    console.log
      ­ƒøí´©Å [jest.setup] Prote├º├úo do banco de testes ativada - usando: nr-bps_db_test

      at Object.<anonymous> (__tests__/config/jest.setup.js:150:13)

    console.log
      Ô£à PWA instalado com sucesso

      at Object.log [as handleInstallClick] (hooks/usePWAInstall.ts:66:17)

    console.log
      Ô£à PWA instalado com sucesso

      at Object.log [as handleInstallClick] (hooks/usePWAInstall.ts:66:17)

PASS __tests__/components/CPFMascarado.test.tsx
  ÔùÅ Console

    console.log
      [dotenv@17.2.3] injecting env (0) from .env.test -- tip: ­ƒöæ add access controls to secrets: https://dotenvx.com/ops

      at _log (node_modules/.pnpm/dotenv@17.2.3/node_modules/dotenv/lib/main.js:142:11)

    console.log
      ­ƒøí´©Å [jest.setup] Removendo DATABASE_URL do ambiente de testes (valor n├úo importa)

      at Object.<anonymous> (__tests__/config/jest.setup.js:125:17)

    console.log
      ­ƒøí´©Å [jest.setup] Prote├º├úo do banco de testes ativada - usando: nr-bps_db_test

      at Object.<anonymous> (__tests__/config/jest.setup.js:150:13)

RBAC seed applied to test database
RBAC seed applied to test database
RBAC seed applied to test database
RBAC seed applied to test database
PASS __tests__/rh/empresa-dashboard-relatorios.test.ts
  ÔùÅ Console

    console.log
      [dotenv@17.2.3] injecting env (0) from .env.test -- tip: ­ƒöæ add access controls to secrets: https://dotenvx.com/ops

      at _log (node_modules/.pnpm/dotenv@17.2.3/node_modules/dotenv/lib/main.js:142:11)

    console.log
      ­ƒøí´©Å [jest.setup] Removendo DATABASE_URL do ambiente de testes (valor n├úo importa)

      at Object.<anonymous> (__tests__/config/jest.setup.js:125:17)

    console.log
      ­ƒøí´©Å [jest.setup] Prote├º├úo do banco de testes ativada - usando: nr-bps_db_test

      at Object.<anonymous> (__tests__/config/jest.setup.js:150:13)

PASS __tests__/rh-route-basic-functional-test.test.ts
  ÔùÅ Console

    console.log
      [dotenv@17.2.3] injecting env (0) from .env.test -- tip: ­ƒæÑ sync secrets across teammates & machines: https://dotenvx.com/ops

      at _log (node_modules/.pnpm/dotenv@17.2.3/node_modules/dotenv/lib/main.js:142:11)

    console.log
      ­ƒøí´©Å [jest.setup] Removendo DATABASE_URL do ambiente de testes (valor n├úo importa)

      at Object.<anonymous> (__tests__/config/jest.setup.js:125:17)

    console.log
      ­ƒøí´©Å [jest.setup] Prote├º├úo do banco de testes ativada - usando: nr-bps_db_test

      at Object.<anonymous> (__tests__/config/jest.setup.js:150:13)

FAIL __tests__/contracts/payment-confirmation-integration.test.ts
  ÔùÅ Console

    console.log
      [dotenv@17.2.3] injecting env (0) from .env.test -- tip: ­ƒôí add observability to secrets: https://dotenvx.com/ops

      at _log (node_modules/.pnpm/dotenv@17.2.3/node_modules/dotenv/lib/main.js:142:11)

    console.log
      ­ƒøí´©Å [jest.setup] Removendo DATABASE_URL do ambiente de testes (valor n├úo importa)

      at Object.<anonymous> (__tests__/config/jest.setup.js:125:17)

    console.log
      ­ƒøí´©Å [jest.setup] Prote├º├úo do banco de testes ativada - usando: nr-bps_db_test

      at Object.<anonymous> (__tests__/config/jest.setup.js:150:13)

    console.log
      ­ƒöî [lib/db.ts] Conectado ao banco: nr-bps_db_test @ localhost (ambiente: test)

      at Object.log (lib/db.ts:673:15)

  ÔùÅ Confirma├º├úo de Pagamento - Cria├º├úo Autom├ítica de Login ÔÇ║ deve chamar criarContaResponsavel ap├│s confirma├º├úo de pagamento para entidade

    TypeError: Cannot read properties of undefined (reading 'mockResolvedValueOnce')

      62 |     } as CriarContaResponse);
      63 |
    > 64 |     mockAtivartomador.mockResolvedValueOnce({
         |                       ^
      65 |       success: true,
      66 |       message: 'tomador ativado',
      67 |     } as AtivartomadorResponse);

      at Object.mockResolvedValueOnce (__tests__/contracts/payment-confirmation-integration.test.ts:64:23)

  ÔùÅ Confirma├º├úo de Pagamento - Cria├º├úo Autom├ítica de Login ÔÇ║ deve ativar tomador ap├│s criar conta com sucesso

    TypeError: Cannot read properties of undefined (reading 'mockResolvedValueOnce')

      105 |     } as CriarContaResponse);
      106 |
    > 107 |     mockAtivartomador.mockResolvedValueOnce({
          |                       ^
      108 |       success: true,
      109 |       message: 'tomador ativado',
      110 |     } as AtivartomadorResponse);

      at Object.mockResolvedValueOnce (__tests__/contracts/payment-confirmation-integration.test.ts:107:23)

FAIL __tests__/integration/fluxo-personalizado-redirecionamento.test.ts
  ÔùÅ Test suite failed to run


      x Expected ';', '}' or <eof>
         ,-[C:\apps\QWork\__tests__\integration\fluxo-personalizado-redirecionamento.test.ts:115:1]
     115 |         expect(contratoResult.rows[0].status).toBe('aguardando_aceite');
     116 |         expect(contratoResult.rows[0].tomador_id).toBe(tomadorId);
     117 |     
     118 | ,->       id: contratoId,
     119 | |->       status: contratoResult.rows[0].status,
         : `---            ^
         : `---- This is the expression part of an expression statement
     120 |           tomador_id: contratoResult.rows[0].tomador_id,
     121 |         });
     121 |     
         `----


    Caused by:
        Syntax Error

      at Object.transformSync (node_modules/.pnpm/next@14.2.33_@babel+core@7._7ed58a22f15b2f2041835ab71b63c437/node_modules/next/src/build/swc/index.ts:1433:25)
      at transformSync (node_modules/.pnpm/next@14.2.33_@babel+core@7._7ed58a22f15b2f2041835ab71b63c437/node_modules/next/src/build/swc/index.ts:1550:19)
      at Object.process (node_modules/.pnpm/next@14.2.33_@babel+core@7._7ed58a22f15b2f2041835ab71b63c437/node_modules/next/src/build/swc/jest-transformer.ts:104:25)
      at ScriptTransformer.transformSource (node_modules/.pnpm/@jest+transform@30.2.0/node_modules/@jest/transform/build/index.js:422:31)
      at ScriptTransformer._transformAndBuildScript (node_modules/.pnpm/@jest+transform@30.2.0/node_modules/@jest/transform/build/index.js:519:40)
      at ScriptTransformer.transform (node_modules/.pnpm/@jest+transform@30.2.0/node_modules/@jest/transform/build/index.js:558:19)

RBAC seed applied to test database
RBAC seed applied to test database
RBAC seed applied to test database
PASS __tests__/api/entidade/lotes-avaliacoes-reset.test.ts
  ÔùÅ Console

    console.log
      [dotenv@17.2.3] injecting env (0) from .env.test -- tip: ­ƒøá´©Å  run anywhere with `dotenvx run -- yourcommand`

      at _log (node_modules/.pnpm/dotenv@17.2.3/node_modules/dotenv/lib/main.js:142:11)

    console.log
      ­ƒøí´©Å [jest.setup] Removendo DATABASE_URL do ambiente de testes (valor n├úo importa)

      at Object.<anonymous> (__tests__/config/jest.setup.js:125:17)

    console.log
      ­ƒøí´©Å [jest.setup] Prote├º├úo do banco de testes ativada - usando: nr-bps_db_test

      at Object.<anonymous> (__tests__/config/jest.setup.js:150:13)

    console.log
      [RESET-AVALIACAO] Reset successful - resetId: uuid-123, avaliacaoId: 2, loteId: 1, user: 22222222222, respostas_deleted: 3

      at log (app/api/entidade/lotes/[id]/avaliacoes/[avaliacaoId]/reset/route.ts:246:15)

FAIL __tests__/api/entidade/funcionarios.test.ts
  ÔùÅ Console

    console.log
      [dotenv@17.2.3] injecting env (0) from .env.test -- tip: ­ƒöä add secrets lifecycle management: https://dotenvx.com/ops

      at _log (node_modules/.pnpm/dotenv@17.2.3/node_modules/dotenv/lib/main.js:142:11)

    console.log
      ­ƒøí´©Å [jest.setup] Removendo DATABASE_URL do ambiente de testes (valor n├úo importa)

      at Object.<anonymous> (__tests__/config/jest.setup.js:125:17)

    console.log
      ­ƒøí´©Å [jest.setup] Prote├º├úo do banco de testes ativada - usando: nr-bps_db_test

      at Object.<anonymous> (__tests__/config/jest.setup.js:150:13)

    console.log
      ­ƒöî [lib/db.ts] Conectado ao banco: nr-bps_db_test @ localhost (ambiente: test)

      at Object.log (lib/db.ts:673:15)

  ÔùÅ /api/entidade/funcionarios ÔÇ║ Ô£à GET n├úo deve incluir perfil gestor na lista

    expect(received).toBe(expected) // Object.is equality

    Expected: 200
    Received: 500

      67 |     const body = await response.json();
      68 |
    > 69 |     expect(response.status).toBe(200);
         |                             ^
      70 |     expect(body.funcionarios).toBeDefined();
      71 |     // Deve incluir apenas o funcion├írio (gestor filtrado no SQL)
      72 |     expect(body.funcionarios.every((f: any) => f.perfil !== 'gestor')).toBe(

      at Object.toBe (__tests__/api/entidade/funcionarios.test.ts:69:29)

  ÔùÅ /api/entidade/funcionarios ÔÇ║ Ô£à POST deve criar funcion├írio e vincular em tomadors_funcionarios

    expect(received).toBe(expected) // Object.is equality

    Expected: 200
    Received: 500

      144 |
      145 |     const resp = await POST(request);
    > 146 |     expect(resp.status).toBe(200);
          |                         ^
      147 |     const body = await resp.json();
      148 |     expect(body.success).toBe(true);
      149 |

      at Object.toBe (__tests__/api/entidade/funcionarios.test.ts:146:25)

RBAC seed applied to test database
FAIL __tests__/components/CentroOperacoes.test.tsx (10.485 s)
  ÔùÅ Console

    console.log
      [dotenv@17.2.3] injecting env (0) from .env.test -- tip: ­ƒöä add secrets lifecycle management: https://dotenvx.com/ops

      at _log (node_modules/.pnpm/dotenv@17.2.3/node_modules/dotenv/lib/main.js:142:11)

    console.log
      ­ƒøí´©Å [jest.setup] Removendo DATABASE_URL do ambiente de testes (valor n├úo importa)

      at Object.<anonymous> (__tests__/config/jest.setup.js:125:17)

    console.log
      ­ƒøí´©Å [jest.setup] Prote├º├úo do banco de testes ativada - usando: nr-bps_db_test

      at Object.<anonymous> (__tests__/config/jest.setup.js:150:13)

  ÔùÅ CentroOperacoes ÔÇ║ renders with clinica user type and shows only Lotes and Laudos tabs

    Unable to find an element with the text: Centro de Opera├º├Áes. This could be because the text is broken up by multiple elements. In this case, you can provide a function for your text matcher to make your matcher more flexible.

    Ignored nodes: comments, script, style
    <body>
      <div>
        <div
          class="space-y-6"
        >
          <div>
            <h1
              class="text-2xl font-bold text-gray-800"
            >
              Monitor de Lotes e Laudos
            </h1>
            <p
              class="text-gray-600 text-sm mt-1"
            >
              Acompanhe todos os lotes e laudos das suas empresas clientes
            </p>
          </div>
          <div
            class="border-b border-gray-200"
          >
            <nav
              class="flex gap-1"
            >
              <button
                class="flex items-center gap-2 px-4 py-2.5 border-b-2 text-sm font-medium transition-colors border-primary text-primary"
              >
                <svg
                  aria-hidden="true"
                  class="lucide lucide-layers"
                  fill="none"
                  height="16"
                  stroke="currentColor"
                  stroke-linecap="round"
                  stroke-linejoin="round"
                  stroke-width="2"
                  viewBox="0 0 24 24"
                  width="16"
                  xmlns="http://www.w3.org/2000/svg"
                >
                  <path
                    d="M12.83 2.18a2 2 0 0 0-1.66 0L2.6 6.08a1 1 0 0 0 0 1.83l8.58 3.91a2 2 0 0 0 1.66 0l8.58-3.9a1 1 0 0 0 0-1.83z"
                  />
                  <path
                    d="M2 12a1 1 0 0 0 .58.91l8.6 3.91a2 2 0 0 0 1.65 0l8.58-3.9A1 1 0 0 0 22 12"
                  />
                  <path
                    d="M2 17a1 1 0 0 0 .58.91l8.6 3.91a2 2 0 0 0 1.65 0l8.58-3.9A1 1 0 0 0 22 17"
                  />
                </svg>
                Lotes
                <span
                  class="ml-1 px-1.5 py-0.5 rounded-full text-xs font-semibold bg-primary text-white"
                >
                  0
                </span>
              </button>
              <button
                class="flex items-center gap-2 px-4 py-2.5 border-b-2 text-sm font-medium transition-colors border-transparent text-gray-600 hover:text-gray-800 hover:border-gray-300"
              >
                <svg
                  aria-hidden="true"
                  class="lucide lucide-file-text"
                  fill="none"
                  height="16"
                  stroke="currentColor"
                  stroke-linecap="round"
                  stroke-linejoin="round"
                  stroke-width="2"
                  viewBox="0 0 24 24"
                  width="16"
                  xmlns="http://www.w3.org/2000/svg"
                >
                  <path
                    d="M6 22a2 2 0 0 1-2-2V4a2 2 0 0 1 2-2h8a2.4 2.4 0 0 1 1.704.706l3.588 3.588A2.4 2.4 0 0 1 20 8v12a2 2 0 0 1-2 2z"
                  />
                  <path
                    d="M14 2v5a1 1 0 0 0 1 1h5"
                  />
                  <path
                    d="M10 9H8"
                  />
                  <path
                    d="M16 13H8"
                  />
                  <path
                    d="M16 17H8"
                  />
                </svg>
                Laudos
                <span
                  class="ml-1 px-1.5 py-0.5 rounded-full text-xs font-semibold bg-gray-200 text-gray-600"
                >
                  0
                </span>
              </button>
            </nav>
          </div>
          <div>
            <div
              class="bg-white rounded-lg border border-gray-200 p-12 text-center"
            >
              <svg
                aria-hidden="true"
                class="lucide lucide-folder-open mx-auto text-gray-300 mb-4"
                fill="none"
                height="48"
                stroke="currentColor"
                stroke-linecap="round"
                stroke-linejoin="round"
                stroke-width="2"
                viewBox="0 0 24 24"
                width="48"
                xmlns="http://www.w3.org/2000/svg"
              >
                <path
                  d="m6 14 1.5-2.9A2 2 0 0 1 9.24 10H20a2 2 0 0 1 1.94 2.5l-1.54 6a2 2 0 0 1-1.95 1.5H4a2 2 0 0 1-2-2V5a2 2 0 0 1 2-2h3.9a2 2 0 0 1 1.69.9l.81 1.2a2 2 0 0 0 1.67.9H18a2 2 0 0 1 2 2v2"
                />
              </svg>
              <p
                class="text-gray-500 font-medium"
              >
                Nenhum lote encontrado
              </p>
              <p
                class="text-gray-400 text-sm mt-1"
              >
                Os lotes das suas empresas clientes aparecer├úo aqui
              </p>
            </div>
          </div>
        </div>
      </div>
    </body>

      49 |     render(<CentroOperacoes tipoUsuario="clinica" />);
      50 |
    > 51 |     await waitFor(() => {
         |                  ^
      52 |       expect(screen.getByText('Centro de Opera├º├Áes')).toBeInTheDocument();
      53 |     });
      54 |

      at waitForWrapper (node_modules/.pnpm/@testing-library+dom@10.4.1/node_modules/@testing-library/dom/dist/wait-for.js:163:27)
      at Object.<anonymous> (__tests__/components/CentroOperacoes.test.tsx:51:18)

  ÔùÅ CentroOperacoes ÔÇ║ filters notifications by Lotes tab

    Unable to find an element with the text: Lote #123 conclu├¡do. This could be because the text is broken up by multiple elements. In this case, you can provide a function for your text matcher to make your matcher more flexible.

    Ignored nodes: comments, script, style
    <body>
      <div>
        <div
          class="space-y-6"
        >
          <div>
            <h1
              class="text-2xl font-bold text-gray-800"
            >
              Monitor de Lotes e Laudos
            </h1>
            <p
              class="text-gray-600 text-sm mt-1"
            >
              Acompanhe todos os lotes e laudos das suas empresas clientes
            </p>
          </div>
          <div
            class="border-b border-gray-200"
          >
            <nav
              class="flex gap-1"
            >
              <button
                class="flex items-center gap-2 px-4 py-2.5 border-b-2 text-sm font-medium transition-colors border-primary text-primary"
              >
                <svg
                  aria-hidden="true"
                  class="lucide lucide-layers"
                  fill="none"
                  height="16"
                  stroke="currentColor"
                  stroke-linecap="round"
                  stroke-linejoin="round"
                  stroke-width="2"
                  viewBox="0 0 24 24"
                  width="16"
                  xmlns="http://www.w3.org/2000/svg"
                >
                  <path
                    d="M12.83 2.18a2 2 0 0 0-1.66 0L2.6 6.08a1 1 0 0 0 0 1.83l8.58 3.91a2 2 0 0 0 1.66 0l8.58-3.9a1 1 0 0 0 0-1.83z"
                  />
                  <path
                    d="M2 12a1 1 0 0 0 .58.91l8.6 3.91a2 2 0 0 0 1.65 0l8.58-3.9A1 1 0 0 0 22 12"
                  />
                  <path
                    d="M2 17a1 1 0 0 0 .58.91l8.6 3.91a2 2 0 0 0 1.65 0l8.58-3.9A1 1 0 0 0 22 17"
                  />
                </svg>
                Lotes
                <span
                  class="ml-1 px-1.5 py-0.5 rounded-full text-xs font-semibold bg-primary text-white"
                >
                  0
                </span>
              </button>
              <button
                class="flex items-center gap-2 px-4 py-2.5 border-b-2 text-sm font-medium transition-colors border-transparent text-gray-600 hover:text-gray-800 hover:border-gray-300"
              >
                <svg
                  aria-hidden="true"
                  class="lucide lucide-file-text"
                  fill="none"
                  height="16"
                  stroke="currentColor"
                  stroke-linecap="round"
                  stroke-linejoin="round"
                  stroke-width="2"
                  viewBox="0 0 24 24"
                  width="16"
                  xmlns="http://www.w3.org/2000/svg"
                >
                  <path
                    d="M6 22a2 2 0 0 1-2-2V4a2 2 0 0 1 2-2h8a2.4 2.4 0 0 1 1.704.706l3.588 3.588A2.4 2.4 0 0 1 20 8v12a2 2 0 0 1-2 2z"
                  />
                  <path
                    d="M14 2v5a1 1 0 0 0 1 1h5"
                  />
                  <path
                    d="M10 9H8"
                  />
                  <path
                    d="M16 13H8"
                  />
                  <path
                    d="M16 17H8"
                  />
                </svg>
                Laudos
                <span
                  class="ml-1 px-1.5 py-0.5 rounded-full text-xs font-semibold bg-gray-200 text-gray-600"
                >
                  0
                </span>
              </button>
            </nav>
          </div>
          <div>
            <div
              class="bg-white rounded-lg border border-gray-200 p-12 text-center"
            >
              <svg
                aria-hidden="true"
                class="lucide lucide-folder-open mx-auto text-gray-300 mb-4"
                fill="none"
                height="48"
                stroke="currentColor"
                stroke-linecap="round"
                stroke-linejoin="round"
                stroke-width="2"
                viewBox="0 0 24 24"
                width="48"
                xmlns="http://www.w3.org/2000/svg"
              >
                <path
                  d="m6 14 1.5-2.9A2 2 0 0 1 9.24 10H20a2 2 0 0 1 1.94 2.5l-1.54 6a2 2 0 0 1-1.95 1.5H4a2 2 0 0 1-2-2V5a2 2 0 0 1 2-2h3.9a2 2 0 0 1 1.69.9l.81 1.2a2 2 0 0 0 1.67.9H18a2 2 0 0 1 2 2v2"
                />
              </svg>
              <p
                class="text-gray-500 font-medium"
              >
                Nenhum lote encontrado
              </p>
              <p
                class="text-gray-400 text-sm mt-1"
              >
                Os lotes das suas empresas clientes aparecer├úo aqui
              </p>
            </div>
          </div>
        </div>
      </div>
    </body>

      65 |     render(<CentroOperacoes tipoUsuario="clinica" />);
      66 |
    > 67 |     await waitFor(() => {
         |                  ^
      68 |       expect(screen.getByText('Lote #123 conclu├¡do')).toBeInTheDocument();
      69 |     });
      70 |

      at waitForWrapper (node_modules/.pnpm/@testing-library+dom@10.4.1/node_modules/@testing-library/dom/dist/wait-for.js:163:27)
      at Object.<anonymous> (__tests__/components/CentroOperacoes.test.tsx:67:18)

  ÔùÅ CentroOperacoes ÔÇ║ filters notifications by Laudos tab when clicked

    Unable to find an element with the text: Lote #123 conclu├¡do. This could be because the text is broken up by multiple elements. In this case, you can provide a function for your text matcher to make your matcher more flexible.

    Ignored nodes: comments, script, style
    <body>
      <div>
        <div
          class="space-y-6"
        >
          <div>
            <h1
              class="text-2xl font-bold text-gray-800"
            >
              Monitor de Lotes e Laudos
            </h1>
            <p
              class="text-gray-600 text-sm mt-1"
            >
              Acompanhe todos os lotes e laudos das suas empresas clientes
            </p>
          </div>
          <div
            class="border-b border-gray-200"
          >
            <nav
              class="flex gap-1"
            >
              <button
                class="flex items-center gap-2 px-4 py-2.5 border-b-2 text-sm font-medium transition-colors border-primary text-primary"
              >
                <svg
                  aria-hidden="true"
                  class="lucide lucide-layers"
                  fill="none"
                  height="16"
                  stroke="currentColor"
                  stroke-linecap="round"
                  stroke-linejoin="round"
                  stroke-width="2"
                  viewBox="0 0 24 24"
                  width="16"
                  xmlns="http://www.w3.org/2000/svg"
                >
                  <path
                    d="M12.83 2.18a2 2 0 0 0-1.66 0L2.6 6.08a1 1 0 0 0 0 1.83l8.58 3.91a2 2 0 0 0 1.66 0l8.58-3.9a1 1 0 0 0 0-1.83z"
                  />
                  <path
                    d="M2 12a1 1 0 0 0 .58.91l8.6 3.91a2 2 0 0 0 1.65 0l8.58-3.9A1 1 0 0 0 22 12"
                  />
                  <path
                    d="M2 17a1 1 0 0 0 .58.91l8.6 3.91a2 2 0 0 0 1.65 0l8.58-3.9A1 1 0 0 0 22 17"
                  />
                </svg>
                Lotes
                <span
                  class="ml-1 px-1.5 py-0.5 rounded-full text-xs font-semibold bg-primary text-white"
                >
                  0
                </span>
              </button>
              <button
                class="flex items-center gap-2 px-4 py-2.5 border-b-2 text-sm font-medium transition-colors border-transparent text-gray-600 hover:text-gray-800 hover:border-gray-300"
              >
                <svg
                  aria-hidden="true"
                  class="lucide lucide-file-text"
                  fill="none"
                  height="16"
                  stroke="currentColor"
                  stroke-linecap="round"
                  stroke-linejoin="round"
                  stroke-width="2"
                  viewBox="0 0 24 24"
                  width="16"
                  xmlns="http://www.w3.org/2000/svg"
                >
                  <path
                    d="M6 22a2 2 0 0 1-2-2V4a2 2 0 0 1 2-2h8a2.4 2.4 0 0 1 1.704.706l3.588 3.588A2.4 2.4 0 0 1 20 8v12a2 2 0 0 1-2 2z"
                  />
                  <path
                    d="M14 2v5a1 1 0 0 0 1 1h5"
                  />
                  <path
                    d="M10 9H8"
                  />
                  <path
                    d="M16 13H8"
                  />
                  <path
                    d="M16 17H8"
                  />
                </svg>
                Laudos
                <span
                  class="ml-1 px-1.5 py-0.5 rounded-full text-xs font-semibold bg-gray-200 text-gray-600"
                >
                  0
                </span>
              </button>
            </nav>
          </div>
          <div>
            <div
              class="bg-white rounded-lg border border-gray-200 p-12 text-center"
            >
              <svg
                aria-hidden="true"
                class="lucide lucide-folder-open mx-auto text-gray-300 mb-4"
                fill="none"
                height="48"
                stroke="currentColor"
                stroke-linecap="round"
                stroke-linejoin="round"
                stroke-width="2"
                viewBox="0 0 24 24"
                width="48"
                xmlns="http://www.w3.org/2000/svg"
              >
                <path
                  d="m6 14 1.5-2.9A2 2 0 0 1 9.24 10H20a2 2 0 0 1 1.94 2.5l-1.54 6a2 2 0 0 1-1.95 1.5H4a2 2 0 0 1-2-2V5a2 2 0 0 1 2-2h3.9a2 2 0 0 1 1.69.9l.81 1.2a2 2 0 0 0 1.67.9H18a2 2 0 0 1 2 2v2"
                />
              </svg>
              <p
                class="text-gray-500 font-medium"
              >
                Nenhum lote encontrado
              </p>
              <p
                class="text-gray-400 text-sm mt-1"
              >
                Os lotes das suas empresas clientes aparecer├úo aqui
              </p>
            </div>
          </div>
        </div>
      </div>
    </body>

      77 |     render(<CentroOperacoes tipoUsuario="clinica" />);
      78 |
    > 79 |     await waitFor(() => {
         |                  ^
      80 |       expect(screen.getByText('Lote #123 conclu├¡do')).toBeInTheDocument();
      81 |     });
      82 |

      at waitForWrapper (node_modules/.pnpm/@testing-library+dom@10.4.1/node_modules/@testing-library/dom/dist/wait-for.js:163:27)
      at Object.<anonymous> (__tests__/components/CentroOperacoes.test.tsx:79:18)

  ÔùÅ CentroOperacoes ÔÇ║ highlights active tab correctly

    Unable to find an element with the text: Centro de Opera├º├Áes. This could be because the text is broken up by multiple elements. In this case, you can provide a function for your text matcher to make your matcher more flexible.

    Ignored nodes: comments, script, style
    <body>
      <div>
        <div
          class="space-y-6"
        >
          <div>
            <h1
              class="text-2xl font-bold text-gray-800"
            >
              Monitor de Lotes e Laudos
            </h1>
            <p
              class="text-gray-600 text-sm mt-1"
            >
              Acompanhe todos os lotes e laudos das suas empresas clientes
            </p>
          </div>
          <div
            class="border-b border-gray-200"
          >
            <nav
              class="flex gap-1"
            >
              <button
                class="flex items-center gap-2 px-4 py-2.5 border-b-2 text-sm font-medium transition-colors border-primary text-primary"
              >
                <svg
                  aria-hidden="true"
                  class="lucide lucide-layers"
                  fill="none"
                  height="16"
                  stroke="currentColor"
                  stroke-linecap="round"
                  stroke-linejoin="round"
                  stroke-width="2"
                  viewBox="0 0 24 24"
                  width="16"
                  xmlns="http://www.w3.org/2000/svg"
                >
                  <path
                    d="M12.83 2.18a2 2 0 0 0-1.66 0L2.6 6.08a1 1 0 0 0 0 1.83l8.58 3.91a2 2 0 0 0 1.66 0l8.58-3.9a1 1 0 0 0 0-1.83z"
                  />
                  <path
                    d="M2 12a1 1 0 0 0 .58.91l8.6 3.91a2 2 0 0 0 1.65 0l8.58-3.9A1 1 0 0 0 22 12"
                  />
                  <path
                    d="M2 17a1 1 0 0 0 .58.91l8.6 3.91a2 2 0 0 0 1.65 0l8.58-3.9A1 1 0 0 0 22 17"
                  />
                </svg>
                Lotes
                <span
                  class="ml-1 px-1.5 py-0.5 rounded-full text-xs font-semibold bg-primary text-white"
                >
                  0
                </span>
              </button>
              <button
                class="flex items-center gap-2 px-4 py-2.5 border-b-2 text-sm font-medium transition-colors border-transparent text-gray-600 hover:text-gray-800 hover:border-gray-300"
              >
                <svg
                  aria-hidden="true"
                  class="lucide lucide-file-text"
                  fill="none"
                  height="16"
                  stroke="currentColor"
                  stroke-linecap="round"
                  stroke-linejoin="round"
                  stroke-width="2"
                  viewBox="0 0 24 24"
                  width="16"
                  xmlns="http://www.w3.org/2000/svg"
                >
                  <path
                    d="M6 22a2 2 0 0 1-2-2V4a2 2 0 0 1 2-2h8a2.4 2.4 0 0 1 1.704.706l3.588 3.588A2.4 2.4 0 0 1 20 8v12a2 2 0 0 1-2 2z"
                  />
                  <path
                    d="M14 2v5a1 1 0 0 0 1 1h5"
                  />
                  <path
                    d="M10 9H8"
                  />
                  <path
                    d="M16 13H8"
                  />
                  <path
                    d="M16 17H8"
                  />
                </svg>
                Laudos
                <span
                  class="ml-1 px-1.5 py-0.5 rounded-full text-xs font-semibold bg-gray-200 text-gray-600"
                >
                  0
                </span>
              </button>
            </nav>
          </div>
          <div>
            <div
              class="bg-white rounded-lg border border-gray-200 p-12 text-center"
            >
              <svg
                aria-hidden="true"
                class="lucide lucide-folder-open mx-auto text-gray-300 mb-4"
                fill="none"
                height="48"
                stroke="currentColor"
                stroke-linecap="round"
                stroke-linejoin="round"
                stroke-width="2"
                viewBox="0 0 24 24"
                width="48"
                xmlns="http://www.w3.org/2000/svg"
              >
                <path
                  d="m6 14 1.5-2.9A2 2 0 0 1 9.24 10H20a2 2 0 0 1 1.94 2.5l-1.54 6a2 2 0 0 1-1.95 1.5H4a2 2 0 0 1-2-2V5a2 2 0 0 1 2-2h3.9a2 2 0 0 1 1.69.9l.81 1.2a2 2 0 0 0 1.67.9H18a2 2 0 0 1 2 2v2"
                />
              </svg>
              <p
                class="text-gray-500 font-medium"
              >
                Nenhum lote encontrado
              </p>
              <p
                class="text-gray-400 text-sm mt-1"
              >
                Os lotes das suas empresas clientes aparecer├úo aqui
              </p>
            </div>
          </div>
        </div>
      </div>
    </body>

       97 |     render(<CentroOperacoes tipoUsuario="clinica" />);
       98 |
    >  99 |     await waitFor(() => {
          |                  ^
      100 |       expect(screen.getByText('Centro de Opera├º├Áes')).toBeInTheDocument();
      101 |     });
      102 |

      at waitForWrapper (node_modules/.pnpm/@testing-library+dom@10.4.1/node_modules/@testing-library/dom/dist/wait-for.js:163:27)
      at Object.<anonymous> (__tests__/components/CentroOperacoes.test.tsx:99:18)

  ÔùÅ CentroOperacoes ÔÇ║ shows correct counters for each tab

    Unable to find an element with the text: /Lotes \(1\)/. This could be because the text is broken up by multiple elements. In this case, you can provide a function for your text matcher to make your matcher more flexible.

    Ignored nodes: comments, script, style
    <body>
      <div>
        <div
          class="space-y-6"
        >
          <div>
            <h1
              class="text-2xl font-bold text-gray-800"
            >
              Monitor de Lotes e Laudos
            </h1>
            <p
              class="text-gray-600 text-sm mt-1"
            >
              Acompanhe todos os lotes e laudos das suas empresas clientes
            </p>
          </div>
          <div
            class="border-b border-gray-200"
          >
            <nav
              class="flex gap-1"
            >
              <button
                class="flex items-center gap-2 px-4 py-2.5 border-b-2 text-sm font-medium transition-colors border-primary text-primary"
              >
                <svg
                  aria-hidden="true"
                  class="lucide lucide-layers"
                  fill="none"
                  height="16"
                  stroke="currentColor"
                  stroke-linecap="round"
                  stroke-linejoin="round"
                  stroke-width="2"
                  viewBox="0 0 24 24"
                  width="16"
                  xmlns="http://www.w3.org/2000/svg"
                >
                  <path
                    d="M12.83 2.18a2 2 0 0 0-1.66 0L2.6 6.08a1 1 0 0 0 0 1.83l8.58 3.91a2 2 0 0 0 1.66 0l8.58-3.9a1 1 0 0 0 0-1.83z"
                  />
                  <path
                    d="M2 12a1 1 0 0 0 .58.91l8.6 3.91a2 2 0 0 0 1.65 0l8.58-3.9A1 1 0 0 0 22 12"
                  />
                  <path
                    d="M2 17a1 1 0 0 0 .58.91l8.6 3.91a2 2 0 0 0 1.65 0l8.58-3.9A1 1 0 0 0 22 17"
                  />
                </svg>
                Lotes
                <span
                  class="ml-1 px-1.5 py-0.5 rounded-full text-xs font-semibold bg-primary text-white"
                >
                  0
                </span>
              </button>
              <button
                class="flex items-center gap-2 px-4 py-2.5 border-b-2 text-sm font-medium transition-colors border-transparent text-gray-600 hover:text-gray-800 hover:border-gray-300"
              >
                <svg
                  aria-hidden="true"
                  class="lucide lucide-file-text"
                  fill="none"
                  height="16"
                  stroke="currentColor"
                  stroke-linecap="round"
                  stroke-linejoin="round"
                  stroke-width="2"
                  viewBox="0 0 24 24"
                  width="16"
                  xmlns="http://www.w3.org/2000/svg"
                >
                  <path
                    d="M6 22a2 2 0 0 1-2-2V4a2 2 0 0 1 2-2h8a2.4 2.4 0 0 1 1.704.706l3.588 3.588A2.4 2.4 0 0 1 20 8v12a2 2 0 0 1-2 2z"
                  />
                  <path
                    d="M14 2v5a1 1 0 0 0 1 1h5"
                  />
                  <path
                    d="M10 9H8"
                  />
                  <path
                    d="M16 13H8"
                  />
                  <path
                    d="M16 17H8"
                  />
                </svg>
                Laudos
                <span
                  class="ml-1 px-1.5 py-0.5 rounded-full text-xs font-semibold bg-gray-200 text-gray-600"
                >
                  0
                </span>
              </button>
            </nav>
          </div>
          <div>
            <div
              class="bg-white rounded-lg border border-gray-200 p-12 text-center"
            >
              <svg
                aria-hidden="true"
                class="lucide lucide-folder-open mx-auto text-gray-300 mb-4"
                fill="none"
                height="48"
                stroke="currentColor"
                stroke-linecap="round"
                stroke-linejoin="round"
                stroke-width="2"
                viewBox="0 0 24 24"
                width="48"
                xmlns="http://www.w3.org/2000/svg"
              >
                <path
                  d="m6 14 1.5-2.9A2 2 0 0 1 9.24 10H20a2 2 0 0 1 1.94 2.5l-1.54 6a2 2 0 0 1-1.95 1.5H4a2 2 0 0 1-2-2V5a2 2 0 0 1 2-2h3.9a2 2 0 0 1 1.69.9l.81 1.2a2 2 0 0 0 1.67.9H18a2 2 0 0 1 2 2v2"
                />
              </svg>
              <p
                class="text-gray-500 font-medium"
              >
                Nenhum lote encontrado
              </p>
              <p
                class="text-gray-400 text-sm mt-1"
              >
                Os lotes das suas empresas clientes aparecer├úo aqui
              </p>
            </div>
          </div>
        </div>
      </div>
    </body>

      119 |     render(<CentroOperacoes tipoUsuario="clinica" />);
      120 |
    > 121 |     await waitFor(() => {
          |                  ^
      122 |       expect(screen.getByText(/Lotes \(1\)/)).toBeInTheDocument();
      123 |       expect(screen.getByText(/Laudos \(1\)/)).toBeInTheDocument();
      124 |     });

      at waitForWrapper (node_modules/.pnpm/@testing-library+dom@10.4.1/node_modules/@testing-library/dom/dist/wait-for.js:163:27)
      at Object.<anonymous> (__tests__/components/CentroOperacoes.test.tsx:121:18)

  ÔùÅ CentroOperacoes ÔÇ║ handles empty notifications state

    Unable to find an element with the text: Nenhuma notifica├º├úo pendente. This could be because the text is broken up by multiple elements. In this case, you can provide a function for your text matcher to make your matcher more flexible.

    Ignored nodes: comments, script, style
    <body>
      <div>
        <div
          class="space-y-6"
        >
          <div>
            <h1
              class="text-2xl font-bold text-gray-800"
            >
              Monitor de Lotes e Laudos
            </h1>
            <p
              class="text-gray-600 text-sm mt-1"
            >
              Acompanhe todos os lotes e laudos das suas empresas clientes
            </p>
          </div>
          <div
            class="border-b border-gray-200"
          >
            <nav
              class="flex gap-1"
            >
              <button
                class="flex items-center gap-2 px-4 py-2.5 border-b-2 text-sm font-medium transition-colors border-primary text-primary"
              >
                <svg
                  aria-hidden="true"
                  class="lucide lucide-layers"
                  fill="none"
                  height="16"
                  stroke="currentColor"
                  stroke-linecap="round"
                  stroke-linejoin="round"
                  stroke-width="2"
                  viewBox="0 0 24 24"
                  width="16"
                  xmlns="http://www.w3.org/2000/svg"
                >
                  <path
                    d="M12.83 2.18a2 2 0 0 0-1.66 0L2.6 6.08a1 1 0 0 0 0 1.83l8.58 3.91a2 2 0 0 0 1.66 0l8.58-3.9a1 1 0 0 0 0-1.83z"
                  />
                  <path
                    d="M2 12a1 1 0 0 0 .58.91l8.6 3.91a2 2 0 0 0 1.65 0l8.58-3.9A1 1 0 0 0 22 12"
                  />
                  <path
                    d="M2 17a1 1 0 0 0 .58.91l8.6 3.91a2 2 0 0 0 1.65 0l8.58-3.9A1 1 0 0 0 22 17"
                  />
                </svg>
                Lotes
                <span
                  class="ml-1 px-1.5 py-0.5 rounded-full text-xs font-semibold bg-primary text-white"
                >
                  0
                </span>
              </button>
              <button
                class="flex items-center gap-2 px-4 py-2.5 border-b-2 text-sm font-medium transition-colors border-transparent text-gray-600 hover:text-gray-800 hover:border-gray-300"
              >
                <svg
                  aria-hidden="true"
                  class="lucide lucide-file-text"
                  fill="none"
                  height="16"
                  stroke="currentColor"
                  stroke-linecap="round"
                  stroke-linejoin="round"
                  stroke-width="2"
                  viewBox="0 0 24 24"
                  width="16"
                  xmlns="http://www.w3.org/2000/svg"
                >
                  <path
                    d="M6 22a2 2 0 0 1-2-2V4a2 2 0 0 1 2-2h8a2.4 2.4 0 0 1 1.704.706l3.588 3.588A2.4 2.4 0 0 1 20 8v12a2 2 0 0 1-2 2z"
                  />
                  <path
                    d="M14 2v5a1 1 0 0 0 1 1h5"
                  />
                  <path
                    d="M10 9H8"
                  />
                  <path
                    d="M16 13H8"
                  />
                  <path
                    d="M16 17H8"
                  />
                </svg>
                Laudos
                <span
                  class="ml-1 px-1.5 py-0.5 rounded-full text-xs font-semibold bg-gray-200 text-gray-600"
                >
                  0
                </span>
              </button>
            </nav>
          </div>
          <div>
            <div
              class="bg-white rounded-lg border border-gray-200 p-12 text-center"
            >
              <svg
                aria-hidden="true"
                class="lucide lucide-folder-open mx-auto text-gray-300 mb-4"
                fill="none"
                height="48"
                stroke="currentColor"
                stroke-linecap="round"
                stroke-linejoin="round"
                stroke-width="2"
                viewBox="0 0 24 24"
                width="48"
                xmlns="http://www.w3.org/2000/svg"
              >
                <path
                  d="m6 14 1.5-2.9A2 2 0 0 1 9.24 10H20a2 2 0 0 1 1.94 2.5l-1.54 6a2 2 0 0 1-1.95 1.5H4a2 2 0 0 1-2-2V5a2 2 0 0 1 2-2h3.9a2 2 0 0 1 1.69.9l.81 1.2a2 2 0 0 0 1.67.9H18a2 2 0 0 1 2 2v2"
                />
              </svg>
              <p
                class="text-gray-500 font-medium"
              >
                Nenhum lote encontrado
              </p>
              <p
                class="text-gray-400 text-sm mt-1"
              >
                Os lotes das suas empresas clientes aparecer├úo aqui
              </p>
            </div>
          </div>
        </div>
      </div>
    </body>

      133 |     render(<CentroOperacoes tipoUsuario="clinica" />);
      134 |
    > 135 |     await waitFor(() => {
          |                  ^
      136 |       expect(
      137 |         screen.getByText('Nenhuma notifica├º├úo pendente')
      138 |       ).toBeInTheDocument();

      at waitForWrapper (node_modules/.pnpm/@testing-library+dom@10.4.1/node_modules/@testing-library/dom/dist/wait-for.js:163:27)
      at Object.<anonymous> (__tests__/components/CentroOperacoes.test.tsx:135:18)

  ÔùÅ CentroOperacoes ÔÇ║ resolves notification when clicking resolve button

    Unable to find an element with the text: Lote #123 conclu├¡do. This could be because the text is broken up by multiple elements. In this case, you can provide a function for your text matcher to make your matcher more flexible.

    Ignored nodes: comments, script, style
    <body>
      <div>
        <div
          class="space-y-6"
        >
          <div>
            <h1
              class="text-2xl font-bold text-gray-800"
            >
              Monitor de Lotes e Laudos
            </h1>
            <p
              class="text-gray-600 text-sm mt-1"
            >
              Acompanhe todos os lotes e laudos das suas empresas clientes
            </p>
          </div>
          <div
            class="border-b border-gray-200"
          >
            <nav
              class="flex gap-1"
            >
              <button
                class="flex items-center gap-2 px-4 py-2.5 border-b-2 text-sm font-medium transition-colors border-primary text-primary"
              >
                <svg
                  aria-hidden="true"
                  class="lucide lucide-layers"
                  fill="none"
                  height="16"
                  stroke="currentColor"
                  stroke-linecap="round"
                  stroke-linejoin="round"
                  stroke-width="2"
                  viewBox="0 0 24 24"
                  width="16"
                  xmlns="http://www.w3.org/2000/svg"
                >
                  <path
                    d="M12.83 2.18a2 2 0 0 0-1.66 0L2.6 6.08a1 1 0 0 0 0 1.83l8.58 3.91a2 2 0 0 0 1.66 0l8.58-3.9a1 1 0 0 0 0-1.83z"
                  />
                  <path
                    d="M2 12a1 1 0 0 0 .58.91l8.6 3.91a2 2 0 0 0 1.65 0l8.58-3.9A1 1 0 0 0 22 12"
                  />
                  <path
                    d="M2 17a1 1 0 0 0 .58.91l8.6 3.91a2 2 0 0 0 1.65 0l8.58-3.9A1 1 0 0 0 22 17"
                  />
                </svg>
                Lotes
                <span
                  class="ml-1 px-1.5 py-0.5 rounded-full text-xs font-semibold bg-primary text-white"
                >
                  0
                </span>
              </button>
              <button
                class="flex items-center gap-2 px-4 py-2.5 border-b-2 text-sm font-medium transition-colors border-transparent text-gray-600 hover:text-gray-800 hover:border-gray-300"
              >
                <svg
                  aria-hidden="true"
                  class="lucide lucide-file-text"
                  fill="none"
                  height="16"
                  stroke="currentColor"
                  stroke-linecap="round"
                  stroke-linejoin="round"
                  stroke-width="2"
                  viewBox="0 0 24 24"
                  width="16"
                  xmlns="http://www.w3.org/2000/svg"
                >
                  <path
                    d="M6 22a2 2 0 0 1-2-2V4a2 2 0 0 1 2-2h8a2.4 2.4 0 0 1 1.704.706l3.588 3.588A2.4 2.4 0 0 1 20 8v12a2 2 0 0 1-2 2z"
                  />
                  <path
                    d="M14 2v5a1 1 0 0 0 1 1h5"
                  />
                  <path
                    d="M10 9H8"
                  />
                  <path
                    d="M16 13H8"
                  />
                  <path
                    d="M16 17H8"
                  />
                </svg>
                Laudos
                <span
                  class="ml-1 px-1.5 py-0.5 rounded-full text-xs font-semibold bg-gray-200 text-gray-600"
                >
                  0
                </span>
              </button>
            </nav>
          </div>
          <div>
            <div
              class="bg-white rounded-lg border border-gray-200 p-12 text-center"
            >
              <svg
                aria-hidden="true"
                class="lucide lucide-folder-open mx-auto text-gray-300 mb-4"
                fill="none"
                height="48"
                stroke="currentColor"
                stroke-linecap="round"
                stroke-linejoin="round"
                stroke-width="2"
                viewBox="0 0 24 24"
                width="48"
                xmlns="http://www.w3.org/2000/svg"
              >
                <path
                  d="m6 14 1.5-2.9A2 2 0 0 1 9.24 10H20a2 2 0 0 1 1.94 2.5l-1.54 6a2 2 0 0 1-1.95 1.5H4a2 2 0 0 1-2-2V5a2 2 0 0 1 2-2h3.9a2 2 0 0 1 1.69.9l.81 1.2a2 2 0 0 0 1.67.9H18a2 2 0 0 1 2 2v2"
                />
              </svg>
              <p
                class="text-gray-500 font-medium"
              >
                Nenhum lote encontrado
              </p>
              <p
                class="text-gray-400 text-sm mt-1"
              >
                Os lotes das suas empresas clientes aparecer├úo aqui
              </p>
            </div>
          </div>
        </div>
      </div>
    </body>

      143 |     render(<CentroOperacoes tipoUsuario="clinica" />);
      144 |
    > 145 |     await waitFor(() => {
          |                  ^
      146 |       expect(screen.getByText('Lote #123 conclu├¡do')).toBeInTheDocument();
      147 |     });
      148 |

      at waitForWrapper (node_modules/.pnpm/@testing-library+dom@10.4.1/node_modules/@testing-library/dom/dist/wait-for.js:163:27)
      at Object.<anonymous> (__tests__/components/CentroOperacoes.test.tsx:145:18)

  ÔùÅ CentroOperacoes ÔÇ║ calls correct API endpoint for clinica user type

    expect(jest.fn()).toHaveBeenCalledWith(...expected)

    Expected: "/api/clinica/notificacoes"
    Received
           1: "/api/rh/monitor/lotes"
           2: "/api/rh/monitor/laudos"

    Number of calls: 2

    Ignored nodes: comments, script, style
    <html>
      <head />
      <body>
        <div>
          <div
            class="space-y-6"
          >
            <div>
              <h1
                class="text-2xl font-bold text-gray-800"
              >
                Monitor de Lotes e Laudos
              </h1>
              <p
                class="text-gray-600 text-sm mt-1"
              >
                Acompanhe todos os lotes e laudos das suas empresas clientes
              </p>
            </div>
            <div
              class="border-b border-gray-200"
            >
              <nav
                class="flex gap-1"
              >
                <button
                  class="flex items-center gap-2 px-4 py-2.5 border-b-2 text-sm font-medium transition-colors border-primary text-primary"
                >
                  <svg
                    aria-hidden="true"
                    class="lucide lucide-layers"
                    fill="none"
                    height="16"
                    stroke="currentColor"
                    stroke-linecap="round"
                    stroke-linejoin="round"
                    stroke-width="2"
                    viewBox="0 0 24 24"
                    width="16"
                    xmlns="http://www.w3.org/2000/svg"
                  >
                    <path
                      d="M12.83 2.18a2 2 0 0 0-1.66 0L2.6 6.08a1 1 0 0 0 0 1.83l8.58 3.91a2 2 0 0 0 1.66 0l8.58-3.9a1 1 0 0 0 0-1.83z"
                    />
                    <path
                      d="M2 12a1 1 0 0 0 .58.91l8.6 3.91a2 2 0 0 0 1.65 0l8.58-3.9A1 1 0 0 0 22 12"
                    />
                    <path
                      d="M2 17a1 1 0 0 0 .58.91l8.6 3.91a2 2 0 0 0 1.65 0l8.58-3.9A1 1 0 0 0 22 17"
                    />
                  </svg>
                  Lotes
                  <span
                    class="ml-1 px-1.5 py-0.5 rounded-full text-xs font-semibold bg-primary text-white"
                  >
                    0
                  </span>
                </button>
                <button
                  class="flex items-center gap-2 px-4 py-2.5 border-b-2 text-sm font-medium transition-colors border-transparent text-gray-600 hover:text-gray-800 hover:border-gray-300"
                >
                  <svg
                    aria-hidden="true"
                    class="lucide lucide-file-text"
                    fill="none"
                    height="16"
                    stroke="currentColor"
                    stroke-linecap="round"
                    stroke-linejoin="round"
                    stroke-width="2"
                    viewBox="0 0 24 24"
                    width="16"
                    xmlns="http://www.w3.org/2000/svg"
                  >
                    <path
                      d="M6 22a2 2 0 0 1-2-2V4a2 2 0 0 1 2-2h8a2.4 2.4 0 0 1 1.704.706l3.588 3.588A2.4 2.4 0 0 1 20 8v12a2 2 0 0 1-2 2z"
                    />
                    <path
                      d="M14 2v5a1 1 0 0 0 1 1h5"
                    />
                    <path
                      d="M10 9H8"
                    />
                    <path
                      d="M16 13H8"
                    />
                    <path
                      d="M16 17H8"
                    />
                  </svg>
                  Laudos
                  <span
                    class="ml-1 px-1.5 py-0.5 rounded-full text-xs font-semibold bg-gray-200 text-gray-600"
                  >
                    0
                  </span>
                </button>
              </nav>
            </div>
            <div>
              <div
                class="bg-white rounded-lg border border-gray-200 p-12 text-center"
              >
                <svg
                  aria-hidden="true"
                  class="lucide lucide-folder-open mx-auto text-gray-300 mb-4"
                  fill="none"
                  height="48"
                  stroke="currentColor"
                  stroke-linecap="round"
                  stroke-linejoin="round"
                  stroke-width="2"
                  viewBox="0 0 24 24"
                  width="48"
                  xmlns="http://www.w3.org/2000/svg"
                >
                  <path
                    d="m6 14 1.5-2.9A2 2 0 0 1 9.24 10H20a2 2 0 0 1 1.94 2.5l-1.54 6a2 2 0 0 1-1.95 1.5H4a2 2 0 0 1-2-2V5a2 2 0 0 1 2-2h3.9a2 2 0 0 1 1.69.9l.81 1.2a2 2 0 0 0 1.67.9H18a2 2 0 0 1 2 2v2"
                  />
                </svg>
                <p
                  class="text-gray-500 font-medium"
                >
                  Nenhum lote encontrado
                </p>
                <p
                  class="text-gray-400 text-sm mt-1"
                >
                  Os lotes das suas empresas clientes aparecer├úo aqui
                </p>
              </div>
            </div>
          </div>
        </div>
      </body>
    </html>

      166 |
      167 |     await waitFor(() => {
    > 168 |       expect(global.fetch).toHaveBeenCalledWith('/api/clinica/notificacoes');
          |                            ^
      169 |     });
      170 |   });
      171 |

      at toHaveBeenCalledWith (__tests__/components/CentroOperacoes.test.tsx:168:28)
      at runWithExpensiveErrorDiagnosticsDisabled (node_modules/.pnpm/@testing-library+dom@10.4.1/node_modules/@testing-library/dom/dist/config.js:47:12)
      at checkCallback (node_modules/.pnpm/@testing-library+dom@10.4.1/node_modules/@testing-library/dom/dist/wait-for.js:124:77)
      at checkRealTimersCallback (node_modules/.pnpm/@testing-library+dom@10.4.1/node_modules/@testing-library/dom/dist/wait-for.js:118:16)
      at Timeout.task [as _onTimeout] (node_modules/.pnpm/jsdom@26.1.0/node_modules/jsdom/lib/jsdom/browser/Window.js:579:19)

  ÔùÅ CentroOperacoes ÔÇ║ calls correct API endpoint for tomador user type

    expect(jest.fn()).toHaveBeenCalledWith(...expected)

    Expected: "/api/rh/notificacoes"
    Received
           1: "/api/rh/monitor/lotes"
           2: "/api/rh/monitor/laudos"

    Number of calls: 2

    Ignored nodes: comments, script, style
    <html>
      <head />
      <body>
        <div>
          <div
            class="space-y-6"
          >
            <div>
              <h1
                class="text-2xl font-bold text-gray-800"
              >
                Monitor de Lotes e Laudos
              </h1>
              <p
                class="text-gray-600 text-sm mt-1"
              >
                Acompanhe todos os lotes e laudos das suas empresas clientes
              </p>
            </div>
            <div
              class="border-b border-gray-200"
            >
              <nav
                class="flex gap-1"
              >
                <button
                  class="flex items-center gap-2 px-4 py-2.5 border-b-2 text-sm font-medium transition-colors border-primary text-primary"
                >
                  <svg
                    aria-hidden="true"
                    class="lucide lucide-layers"
                    fill="none"
                    height="16"
                    stroke="currentColor"
                    stroke-linecap="round"
                    stroke-linejoin="round"
                    stroke-width="2"
                    viewBox="0 0 24 24"
                    width="16"
                    xmlns="http://www.w3.org/2000/svg"
                  >
                    <path
                      d="M12.83 2.18a2 2 0 0 0-1.66 0L2.6 6.08a1 1 0 0 0 0 1.83l8.58 3.91a2 2 0 0 0 1.66 0l8.58-3.9a1 1 0 0 0 0-1.83z"
                    />
                    <path
                      d="M2 12a1 1 0 0 0 .58.91l8.6 3.91a2 2 0 0 0 1.65 0l8.58-3.9A1 1 0 0 0 22 12"
                    />
                    <path
                      d="M2 17a1 1 0 0 0 .58.91l8.6 3.91a2 2 0 0 0 1.65 0l8.58-3.9A1 1 0 0 0 22 17"
                    />
                  </svg>
                  Lotes
                  <span
                    class="ml-1 px-1.5 py-0.5 rounded-full text-xs font-semibold bg-primary text-white"
                  >
                    0
                  </span>
                </button>
                <button
                  class="flex items-center gap-2 px-4 py-2.5 border-b-2 text-sm font-medium transition-colors border-transparent text-gray-600 hover:text-gray-800 hover:border-gray-300"
                >
                  <svg
                    aria-hidden="true"
                    class="lucide lucide-file-text"
                    fill="none"
                    height="16"
                    stroke="currentColor"
                    stroke-linecap="round"
                    stroke-linejoin="round"
                    stroke-width="2"
                    viewBox="0 0 24 24"
                    width="16"
                    xmlns="http://www.w3.org/2000/svg"
                  >
                    <path
                      d="M6 22a2 2 0 0 1-2-2V4a2 2 0 0 1 2-2h8a2.4 2.4 0 0 1 1.704.706l3.588 3.588A2.4 2.4 0 0 1 20 8v12a2 2 0 0 1-2 2z"
                    />
                    <path
                      d="M14 2v5a1 1 0 0 0 1 1h5"
                    />
                    <path
                      d="M10 9H8"
                    />
                    <path
                      d="M16 13H8"
                    />
                    <path
                      d="M16 17H8"
                    />
                  </svg>
                  Laudos
                  <span
                    class="ml-1 px-1.5 py-0.5 rounded-full text-xs font-semibold bg-gray-200 text-gray-600"
                  >
                    0
                  </span>
                </button>
              </nav>
            </div>
            <div>
              <div
                class="bg-white rounded-lg border border-gray-200 p-12 text-center"
              >
                <svg
                  aria-hidden="true"
                  class="lucide lucide-folder-open mx-auto text-gray-300 mb-4"
                  fill="none"
                  height="48"
                  stroke="currentColor"
                  stroke-linecap="round"
                  stroke-linejoin="round"
                  stroke-width="2"
                  viewBox="0 0 24 24"
                  width="48"
                  xmlns="http://www.w3.org/2000/svg"
                >
                  <path
                    d="m6 14 1.5-2.9A2 2 0 0 1 9.24 10H20a2 2 0 0 1 1.94 2.5l-1.54 6a2 2 0 0 1-1.95 1.5H4a2 2 0 0 1-2-2V5a2 2 0 0 1 2-2h3.9a2 2 0 0 1 1.69.9l.81 1.2a2 2 0 0 0 1.67.9H18a2 2 0 0 1 2 2v2"
                  />
                </svg>
                <p
                  class="text-gray-500 font-medium"
                >
                  Nenhum lote encontrado
                </p>
                <p
                  class="text-gray-400 text-sm mt-1"
                >
                  Os lotes das suas empresas clientes aparecer├úo aqui
                </p>
              </div>
            </div>
          </div>
        </div>
      </body>
    </html>

      174 |
      175 |     await waitFor(() => {
    > 176 |       expect(global.fetch).toHaveBeenCalledWith('/api/rh/notificacoes');
          |                            ^
      177 |     });
      178 |   });
      179 |

      at toHaveBeenCalledWith (__tests__/components/CentroOperacoes.test.tsx:176:28)
      at runWithExpensiveErrorDiagnosticsDisabled (node_modules/.pnpm/@testing-library+dom@10.4.1/node_modules/@testing-library/dom/dist/config.js:47:12)
      at checkCallback (node_modules/.pnpm/@testing-library+dom@10.4.1/node_modules/@testing-library/dom/dist/wait-for.js:124:77)
      at checkRealTimersCallback (node_modules/.pnpm/@testing-library+dom@10.4.1/node_modules/@testing-library/dom/dist/wait-for.js:118:16)
      at Timeout.task [as _onTimeout] (node_modules/.pnpm/jsdom@26.1.0/node_modules/jsdom/lib/jsdom/browser/Window.js:579:19)

PASS __tests__/api/entidade/relatorio-individual-pdf.test.ts
  ÔùÅ Console

    console.log
      [dotenv@17.2.3] injecting env (0) from .env.test -- tip: ÔÜÖ´©Å  load multiple .env files with { path: ['.env.local', '.env'] }

      at _log (node_modules/.pnpm/dotenv@17.2.3/node_modules/dotenv/lib/main.js:142:11)

    console.log
      ­ƒøí´©Å [jest.setup] Removendo DATABASE_URL do ambiente de testes (valor n├úo importa)

      at Object.<anonymous> (__tests__/config/jest.setup.js:125:17)

    console.log
      ­ƒøí´©Å [jest.setup] Prote├º├úo do banco de testes ativada - usando: nr-bps_db_test

      at Object.<anonymous> (__tests__/config/jest.setup.js:150:13)

    console.log
      ­ƒöî [lib/db.ts] Conectado ao banco: nr-bps_db_test @ localhost (ambiente: test)

      at Object.log (lib/db.ts:673:15)

PASS __tests__/database/migracao-laudo-enviado-em.test.ts
  ÔùÅ Console

    console.log
      [dotenv@17.2.3] injecting env (0) from .env.test -- tip: ­ƒöÉ prevent building .env in docker: https://dotenvx.com/prebuild

      at _log (node_modules/.pnpm/dotenv@17.2.3/node_modules/dotenv/lib/main.js:142:11)

    console.log
      ­ƒøí´©Å [jest.setup] Removendo DATABASE_URL do ambiente de testes (valor n├úo importa)

      at Object.<anonymous> (__tests__/config/jest.setup.js:125:17)

    console.log
      ­ƒøí´©Å [jest.setup] Prote├º├úo do banco de testes ativada - usando: nr-bps_db_test

      at Object.<anonymous> (__tests__/config/jest.setup.js:150:13)

RBAC seed applied to test database
RBAC seed applied to test database
RBAC seed applied to test database
RBAC seed applied to test database
RBAC seed applied to test database
PASS __tests__/database/entidade-tabela-correcao.test.ts
  ÔùÅ Console

    console.log
      [dotenv@17.2.3] injecting env (0) from .env.test -- tip: ­ƒøá´©Å  run anywhere with `dotenvx run -- yourcommand`

      at _log (node_modules/.pnpm/dotenv@17.2.3/node_modules/dotenv/lib/main.js:142:11)

    console.log
      ­ƒøí´©Å [jest.setup] Removendo DATABASE_URL do ambiente de testes (valor n├úo importa)

      at Object.<anonymous> (__tests__/config/jest.setup.js:125:17)

    console.log
      ­ƒøí´©Å [jest.setup] Prote├º├úo do banco de testes ativada - usando: nr-bps_db_test

      at Object.<anonymous> (__tests__/config/jest.setup.js:150:13)

PASS __tests__/api/emissor/lotes-hash-removal.test.ts
  ÔùÅ Console

    console.log
      [dotenv@17.2.3] injecting env (0) from .env.test -- tip: Ô£à audit secrets and track compliance: https://dotenvx.com/ops

      at _log (node_modules/.pnpm/dotenv@17.2.3/node_modules/dotenv/lib/main.js:142:11)

    console.log
      ­ƒøí´©Å [jest.setup] Removendo DATABASE_URL do ambiente de testes (valor n├úo importa)

      at Object.<anonymous> (__tests__/config/jest.setup.js:125:17)

    console.log
      ­ƒøí´©Å [jest.setup] Prote├º├úo do banco de testes ativada - usando: nr-bps_db_test

      at Object.<anonymous> (__tests__/config/jest.setup.js:150:13)

    console.log
      ­ƒöî [lib/db.ts] Conectado ao banco: nr-bps_db_test @ localhost (ambiente: test)

      at Object.log (lib/db.ts:673:15)

PASS __tests__/components/ModalContrato.transicao-silenciosa.test.tsx
  ÔùÅ Console

    console.log
      [dotenv@17.2.3] injecting env (0) from .env.test -- tip: ÔÜÖ´©Å  write to custom object with { processEnv: myObject }

      at _log (node_modules/.pnpm/dotenv@17.2.3/node_modules/dotenv/lib/main.js:142:11)

    console.log
      ­ƒøí´©Å [jest.setup] Removendo DATABASE_URL do ambiente de testes (valor n├úo importa)

      at Object.<anonymous> (__tests__/config/jest.setup.js:125:17)

    console.log
      ­ƒøí´©Å [jest.setup] Prote├º├úo do banco de testes ativada - usando: nr-bps_db_test

      at Object.<anonymous> (__tests__/config/jest.setup.js:150:13)

PASS __tests__/components/pdf-client-generation.test.tsx
  ÔùÅ Console

    console.log
      [dotenv@17.2.3] injecting env (0) from .env.test -- tip: ÔÜÖ´©Å  specify custom .env file path with { path: '/custom/path/.env' }

      at _log (node_modules/.pnpm/dotenv@17.2.3/node_modules/dotenv/lib/main.js:142:11)

    console.log
      ­ƒøí´©Å [jest.setup] Removendo DATABASE_URL do ambiente de testes (valor n├úo importa)

      at Object.<anonymous> (__tests__/config/jest.setup.js:125:17)

    console.log
      ­ƒøí´©Å [jest.setup] Prote├º├úo do banco de testes ativada - usando: nr-bps_db_test

      at Object.<anonymous> (__tests__/config/jest.setup.js:150:13)

FAIL __tests__/components/ModalPagamento.simular.test.tsx (6.088 s)
  ÔùÅ Console

    console.log
      [dotenv@17.2.3] injecting env (0) from .env.test -- tip: ­ƒöæ add access controls to secrets: https://dotenvx.com/ops

      at _log (node_modules/.pnpm/dotenv@17.2.3/node_modules/dotenv/lib/main.js:142:11)

    console.log
      ­ƒøí´©Å [jest.setup] Removendo DATABASE_URL do ambiente de testes (valor n├úo importa)

      at Object.<anonymous> (__tests__/config/jest.setup.js:125:17)

    console.log
      ­ƒøí´©Å [jest.setup] Prote├º├úo do banco de testes ativada - usando: nr-bps_db_test

      at Object.<anonymous> (__tests__/config/jest.setup.js:150:13)

  ÔùÅ ModalPagamento - simula├º├úo de pagamento (dev) ÔÇ║ inicia pagamento (se necess├írio) e chama endpoint de simula├º├úo

    thrown: "Exceeded timeout of 5000 ms for a test.
    Add a timeout value to this test to increase the timeout, if this is a long-running test. See https://jestjs.io/docs/api#testname-fn-timeout."

      10 |   });
      11 |
    > 12 |   it('inicia pagamento (se necess├írio) e chama endpoint de simula├º├úo', async () => {
         |   ^
      13 |     const mockFetch = jest.fn((url, opts) => {
      14 |       // iniciar pagamento
      15 |       if (

      at it (__tests__/components/ModalPagamento.simular.test.tsx:12:3)
      at Object.describe (__tests__/components/ModalPagamento.simular.test.tsx:7:1)

RBAC seed applied to test database
FAIL __tests__/clinica/clinica-sidebar.test.tsx
  ÔùÅ Console

    console.log
      [dotenv@17.2.3] injecting env (0) from .env.test -- tip: ­ƒöæ add access controls to secrets: https://dotenvx.com/ops

      at _log (node_modules/.pnpm/dotenv@17.2.3/node_modules/dotenv/lib/main.js:142:11)

    console.log
      ­ƒøí´©Å [jest.setup] Removendo DATABASE_URL do ambiente de testes (valor n├úo importa)

      at Object.<anonymous> (__tests__/config/jest.setup.js:125:17)

    console.log
      ­ƒøí´©Å [jest.setup] Prote├º├úo do banco de testes ativada - usando: nr-bps_db_test

      at Object.<anonymous> (__tests__/config/jest.setup.js:150:13)

  ÔùÅ ClinicaSidebar ÔÇ║ highlights active section based on pathname

    expect(element).toHaveClass("bg-primary-100")

    Expected the element to have class:
      bg-primary-100
    Received:
      w-full flex items-center justify-between px-4 py-3 text-left transition-colors text-gray-700 hover:bg-gray-100 border-l-4 border-transparent

      71 |       .getByText('Empresas Clientes')
      72 |       .closest('button');
    > 73 |     expect(empresasButton).toHaveClass('bg-primary-100');
         |                            ^
      74 |     expect(empresasButton).toHaveClass('text-primary-600');
      75 |   });
      76 |

      at Object.toHaveClass (__tests__/clinica/clinica-sidebar.test.tsx:73:28)

RBAC seed applied to test database
RBAC seed applied to test database
PASS __tests__/integration/cleanup-seed-payment-flow.test.ts
  ÔùÅ Console

    console.log
      [dotenv@17.2.3] injecting env (0) from .env.test -- tip: ­ƒöæ add access controls to secrets: https://dotenvx.com/ops

      at _log (node_modules/.pnpm/dotenv@17.2.3/node_modules/dotenv/lib/main.js:142:11)

    console.log
      ­ƒøí´©Å [jest.setup] Removendo DATABASE_URL do ambiente de testes (valor n├úo importa)

      at Object.<anonymous> (__tests__/config/jest.setup.js:125:17)

    console.log
      ­ƒøí´©Å [jest.setup] Prote├º├úo do banco de testes ativada - usando: nr-bps_db_test

      at Object.<anonymous> (__tests__/config/jest.setup.js:150:13)

RBAC seed applied to test database
PASS __tests__/contracts/plano-personalizado-correcoes.test.ts
  ÔùÅ Console

    console.log
      [dotenv@17.2.3] injecting env (0) from .env.test -- tip: ­ƒöÉ encrypt with Dotenvx: https://dotenvx.com

      at _log (node_modules/.pnpm/dotenv@17.2.3/node_modules/dotenv/lib/main.js:142:11)

    console.log
      ­ƒøí´©Å [jest.setup] Removendo DATABASE_URL do ambiente de testes (valor n├úo importa)

      at Object.<anonymous> (__tests__/config/jest.setup.js:125:17)

    console.log
      ­ƒøí´©Å [jest.setup] Prote├º├úo do banco de testes ativada - usando: nr-bps_db_test

      at Object.<anonymous> (__tests__/config/jest.setup.js:150:13)

PASS __tests__/api/pagamento-simular.test.ts
  ÔùÅ Console

    console.log
      [dotenv@17.2.3] injecting env (0) from .env.test -- tip: ­ƒøá´©Å  run anywhere with `dotenvx run -- yourcommand`

      at _log (node_modules/.pnpm/dotenv@17.2.3/node_modules/dotenv/lib/main.js:142:11)

    console.log
      ­ƒøí´©Å [jest.setup] Removendo DATABASE_URL do ambiente de testes (valor n├úo importa)

      at Object.<anonymous> (__tests__/config/jest.setup.js:125:17)

    console.log
      ­ƒøí´©Å [jest.setup] Prote├º├úo do banco de testes ativada - usando: nr-bps_db_test

      at Object.<anonymous> (__tests__/config/jest.setup.js:150:13)

RBAC seed applied to test database
RBAC seed applied to test database
RBAC seed applied to test database
FAIL __tests__/api/pagamento-confirmar.test.ts
  ÔùÅ Console

    console.log
      [dotenv@17.2.3] injecting env (0) from .env.test -- tip: ­ƒöæ add access controls to secrets: https://dotenvx.com/ops

      at _log (node_modules/.pnpm/dotenv@17.2.3/node_modules/dotenv/lib/main.js:142:11)

    console.log
      ­ƒøí´©Å [jest.setup] Removendo DATABASE_URL do ambiente de testes (valor n├úo importa)

      at Object.<anonymous> (__tests__/config/jest.setup.js:125:17)

    console.log
      ­ƒøí´©Å [jest.setup] Prote├º├úo do banco de testes ativada - usando: nr-bps_db_test

      at Object.<anonymous> (__tests__/config/jest.setup.js:150:13)

  ÔùÅ API /api/pagamento/confirmar - Confirma├º├úo de Pagamento ÔÇ║ Cen├írio 3: Confirma├º├úo com parcelamento ÔÇ║ deve confirmar pagamento parcelado

    expect(received).toBe(expected) // Object.is equality

    Expected: true
    Received: undefined

       97 |       expect(response.status).toBe(200);
       98 |       expect(data.success).toBe(true);
    >  99 |       expect(data.show_receipt_info).toBe(true);
          |                                      ^
      100 |       expect(data.acesso_liberado).toBe(true);
      101 |     });
      102 |   });

      at Object.toBe (__tests__/api/pagamento-confirmar.test.ts:99:38)

FAIL __tests__/integration/entidade-create-funcionario.e2e.test.ts
  ÔùÅ Console

    console.log
      [dotenv@17.2.3] injecting env (0) from .env.test -- tip: ÔÜÖ´©Å  override existing env vars with { override: true }

      at _log (node_modules/.pnpm/dotenv@17.2.3/node_modules/dotenv/lib/main.js:142:11)

    console.log
      ­ƒøí´©Å [jest.setup] Removendo DATABASE_URL do ambiente de testes (valor n├úo importa)

      at Object.<anonymous> (__tests__/config/jest.setup.js:125:17)

    console.log
      ­ƒøí´©Å [jest.setup] Prote├º├úo do banco de testes ativada - usando: nr-bps_db_test

      at Object.<anonymous> (__tests__/config/jest.setup.js:150:13)

    console.log
      ­ƒöî [lib/db.ts] Conectado ao banco: nr-bps_db_test @ localhost (ambiente: test)

      at Object.log (lib/db.ts:673:15)

  ÔùÅ E2E: criar funcion├írio na entidade (integra├º├úo real DB) ÔÇ║ deve criar funcion├írio via POST e persistir no banco com seguran├º (contexto de auditoria)

    expect(received).toBe(expected) // Object.is equality

    Expected: 200
    Received: 500

      113 |     const data = await response.json();
      114 |
    > 115 |     expect(response.status).toBe(200);
          |                             ^
      116 |     expect(data.success).toBe(true);
      117 |
      118 |     // Verificar persist├¬ncia no banco

      at Object.toBe (__tests__/integration/entidade-create-funcionario.e2e.test.ts:115:29)

RBAC seed applied to test database
RBAC seed applied to test database
FAIL __tests__/api/avaliacao/save.test.ts
  ÔùÅ Console

    console.log
      [dotenv@17.2.3] injecting env (0) from .env.test -- tip: ÔÜÖ´©Å  enable debug logging with { debug: true }

      at _log (node_modules/.pnpm/dotenv@17.2.3/node_modules/dotenv/lib/main.js:142:11)

    console.log
      ­ƒøí´©Å [jest.setup] Removendo DATABASE_URL do ambiente de testes (valor n├úo importa)

      at Object.<anonymous> (__tests__/config/jest.setup.js:125:17)

    console.log
      ­ƒøí´©Å [jest.setup] Prote├º├úo do banco de testes ativada - usando: nr-bps_db_test

      at Object.<anonymous> (__tests__/config/jest.setup.js:150:13)

  ÔùÅ API /api/avaliacao/save ÔÇ║ deve avan├ºar grupo_atual se todas as respostas do grupo forem preenchidas

    expect(jest.fn()).toHaveBeenCalledWith(...expected)

    Expected: StringContaining "UPDATE avaliacoes SET grupo_atual", [2, "em_andamento", 1], ObjectContaining {"cpf": "123"}
    Received
           1
              "SELECT id, lote_id FROM avaliacoes
           WHERE funcionario_cpf = $1 AND status IN ('iniciada', 'em_andamento')
           ORDER BY inicio DESC LIMIT 1",
              Array [
            -   2,
            -   "em_andamento",
            -   1,
            +   "123",
              ],
           2
              "INSERT INTO avaliacoes (funcionario_cpf, status)
             VALUES ($1, 'em_andamento')
             RETURNING id, lote_id",
              Array [
            -   2,
            -   "em_andamento",
            -   1,
            +   "123",
              ],

    Number of calls: 2

      74 |
      75 |     // Verifica se o queryWithContext foi chamado para UPDATE
    > 76 |     expect(dbSecurity.queryWithContext).toHaveBeenCalledWith(
         |                                         ^
      77 |       expect.stringContaining('UPDATE avaliacoes SET grupo_atual'),
      78 |       [2, 'em_andamento', 1],
      79 |       expect.objectContaining({ cpf: '123' })

      at Object.toHaveBeenCalledWith (__tests__/api/avaliacao/save.test.ts:76:41)

  ÔùÅ API /api/avaliacao/save ÔÇ║ deve manter grupo_atual se grupo est├í incompleto

    expect(jest.fn()).toHaveBeenCalledWith(...expected)

    Expected: StringContaining "UPDATE avaliacoes SET grupo_atual", [1, "em_andamento", 1], ObjectContaining {"cpf": "123"}
    Received
           1
              "SELECT id, lote_id FROM avaliacoes
           WHERE funcionario_cpf = $1 AND status IN ('iniciada', 'em_andamento')
           ORDER BY inicio DESC LIMIT 1",
              Array [
            -   1,
            -   "em_andamento",
            -   1,
            +   "123",
              ],
           2
              "INSERT INTO avaliacoes (funcionario_cpf, status)
             VALUES ($1, 'em_andamento')
             RETURNING id, lote_id",
              Array [
            -   1,
            -   "em_andamento",
            -   1,
            +   "123",
              ],

    Number of calls: 2

      107 |
      108 |     // Verifica se o queryWithContext foi chamado mantendo o mesmo grupo
    > 109 |     expect(dbSecurity.queryWithContext).toHaveBeenCalledWith(
          |                                         ^
      110 |       expect.stringContaining('UPDATE avaliacoes SET grupo_atual'),
      111 |       [1, 'em_andamento', 1],
      112 |       expect.objectContaining({ cpf: '123' })

      at Object.toHaveBeenCalledWith (__tests__/api/avaliacao/save.test.ts:109:41)

  ÔùÅ API /api/avaliacao/save ÔÇ║ deve atualizar status para em_andamento sempre que salvar

    expect(jest.fn()).toHaveBeenCalledWith(...expected)

    Expected: StringContaining "UPDATE avaliacoes SET grupo_atual", ArrayContaining [1, "em_andamento", 1], ObjectContaining {"cpf": "123"}
    Received
           1: "SELECT id, lote_id FROM avaliacoes
           WHERE funcionario_cpf = $1 AND status IN ('iniciada', 'em_andamento')
           ORDER BY inicio DESC LIMIT 1", ["123"]
           2: "INSERT INTO avaliacoes (funcionario_cpf, status)
             VALUES ($1, 'em_andamento')
             RETURNING id, lote_id", ["123"]

    Number of calls: 2

      140 |
      141 |     // Verifica se o status sempre ├® atualizado para 'em_andamento'
    > 142 |     expect(dbSecurity.queryWithContext).toHaveBeenCalledWith(
          |                                         ^
      143 |       expect.stringContaining('UPDATE avaliacoes SET grupo_atual'),
      144 |       expect.arrayContaining([1, 'em_andamento', 1]),
      145 |       expect.objectContaining({ cpf: '123' })

      at Object.toHaveBeenCalledWith (__tests__/api/avaliacao/save.test.ts:142:41)

PASS __tests__/system/environment-configuration.test.ts
  ÔùÅ Console

    console.log
      [dotenv@17.2.3] injecting env (0) from .env.test -- tip: ­ƒöÉ encrypt with Dotenvx: https://dotenvx.com

      at _log (node_modules/.pnpm/dotenv@17.2.3/node_modules/dotenv/lib/main.js:142:11)

    console.log
      ­ƒøí´©Å [jest.setup] Removendo DATABASE_URL do ambiente de testes (valor n├úo importa)

      at Object.<anonymous> (__tests__/config/jest.setup.js:125:17)

    console.log
      ­ƒøí´©Å [jest.setup] Prote├º├úo do banco de testes ativada - usando: nr-bps_db_test

      at Object.<anonymous> (__tests__/config/jest.setup.js:150:13)

RBAC seed applied to test database
RBAC seed applied to test database
RBAC seed applied to test database
RBAC seed applied to test database
RBAC seed applied to test database
PASS __tests__/lib/termos/registrar-aceite-hotfix.test.ts
  ÔùÅ Console

    console.log
      [dotenv@17.2.3] injecting env (0) from .env.test -- tip: ÔÜÖ´©Å  write to custom object with { processEnv: myObject }

      at _log (node_modules/.pnpm/dotenv@17.2.3/node_modules/dotenv/lib/main.js:142:11)

    console.log
      ­ƒøí´©Å [jest.setup] Removendo DATABASE_URL do ambiente de testes (valor n├úo importa)

      at Object.<anonymous> (__tests__/config/jest.setup.js:125:17)

    console.log
      ­ƒøí´©Å [jest.setup] Prote├º├úo do banco de testes ativada - usando: nr-bps_db_test

      at Object.<anonymous> (__tests__/config/jest.setup.js:150:13)

FAIL __tests__/avaliacao/avaliacao-navegacao.test.tsx
  ÔùÅ Test suite failed to run

    Cannot find module '../app/avaliacao/grupo/[id]/page' from '__tests__/avaliacao/avaliacao-navegacao.test.tsx'

      12 | // Mock do fetch
      13 | global.fetch = jest.fn()
    > 14 |
         | ^
      15 | // Helper para verificar se um bot├úo est├í desabilitado
      16 | const expectButtonToBeDisabled = (button: HTMLElement) => {
      17 |   expect(button).toHaveAttribute('disabled')

      at Resolver._throwModNotFoundError (node_modules/.pnpm/jest-resolve@30.2.0/node_modules/jest-resolve/build/index.js:863:11)
      at Object.<anonymous> (__tests__/avaliacao/avaliacao-navegacao.test.tsx:14:54)

PASS __tests__/components/PWAMenuItem.test.tsx
  ÔùÅ Console

    console.log
      [dotenv@17.2.3] injecting env (0) from .env.test -- tip: ÔÜÖ´©Å  enable debug logging with { debug: true }

      at _log (node_modules/.pnpm/dotenv@17.2.3/node_modules/dotenv/lib/main.js:142:11)

    console.log
      ­ƒøí´©Å [jest.setup] Removendo DATABASE_URL do ambiente de testes (valor n├úo importa)

      at Object.<anonymous> (__tests__/config/jest.setup.js:125:17)

    console.log
      ­ƒøí´©Å [jest.setup] Prote├º├úo do banco de testes ativada - usando: nr-bps_db_test

      at Object.<anonymous> (__tests__/config/jest.setup.js:150:13)

FAIL __tests__/avaliacao/efeito-cascata-grupo-unico.test.tsx
  ÔùÅ Console

    console.log
      [dotenv@17.2.3] injecting env (0) from .env.test -- tip: ÔÜÖ´©Å  override existing env vars with { override: true }

      at _log (node_modules/.pnpm/dotenv@17.2.3/node_modules/dotenv/lib/main.js:142:11)

    console.log
      ­ƒøí´©Å [jest.setup] Removendo DATABASE_URL do ambiente de testes (valor n├úo importa)

      at Object.<anonymous> (__tests__/config/jest.setup.js:125:17)

    console.log
      ­ƒøí´©Å [jest.setup] Prote├º├úo do banco de testes ativada - usando: nr-bps_db_test

      at Object.<anonymous> (__tests__/config/jest.setup.js:150:13)

  ÔùÅ Efeito Cascata - Grupo ├Ünico ÔÇ║ deve funcionar com grupo que tem apenas uma quest├úo

    expect(jest.fn()).toHaveBeenCalled()

    Expected number of calls: >= 1
    Received number of calls:    0

    Ignored nodes: comments, script, style
    <html>
      <head />
      <body>
        <div>
          <div
            class="min-h-screen bg-gray-50"
          >
            <main
              class="container mx-auto px-4 py-6 sm:py-8"
            >
              <div
                class="max-w-6xl mx-auto"
              >
                <div
                  data-testid="mock-progress"
                >
                  1
                  /
                  1
                </div>
                <div
                  class="mt-6"
                >
                  <div
                    data-testid="mock-form-group"
                  >
                    <h3>
                      Grupo 1 - Demandas no Trabalho
                    </h3>
                  </div>
                </div>
                <div
                  class="mt-6 sm:mt-8 flex justify-between items-center"
                >
                  <div
                    class="text-sm text-gray-600"
                  />
                  <button
                    class="px-6 sm:px-8 py-3 sm:py-4 bg-black text-white border-2 border-black rounded-lg hover:bg-gray-800 hover:border-gray-800 transition-all shadow-md hover:shadow-lg disabled:opacity-50 disabled:cursor-not-allowed text-sm sm:text-base font-semibold"
                  >
                    Finalizar Avalia├º├úo
                  </button>
                </div>
              </div>
            </main>
          </div>
        </div>
      </body>
    </html>

      138 |
      139 |     await waitFor(() => {
    > 140 |       expect(mockPush).toHaveBeenCalled()
          |                        ^
      141 |     })
      142 |   })
      143 | })

      at toHaveBeenCalled (__tests__/avaliacao/efeito-cascata-grupo-unico.test.tsx:140:24)
      at runWithExpensiveErrorDiagnosticsDisabled (node_modules/.pnpm/@testing-library+dom@10.4.1/node_modules/@testing-library/dom/dist/config.js:47:12)
      at checkCallback (node_modules/.pnpm/@testing-library+dom@10.4.1/node_modules/@testing-library/dom/dist/wait-for.js:124:77)
      at checkRealTimersCallback (node_modules/.pnpm/@testing-library+dom@10.4.1/node_modules/@testing-library/dom/dist/wait-for.js:118:16)
      at Timeout.task [as _onTimeout] (node_modules/.pnpm/jsdom@26.1.0/node_modules/jsdom/lib/jsdom/browser/Window.js:579:19)

PASS __tests__/components/PWAInitializer.test.tsx
  ÔùÅ Console

    console.log
      [dotenv@17.2.3] injecting env (0) from .env.test -- tip: ­ƒöæ add access controls to secrets: https://dotenvx.com/ops

      at _log (node_modules/.pnpm/dotenv@17.2.3/node_modules/dotenv/lib/main.js:142:11)

    console.log
      ­ƒøí´©Å [jest.setup] Removendo DATABASE_URL do ambiente de testes (valor n├úo importa)

      at Object.<anonymous> (__tests__/config/jest.setup.js:125:17)

    console.log
      ­ƒøí´©Å [jest.setup] Prote├º├úo do banco de testes ativada - usando: nr-bps_db_test

      at Object.<anonymous> (__tests__/config/jest.setup.js:150:13)

RBAC seed applied to test database
RBAC seed applied to test database
RBAC seed applied to test database
RBAC seed applied to test database
FAIL __tests__/integration/ui-personalizado-sem-redirect.test.ts
  ÔùÅ Console

    console.log
      [dotenv@17.2.3] injecting env (0) from .env.test -- tip: ­ƒöÉ encrypt with Dotenvx: https://dotenvx.com

      at _log (node_modules/.pnpm/dotenv@17.2.3/node_modules/dotenv/lib/main.js:142:11)

    console.log
      ­ƒøí´©Å [jest.setup] Removendo DATABASE_URL do ambiente de testes (valor n├úo importa)

      at Object.<anonymous> (__tests__/config/jest.setup.js:125:17)

    console.log
      ­ƒøí´©Å [jest.setup] Prote├º├úo do banco de testes ativada - usando: nr-bps_db_test

      at Object.<anonymous> (__tests__/config/jest.setup.js:150:13)

    console.log
      ­ƒöî [lib/db.ts] Conectado ao banco: nr-bps_db_test @ localhost (ambiente: test)

      at Object.log (lib/db.ts:673:15)

  ÔùÅ Ô£à Valida├º├úo UI - Plano Personalizado Sem Redirecionamento ÔÇ║ deve retornar requires_payment=false e mensagem adequada para plano personalizado

    error: rela├º├úo "tomadors" n├úo existe

      487 |         // No session: just execute the query normally
      488 |         try {
    > 489 |           const result = await client.query(text, params);
          |                          ^
      490 |           const duration = Date.now() - start;
      491 |
      492 |           // Log apenas queries lentas (>500ms)

      at node_modules/.pnpm/pg@8.16.3/node_modules/pg/lib/client.js:545:17
      at query (lib/db.ts:489:26)
      at Object.<anonymous> (__tests__/integration/ui-personalizado-sem-redirect.test.ts:29:5)


  ÔùÅ Test suite failed to run

    error: rela├º├úo "tomadors" n├úo existe

      487 |         // No session: just execute the query normally
      488 |         try {
    > 489 |           const result = await client.query(text, params);
          |                          ^
      490 |           const duration = Date.now() - start;
      491 |
      492 |           // Log apenas queries lentas (>500ms)

      at node_modules/.pnpm/pg@8.16.3/node_modules/pg/lib/client.js:545:17
      at query (lib/db.ts:489:26)
      at Object.<anonymous> (__tests__/integration/ui-personalizado-sem-redirect.test.ts:37:5)

RBAC seed applied to test database
PASS __tests__/api/termos/registrar-hotfix.test.ts
  ÔùÅ Console

    console.log
      [dotenv@17.2.3] injecting env (0) from .env.test -- tip: ÔÜÖ´©Å  specify custom .env file path with { path: '/custom/path/.env' }

      at _log (node_modules/.pnpm/dotenv@17.2.3/node_modules/dotenv/lib/main.js:142:11)

    console.log
      ­ƒøí´©Å [jest.setup] Removendo DATABASE_URL do ambiente de testes (valor n├úo importa)

      at Object.<anonymous> (__tests__/config/jest.setup.js:125:17)

    console.log
      ­ƒøí´©Å [jest.setup] Prote├º├úo do banco de testes ativada - usando: nr-bps_db_test

      at Object.<anonymous> (__tests__/config/jest.setup.js:150:13)

RBAC seed applied to test database
PASS __tests__/lib/hooks/useFuncionarios.test.ts
  ÔùÅ Console

    console.log
      [dotenv@17.2.3] injecting env (0) from .env.test -- tip: ÔÜÖ´©Å  load multiple .env files with { path: ['.env.local', '.env'] }

      at _log (node_modules/.pnpm/dotenv@17.2.3/node_modules/dotenv/lib/main.js:142:11)

    console.log
      ­ƒøí´©Å [jest.setup] Removendo DATABASE_URL do ambiente de testes (valor n├úo importa)

      at Object.<anonymous> (__tests__/config/jest.setup.js:125:17)

    console.log
      ­ƒøí´©Å [jest.setup] Prote├º├úo do banco de testes ativada - usando: nr-bps_db_test

      at Object.<anonymous> (__tests__/config/jest.setup.js:150:13)

FAIL __tests__/api/entidade/funcionarios-auth.test.ts
  ÔùÅ Console

    console.log
      [dotenv@17.2.3] injecting env (0) from .env.test -- tip: ­ƒøá´©Å  run anywhere with `dotenvx run -- yourcommand`

      at _log (node_modules/.pnpm/dotenv@17.2.3/node_modules/dotenv/lib/main.js:142:11)

    console.log
      ­ƒøí´©Å [jest.setup] Removendo DATABASE_URL do ambiente de testes (valor n├úo importa)

      at Object.<anonymous> (__tests__/config/jest.setup.js:125:17)

    console.log
      ­ƒøí´©Å [jest.setup] Prote├º├úo do banco de testes ativada - usando: nr-bps_db_test

      at Object.<anonymous> (__tests__/config/jest.setup.js:150:13)

  ÔùÅ /api/entidade/funcionarios - acesso por perfil ÔÇ║ POST deve criar funcion├írio quando autorizado e dados v├ílidos

    expect(received).toBe(expected) // Object.is equality

    Expected: 200
    Received: 500

      131 |     const data = await response.json();
      132 |
    > 133 |     expect(response.status).toBe(200);
          |                             ^
      134 |     expect(data.success).toBe(true);
      135 |
      136 |     // Verify the INSERT funcionarios call (├¡ndice 4)

      at Object.toBe (__tests__/api/entidade/funcionarios-auth.test.ts:133:29)

PASS __tests__/integration/fluxo-cadastro-contrato-iniciar-pagamento.test.ts
  ÔùÅ Console

    console.log
      [dotenv@17.2.3] injecting env (0) from .env.test -- tip: ­ƒöÉ prevent committing .env to code: https://dotenvx.com/precommit

      at _log (node_modules/.pnpm/dotenv@17.2.3/node_modules/dotenv/lib/main.js:142:11)

    console.log
      ­ƒøí´©Å [jest.setup] Removendo DATABASE_URL do ambiente de testes (valor n├úo importa)

      at Object.<anonymous> (__tests__/config/jest.setup.js:125:17)

    console.log
      ­ƒøí´©Å [jest.setup] Prote├º├úo do banco de testes ativada - usando: nr-bps_db_test

      at Object.<anonymous> (__tests__/config/jest.setup.js:150:13)

    console.log
      ­ƒöî [lib/db.ts] Conectado ao banco: nr-bps_db_test @ localhost (ambiente: test)

      at Object.log (lib/db.ts:673:15)

    console.log
      [PAGAMENTO] Dados calculados: {
        tomador_id: 6,
        tipo: 'entidade',
        plano_id: 66,
        numero_funcionarios: 10,
        valor_total: '250.00',
        plano_tipo: 'fixo'
      }

      at log (app/api/pagamento/iniciar/route.ts:276:13)

FAIL __tests__/rh/empresa-modal-avaliacoes.test.tsx
  ÔùÅ Console

    console.log
      [dotenv@17.2.3] injecting env (0) from .env.test -- tip: ­ƒöä add secrets lifecycle management: https://dotenvx.com/ops

      at _log (node_modules/.pnpm/dotenv@17.2.3/node_modules/dotenv/lib/main.js:142:11)

    console.log
      ­ƒøí´©Å [jest.setup] Removendo DATABASE_URL do ambiente de testes (valor n├úo importa)

      at Object.<anonymous> (__tests__/config/jest.setup.js:125:17)

    console.log
      ­ƒøí´©Å [jest.setup] Prote├º├úo do banco de testes ativada - usando: nr-bps_db_test

      at Object.<anonymous> (__tests__/config/jest.setup.js:150:13)

  ÔùÅ Empresa Dashboard - Modal de Avalia├º├Áes ÔÇ║ abre modal ao clicar em "Ver todas" e permite fechamento por bot├úo, ESC e backdrop

    expect(received).toBeDefined()

    Received: undefined

      92 |       )
      93 |     );
    > 94 |     expect(verTodasButton).toBeDefined();
         |                            ^
      95 |
      96 |     // abrir modal
      97 |     fireEvent.click(verTodasButton as Element);

      at Object.toBeDefined (__tests__/rh/empresa-modal-avaliacoes.test.tsx:94:28)

RBAC seed applied to test database
RBAC seed applied to test database
RBAC seed applied to test database
FAIL __tests__/integration/correcao-autenticacao.test.ts
  ÔùÅ Console

    console.log
      [dotenv@17.2.3] injecting env (0) from .env.test -- tip: ­ƒöÉ encrypt with Dotenvx: https://dotenvx.com

      at _log (node_modules/.pnpm/dotenv@17.2.3/node_modules/dotenv/lib/main.js:142:11)

    console.log
      ­ƒøí´©Å [jest.setup] Removendo DATABASE_URL do ambiente de testes (valor n├úo importa)

      at Object.<anonymous> (__tests__/config/jest.setup.js:125:17)

    console.log
      ­ƒøí´©Å [jest.setup] Prote├º├úo do banco de testes ativada - usando: nr-bps_db_test

      at Object.<anonymous> (__tests__/config/jest.setup.js:150:13)

    console.log
      ­ƒöî [lib/db.ts] Conectado ao banco: nr-bps_db_test @ localhost (ambiente: test)

      at Object.log (lib/db.ts:673:15)

  ÔùÅ Corre├º├úo de Autentica├º├úo ÔÇ║ Hash da Senha Admin ÔÇ║ deve ter o hash correto da senha 123456 no banco

    expect(received).toHaveLength(expected)

    Expected length: 1
    Received length: 0
    Received array:  []

      22 |       );
      23 |
    > 24 |       expect(result.rows).toHaveLength(1);
         |                           ^
      25 |       const admin = result.rows[0];
      26 |
      27 |       expect(admin.cpf).toBe(ADMIN_CPF);

      at Object.toHaveLength (__tests__/integration/correcao-autenticacao.test.ts:24:27)

  ÔùÅ Corre├º├úo de Autentica├º├úo ÔÇ║ Hash da Senha Admin ÔÇ║ deve rejeitar senha incorreta

    TypeError: Cannot read properties of undefined (reading 'senha_hash')

      46 |       const senhaIncorreta = await bcrypt.compare(
      47 |         'senha_errada',
    > 48 |         admin.senha_hash
         |               ^
      49 |       );
      50 |       expect(senhaIncorreta).toBe(false);
      51 |

      at Object.senha_hash (__tests__/integration/correcao-autenticacao.test.ts:48:15)

  ÔùÅ Corre├º├úo de Autentica├º├úo ÔÇ║ Valida├º├úo de Senha ÔÇ║ deve validar senha usando bcrypt.compare

    TypeError: Cannot read properties of undefined (reading 'senha_hash')

      62 |       );
      63 |
    > 64 |       const senhaHash = result.rows[0].senha_hash;
         |                                        ^
      65 |
      66 |       // Testar valida├º├úo direta
      67 |       const senhaValida = await bcrypt.compare(ADMIN_SENHA, senhaHash);

      at Object.senha_hash (__tests__/integration/correcao-autenticacao.test.ts:64:40)

  ÔùÅ Corre├º├úo de Autentica├º├úo ÔÇ║ Valida├º├úo de Senha ÔÇ║ deve funcionar com diferentes formatos de entrada

    TypeError: Cannot read properties of undefined (reading 'senha_hash')

      81 |       );
      82 |
    > 83 |       const senhaHash = result.rows[0].senha_hash;
         |                                        ^
      84 |
      85 |       // Testar com senha com espa├ºos (trim)
      86 |       const senhaComEspacos = `  ${ADMIN_SENHA}  `;

      at Object.senha_hash (__tests__/integration/correcao-autenticacao.test.ts:83:40)

  ÔùÅ Corre├º├úo de Autentica├º├úo ÔÇ║ Integridade do Usu├írio Admin ÔÇ║ deve ter todos os campos obrigat├│rios preenchidos

    TypeError: Cannot read properties of undefined (reading 'cpf')

      103 |       const admin = result.rows[0];
      104 |
    > 105 |       expect(admin.cpf).toBeTruthy();
          |                    ^
      106 |       expect(admin.nome).toBeTruthy();
      107 |       expect(admin.email).toBeTruthy();
      108 |       expect(admin.perfil).toBe(ADMIN_PERFIL);

      at Object.cpf (__tests__/integration/correcao-autenticacao.test.ts:105:20)

  ÔùÅ Corre├º├úo de Autentica├º├úo ÔÇ║ Integridade do Usu├írio Admin ÔÇ║ deve ser o ├║nico usu├írio com perfil admin

    expect(received).toBe(expected) // Object.is equality

    Expected: 1
    Received: 0

      120 |       );
      121 |
    > 122 |       expect(parseInt(result.rows[0].total_admins)).toBe(1);
          |                                                     ^
      123 |
      124 |       // [TEST] Verificado que h├í apenas um usu├írio admin
      125 |     });

      at Object.toBe (__tests__/integration/correcao-autenticacao.test.ts:122:53)

PASS __tests__/components/CompletionModal.test.tsx
  ÔùÅ Console

    console.log
      [dotenv@17.2.3] injecting env (0) from .env.test -- tip: ÔÜÖ´©Å  specify custom .env file path with { path: '/custom/path/.env' }

      at _log (node_modules/.pnpm/dotenv@17.2.3/node_modules/dotenv/lib/main.js:142:11)

    console.log
      ­ƒøí´©Å [jest.setup] Removendo DATABASE_URL do ambiente de testes (valor n├úo importa)

      at Object.<anonymous> (__tests__/config/jest.setup.js:125:17)

    console.log
      ­ƒøí´©Å [jest.setup] Prote├º├úo do banco de testes ativada - usando: nr-bps_db_test

      at Object.<anonymous> (__tests__/config/jest.setup.js:150:13)

RBAC seed applied to test database
RBAC seed applied to test database
RBAC seed applied to test database
PASS __tests__/api/rh/liberar-lote-permissions.test.ts
  ÔùÅ Console

    console.log
      [dotenv@17.2.3] injecting env (0) from .env.test -- tip: ­ƒùé´©Å backup and recover secrets: https://dotenvx.com/ops

      at _log (node_modules/.pnpm/dotenv@17.2.3/node_modules/dotenv/lib/main.js:142:11)

    console.log
      ­ƒøí´©Å [jest.setup] Removendo DATABASE_URL do ambiente de testes (valor n├úo importa)

      at Object.<anonymous> (__tests__/config/jest.setup.js:125:17)

    console.log
      ­ƒøí´©Å [jest.setup] Prote├º├úo do banco de testes ativada - usando: nr-bps_db_test

      at Object.<anonymous> (__tests__/config/jest.setup.js:150:13)

    console.log
      [DEBUG] requireRHWithEmpresaAccess falhou: Error: Acesso negado
          at Object.<anonymous> (C:\apps\QWork\__tests__\api\rh\liberar-lote-permissions.test.ts:72:7)
          at Promise.finally.completed (C:\apps\QWork\node_modules\.pnpm\jest-circus@30.2.0\node_modules\jest-circus\build\jestAdapterInit.js:1557:28)
          at new Promise (<anonymous>)
          at callAsyncCircusFn (C:\apps\QWork\node_modules\.pnpm\jest-circus@30.2.0\node_modules\jest-circus\build\jestAdapterInit.js:1497:10)
          at _callCircusTest (C:\apps\QWork\node_modules\.pnpm\jest-circus@30.2.0\node_modules\jest-circus\build\jestAdapterInit.js:1007:40)
          at processTicksAndRejections (node:internal/process/task_queues:105:5)
          at _runTest (C:\apps\QWork\node_modules\.pnpm\jest-circus@30.2.0\node_modules\jest-circus\build\jestAdapterInit.js:947:3)
          at C:\apps\QWork\node_modules\.pnpm\jest-circus@30.2.0\node_modules\jest-circus\build\jestAdapterInit.js:849:7
          at _runTestsForDescribeBlock (C:\apps\QWork\node_modules\.pnpm\jest-circus@30.2.0\node_modules\jest-circus\build\jestAdapterInit.js:862:11)
          at _runTestsForDescribeBlock (C:\apps\QWork\node_modules\.pnpm\jest-circus@30.2.0\node_modules\jest-circus\build\jestAdapterInit.js:857:11)
          at run (C:\apps\QWork\node_modules\.pnpm\jest-circus@30.2.0\node_modules\jest-circus\build\jestAdapterInit.js:761:3)
          at runAndTransformResultsToJestFormat (C:\apps\QWork\node_modules\.pnpm\jest-circus@30.2.0\node_modules\jest-circus\build\jestAdapterInit.js:1918:21)
          at jestAdapter (C:\apps\QWork\node_modules\.pnpm\jest-circus@30.2.0\node_modules\jest-circus\build\runner.js:101:19)
          at runTestInternal (C:\apps\QWork\node_modules\.pnpm\jest-runner@30.2.0\node_modules\jest-runner\build\testWorker.js:275:16)
          at runTest (C:\apps\QWork\node_modules\.pnpm\jest-runner@30.2.0\node_modules\jest-runner\build\testWorker.js:343:7)
          at Object.worker (C:\apps\QWork\node_modules\.pnpm\jest-runner@30.2.0\node_modules\jest-runner\build\testWorker.js:497:12)

      at log (app/api/rh/liberar-lote/route.ts:150:15)

    console.log
      [INFO] Gerando lote 123 para empresa 7

      at log (app/api/rh/liberar-lote/route.ts:169:13)

    console.log
      [INFO] 0 funcion├írios eleg├¡veis encontrados pela fun├º├úo de ├¡ndice

      at log (app/api/rh/liberar-lote/route.ts:179:13)

    console.log
      [DEBUG] Funcion├írios eleg├¡veis: []

      at log (app/api/rh/liberar-lote/route.ts:182:13)

    console.log
      [DEBUG] Funcion├írios ap├│s todos os filtros: 0

      at log (app/api/rh/liberar-lote/route.ts:249:13)

    console.log
      [DEBUG] DataFiltro: undefined, Tipo: undefined, LoteReferencia: undefined

      at log (app/api/rh/liberar-lote/route.ts:252:13)

PASS __tests__/ui/entidade/lote-relatorio-endpoint.test.ts
  ÔùÅ Console

    console.log
      [dotenv@17.2.3] injecting env (0) from .env.test -- tip: ­ƒæÑ sync secrets across teammates & machines: https://dotenvx.com/ops

      at _log (node_modules/.pnpm/dotenv@17.2.3/node_modules/dotenv/lib/main.js:142:11)

    console.log
      ­ƒøí´©Å [jest.setup] Removendo DATABASE_URL do ambiente de testes (valor n├úo importa)

      at Object.<anonymous> (__tests__/config/jest.setup.js:125:17)

    console.log
      ­ƒøí´©Å [jest.setup] Prote├º├úo do banco de testes ativada - usando: nr-bps_db_test

      at Object.<anonymous> (__tests__/config/jest.setup.js:150:13)

PASS __tests__/api/auth/login-compat.test.ts
  ÔùÅ Console

    console.log
      [dotenv@17.2.3] injecting env (0) from .env.test -- tip: ­ƒùé´©Å backup and recover secrets: https://dotenvx.com/ops

      at _log (node_modules/.pnpm/dotenv@17.2.3/node_modules/dotenv/lib/main.js:142:11)

    console.log
      ­ƒøí´©Å [jest.setup] Removendo DATABASE_URL do ambiente de testes (valor n├úo importa)

      at Object.<anonymous> (__tests__/config/jest.setup.js:125:17)

    console.log
      ­ƒøí´©Å [jest.setup] Prote├º├úo do banco de testes ativada - usando: nr-bps_db_test

      at Object.<anonymous> (__tests__/config/jest.setup.js:150:13)

    console.log
      Database info: { environment: 'test' }

      at log (app/api/auth/login/route.ts:29:13)

    console.log
      [LOGIN] Buscando usu├írio CPF 04703084945 em funcionarios...

      at log (app/api/auth/login/route.ts:46:13)

    console.log
      [LOGIN] N├úo encontrado em funcionarios; buscando em usuarios...

      at log (app/api/auth/login/route.ts:91:15)

    console.log
      [LOGIN] Usu├írio encontrado em usuarios: {
        cpf: '04703084945',
        tipo: 'gestor',
        clinica_id: null,
        entidade_id: 10,
        ativo: true
      }

      at log (app/api/auth/login/route.ts:111:15)

    console.log
      [LOGIN] Usu├írio encontrado: {
        cpf: '04703084945',
        tipo: 'gestor',
        clinica_id: null,
        entidade_id: 10,
        ativo: true
      }

      at log (app/api/auth/login/route.ts:119:13)

    console.log
      [LOGIN] Buscando senha de gestor em entidades_senhas...

      at log (app/api/auth/login/route.ts:166:15)

    console.log
      [LOGIN] Comparando senha contra hash...

      at log (app/api/auth/login/route.ts:437:15)

    console.log
      [LOGIN] Senha v├ílida: true

      at log (app/api/auth/login/route.ts:439:15)

    console.log
      [LOGIN] Sess├úo criada para gestor

      at log (app/api/auth/login/route.ts:509:13)

    console.log
      Database info: { environment: 'test' }

      at log (app/api/auth/login/route.ts:29:13)

    console.log
      [LOGIN] Buscando usu├írio CPF 04703084945 em funcionarios...

      at log (app/api/auth/login/route.ts:46:13)

    console.log
      [LOGIN] N├úo encontrado em funcionarios; buscando em usuarios...

      at log (app/api/auth/login/route.ts:91:15)

    console.log
      [LOGIN] Usu├írio encontrado em usuarios: {
        cpf: '04703084945',
        tipo: 'gestor',
        clinica_id: null,
        entidade_id: 10,
        ativo: true
      }

      at log (app/api/auth/login/route.ts:111:15)

    console.log
      [LOGIN] Usu├írio encontrado: {
        cpf: '04703084945',
        tipo: 'gestor',
        clinica_id: null,
        entidade_id: 10,
        ativo: true
      }

      at log (app/api/auth/login/route.ts:119:13)

    console.log
      [LOGIN] Buscando senha de gestor em entidades_senhas...

      at log (app/api/auth/login/route.ts:166:15)

    console.log
      [LOGIN] Comparando senha contra hash...

      at log (app/api/auth/login/route.ts:437:15)

    console.log
      [LOGIN] Senha v├ílida: true

      at log (app/api/auth/login/route.ts:439:15)

    console.log
      [LOGIN] Sess├úo criada para gestor

      at log (app/api/auth/login/route.ts:509:13)

RBAC seed applied to test database
RBAC seed applied to test database
FAIL __tests__/api/jobs/process-pdf.test.ts
  ÔùÅ Console

    console.log
      [dotenv@17.2.3] injecting env (0) from .env.test -- tip: ­ƒöÉ encrypt with Dotenvx: https://dotenvx.com

      at _log (node_modules/.pnpm/dotenv@17.2.3/node_modules/dotenv/lib/main.js:142:11)

    console.log
      ­ƒøí´©Å [jest.setup] Removendo DATABASE_URL do ambiente de testes (valor n├úo importa)

      at Object.<anonymous> (__tests__/config/jest.setup.js:125:17)

    console.log
      ­ƒøí´©Å [jest.setup] Prote├º├úo do banco de testes ativada - usando: nr-bps_db_test

      at Object.<anonymous> (__tests__/config/jest.setup.js:150:13)

    console.log
      ­ƒöî [lib/db.ts] Conectado ao banco: nr-bps_db_test @ localhost (ambiente: test)

      at Object.log (lib/db.ts:673:15)

  ÔùÅ POST /api/jobs/process-pdf ÔÇ║ deve processar jobs pendentes com sucesso

    expect(received).toBe(expected) // Object.is equality

    Expected: true
    Received: undefined

      60 |     const body = await res.json();
      61 |
    > 62 |     expect(body.success).toBe(true);
         |                          ^
      63 |     expect(body.processed).toBe(1);
      64 |     expect(body.succeeded).toBe(1);
      65 |     expect(body.failed).toBe(0);

      at Object.toBe (__tests__/api/jobs/process-pdf.test.ts:62:26)

  ÔùÅ POST /api/jobs/process-pdf ÔÇ║ deve retornar sucesso quando n├úo h├í jobs pendentes

    expect(received).toBe(expected) // Object.is equality

    Expected: true
    Received: undefined

      86 |     const body = await res.json();
      87 |
    > 88 |     expect(body.success).toBe(true);
         |                          ^
      89 |     expect(body.processed).toBe(0);
      90 |   });
      91 |

      at Object.toBe (__tests__/api/jobs/process-pdf.test.ts:88:26)

  ÔùÅ POST /api/jobs/process-pdf ÔÇ║ deve marcar job como falho e registrar auditoria em caso de erro

    expect(received).toBe(expected) // Object.is equality

    Expected: true
    Received: undefined

      117 |     const body = await res.json();
      118 |
    > 119 |     expect(body.success).toBe(true);
          |                          ^
      120 |     expect(body.processed).toBe(1);
      121 |     expect(body.failed).toBe(1);
      122 |     expect(mockedPdfService.markJobFailed).toHaveBeenCalled();

      at Object.toBe (__tests__/api/jobs/process-pdf.test.ts:119:26)

RBAC seed applied to test database
RBAC seed applied to test database
RBAC seed applied to test database
RBAC seed applied to test database
PASS __tests__/lib/validators.test.ts
  ÔùÅ Console

    console.log
      [dotenv@17.2.3] injecting env (0) from .env.test -- tip: ÔÜÖ´©Å  load multiple .env files with { path: ['.env.local', '.env'] }

      at _log (node_modules/.pnpm/dotenv@17.2.3/node_modules/dotenv/lib/main.js:142:11)

    console.log
      ­ƒøí´©Å [jest.setup] Removendo DATABASE_URL do ambiente de testes (valor n├úo importa)

      at Object.<anonymous> (__tests__/config/jest.setup.js:125:17)

    console.log
      ­ƒøí´©Å [jest.setup] Prote├º├úo do banco de testes ativada - usando: nr-bps_db_test

      at Object.<anonymous> (__tests__/config/jest.setup.js:150:13)

PASS __tests__/api/entidade/account-info.test.ts
  ÔùÅ Console

    console.log
      [dotenv@17.2.3] injecting env (0) from .env.test -- tip: ­ƒæÑ sync secrets across teammates & machines: https://dotenvx.com/ops

      at _log (node_modules/.pnpm/dotenv@17.2.3/node_modules/dotenv/lib/main.js:142:11)

    console.log
      ­ƒøí´©Å [jest.setup] Removendo DATABASE_URL do ambiente de testes (valor n├úo importa)

      at Object.<anonymous> (__tests__/config/jest.setup.js:125:17)

    console.log
      ­ƒøí´©Å [jest.setup] Prote├º├úo do banco de testes ativada - usando: nr-bps_db_test

      at Object.<anonymous> (__tests__/config/jest.setup.js:150:13)

FAIL __tests__/lib/recalculo-emissao-inativadas.test.ts
  ÔùÅ Console

    console.log
      [dotenv@17.2.3] injecting env (0) from .env.test -- tip: ­ƒøá´©Å  run anywhere with `dotenvx run -- yourcommand`

      at _log (node_modules/.pnpm/dotenv@17.2.3/node_modules/dotenv/lib/main.js:142:11)

    console.log
      ­ƒøí´©Å [jest.setup] Removendo DATABASE_URL do ambiente de testes (valor n├úo importa)

      at Object.<anonymous> (__tests__/config/jest.setup.js:125:17)

    console.log
      ­ƒøí´©Å [jest.setup] Prote├º├úo do banco de testes ativada - usando: nr-bps_db_test

      at Object.<anonymous> (__tests__/config/jest.setup.js:150:13)

    console.log
      ­ƒöî [lib/db.ts] Conectado ao banco: nr-bps_db_test @ localhost (ambiente: test)

      at Object.log (lib/db.ts:673:15)

    console.log
      [DEBUG] recalcularStatusLote chamado para avaliacaoId: 1001

      at log (lib/lotes.ts:226:11)

    console.log
      [DEBUG] Lote encontrado: 42

      at log (lib/lotes.ts:241:11)

    console.log
      [DEBUG] recalcularStatusLotePorId chamado para loteId: 42

      at log (lib/lotes.ts:26:11)

    console.log
      [DEBUG] recalcularStatusLotePorId chamado para loteId: 77

      at log (lib/lotes.ts:26:11)

    console.log
      [DEBUG] recalcularStatusLotePorId chamado para loteId: 99

      at log (lib/lotes.ts:26:11)

  ÔùÅ Recalculo de status (sem emiss├úo autom├ítica) ÔÇ║ deve marcar lote como conclu├¡do quando ativas=concluidas>0 (inativadas presentes)

    SEGURAN├çA: Sess├úo n├úo encontrada para transa├º├úo

      415 |
      416 |   if (!session) {
    > 417 |     throw new Error('SEGURAN├çA: Sess├úo n├úo encontrada para transa├º├úo');
          |           ^
      418 |   }
      419 |
      420 |   // Validar e sanitizar valores

      at transactionWithContext (lib/db-security.ts:417:11)
      at recalcularStatusLotePorId (lib/lotes.ts:31:38)
      at recalcularStatusLotePorId (lib/lotes.ts:244:16)
      at Object.<anonymous> (__tests__/lib/recalculo-emissao-inativadas.test.ts:56:5)

  ÔùÅ Recalculo de status (sem emiss├úo autom├ítica) ÔÇ║ recalcularStatusLotePorId deve marcar conclu├¡do quando (concluidas + inativadas) = total

    SEGURAN├çA: Sess├úo n├úo encontrada para transa├º├úo

      415 |
      416 |   if (!session) {
    > 417 |     throw new Error('SEGURAN├çA: Sess├úo n├úo encontrada para transa├º├úo');
          |           ^
      418 |   }
      419 |
      420 |   // Validar e sanitizar valores

      at transactionWithContext (lib/db-security.ts:417:11)
      at recalcularStatusLotePorId (lib/lotes.ts:31:38)
      at Object.<anonymous> (__tests__/lib/recalculo-emissao-inativadas.test.ts:98:48)

  ÔùÅ Recalculo de status (sem emiss├úo autom├ítica) ÔÇ║ deve cancelar lote se todas avalia├º├Áes forem inativadas (ativas = 0)

    SEGURAN├çA: Sess├úo n├úo encontrada para transa├º├úo

      415 |
      416 |   if (!session) {
    > 417 |     throw new Error('SEGURAN├çA: Sess├úo n├úo encontrada para transa├º├úo');
          |           ^
      418 |   }
      419 |
      420 |   // Validar e sanitizar valores

      at transactionWithContext (lib/db-security.ts:417:11)
      at recalcularStatusLotePorId (lib/lotes.ts:31:38)
      at Object.<anonymous> (__tests__/lib/recalculo-emissao-inativadas.test.ts:130:48)

FAIL __tests__/clinica/clinica-spa-integration.test.tsx
  ÔùÅ Console

    console.log
      [dotenv@17.2.3] injecting env (0) from .env.test -- tip: ­ƒôí add observability to secrets: https://dotenvx.com/ops

      at _log (node_modules/.pnpm/dotenv@17.2.3/node_modules/dotenv/lib/main.js:142:11)

    console.log
      ­ƒøí´©Å [jest.setup] Removendo DATABASE_URL do ambiente de testes (valor n├úo importa)

      at Object.<anonymous> (__tests__/config/jest.setup.js:125:17)

    console.log
      ­ƒøí´©Å [jest.setup] Prote├º├úo do banco de testes ativada - usando: nr-bps_db_test

      at Object.<anonymous> (__tests__/config/jest.setup.js:150:13)

  ÔùÅ ClinicaSidebar Route-based Navigation ÔÇ║ renders sidebar with correct navigation structure

    TestingLibraryElementError: Unable to find an element with the text: Lotes. This could be because the text is broken up by multiple elements. In this case, you can provide a function for your text matcher to make your matcher more flexible.

    Ignored nodes: comments, script, style
    <body>
      <div>
        <div
          class="h-screen bg-white border-r border-gray-200 flex flex-col transition-all w-64"
        >
          <div
            class="p-4 border-b border-gray-200"
          >
            <div
              class="flex items-center justify-between"
            >
              <div>
                <h1
                  class="text-lg font-bold text-gray-800"
                >
                  QWork
                </h1>
                <p
                  class="text-xs text-gray-500"
                >
                  Painel Cl├¡nica
                </p>
              </div>
              <button
                class="p-2 hover:bg-gray-100 rounded-md transition-colors"
                title="Recolher menu"
              >
                <span />
              </button>
            </div>
          </div>
          <div
            class="p-4 border-b border-gray-200 bg-gray-50"
          >
            <div
              class="flex items-center gap-3"
            >
              <div
                class="w-10 h-10 rounded-full bg-primary-100 flex items-center justify-center"
              >
                <span
                  class="text-primary-600"
                >
                  ­ƒÅÑ
                </span>
              </div>
              <div
                class="flex-1 min-w-0"
              >
                <p
                  class="text-sm font-semibold text-gray-800 truncate"
                >
                  Jo├úo Silva
                </p>
                <p
                  class="text-xs text-gray-500"
                >
                  Gestor de Cl├¡nica
                </p>
              </div>
            </div>
          </div>
          <nav
            class="flex-1 overflow-y-auto py-4"
          >
            <button
              class="w-full flex items-center justify-between px-4 py-3 text-left transition-colors text-gray-700 hover:bg-gray-100 border-l-4 border-transparent"
            >
              <div
                class="flex items-center gap-3"
              >
                <svg
                  aria-hidden="true"
                  class="lucide lucide-building2 lucide-building-2"
                  fill="none"
                  height="20"
                  stroke="currentColor"
                  stroke-linecap="round"
                  stroke-linejoin="round"
                  stroke-width="2"
                  viewBox="0 0 24 24"
                  width="20"
                  xmlns="http://www.w3.org/2000/svg"
                >
                  <path
                    d="M10 12h4"
                  />
                  <path
                    d="M10 8h4"
                  />
                  <path
                    d="M14 21v-3a2 2 0 0 0-4 0v3"
                  />
                  <path
                    d="M6 10H4a2 2 0 0 0-2 2v7a2 2 0 0 0 2 2h16a2 2 0 0 0 2-2V9a2 2 0 0 0-2-2h-2"
                  />
                  <path
                    d="M6 21V5a2 2 0 0 1 2-2h8a2 2 0 0 1 2 2v16"
                  />
                </svg>
                <span
                  class="font-medium"
                >
                  Empresas Clientes
                </span>
                <span
                  class="ml-2 px-2 py-0.5 text-xs rounded-full bg-primary-500 text-white"
                >
                  5
                </span>
              </div>
            </button>
            <button
              class="w-full flex items-center justify-between px-4 py-3 text-left transition-colors text-gray-700 hover:bg-gray-100 border-l-4 border-transparent"
            >
              <div
                class="flex items-center gap-3"
              >
                <svg
                  aria-hidden="true"
                  class="lucide lucide-bell"
                  fill="none"
                  height="20"
                  stroke="currentColor"
                  stroke-linecap="round"
                  stroke-linejoin="round"
                  stroke-width="2"
                  viewBox="0 0 24 24"
                  width="20"
                  xmlns="http://www.w3.org/2000/svg"
                >
                  <path
                    d="M10.268 21a2 2 0 0 0 3.464 0"
                  />
                  <path
                    d="M3.262 15.326A1 1 0 0 0 4 17h16a1 1 0 0 0 .74-1.673C19.41 13.956 18 12.499 18 8A6 6 0 0 0 6 8c0 4.499-1.411 5.956-2.738 7.326"
                  />
                </svg>
                <span
                  class="font-medium"
                >
                  Notifica├º├Áes
                </span>
                <span
                  class="ml-2 px-2 py-0.5 text-xs rounded-full bg-primary-500 text-white"
                >
                  5
                </span>
              </div>
            </button>
            <button
              class="w-full flex items-center justify-between px-4 py-3 text-left transition-colors text-gray-700 hover:bg-gray-100 border-l-4 border-transparent"
            >
              <div
                class="flex items-center gap-3"
              >
                <svg
                  aria-hidden="true"
                  class="lucide lucide-user"
                  fill="none"
                  height="20"
                  stroke="currentColor"
                  stroke-linecap="round"
                  stroke-linejoin="round"
                  stroke-width="2"
                  viewBox="0 0 24 24"
                  width="20"
                  xmlns="http://www.w3.org/2000/svg"
                >
                  <path
                    d="M19 21v-2a4 4 0 0 0-4-4H9a4 4 0 0 0-4 4v2"
                  />
                  <circle
                    cx="12"
                    cy="7"
                    r="4"
                  />
                </svg>
                <span
                  class="font-medium"
                >
                  Informa├º├Áes da Conta
                </span>
              </div>
            </button>
            <div
              class="my-4 border-t border-gray-200"
            />
            <div
              class="mt-2 px-4"
            >
              <button
                class="w-full flex items-center gap-3 px-4 py-3 text-red-600 hover:bg-red-50 rounded-md transition-colors"
              >
                <svg
                  aria-hidden="true"
                  class="lucide lucide-log-out"
                  fill="none"
                  height="20"
                  stroke="currentColor"
                  stroke-linecap="round"
                  stroke-linejoin="round"
                  stroke-width="2"
                  viewBox="0 0 24 24"
                  width="20"
                  xmlns="http://www.w3.org/2000/svg"
                >
                  <path
                    d="m16 17 5-5-5-5"
                  />
                  <path
                    d="M21 12H9"
                  />
                  <path
                    d="M9 21H5a2 2 0 0 1-2-2V5a2 2 0 0 1 2-2h4"
                  />
                </svg>
                <span
                  class="font-medium"
                >
                  Sair
                </span>
              </button>
            </div>
          </nav>
        </div>
      </div>
    </body>

      52 |     expect(screen.getByText('Empresas Clientes')).toBeInTheDocument();
      53 |     expect(screen.getByText('Notifica├º├Áes')).toBeInTheDocument(); // Se├º├úo
    > 54 |     expect(screen.getByText('Lotes')).toBeInTheDocument();
         |                   ^
      55 |     expect(screen.getByText('Laudos')).toBeInTheDocument();
      56 |     expect(screen.getByText('Informa├º├Áes da Conta')).toBeInTheDocument();
      57 |   });

      at Object.getElementError (node_modules/.pnpm/@testing-library+dom@10.4.1/node_modules/@testing-library/dom/dist/config.js:37:19)
      at node_modules/.pnpm/@testing-library+dom@10.4.1/node_modules/@testing-library/dom/dist/query-helpers.js:76:38
      at node_modules/.pnpm/@testing-library+dom@10.4.1/node_modules/@testing-library/dom/dist/query-helpers.js:52:17
      at node_modules/.pnpm/@testing-library+dom@10.4.1/node_modules/@testing-library/dom/dist/query-helpers.js:95:19
      at Object.getByText (__tests__/clinica/clinica-spa-integration.test.tsx:54:19)

  ÔùÅ ClinicaSidebar Route-based Navigation ÔÇ║ highlights active section based on current pathname

    expect(element).toHaveClass("bg-primary-100")

    Expected the element to have class:
      bg-primary-100
    Received:
      w-full flex items-center justify-between px-4 py-3 text-left transition-colors text-gray-700 hover:bg-gray-100 border-l-4 border-transparent

      63 |       .getByText('Empresas Clientes')
      64 |       .closest('button');
    > 65 |     expect(empresasButton).toHaveClass('bg-primary-100');
         |                            ^
      66 |     expect(empresasButton).toHaveClass('text-primary-600');
      67 |   });
      68 |

      at Object.toHaveClass (__tests__/clinica/clinica-spa-integration.test.tsx:65:28)

  ÔùÅ ClinicaSidebar Route-based Navigation ÔÇ║ navigates to correct routes when clicking menu items

    TestingLibraryElementError: Unable to find an element with the text: Lotes. This could be because the text is broken up by multiple elements. In this case, you can provide a function for your text matcher to make your matcher more flexible.

    Ignored nodes: comments, script, style
    <body>
      <div>
        <div
          class="h-screen bg-white border-r border-gray-200 flex flex-col transition-all w-64"
        >
          <div
            class="p-4 border-b border-gray-200"
          >
            <div
              class="flex items-center justify-between"
            >
              <div>
                <h1
                  class="text-lg font-bold text-gray-800"
                >
                  QWork
                </h1>
                <p
                  class="text-xs text-gray-500"
                >
                  Painel Cl├¡nica
                </p>
              </div>
              <button
                class="p-2 hover:bg-gray-100 rounded-md transition-colors"
                title="Recolher menu"
              >
                <span />
              </button>
            </div>
          </div>
          <div
            class="p-4 border-b border-gray-200 bg-gray-50"
          >
            <div
              class="flex items-center gap-3"
            >
              <div
                class="w-10 h-10 rounded-full bg-primary-100 flex items-center justify-center"
              >
                <span
                  class="text-primary-600"
                >
                  ­ƒÅÑ
                </span>
              </div>
              <div
                class="flex-1 min-w-0"
              >
                <p
                  class="text-sm font-semibold text-gray-800 truncate"
                >
                  Jo├úo Silva
                </p>
                <p
                  class="text-xs text-gray-500"
                >
                  Gestor de Cl├¡nica
                </p>
              </div>
            </div>
          </div>
          <nav
            class="flex-1 overflow-y-auto py-4"
          >
            <button
              class="w-full flex items-center justify-between px-4 py-3 text-left transition-colors text-gray-700 hover:bg-gray-100 border-l-4 border-transparent"
            >
              <div
                class="flex items-center gap-3"
              >
                <svg
                  aria-hidden="true"
                  class="lucide lucide-building2 lucide-building-2"
                  fill="none"
                  height="20"
                  stroke="currentColor"
                  stroke-linecap="round"
                  stroke-linejoin="round"
                  stroke-width="2"
                  viewBox="0 0 24 24"
                  width="20"
                  xmlns="http://www.w3.org/2000/svg"
                >
                  <path
                    d="M10 12h4"
                  />
                  <path
                    d="M10 8h4"
                  />
                  <path
                    d="M14 21v-3a2 2 0 0 0-4 0v3"
                  />
                  <path
                    d="M6 10H4a2 2 0 0 0-2 2v7a2 2 0 0 0 2 2h16a2 2 0 0 0 2-2V9a2 2 0 0 0-2-2h-2"
                  />
                  <path
                    d="M6 21V5a2 2 0 0 1 2-2h8a2 2 0 0 1 2 2v16"
                  />
                </svg>
                <span
                  class="font-medium"
                >
                  Empresas Clientes
                </span>
                <span
                  class="ml-2 px-2 py-0.5 text-xs rounded-full bg-primary-500 text-white"
                >
                  5
                </span>
              </div>
            </button>
            <button
              class="w-full flex items-center justify-between px-4 py-3 text-left transition-colors text-gray-700 hover:bg-gray-100 border-l-4 border-transparent"
            >
              <div
                class="flex items-center gap-3"
              >
                <svg
                  aria-hidden="true"
                  class="lucide lucide-bell"
                  fill="none"
                  height="20"
                  stroke="currentColor"
                  stroke-linecap="round"
                  stroke-linejoin="round"
                  stroke-width="2"
                  viewBox="0 0 24 24"
                  width="20"
                  xmlns="http://www.w3.org/2000/svg"
                >
                  <path
                    d="M10.268 21a2 2 0 0 0 3.464 0"
                  />
                  <path
                    d="M3.262 15.326A1 1 0 0 0 4 17h16a1 1 0 0 0 .74-1.673C19.41 13.956 18 12.499 18 8A6 6 0 0 0 6 8c0 4.499-1.411 5.956-2.738 7.326"
                  />
                </svg>
                <span
                  class="font-medium"
                >
                  Notifica├º├Áes
                </span>
                <span
                  class="ml-2 px-2 py-0.5 text-xs rounded-full bg-primary-500 text-white"
                >
                  5
                </span>
              </div>
            </button>
            <button
              class="w-full flex items-center justify-between px-4 py-3 text-left transition-colors text-gray-700 hover:bg-gray-100 border-l-4 border-transparent"
            >
              <div
                class="flex items-center gap-3"
              >
                <svg
                  aria-hidden="true"
                  class="lucide lucide-user"
                  fill="none"
                  height="20"
                  stroke="currentColor"
                  stroke-linecap="round"
                  stroke-linejoin="round"
                  stroke-width="2"
                  viewBox="0 0 24 24"
                  width="20"
                  xmlns="http://www.w3.org/2000/svg"
                >
                  <path
                    d="M19 21v-2a4 4 0 0 0-4-4H9a4 4 0 0 0-4 4v2"
                  />
                  <circle
                    cx="12"
                    cy="7"
                    r="4"
                  />
                </svg>
                <span
                  class="font-medium"
                >
                  Informa├º├Áes da Conta
                </span>
              </div>
            </button>
            <div
              class="my-4 border-t border-gray-200"
            />
            <div
              class="mt-2 px-4"
            >
              <button
                class="w-full flex items-center gap-3 px-4 py-3 text-red-600 hover:bg-red-50 rounded-md transition-colors"
              >
                <svg
                  aria-hidden="true"
                  class="lucide lucide-log-out"
                  fill="none"
                  height="20"
                  stroke="currentColor"
                  stroke-linecap="round"
                  stroke-linejoin="round"
                  stroke-width="2"
                  viewBox="0 0 24 24"
                  width="20"
                  xmlns="http://www.w3.org/2000/svg"
                >
                  <path
                    d="m16 17 5-5-5-5"
                  />
                  <path
                    d="M21 12H9"
                  />
                  <path
                    d="M9 21H5a2 2 0 0 1-2-2V5a2 2 0 0 1 2-2h4"
                  />
                </svg>
                <span
                  class="font-medium"
                >
                  Sair
                </span>
              </button>
            </div>
          </nav>
        </div>
      </div>
    </body>

      71 |
      72 |     // Testa navega├º├úo para Lotes
    > 73 |     fireEvent.click(screen.getByText('Lotes'));
         |                            ^
      74 |     expect(mockPush).toHaveBeenCalledWith('/rh/lotes');
      75 |
      76 |     // Testa navega├º├úo para Laudos

      at Object.getElementError (node_modules/.pnpm/@testing-library+dom@10.4.1/node_modules/@testing-library/dom/dist/config.js:37:19)
      at node_modules/.pnpm/@testing-library+dom@10.4.1/node_modules/@testing-library/dom/dist/query-helpers.js:76:38
      at node_modules/.pnpm/@testing-library+dom@10.4.1/node_modules/@testing-library/dom/dist/query-helpers.js:52:17
      at node_modules/.pnpm/@testing-library+dom@10.4.1/node_modules/@testing-library/dom/dist/query-helpers.js:95:19
      at Object.getByText (__tests__/clinica/clinica-spa-integration.test.tsx:73:28)

  ÔùÅ ClinicaSidebar Route-based Navigation ÔÇ║ displays counts correctly in badges

    TestingLibraryElementError: Found multiple elements with the text: 5

    Here are the matching elements:

    Ignored nodes: comments, script, style
    <span
      class="ml-2 px-2 py-0.5 text-xs rounded-full bg-primary-500 text-white"
    >
      5
    </span>

    Ignored nodes: comments, script, style
    <span
      class="ml-2 px-2 py-0.5 text-xs rounded-full bg-primary-500 text-white"
    >
      5
    </span>

    (If this is intentional, then use the `*AllBy*` variant of the query (like `queryAllByText`, `getAllByText`, or `findAllByText`)).

    Ignored nodes: comments, script, style
    <body>
      <div>
        <div
          class="h-screen bg-white border-r border-gray-200 flex flex-col transition-all w-64"
        >
          <div
            class="p-4 border-b border-gray-200"
          >
            <div
              class="flex items-center justify-between"
            >
              <div>
                <h1
                  class="text-lg font-bold text-gray-800"
                >
                  QWork
                </h1>
                <p
                  class="text-xs text-gray-500"
                >
                  Painel Cl├¡nica
                </p>
              </div>
              <button
                class="p-2 hover:bg-gray-100 rounded-md transition-colors"
                title="Recolher menu"
              >
                <span />
              </button>
            </div>
          </div>
          <div
            class="p-4 border-b border-gray-200 bg-gray-50"
          >
            <div
              class="flex items-center gap-3"
            >
              <div
                class="w-10 h-10 rounded-full bg-primary-100 flex items-center justify-center"
              >
                <span
                  class="text-primary-600"
                >
                  ­ƒÅÑ
                </span>
              </div>
              <div
                class="flex-1 min-w-0"
              >
                <p
                  class="text-sm font-semibold text-gray-800 truncate"
                >
                  Jo├úo Silva
                </p>
                <p
                  class="text-xs text-gray-500"
                >
                  Gestor de Cl├¡nica
                </p>
              </div>
            </div>
          </div>
          <nav
            class="flex-1 overflow-y-auto py-4"
          >
            <button
              class="w-full flex items-center justify-between px-4 py-3 text-left transition-colors text-gray-700 hover:bg-gray-100 border-l-4 border-transparent"
            >
              <div
                class="flex items-center gap-3"
              >
                <svg
                  aria-hidden="true"
                  class="lucide lucide-building2 lucide-building-2"
                  fill="none"
                  height="20"
                  stroke="currentColor"
                  stroke-linecap="round"
                  stroke-linejoin="round"
                  stroke-width="2"
                  viewBox="0 0 24 24"
                  width="20"
                  xmlns="http://www.w3.org/2000/svg"
                >
                  <path
                    d="M10 12h4"
                  />
                  <path
                    d="M10 8h4"
                  />
                  <path
                    d="M14 21v-3a2 2 0 0 0-4 0v3"
                  />
                  <path
                    d="M6 10H4a2 2 0 0 0-2 2v7a2 2 0 0 0 2 2h16a2 2 0 0 0 2-2V9a2 2 0 0 0-2-2h-2"
                  />
                  <path
                    d="M6 21V5a2 2 0 0 1 2-2h8a2 2 0 0 1 2 2v16"
                  />
                </svg>
                <span
                  class="font-medium"
                >
                  Empresas Clientes
                </span>
                <span
                  class="ml-2 px-2 py-0.5 text-xs rounded-full bg-primary-500 text-white"
                >
                  5
                </span>
              </div>
            </button>
            <button
              class="w-full flex items-center justify-between px-4 py-3 text-left transition-colors text-gray-700 hover:bg-gray-100 border-l-4 border-transparent"
            >
              <div
                class="flex items-center gap-3"
              >
                <svg
                  aria-hidden="true"
                  class="lucide lucide-bell"
                  fill="none"
                  height="20"
                  stroke="currentColor"
                  stroke-linecap="round"
                  stroke-linejoin="round"
                  stroke-width="2"
                  viewBox="0 0 24 24"
                  width="20"
                  xmlns="http://www.w3.org/2000/svg"
                >
                  <path
                    d="M10.268 21a2 2 0 0 0 3.464 0"
                  />
                  <path
                    d="M3.262 15.326A1 1 0 0 0 4 17h16a1 1 0 0 0 .74-1.673C19.41 13.956 18 12.499 18 8A6 6 0 0 0 6 8c0 4.499-1.411 5.956-2.738 7.326"
                  />
                </svg>
                <span
                  class="font-medium"
                >
                  Notifica├º├Áes
                </span>
                <span
                  class="ml-2 px-2 py-0.5 text-xs rounded-full bg-primary-500 text-white"
                >
                  5
                </span>
              </div>
            </button>
            <button
              class="w-full flex items-center justify-between px-4 py-3 text-left transition-colors text-gray-700 hover:bg-gray-100 border-l-4 border-transparent"
            >
              <div
                class="flex items-center gap-3"
              >
                <svg
                  aria-hidden="true"
                  class="lucide lucide-user"
                  fill="none"
                  height="20"
                  stroke="currentColor"
                  stroke-linecap="round"
                  stroke-linejoin="round"
                  stroke-width="2"
                  viewBox="0 0 24 24"
                  width="20"
                  xmlns="http://www.w3.org/2000/svg"
                >
                  <path
                    d="M19 21v-2a4 4 0 0 0-4-4H9a4 4 0 0 0-4 4v2"
                  />
                  <circle
                    cx="12"
                    cy="7"
                    r="4"
                  />
                </svg>
                <span
                  class="font-medium"
                >
                  Informa├º├Áes da Conta
                </span>
              </div>
            </button>
            <div
              class="my-4 border-t border-gray-200"
            />
            <div
              class="mt-2 px-4"
            >
              <button
                class="w-full flex items-center gap-3 px-4 py-3 text-red-600 hover:bg-red-50 rounded-md transition-colors"
              >
                <svg
                  aria-hidden="true"
                  class="lucide lucide-log-out"
                  fill="none"
                  height="20"
                  stroke="currentColor"
                  stroke-linecap="round"
                  stroke-linejoin="round"
                  stroke-width="2"
                  viewBox="0 0 24 24"
                  width="20"
                  xmlns="http://www.w3.org/2000/svg"
                >
                  <path
                    d="m16 17 5-5-5-5"
                  />
                  <path
                    d="M21 12H9"
                  />
                  <path
                    d="M9 21H5a2 2 0 0 1-2-2V5a2 2 0 0 1 2-2h4"
                  />
                </svg>
                <span
                  class="font-medium"
                >
                  Sair
                </span>
              </button>
            </div>
          </nav>
        </div>
      </div>
    </body>

      100 |     render(<ClinicaSidebar {...defaultProps} />);
      101 |
    > 102 |     expect(screen.getByText('5')).toBeInTheDocument(); // empresas
          |                   ^
      103 |     expect(screen.getByText('3')).toBeInTheDocument(); // lotes
      104 |     expect(screen.getByText('2')).toBeInTheDocument(); // laudos
      105 |   });

      at Object.getElementError (node_modules/.pnpm/@testing-library+dom@10.4.1/node_modules/@testing-library/dom/dist/config.js:37:19)
      at getElementError (node_modules/.pnpm/@testing-library+dom@10.4.1/node_modules/@testing-library/dom/dist/query-helpers.js:20:35)
      at getMultipleElementsFoundError (node_modules/.pnpm/@testing-library+dom@10.4.1/node_modules/@testing-library/dom/dist/query-helpers.js:23:10)
      at node_modules/.pnpm/@testing-library+dom@10.4.1/node_modules/@testing-library/dom/dist/query-helpers.js:55:13
      at node_modules/.pnpm/@testing-library+dom@10.4.1/node_modules/@testing-library/dom/dist/query-helpers.js:95:19
      at Object.getByText (__tests__/clinica/clinica-spa-integration.test.tsx:102:19)

PASS __tests__/hooks/useReprocessarLaudo.test.tsx
  ÔùÅ Console

    console.log
      [dotenv@17.2.3] injecting env (0) from .env.test -- tip: ­ƒøá´©Å  run anywhere with `dotenvx run -- yourcommand`

      at _log (node_modules/.pnpm/dotenv@17.2.3/node_modules/dotenv/lib/main.js:142:11)

    console.log
      ­ƒøí´©Å [jest.setup] Removendo DATABASE_URL do ambiente de testes (valor n├úo importa)

      at Object.<anonymous> (__tests__/config/jest.setup.js:125:17)

    console.log
      ­ƒøí´©Å [jest.setup] Prote├º├úo do banco de testes ativada - usando: nr-bps_db_test

      at Object.<anonymous> (__tests__/config/jest.setup.js:150:13)

PASS __tests__/fluxo-pagamento-emissao.test.ts
  ÔùÅ Console

    console.log
      [dotenv@17.2.3] injecting env (0) from .env.test -- tip: ÔÜÖ´©Å  suppress all logs with { quiet: true }

      at _log (node_modules/.pnpm/dotenv@17.2.3/node_modules/dotenv/lib/main.js:142:11)

    console.log
      ­ƒøí´©Å [jest.setup] Removendo DATABASE_URL do ambiente de testes (valor n├úo importa)

      at Object.<anonymous> (__tests__/config/jest.setup.js:125:17)

    console.log
      ­ƒøí´©Å [jest.setup] Prote├º├úo do banco de testes ativada - usando: nr-bps_db_test

      at Object.<anonymous> (__tests__/config/jest.setup.js:150:13)

    console.log
      ­ƒöî [lib/db.ts] Conectado ao banco: nr-bps_db_test @ localhost (ambiente: test)

      at Object.log (lib/db.ts:673:15)

RBAC seed applied to test database
RBAC seed applied to test database
RBAC seed applied to test database
error: desculpe, muitos clientes conectados
    at Parser.parseErrorMessage (C:\apps\QWork\node_modules\.pnpm\pg-protocol@1.10.3\node_modules\pg-protocol\dist\parser.js:285:98)
    at Parser.handlePacket (C:\apps\QWork\node_modules\.pnpm\pg-protocol@1.10.3\node_modules\pg-protocol\dist\parser.js:122:29)
    at Parser.parse (C:\apps\QWork\node_modules\.pnpm\pg-protocol@1.10.3\node_modules\pg-protocol\dist\parser.js:35:38)
    at Socket.<anonymous> (C:\apps\QWork\node_modules\.pnpm\pg-protocol@1.10.3\node_modules\pg-protocol\dist\index.js:11:42)
    at Socket.emit (node:events:508:28)
    at addChunk (node:internal/streams/readable:559:12)
    at readableAddChunkPushByteMode (node:internal/streams/readable:510:3)
    at Readable.push (node:internal/streams/readable:390:5)
    at TCP.onStreamRead (node:internal/stream_base_commons:189:23) {
  length: 90,
  severity: 'FATAL',
  code: '53300',
  detail: undefined,
  hint: undefined,
  position: undefined,
  internalPosition: undefined,
  internalQuery: undefined,
  where: undefined,
  schema: undefined,
  table: undefined,
  column: undefined,
  dataType: undefined,
  constraint: undefined,
  file: 'proc.c',
  line: '357',
  routine: 'InitProcess'
}
RBAC seed applied to test database
PASS __tests__/api/entidade/lote-detalhes-inativacao.test.ts
  ÔùÅ Console

    console.log
      [dotenv@17.2.3] injecting env (0) from .env.test -- tip: ­ƒöÉ prevent building .env in docker: https://dotenvx.com/prebuild

      at _log (node_modules/.pnpm/dotenv@17.2.3/node_modules/dotenv/lib/main.js:142:11)

    console.log
      ­ƒøí´©Å [jest.setup] Removendo DATABASE_URL do ambiente de testes (valor n├úo importa)

      at Object.<anonymous> (__tests__/config/jest.setup.js:125:17)

    console.log
      ­ƒøí´©Å [jest.setup] Prote├º├úo do banco de testes ativada - usando: nr-bps_db_test

      at Object.<anonymous> (__tests__/config/jest.setup.js:150:13)

    console.log
      ­ƒöî [lib/db.ts] Conectado ao banco: nr-bps_db_test @ localhost (ambiente: test)

      at Object.log (lib/db.ts:673:15)

FAIL __tests__/api/rh/laudos-download-remote.test.ts
  ÔùÅ Console

    console.log
      [dotenv@17.2.3] injecting env (0) from .env.test -- tip: ÔÜÖ´©Å  write to custom object with { processEnv: myObject }

      at _log (node_modules/.pnpm/dotenv@17.2.3/node_modules/dotenv/lib/main.js:142:11)

    console.log
      ­ƒøí´©Å [jest.setup] Removendo DATABASE_URL do ambiente de testes (valor n├úo importa)

      at Object.<anonymous> (__tests__/config/jest.setup.js:125:17)

    console.log
      ­ƒøí´©Å [jest.setup] Prote├º├úo do banco de testes ativada - usando: nr-bps_db_test

      at Object.<anonymous> (__tests__/config/jest.setup.js:150:13)

    console.log
      ­ƒöî [lib/db.ts] Conectado ao banco: nr-bps_db_test @ localhost (ambiente: test)

      at Object.log (lib/db.ts:673:15)

    console.log
      [DEBUG] Laudo encontrado: id=30, lote_id=30, status=undefined

      at log (app/api/rh/laudos/[laudoId]/download/route.ts:65:13)

    console.log
      [DEBUG] Laudo encontrado: id=30, lote_id=30, status=undefined

      at log (app/api/rh/laudos/[laudoId]/download/route.ts:65:13)

    console.log
      [DEBUG] Laudo encontrado: id=15, lote_id=31, status=undefined

      at log (app/api/rh/laudos/[laudoId]/download/route.ts:65:13)

  ÔùÅ /api/rh/laudos/[laudoId]/download remote ÔÇ║ deve redirecionar para URL assinada quando metadata remoto existe

    expect(received).toBe(expected) // Object.is equality

    Expected: 307
    Received: 404

      58 |     const res = await GET({} as Request, { params: { laudoId: '30' } } as any);
      59 |
    > 60 |     expect(res.status).toBe(307);
         |                        ^
      61 |     expect(res.headers.get('Location')).toBe(
      62 |       'https://signed.example.com/laudo.pdf'
      63 |     );

      at Object.toBe (__tests__/api/rh/laudos-download-remote.test.ts:60:24)

  ÔùÅ /api/rh/laudos/[laudoId]/download remote ÔÇ║ deve redirecionar usando o ultimo arquivo do lote quando metadata ausente

    expect(received).toBe(expected) // Object.is equality

    Expected: 307
    Received: 404

      90 |
      91 |     const res = await GET({} as Request, { params: { laudoId: '30' } } as any);
    > 92 |     expect(res.status).toBe(307);
         |                        ^
      93 |     expect(res.headers.get('Location')).toBe(
      94 |       'https://signed.example.com/laudo.pdf'
      95 |     );

      at Object.toBe (__tests__/api/rh/laudos-download-remote.test.ts:92:24)

  ÔùÅ /api/rh/laudos/[laudoId]/download remote ÔÇ║ deve retornar 404 quando metadata e objeto remoto estiverem ausentes

    expect(received).toBe(expected) // Object.is equality

    Expected: "Arquivo do laudo n├úo encontrado"
    Received: "Arquivo do laudo n├úo foi enviado ao bucket ainda. Aguarde o emissor fazer upload."

      128 |     expect(res.status).toBe(404);
      129 |     const json = await res.json();
    > 130 |     expect(json.error).toBe('Arquivo do laudo n├úo encontrado');
          |                        ^
      131 |   });
      132 | });
      133 |

      at Object.toBe (__tests__/api/rh/laudos-download-remote.test.ts:130:24)

FAIL __tests__/rh/empresas-page.test.tsx
  ÔùÅ Test suite failed to run

    Cannot find module '../../app/rh/empresas/page' from '__tests__/rh/empresas-page.test.tsx'

      11 | jest.mock('next/navigation', () => ({
      12 |   useRouter: () => mockRouter,
    > 13 |   useSearchParams: () => new URLSearchParams(),
         |                                                      ^
      14 | }));
      15 |
      16 | // Import do componente ap├│s o mock

      at Resolver._throwModNotFoundError (node_modules/.pnpm/jest-resolve@30.2.0/node_modules/jest-resolve/build/index.js:863:11)
      at Object.<anonymous> (__tests__/rh/empresas-page.test.tsx:13:54)

RBAC seed applied to test database
PASS __tests__/styles/print.test.ts
  ÔùÅ Console

    console.log
      [dotenv@17.2.3] injecting env (0) from .env.test -- tip: ­ƒôí add observability to secrets: https://dotenvx.com/ops

      at _log (node_modules/.pnpm/dotenv@17.2.3/node_modules/dotenv/lib/main.js:142:11)

    console.log
      ­ƒøí´©Å [jest.setup] Removendo DATABASE_URL do ambiente de testes (valor n├úo importa)

      at Object.<anonymous> (__tests__/config/jest.setup.js:125:17)

    console.log
      ­ƒøí´©Å [jest.setup] Prote├º├úo do banco de testes ativada - usando: nr-bps_db_test

      at Object.<anonymous> (__tests__/config/jest.setup.js:150:13)

error: desculpe, muitos clientes conectados
    at Parser.parseErrorMessage (C:\apps\QWork\node_modules\.pnpm\pg-protocol@1.10.3\node_modules\pg-protocol\dist\parser.js:285:98)
    at Parser.handlePacket (C:\apps\QWork\node_modules\.pnpm\pg-protocol@1.10.3\node_modules\pg-protocol\dist\parser.js:122:29)
    at Parser.parse (C:\apps\QWork\node_modules\.pnpm\pg-protocol@1.10.3\node_modules\pg-protocol\dist\parser.js:35:38)
    at Socket.<anonymous> (C:\apps\QWork\node_modules\.pnpm\pg-protocol@1.10.3\node_modules\pg-protocol\dist\index.js:11:42)
    at Socket.emit (node:events:508:28)
    at addChunk (node:internal/streams/readable:559:12)
    at readableAddChunkPushByteMode (node:internal/streams/readable:510:3)
    at Readable.push (node:internal/streams/readable:390:5)
    at TCP.onStreamRead (node:internal/stream_base_commons:189:23) {
  length: 90,
  severity: 'FATAL',
  code: '53300',
  detail: undefined,
  hint: undefined,
  position: undefined,
  internalPosition: undefined,
  internalQuery: undefined,
  where: undefined,
  schema: undefined,
  table: undefined,
  column: undefined,
  dataType: undefined,
  constraint: undefined,
  file: 'proc.c',
  line: '357',
  routine: 'InitProcess'
}
RBAC seed applied to test database
RBAC seed applied to test database
PASS __tests__/system/environment-isolation.test.ts
  ÔùÅ Console

    console.log
      [dotenv@17.2.3] injecting env (0) from .env.test -- tip: ­ƒôí add observability to secrets: https://dotenvx.com/ops

      at _log (node_modules/.pnpm/dotenv@17.2.3/node_modules/dotenv/lib/main.js:142:11)

    console.log
      ­ƒøí´©Å [jest.setup] Removendo DATABASE_URL do ambiente de testes (valor n├úo importa)

      at Object.<anonymous> (__tests__/config/jest.setup.js:125:17)

    console.log
      ­ƒøí´©Å [jest.setup] Prote├º├úo do banco de testes ativada - usando: nr-bps_db_test

      at Object.<anonymous> (__tests__/config/jest.setup.js:150:13)

    console.warn
      N├úo foi poss├¡vel aplicar semente RBAC para o banco de teste: Command failed: node ./scripts/seed-test-rbac.cjs

      188 | }));
      189 |
    > 190 | // Mock Next.js server components
          |             ^
      191 | jest.mock('next/server', () => ({
      192 |   NextResponse: class MockNextResponse {
      193 |     constructor(body, options) {

      at Object.<anonymous> (__tests__/config/jest.setup.js:190:13)

RBAC seed applied to test database
PASS __tests__/entidade/lotes-expanded.test.tsx
  ÔùÅ Console

    console.log
      [dotenv@17.2.3] injecting env (0) from .env.test -- tip: ÔÜÖ´©Å  suppress all logs with { quiet: true }

      at _log (node_modules/.pnpm/dotenv@17.2.3/node_modules/dotenv/lib/main.js:142:11)

    console.log
      ­ƒøí´©Å [jest.setup] Removendo DATABASE_URL do ambiente de testes (valor n├úo importa)

      at Object.<anonymous> (__tests__/config/jest.setup.js:125:17)

    console.log
      ­ƒøí´©Å [jest.setup] Prote├º├úo do banco de testes ativada - usando: nr-bps_db_test

      at Object.<anonymous> (__tests__/config/jest.setup.js:150:13)

FAIL __tests__/correcoes-08-02-2026.test.ts
  ÔùÅ Console

    console.log
      [dotenv@17.2.3] injecting env (0) from .env.test -- tip: ­ƒöÉ prevent committing .env to code: https://dotenvx.com/precommit

      at _log (node_modules/.pnpm/dotenv@17.2.3/node_modules/dotenv/lib/main.js:142:11)

    console.log
      ­ƒøí´©Å [jest.setup] Removendo DATABASE_URL do ambiente de testes (valor n├úo importa)

      at Object.<anonymous> (__tests__/config/jest.setup.js:125:17)

    console.log
      ­ƒøí´©Å [jest.setup] Prote├º├úo do banco de testes ativada - usando: nr-bps_db_test

      at Object.<anonymous> (__tests__/config/jest.setup.js:150:13)

    console.log
      ­ƒöî [lib/db.ts] Conectado ao banco: nr-bps_db_test @ localhost (ambiente: test)

      at Object.log (lib/db.ts:673:15)

  ÔùÅ Corre├º├Áes 08/02/2026 ÔÇ║ Dados existentes - Valida├º├úo ÔÇ║ clinicas_senhas deve ter registros com clinica_id v├ílido

    expect(received).toBe(expected) // Object.is equality

    Expected: 6
    Received: null

      82 |       result.rows.forEach((row) => {
      83 |         expect(row.clinica_existe).toBeDefined();
    > 84 |         expect(row.clinica_existe).toBe(row.clinica_id);
         |                                    ^
      85 |       });
      86 |     });
      87 |

      at toBe (__tests__/correcoes-08-02-2026.test.ts:84:36)
          at Array.forEach (<anonymous>)
      at Object.forEach (__tests__/correcoes-08-02-2026.test.ts:82:19)

  ÔùÅ Corre├º├Áes 08/02/2026 ÔÇ║ Dados existentes - Valida├º├úo ÔÇ║ usuarios tipo RH devem ter clinica_id v├ílido

    expect(received).toBe(expected) // Object.is equality

    Expected: 6
    Received: null

       98 |         expect(row.clinica_id).toBeDefined();
       99 |         expect(row.clinica_existe).toBeDefined();
    > 100 |         expect(row.clinica_existe).toBe(row.clinica_id);
          |                                    ^
      101 |       });
      102 |     });
      103 |   });

      at toBe (__tests__/correcoes-08-02-2026.test.ts:100:36)
          at Array.forEach (<anonymous>)
      at Object.forEach (__tests__/correcoes-08-02-2026.test.ts:97:19)

PASS __tests__/lib/pdf-laudo-generator.test.ts
  ÔùÅ Console

    console.log
      [dotenv@17.2.3] injecting env (0) from .env.test -- tip: ÔÜÖ´©Å  suppress all logs with { quiet: true }

      at _log (node_modules/.pnpm/dotenv@17.2.3/node_modules/dotenv/lib/main.js:142:11)

    console.log
      ­ƒøí´©Å [jest.setup] Removendo DATABASE_URL do ambiente de testes (valor n├úo importa)

      at Object.<anonymous> (__tests__/config/jest.setup.js:125:17)

    console.log
      ­ƒøí´©Å [jest.setup] Prote├º├úo do banco de testes ativada - usando: nr-bps_db_test

      at Object.<anonymous> (__tests__/config/jest.setup.js:150:13)

FAIL __tests__/rh/clinica-notificacoes.test.tsx
  ÔùÅ Console

    console.log
      [dotenv@17.2.3] injecting env (0) from .env.test -- tip: ­ƒøá´©Å  run anywhere with `dotenvx run -- yourcommand`

      at _log (node_modules/.pnpm/dotenv@17.2.3/node_modules/dotenv/lib/main.js:142:11)

    console.log
      ­ƒøí´©Å [jest.setup] Removendo DATABASE_URL do ambiente de testes (valor n├úo importa)

      at Object.<anonymous> (__tests__/config/jest.setup.js:125:17)

    console.log
      ­ƒøí´©Å [jest.setup] Prote├º├úo do banco de testes ativada - usando: nr-bps_db_test

      at Object.<anonymous> (__tests__/config/jest.setup.js:150:13)

  ÔùÅ Clinica - Notifica├º├Áes ÔÇ║ deve abrir a se├º├úo de notifica├º├Áes e renderizar itens

    Unable to find an element with the text: LOTE1. This could be because the text is broken up by multiple elements. In this case, you can provide a function for your text matcher to make your matcher more flexible.

    Ignored nodes: comments, script, style
    <body>
      <div>
        <div
          class="min-h-screen bg-gray-50"
        >
          <div
            class="bg-white shadow-sm border-b"
          >
            <div
              class="max-w-7xl mx-auto px-4 py-6"
            >
              <div
                class="flex items-center justify-between"
              >
                <div>
                  <h1
                    class="text-3xl font-bold text-gray-800"
                  >
                    Gest├úo de Empresas
                  </h1>
                  <p
                    class="text-gray-600 mt-1"
                  >
                    Gerencie as empresas clientes e suas avalia├º├Áes psicossociais
                  </p>
                </div>
                <button
                  class="flex items-center gap-2 px-6 py-3 bg-primary text-white rounded-lg hover:bg-primary-hover transition-colors shadow-md"
                  data-testid="nova-empresa-button"
                  type="button"
                >
                  <svg
                    aria-hidden="true"
                    class="lucide lucide-plus"
                    fill="none"
                    height="20"
                    stroke="currentColor"
                    stroke-linecap="round"
                    stroke-linejoin="round"
                    stroke-width="2"
                    viewBox="0 0 24 24"
                    width="20"
                    xmlns="http://www.w3.org/2000/svg"
                  >
                    <path
                      d="M5 12h14"
                    />
                    <path
                      d="M12 5v14"
                    />
                  </svg>
                  Nova Empresa
                </button>
              </div>
            </div>
          </div>
          <div
            class="max-w-7xl mx-auto px-4 py-8"
          >
            <div
              class="bg-blue-50 p-6 rounded-lg shadow-sm border border-blue-200 mb-8"
            >
              <h2
                class="text-lg font-semibold text-blue-900 mb-4"
              >
                ­ƒôï Entenda o Fluxo Completo
              </h2>
              <div
                class="flex flex-wrap items-center gap-2 mb-4"
              >
                <div
                  class="relative"
                >
                  <button
                    class="px-3 py-2 bg-white rounded-md border border-blue-300 text-blue-900 text-sm font-medium hover:bg-blue-100 transition-colors cursor-help relative"
                    type="button"
                  >
                    Inser├º├úo de Funcion├írio
                  </button>
                  <span
                    class="ml-2 text-blue-400 font-bold"
                  >
                    ÔåÆ
                  </span>
                </div>
                <div
                  class="relative"
                >
                  <button
                    class="px-3 py-2 bg-white rounded-md border border-blue-300 text-blue-900 text-sm font-medium hover:bg-blue-100 transition-colors cursor-help relative"
                    type="button"
                  >
                    Libera├º├úo de Lotes
                  </button>
                  <span
                    class="ml-2 text-blue-400 font-bold"
                  >
                    ÔåÆ
                  </span>
                </div>
                <div
                  class="relative"
                >
                  <button
                    class="px-3 py-2 bg-white rounded-md border border-blue-300 text-blue-900 text-sm font-medium hover:bg-blue-100 transition-colors cursor-help relative"
                    type="button"
                  >
                    Avalia├º├Áes
                  </button>
                  <span
                    class="ml-2 text-blue-400 font-bold"
                  >
                    ÔåÆ
                  </span>
                </div>
                <div
                  class="relative"
                >
                  <button
                    class="px-3 py-2 bg-white rounded-md border border-blue-300 text-blue-900 text-sm font-medium hover:bg-blue-100 transition-colors cursor-help relative"
                    type="button"
                  >
                    Solicita├º├úo de Emiss├úo de Laudo
                  </button>
                  <span
                    class="ml-2 text-blue-400 font-bold"
                  >
                    ÔåÆ
                  </span>
                </div>
                <div
                  class="relative"
                >
                  <button
                    class="px-3 py-2 bg-white rounded-md border border-blue-300 text-blue-900 text-sm font-medium hover:bg-blue-100 transition-colors cursor-help relative"
                    type="button"
                  >
                    Recebimento do Link para Pagamento
                  </button>
                  <span
                    class="ml-2 text-blue-400 font-bold"
                  >
                    ÔåÆ
                  </span>
                </div>
                <div
                  class="relative"
                >
                  <button
                    class="px-3 py-2 bg-white rounded-md border border-blue-300 text-blue-900 text-sm font-medium hover:bg-blue-100 transition-colors cursor-help relative"
                    type="button"
                  >
                    Emiss├úo e Recebimento do Laudo
                  </button>
                </div>
              </div>
              <div
                class...

      76 |     render(<NotificationsSection onNavigateToLote={() => {}} />);
      77 |
    > 78 |     await waitFor(() => {
         |                  ^
      79 |       expect(
      80 |         screen.getByText('­ƒöö Notifica├º├Áes da Cl├¡nica')
      81 |       ).toBeInTheDocument();

      at waitForWrapper (node_modules/.pnpm/@testing-library+dom@10.4.1/node_modules/@testing-library/dom/dist/wait-for.js:163:27)
      at Object.<anonymous> (__tests__/rh/clinica-notificacoes.test.tsx:78:18)

FAIL __tests__/rh/laudos-page.test.tsx
  ÔùÅ Console

    console.log
      [dotenv@17.2.3] injecting env (0) from .env.test -- tip: ­ƒöæ add access controls to secrets: https://dotenvx.com/ops

      at _log (node_modules/.pnpm/dotenv@17.2.3/node_modules/dotenv/lib/main.js:142:11)

    console.log
      ­ƒøí´©Å [jest.setup] Removendo DATABASE_URL do ambiente de testes (valor n├úo importa)

      at Object.<anonymous> (__tests__/config/jest.setup.js:125:17)

    console.log
      ­ƒøí´©Å [jest.setup] Prote├º├úo do banco de testes ativada - usando: nr-bps_db_test

      at Object.<anonymous> (__tests__/config/jest.setup.js:150:13)

  ÔùÅ RhLaudosPage ÔÇ║ loads and displays laudos correctly

    TestingLibraryElementError: Unable to find an element with the text: LOTE-001. This could be because the text is broken up by multiple elements. In this case, you can provide a function for your text matcher to make your matcher more flexible.

    Ignored nodes: comments, script, style
    <body>
      <div>
        <div
          class="mb-6"
        >
          <h1
            class="text-2xl font-bold text-gray-900"
          >
            Laudos
          </h1>
          <p
            class="text-sm text-gray-600 mt-1"
          >
            Laudos emitidos para empresas clientes
          </p>
        </div>
        <div
          class="grid grid-cols-1 sm:grid-cols-3 gap-4 mb-6"
        >
          <div
            class="bg-white rounded-lg shadow-sm p-6 border border-gray-200"
          >
            <div
              class="flex items-center justify-between mb-2"
            >
              <svg
                aria-hidden="true"
                class="lucide lucide-folder-open text-blue-500"
                fill="none"
                height="24"
                stroke="currentColor"
                stroke-linecap="round"
                stroke-linejoin="round"
                stroke-width="2"
                viewBox="0 0 24 24"
                width="24"
                xmlns="http://www.w3.org/2000/svg"
              >
                <path
                  d="m6 14 1.5-2.9A2 2 0 0 1 9.24 10H20a2 2 0 0 1 1.94 2.5l-1.54 6a2 2 0 0 1-1.95 1.5H4a2 2 0 0 1-2-2V5a2 2 0 0 1 2-2h3.9a2 2 0 0 1 1.69.9l.81 1.2a2 2 0 0 0 1.67.9H18a2 2 0 0 1 2 2v2"
                />
              </svg>
              <span
                class="text-2xl font-bold text-gray-900"
              >
                2
              </span>
            </div>
            <p
              class="text-sm text-gray-600"
            >
              Total de Laudos
            </p>
          </div>
          <div
            class="bg-white rounded-lg shadow-sm p-6 border border-gray-200"
          >
            <div
              class="flex items-center justify-between mb-2"
            >
              <svg
                aria-hidden="true"
                class="lucide lucide-file-text text-green-500"
                fill="none"
                height="24"
                stroke="currentColor"
                stroke-linecap="round"
                stroke-linejoin="round"
                stroke-width="2"
                viewBox="0 0 24 24"
                width="24"
                xmlns="http://www.w3.org/2000/svg"
              >
                <path
                  d="M6 22a2 2 0 0 1-2-2V4a2 2 0 0 1 2-2h8a2.4 2.4 0 0 1 1.704.706l3.588 3.588A2.4 2.4 0 0 1 20 8v12a2 2 0 0 1-2 2z"
                />
                <path
                  d="M14 2v5a1 1 0 0 0 1 1h5"
                />
                <path
                  d="M10 9H8"
                />
                <path
                  d="M16 13H8"
                />
                <path
                  d="M16 17H8"
                />
              </svg>
              <span
                class="text-2xl font-bold text-gray-900"
              >
                0
              </span>
            </div>
            <p
              class="text-sm text-gray-600"
            >
              Laudos Emitidos
            </p>
          </div>
          <div
            class="bg-white rounded-lg shadow-sm p-6 border border-gray-200"
          >
            <div
              class="flex items-center justify-between mb-2"
            >
              <svg
                aria-hidden="true"
                class="lucide lucide-file-text text-yellow-500"
                fill="none"
                height="24"
                stroke="currentColor"
                stroke-linecap="round"
                stroke-linejoin="round"
                stroke-width="2"
                viewBox="0 0 24 24"
                width="24"
                xmlns="http://www.w3.org/2000/svg"
              >
                <path
                  d="M6 22a2 2 0 0 1-2-2V4a2 2 0 0 1 2-2h8a2.4 2.4 0 0 1 1.704.706l3.588 3.588A2.4 2.4 0 0 1 20 8v12a2 2 0 0 1-2 2z"
                />
                <path
                  d="M14 2v5a1 1 0 0 0 1 1h5"
                />
                <path
                  d="M10 9H8"
                />
                <path
                  d="M16 13H8"
                />
                <path
                  d="M16 17H8"
                />
              </svg>
              <span
                class="text-2xl font-bold text-gray-900"
              >
                0
              </span>
            </div>
            <p
              class="text-sm text-gray-600"
            >
              Laudos em Elabora├º├úo
            </p>
          </div>
        </div>
        <div
          class="bg-white rounded-lg shadow-sm p-6 border border-gray-200"
        >
          <h2
            class="text-lg font-semibold text-gray-900 mb-4"
          >
            Lista de Laudos
          </h2>
          <div
            class="overflow-x-auto"
          >
            <table
              class="w-full"
            >
              <thead>
                <tr
                  class="border-b border-gray-200"
                >
                  <th
                    class="text-left py-3 px-4 text-sm font-semibold text-gray-700"
                  >
                    Lote
                  </th>
                  <th
                    class="text-left py-3 px-4 text-sm font-semibold text-gray-700 hidden md:table-cell"
                  >
                    Empresa
                  </th>
                  <th
                    class="text-center py-3 px-4 text-sm font-semibold text-gray-700 hidden lg:table-cell"
                  >
                    Data Emiss├úo
                  </th>
                  <th
                    class="text-center py-3 px-4 text-sm font-semibold text-gray-700"
                  >
                    Status
                  </th>
                  <th
                    class="text-center py-3 px-4 text-sm font-semibold text-gray-700"
                  >
                    A├º├Áes
                  </th>
                </tr>
              </thead>
              <tbody>
                <tr
                  class="border-b border-gray-100 hover:bg-gray-50"
                >
                  <td
                    class="py-3 px-4"
                  >
                    <div>
                      <p
                        class="text-sm font-medium text-gray-900"
                      >
                        Lote #
                        101
                      </p>
                      <p
                        class="text-xs text-gray-500"
                      />
                    </div>
                  </td>
                  <td
                    class="py-3 px-4 text-sm text-gray-700 hidden md:table-cell"
                  >
                    Empresa Teste 1
                  </td>
                  <td
                    class="py-3 px-4 text-center text-sm text-gray-700 hidden lg:table-cell"
                  >
                    14/12/2024
                  </td>
                  <td
                    class="py-3 px-4 text-center"
                  >
                    <span
                      class="inline-flex items-center px-2.5 py-0.5 rounded-full text-xs font-medium bg-green-100 text-green-800"
                    >
                      enviado
                    </span>
                  </td>
                  <td
                    class="py-3 px-4 text-center"
                  />
                </tr>
                <tr
                  class="border-b border-gray-100 hover:bg-gray-50"
                >
                  <td
                    class="py-3 px-4"
                  >
                    <div>
                      <p
                        class="text-sm font-medium text-gray-900"
                      >
                        Lote #
                        102
                      </p>
                      <p
                        class="text-xs text-gray-500"
                      />
                    </div>
                  </td>
                  <td
                    class="py-3 px-4 text-sm text-gray-700 hidden md:table-cell"
                  >
                    Empresa Teste 2
                  </td>
                  <td
                    class="py-3 px-4 text-center text-sm text-gray-700 hidden lg:table-cell"
                  >
                    -
                  </td>
                  <td
                    class="py-3 px-4 text-center"
                  >
                    <span
                      class="inline-flex items-center px-2.5 py-0.5 rounded-full text-xs font-medium bg-gray-100 text-gray-800"
                    >
                      pendente
                    </span>
                  </td>
                  <td
                    class="py-3 px-4 text-center"
                  />
                </tr>
              </tbody>
            </table>
          </div>
        </div>
      </div>
    </body>

      86 |
      87 |     // Verifica dados dos laudos na tabela
    > 88 |     expect(screen.getByText('LOTE-001')).toBeInTheDocument();
         |                   ^
      89 |     expect(screen.getByText('Avalia├º├úo Dezembro 2024')).toBeInTheDocument();
      90 |     expect(screen.getByText('Empresa Teste 1')).toBeInTheDocument();
      91 |     expect(screen.getByText('emitido')).toBeInTheDocument();

      at Object.getElementError (node_modules/.pnpm/@testing-library+dom@10.4.1/node_modules/@testing-library/dom/dist/config.js:37:19)
      at node_modules/.pnpm/@testing-library+dom@10.4.1/node_modules/@testing-library/dom/dist/query-helpers.js:76:38
      at node_modules/.pnpm/@testing-library+dom@10.4.1/node_modules/@testing-library/dom/dist/query-helpers.js:52:17
      at node_modules/.pnpm/@testing-library+dom@10.4.1/node_modules/@testing-library/dom/dist/query-helpers.js:95:19
      at Object.getByText (__tests__/rh/laudos-page.test.tsx:88:19)

  ÔùÅ RhLaudosPage ÔÇ║ handles download action

    Unable to find an element with the text: LOTE-001. This could be because the text is broken up by multiple elements. In this case, you can provide a function for your text matcher to make your matcher more flexible.

    Ignored nodes: comments, script, style
    <body>
      <div>
        <div
          class="mb-6"
        >
          <h1
            class="text-2xl font-bold text-gray-900"
          >
            Laudos
          </h1>
          <p
            class="text-sm text-gray-600 mt-1"
          >
            Laudos emitidos para empresas clientes
          </p>
        </div>
        <div
          class="grid grid-cols-1 sm:grid-cols-3 gap-4 mb-6"
        >
          <div
            class="bg-white rounded-lg shadow-sm p-6 border border-gray-200"
          >
            <div
              class="flex items-center justify-between mb-2"
            >
              <svg
                aria-hidden="true"
                class="lucide lucide-folder-open text-blue-500"
                fill="none"
                height="24"
                stroke="currentColor"
                stroke-linecap="round"
                stroke-linejoin="round"
                stroke-width="2"
                viewBox="0 0 24 24"
                width="24"
                xmlns="http://www.w3.org/2000/svg"
              >
                <path
                  d="m6 14 1.5-2.9A2 2 0 0 1 9.24 10H20a2 2 0 0 1 1.94 2.5l-1.54 6a2 2 0 0 1-1.95 1.5H4a2 2 0 0 1-2-2V5a2 2 0 0 1 2-2h3.9a2 2 0 0 1 1.69.9l.81 1.2a2 2 0 0 0 1.67.9H18a2 2 0 0 1 2 2v2"
                />
              </svg>
              <span
                class="text-2xl font-bold text-gray-900"
              >
                2
              </span>
            </div>
            <p
              class="text-sm text-gray-600"
            >
              Total de Laudos
            </p>
          </div>
          <div
            class="bg-white rounded-lg shadow-sm p-6 border border-gray-200"
          >
            <div
              class="flex items-center justify-between mb-2"
            >
              <svg
                aria-hidden="true"
                class="lucide lucide-file-text text-green-500"
                fill="none"
                height="24"
                stroke="currentColor"
                stroke-linecap="round"
                stroke-linejoin="round"
                stroke-width="2"
                viewBox="0 0 24 24"
                width="24"
                xmlns="http://www.w3.org/2000/svg"
              >
                <path
                  d="M6 22a2 2 0 0 1-2-2V4a2 2 0 0 1 2-2h8a2.4 2.4 0 0 1 1.704.706l3.588 3.588A2.4 2.4 0 0 1 20 8v12a2 2 0 0 1-2 2z"
                />
                <path
                  d="M14 2v5a1 1 0 0 0 1 1h5"
                />
                <path
                  d="M10 9H8"
                />
                <path
                  d="M16 13H8"
                />
                <path
                  d="M16 17H8"
                />
              </svg>
              <span
                class="text-2xl font-bold text-gray-900"
              >
                0
              </span>
            </div>
            <p
              class="text-sm text-gray-600"
            >
              Laudos Emitidos
            </p>
          </div>
          <div
            class="bg-white rounded-lg shadow-sm p-6 border border-gray-200"
          >
            <div
              class="flex items-center justify-between mb-2"
            >
              <svg
                aria-hidden="true"
                class="lucide lucide-file-text text-yellow-500"
                fill="none"
                height="24"
                stroke="currentColor"
                stroke-linecap="round"
                stroke-linejoin="round"
                stroke-width="2"
                viewBox="0 0 24 24"
                width="24"
                xmlns="http://www.w3.org/2000/svg"
              >
                <path
                  d="M6 22a2 2 0 0 1-2-2V4a2 2 0 0 1 2-2h8a2.4 2.4 0 0 1 1.704.706l3.588 3.588A2.4 2.4 0 0 1 20 8v12a2 2 0 0 1-2 2z"
                />
                <path
                  d="M14 2v5a1 1 0 0 0 1 1h5"
                />
                <path
                  d="M10 9H8"
                />
                <path
                  d="M16 13H8"
                />
                <path
                  d="M16 17H8"
                />
              </svg>
              <span
                class="text-2xl font-bold text-gray-900"
              >
                0
              </span>
            </div>
            <p
              class="text-sm text-gray-600"
            >
              Laudos em Elabora├º├úo
            </p>
          </div>
        </div>
        <div
          class="bg-white rounded-lg shadow-sm p-6 border border-gray-200"
        >
          <h2
            class="text-lg font-semibold text-gray-900 mb-4"
          >
            Lista de Laudos
          </h2>
          <div
            class="overflow-x-auto"
          >
            <table
              class="w-full"
            >
              <thead>
                <tr
                  class="border-b border-gray-200"
                >
                  <th
                    class="text-left py-3 px-4 text-sm font-semibold text-gray-700"
                  >
                    Lote
                  </th>
                  <th
                    class="text-left py-3 px-4 text-sm font-semibold text-gray-700 hidden md:table-cell"
                  >
                    Empresa
                  </th>
                  <th
                    class="text-center py-3 px-4 text-sm font-semibold text-gray-700 hidden lg:table-cell"
                  >
                    Data Emiss├úo
                  </th>
                  <th
                    class="text-center py-3 px-4 text-sm font-semibold text-gray-700"
                  >
                    Status
                  </th>
                  <th
                    class="text-center py-3 px-4 text-sm font-semibold text-gray-700"
                  >
                    A├º├Áes
                  </th>
                </tr>
              </thead>
              <tbody>
                <tr
                  class="border-b border-gray-100 hover:bg-gray-50"
                >
                  <td
                    class="py-3 px-4"
                  >
                    <div>
                      <p
                        class="text-sm font-medium text-gray-900"
                      >
                        Lote #
                        101
                      </p>
                      <p
                        class="text-xs text-gray-500"
                      />
                    </div>
                  </td>
                  <td
                    class="py-3 px-4 text-sm text-gray-700 hidden md:table-cell"
                  >
                    Empresa Teste 1
                  </td>
                  <td
                    class="py-3 px-4 text-center text-sm text-gray-700 hidden lg:table-cell"
                  >
                    14/12/2024
                  </td>
                  <td
                    class="py-3 px-4 text-center"
                  >
                    <span
                      class="inline-flex items-center px-2.5 py-0.5 rounded-full text-xs font-medium bg-green-100 text-green-800"
                    >
                      enviado
                    </span>
                  </td>
                  <td
                    class="py-3 px-4 text-center"
                  />
                </tr>
                <tr
                  class="border-b border-gray-100 hover:bg-gray-50"
                >
                  <td
                    class="py-3 px-4"
                  >
                    <div>
                      <p
                        class="text-sm font-medium text-gray-900"
                      >
                        Lote #
                        102
                      </p>
                      <p
                        class="text-xs text-gray-500"
                      />
                    </div>
                  </td>
                  <td
                    class="py-3 px-4 text-sm text-gray-700 hidden md:table-cell"
                  >
                    Empresa Teste 2
                  </td>
                  <td
                    class="py-3 px-4 text-center text-sm text-gray-700 hidden lg:table-cell"
                  >
                    -
                  </td>
                  <td
                    class="py-3 px-4 text-center"
                  >
                    <span
                      class="inline-flex items-center px-2.5 py-0.5 rounded-full text-xs font-medium bg-gray-100 text-gray-800"
                    >
                      pendente
                    </span>
                  </td>
                  <td
                    class="py-3 px-4 text-center"
                  />
                </tr>
              </tbody>
            </table>
          </div>
        </div>
      </div>
    </body>

       95 |     render(<RhLaudosPage />);
       96 |
    >  97 |     await waitFor(() => {
          |                  ^
       98 |       expect(screen.getByText('LOTE-001')).toBeInTheDocument();
       99 |     });
      100 |

      at waitForWrapper (node_modules/.pnpm/@testing-library+dom@10.4.1/node_modules/@testing-library/dom/dist/wait-for.js:163:27)
      at Object.<anonymous> (__tests__/rh/laudos-page.test.tsx:97:18)

RBAC seed applied to test database
error: desculpe, muitos clientes conectados
    at Parser.parseErrorMessage (C:\apps\QWork\node_modules\.pnpm\pg-protocol@1.10.3\node_modules\pg-protocol\dist\parser.js:285:98)
    at Parser.handlePacket (C:\apps\QWork\node_modules\.pnpm\pg-protocol@1.10.3\node_modules\pg-protocol\dist\parser.js:122:29)
    at Parser.parse (C:\apps\QWork\node_modules\.pnpm\pg-protocol@1.10.3\node_modules\pg-protocol\dist\parser.js:35:38)
    at Socket.<anonymous> (C:\apps\QWork\node_modules\.pnpm\pg-protocol@1.10.3\node_modules\pg-protocol\dist\index.js:11:42)
    at Socket.emit (node:events:508:28)
    at addChunk (node:internal/streams/readable:559:12)
    at readableAddChunkPushByteMode (node:internal/streams/readable:510:3)
    at Readable.push (node:internal/streams/readable:390:5)
    at TCP.onStreamRead (node:internal/stream_base_commons:189:23) {
  length: 90,
  severity: 'FATAL',
  code: '53300',
  detail: undefined,
  hint: undefined,
  position: undefined,
  internalPosition: undefined,
  internalQuery: undefined,
  where: undefined,
  schema: undefined,
  table: undefined,
  column: undefined,
  dataType: undefined,
  constraint: undefined,
  file: 'proc.c',
  line: '357',
  routine: 'InitProcess'
}
RBAC seed applied to test database
error: desculpe, muitos clientes conectados
    at Parser.parseErrorMessage (C:\apps\QWork\node_modules\.pnpm\pg-protocol@1.10.3\node_modules\pg-protocol\dist\parser.js:285:98)
    at Parser.handlePacket (C:\apps\QWork\node_modules\.pnpm\pg-protocol@1.10.3\node_modules\pg-protocol\dist\parser.js:122:29)
    at Parser.parse (C:\apps\QWork\node_modules\.pnpm\pg-protocol@1.10.3\node_modules\pg-protocol\dist\parser.js:35:38)
    at Socket.<anonymous> (C:\apps\QWork\node_modules\.pnpm\pg-protocol@1.10.3\node_modules\pg-protocol\dist\index.js:11:42)
    at Socket.emit (node:events:508:28)
    at addChunk (node:internal/streams/readable:559:12)
    at readableAddChunkPushByteMode (node:internal/streams/readable:510:3)
    at Readable.push (node:internal/streams/readable:390:5)
    at TCP.onStreamRead (node:internal/stream_base_commons:189:23) {
  length: 90,
  severity: 'FATAL',
  code: '53300',
  detail: undefined,
  hint: undefined,
  position: undefined,
  internalPosition: undefined,
  internalQuery: undefined,
  where: undefined,
  schema: undefined,
  table: undefined,
  column: undefined,
  dataType: undefined,
  constraint: undefined,
  file: 'proc.c',
  line: '357',
  routine: 'InitProcess'
}
RBAC seed applied to test database
FAIL __tests__/database/seed-users.test.ts
  ÔùÅ Console

    console.log
      [dotenv@17.2.3] injecting env (0) from .env.test -- tip: ÔÜÖ´©Å  enable debug logging with { debug: true }

      at _log (node_modules/.pnpm/dotenv@17.2.3/node_modules/dotenv/lib/main.js:142:11)

    console.log
      ­ƒøí´©Å [jest.setup] Removendo DATABASE_URL do ambiente de testes (valor n├úo importa)

      at Object.<anonymous> (__tests__/config/jest.setup.js:125:17)

    console.log
      ­ƒøí´©Å [jest.setup] Prote├º├úo do banco de testes ativada - usando: nr-bps_db_test

      at Object.<anonymous> (__tests__/config/jest.setup.js:150:13)

    console.warn
      N├úo foi poss├¡vel aplicar semente RBAC para o banco de teste: Command failed: node ./scripts/seed-test-rbac.cjs

      188 | }));
      189 |
    > 190 | // Mock Next.js server components
          |             ^
      191 | jest.mock('next/server', () => ({
      192 |   NextResponse: class MockNextResponse {
      193 |     constructor(body, options) {

      at Object.<anonymous> (__tests__/config/jest.setup.js:190:13)

  ÔùÅ Seed Users Script ÔÇ║ deve verificar configura├º├úo de ambiente

    expect(received).toBe(expected) // Object.is equality

    Expected: "postgresql://test:test@localhost:5432/test"
    Received: ""

      111 |
      112 |   it('deve verificar configura├º├úo de ambiente', () => {
    > 113 |     expect(process.env.LOCAL_DATABASE_URL).toBe(
          |                                            ^
      114 |       'postgresql://test:test@localhost:5432/test'
      115 |     );
      116 |   });

      at Object.toBe (__tests__/database/seed-users.test.ts:113:44)

RBAC seed applied to test database
FAIL __tests__/components/admin/AdminSidebar.test.tsx
  ÔùÅ Console

    console.log
      [dotenv@17.2.3] injecting env (0) from .env.test -- tip: ­ƒöÉ prevent committing .env to code: https://dotenvx.com/precommit

      at _log (node_modules/.pnpm/dotenv@17.2.3/node_modules/dotenv/lib/main.js:142:11)

    console.log
      ­ƒøí´©Å [jest.setup] Removendo DATABASE_URL do ambiente de testes (valor n├úo importa)

      at Object.<anonymous> (__tests__/config/jest.setup.js:125:17)

    console.log
      ­ƒøí´©Å [jest.setup] Prote├º├úo do banco de testes ativada - usando: nr-bps_db_test

      at Object.<anonymous> (__tests__/config/jest.setup.js:150:13)

  ÔùÅ AdminSidebar ÔÇ║ deve chamar onSectionChange com "financeiro" e "planos" como default ao clicar em Financeiro

    expect(jest.fn()).toHaveBeenCalledWith(...expected)

    Expected: "financeiro", "planos"
    Received: "financeiro", "contagem"

    Number of calls: 1

      92 |     );
      93 |     fireEvent.click(screen.getByText('Financeiro'));
    > 94 |     expect(onSectionChange).toHaveBeenCalledWith('financeiro', 'planos');
         |                             ^
      95 |   });
      96 | });
      97 |

      at Object.toHaveBeenCalledWith (__tests__/components/admin/AdminSidebar.test.tsx:94:29)

PASS __tests__/lib/hooks/useLotesAvaliacao.test.ts
  ÔùÅ Console

    console.log
      [dotenv@17.2.3] injecting env (0) from .env.test -- tip: ­ƒöæ add access controls to secrets: https://dotenvx.com/ops

      at _log (node_modules/.pnpm/dotenv@17.2.3/node_modules/dotenv/lib/main.js:142:11)

    console.log
      ­ƒøí´©Å [jest.setup] Removendo DATABASE_URL do ambiente de testes (valor n├úo importa)

      at Object.<anonymous> (__tests__/config/jest.setup.js:125:17)

    console.log
      ­ƒøí´©Å [jest.setup] Prote├º├úo do banco de testes ativada - usando: nr-bps_db_test

      at Object.<anonymous> (__tests__/config/jest.setup.js:150:13)

FAIL __tests__/avaliacao/iniciar.test.ts
  ÔùÅ Console

    console.log
      [dotenv@17.2.3] injecting env (0) from .env.test -- tip: ÔÜÖ´©Å  load multiple .env files with { path: ['.env.local', '.env'] }

      at _log (node_modules/.pnpm/dotenv@17.2.3/node_modules/dotenv/lib/main.js:142:11)

    console.log
      ­ƒøí´©Å [jest.setup] Removendo DATABASE_URL do ambiente de testes (valor n├úo importa)

      at Object.<anonymous> (__tests__/config/jest.setup.js:125:17)

    console.log
      ­ƒøí´©Å [jest.setup] Prote├º├úo do banco de testes ativada - usando: nr-bps_db_test

      at Object.<anonymous> (__tests__/config/jest.setup.js:150:13)

  ÔùÅ Avalia├º├úo - Iniciar ÔÇ║ Item 1: Redirecionamento do dashboard para avalia├º├úo ÔÇ║ deve redirecionar para /avaliacao quando houver avalia├º├úo dispon├¡vel

    expect(received).toBe(expected) // Object.is equality

    Expected: 1
    Received: undefined

      55 |       const data = await response.json()
      56 |
    > 57 |       expect(data.avaliacaoId).toBe(1)
         |                                ^
      58 |       expect(data.status).toBe('iniciada')
      59 |       // No frontend, o dashboard deve detectar isso e mostrar o bot├úo "Iniciar Avalia├º├úo"
      60 |     })

      at Object.toBe (__tests__/avaliacao/iniciar.test.ts:57:32)

  ÔùÅ Avalia├º├úo - Iniciar ÔÇ║ Item 1: Redirecionamento do dashboard para avalia├º├úo ÔÇ║ deve mostrar popup com avalia├º├úo dispon├¡vel no dashboard

    TypeError: expect(received).toHaveLength(expected)

    Matcher error: received value must have a length property whose value must be a number

    Received has value: undefined

      89 |       const data = await response.json()
      90 |
    > 91 |       expect(data.avaliacoes).toHaveLength(1)
         |                               ^
      92 |       expect(data.avaliacoes[0].status).toBe('iniciada')
      93 |     })
      94 |

      at Object.toHaveLength (__tests__/avaliacao/iniciar.test.ts:91:31)

  ÔùÅ Avalia├º├úo - Iniciar ÔÇ║ Item 1: Redirecionamento do dashboard para avalia├º├úo ÔÇ║ deve redirecionar para /avaliacao?id=X com ID correto

    expect(received).toBe(expected) // Object.is equality

    Expected: 123
    Received: undefined

      123 |       const data = await response.json()
      124 |
    > 125 |       expect(data.avaliacaoId).toBe(avaliacaoId)
          |                                ^
      126 |       // O frontend deve usar esse ID para redirecionar: /avaliacao?id=123
      127 |     })
      128 |   })

      at Object.toBe (__tests__/avaliacao/iniciar.test.ts:125:32)

FAIL __tests__/api/admin-cobranca-get.test.ts
  ÔùÅ Console

    console.log
      [dotenv@17.2.3] injecting env (0) from .env.test -- tip: ­ƒøá´©Å  run anywhere with `dotenvx run -- yourcommand`

      at _log (node_modules/.pnpm/dotenv@17.2.3/node_modules/dotenv/lib/main.js:142:11)

    console.log
      ­ƒøí´©Å [jest.setup] Removendo DATABASE_URL do ambiente de testes (valor n├úo importa)

      at Object.<anonymous> (__tests__/config/jest.setup.js:125:17)

    console.log
      ­ƒøí´©Å [jest.setup] Prote├º├úo do banco de testes ativada - usando: nr-bps_db_test

      at Object.<anonymous> (__tests__/config/jest.setup.js:150:13)

    console.warn
      N├úo foi poss├¡vel aplicar semente RBAC para o banco de teste: Command failed: node ./scripts/seed-test-rbac.cjs

      188 | }));
      189 |
    > 190 | // Mock Next.js server components
          |             ^
      191 | jest.mock('next/server', () => ({
      192 |   NextResponse: class MockNextResponse {
      193 |     constructor(body, options) {

      at Object.<anonymous> (__tests__/config/jest.setup.js:190:13)

    console.log
      ­ƒöî [lib/db.ts] Conectado ao banco: nr-bps_db_test @ localhost (ambiente: test)

      at Object.log (lib/db.ts:673:15)

    console.debug
      [API Cobran├ºa] Executing count SQL

      at debug (app/api/admin/cobranca/route.ts:133:13)

    console.debug
      SELECT COUNT(*) as total FROM (SELECT
              ct.id as tomador_id,
              ct.cnpj,
              ct.plano_id as plano_id,
              pl.nome as plano_nome,
              COALESCE(pl.valor_por_funcionario, 20.00) as plano_preco,
              ct.id as numero_contrato,
              ct.nome as nome_tomador,
              pl.tipo as plano_tipo,
              ct.numero_funcionarios_estimado as numero_funcionarios_estimado,
              (SELECT COUNT(DISTINCT f.id) FROM funcionarios f 
               INNER JOIN funcionarios_entidades fe ON fe.funcionario_id = f.id AND fe.ativo = true 
               WHERE fe.entidade_id = ct.id) as numero_funcionarios_atual,
              pg.id as pagamento_id,
              pg.valor as pagamento_valor,
              pg.status as pagamento_status,
              pg.metodo as tipo_pagamento,
              CASE WHEN pg.numero_parcelas IS NOT NULL AND pg.numero_parcelas > 1 THEN 'parcelado' ELSE 'a_vista' END as modalidade_pagamento,
              pg.numero_parcelas,
              NULL as parcelas_json,
              COALESCE(pg.valor, (ct.numero_funcionarios_estimado * COALESCE(pl.valor_por_funcionario, 20.00)))::numeric as valor_pago,
              CASE
                WHEN ct.status = 'aprovado' AND ct.pagamento_confirmado = true THEN 'ativo'
                WHEN ct.status != 'aprovado' THEN 'cancelado'
                ELSE 'pendente'
              END as status,
              ct.criado_em as data_contratacao,
              (ct.criado_em + INTERVAL '1 year') as data_fim_vigencia,
              pg.data_pagamento as data_pagamento,
              ct.criado_em
            FROM entidades ct
            LEFT JOIN planos pl ON ct.plano_id = pl.id
            LEFT JOIN (
              SELECT entidade_id, id, valor, status, metodo, data_pagamento, numero_parcelas, plataforma_nome, detalhes_parcelas
              FROM pagamentos
              WHERE entidade_id IS NOT NULL
              ORDER BY data_pagamento DESC NULLS LAST, criado_em DESC
            ) pg ON pg.entidade_id = ct.id AND pg.id = (
              SELECT id FROM pagamentos WHERE entidade_id = ct.id ORDER BY data_pagamento DESC NULLS LAST LIMIT 1
            )
             WHERE ct.status = 'aprovado' AND regexp_replace(ct.cnpj, '[^0-9]', '', 'g') = $1) sub

      at debug (app/api/admin/cobranca/route.ts:134:13)

    console.log
      [db][query] local (8ms): SELECT COUNT(*) as total FROM (SELECT
              ct.id as tomador_id,
              ct.cnpj,
              ct.plano_id as plano_id,
              pl.nome as plano_nome,
              COALESCE(pl.valor_por_funcionario, 20.00) as...

      at log (lib/db.ts:468:23)

    console.debug
      [API Cobran├ºa] countRes: [ { total: '0' } ]

      at debug (app/api/admin/cobranca/route.ts:136:13)

    console.debug
      [API Cobran├ºa] Executing SQL: SELECT
              ct.id as tomador_id,
              ct.cnpj,
              ct.plano_id as plano_id,
              pl.nome as plano_nome,
              COALESCE(pl.valor_por_funcionario, 20.00) as plano_preco,
              ct.id as numero_contrato,
              ct.nome as nome_tomador,
              pl.tipo as plano_tipo,
              ct.numero_funcionarios_estimado as numero_funcionarios_estimado,
              (SELECT COUNT(DISTINCT f.id) FROM funcionarios f 
               INNER JOIN funcionarios_entidades fe ON fe.funcionario_id = f.id AND fe.ativo = true 
               WHERE fe.entidade_id = ct.id) as numero_funcionarios_atual,
              pg.id as pagamento_id,
              pg.valor as pagamento_valor,
              pg.status as pagamento_status,
              pg.metodo as tipo_pagamento,
              CASE WHEN pg.numero_parcelas IS NOT NULL AND pg.numero_parcelas > 1 THEN 'parcelado' ELSE 'a_vista' END as modalidade_pagamento,
              pg.numero_parcelas,
              NULL as parcelas_json,
              COALESCE(pg.valor, (ct.numero_funcionarios_estimado * COALESCE(pl.valor_por_funcionario, 20.00)))::numeric as valor_pago,
              CASE
                WHEN ct.status = 'aprovado' AND ct.pagamento_confirmado = true THEN 'ativo'
                WHEN ct.status != 'aprovado' THEN 'cancelado'
                ELSE 'pendente'
              END as status,
              ct.criado_em as data_contratacao,
              (ct.criado_em + INTERVAL '1 year') as data_fim_vigencia,
              pg.data_pagamento as data_pagamento,
              ct.criado_em
            FROM entidades ct
            LEFT JOIN planos pl ON ct.plano_id = pl.id
            LEFT JOIN (
              SELECT entidade_id, id, valor, status, metodo, data_pagamento, numero_parcelas, plataforma_nome, detalhes_parcelas
              FROM pagamentos
              WHERE entidade_id IS NOT NULL
              ORDER BY data_pagamento DESC NULLS LAST, criado_em DESC
            ) pg ON pg.entidade_id = ct.id AND pg.id = (
              SELECT id FROM pagamentos WHERE entidade_id = ct.id ORDER BY data_pagamento DESC NULLS LAST LIMIT 1
            )
             WHERE ct.status = 'aprovado' AND regexp_replace(ct.cnpj, '[^0-9]', '', 'g') = $1 ORDER BY ct.criado_em DESC LIMIT 20 OFFSET 0

      at debug (app/api/admin/cobranca/route.ts:145:13)

    console.log
      [db][query] local (11ms): SELECT
              ct.id as tomador_id,
              ct.cnpj,
              ct.plano_id as plano_id,
              pl.nome as plano_nome,
              COALESCE(pl.valor_por_funcionario, 20.00) as plano_preco,
              ct.id as ...

      at log (lib/db.ts:468:23)

  ÔùÅ GET /api/admin/cobranca - fallback to pagamento.valor ÔÇ║ retorna valor_pago igual ao pagamento registrado quando cp.valor_pago ├® nulo

    expect(received).toBeDefined()

    Received: undefined

      89 |       (c: CobrancaData) => c.cnpj.replace(/\D/g, '') === cnpj
      90 |     );
    > 91 |     expect(found).toBeDefined();
         |                   ^
      92 |     expect(Number(found?.valor_pago)).toBeCloseTo(
      93 |       1800,
      94 |       2,

      at Object.toBeDefined (__tests__/api/admin-cobranca-get.test.ts:91:19)

PASS __tests__/components/DadosStep.test.tsx
  ÔùÅ Console

    console.log
      [dotenv@17.2.3] injecting env (0) from .env.test -- tip: ­ƒöÉ prevent committing .env to code: https://dotenvx.com/precommit

      at _log (node_modules/.pnpm/dotenv@17.2.3/node_modules/dotenv/lib/main.js:142:11)

    console.log
      ­ƒøí´©Å [jest.setup] Removendo DATABASE_URL do ambiente de testes (valor n├úo importa)

      at Object.<anonymous> (__tests__/config/jest.setup.js:125:17)

    console.log
      ­ƒøí´©Å [jest.setup] Prote├º├úo do banco de testes ativada - usando: nr-bps_db_test

      at Object.<anonymous> (__tests__/config/jest.setup.js:150:13)

error: desculpe, muitos clientes conectados
    at Parser.parseErrorMessage (C:\apps\QWork\node_modules\.pnpm\pg-protocol@1.10.3\node_modules\pg-protocol\dist\parser.js:285:98)
    at Parser.handlePacket (C:\apps\QWork\node_modules\.pnpm\pg-protocol@1.10.3\node_modules\pg-protocol\dist\parser.js:122:29)
    at Parser.parse (C:\apps\QWork\node_modules\.pnpm\pg-protocol@1.10.3\node_modules\pg-protocol\dist\parser.js:35:38)
    at Socket.<anonymous> (C:\apps\QWork\node_modules\.pnpm\pg-protocol@1.10.3\node_modules\pg-protocol\dist\index.js:11:42)
    at Socket.emit (node:events:508:28)
    at addChunk (node:internal/streams/readable:559:12)
    at readableAddChunkPushByteMode (node:internal/streams/readable:510:3)
    at Readable.push (node:internal/streams/readable:390:5)
    at TCP.onStreamRead (node:internal/stream_base_commons:189:23) {
  length: 90,
  severity: 'FATAL',
  code: '53300',
  detail: undefined,
  hint: undefined,
  position: undefined,
  internalPosition: undefined,
  internalQuery: undefined,
  where: undefined,
  schema: undefined,
  table: undefined,
  column: undefined,
  dataType: undefined,
  constraint: undefined,
  file: 'proc.c',
  line: '357',
  routine: 'InitProcess'
}
error: desculpe, muitos clientes conectados
    at Parser.parseErrorMessage (C:\apps\QWork\node_modules\.pnpm\pg-protocol@1.10.3\node_modules\pg-protocol\dist\parser.js:285:98)
    at Parser.handlePacket (C:\apps\QWork\node_modules\.pnpm\pg-protocol@1.10.3\node_modules\pg-protocol\dist\parser.js:122:29)
    at Parser.parse (C:\apps\QWork\node_modules\.pnpm\pg-protocol@1.10.3\node_modules\pg-protocol\dist\parser.js:35:38)
    at Socket.<anonymous> (C:\apps\QWork\node_modules\.pnpm\pg-protocol@1.10.3\node_modules\pg-protocol\dist\index.js:11:42)
    at Socket.emit (node:events:508:28)
    at addChunk (node:internal/streams/readable:559:12)
    at readableAddChunkPushByteMode (node:internal/streams/readable:510:3)
    at Readable.push (node:internal/streams/readable:390:5)
    at TCP.onStreamRead (node:internal/stream_base_commons:189:23) {
  length: 90,
  severity: 'FATAL',
  code: '53300',
  detail: undefined,
  hint: undefined,
  position: undefined,
  internalPosition: undefined,
  internalQuery: undefined,
  where: undefined,
  schema: undefined,
  table: undefined,
  column: undefined,
  dataType: undefined,
  constraint: undefined,
  file: 'proc.c',
  line: '357',
  routine: 'InitProcess'
}
error: desculpe, muitos clientes conectados
    at Parser.parseErrorMessage (C:\apps\QWork\node_modules\.pnpm\pg-protocol@1.10.3\node_modules\pg-protocol\dist\parser.js:285:98)
    at Parser.handlePacket (C:\apps\QWork\node_modules\.pnpm\pg-protocol@1.10.3\node_modules\pg-protocol\dist\parser.js:122:29)
    at Parser.parse (C:\apps\QWork\node_modules\.pnpm\pg-protocol@1.10.3\node_modules\pg-protocol\dist\parser.js:35:38)
    at Socket.<anonymous> (C:\apps\QWork\node_modules\.pnpm\pg-protocol@1.10.3\node_modules\pg-protocol\dist\index.js:11:42)
    at Socket.emit (node:events:508:28)
    at addChunk (node:internal/streams/readable:559:12)
    at readableAddChunkPushByteMode (node:internal/streams/readable:510:3)
    at Readable.push (node:internal/streams/readable:390:5)
    at TCP.onStreamRead (node:internal/stream_base_commons:189:23) {
  length: 90,
  severity: 'FATAL',
  code: '53300',
  detail: undefined,
  hint: undefined,
  position: undefined,
  internalPosition: undefined,
  internalQuery: undefined,
  where: undefined,
  schema: undefined,
  table: undefined,
  column: undefined,
  dataType: undefined,
  constraint: undefined,
  file: 'proc.c',
  line: '357',
  routine: 'InitProcess'
}
error: desculpe, muitos clientes conectados
    at Parser.parseErrorMessage (C:\apps\QWork\node_modules\.pnpm\pg-protocol@1.10.3\node_modules\pg-protocol\dist\parser.js:285:98)
    at Parser.handlePacket (C:\apps\QWork\node_modules\.pnpm\pg-protocol@1.10.3\node_modules\pg-protocol\dist\parser.js:122:29)
    at Parser.parse (C:\apps\QWork\node_modules\.pnpm\pg-protocol@1.10.3\node_modules\pg-protocol\dist\parser.js:35:38)
    at Socket.<anonymous> (C:\apps\QWork\node_modules\.pnpm\pg-protocol@1.10.3\node_modules\pg-protocol\dist\index.js:11:42)
    at Socket.emit (node:events:508:28)
    at addChunk (node:internal/streams/readable:559:12)
    at readableAddChunkPushByteMode (node:internal/streams/readable:510:3)
    at Readable.push (node:internal/streams/readable:390:5)
    at TCP.onStreamRead (node:internal/stream_base_commons:189:23) {
  length: 90,
  severity: 'FATAL',
  code: '53300',
  detail: undefined,
  hint: undefined,
  position: undefined,
  internalPosition: undefined,
  internalQuery: undefined,
  where: undefined,
  schema: undefined,
  table: undefined,
  column: undefined,
  dataType: undefined,
  constraint: undefined,
  file: 'proc.c',
  line: '357',
  routine: 'InitProcess'
}
PASS __tests__/database/database-reset.test.ts
  ÔùÅ Console

    console.log
      [dotenv@17.2.3] injecting env (0) from .env.test -- tip: ÔÜÖ´©Å  load multiple .env files with { path: ['.env.local', '.env'] }

      at _log (node_modules/.pnpm/dotenv@17.2.3/node_modules/dotenv/lib/main.js:142:11)

    console.log
      ­ƒøí´©Å [jest.setup] Removendo DATABASE_URL do ambiente de testes (valor n├úo importa)

      at Object.<anonymous> (__tests__/config/jest.setup.js:125:17)

    console.log
      ­ƒøí´©Å [jest.setup] Prote├º├úo do banco de testes ativada - usando: nr-bps_db_test

      at Object.<anonymous> (__tests__/config/jest.setup.js:150:13)

    console.warn
      N├úo foi poss├¡vel aplicar semente RBAC para o banco de teste: Command failed: node ./scripts/seed-test-rbac.cjs

      188 | }));
      189 |
    > 190 | // Mock Next.js server components
          |             ^
      191 | jest.mock('next/server', () => ({
      192 |   NextResponse: class MockNextResponse {
      193 |     constructor(body, options) {

      at Object.<anonymous> (__tests__/config/jest.setup.js:190:13)

error: desculpe, muitos clientes conectados
    at Parser.parseErrorMessage (C:\apps\QWork\node_modules\.pnpm\pg-protocol@1.10.3\node_modules\pg-protocol\dist\parser.js:285:98)
    at Parser.handlePacket (C:\apps\QWork\node_modules\.pnpm\pg-protocol@1.10.3\node_modules\pg-protocol\dist\parser.js:122:29)
    at Parser.parse (C:\apps\QWork\node_modules\.pnpm\pg-protocol@1.10.3\node_modules\pg-protocol\dist\parser.js:35:38)
    at Socket.<anonymous> (C:\apps\QWork\node_modules\.pnpm\pg-protocol@1.10.3\node_modules\pg-protocol\dist\index.js:11:42)
    at Socket.emit (node:events:508:28)
    at addChunk (node:internal/streams/readable:559:12)
    at readableAddChunkPushByteMode (node:internal/streams/readable:510:3)
    at Readable.push (node:internal/streams/readable:390:5)
    at TCP.onStreamRead (node:internal/stream_base_commons:189:23) {
  length: 90,
  severity: 'FATAL',
  code: '53300',
  detail: undefined,
  hint: undefined,
  position: undefined,
  internalPosition: undefined,
  internalQuery: undefined,
  where: undefined,
  schema: undefined,
  table: undefined,
  column: undefined,
  dataType: undefined,
  constraint: undefined,
  file: 'proc.c',
  line: '357',
  routine: 'InitProcess'
}
error: desculpe, muitos clientes conectados
    at Parser.parseErrorMessage (C:\apps\QWork\node_modules\.pnpm\pg-protocol@1.10.3\node_modules\pg-protocol\dist\parser.js:285:98)
    at Parser.handlePacket (C:\apps\QWork\node_modules\.pnpm\pg-protocol@1.10.3\node_modules\pg-protocol\dist\parser.js:122:29)
    at Parser.parse (C:\apps\QWork\node_modules\.pnpm\pg-protocol@1.10.3\node_modules\pg-protocol\dist\parser.js:35:38)
    at Socket.<anonymous> (C:\apps\QWork\node_modules\.pnpm\pg-protocol@1.10.3\node_modules\pg-protocol\dist\index.js:11:42)
    at Socket.emit (node:events:508:28)
    at addChunk (node:internal/streams/readable:559:12)
    at readableAddChunkPushByteMode (node:internal/streams/readable:510:3)
    at Readable.push (node:internal/streams/readable:390:5)
    at TCP.onStreamRead (node:internal/stream_base_commons:189:23) {
  length: 90,
  severity: 'FATAL',
  code: '53300',
  detail: undefined,
  hint: undefined,
  position: undefined,
  internalPosition: undefined,
  internalQuery: undefined,
  where: undefined,
  schema: undefined,
  table: undefined,
  column: undefined,
  dataType: undefined,
  constraint: undefined,
  file: 'proc.c',
  line: '357',
  routine: 'InitProcess'
}
FAIL __tests__/api/avaliacao/resultados.test.ts
  ÔùÅ Console

    console.log
      [dotenv@17.2.3] injecting env (0) from .env.test -- tip: ­ƒöÉ encrypt with Dotenvx: https://dotenvx.com

      at _log (node_modules/.pnpm/dotenv@17.2.3/node_modules/dotenv/lib/main.js:142:11)

    console.log
      ­ƒøí´©Å [jest.setup] Removendo DATABASE_URL do ambiente de testes (valor n├úo importa)

      at Object.<anonymous> (__tests__/config/jest.setup.js:125:17)

    console.log
      ­ƒøí´©Å [jest.setup] Prote├º├úo do banco de testes ativada - usando: nr-bps_db_test

      at Object.<anonymous> (__tests__/config/jest.setup.js:150:13)

    console.warn
      N├úo foi poss├¡vel aplicar semente RBAC para o banco de teste: Command failed: node ./scripts/seed-test-rbac.cjs

      188 | }));
      189 |
    > 190 | // Mock Next.js server components
          |             ^
      191 | jest.mock('next/server', () => ({
      192 |   NextResponse: class MockNextResponse {
      193 |     constructor(body, options) {

      at Object.<anonymous> (__tests__/config/jest.setup.js:190:13)

  ÔùÅ /api/avaliacao/resultados ÔÇ║ deve retornar resultados da avalia├º├úo conclu├¡da

    expect(received).toBe(expected) // Object.is equality

    Expected: 200
    Received: 500

      46 |     const data = await response.json()
      47 |
    > 48 |     expect(response.status).toBe(200)
         |                             ^
      49 |     expect(data.resultados).toHaveLength(4)
      50 |     expect(data.resultados[0].grupo).toBe(1)
      51 |     expect(data.resultados[1].grupo).toBe(2)

      at Object.toBe (__tests__/api/avaliacao/resultados.test.ts:48:29)

  ÔùÅ /api/avaliacao/resultados ÔÇ║ deve retornar erro 404 quando n├úo h├í avalia├º├úo

    expect(received).toBe(expected) // Object.is equality

    Expected: 404
    Received: 500

      62 |     const data = await response.json()
      63 |
    > 64 |     expect(response.status).toBe(404)
         |                             ^
      65 |     expect(data).toEqual({ error: 'Nenhuma avalia├º├úo encontrada' })
      66 |   })
      67 |

      at Object.toBe (__tests__/api/avaliacao/resultados.test.ts:64:29)

PASS __tests__/components/hash-display-ui.test.tsx
  ÔùÅ Console

    console.log
      [dotenv@17.2.3] injecting env (0) from .env.test -- tip: ­ƒöÉ prevent building .env in docker: https://dotenvx.com/prebuild

      at _log (node_modules/.pnpm/dotenv@17.2.3/node_modules/dotenv/lib/main.js:142:11)

    console.log
      ­ƒøí´©Å [jest.setup] Removendo DATABASE_URL do ambiente de testes (valor n├úo importa)

      at Object.<anonymous> (__tests__/config/jest.setup.js:125:17)

    console.log
      ­ƒøí´©Å [jest.setup] Prote├º├úo do banco de testes ativada - usando: nr-bps_db_test

      at Object.<anonymous> (__tests__/config/jest.setup.js:150:13)

    console.warn
      N├úo foi poss├¡vel aplicar semente RBAC para o banco de teste: Command failed: node ./scripts/seed-test-rbac.cjs

      188 | }));
      189 |
    > 190 | // Mock Next.js server components
          |             ^
      191 | jest.mock('next/server', () => ({
      192 |   NextResponse: class MockNextResponse {
      193 |     constructor(body, options) {

      at Object.<anonymous> (__tests__/config/jest.setup.js:190:13)

PASS __tests__/lib/status-aprovacao-type.test.ts
  ÔùÅ Console

    console.log
      [dotenv@17.2.3] injecting env (0) from .env.test -- tip: ­ƒöä add secrets lifecycle management: https://dotenvx.com/ops

      at _log (node_modules/.pnpm/dotenv@17.2.3/node_modules/dotenv/lib/main.js:142:11)

    console.log
      ­ƒøí´©Å [jest.setup] Removendo DATABASE_URL do ambiente de testes (valor n├úo importa)

      at Object.<anonymous> (__tests__/config/jest.setup.js:125:17)

    console.log
      ­ƒøí´©Å [jest.setup] Prote├º├úo do banco de testes ativada - usando: nr-bps_db_test

      at Object.<anonymous> (__tests__/config/jest.setup.js:150:13)

    console.warn
      N├úo foi poss├¡vel aplicar semente RBAC para o banco de teste: Command failed: node ./scripts/seed-test-rbac.cjs

      188 | }));
      189 |
    > 190 | // Mock Next.js server components
          |             ^
      191 | jest.mock('next/server', () => ({
      192 |   NextResponse: class MockNextResponse {
      193 |     constructor(body, options) {

      at Object.<anonymous> (__tests__/config/jest.setup.js:190:13)

PASS __tests__/emissor/emissor-dashboard-ui.test.tsx
  ÔùÅ Console

    console.log
      [dotenv@17.2.3] injecting env (0) from .env.test -- tip: ­ƒæÑ sync secrets across teammates & machines: https://dotenvx.com/ops

      at _log (node_modules/.pnpm/dotenv@17.2.3/node_modules/dotenv/lib/main.js:142:11)

    console.log
      ­ƒøí´©Å [jest.setup] Removendo DATABASE_URL do ambiente de testes (valor n├úo importa)

      at Object.<anonymous> (__tests__/config/jest.setup.js:125:17)

    console.log
      ­ƒøí´©Å [jest.setup] Prote├º├úo do banco de testes ativada - usando: nr-bps_db_test

      at Object.<anonymous> (__tests__/config/jest.setup.js:150:13)

    console.warn
      N├úo foi poss├¡vel aplicar semente RBAC para o banco de teste: Command failed: node ./scripts/seed-test-rbac.cjs

      188 | }));
      189 |
    > 190 | // Mock Next.js server components
          |             ^
      191 | jest.mock('next/server', () => ({
      192 |   NextResponse: class MockNextResponse {
      193 |     constructor(body, options) {

      at Object.<anonymous> (__tests__/config/jest.setup.js:190:13)

error: desculpe, muitos clientes conectados
    at Parser.parseErrorMessage (C:\apps\QWork\node_modules\.pnpm\pg-protocol@1.10.3\node_modules\pg-protocol\dist\parser.js:285:98)
    at Parser.handlePacket (C:\apps\QWork\node_modules\.pnpm\pg-protocol@1.10.3\node_modules\pg-protocol\dist\parser.js:122:29)
    at Parser.parse (C:\apps\QWork\node_modules\.pnpm\pg-protocol@1.10.3\node_modules\pg-protocol\dist\parser.js:35:38)
    at Socket.<anonymous> (C:\apps\QWork\node_modules\.pnpm\pg-protocol@1.10.3\node_modules\pg-protocol\dist\index.js:11:42)
    at Socket.emit (node:events:508:28)
    at addChunk (node:internal/streams/readable:559:12)
    at readableAddChunkPushByteMode (node:internal/streams/readable:510:3)
    at Readable.push (node:internal/streams/readable:390:5)
    at TCP.onStreamRead (node:internal/stream_base_commons:189:23) {
  length: 90,
  severity: 'FATAL',
  code: '53300',
  detail: undefined,
  hint: undefined,
  position: undefined,
  internalPosition: undefined,
  internalQuery: undefined,
  where: undefined,
  schema: undefined,
  table: undefined,
  column: undefined,
  dataType: undefined,
  constraint: undefined,
  file: 'proc.c',
  line: '357',
  routine: 'InitProcess'
}
error: desculpe, muitos clientes conectados
    at Parser.parseErrorMessage (C:\apps\QWork\node_modules\.pnpm\pg-protocol@1.10.3\node_modules\pg-protocol\dist\parser.js:285:98)
    at Parser.handlePacket (C:\apps\QWork\node_modules\.pnpm\pg-protocol@1.10.3\node_modules\pg-protocol\dist\parser.js:122:29)
    at Parser.parse (C:\apps\QWork\node_modules\.pnpm\pg-protocol@1.10.3\node_modules\pg-protocol\dist\parser.js:35:38)
    at Socket.<anonymous> (C:\apps\QWork\node_modules\.pnpm\pg-protocol@1.10.3\node_modules\pg-protocol\dist\index.js:11:42)
    at Socket.emit (node:events:508:28)
    at addChunk (node:internal/streams/readable:559:12)
    at readableAddChunkPushByteMode (node:internal/streams/readable:510:3)
    at Readable.push (node:internal/streams/readable:390:5)
    at TCP.onStreamRead (node:internal/stream_base_commons:189:23) {
  length: 90,
  severity: 'FATAL',
  code: '53300',
  detail: undefined,
  hint: undefined,
  position: undefined,
  internalPosition: undefined,
  internalQuery: undefined,
  where: undefined,
  schema: undefined,
  table: undefined,
  column: undefined,
  dataType: undefined,
  constraint: undefined,
  file: 'proc.c',
  line: '357',
  routine: 'InitProcess'
}
error: desculpe, muitos clientes conectados
    at Parser.parseErrorMessage (C:\apps\QWork\node_modules\.pnpm\pg-protocol@1.10.3\node_modules\pg-protocol\dist\parser.js:285:98)
    at Parser.handlePacket (C:\apps\QWork\node_modules\.pnpm\pg-protocol@1.10.3\node_modules\pg-protocol\dist\parser.js:122:29)
    at Parser.parse (C:\apps\QWork\node_modules\.pnpm\pg-protocol@1.10.3\node_modules\pg-protocol\dist\parser.js:35:38)
    at Socket.<anonymous> (C:\apps\QWork\node_modules\.pnpm\pg-protocol@1.10.3\node_modules\pg-protocol\dist\index.js:11:42)
    at Socket.emit (node:events:508:28)
    at addChunk (node:internal/streams/readable:559:12)
    at readableAddChunkPushByteMode (node:internal/streams/readable:510:3)
    at Readable.push (node:internal/streams/readable:390:5)
    at TCP.onStreamRead (node:internal/stream_base_commons:189:23) {
  length: 90,
  severity: 'FATAL',
  code: '53300',
  detail: undefined,
  hint: undefined,
  position: undefined,
  internalPosition: undefined,
  internalQuery: undefined,
  where: undefined,
  schema: undefined,
  table: undefined,
  column: undefined,
  dataType: undefined,
  constraint: undefined,
  file: 'proc.c',
  line: '357',
  routine: 'InitProcess'
}
error: desculpe, muitos clientes conectados
    at Parser.parseErrorMessage (C:\apps\QWork\node_modules\.pnpm\pg-protocol@1.10.3\node_modules\pg-protocol\dist\parser.js:285:98)
    at Parser.handlePacket (C:\apps\QWork\node_modules\.pnpm\pg-protocol@1.10.3\node_modules\pg-protocol\dist\parser.js:122:29)
    at Parser.parse (C:\apps\QWork\node_modules\.pnpm\pg-protocol@1.10.3\node_modules\pg-protocol\dist\parser.js:35:38)
    at Socket.<anonymous> (C:\apps\QWork\node_modules\.pnpm\pg-protocol@1.10.3\node_modules\pg-protocol\dist\index.js:11:42)
    at Socket.emit (node:events:508:28)
    at addChunk (node:internal/streams/readable:559:12)
    at readableAddChunkPushByteMode (node:internal/streams/readable:510:3)
    at Readable.push (node:internal/streams/readable:390:5)
    at TCP.onStreamRead (node:internal/stream_base_commons:189:23) {
  length: 90,
  severity: 'FATAL',
  code: '53300',
  detail: undefined,
  hint: undefined,
  position: undefined,
  internalPosition: undefined,
  internalQuery: undefined,
  where: undefined,
  schema: undefined,
  table: undefined,
  column: undefined,
  dataType: undefined,
  constraint: undefined,
  file: 'proc.c',
  line: '357',
  routine: 'InitProcess'
}
error: desculpe, muitos clientes conectados
    at Parser.parseErrorMessage (C:\apps\QWork\node_modules\.pnpm\pg-protocol@1.10.3\node_modules\pg-protocol\dist\parser.js:285:98)
    at Parser.handlePacket (C:\apps\QWork\node_modules\.pnpm\pg-protocol@1.10.3\node_modules\pg-protocol\dist\parser.js:122:29)
    at Parser.parse (C:\apps\QWork\node_modules\.pnpm\pg-protocol@1.10.3\node_modules\pg-protocol\dist\parser.js:35:38)
    at Socket.<anonymous> (C:\apps\QWork\node_modules\.pnpm\pg-protocol@1.10.3\node_modules\pg-protocol\dist\index.js:11:42)
    at Socket.emit (node:events:508:28)
    at addChunk (node:internal/streams/readable:559:12)
    at readableAddChunkPushByteMode (node:internal/streams/readable:510:3)
    at Readable.push (node:internal/streams/readable:390:5)
    at TCP.onStreamRead (node:internal/stream_base_commons:189:23) {
  length: 90,
  severity: 'FATAL',
  code: '53300',
  detail: undefined,
  hint: undefined,
  position: undefined,
  internalPosition: undefined,
  internalQuery: undefined,
  where: undefined,
  schema: undefined,
  table: undefined,
  column: undefined,
  dataType: undefined,
  constraint: undefined,
  file: 'proc.c',
  line: '357',
  routine: 'InitProcess'
}
PASS __tests__/security/rbac.test.ts
  ÔùÅ Console

    console.log
      [dotenv@17.2.3] injecting env (0) from .env.test -- tip: ÔÜÖ´©Å  write to custom object with { processEnv: myObject }

      at _log (node_modules/.pnpm/dotenv@17.2.3/node_modules/dotenv/lib/main.js:142:11)

    console.log
      ­ƒøí´©Å [jest.setup] Removendo DATABASE_URL do ambiente de testes (valor n├úo importa)

      at Object.<anonymous> (__tests__/config/jest.setup.js:125:17)

    console.log
      ­ƒøí´©Å [jest.setup] Prote├º├úo do banco de testes ativada - usando: nr-bps_db_test

      at Object.<anonymous> (__tests__/config/jest.setup.js:150:13)

    console.warn
      N├úo foi poss├¡vel aplicar semente RBAC para o banco de teste: Command failed: node ./scripts/seed-test-rbac.cjs

      188 | }));
      189 |
    > 190 | // Mock Next.js server components
          |             ^
      191 | jest.mock('next/server', () => ({
      192 |   NextResponse: class MockNextResponse {
      193 |     constructor(body, options) {

      at Object.<anonymous> (__tests__/config/jest.setup.js:190:13)

FAIL __tests__/database/detectar-anomalias-indice.test.ts
  ÔùÅ Console

    console.log
      [dotenv@17.2.3] injecting env (0) from .env.test -- tip: ÔÜÖ´©Å  suppress all logs with { quiet: true }

      at _log (node_modules/.pnpm/dotenv@17.2.3/node_modules/dotenv/lib/main.js:142:11)

    console.log
      ­ƒøí´©Å [jest.setup] Removendo DATABASE_URL do ambiente de testes (valor n├úo importa)

      at Object.<anonymous> (__tests__/config/jest.setup.js:125:17)

    console.log
      ­ƒøí´©Å [jest.setup] Prote├º├úo do banco de testes ativada - usando: nr-bps_db_test

      at Object.<anonymous> (__tests__/config/jest.setup.js:150:13)

    console.warn
      N├úo foi poss├¡vel aplicar semente RBAC para o banco de teste: Command failed: node ./scripts/seed-test-rbac.cjs

      188 | }));
      189 |
    > 190 | // Mock Next.js server components
          |             ^
      191 | jest.mock('next/server', () => ({
      192 |   NextResponse: class MockNextResponse {
      193 |     constructor(body, options) {

      at Object.<anonymous> (__tests__/config/jest.setup.js:190:13)

    console.log
      ­ƒöî [lib/db.ts] Conectado ao banco: nr-bps_db_test @ localhost (ambiente: test)

      at Object.log (lib/db.ts:673:15)

  ÔùÅ Fun├º├úo detectar_anomalias_indice ÔÇ║ Detec├º├úo de anomalias ÔÇ║ deve detectar inativa├º├Áes consecutivas

    error: desculpe, muitos clientes conectados

      440 |     if ((isDevelopment || isTest) && localPool) {
      441 |       // PostgreSQL Local (Desenvolvimento e Testes)
    > 442 |       const client = await localPool.connect();
          |                      ^
      443 |       try {
      444 |         // If we have a session, run the query inside a transaction and set LOCAL params
      445 |         if (session) {

      at node_modules/.pnpm/pg-pool@3.10.1_pg@8.16.3/node_modules/pg-pool/index.js:45:11
      at query (lib/db.ts:442:22)
      at Object.<anonymous> (__tests__/database/detectar-anomalias-indice.test.ts:14:22)

  ÔùÅ Fun├º├úo detectar_anomalias_indice ÔÇ║ Detec├º├úo de anomalias ÔÇ║ deve ordenar por severidade (CR├ìTICA primeiro)

    error: desculpe, muitos clientes conectados

      440 |     if ((isDevelopment || isTest) && localPool) {
      441 |       // PostgreSQL Local (Desenvolvimento e Testes)
    > 442 |       const client = await localPool.connect();
          |                      ^
      443 |       try {
      444 |         // If we have a session, run the query inside a transaction and set LOCAL params
      445 |         if (session) {

      at node_modules/.pnpm/pg-pool@3.10.1_pg@8.16.3/node_modules/pg-pool/index.js:45:11
      at query (lib/db.ts:442:22)
      at Object.<anonymous> (__tests__/database/detectar-anomalias-indice.test.ts:28:22)

  ÔùÅ Fun├º├úo detectar_anomalias_indice ÔÇ║ Detec├º├úo de anomalias ÔÇ║ deve retornar tipos de anomalia v├ílidos

    error: desculpe, muitos clientes conectados

      440 |     if ((isDevelopment || isTest) && localPool) {
      441 |       // PostgreSQL Local (Desenvolvimento e Testes)
    > 442 |       const client = await localPool.connect();
          |                      ^
      443 |       try {
      444 |         // If we have a session, run the query inside a transaction and set LOCAL params
      445 |         if (session) {

      at node_modules/.pnpm/pg-pool@3.10.1_pg@8.16.3/node_modules/pg-pool/index.js:45:11
      at query (lib/db.ts:442:22)
      at Object.<anonymous> (__tests__/database/detectar-anomalias-indice.test.ts:43:22)

  ÔùÅ Fun├º├úo detectar_anomalias_indice ÔÇ║ Detec├º├úo de anomalias ÔÇ║ deve retornar severidades v├ílidas

    error: desculpe, muitos clientes conectados

      440 |     if ((isDevelopment || isTest) && localPool) {
      441 |       // PostgreSQL Local (Desenvolvimento e Testes)
    > 442 |       const client = await localPool.connect();
          |                      ^
      443 |       try {
      444 |         // If we have a session, run the query inside a transaction and set LOCAL params
      445 |         if (session) {

      at node_modules/.pnpm/pg-pool@3.10.1_pg@8.16.3/node_modules/pg-pool/index.js:45:11
      at query (lib/db.ts:442:22)
      at Object.<anonymous> (__tests__/database/detectar-anomalias-indice.test.ts:61:22)

  ÔùÅ Fun├º├úo detectar_anomalias_indice ÔÇ║ Valida├º├úo de estrutura ÔÇ║ deve ter estrutura de retorno correta

    error: desculpe, muitos clientes conectados

      440 |     if ((isDevelopment || isTest) && localPool) {
      441 |       // PostgreSQL Local (Desenvolvimento e Testes)
    > 442 |       const client = await localPool.connect();
          |                      ^
      443 |       try {
      444 |         // If we have a session, run the query inside a transaction and set LOCAL params
      445 |         if (session) {

      at node_modules/.pnpm/pg-pool@3.10.1_pg@8.16.3/node_modules/pg-pool/index.js:45:11
      at query (lib/db.ts:442:22)
      at Object.<anonymous> (__tests__/database/detectar-anomalias-indice.test.ts:75:22)

PASS __tests__/lib/hooks/useAnomalias.test.ts
  ÔùÅ Console

    console.log
      [dotenv@17.2.3] injecting env (0) from .env.test -- tip: ÔÜÖ´©Å  load multiple .env files with { path: ['.env.local', '.env'] }

      at _log (node_modules/.pnpm/dotenv@17.2.3/node_modules/dotenv/lib/main.js:142:11)

    console.log
      ­ƒøí´©Å [jest.setup] Removendo DATABASE_URL do ambiente de testes (valor n├úo importa)

      at Object.<anonymous> (__tests__/config/jest.setup.js:125:17)

    console.log
      ­ƒøí´©Å [jest.setup] Prote├º├úo do banco de testes ativada - usando: nr-bps_db_test

      at Object.<anonymous> (__tests__/config/jest.setup.js:150:13)

    console.warn
      N├úo foi poss├¡vel aplicar semente RBAC para o banco de teste: Command failed: node ./scripts/seed-test-rbac.cjs

      188 | }));
      189 |
    > 190 | // Mock Next.js server components
          |             ^
      191 | jest.mock('next/server', () => ({
      192 |   NextResponse: class MockNextResponse {
      193 |     constructor(body, options) {

      at Object.<anonymous> (__tests__/config/jest.setup.js:190:13)

FAIL __tests__/integration/funcionario-entidade-create.integration.test.ts
  ÔùÅ Console

    console.log
      [dotenv@17.2.3] injecting env (0) from .env.test -- tip: ­ƒøá´©Å  run anywhere with `dotenvx run -- yourcommand`

      at _log (node_modules/.pnpm/dotenv@17.2.3/node_modules/dotenv/lib/main.js:142:11)

    console.log
      ­ƒøí´©Å [jest.setup] Removendo DATABASE_URL do ambiente de testes (valor n├úo importa)

      at Object.<anonymous> (__tests__/config/jest.setup.js:125:17)

    console.log
      ­ƒøí´©Å [jest.setup] Prote├º├úo do banco de testes ativada - usando: nr-bps_db_test

      at Object.<anonymous> (__tests__/config/jest.setup.js:150:13)

    console.warn
      N├úo foi poss├¡vel aplicar semente RBAC para o banco de teste: Command failed: node ./scripts/seed-test-rbac.cjs

      188 | }));
      189 |
    > 190 | // Mock Next.js server components
          |             ^
      191 | jest.mock('next/server', () => ({
      192 |   NextResponse: class MockNextResponse {
      193 |     constructor(body, options) {

      at Object.<anonymous> (__tests__/config/jest.setup.js:190:13)

    console.log
      ­ƒöî [lib/db.ts] Conectado ao banco: nr-bps_db_test @ localhost (ambiente: test)

      at Object.log (lib/db.ts:673:15)

  ÔùÅ Integration: Criar funcion├írio para entidade ÔÇ║ Ô£à deve criar funcion├írio vinculado diretamente ├á entidade (tomador_id)

    error: desculpe, muitos clientes conectados

      440 |     if ((isDevelopment || isTest) && localPool) {
      441 |       // PostgreSQL Local (Desenvolvimento e Testes)
    > 442 |       const client = await localPool.connect();
          |                      ^
      443 |       try {
      444 |         // If we have a session, run the query inside a transaction and set LOCAL params
      445 |         if (session) {

      at node_modules/.pnpm/pg-pool@3.10.1_pg@8.16.3/node_modules/pg-pool/index.js:45:11
      at query (lib/db.ts:442:22)
      at Object.<anonymous> (__tests__/integration/funcionario-entidade-create.integration.test.ts:22:17)

  ÔùÅ Integration: Criar funcion├írio para entidade ÔÇ║ Ô£à constraint funcionarios_clinica_check deve aceitar tomador_id OR clinica_id

    error: desculpe, muitos clientes conectados

      440 |     if ((isDevelopment || isTest) && localPool) {
      441 |       // PostgreSQL Local (Desenvolvimento e Testes)
    > 442 |       const client = await localPool.connect();
          |                      ^
      443 |       try {
      444 |         // If we have a session, run the query inside a transaction and set LOCAL params
      445 |         if (session) {

      at node_modules/.pnpm/pg-pool@3.10.1_pg@8.16.3/node_modules/pg-pool/index.js:45:11
      at query (lib/db.ts:442:22)
      at Object.<anonymous> (__tests__/integration/funcionario-entidade-create.integration.test.ts:22:17)

  ÔùÅ Integration: Criar funcion├írio para entidade ÔÇ║ Ô£à deve rejeitar funcion├írio sem clinica_id, tomador_id e perfil n├úo especial

    error: desculpe, muitos clientes conectados

      440 |     if ((isDevelopment || isTest) && localPool) {
      441 |       // PostgreSQL Local (Desenvolvimento e Testes)
    > 442 |       const client = await localPool.connect();
          |                      ^
      443 |       try {
      444 |         // If we have a session, run the query inside a transaction and set LOCAL params
      445 |         if (session) {

      at node_modules/.pnpm/pg-pool@3.10.1_pg@8.16.3/node_modules/pg-pool/index.js:45:11
      at query (lib/db.ts:442:22)
      at Object.<anonymous> (__tests__/integration/funcionario-entidade-create.integration.test.ts:22:17)


  ÔùÅ Test suite failed to run

    error: desculpe, muitos clientes conectados

      440 |     if ((isDevelopment || isTest) && localPool) {
      441 |       // PostgreSQL Local (Desenvolvimento e Testes)
    > 442 |       const client = await localPool.connect();
          |                      ^
      443 |       try {
      444 |         // If we have a session, run the query inside a transaction and set LOCAL params
      445 |         if (session) {

      at node_modules/.pnpm/pg-pool@3.10.1_pg@8.16.3/node_modules/pg-pool/index.js:45:11
      at query (lib/db.ts:442:22)
      at Object.<anonymous> (__tests__/integration/funcionario-entidade-create.integration.test.ts:35:5)

FAIL __tests__/entidade/entidade-layout.test.tsx
  ÔùÅ Console

    console.log
      [dotenv@17.2.3] injecting env (0) from .env.test -- tip: ÔÜÖ´©Å  suppress all logs with { quiet: true }

      at _log (node_modules/.pnpm/dotenv@17.2.3/node_modules/dotenv/lib/main.js:142:11)

    console.log
      ­ƒøí´©Å [jest.setup] Removendo DATABASE_URL do ambiente de testes (valor n├úo importa)

      at Object.<anonymous> (__tests__/config/jest.setup.js:125:17)

    console.log
      ­ƒøí´©Å [jest.setup] Prote├º├úo do banco de testes ativada - usando: nr-bps_db_test

      at Object.<anonymous> (__tests__/config/jest.setup.js:150:13)

    console.warn
      N├úo foi poss├¡vel aplicar semente RBAC para o banco de teste: Command failed: node ./scripts/seed-test-rbac.cjs

      188 | }));
      189 |
    > 190 | // Mock Next.js server components
          |             ^
      191 | jest.mock('next/server', () => ({
      192 |   NextResponse: class MockNextResponse {
      193 |     constructor(body, options) {

      at Object.<anonymous> (__tests__/config/jest.setup.js:190:13)

    console.log
      [ENTIDADE LAYOUT] Termos n├úo aceitos - redirecionando para login

      at log (app/entidade/layout.tsx:78:23)

    console.log
      [ENTIDADE LAYOUT] Termos n├úo aceitos - redirecionando para login

      at log (app/entidade/layout.tsx:78:23)

  ÔùÅ Entidade layout aceita gestor e carrega conteudo

    expect(jest.fn()).not.toHaveBeenCalled()

    Expected number of calls: 0
    Received number of calls: 2

    1: "/login?motivo=termos_pendentes"
    2: "/login?motivo=termos_pendentes"

      101 |   );
      102 |
    > 103 |   expect(pushMock).not.toHaveBeenCalled();
          |                        ^
      104 | });
      105 |

      at Object.toHaveBeenCalled (__tests__/entidade/entidade-layout.test.tsx:103:24)

error: desculpe, muitos clientes conectados
    at Parser.parseErrorMessage (C:\apps\QWork\node_modules\.pnpm\pg-protocol@1.10.3\node_modules\pg-protocol\dist\parser.js:285:98)
    at Parser.handlePacket (C:\apps\QWork\node_modules\.pnpm\pg-protocol@1.10.3\node_modules\pg-protocol\dist\parser.js:122:29)
    at Parser.parse (C:\apps\QWork\node_modules\.pnpm\pg-protocol@1.10.3\node_modules\pg-protocol\dist\parser.js:35:38)
    at Socket.<anonymous> (C:\apps\QWork\node_modules\.pnpm\pg-protocol@1.10.3\node_modules\pg-protocol\dist\index.js:11:42)
    at Socket.emit (node:events:508:28)
    at addChunk (node:internal/streams/readable:559:12)
    at readableAddChunkPushByteMode (node:internal/streams/readable:510:3)
    at Readable.push (node:internal/streams/readable:390:5)
    at TCP.onStreamRead (node:internal/stream_base_commons:189:23) {
  length: 90,
  severity: 'FATAL',
  code: '53300',
  detail: undefined,
  hint: undefined,
  position: undefined,
  internalPosition: undefined,
  internalQuery: undefined,
  where: undefined,
  schema: undefined,
  table: undefined,
  column: undefined,
  dataType: undefined,
  constraint: undefined,
  file: 'proc.c',
  line: '357',
  routine: 'InitProcess'
}
error: desculpe, muitos clientes conectados
    at Parser.parseErrorMessage (C:\apps\QWork\node_modules\.pnpm\pg-protocol@1.10.3\node_modules\pg-protocol\dist\parser.js:285:98)
    at Parser.handlePacket (C:\apps\QWork\node_modules\.pnpm\pg-protocol@1.10.3\node_modules\pg-protocol\dist\parser.js:122:29)
    at Parser.parse (C:\apps\QWork\node_modules\.pnpm\pg-protocol@1.10.3\node_modules\pg-protocol\dist\parser.js:35:38)
    at Socket.<anonymous> (C:\apps\QWork\node_modules\.pnpm\pg-protocol@1.10.3\node_modules\pg-protocol\dist\index.js:11:42)
    at Socket.emit (node:events:508:28)
    at addChunk (node:internal/streams/readable:559:12)
    at readableAddChunkPushByteMode (node:internal/streams/readable:510:3)
    at Readable.push (node:internal/streams/readable:390:5)
    at TCP.onStreamRead (node:internal/stream_base_commons:189:23) {
  length: 90,
  severity: 'FATAL',
  code: '53300',
  detail: undefined,
  hint: undefined,
  position: undefined,
  internalPosition: undefined,
  internalQuery: undefined,
  where: undefined,
  schema: undefined,
  table: undefined,
  column: undefined,
  dataType: undefined,
  constraint: undefined,
  file: 'proc.c',
  line: '357',
  routine: 'InitProcess'
}
error: desculpe, muitos clientes conectados
    at Parser.parseErrorMessage (C:\apps\QWork\node_modules\.pnpm\pg-protocol@1.10.3\node_modules\pg-protocol\dist\parser.js:285:98)
    at Parser.handlePacket (C:\apps\QWork\node_modules\.pnpm\pg-protocol@1.10.3\node_modules\pg-protocol\dist\parser.js:122:29)
    at Parser.parse (C:\apps\QWork\node_modules\.pnpm\pg-protocol@1.10.3\node_modules\pg-protocol\dist\parser.js:35:38)
    at Socket.<anonymous> (C:\apps\QWork\node_modules\.pnpm\pg-protocol@1.10.3\node_modules\pg-protocol\dist\index.js:11:42)
    at Socket.emit (node:events:508:28)
    at addChunk (node:internal/streams/readable:559:12)
    at readableAddChunkPushByteMode (node:internal/streams/readable:510:3)
    at Readable.push (node:internal/streams/readable:390:5)
    at TCP.onStreamRead (node:internal/stream_base_commons:189:23) {
  length: 90,
  severity: 'FATAL',
  code: '53300',
  detail: undefined,
  hint: undefined,
  position: undefined,
  internalPosition: undefined,
  internalQuery: undefined,
  where: undefined,
  schema: undefined,
  table: undefined,
  column: undefined,
  dataType: undefined,
  constraint: undefined,
  file: 'proc.c',
  line: '357',
  routine: 'InitProcess'
}
error: desculpe, muitos clientes conectados
    at Parser.parseErrorMessage (C:\apps\QWork\node_modules\.pnpm\pg-protocol@1.10.3\node_modules\pg-protocol\dist\parser.js:285:98)
    at Parser.handlePacket (C:\apps\QWork\node_modules\.pnpm\pg-protocol@1.10.3\node_modules\pg-protocol\dist\parser.js:122:29)
    at Parser.parse (C:\apps\QWork\node_modules\.pnpm\pg-protocol@1.10.3\node_modules\pg-protocol\dist\parser.js:35:38)
    at Socket.<anonymous> (C:\apps\QWork\node_modules\.pnpm\pg-protocol@1.10.3\node_modules\pg-protocol\dist\index.js:11:42)
    at Socket.emit (node:events:508:28)
    at addChunk (node:internal/streams/readable:559:12)
    at readableAddChunkPushByteMode (node:internal/streams/readable:510:3)
    at Readable.push (node:internal/streams/readable:390:5)
    at TCP.onStreamRead (node:internal/stream_base_commons:189:23) {
  length: 90,
  severity: 'FATAL',
  code: '53300',
  detail: undefined,
  hint: undefined,
  position: undefined,
  internalPosition: undefined,
  internalQuery: undefined,
  where: undefined,
  schema: undefined,
  table: undefined,
  column: undefined,
  dataType: undefined,
  constraint: undefined,
  file: 'proc.c',
  line: '357',
  routine: 'InitProcess'
}
error: desculpe, muitos clientes conectados
    at Parser.parseErrorMessage (C:\apps\QWork\node_modules\.pnpm\pg-protocol@1.10.3\node_modules\pg-protocol\dist\parser.js:285:98)
    at Parser.handlePacket (C:\apps\QWork\node_modules\.pnpm\pg-protocol@1.10.3\node_modules\pg-protocol\dist\parser.js:122:29)
    at Parser.parse (C:\apps\QWork\node_modules\.pnpm\pg-protocol@1.10.3\node_modules\pg-protocol\dist\parser.js:35:38)
    at Socket.<anonymous> (C:\apps\QWork\node_modules\.pnpm\pg-protocol@1.10.3\node_modules\pg-protocol\dist\index.js:11:42)
    at Socket.emit (node:events:508:28)
    at addChunk (node:internal/streams/readable:559:12)
    at readableAddChunkPushByteMode (node:internal/streams/readable:510:3)
    at Readable.push (node:internal/streams/readable:390:5)
    at TCP.onStreamRead (node:internal/stream_base_commons:189:23) {
  length: 90,
  severity: 'FATAL',
  code: '53300',
  detail: undefined,
  hint: undefined,
  position: undefined,
  internalPosition: undefined,
  internalQuery: undefined,
  where: undefined,
  schema: undefined,
  table: undefined,
  column: undefined,
  dataType: undefined,
  constraint: undefined,
  file: 'proc.c',
  line: '357',
  routine: 'InitProcess'
}
error: desculpe, muitos clientes conectados
    at Parser.parseErrorMessage (C:\apps\QWork\node_modules\.pnpm\pg-protocol@1.10.3\node_modules\pg-protocol\dist\parser.js:285:98)
    at Parser.handlePacket (C:\apps\QWork\node_modules\.pnpm\pg-protocol@1.10.3\node_modules\pg-protocol\dist\parser.js:122:29)
    at Parser.parse (C:\apps\QWork\node_modules\.pnpm\pg-protocol@1.10.3\node_modules\pg-protocol\dist\parser.js:35:38)
    at Socket.<anonymous> (C:\apps\QWork\node_modules\.pnpm\pg-protocol@1.10.3\node_modules\pg-protocol\dist\index.js:11:42)
    at Socket.emit (node:events:508:28)
    at addChunk (node:internal/streams/readable:559:12)
    at readableAddChunkPushByteMode (node:internal/streams/readable:510:3)
    at Readable.push (node:internal/streams/readable:390:5)
    at TCP.onStreamRead (node:internal/stream_base_commons:189:23) {
  length: 90,
  severity: 'FATAL',
  code: '53300',
  detail: undefined,
  hint: undefined,
  position: undefined,
  internalPosition: undefined,
  internalQuery: undefined,
  where: undefined,
  schema: undefined,
  table: undefined,
  column: undefined,
  dataType: undefined,
  constraint: undefined,
  file: 'proc.c',
  line: '357',
  routine: 'InitProcess'
}
PASS __tests__/components/ProgressBar.test.tsx
  ÔùÅ Console

    console.log
      [dotenv@17.2.3] injecting env (0) from .env.test -- tip: Ô£à audit secrets and track compliance: https://dotenvx.com/ops

      at _log (node_modules/.pnpm/dotenv@17.2.3/node_modules/dotenv/lib/main.js:142:11)

    console.log
      ­ƒøí´©Å [jest.setup] Removendo DATABASE_URL do ambiente de testes (valor n├úo importa)

      at Object.<anonymous> (__tests__/config/jest.setup.js:125:17)

    console.log
      ­ƒøí´©Å [jest.setup] Prote├º├úo do banco de testes ativada - usando: nr-bps_db_test

      at Object.<anonymous> (__tests__/config/jest.setup.js:150:13)

    console.warn
      N├úo foi poss├¡vel aplicar semente RBAC para o banco de teste: Command failed: node ./scripts/seed-test-rbac.cjs

      188 | }));
      189 |
    > 190 | // Mock Next.js server components
          |             ^
      191 | jest.mock('next/server', () => ({
      192 |   NextResponse: class MockNextResponse {
      193 |     constructor(body, options) {

      at Object.<anonymous> (__tests__/config/jest.setup.js:190:13)

PASS __tests__/security/rate-limiting.test.ts
  ÔùÅ Console

    console.log
      [dotenv@17.2.3] injecting env (0) from .env.test -- tip: ­ƒöÉ prevent building .env in docker: https://dotenvx.com/prebuild

      at _log (node_modules/.pnpm/dotenv@17.2.3/node_modules/dotenv/lib/main.js:142:11)

    console.log
      ­ƒøí´©Å [jest.setup] Removendo DATABASE_URL do ambiente de testes (valor n├úo importa)

      at Object.<anonymous> (__tests__/config/jest.setup.js:125:17)

    console.log
      ­ƒøí´©Å [jest.setup] Prote├º├úo do banco de testes ativada - usando: nr-bps_db_test

      at Object.<anonymous> (__tests__/config/jest.setup.js:150:13)

    console.warn
      N├úo foi poss├¡vel aplicar semente RBAC para o banco de teste: Command failed: node ./scripts/seed-test-rbac.cjs

      188 | }));
      189 |
    > 190 | // Mock Next.js server components
          |             ^
      191 | jest.mock('next/server', () => ({
      192 |   NextResponse: class MockNextResponse {
      193 |     constructor(body, options) {

      at Object.<anonymous> (__tests__/config/jest.setup.js:190:13)

    console.log
      ­ƒöî [lib/db.ts] Conectado ao banco: nr-bps_db_test @ localhost (ambiente: test)

      at Object.log (lib/db.ts:673:15)

PASS __tests__/lib/laudo-storage.test.ts
  ÔùÅ Console

    console.log
      [dotenv@17.2.3] injecting env (0) from .env.test -- tip: Ô£à audit secrets and track compliance: https://dotenvx.com/ops

      at _log (node_modules/.pnpm/dotenv@17.2.3/node_modules/dotenv/lib/main.js:142:11)

    console.log
      ­ƒøí´©Å [jest.setup] Removendo DATABASE_URL do ambiente de testes (valor n├úo importa)

      at Object.<anonymous> (__tests__/config/jest.setup.js:125:17)

    console.log
      ­ƒøí´©Å [jest.setup] Prote├º├úo do banco de testes ativada - usando: nr-bps_db_test

      at Object.<anonymous> (__tests__/config/jest.setup.js:150:13)

    console.warn
      N├úo foi poss├¡vel aplicar semente RBAC para o banco de teste: Command failed: node ./scripts/seed-test-rbac.cjs

      188 | }));
      189 |
    > 190 | // Mock Next.js server components
          |             ^
      191 | jest.mock('next/server', () => ({
      192 |   NextResponse: class MockNextResponse {
      193 |     constructor(body, options) {

      at Object.<anonymous> (__tests__/config/jest.setup.js:190:13)

    console.log
      [STORAGE] Laudo 1771601993176 salvo localmente em C:\apps\QWork\storage\laudos\laudo-1771601993176.pdf

      at log (lib/storage/laudo-storage.ts:88:11)

    console.log
      [STORAGE] Laudo 1771601993218 lido do storage local

      at log (lib/storage/laudo-storage.ts:217:13)

    console.log
      [STORAGE] Laudo 1771601993228 baixado do Backblaze (via metadados) e salvo localmente

      at log (lib/storage/laudo-storage.ts:253:19)

    console.log
      ­ƒöî [lib/db.ts] Conectado ao banco: nr-bps_db_test @ localhost (ambiente: test)

      at Object.log (lib/db.ts:673:15)

    console.log
      [STORAGE] Laudo 999999 salvo localmente em C:\apps\QWork\storage\laudos\laudo-999999.pdf

      at log (lib/storage/laudo-storage.ts:88:11)

PASS __tests__/components/funcionarios/FuncionariosSection.elegibilidade.test.tsx
  ÔùÅ Console

    console.log
      [dotenv@17.2.3] injecting env (0) from .env.test -- tip: ­ƒöæ add access controls to secrets: https://dotenvx.com/ops

      at _log (node_modules/.pnpm/dotenv@17.2.3/node_modules/dotenv/lib/main.js:142:11)

    console.log
      ­ƒøí´©Å [jest.setup] Removendo DATABASE_URL do ambiente de testes (valor n├úo importa)

      at Object.<anonymous> (__tests__/config/jest.setup.js:125:17)

    console.log
      ­ƒøí´©Å [jest.setup] Prote├º├úo do banco de testes ativada - usando: nr-bps_db_test

      at Object.<anonymous> (__tests__/config/jest.setup.js:150:13)

    console.warn
      N├úo foi poss├¡vel aplicar semente RBAC para o banco de teste: Command failed: node ./scripts/seed-test-rbac.cjs

      188 | }));
      189 |
    > 190 | // Mock Next.js server components
          |             ^
      191 | jest.mock('next/server', () => ({
      192 |   NextResponse: class MockNextResponse {
      193 |     constructor(body, options) {

      at Object.<anonymous> (__tests__/config/jest.setup.js:190:13)

PASS __tests__/api/entidade/relatorio-lote-pdf-corrections.test.ts
  ÔùÅ Console

    console.log
      [dotenv@17.2.3] injecting env (0) from .env.test -- tip: Ô£à audit secrets and track compliance: https://dotenvx.com/ops

      at _log (node_modules/.pnpm/dotenv@17.2.3/node_modules/dotenv/lib/main.js:142:11)

    console.log
      ­ƒøí´©Å [jest.setup] Removendo DATABASE_URL do ambiente de testes (valor n├úo importa)

      at Object.<anonymous> (__tests__/config/jest.setup.js:125:17)

    console.log
      ­ƒøí´©Å [jest.setup] Prote├º├úo do banco de testes ativada - usando: nr-bps_db_test

      at Object.<anonymous> (__tests__/config/jest.setup.js:150:13)

    console.warn
      N├úo foi poss├¡vel aplicar semente RBAC para o banco de teste: Command failed: node ./scripts/seed-test-rbac.cjs

      188 | }));
      189 |
    > 190 | // Mock Next.js server components
          |             ^
      191 | jest.mock('next/server', () => ({
      192 |   NextResponse: class MockNextResponse {
      193 |     constructor(body, options) {

      at Object.<anonymous> (__tests__/config/jest.setup.js:190:13)

error: desculpe, muitos clientes conectados
    at Parser.parseErrorMessage (C:\apps\QWork\node_modules\.pnpm\pg-protocol@1.10.3\node_modules\pg-protocol\dist\parser.js:285:98)
    at Parser.handlePacket (C:\apps\QWork\node_modules\.pnpm\pg-protocol@1.10.3\node_modules\pg-protocol\dist\parser.js:122:29)
    at Parser.parse (C:\apps\QWork\node_modules\.pnpm\pg-protocol@1.10.3\node_modules\pg-protocol\dist\parser.js:35:38)
    at Socket.<anonymous> (C:\apps\QWork\node_modules\.pnpm\pg-protocol@1.10.3\node_modules\pg-protocol\dist\index.js:11:42)
    at Socket.emit (node:events:508:28)
    at addChunk (node:internal/streams/readable:559:12)
    at readableAddChunkPushByteMode (node:internal/streams/readable:510:3)
    at Readable.push (node:internal/streams/readable:390:5)
    at TCP.onStreamRead (node:internal/stream_base_commons:189:23) {
  length: 90,
  severity: 'FATAL',
  code: '53300',
  detail: undefined,
  hint: undefined,
  position: undefined,
  internalPosition: undefined,
  internalQuery: undefined,
  where: undefined,
  schema: undefined,
  table: undefined,
  column: undefined,
  dataType: undefined,
  constraint: undefined,
  file: 'proc.c',
  line: '357',
  routine: 'InitProcess'
}
error: desculpe, muitos clientes conectados
    at Parser.parseErrorMessage (C:\apps\QWork\node_modules\.pnpm\pg-protocol@1.10.3\node_modules\pg-protocol\dist\parser.js:285:98)
    at Parser.handlePacket (C:\apps\QWork\node_modules\.pnpm\pg-protocol@1.10.3\node_modules\pg-protocol\dist\parser.js:122:29)
    at Parser.parse (C:\apps\QWork\node_modules\.pnpm\pg-protocol@1.10.3\node_modules\pg-protocol\dist\parser.js:35:38)
    at Socket.<anonymous> (C:\apps\QWork\node_modules\.pnpm\pg-protocol@1.10.3\node_modules\pg-protocol\dist\index.js:11:42)
    at Socket.emit (node:events:508:28)
    at addChunk (node:internal/streams/readable:559:12)
    at readableAddChunkPushByteMode (node:internal/streams/readable:510:3)
    at Readable.push (node:internal/streams/readable:390:5)
    at TCP.onStreamRead (node:internal/stream_base_commons:189:23) {
  length: 90,
  severity: 'FATAL',
  code: '53300',
  detail: undefined,
  hint: undefined,
  position: undefined,
  internalPosition: undefined,
  internalQuery: undefined,
  where: undefined,
  schema: undefined,
  table: undefined,
  column: undefined,
  dataType: undefined,
  constraint: undefined,
  file: 'proc.c',
  line: '357',
  routine: 'InitProcess'
}
error: desculpe, muitos clientes conectados
    at Parser.parseErrorMessage (C:\apps\QWork\node_modules\.pnpm\pg-protocol@1.10.3\node_modules\pg-protocol\dist\parser.js:285:98)
    at Parser.handlePacket (C:\apps\QWork\node_modules\.pnpm\pg-protocol@1.10.3\node_modules\pg-protocol\dist\parser.js:122:29)
    at Parser.parse (C:\apps\QWork\node_modules\.pnpm\pg-protocol@1.10.3\node_modules\pg-protocol\dist\parser.js:35:38)
    at Socket.<anonymous> (C:\apps\QWork\node_modules\.pnpm\pg-protocol@1.10.3\node_modules\pg-protocol\dist\index.js:11:42)
    at Socket.emit (node:events:508:28)
    at addChunk (node:internal/streams/readable:559:12)
    at readableAddChunkPushByteMode (node:internal/streams/readable:510:3)
    at Readable.push (node:internal/streams/readable:390:5)
    at TCP.onStreamRead (node:internal/stream_base_commons:189:23) {
  length: 90,
  severity: 'FATAL',
  code: '53300',
  detail: undefined,
  hint: undefined,
  position: undefined,
  internalPosition: undefined,
  internalQuery: undefined,
  where: undefined,
  schema: undefined,
  table: undefined,
  column: undefined,
  dataType: undefined,
  constraint: undefined,
  file: 'proc.c',
  line: '357',
  routine: 'InitProcess'
}
error: desculpe, muitos clientes conectados
    at Parser.parseErrorMessage (C:\apps\QWork\node_modules\.pnpm\pg-protocol@1.10.3\node_modules\pg-protocol\dist\parser.js:285:98)
    at Parser.handlePacket (C:\apps\QWork\node_modules\.pnpm\pg-protocol@1.10.3\node_modules\pg-protocol\dist\parser.js:122:29)
    at Parser.parse (C:\apps\QWork\node_modules\.pnpm\pg-protocol@1.10.3\node_modules\pg-protocol\dist\parser.js:35:38)
    at Socket.<anonymous> (C:\apps\QWork\node_modules\.pnpm\pg-protocol@1.10.3\node_modules\pg-protocol\dist\index.js:11:42)
    at Socket.emit (node:events:508:28)
    at addChunk (node:internal/streams/readable:559:12)
    at readableAddChunkPushByteMode (node:internal/streams/readable:510:3)
    at Readable.push (node:internal/streams/readable:390:5)
    at TCP.onStreamRead (node:internal/stream_base_commons:189:23) {
  length: 90,
  severity: 'FATAL',
  code: '53300',
  detail: undefined,
  hint: undefined,
  position: undefined,
  internalPosition: undefined,
  internalQuery: undefined,
  where: undefined,
  schema: undefined,
  table: undefined,
  column: undefined,
  dataType: undefined,
  constraint: undefined,
  file: 'proc.c',
  line: '357',
  routine: 'InitProcess'
}
error: desculpe, muitos clientes conectados
    at Parser.parseErrorMessage (C:\apps\QWork\node_modules\.pnpm\pg-protocol@1.10.3\node_modules\pg-protocol\dist\parser.js:285:98)
    at Parser.handlePacket (C:\apps\QWork\node_modules\.pnpm\pg-protocol@1.10.3\node_modules\pg-protocol\dist\parser.js:122:29)
    at Parser.parse (C:\apps\QWork\node_modules\.pnpm\pg-protocol@1.10.3\node_modules\pg-protocol\dist\parser.js:35:38)
    at Socket.<anonymous> (C:\apps\QWork\node_modules\.pnpm\pg-protocol@1.10.3\node_modules\pg-protocol\dist\index.js:11:42)
    at Socket.emit (node:events:508:28)
    at addChunk (node:internal/streams/readable:559:12)
    at readableAddChunkPushByteMode (node:internal/streams/readable:510:3)
    at Readable.push (node:internal/streams/readable:390:5)
    at TCP.onStreamRead (node:internal/stream_base_commons:189:23) {
  length: 90,
  severity: 'FATAL',
  code: '53300',
  detail: undefined,
  hint: undefined,
  position: undefined,
  internalPosition: undefined,
  internalQuery: undefined,
  where: undefined,
  schema: undefined,
  table: undefined,
  column: undefined,
  dataType: undefined,
  constraint: undefined,
  file: 'proc.c',
  line: '357',
  routine: 'InitProcess'
}
FAIL __tests__/integration/entidade-lotes-contratante.integration.test.ts
  ÔùÅ Console

    console.log
      [dotenv@17.2.3] injecting env (0) from .env.test -- tip: ÔÜÖ´©Å  load multiple .env files with { path: ['.env.local', '.env'] }

      at _log (node_modules/.pnpm/dotenv@17.2.3/node_modules/dotenv/lib/main.js:142:11)

    console.log
      ­ƒøí´©Å [jest.setup] Removendo DATABASE_URL do ambiente de testes (valor n├úo importa)

      at Object.<anonymous> (__tests__/config/jest.setup.js:125:17)

    console.log
      ­ƒøí´©Å [jest.setup] Prote├º├úo do banco de testes ativada - usando: nr-bps_db_test

      at Object.<anonymous> (__tests__/config/jest.setup.js:150:13)

    console.warn
      N├úo foi poss├¡vel aplicar semente RBAC para o banco de teste: Command failed: node ./scripts/seed-test-rbac.cjs

      188 | }));
      189 |
    > 190 | // Mock Next.js server components
          |             ^
      191 | jest.mock('next/server', () => ({
      192 |   NextResponse: class MockNextResponse {
      193 |     constructor(body, options) {

      at Object.<anonymous> (__tests__/config/jest.setup.js:190:13)

    console.log
      ­ƒöî [lib/db.ts] Conectado ao banco: nr-bps_db_test @ localhost (ambiente: test)

      at Object.log (lib/db.ts:673:15)

  ÔùÅ Integra├º├úo: Entidade Lotes com contratante_id ÔÇ║ rota de entidade retorna lotes para contratante_id

    error: desculpe, muitos clientes conectados

      440 |     if ((isDevelopment || isTest) && localPool) {
      441 |       // PostgreSQL Local (Desenvolvimento e Testes)
    > 442 |       const client = await localPool.connect();
          |                      ^
      443 |       try {
      444 |         // If we have a session, run the query inside a transaction and set LOCAL params
      445 |         if (session) {

      at node_modules/.pnpm/pg-pool@3.10.1_pg@8.16.3/node_modules/pg-pool/index.js:45:11
      at query (lib/db.ts:442:22)
      at Object.<anonymous> (__tests__/integration/entidade-lotes-contratante.integration.test.ts:21:20)

PASS __tests__/api/admin/planos.test.ts
  ÔùÅ Console

    console.log
      [dotenv@17.2.3] injecting env (0) from .env.test -- tip: ­ƒöä add secrets lifecycle management: https://dotenvx.com/ops

      at _log (node_modules/.pnpm/dotenv@17.2.3/node_modules/dotenv/lib/main.js:142:11)

    console.log
      ­ƒøí´©Å [jest.setup] Removendo DATABASE_URL do ambiente de testes (valor n├úo importa)

      at Object.<anonymous> (__tests__/config/jest.setup.js:125:17)

    console.log
      ­ƒøí´©Å [jest.setup] Prote├º├úo do banco de testes ativada - usando: nr-bps_db_test

      at Object.<anonymous> (__tests__/config/jest.setup.js:150:13)

    console.warn
      N├úo foi poss├¡vel aplicar semente RBAC para o banco de teste: Command failed: node ./scripts/seed-test-rbac.cjs

      188 | }));
      189 |
    > 190 | // Mock Next.js server components
          |             ^
      191 | jest.mock('next/server', () => ({
      192 |   NextResponse: class MockNextResponse {
      193 |     constructor(body, options) {

      at Object.<anonymous> (__tests__/config/jest.setup.js:190:13)

    console.log
      ­ƒöî [lib/db.ts] Conectado ao banco: nr-bps_db_test @ localhost (ambiente: test)

      at Object.log (lib/db.ts:673:15)

FAIL __tests__/rh/lote-filtros-coluna.test.tsx
  ÔùÅ Console

    console.log
      [dotenv@17.2.3] injecting env (0) from .env.test -- tip: Ô£à audit secrets and track compliance: https://dotenvx.com/ops

      at _log (node_modules/.pnpm/dotenv@17.2.3/node_modules/dotenv/lib/main.js:142:11)

    console.log
      ­ƒøí´©Å [jest.setup] Removendo DATABASE_URL do ambiente de testes (valor n├úo importa)

      at Object.<anonymous> (__tests__/config/jest.setup.js:125:17)

    console.log
      ­ƒøí´©Å [jest.setup] Prote├º├úo do banco de testes ativada - usando: nr-bps_db_test

      at Object.<anonymous> (__tests__/config/jest.setup.js:150:13)

    console.warn
      N├úo foi poss├¡vel aplicar semente RBAC para o banco de teste: Command failed: node ./scripts/seed-test-rbac.cjs

      188 | }));
      189 |
    > 190 | // Mock Next.js server components
          |             ^
      191 | jest.mock('next/server', () => ({
      192 |   NextResponse: class MockNextResponse {
      193 |     constructor(body, options) {

      at Object.<anonymous> (__tests__/config/jest.setup.js:190:13)

    console.debug
      [Filtro] buscaDebouncedValue:  filtrosColuna: {
        nome: [],
        cpf: [],
        nivel_cargo: [],
        status: [],
        g1: [],
        g2: [],
        g3: [],
        g4: [],
        g5: [],
        g6: [],
        g7: [],
        g8: [],
        g9: [],
        g10: []
      }

      at debug (app/rh/empresa/[id]/lote/[loteId]/page.tsx:680:15)

    console.debug
      [Filtro] resultados filtrados (sample): [] count: 0

      at debug (app/rh/empresa/[id]/lote/[loteId]/page.tsx:687:15)

    console.debug
      [Filtro] buscaDebouncedValue:  filtrosColuna: {
        nome: [],
        cpf: [],
        nivel_cargo: [],
        status: [],
        g1: [],
        g2: [],
        g3: [],
        g4: [],
        g5: [],
        g6: [],
        g7: [],
        g8: [],
        g9: [],
        g10: []
      }

      at debug (app/rh/empresa/[id]/lote/[loteId]/page.tsx:680:15)

    console.debug
      [Filtro] resultados filtrados (sample): [ { cpf: '12345678901', nome: 'Jo├úo Silva' } ] count: 1

      at debug (app/rh/empresa/[id]/lote/[loteId]/page.tsx:687:15)

    console.debug
      [Filtro] buscaDebouncedValue:  filtrosColuna: {
        nome: [],
        cpf: [],
        nivel_cargo: [],
        status: [],
        g1: [],
        g2: [],
        g3: [],
        g4: [],
        g5: [],
        g6: [],
        g7: [],
        g8: [],
        g9: [],
        g10: []
      }

      at debug (app/rh/empresa/[id]/lote/[loteId]/page.tsx:680:15)

    console.debug
      [Filtro] resultados filtrados (sample): [] count: 0

      at debug (app/rh/empresa/[id]/lote/[loteId]/page.tsx:687:15)

    console.debug
      [Filtro] buscaDebouncedValue:  filtrosColuna: {
        nome: [],
        cpf: [],
        nivel_cargo: [],
        status: [],
        g1: [],
        g2: [],
        g3: [],
        g4: [],
        g5: [],
        g6: [],
        g7: [],
        g8: [],
        g9: [],
        g10: []
      }

      at debug (app/rh/empresa/[id]/lote/[loteId]/page.tsx:680:15)

    console.debug
      [Filtro] resultados filtrados (sample): [ { cpf: '12345678901', nome: 'Jo├úo Silva' } ] count: 1

      at debug (app/rh/empresa/[id]/lote/[loteId]/page.tsx:687:15)

  ÔùÅ DetalhesLotePage - Filtros por Coluna ÔÇ║ deve renderizar a p├ígina de detalhes do lote com filtros por coluna

    Unable to find an element with the text: Lote de Teste. This could be because the text is broken up by multiple elements. In this case, you can provide a function for your text matcher to make your matcher more flexible.

    Ignored nodes: comments, script, style
    <body>
      <div>
        <div
          class="min-h-screen bg-gray-50"
        >
          <main
            class="container mx-auto px-4 py-6"
          >
            <div
              class="mb-6"
            >
              <button
                class="flex items-center gap-2 text-gray-600 hover:text-gray-800 mb-4 text-sm"
              >
                ÔåÉ Voltar para Dashboard
              </button>
              <div
                class="bg-white rounded-lg shadow-md border border-gray-200 p-6"
              >
                <div
                  class="flex flex-col lg:flex-row lg:items-start lg:justify-between gap-6"
                >
                  <div
                    class="flex-1"
                  >
                    <div
                      class="mb-1"
                    >
                      <span
                        class="text-xs font-semibold text-gray-500 uppercase tracking-wide"
                      >
                        Lote ID
                      </span>
                    </div>
                    <h1
                      class="text-3xl font-bold text-gray-900 mb-3"
                    >
                      1
                    </h1>
                    <div
                      class="grid grid-cols-1 md:grid-cols-2 gap-x-6 gap-y-2 text-sm text-gray-700"
                    >
                      <div>
                        <span
                          class="text-gray-500"
                        >
                          Empresa:
                        </span>
                         
                        <span
                          class="font-medium"
                        >
                          Empresa Teste
                        </span>
                      </div>
                      <div>
                        <span
                          class="text-gray-500"
                        >
                          Tipo:
                        </span>
                         
                        <span
                          class="font-medium"
                        >
                          Completo
                        </span>
                      </div>
                      <div>
                        <span
                          class="text-gray-500"
                        >
                          Liberado em:
                        </span>
                         
                        <span
                          class="font-medium"
                        >
                          01/01/2024 ├ás 07:00
                        </span>
                      </div>
                      <div>
                        <span
                          class="text-gray-500"
                        >
                          Liberado por:
                        </span>
                         
                        <span
                          class="font-medium"
                        >
                          Admin User
                        </span>
                      </div>
                    </div>
                    <p
                      class="mt-3 text-sm text-gray-600 italic"
                    >
                      Descri├º├úo do lote
                    </p>
                  </div>
                  <div
                    class="w-full md:w-auto lg:w-72"
                  >
                    <div
                      class="flex flex-col sm:flex-row sm:items-start gap-3"
                    >
                      <div
                        class="w-full sm:w-44 md:w-48 flex-shrink-0 flex flex-col gap-2"
                      >
                        <button
                          aria-label="Gerar Relat├│rio PDF do Lote"
                          class="w-full bg-green-600 text-white px-4 py-3 rounded-lg hover:bg-green-700 transition-colors disabled:bg-gray-400 disabled:cursor-not-allowed text-sm font-medium"
                          disabled=""
                        >
                          ÔÅ│ Aguardando conclus├úo
                        </button>
                      </div>
                    </div>
                  </div>
                </div>
              </div>
            </div>
            <div
              class="bg-white rounded-lg shadow-sm p-6 mb-6"
            >
              <div
                class="flex flex-col md:flex-row gap-4"
              >
                <div
                  class="flex-1 relative"
                >
                  <input
                    class="w-full px-4 py-2 pr-10 border border-gray-300 rounded-lg text-sm focus:outline-none focus:ring-2 focus:ring-primary"
                    placeholder="Buscar por nome, CPF, setor, fun├º├úo, matr├¡cula... (ignora acentos)"
                    type="text"
                    value=""
                  />
                </div>
                <div
                  class="flex gap-2"
                >
                  <select
                    class="px-4 py-2 border border-gray-300 rounded-lg text-sm focus:outline-none focus:ring-2 focus:ring-primary"
                  >
                    <option
                      value="todos"
                    >
                      Todos os status
                    </option>
                    <option
                      value="concluido"
                    >
                      Conclu├¡das
                    </option>
                    <option
                      value="pendente"
                    >
                      Pendentes
                    </option>
                  </select>
                  <button
                    class[39...

      89 |
      90 |     // Aguardar carregamento
    > 91 |     await waitFor(() => {
         |                  ^
      92 |       expect(screen.getByText('Lote de Teste')).toBeInTheDocument();
      93 |     });
      94 |

      at waitForWrapper (node_modules/.pnpm/@testing-library+dom@10.4.1/node_modules/@testing-library/dom/dist/wait-for.js:163:27)
      at Object.<anonymous> (__tests__/rh/lote-filtros-coluna.test.tsx:91:18)

FAIL __tests__/auth/first_login_change_password.test.ts
  ÔùÅ Console

    console.log
      [dotenv@17.2.3] injecting env (0) from .env.test -- tip: ­ƒæÑ sync secrets across teammates & machines: https://dotenvx.com/ops

      at _log (node_modules/.pnpm/dotenv@17.2.3/node_modules/dotenv/lib/main.js:142:11)

    console.log
      ­ƒøí´©Å [jest.setup] Removendo DATABASE_URL do ambiente de testes (valor n├úo importa)

      at Object.<anonymous> (__tests__/config/jest.setup.js:125:17)

    console.log
      ­ƒøí´©Å [jest.setup] Prote├º├úo do banco de testes ativada - usando: nr-bps_db_test

      at Object.<anonymous> (__tests__/config/jest.setup.js:150:13)

    console.warn
      N├úo foi poss├¡vel aplicar semente RBAC para o banco de teste: Command failed: node ./scripts/seed-test-rbac.cjs

      188 | }));
      189 |
    > 190 | // Mock Next.js server components
          |             ^
      191 | jest.mock('next/server', () => ({
      192 |   NextResponse: class MockNextResponse {
      193 |     constructor(body, options) {

      at Object.<anonymous> (__tests__/config/jest.setup.js:190:13)

    console.log
      ­ƒöî [lib/db.ts] Conectado ao banco: nr-bps_db_test @ localhost (ambiente: test)

      at Object.log (lib/db.ts:673:15)

  ÔùÅ For├ºar troca de senha no primeiro login (Nova Arquitetura) ÔÇ║ Tabela entidades_senhas (Gestores) ÔÇ║ deve ter coluna primeira_senha_alterada com default false

    error: desculpe, muitos clientes conectados

      440 |     if ((isDevelopment || isTest) && localPool) {
      441 |       // PostgreSQL Local (Desenvolvimento e Testes)
    > 442 |       const client = await localPool.connect();
          |                      ^
      443 |       try {
      444 |         // If we have a session, run the query inside a transaction and set LOCAL params
      445 |         if (session) {

      at node_modules/.pnpm/pg-pool@3.10.1_pg@8.16.3/node_modules/pg-pool/index.js:45:11
      at query (lib/db.ts:442:22)
      at Object.<anonymous> (__tests__/auth/first_login_change_password.test.ts:15:22)

  ÔùÅ For├ºar troca de senha no primeiro login (Nova Arquitetura) ÔÇ║ Tabela entidades_senhas (Gestores) ÔÇ║ deve permitir consultar flag de primeira senha

    error: desculpe, muitos clientes conectados

      440 |     if ((isDevelopment || isTest) && localPool) {
      441 |       // PostgreSQL Local (Desenvolvimento e Testes)
    > 442 |       const client = await localPool.connect();
          |                      ^
      443 |       try {
      444 |         // If we have a session, run the query inside a transaction and set LOCAL params
      445 |         if (session) {

      at node_modules/.pnpm/pg-pool@3.10.1_pg@8.16.3/node_modules/pg-pool/index.js:45:11
      at query (lib/db.ts:442:22)
      at Object.<anonymous> (__tests__/auth/first_login_change_password.test.ts:28:22)

  ÔùÅ For├ºar troca de senha no primeiro login (Nova Arquitetura) ÔÇ║ Tabela clinicas_senhas (RH) ÔÇ║ deve ter coluna primeira_senha_alterada com default false

    error: desculpe, muitos clientes conectados

      440 |     if ((isDevelopment || isTest) && localPool) {
      441 |       // PostgreSQL Local (Desenvolvimento e Testes)
    > 442 |       const client = await localPool.connect();
          |                      ^
      443 |       try {
      444 |         // If we have a session, run the query inside a transaction and set LOCAL params
      445 |         if (session) {

      at node_modules/.pnpm/pg-pool@3.10.1_pg@8.16.3/node_modules/pg-pool/index.js:45:11
      at query (lib/db.ts:442:22)
      at Object.<anonymous> (__tests__/auth/first_login_change_password.test.ts:41:22)

  ÔùÅ For├ºar troca de senha no primeiro login (Nova Arquitetura) ÔÇ║ Tabela clinicas_senhas (RH) ÔÇ║ deve permitir consultar flag de primeira senha

    error: desculpe, muitos clientes conectados

      440 |     if ((isDevelopment || isTest) && localPool) {
      441 |       // PostgreSQL Local (Desenvolvimento e Testes)
    > 442 |       const client = await localPool.connect();
          |                      ^
      443 |       try {
      444 |         // If we have a session, run the query inside a transaction and set LOCAL params
      445 |         if (session) {

      at node_modules/.pnpm/pg-pool@3.10.1_pg@8.16.3/node_modules/pg-pool/index.js:45:11
      at query (lib/db.ts:442:22)
      at Object.<anonymous> (__tests__/auth/first_login_change_password.test.ts:54:22)

error: desculpe, muitos clientes conectados
    at Parser.parseErrorMessage (C:\apps\QWork\node_modules\.pnpm\pg-protocol@1.10.3\node_modules\pg-protocol\dist\parser.js:285:98)
    at Parser.handlePacket (C:\apps\QWork\node_modules\.pnpm\pg-protocol@1.10.3\node_modules\pg-protocol\dist\parser.js:122:29)
    at Parser.parse (C:\apps\QWork\node_modules\.pnpm\pg-protocol@1.10.3\node_modules\pg-protocol\dist\parser.js:35:38)
    at Socket.<anonymous> (C:\apps\QWork\node_modules\.pnpm\pg-protocol@1.10.3\node_modules\pg-protocol\dist\index.js:11:42)
    at Socket.emit (node:events:508:28)
    at addChunk (node:internal/streams/readable:559:12)
    at readableAddChunkPushByteMode (node:internal/streams/readable:510:3)
    at Readable.push (node:internal/streams/readable:390:5)
    at TCP.onStreamRead (node:internal/stream_base_commons:189:23) {
  length: 90,
  severity: 'FATAL',
  code: '53300',
  detail: undefined,
  hint: undefined,
  position: undefined,
  internalPosition: undefined,
  internalQuery: undefined,
  where: undefined,
  schema: undefined,
  table: undefined,
  column: undefined,
  dataType: undefined,
  constraint: undefined,
  file: 'proc.c',
  line: '357',
  routine: 'InitProcess'
}
FAIL __tests__/entidade/lote-reset-button.test.tsx
  ÔùÅ Console

    console.log
      [dotenv@17.2.3] injecting env (0) from .env.test -- tip: ­ƒôí add observability to secrets: https://dotenvx.com/ops

      at _log (node_modules/.pnpm/dotenv@17.2.3/node_modules/dotenv/lib/main.js:142:11)

    console.log
      ­ƒøí´©Å [jest.setup] Removendo DATABASE_URL do ambiente de testes (valor n├úo importa)

      at Object.<anonymous> (__tests__/config/jest.setup.js:125:17)

    console.log
      ­ƒøí´©Å [jest.setup] Prote├º├úo do banco de testes ativada - usando: nr-bps_db_test

      at Object.<anonymous> (__tests__/config/jest.setup.js:150:13)

    console.warn
      N├úo foi poss├¡vel aplicar semente RBAC para o banco de teste: Command failed: node ./scripts/seed-test-rbac.cjs

      188 | }));
      189 |
    > 190 | // Mock Next.js server components
          |             ^
      191 | jest.mock('next/server', () => ({
      192 |   NextResponse: class MockNextResponse {
      193 |     constructor(body, options) {

      at Object.<anonymous> (__tests__/config/jest.setup.js:190:13)

  ÔùÅ DetalhesLote - bot├úo Reset ÔÇ║ exibe bot├úo Reset para avalia├º├úo conclu├¡da quando lote ativo

    Unable to find an element with the text: Ôå╗ Reset. This could be because the text is broken up by multiple elements. In this case, you can provide a function for your text matcher to make your matcher more flexible.

    Ignored nodes: comments, script, style
    <body>
      <div>
        <div
          class="min-h-screen bg-gray-50 flex items-center justify-center"
        >
          <div
            class="text-center"
          >
            <p
              class="text-gray-600"
            >
              Lote n├úo encontrado
            </p>
            <button
              class="mt-4 px-4 py-2 bg-primary text-white rounded-lg hover:bg-primary-hover"
            >
              Voltar para Lotes
            </button>
          </div>
        </div>
      </div>
    </body>

       97 |
       98 |     // Assert: Aguardar bot├úo Reset aparecer ap├│s carregamento
    >  99 |     expect(await screen.findByText('Ôå╗ Reset')).toBeInTheDocument();
          |                         ^
      100 |
      101 |     // Act: Clicar no bot├úo Reset
      102 |     fireEvent.click(screen.getByText('Ôå╗ Reset'));

      at waitForWrapper (node_modules/.pnpm/@testing-library+dom@10.4.1/node_modules/@testing-library/dom/dist/wait-for.js:163:27)
      at node_modules/.pnpm/@testing-library+dom@10.4.1/node_modules/@testing-library/dom/dist/query-helpers.js:86:33
      at Object.findByText (__tests__/entidade/lote-reset-button.test.tsx:99:25)

  ÔùÅ DetalhesLote - bot├úo Reset ÔÇ║ exibe bot├úo Reset para avalia├º├úo conclu├¡da quando lote ativo

    TypeError: Cannot read properties of undefined (reading 'push')

      213 |         console.error('Erro ao carregar lote:', error);
      214 |         toast.error('Erro ao conectar com o servidor');
    > 215 |         router.push('/entidade/lotes');
          |                ^
      216 |       } finally {
      217 |         setLoading(false);
      218 |       }

      at push (app/entidade/lote/[id]/page.tsx:215:16)

  ÔùÅ DetalhesLote - bot├úo Reset ÔÇ║ exibe bot├úo Reset para avalia├º├úo conclu├¡da quando lote ativo

    TypeError: Cannot read properties of undefined (reading 'push')

      213 |         console.error('Erro ao carregar lote:', error);
      214 |         toast.error('Erro ao conectar com o servidor');
    > 215 |         router.push('/entidade/lotes');
          |                ^
      216 |       } finally {
      217 |         setLoading(false);
      218 |       }

      at push (app/entidade/lote/[id]/page.tsx:215:16)

error: desculpe, muitos clientes conectados
    at Parser.parseErrorMessage (C:\apps\QWork\node_modules\.pnpm\pg-protocol@1.10.3\node_modules\pg-protocol\dist\parser.js:285:98)
    at Parser.handlePacket (C:\apps\QWork\node_modules\.pnpm\pg-protocol@1.10.3\node_modules\pg-protocol\dist\parser.js:122:29)
    at Parser.parse (C:\apps\QWork\node_modules\.pnpm\pg-protocol@1.10.3\node_modules\pg-protocol\dist\parser.js:35:38)
    at Socket.<anonymous> (C:\apps\QWork\node_modules\.pnpm\pg-protocol@1.10.3\node_modules\pg-protocol\dist\index.js:11:42)
    at Socket.emit (node:events:508:28)
    at addChunk (node:internal/streams/readable:559:12)
    at readableAddChunkPushByteMode (node:internal/streams/readable:510:3)
    at Readable.push (node:internal/streams/readable:390:5)
    at TCP.onStreamRead (node:internal/stream_base_commons:189:23) {
  length: 90,
  severity: 'FATAL',
  code: '53300',
  detail: undefined,
  hint: undefined,
  position: undefined,
  internalPosition: undefined,
  internalQuery: undefined,
  where: undefined,
  schema: undefined,
  table: undefined,
  column: undefined,
  dataType: undefined,
  constraint: undefined,
  file: 'proc.c',
  line: '357',
  routine: 'InitProcess'
}
error: desculpe, muitos clientes conectados
    at Parser.parseErrorMessage (C:\apps\QWork\node_modules\.pnpm\pg-protocol@1.10.3\node_modules\pg-protocol\dist\parser.js:285:98)
    at Parser.handlePacket (C:\apps\QWork\node_modules\.pnpm\pg-protocol@1.10.3\node_modules\pg-protocol\dist\parser.js:122:29)
    at Parser.parse (C:\apps\QWork\node_modules\.pnpm\pg-protocol@1.10.3\node_modules\pg-protocol\dist\parser.js:35:38)
    at Socket.<anonymous> (C:\apps\QWork\node_modules\.pnpm\pg-protocol@1.10.3\node_modules\pg-protocol\dist\index.js:11:42)
    at Socket.emit (node:events:508:28)
    at addChunk (node:internal/streams/readable:559:12)
    at readableAddChunkPushByteMode (node:internal/streams/readable:510:3)
    at Readable.push (node:internal/streams/readable:390:5)
    at TCP.onStreamRead (node:internal/stream_base_commons:189:23) {
  length: 90,
  severity: 'FATAL',
  code: '53300',
  detail: undefined,
  hint: undefined,
  position: undefined,
  internalPosition: undefined,
  internalQuery: undefined,
  where: undefined,
  schema: undefined,
  table: undefined,
  column: undefined,
  dataType: undefined,
  constraint: undefined,
  file: 'proc.c',
  line: '357',
  routine: 'InitProcess'
}
PASS __tests__/components/AvaliacaoConcluida.test.tsx
  ÔùÅ Console

    console.log
      [dotenv@17.2.3] injecting env (0) from .env.test -- tip: ÔÜÖ´©Å  specify custom .env file path with { path: '/custom/path/.env' }

      at _log (node_modules/.pnpm/dotenv@17.2.3/node_modules/dotenv/lib/main.js:142:11)

    console.log
      ­ƒøí´©Å [jest.setup] Removendo DATABASE_URL do ambiente de testes (valor n├úo importa)

      at Object.<anonymous> (__tests__/config/jest.setup.js:125:17)

    console.log
      ­ƒøí´©Å [jest.setup] Prote├º├úo do banco de testes ativada - usando: nr-bps_db_test

      at Object.<anonymous> (__tests__/config/jest.setup.js:150:13)

    console.warn
      N├úo foi poss├¡vel aplicar semente RBAC para o banco de teste: Command failed: node ./scripts/seed-test-rbac.cjs

      188 | }));
      189 |
    > 190 | // Mock Next.js server components
          |             ^
      191 | jest.mock('next/server', () => ({
      192 |   NextResponse: class MockNextResponse {
      193 |     constructor(body, options) {

      at Object.<anonymous> (__tests__/config/jest.setup.js:190:13)

error: desculpe, muitos clientes conectados
    at Parser.parseErrorMessage (C:\apps\QWork\node_modules\.pnpm\pg-protocol@1.10.3\node_modules\pg-protocol\dist\parser.js:285:98)
    at Parser.handlePacket (C:\apps\QWork\node_modules\.pnpm\pg-protocol@1.10.3\node_modules\pg-protocol\dist\parser.js:122:29)
    at Parser.parse (C:\apps\QWork\node_modules\.pnpm\pg-protocol@1.10.3\node_modules\pg-protocol\dist\parser.js:35:38)
    at Socket.<anonymous> (C:\apps\QWork\node_modules\.pnpm\pg-protocol@1.10.3\node_modules\pg-protocol\dist\index.js:11:42)
    at Socket.emit (node:events:508:28)
    at addChunk (node:internal/streams/readable:559:12)
    at readableAddChunkPushByteMode (node:internal/streams/readable:510:3)
    at Readable.push (node:internal/streams/readable:390:5)
    at TCP.onStreamRead (node:internal/stream_base_commons:189:23) {
  length: 90,
  severity: 'FATAL',
  code: '53300',
  detail: undefined,
  hint: undefined,
  position: undefined,
  internalPosition: undefined,
  internalQuery: undefined,
  where: undefined,
  schema: undefined,
  table: undefined,
  column: undefined,
  dataType: undefined,
  constraint: undefined,
  file: 'proc.c',
  line: '357',
  routine: 'InitProcess'
}
error: desculpe, muitos clientes conectados
    at Parser.parseErrorMessage (C:\apps\QWork\node_modules\.pnpm\pg-protocol@1.10.3\node_modules\pg-protocol\dist\parser.js:285:98)
    at Parser.handlePacket (C:\apps\QWork\node_modules\.pnpm\pg-protocol@1.10.3\node_modules\pg-protocol\dist\parser.js:122:29)
    at Parser.parse (C:\apps\QWork\node_modules\.pnpm\pg-protocol@1.10.3\node_modules\pg-protocol\dist\parser.js:35:38)
    at Socket.<anonymous> (C:\apps\QWork\node_modules\.pnpm\pg-protocol@1.10.3\node_modules\pg-protocol\dist\index.js:11:42)
    at Socket.emit (node:events:508:28)
    at addChunk (node:internal/streams/readable:559:12)
    at readableAddChunkPushByteMode (node:internal/streams/readable:510:3)
    at Readable.push (node:internal/streams/readable:390:5)
    at TCP.onStreamRead (node:internal/stream_base_commons:189:23) {
  length: 90,
  severity: 'FATAL',
  code: '53300',
  detail: undefined,
  hint: undefined,
  position: undefined,
  internalPosition: undefined,
  internalQuery: undefined,
  where: undefined,
  schema: undefined,
  table: undefined,
  column: undefined,
  dataType: undefined,
  constraint: undefined,
  file: 'proc.c',
  line: '357',
  routine: 'InitProcess'
}
FAIL __tests__/components/rh/TabNavigation.test.tsx
  ÔùÅ Console

    console.log
      [dotenv@17.2.3] injecting env (0) from .env.test -- tip: ­ƒøá´©Å  run anywhere with `dotenvx run -- yourcommand`

      at _log (node_modules/.pnpm/dotenv@17.2.3/node_modules/dotenv/lib/main.js:142:11)

    console.log
      ­ƒøí´©Å [jest.setup] Removendo DATABASE_URL do ambiente de testes (valor n├úo importa)

      at Object.<anonymous> (__tests__/config/jest.setup.js:125:17)

    console.log
      ­ƒøí´©Å [jest.setup] Prote├º├úo do banco de testes ativada - usando: nr-bps_db_test

      at Object.<anonymous> (__tests__/config/jest.setup.js:150:13)

    console.warn
      N├úo foi poss├¡vel aplicar semente RBAC para o banco de teste: Command failed: node ./scripts/seed-test-rbac.cjs

      188 | }));
      189 |
    > 190 | // Mock Next.js server components
          |             ^
      191 | jest.mock('next/server', () => ({
      192 |   NextResponse: class MockNextResponse {
      193 |     constructor(body, options) {

      at Object.<anonymous> (__tests__/config/jest.setup.js:190:13)

  ÔùÅ TabNavigation ÔÇ║ deve renderizar todas as abas

    TestingLibraryElementError: Unable to find an element with the text: ÔÜá´©Å Pend├¬ncias. This could be because the text is broken up by multiple elements. In this case, you can provide a function for your text matcher to make your matcher more flexible.

    Ignored nodes: comments, script, style
    <body>
      <div>
        <div
          class="mb-6"
        >
          <div
            class="border-b border-gray-200"
          >
            <nav
              class="-mb-px flex space-x-8"
            >
              <button
                class="py-2 px-1 border-b-2 font-medium text-sm relative border-primary text-primary"
              >
                ­ƒôï Ciclos de Coletas Avaliativas
              </button>
              <button
                class="py-2 px-1 border-b-2 font-medium text-sm relative border-transparent text-gray-500 hover:text-gray-700 hover:border-gray-300"
              >
                ­ƒôä Laudos
              </button>
              <button
                class="py-2 px-1 border-b-2 font-medium text-sm relative border-transparent text-gray-500 hover:text-gray-700 hover:border-gray-300"
              >
                ­ƒæÑ Funcion├írios Ativos
              </button>
              <button
                class="py-2 px-1 border-b-2 font-medium text-sm relative border-transparent text-gray-500 hover:text-gray-700 hover:border-gray-300"
              >
                ­ƒÜ¬ Desligamentos
              </button>
            </nav>
          </div>
        </div>
      </div>
    </body>

      23 |     ).toBeInTheDocument();
      24 |     expect(screen.getByText('­ƒæÑ Funcion├írios Ativos')).toBeInTheDocument();
    > 25 |     expect(screen.getByText('ÔÜá´©Å Pend├¬ncias')).toBeInTheDocument();
         |                   ^
      26 |     expect(screen.getByText('­ƒÜ¬ Desligamentos')).toBeInTheDocument();
      27 |   });
      28 |

      at Object.getElementError (node_modules/.pnpm/@testing-library+dom@10.4.1/node_modules/@testing-library/dom/dist/config.js:37:19)
      at node_modules/.pnpm/@testing-library+dom@10.4.1/node_modules/@testing-library/dom/dist/query-helpers.js:76:38
      at node_modules/.pnpm/@testing-library+dom@10.4.1/node_modules/@testing-library/dom/dist/query-helpers.js:52:17
      at node_modules/.pnpm/@testing-library+dom@10.4.1/node_modules/@testing-library/dom/dist/query-helpers.js:95:19
      at Object.getByText (__tests__/components/rh/TabNavigation.test.tsx:25:19)

  ÔùÅ TabNavigation ÔÇ║ deve exibir badge de anomalias quando houver pend├¬ncias

    TestingLibraryElementError: Unable to find an element with the text: 5. This could be because the text is broken up by multiple elements. In this case, you can provide a function for your text matcher to make your matcher more flexible.

    Ignored nodes: comments, script, style
    <body>
      <div>
        <div
          class="mb-6"
        >
          <div
            class="border-b border-gray-200"
          >
            <nav
              class="-mb-px flex space-x-8"
            >
              <button
                class="py-2 px-1 border-b-2 font-medium text-sm relative border-primary text-primary"
              >
                ­ƒôï Ciclos de Coletas Avaliativas
              </button>
              <button
                class="py-2 px-1 border-b-2 font-medium text-sm relative border-transparent text-gray-500 hover:text-gray-700 hover:border-gray-300"
              >
                ­ƒôä Laudos
              </button>
              <button
                class="py-2 px-1 border-b-2 font-medium text-sm relative border-transparent text-gray-500 hover:text-gray-700 hover:border-gray-300"
              >
                ­ƒæÑ Funcion├írios Ativos
              </button>
              <button
                class="py-2 px-1 border-b-2 font-medium text-sm relative border-transparent text-gray-500 hover:text-gray-700 hover:border-gray-300"
              >
                ­ƒÜ¬ Desligamentos
              </button>
            </nav>
          </div>
        </div>
      </div>
    </body>

      66 |     );
      67 |
    > 68 |     const badge = screen.getByText('5');
         |                          ^
      69 |     expect(badge).toBeInTheDocument();
      70 |     expect(badge).toHaveClass('bg-red-500', 'text-white');
      71 |   });

      at Object.getElementError (node_modules/.pnpm/@testing-library+dom@10.4.1/node_modules/@testing-library/dom/dist/config.js:37:19)
      at node_modules/.pnpm/@testing-library+dom@10.4.1/node_modules/@testing-library/dom/dist/query-helpers.js:76:38
      at node_modules/.pnpm/@testing-library+dom@10.4.1/node_modules/@testing-library/dom/dist/query-helpers.js:52:17
      at node_modules/.pnpm/@testing-library+dom@10.4.1/node_modules/@testing-library/dom/dist/query-helpers.js:95:19
      at Object.getByText (__tests__/components/rh/TabNavigation.test.tsx:68:26)

  ÔùÅ TabNavigation ÔÇ║ deve permitir navega├º├úo por todas as abas

    TestingLibraryElementError: Unable to find an element with the text: ÔÜá´©Å Pend├¬ncias. This could be because the text is broken up by multiple elements. In this case, you can provide a function for your text matcher to make your matcher more flexible.

    Ignored nodes: comments, script, style
    <body>
      <div>
        <div
          class="mb-6"
        >
          <div
            class="border-b border-gray-200"
          >
            <nav
              class="-mb-px flex space-x-8"
            >
              <button
                class="py-2 px-1 border-b-2 font-medium text-sm relative border-transparent text-gray-500 hover:text-gray-700 hover:border-gray-300"
              >
                ­ƒôï Ciclos de Coletas Avaliativas
              </button>
              <button
                class="py-2 px-1 border-b-2 font-medium text-sm relative border-transparent text-gray-500 hover:text-gray-700 hover:border-gray-300"
              >
                ­ƒôä Laudos
              </button>
              <button
                class="py-2 px-1 border-b-2 font-medium text-sm relative border-primary text-primary"
              >
                ­ƒæÑ Funcion├írios Ativos
              </button>
              <button
                class="py-2 px-1 border-b-2 font-medium text-sm relative border-transparent text-gray-500 hover:text-gray-700 hover:border-gray-300"
              >
                ­ƒÜ¬ Desligamentos
              </button>
            </nav>
          </div>
        </div>
      </div>
    </body>

      100 |
      101 |     abas.forEach(({ texto, id }) => {
    > 102 |       fireEvent.click(screen.getByText(texto));
          |                              ^
      103 |       expect(mockOnTabChange).toHaveBeenCalledWith(id);
      104 |
      105 |       // Simular mudan├ºa de aba

      at Object.getElementError (node_modules/.pnpm/@testing-library+dom@10.4.1/node_modules/@testing-library/dom/dist/config.js:37:19)
      at node_modules/.pnpm/@testing-library+dom@10.4.1/node_modules/@testing-library/dom/dist/query-helpers.js:76:38
      at node_modules/.pnpm/@testing-library+dom@10.4.1/node_modules/@testing-library/dom/dist/query-helpers.js:52:17
      at node_modules/.pnpm/@testing-library+dom@10.4.1/node_modules/@testing-library/dom/dist/query-helpers.js:95:19
      at getByText (__tests__/components/rh/TabNavigation.test.tsx:102:30)
          at Array.forEach (<anonymous>)
      at Object.forEach (__tests__/components/rh/TabNavigation.test.tsx:101:10)

PASS __tests__/lib/laudo-storage-fallback.test.ts
  ÔùÅ Console

    console.log
      [dotenv@17.2.3] injecting env (0) from .env.test -- tip: ­ƒöä add secrets lifecycle management: https://dotenvx.com/ops

      at _log (node_modules/.pnpm/dotenv@17.2.3/node_modules/dotenv/lib/main.js:142:11)

    console.log
      ­ƒøí´©Å [jest.setup] Removendo DATABASE_URL do ambiente de testes (valor n├úo importa)

      at Object.<anonymous> (__tests__/config/jest.setup.js:125:17)

    console.log
      ­ƒøí´©Å [jest.setup] Prote├º├úo do banco de testes ativada - usando: nr-bps_db_test

      at Object.<anonymous> (__tests__/config/jest.setup.js:150:13)

    console.warn
      N├úo foi poss├¡vel aplicar semente RBAC para o banco de teste: Command failed: node ./scripts/seed-test-rbac.cjs

      188 | }));
      189 |
    > 190 | // Mock Next.js server components
          |             ^
      191 | jest.mock('next/server', () => ({
      192 |   NextResponse: class MockNextResponse {
      193 |     constructor(body, options) {

      at Object.<anonymous> (__tests__/config/jest.setup.js:190:13)

    console.log
      [STORAGE] Tentando localizar objeto remoto por prefixo para lote 123 usando helper

      at log (lib/storage/laudo-storage.ts:277:15)

    console.log
      [STORAGE] Objeto remoto detectado: laudos/lote-123/laudo-timestamp.pdf ÔÇö tentando download

      at log (lib/storage/laudo-storage.ts:283:17)

    console.log
      [STORAGE] Metadados locais atualizados com objeto remoto detectado para laudo 123

      at log (lib/storage/laudo-storage.ts:303:21)

    console.log
      [STORAGE] Laudo 123 baixado do Backblaze (via helper) e salvo localmente

      at log (lib/storage/laudo-storage.ts:316:21)

error: desculpe, muitos clientes conectados
    at Parser.parseErrorMessage (C:\apps\QWork\node_modules\.pnpm\pg-protocol@1.10.3\node_modules\pg-protocol\dist\parser.js:285:98)
    at Parser.handlePacket (C:\apps\QWork\node_modules\.pnpm\pg-protocol@1.10.3\node_modules\pg-protocol\dist\parser.js:122:29)
    at Parser.parse (C:\apps\QWork\node_modules\.pnpm\pg-protocol@1.10.3\node_modules\pg-protocol\dist\parser.js:35:38)
    at Socket.<anonymous> (C:\apps\QWork\node_modules\.pnpm\pg-protocol@1.10.3\node_modules\pg-protocol\dist\index.js:11:42)
    at Socket.emit (node:events:508:28)
    at addChunk (node:internal/streams/readable:559:12)
    at readableAddChunkPushByteMode (node:internal/streams/readable:510:3)
    at Readable.push (node:internal/streams/readable:390:5)
    at TCP.onStreamRead (node:internal/stream_base_commons:189:23) {
  length: 90,
  severity: 'FATAL',
  code: '53300',
  detail: undefined,
  hint: undefined,
  position: undefined,
  internalPosition: undefined,
  internalQuery: undefined,
  where: undefined,
  schema: undefined,
  table: undefined,
  column: undefined,
  dataType: undefined,
  constraint: undefined,
  file: 'proc.c',
  line: '357',
  routine: 'InitProcess'
}
FAIL __tests__/api/entidade/dashboard.test.ts
  ÔùÅ Console

    console.log
      [dotenv@17.2.3] injecting env (0) from .env.test -- tip: ­ƒöÉ prevent committing .env to code: https://dotenvx.com/precommit

      at _log (node_modules/.pnpm/dotenv@17.2.3/node_modules/dotenv/lib/main.js:142:11)

    console.log
      ­ƒøí´©Å [jest.setup] Removendo DATABASE_URL do ambiente de testes (valor n├úo importa)

      at Object.<anonymous> (__tests__/config/jest.setup.js:125:17)

    console.log
      ­ƒøí´©Å [jest.setup] Prote├º├úo do banco de testes ativada - usando: nr-bps_db_test

      at Object.<anonymous> (__tests__/config/jest.setup.js:150:13)

    console.warn
      N├úo foi poss├¡vel aplicar semente RBAC para o banco de teste: Command failed: node ./scripts/seed-test-rbac.cjs

      188 | }));
      189 |
    > 190 | // Mock Next.js server components
          |             ^
      191 | jest.mock('next/server', () => ({
      192 |   NextResponse: class MockNextResponse {
      193 |     constructor(body, options) {

      at Object.<anonymous> (__tests__/config/jest.setup.js:190:13)

  ÔùÅ /api/entidade/dashboard ÔÇ║ deve retornar dados do dashboard com sucesso

    expect(received).toBe(expected) // Object.is equality

    Expected: 200
    Received: 500

      70 |     const data = await response.json();
      71 |
    > 72 |     expect(response.status).toBe(200);
         |                             ^
      73 |     expect(data.success).toBe(true);
      74 |     expect(data.stats.total_avaliacoes).toBe(10);
      75 |     expect(data.stats.concluidas).toBe(8);

      at Object.toBe (__tests__/api/entidade/dashboard.test.ts:72:29)

FAIL __tests__/api/admin/cobranca.unit.test.ts
  ÔùÅ Console

    console.log
      [dotenv@17.2.3] injecting env (0) from .env.test -- tip: ­ƒæÑ sync secrets across teammates & machines: https://dotenvx.com/ops

      at _log (node_modules/.pnpm/dotenv@17.2.3/node_modules/dotenv/lib/main.js:142:11)

    console.log
      ­ƒøí´©Å [jest.setup] Removendo DATABASE_URL do ambiente de testes (valor n├úo importa)

      at Object.<anonymous> (__tests__/config/jest.setup.js:125:17)

    console.log
      ­ƒøí´©Å [jest.setup] Prote├º├úo do banco de testes ativada - usando: nr-bps_db_test

      at Object.<anonymous> (__tests__/config/jest.setup.js:150:13)

    console.warn
      N├úo foi poss├¡vel aplicar semente RBAC para o banco de teste: Command failed: node ./scripts/seed-test-rbac.cjs

      188 | }));
      189 |
    > 190 | // Mock Next.js server components
          |             ^
      191 | jest.mock('next/server', () => ({
      192 |   NextResponse: class MockNextResponse {
      193 |     constructor(body, options) {

      at Object.<anonymous> (__tests__/config/jest.setup.js:190:13)

    console.debug
      [API Cobran├ºa] Executing count SQL

      at debug (app/api/admin/cobranca/route.ts:133:13)

    console.debug
      SELECT COUNT(*) as total FROM (SELECT
              ct.id as tomador_id,
              ct.cnpj,
              ct.plano_id as plano_id,
              pl.nome as plano_nome,
              COALESCE(pl.valor_por_funcionario, 20.00) as plano_preco,
              ct.id as numero_contrato,
              ct.nome as nome_tomador,
              pl.tipo as plano_tipo,
              ct.numero_funcionarios_estimado as numero_funcionarios_estimado,
              (SELECT COUNT(DISTINCT f.id) FROM funcionarios f 
               INNER JOIN funcionarios_entidades fe ON fe.funcionario_id = f.id AND fe.ativo = true 
               WHERE fe.entidade_id = ct.id) as numero_funcionarios_atual,
              pg.id as pagamento_id,
              pg.valor as pagamento_valor,
              pg.status as pagamento_status,
              pg.metodo as tipo_pagamento,
              CASE WHEN pg.numero_parcelas IS NOT NULL AND pg.numero_parcelas > 1 THEN 'parcelado' ELSE 'a_vista' END as modalidade_pagamento,
              pg.numero_parcelas,
              NULL as parcelas_json,
              COALESCE(pg.valor, (ct.numero_funcionarios_estimado * COALESCE(pl.valor_por_funcionario, 20.00)))::numeric as valor_pago,
              CASE
                WHEN ct.status = 'aprovado' AND ct.pagamento_confirmado = true THEN 'ativo'
                WHEN ct.status != 'aprovado' THEN 'cancelado'
                ELSE 'pendente'
              END as status,
              ct.criado_em as data_contratacao,
              (ct.criado_em + INTERVAL '1 year') as data_fim_vigencia,
              pg.data_pagamento as data_pagamento,
              ct.criado_em
            FROM entidades ct
            LEFT JOIN planos pl ON ct.plano_id = pl.id
            LEFT JOIN (
              SELECT entidade_id, id, valor, status, metodo, data_pagamento, numero_parcelas, plataforma_nome, detalhes_parcelas
              FROM pagamentos
              WHERE entidade_id IS NOT NULL
              ORDER BY data_pagamento DESC NULLS LAST, criado_em DESC
            ) pg ON pg.entidade_id = ct.id AND pg.id = (
              SELECT id FROM pagamentos WHERE entidade_id = ct.id ORDER BY data_pagamento DESC NULLS LAST LIMIT 1
            )
             WHERE ct.status = 'aprovado' AND regexp_replace(ct.cnpj, '[^0-9]', '', 'g') = $1) sub

      at debug (app/api/admin/cobranca/route.ts:134:13)

    console.debug
      [API Cobran├ºa] countRes: []

      at debug (app/api/admin/cobranca/route.ts:136:13)

    console.debug
      [API Cobran├ºa] Executing SQL: SELECT
              ct.id as tomador_id,
              ct.cnpj,
              ct.plano_id as plano_id,
              pl.nome as plano_nome,
              COALESCE(pl.valor_por_funcionario, 20.00) as plano_preco,
              ct.id as numero_contrato,
              ct.nome as nome_tomador,
              pl.tipo as plano_tipo,
              ct.numero_funcionarios_estimado as numero_funcionarios_estimado,
              (SELECT COUNT(DISTINCT f.id) FROM funcionarios f 
               INNER JOIN funcionarios_entidades fe ON fe.funcionario_id = f.id AND fe.ativo = true 
               WHERE fe.entidade_id = ct.id) as numero_funcionarios_atual,
              pg.id as pagamento_id,
              pg.valor as pagamento_valor,
              pg.status as pagamento_status,
              pg.metodo as tipo_pagamento,
              CASE WHEN pg.numero_parcelas IS NOT NULL AND pg.numero_parcelas > 1 THEN 'parcelado' ELSE 'a_vista' END as modalidade_pagamento,
              pg.numero_parcelas,
              NULL as parcelas_json,
              COALESCE(pg.valor, (ct.numero_funcionarios_estimado * COALESCE(pl.valor_por_funcionario, 20.00)))::numeric as valor_pago,
              CASE
                WHEN ct.status = 'aprovado' AND ct.pagamento_confirmado = true THEN 'ativo'
                WHEN ct.status != 'aprovado' THEN 'cancelado'
                ELSE 'pendente'
              END as status,
              ct.criado_em as data_contratacao,
              (ct.criado_em + INTERVAL '1 year') as data_fim_vigencia,
              pg.data_pagamento as data_pagamento,
              ct.criado_em
            FROM entidades ct
            LEFT JOIN planos pl ON ct.plano_id = pl.id
            LEFT JOIN (
              SELECT entidade_id, id, valor, status, metodo, data_pagamento, numero_parcelas, plataforma_nome, detalhes_parcelas
              FROM pagamentos
              WHERE entidade_id IS NOT NULL
              ORDER BY data_pagamento DESC NULLS LAST, criado_em DESC
            ) pg ON pg.entidade_id = ct.id AND pg.id = (
              SELECT id FROM pagamentos WHERE entidade_id = ct.id ORDER BY data_pagamento DESC NULLS LAST LIMIT 1
            )
             WHERE ct.status = 'aprovado' AND regexp_replace(ct.cnpj, '[^0-9]', '', 'g') = $1 ORDER BY ct.criado_em DESC LIMIT 20 OFFSET 0

      at debug (app/api/admin/cobranca/route.ts:145:13)

    console.debug
      [API Cobran├ºa] Executing count SQL

      at debug (app/api/admin/cobranca/route.ts:133:13)

    console.debug
      SELECT COUNT(*) as total FROM (SELECT
              ct.id as tomador_id,
              ct.cnpj,
              ct.plano_id as plano_id,
              pl.nome as plano_nome,
              COALESCE(pl.valor_por_funcionario, 20.00) as plano_preco,
              ct.id as numero_contrato,
              ct.nome as nome_tomador,
              pl.tipo as plano_tipo,
              ct.numero_funcionarios_estimado as numero_funcionarios_estimado,
              (SELECT COUNT(DISTINCT f.id) FROM funcionarios f 
               INNER JOIN funcionarios_entidades fe ON fe.funcionario_id = f.id AND fe.ativo = true 
               WHERE fe.entidade_id = ct.id) as numero_funcionarios_atual,
              pg.id as pagamento_id,
              pg.valor as pagamento_valor,
              pg.status as pagamento_status,
              pg.metodo as tipo_pagamento,
              CASE WHEN pg.numero_parcelas IS NOT NULL AND pg.numero_parcelas > 1 THEN 'parcelado' ELSE 'a_vista' END as modalidade_pagamento,
              pg.numero_parcelas,
              NULL as parcelas_json,
              COALESCE(pg.valor, (ct.numero_funcionarios_estimado * COALESCE(pl.valor_por_funcionario, 20.00)))::numeric as valor_pago,
              CASE
                WHEN ct.status = 'aprovado' AND ct.pagamento_confirmado = true THEN 'ativo'
                WHEN ct.status != 'aprovado' THEN 'cancelado'
                ELSE 'pendente'
              END as status,
              ct.criado_em as data_contratacao,
              (ct.criado_em + INTERVAL '1 year') as data_fim_vigencia,
              pg.data_pagamento as data_pagamento,
              ct.criado_em
            FROM entidades ct
            LEFT JOIN planos pl ON ct.plano_id = pl.id
            LEFT JOIN (
              SELECT entidade_id, id, valor, status, metodo, data_pagamento, numero_parcelas, plataforma_nome, detalhes_parcelas
              FROM pagamentos
              WHERE entidade_id IS NOT NULL
              ORDER BY data_pagamento DESC NULLS LAST, criado_em DESC
            ) pg ON pg.entidade_id = ct.id AND pg.id = (
              SELECT id FROM pagamentos WHERE entidade_id = ct.id ORDER BY data_pagamento DESC NULLS LAST LIMIT 1
            )
             WHERE ct.status = 'aprovado') sub

      at debug (app/api/admin/cobranca/route.ts:134:13)

    console.debug
      [API Cobran├ºa] countRes: [
        {
          tomador_id: 1,
          cnpj: '02494916000170',
          contrato_id: 35,
          plano_id: 4,
          plano_nome: 'Plano Fixo',
          plano_preco: '20.00',
          pagamento_id: 21,
          pagamento_valor: '20.00',
          pagamento_status: 'pago',
          data_pagamento: '2025-12-24T14:18:47.37561'
        }
      ]

      at debug (app/api/admin/cobranca/route.ts:136:13)

    console.debug
      [API Cobran├ºa] Executing SQL: SELECT
              ct.id as tomador_id,
              ct.cnpj,
              ct.plano_id as plano_id,
              pl.nome as plano_nome,
              COALESCE(pl.valor_por_funcionario, 20.00) as plano_preco,
              ct.id as numero_contrato,
              ct.nome as nome_tomador,
              pl.tipo as plano_tipo,
              ct.numero_funcionarios_estimado as numero_funcionarios_estimado,
              (SELECT COUNT(DISTINCT f.id) FROM funcionarios f 
               INNER JOIN funcionarios_entidades fe ON fe.funcionario_id = f.id AND fe.ativo = true 
               WHERE fe.entidade_id = ct.id) as numero_funcionarios_atual,
              pg.id as pagamento_id,
              pg.valor as pagamento_valor,
              pg.status as pagamento_status,
              pg.metodo as tipo_pagamento,
              CASE WHEN pg.numero_parcelas IS NOT NULL AND pg.numero_parcelas > 1 THEN 'parcelado' ELSE 'a_vista' END as modalidade_pagamento,
              pg.numero_parcelas,
              NULL as parcelas_json,
              COALESCE(pg.valor, (ct.numero_funcionarios_estimado * COALESCE(pl.valor_por_funcionario, 20.00)))::numeric as valor_pago,
              CASE
                WHEN ct.status = 'aprovado' AND ct.pagamento_confirmado = true THEN 'ativo'
                WHEN ct.status != 'aprovado' THEN 'cancelado'
                ELSE 'pendente'
              END as status,
              ct.criado_em as data_contratacao,
              (ct.criado_em + INTERVAL '1 year') as data_fim_vigencia,
              pg.data_pagamento as data_pagamento,
              ct.criado_em
            FROM entidades ct
            LEFT JOIN planos pl ON ct.plano_id = pl.id
            LEFT JOIN (
              SELECT entidade_id, id, valor, status, metodo, data_pagamento, numero_parcelas, plataforma_nome, detalhes_parcelas
              FROM pagamentos
              WHERE entidade_id IS NOT NULL
              ORDER BY data_pagamento DESC NULLS LAST, criado_em DESC
            ) pg ON pg.entidade_id = ct.id AND pg.id = (
              SELECT id FROM pagamentos WHERE entidade_id = ct.id ORDER BY data_pagamento DESC NULLS LAST LIMIT 1
            )
             WHERE ct.status = 'aprovado' ORDER BY data_pagamento ASC LIMIT 10 OFFSET 10

      at debug (app/api/admin/cobranca/route.ts:145:13)

  ÔùÅ API /api/admin/cobranca ÔÇ║ retorna campos esperados e suporta filtro por cnpj

    expect(received).toMatchObject(expected)

    - Expected  - 9
    + Received  + 2

      Object {
    -   "cnpj": "02494916000170",
    -   "contrato_id": 35,
    -   "pagamento_id": 21,
    -   "pagamento_status": "pago",
    -   "pagamento_valor": "20.00",
    -   "plano_id": 4,
    -   "plano_nome": "Plano Fixo",
    -   "plano_preco": "20.00",
    -   "tomador_id": 1,
    +   "parcelas_json": null,
    +   "total": "1",
      }

      50 |     expect(data.success).toBe(true);
      51 |     expect(Array.isArray(data.contratos)).toBe(true);
    > 52 |     expect(data.contratos[0]).toMatchObject({
         |                               ^
      53 |       tomador_id: 1,
      54 |       cnpj: '02494916000170',
      55 |       contrato_id: 35,

      at Object.toMatchObject (__tests__/api/admin/cobranca.unit.test.ts:52:31)

  ÔùÅ API /api/admin/cobranca ÔÇ║ suporta pagina├º├úo e ordena├º├úo (page/limit/sort_by/sort_dir)

    expect(received).toBe(expected) // Object.is equality

    Expected: 0
    Received: null

      86 |     expect(data).toHaveProperty('contratos');
      87 |     expect(data).toHaveProperty('total');
    > 88 |     expect(data.total).toBe(0);
         |                        ^
      89 |     expect(data).toHaveProperty('page');
      90 |     expect(data).toHaveProperty('limit');
      91 |   });

      at Object.toBe (__tests__/api/admin/cobranca.unit.test.ts:88:24)

PASS __tests__/rh/laudos-sidebar.test.tsx
  ÔùÅ Console

    console.log
      [dotenv@17.2.3] injecting env (0) from .env.test -- tip: ÔÜÖ´©Å  suppress all logs with { quiet: true }

      at _log (node_modules/.pnpm/dotenv@17.2.3/node_modules/dotenv/lib/main.js:142:11)

    console.log
      ­ƒøí´©Å [jest.setup] Removendo DATABASE_URL do ambiente de testes (valor n├úo importa)

      at Object.<anonymous> (__tests__/config/jest.setup.js:125:17)

    console.log
      ­ƒøí´©Å [jest.setup] Prote├º├úo do banco de testes ativada - usando: nr-bps_db_test

      at Object.<anonymous> (__tests__/config/jest.setup.js:150:13)

    console.warn
      N├úo foi poss├¡vel aplicar semente RBAC para o banco de teste: Command failed: node ./scripts/seed-test-rbac.cjs

      188 | }));
      189 |
    > 190 | // Mock Next.js server components
          |             ^
      191 | jest.mock('next/server', () => ({
      192 |   NextResponse: class MockNextResponse {
      193 |     constructor(body, options) {

      at Object.<anonymous> (__tests__/config/jest.setup.js:190:13)

error: desculpe, muitos clientes conectados
    at Parser.parseErrorMessage (C:\apps\QWork\node_modules\.pnpm\pg-protocol@1.10.3\node_modules\pg-protocol\dist\parser.js:285:98)
    at Parser.handlePacket (C:\apps\QWork\node_modules\.pnpm\pg-protocol@1.10.3\node_modules\pg-protocol\dist\parser.js:122:29)
    at Parser.parse (C:\apps\QWork\node_modules\.pnpm\pg-protocol@1.10.3\node_modules\pg-protocol\dist\parser.js:35:38)
    at Socket.<anonymous> (C:\apps\QWork\node_modules\.pnpm\pg-protocol@1.10.3\node_modules\pg-protocol\dist\index.js:11:42)
    at Socket.emit (node:events:508:28)
    at addChunk (node:internal/streams/readable:559:12)
    at readableAddChunkPushByteMode (node:internal/streams/readable:510:3)
    at Readable.push (node:internal/streams/readable:390:5)
    at TCP.onStreamRead (node:internal/stream_base_commons:189:23) {
  length: 90,
  severity: 'FATAL',
  code: '53300',
  detail: undefined,
  hint: undefined,
  position: undefined,
  internalPosition: undefined,
  internalQuery: undefined,
  where: undefined,
  schema: undefined,
  table: undefined,
  column: undefined,
  dataType: undefined,
  constraint: undefined,
  file: 'proc.c',
  line: '357',
  routine: 'InitProcess'
}
error: desculpe, muitos clientes conectados
    at Parser.parseErrorMessage (C:\apps\QWork\node_modules\.pnpm\pg-protocol@1.10.3\node_modules\pg-protocol\dist\parser.js:285:98)
    at Parser.handlePacket (C:\apps\QWork\node_modules\.pnpm\pg-protocol@1.10.3\node_modules\pg-protocol\dist\parser.js:122:29)
    at Parser.parse (C:\apps\QWork\node_modules\.pnpm\pg-protocol@1.10.3\node_modules\pg-protocol\dist\parser.js:35:38)
    at Socket.<anonymous> (C:\apps\QWork\node_modules\.pnpm\pg-protocol@1.10.3\node_modules\pg-protocol\dist\index.js:11:42)
    at Socket.emit (node:events:508:28)
    at addChunk (node:internal/streams/readable:559:12)
    at readableAddChunkPushByteMode (node:internal/streams/readable:510:3)
    at Readable.push (node:internal/streams/readable:390:5)
    at TCP.onStreamRead (node:internal/stream_base_commons:189:23) {
  length: 90,
  severity: 'FATAL',
  code: '53300',
  detail: undefined,
  hint: undefined,
  position: undefined,
  internalPosition: undefined,
  internalQuery: undefined,
  where: undefined,
  schema: undefined,
  table: undefined,
  column: undefined,
  dataType: undefined,
  constraint: undefined,
  file: 'proc.c',
  line: '357',
  routine: 'InitProcess'
}
FAIL __tests__/rh/penetration-test-rh-lotes.test.ts
  ÔùÅ Console

    console.log
      [dotenv@17.2.3] injecting env (0) from .env.test -- tip: ÔÜÖ´©Å  write to custom object with { processEnv: myObject }

      at _log (node_modules/.pnpm/dotenv@17.2.3/node_modules/dotenv/lib/main.js:142:11)

    console.log
      ­ƒøí´©Å [jest.setup] Removendo DATABASE_URL do ambiente de testes (valor n├úo importa)

      at Object.<anonymous> (__tests__/config/jest.setup.js:125:17)

    console.log
      ­ƒøí´©Å [jest.setup] Prote├º├úo do banco de testes ativada - usando: nr-bps_db_test

      at Object.<anonymous> (__tests__/config/jest.setup.js:150:13)

    console.warn
      N├úo foi poss├¡vel aplicar semente RBAC para o banco de teste: Command failed: node ./scripts/seed-test-rbac.cjs

      188 | }));
      189 |
    > 190 | // Mock Next.js server components
          |             ^
      191 | jest.mock('next/server', () => ({
      192 |   NextResponse: class MockNextResponse {
      193 |     constructor(body, options) {

      at Object.<anonymous> (__tests__/config/jest.setup.js:190:13)

    console.log
      ­ƒöî [lib/db.ts] Conectado ao banco: nr-bps_db_test @ localhost (ambiente: test)

      at Object.log (lib/db.ts:673:15)

    console.log
      [DEBUG] GET /api/rh/lotes: user= { cpf: '33333333333', perfil: 'rh', clinica_id: 1 } empresaId= 1 limit= 10

      at log (app/api/rh/lotes/route.ts:37:13)

  ÔùÅ Penetration Test: Acesso n├úo autorizado a /api/rh/lotes ÔÇ║ RH deve acessar lotes de sua cl├¡nica

    expect(received).toBe(expected) // Object.is equality

    Expected: 200
    Received: 500

      79 |     const data = await response.json();
      80 |
    > 81 |     expect(response.status).toBe(200);
         |                             ^
      82 |     expect(data.success).toBe(true);
      83 |     expect(mockQueryWithContext).toHaveBeenCalled();
      84 |   });

      at Object.toBe (__tests__/rh/penetration-test-rh-lotes.test.ts:81:29)

error: desculpe, muitos clientes conectados
    at Parser.parseErrorMessage (C:\apps\QWork\node_modules\.pnpm\pg-protocol@1.10.3\node_modules\pg-protocol\dist\parser.js:285:98)
    at Parser.handlePacket (C:\apps\QWork\node_modules\.pnpm\pg-protocol@1.10.3\node_modules\pg-protocol\dist\parser.js:122:29)
    at Parser.parse (C:\apps\QWork\node_modules\.pnpm\pg-protocol@1.10.3\node_modules\pg-protocol\dist\parser.js:35:38)
    at Socket.<anonymous> (C:\apps\QWork\node_modules\.pnpm\pg-protocol@1.10.3\node_modules\pg-protocol\dist\index.js:11:42)
    at Socket.emit (node:events:508:28)
    at addChunk (node:internal/streams/readable:559:12)
    at readableAddChunkPushByteMode (node:internal/streams/readable:510:3)
    at Readable.push (node:internal/streams/readable:390:5)
    at TCP.onStreamRead (node:internal/stream_base_commons:189:23) {
  length: 90,
  severity: 'FATAL',
  code: '53300',
  detail: undefined,
  hint: undefined,
  position: undefined,
  internalPosition: undefined,
  internalQuery: undefined,
  where: undefined,
  schema: undefined,
  table: undefined,
  column: undefined,
  dataType: undefined,
  constraint: undefined,
  file: 'proc.c',
  line: '357',
  routine: 'InitProcess'
}
FAIL __tests__/api/avaliacao/status.test.ts
  ÔùÅ Console

    console.log
      [dotenv@17.2.3] injecting env (0) from .env.test -- tip: ÔÜÖ´©Å  enable debug logging with { debug: true }

      at _log (node_modules/.pnpm/dotenv@17.2.3/node_modules/dotenv/lib/main.js:142:11)

    console.log
      ­ƒøí´©Å [jest.setup] Removendo DATABASE_URL do ambiente de testes (valor n├úo importa)

      at Object.<anonymous> (__tests__/config/jest.setup.js:125:17)

    console.log
      ­ƒøí´©Å [jest.setup] Prote├º├úo do banco de testes ativada - usando: nr-bps_db_test

      at Object.<anonymous> (__tests__/config/jest.setup.js:150:13)

    console.warn
      N├úo foi poss├¡vel aplicar semente RBAC para o banco de teste: Command failed: node ./scripts/seed-test-rbac.cjs

      188 | }));
      189 |
    > 190 | // Mock Next.js server components
          |             ^
      191 | jest.mock('next/server', () => ({
      192 |   NextResponse: class MockNextResponse {
      193 |     constructor(body, options) {

      at Object.<anonymous> (__tests__/config/jest.setup.js:190:13)

  ÔùÅ /api/avaliacao/status ÔÇ║ deve retornar status "nao_iniciada" quando n├úo h├í avalia├º├úo

    expect(received).toBe(expected) // Object.is equality

    Expected: 200
    Received: 500

      29 |     const data = await response.json()
      30 |
    > 31 |     expect(response.status).toBe(200)
         |                             ^
      32 |     expect(data).toEqual({ status: 'nao_iniciada' })
      33 |     expect(mockQuery).toHaveBeenCalledWith(
      34 |       expect.stringContaining('SELECT id, status, inicio, envio, grupo_atual FROM avaliacoes'),

      at Object.toBe (__tests__/api/avaliacao/status.test.ts:31:29)

  ÔùÅ /api/avaliacao/status ÔÇ║ deve retornar status da avalia├º├úo quando existe

    expect(received).toBe(expected) // Object.is equality

    Expected: 200
    Received: 500

      51 |     const data = await response.json()
      52 |
    > 53 |     expect(response.status).toBe(200)
         |                             ^
      54 |     expect(data).toEqual({
      55 |       status: 'concluido',
      56 |       inicio: '2024-01-01T10:00:00Z',

      at Object.toBe (__tests__/api/avaliacao/status.test.ts:53:29)

error: desculpe, muitos clientes conectados
    at Parser.parseErrorMessage (C:\apps\QWork\node_modules\.pnpm\pg-protocol@1.10.3\node_modules\pg-protocol\dist\parser.js:285:98)
    at Parser.handlePacket (C:\apps\QWork\node_modules\.pnpm\pg-protocol@1.10.3\node_modules\pg-protocol\dist\parser.js:122:29)
    at Parser.parse (C:\apps\QWork\node_modules\.pnpm\pg-protocol@1.10.3\node_modules\pg-protocol\dist\parser.js:35:38)
    at Socket.<anonymous> (C:\apps\QWork\node_modules\.pnpm\pg-protocol@1.10.3\node_modules\pg-protocol\dist\index.js:11:42)
    at Socket.emit (node:events:508:28)
    at addChunk (node:internal/streams/readable:559:12)
    at readableAddChunkPushByteMode (node:internal/streams/readable:510:3)
    at Readable.push (node:internal/streams/readable:390:5)
    at TCP.onStreamRead (node:internal/stream_base_commons:189:23) {
  length: 90,
  severity: 'FATAL',
  code: '53300',
  detail: undefined,
  hint: undefined,
  position: undefined,
  internalPosition: undefined,
  internalQuery: undefined,
  where: undefined,
  schema: undefined,
  table: undefined,
  column: undefined,
  dataType: undefined,
  constraint: undefined,
  file: 'proc.c',
  line: '357',
  routine: 'InitProcess'
}
PASS __tests__/api/rh/relatorio-lote-pdf-corrections.test.ts
  ÔùÅ Console

    console.log
      [dotenv@17.2.3] injecting env (0) from .env.test -- tip: ÔÜÖ´©Å  suppress all logs with { quiet: true }

      at _log (node_modules/.pnpm/dotenv@17.2.3/node_modules/dotenv/lib/main.js:142:11)

    console.log
      ­ƒøí´©Å [jest.setup] Removendo DATABASE_URL do ambiente de testes (valor n├úo importa)

      at Object.<anonymous> (__tests__/config/jest.setup.js:125:17)

    console.log
      ­ƒøí´©Å [jest.setup] Prote├º├úo do banco de testes ativada - usando: nr-bps_db_test

      at Object.<anonymous> (__tests__/config/jest.setup.js:150:13)

    console.warn
      N├úo foi poss├¡vel aplicar semente RBAC para o banco de teste: Command failed: node ./scripts/seed-test-rbac.cjs

      188 | }));
      189 |
    > 190 | // Mock Next.js server components
          |             ^
      191 | jest.mock('next/server', () => ({
      192 |   NextResponse: class MockNextResponse {
      193 |     constructor(body, options) {

      at Object.<anonymous> (__tests__/config/jest.setup.js:190:13)

error: desculpe, muitos clientes conectados
    at Parser.parseErrorMessage (C:\apps\QWork\node_modules\.pnpm\pg-protocol@1.10.3\node_modules\pg-protocol\dist\parser.js:285:98)
    at Parser.handlePacket (C:\apps\QWork\node_modules\.pnpm\pg-protocol@1.10.3\node_modules\pg-protocol\dist\parser.js:122:29)
    at Parser.parse (C:\apps\QWork\node_modules\.pnpm\pg-protocol@1.10.3\node_modules\pg-protocol\dist\parser.js:35:38)
    at Socket.<anonymous> (C:\apps\QWork\node_modules\.pnpm\pg-protocol@1.10.3\node_modules\pg-protocol\dist\index.js:11:42)
    at Socket.emit (node:events:508:28)
    at addChunk (node:internal/streams/readable:559:12)
    at readableAddChunkPushByteMode (node:internal/streams/readable:510:3)
    at Readable.push (node:internal/streams/readable:390:5)
    at TCP.onStreamRead (node:internal/stream_base_commons:189:23) {
  length: 90,
  severity: 'FATAL',
  code: '53300',
  detail: undefined,
  hint: undefined,
  position: undefined,
  internalPosition: undefined,
  internalQuery: undefined,
  where: undefined,
  schema: undefined,
  table: undefined,
  column: undefined,
  dataType: undefined,
  constraint: undefined,
  file: 'proc.c',
  line: '357',
  routine: 'InitProcess'
}
PASS __tests__/lib/laudo-adjustments.test.ts
  ÔùÅ Console

    console.log
      [dotenv@17.2.3] injecting env (0) from .env.test -- tip: ÔÜÖ´©Å  suppress all logs with { quiet: true }

      at _log (node_modules/.pnpm/dotenv@17.2.3/node_modules/dotenv/lib/main.js:142:11)

    console.log
      ­ƒøí´©Å [jest.setup] Removendo DATABASE_URL do ambiente de testes (valor n├úo importa)

      at Object.<anonymous> (__tests__/config/jest.setup.js:125:17)

    console.log
      ­ƒøí´©Å [jest.setup] Prote├º├úo do banco de testes ativada - usando: nr-bps_db_test

      at Object.<anonymous> (__tests__/config/jest.setup.js:150:13)

    console.warn
      N├úo foi poss├¡vel aplicar semente RBAC para o banco de teste: Command failed: node ./scripts/seed-test-rbac.cjs

      188 | }));
      189 |
    > 190 | // Mock Next.js server components
          |             ^
      191 | jest.mock('next/server', () => ({
      192 |   NextResponse: class MockNextResponse {
      193 |     constructor(body, options) {

      at Object.<anonymous> (__tests__/config/jest.setup.js:190:13)

error: desculpe, muitos clientes conectados
    at Parser.parseErrorMessage (C:\apps\QWork\node_modules\.pnpm\pg-protocol@1.10.3\node_modules\pg-protocol\dist\parser.js:285:98)
    at Parser.handlePacket (C:\apps\QWork\node_modules\.pnpm\pg-protocol@1.10.3\node_modules\pg-protocol\dist\parser.js:122:29)
    at Parser.parse (C:\apps\QWork\node_modules\.pnpm\pg-protocol@1.10.3\node_modules\pg-protocol\dist\parser.js:35:38)
    at Socket.<anonymous> (C:\apps\QWork\node_modules\.pnpm\pg-protocol@1.10.3\node_modules\pg-protocol\dist\index.js:11:42)
    at Socket.emit (node:events:508:28)
    at addChunk (node:internal/streams/readable:559:12)
    at readableAddChunkPushByteMode (node:internal/streams/readable:510:3)
    at Readable.push (node:internal/streams/readable:390:5)
    at TCP.onStreamRead (node:internal/stream_base_commons:189:23) {
  length: 90,
  severity: 'FATAL',
  code: '53300',
  detail: undefined,
  hint: undefined,
  position: undefined,
  internalPosition: undefined,
  internalQuery: undefined,
  where: undefined,
  schema: undefined,
  table: undefined,
  column: undefined,
  dataType: undefined,
  constraint: undefined,
  file: 'proc.c',
  line: '357',
  routine: 'InitProcess'
}
error: desculpe, muitos clientes conectados
    at Parser.parseErrorMessage (C:\apps\QWork\node_modules\.pnpm\pg-protocol@1.10.3\node_modules\pg-protocol\dist\parser.js:285:98)
    at Parser.handlePacket (C:\apps\QWork\node_modules\.pnpm\pg-protocol@1.10.3\node_modules\pg-protocol\dist\parser.js:122:29)
    at Parser.parse (C:\apps\QWork\node_modules\.pnpm\pg-protocol@1.10.3\node_modules\pg-protocol\dist\parser.js:35:38)
    at Socket.<anonymous> (C:\apps\QWork\node_modules\.pnpm\pg-protocol@1.10.3\node_modules\pg-protocol\dist\index.js:11:42)
    at Socket.emit (node:events:508:28)
    at addChunk (node:internal/streams/readable:559:12)
    at readableAddChunkPushByteMode (node:internal/streams/readable:510:3)
    at Readable.push (node:internal/streams/readable:390:5)
    at TCP.onStreamRead (node:internal/stream_base_commons:189:23) {
  length: 90,
  severity: 'FATAL',
  code: '53300',
  detail: undefined,
  hint: undefined,
  position: undefined,
  internalPosition: undefined,
  internalQuery: undefined,
  where: undefined,
  schema: undefined,
  table: undefined,
  column: undefined,
  dataType: undefined,
  constraint: undefined,
  file: 'proc.c',
  line: '357',
  routine: 'InitProcess'
}
PASS __tests__/api/rh/lotes-avaliacoes-inativar-cancelado.test.ts
  ÔùÅ Console

    console.log
      [dotenv@17.2.3] injecting env (0) from .env.test -- tip: ­ƒöÉ encrypt with Dotenvx: https://dotenvx.com

      at _log (node_modules/.pnpm/dotenv@17.2.3/node_modules/dotenv/lib/main.js:142:11)

    console.log
      ­ƒøí´©Å [jest.setup] Removendo DATABASE_URL do ambiente de testes (valor n├úo importa)

      at Object.<anonymous> (__tests__/config/jest.setup.js:125:17)

    console.log
      ­ƒøí´©Å [jest.setup] Prote├º├úo do banco de testes ativada - usando: nr-bps_db_test

      at Object.<anonymous> (__tests__/config/jest.setup.js:150:13)

    console.warn
      N├úo foi poss├¡vel aplicar semente RBAC para o banco de teste: Command failed: node ./scripts/seed-test-rbac.cjs

      188 | }));
      189 |
    > 190 | // Mock Next.js server components
          |             ^
      191 | jest.mock('next/server', () => ({
      192 |   NextResponse: class MockNextResponse {
      193 |     constructor(body, options) {

      at Object.<anonymous> (__tests__/config/jest.setup.js:190:13)

    console.log
      [RH 111] Avalia├º├úo 55 inativada no lote 26 - Funcion├írio: 34369034345 (Davi Rezende) - Motivo: teste motivo longo suficiente - Lote status p├│s-inativa├º├úo: cancelado

      at log (app/api/rh/lotes/[id]/avaliacoes/[avaliacaoId]/inativar/route.ts:209:13)

error: desculpe, muitos clientes conectados
    at Parser.parseErrorMessage (C:\apps\QWork\node_modules\.pnpm\pg-protocol@1.10.3\node_modules\pg-protocol\dist\parser.js:285:98)
    at Parser.handlePacket (C:\apps\QWork\node_modules\.pnpm\pg-protocol@1.10.3\node_modules\pg-protocol\dist\parser.js:122:29)
    at Parser.parse (C:\apps\QWork\node_modules\.pnpm\pg-protocol@1.10.3\node_modules\pg-protocol\dist\parser.js:35:38)
    at Socket.<anonymous> (C:\apps\QWork\node_modules\.pnpm\pg-protocol@1.10.3\node_modules\pg-protocol\dist\index.js:11:42)
    at Socket.emit (node:events:508:28)
    at addChunk (node:internal/streams/readable:559:12)
    at readableAddChunkPushByteMode (node:internal/streams/readable:510:3)
    at Readable.push (node:internal/streams/readable:390:5)
    at TCP.onStreamRead (node:internal/stream_base_commons:189:23) {
  length: 90,
  severity: 'FATAL',
  code: '53300',
  detail: undefined,
  hint: undefined,
  position: undefined,
  internalPosition: undefined,
  internalQuery: undefined,
  where: undefined,
  schema: undefined,
  table: undefined,
  column: undefined,
  dataType: undefined,
  constraint: undefined,
  file: 'proc.c',
  line: '357',
  routine: 'InitProcess'
}
PASS __tests__/upload-laudo-manual.test.ts
  ÔùÅ Console

    console.log
      [dotenv@17.2.3] injecting env (0) from .env.test -- tip: ­ƒöÉ prevent committing .env to code: https://dotenvx.com/precommit

      at _log (node_modules/.pnpm/dotenv@17.2.3/node_modules/dotenv/lib/main.js:142:11)

    console.log
      ­ƒøí´©Å [jest.setup] Removendo DATABASE_URL do ambiente de testes (valor n├úo importa)

      at Object.<anonymous> (__tests__/config/jest.setup.js:125:17)

    console.log
      ­ƒøí´©Å [jest.setup] Prote├º├úo do banco de testes ativada - usando: nr-bps_db_test

      at Object.<anonymous> (__tests__/config/jest.setup.js:150:13)

    console.warn
      N├úo foi poss├¡vel aplicar semente RBAC para o banco de teste: Command failed: node ./scripts/seed-test-rbac.cjs

      188 | }));
      189 |
    > 190 | // Mock Next.js server components
          |             ^
      191 | jest.mock('next/server', () => ({
      192 |   NextResponse: class MockNextResponse {
      193 |     constructor(body, options) {

      at Object.<anonymous> (__tests__/config/jest.setup.js:190:13)

    console.log
      ­ƒº¬ PDF de teste criado:

      at Object.log (__tests__/upload-laudo-manual.test.ts:23:13)

    console.log
         Tamanho: 646 bytes

      at Object.log (__tests__/upload-laudo-manual.test.ts:24:13)

    console.log
         SHA-256: 267a1514c4f1326df3f42f46b698baf6a31af808f74a61aa4009104be7f7742e

      at Object.log (__tests__/upload-laudo-manual.test.ts:25:13)

error: desculpe, muitos clientes conectados
    at Parser.parseErrorMessage (C:\apps\QWork\node_modules\.pnpm\pg-protocol@1.10.3\node_modules\pg-protocol\dist\parser.js:285:98)
    at Parser.handlePacket (C:\apps\QWork\node_modules\.pnpm\pg-protocol@1.10.3\node_modules\pg-protocol\dist\parser.js:122:29)
    at Parser.parse (C:\apps\QWork\node_modules\.pnpm\pg-protocol@1.10.3\node_modules\pg-protocol\dist\parser.js:35:38)
    at Socket.<anonymous> (C:\apps\QWork\node_modules\.pnpm\pg-protocol@1.10.3\node_modules\pg-protocol\dist\index.js:11:42)
    at Socket.emit (node:events:508:28)
    at addChunk (node:internal/streams/readable:559:12)
    at readableAddChunkPushByteMode (node:internal/streams/readable:510:3)
    at Readable.push (node:internal/streams/readable:390:5)
    at TCP.onStreamRead (node:internal/stream_base_commons:189:23) {
  length: 90,
  severity: 'FATAL',
  code: '53300',
  detail: undefined,
  hint: undefined,
  position: undefined,
  internalPosition: undefined,
  internalQuery: undefined,
  where: undefined,
  schema: undefined,
  table: undefined,
  column: undefined,
  dataType: undefined,
  constraint: undefined,
  file: 'proc.c',
  line: '357',
  routine: 'InitProcess'
}
PASS __tests__/lib/hooks/useLaudos.test.ts
  ÔùÅ Console

    console.log
      [dotenv@17.2.3] injecting env (0) from .env.test -- tip: ­ƒöä add secrets lifecycle management: https://dotenvx.com/ops

      at _log (node_modules/.pnpm/dotenv@17.2.3/node_modules/dotenv/lib/main.js:142:11)

    console.log
      ­ƒøí´©Å [jest.setup] Removendo DATABASE_URL do ambiente de testes (valor n├úo importa)

      at Object.<anonymous> (__tests__/config/jest.setup.js:125:17)

    console.log
      ­ƒøí´©Å [jest.setup] Prote├º├úo do banco de testes ativada - usando: nr-bps_db_test

      at Object.<anonymous> (__tests__/config/jest.setup.js:150:13)

    console.warn
      N├úo foi poss├¡vel aplicar semente RBAC para o banco de teste: Command failed: node ./scripts/seed-test-rbac.cjs

      188 | }));
      189 |
    > 190 | // Mock Next.js server components
          |             ^
      191 | jest.mock('next/server', () => ({
      192 |   NextResponse: class MockNextResponse {
      193 |     constructor(body, options) {

      at Object.<anonymous> (__tests__/config/jest.setup.js:190:13)

error: desculpe, muitos clientes conectados
    at Parser.parseErrorMessage (C:\apps\QWork\node_modules\.pnpm\pg-protocol@1.10.3\node_modules\pg-protocol\dist\parser.js:285:98)
    at Parser.handlePacket (C:\apps\QWork\node_modules\.pnpm\pg-protocol@1.10.3\node_modules\pg-protocol\dist\parser.js:122:29)
    at Parser.parse (C:\apps\QWork\node_modules\.pnpm\pg-protocol@1.10.3\node_modules\pg-protocol\dist\parser.js:35:38)
    at Socket.<anonymous> (C:\apps\QWork\node_modules\.pnpm\pg-protocol@1.10.3\node_modules\pg-protocol\dist\index.js:11:42)
    at Socket.emit (node:events:508:28)
    at addChunk (node:internal/streams/readable:559:12)
    at readableAddChunkPushByteMode (node:internal/streams/readable:510:3)
    at Readable.push (node:internal/streams/readable:390:5)
    at TCP.onStreamRead (node:internal/stream_base_commons:189:23) {
  length: 90,
  severity: 'FATAL',
  code: '53300',
  detail: undefined,
  hint: undefined,
  position: undefined,
  internalPosition: undefined,
  internalQuery: undefined,
  where: undefined,
  schema: undefined,
  table: undefined,
  column: undefined,
  dataType: undefined,
  constraint: undefined,
  file: 'proc.c',
  line: '357',
  routine: 'InitProcess'
}
PASS __tests__/lib/parcelas-helper.test.ts
  ÔùÅ Console

    console.log
      [dotenv@17.2.3] injecting env (0) from .env.test -- tip: ÔÜÖ´©Å  override existing env vars with { override: true }

      at _log (node_modules/.pnpm/dotenv@17.2.3/node_modules/dotenv/lib/main.js:142:11)

    console.log
      ­ƒøí´©Å [jest.setup] Removendo DATABASE_URL do ambiente de testes (valor n├úo importa)

      at Object.<anonymous> (__tests__/config/jest.setup.js:125:17)

    console.log
      ­ƒøí´©Å [jest.setup] Prote├º├úo do banco de testes ativada - usando: nr-bps_db_test

      at Object.<anonymous> (__tests__/config/jest.setup.js:150:13)

    console.warn
      N├úo foi poss├¡vel aplicar semente RBAC para o banco de teste: Command failed: node ./scripts/seed-test-rbac.cjs

      188 | }));
      189 |
    > 190 | // Mock Next.js server components
          |             ^
      191 | jest.mock('next/server', () => ({
      192 |   NextResponse: class MockNextResponse {
      193 |     constructor(body, options) {

      at Object.<anonymous> (__tests__/config/jest.setup.js:190:13)

error: desculpe, muitos clientes conectados
    at Parser.parseErrorMessage (C:\apps\QWork\node_modules\.pnpm\pg-protocol@1.10.3\node_modules\pg-protocol\dist\parser.js:285:98)
    at Parser.handlePacket (C:\apps\QWork\node_modules\.pnpm\pg-protocol@1.10.3\node_modules\pg-protocol\dist\parser.js:122:29)
    at Parser.parse (C:\apps\QWork\node_modules\.pnpm\pg-protocol@1.10.3\node_modules\pg-protocol\dist\parser.js:35:38)
    at Socket.<anonymous> (C:\apps\QWork\node_modules\.pnpm\pg-protocol@1.10.3\node_modules\pg-protocol\dist\index.js:11:42)
    at Socket.emit (node:events:508:28)
    at addChunk (node:internal/streams/readable:559:12)
    at readableAddChunkPushByteMode (node:internal/streams/readable:510:3)
    at Readable.push (node:internal/streams/readable:390:5)
    at TCP.onStreamRead (node:internal/stream_base_commons:189:23) {
  length: 90,
  severity: 'FATAL',
  code: '53300',
  detail: undefined,
  hint: undefined,
  position: undefined,
  internalPosition: undefined,
  internalQuery: undefined,
  where: undefined,
  schema: undefined,
  table: undefined,
  column: undefined,
  dataType: undefined,
  constraint: undefined,
  file: 'proc.c',
  line: '357',
  routine: 'InitProcess'
}
PASS __tests__/components/PlanosContent.delete.test.tsx
  ÔùÅ Console

    console.log
      [dotenv@17.2.3] injecting env (0) from .env.test -- tip: ÔÜÖ´©Å  enable debug logging with { debug: true }

      at _log (node_modules/.pnpm/dotenv@17.2.3/node_modules/dotenv/lib/main.js:142:11)

    console.log
      ­ƒøí´©Å [jest.setup] Removendo DATABASE_URL do ambiente de testes (valor n├úo importa)

      at Object.<anonymous> (__tests__/config/jest.setup.js:125:17)

    console.log
      ­ƒøí´©Å [jest.setup] Prote├º├úo do banco de testes ativada - usando: nr-bps_db_test

      at Object.<anonymous> (__tests__/config/jest.setup.js:150:13)

    console.warn
      N├úo foi poss├¡vel aplicar semente RBAC para o banco de teste: Command failed: node ./scripts/seed-test-rbac.cjs

      188 | }));
      189 |
    > 190 | // Mock Next.js server components
          |             ^
      191 | jest.mock('next/server', () => ({
      192 |   NextResponse: class MockNextResponse {
      193 |     constructor(body, options) {

      at Object.<anonymous> (__tests__/config/jest.setup.js:190:13)

error: desculpe, muitos clientes conectados
    at Parser.parseErrorMessage (C:\apps\QWork\node_modules\.pnpm\pg-protocol@1.10.3\node_modules\pg-protocol\dist\parser.js:285:98)
    at Parser.handlePacket (C:\apps\QWork\node_modules\.pnpm\pg-protocol@1.10.3\node_modules\pg-protocol\dist\parser.js:122:29)
    at Parser.parse (C:\apps\QWork\node_modules\.pnpm\pg-protocol@1.10.3\node_modules\pg-protocol\dist\parser.js:35:38)
    at Socket.<anonymous> (C:\apps\QWork\node_modules\.pnpm\pg-protocol@1.10.3\node_modules\pg-protocol\dist\index.js:11:42)
    at Socket.emit (node:events:508:28)
    at addChunk (node:internal/streams/readable:559:12)
    at readableAddChunkPushByteMode (node:internal/streams/readable:510:3)
    at Readable.push (node:internal/streams/readable:390:5)
    at TCP.onStreamRead (node:internal/stream_base_commons:189:23) {
  length: 90,
  severity: 'FATAL',
  code: '53300',
  detail: undefined,
  hint: undefined,
  position: undefined,
  internalPosition: undefined,
  internalQuery: undefined,
  where: undefined,
  schema: undefined,
  table: undefined,
  column: undefined,
  dataType: undefined,
  constraint: undefined,
  file: 'proc.c',
  line: '357',
  routine: 'InitProcess'
}
PASS __tests__/lib/hooks/useEmpresa.test.ts
  ÔùÅ Console

    console.log
      [dotenv@17.2.3] injecting env (0) from .env.test -- tip: ­ƒæÑ sync secrets across teammates & machines: https://dotenvx.com/ops

      at _log (node_modules/.pnpm/dotenv@17.2.3/node_modules/dotenv/lib/main.js:142:11)

    console.log
      ­ƒøí´©Å [jest.setup] Removendo DATABASE_URL do ambiente de testes (valor n├úo importa)

      at Object.<anonymous> (__tests__/config/jest.setup.js:125:17)

    console.log
      ­ƒøí´©Å [jest.setup] Prote├º├úo do banco de testes ativada - usando: nr-bps_db_test

      at Object.<anonymous> (__tests__/config/jest.setup.js:150:13)

    console.warn
      N├úo foi poss├¡vel aplicar semente RBAC para o banco de teste: Command failed: node ./scripts/seed-test-rbac.cjs

      188 | }));
      189 |
    > 190 | // Mock Next.js server components
          |             ^
      191 | jest.mock('next/server', () => ({
      192 |   NextResponse: class MockNextResponse {
      193 |     constructor(body, options) {

      at Object.<anonymous> (__tests__/config/jest.setup.js:190:13)

PASS __tests__/correcoes-31-01-2026.test.ts
  ÔùÅ Console

    console.log
      [dotenv@17.2.3] injecting env (0) from .env.test -- tip: ­ƒöä add secrets lifecycle management: https://dotenvx.com/ops

      at _log (node_modules/.pnpm/dotenv@17.2.3/node_modules/dotenv/lib/main.js:142:11)

    console.log
      ­ƒøí´©Å [jest.setup] Removendo DATABASE_URL do ambiente de testes (valor n├úo importa)

      at Object.<anonymous> (__tests__/config/jest.setup.js:125:17)

    console.log
      ­ƒøí´©Å [jest.setup] Prote├º├úo do banco de testes ativada - usando: nr-bps_db_test

      at Object.<anonymous> (__tests__/config/jest.setup.js:150:13)

    console.warn
      N├úo foi poss├¡vel aplicar semente RBAC para o banco de teste: Command failed: node ./scripts/seed-test-rbac.cjs

      188 | }));
      189 |
    > 190 | // Mock Next.js server components
          |             ^
      191 | jest.mock('next/server', () => ({
      192 |   NextResponse: class MockNextResponse {
      193 |     constructor(body, options) {

      at Object.<anonymous> (__tests__/config/jest.setup.js:190:13)

PASS __tests__/scripts/link-remote-laudos.test.ts
  ÔùÅ Console

    console.log
      [dotenv@17.2.3] injecting env (0) from .env.test -- tip: Ô£à audit secrets and track compliance: https://dotenvx.com/ops

      at _log (node_modules/.pnpm/dotenv@17.2.3/node_modules/dotenv/lib/main.js:142:11)

    console.log
      ­ƒøí´©Å [jest.setup] Removendo DATABASE_URL do ambiente de testes (valor n├úo importa)

      at Object.<anonymous> (__tests__/config/jest.setup.js:125:17)

    console.log
      ­ƒøí´©Å [jest.setup] Prote├º├úo do banco de testes ativada - usando: nr-bps_db_test

      at Object.<anonymous> (__tests__/config/jest.setup.js:150:13)

    console.warn
      N├úo foi poss├¡vel aplicar semente RBAC para o banco de teste: Command failed: node ./scripts/seed-test-rbac.cjs

      188 | }));
      189 |
    > 190 | // Mock Next.js server components
          |             ^
      191 | jest.mock('next/server', () => ({
      192 |   NextResponse: class MockNextResponse {
      193 |     constructor(body, options) {

      at Object.<anonymous> (__tests__/config/jest.setup.js:190:13)

    console.log
      [dotenv@17.2.3] injecting env (9) from .env.development -- tip: ­ƒöÉ prevent committing .env to code: https://dotenvx.com/precommit

      at _log (node_modules/.pnpm/dotenv@17.2.3/node_modules/dotenv/lib/main.js:142:11)

    console.log
      [LINK] Starting link remote laudos (dryRun=false, limit=1, loteId=30, laudoId=any)

      at log (scripts/link-remote-laudos.ts:42:11)

    console.log
      [LINK] Linked laudo 14 to remote key laudos/lote-30/laudo-123.pdf

      at log (scripts/link-remote-laudos.ts:134:15)

    console.log
      [LINK] Completed

      at log (scripts/link-remote-laudos.ts:143:11)

    console.log
      [LINK] Starting link remote laudos (dryRun=false, limit=100, loteId=any, laudoId=14)

      at log (scripts/link-remote-laudos.ts:42:11)

    console.log
      [LINK] Linked laudo 14 to remote key laudos/lote-30/laudo-123.pdf

      at log (scripts/link-remote-laudos.ts:134:15)

    console.log
      [LINK] Completed

      at log (scripts/link-remote-laudos.ts:143:11)

    console.log
      [LINK] Starting link remote laudos (dryRun=false, limit=1, loteId=any, laudoId=any)

      at log (scripts/link-remote-laudos.ts:42:11)

    console.log
      [LINK] No remote object found for laudo 15 (lote 31)

      at log (scripts/link-remote-laudos.ts:97:15)

    console.log
      [LINK] Completed

      at log (scripts/link-remote-laudos.ts:143:11)

error: desculpe, muitos clientes conectados
    at Parser.parseErrorMessage (C:\apps\QWork\node_modules\.pnpm\pg-protocol@1.10.3\node_modules\pg-protocol\dist\parser.js:285:98)
    at Parser.handlePacket (C:\apps\QWork\node_modules\.pnpm\pg-protocol@1.10.3\node_modules\pg-protocol\dist\parser.js:122:29)
    at Parser.parse (C:\apps\QWork\node_modules\.pnpm\pg-protocol@1.10.3\node_modules\pg-protocol\dist\parser.js:35:38)
    at Socket.<anonymous> (C:\apps\QWork\node_modules\.pnpm\pg-protocol@1.10.3\node_modules\pg-protocol\dist\index.js:11:42)
    at Socket.emit (node:events:508:28)
    at addChunk (node:internal/streams/readable:559:12)
    at readableAddChunkPushByteMode (node:internal/streams/readable:510:3)
    at Readable.push (node:internal/streams/readable:390:5)
    at TCP.onStreamRead (node:internal/stream_base_commons:189:23) {
  length: 90,
  severity: 'FATAL',
  code: '53300',
  detail: undefined,
  hint: undefined,
  position: undefined,
  internalPosition: undefined,
  internalQuery: undefined,
  where: undefined,
  schema: undefined,
  table: undefined,
  column: undefined,
  dataType: undefined,
  constraint: undefined,
  file: 'proc.c',
  line: '357',
  routine: 'InitProcess'
}
FAIL __tests__/integration/diagnostico-api-novos-cadastros.test.ts
  ÔùÅ Test suite failed to run


      x Expression expected
        ,-[C:\apps\QWork\__tests__\integration\diagnostico-api-novos-cadastros.test.ts:55:1]
     55 |       data.tomadors.forEach((c: any) => {
     56 |         if (c.contratacao_personalizada_id) {
     57 |             `    ­ƒöÑ PERSONALIZADO ID: ${c.contratacao_personalizada_id}`
     58 |           );
        :           ^
     59 |         }
     60 |       });
     60 |     }
        `----


    Caused by:
        Syntax Error

      at Object.transformSync (node_modules/.pnpm/next@14.2.33_@babel+core@7._7ed58a22f15b2f2041835ab71b63c437/node_modules/next/src/build/swc/index.ts:1433:25)
      at transformSync (node_modules/.pnpm/next@14.2.33_@babel+core@7._7ed58a22f15b2f2041835ab71b63c437/node_modules/next/src/build/swc/index.ts:1550:19)
      at Object.process (node_modules/.pnpm/next@14.2.33_@babel+core@7._7ed58a22f15b2f2041835ab71b63c437/node_modules/next/src/build/swc/jest-transformer.ts:104:25)
      at ScriptTransformer.transformSource (node_modules/.pnpm/@jest+transform@30.2.0/node_modules/@jest/transform/build/index.js:422:31)
      at ScriptTransformer._transformAndBuildScript (node_modules/.pnpm/@jest+transform@30.2.0/node_modules/@jest/transform/build/index.js:519:40)
      at ScriptTransformer.transform (node_modules/.pnpm/@jest+transform@30.2.0/node_modules/@jest/transform/build/index.js:558:19)

error: desculpe, muitos clientes conectados
    at Parser.parseErrorMessage (C:\apps\QWork\node_modules\.pnpm\pg-protocol@1.10.3\node_modules\pg-protocol\dist\parser.js:285:98)
    at Parser.handlePacket (C:\apps\QWork\node_modules\.pnpm\pg-protocol@1.10.3\node_modules\pg-protocol\dist\parser.js:122:29)
    at Parser.parse (C:\apps\QWork\node_modules\.pnpm\pg-protocol@1.10.3\node_modules\pg-protocol\dist\parser.js:35:38)
    at Socket.<anonymous> (C:\apps\QWork\node_modules\.pnpm\pg-protocol@1.10.3\node_modules\pg-protocol\dist\index.js:11:42)
    at Socket.emit (node:events:508:28)
    at addChunk (node:internal/streams/readable:559:12)
    at readableAddChunkPushByteMode (node:internal/streams/readable:510:3)
    at Readable.push (node:internal/streams/readable:390:5)
    at TCP.onStreamRead (node:internal/stream_base_commons:189:23) {
  length: 90,
  severity: 'FATAL',
  code: '53300',
  detail: undefined,
  hint: undefined,
  position: undefined,
  internalPosition: undefined,
  internalQuery: undefined,
  where: undefined,
  schema: undefined,
  table: undefined,
  column: undefined,
  dataType: undefined,
  constraint: undefined,
  file: 'proc.c',
  line: '357',
  routine: 'InitProcess'
}
error: desculpe, muitos clientes conectados
    at Parser.parseErrorMessage (C:\apps\QWork\node_modules\.pnpm\pg-protocol@1.10.3\node_modules\pg-protocol\dist\parser.js:285:98)
    at Parser.handlePacket (C:\apps\QWork\node_modules\.pnpm\pg-protocol@1.10.3\node_modules\pg-protocol\dist\parser.js:122:29)
    at Parser.parse (C:\apps\QWork\node_modules\.pnpm\pg-protocol@1.10.3\node_modules\pg-protocol\dist\parser.js:35:38)
    at Socket.<anonymous> (C:\apps\QWork\node_modules\.pnpm\pg-protocol@1.10.3\node_modules\pg-protocol\dist\index.js:11:42)
    at Socket.emit (node:events:508:28)
    at addChunk (node:internal/streams/readable:559:12)
    at readableAddChunkPushByteMode (node:internal/streams/readable:510:3)
    at Readable.push (node:internal/streams/readable:390:5)
    at TCP.onStreamRead (node:internal/stream_base_commons:189:23) {
  length: 90,
  severity: 'FATAL',
  code: '53300',
  detail: undefined,
  hint: undefined,
  position: undefined,
  internalPosition: undefined,
  internalQuery: undefined,
  where: undefined,
  schema: undefined,
  table: undefined,
  column: undefined,
  dataType: undefined,
  constraint: undefined,
  file: 'proc.c',
  line: '357',
  routine: 'InitProcess'
}
error: desculpe, muitos clientes conectados
    at Parser.parseErrorMessage (C:\apps\QWork\node_modules\.pnpm\pg-protocol@1.10.3\node_modules\pg-protocol\dist\parser.js:285:98)
    at Parser.handlePacket (C:\apps\QWork\node_modules\.pnpm\pg-protocol@1.10.3\node_modules\pg-protocol\dist\parser.js:122:29)
    at Parser.parse (C:\apps\QWork\node_modules\.pnpm\pg-protocol@1.10.3\node_modules\pg-protocol\dist\parser.js:35:38)
    at Socket.<anonymous> (C:\apps\QWork\node_modules\.pnpm\pg-protocol@1.10.3\node_modules\pg-protocol\dist\index.js:11:42)
    at Socket.emit (node:events:508:28)
    at addChunk (node:internal/streams/readable:559:12)
    at readableAddChunkPushByteMode (node:internal/streams/readable:510:3)
    at Readable.push (node:internal/streams/readable:390:5)
    at TCP.onStreamRead (node:internal/stream_base_commons:189:23) {
  length: 90,
  severity: 'FATAL',
  code: '53300',
  detail: undefined,
  hint: undefined,
  position: undefined,
  internalPosition: undefined,
  internalQuery: undefined,
  where: undefined,
  schema: undefined,
  table: undefined,
  column: undefined,
  dataType: undefined,
  constraint: undefined,
  file: 'proc.c',
  line: '357',
  routine: 'InitProcess'
}
error: desculpe, muitos clientes conectados
    at Parser.parseErrorMessage (C:\apps\QWork\node_modules\.pnpm\pg-protocol@1.10.3\node_modules\pg-protocol\dist\parser.js:285:98)
    at Parser.handlePacket (C:\apps\QWork\node_modules\.pnpm\pg-protocol@1.10.3\node_modules\pg-protocol\dist\parser.js:122:29)
    at Parser.parse (C:\apps\QWork\node_modules\.pnpm\pg-protocol@1.10.3\node_modules\pg-protocol\dist\parser.js:35:38)
    at Socket.<anonymous> (C:\apps\QWork\node_modules\.pnpm\pg-protocol@1.10.3\node_modules\pg-protocol\dist\index.js:11:42)
    at Socket.emit (node:events:508:28)
    at addChunk (node:internal/streams/readable:559:12)
    at readableAddChunkPushByteMode (node:internal/streams/readable:510:3)
    at Readable.push (node:internal/streams/readable:390:5)
    at TCP.onStreamRead (node:internal/stream_base_commons:189:23) {
  length: 90,
  severity: 'FATAL',
  code: '53300',
  detail: undefined,
  hint: undefined,
  position: undefined,
  internalPosition: undefined,
  internalQuery: undefined,
  where: undefined,
  schema: undefined,
  table: undefined,
  column: undefined,
  dataType: undefined,
  constraint: undefined,
  file: 'proc.c',
  line: '357',
  routine: 'InitProcess'
}
PASS __tests__/entidade/funcionarios-page.test.tsx
  ÔùÅ Console

    console.log
      [dotenv@17.2.3] injecting env (0) from .env.test -- tip: ­ƒôí add observability to secrets: https://dotenvx.com/ops

      at _log (node_modules/.pnpm/dotenv@17.2.3/node_modules/dotenv/lib/main.js:142:11)

    console.log
      ­ƒøí´©Å [jest.setup] Removendo DATABASE_URL do ambiente de testes (valor n├úo importa)

      at Object.<anonymous> (__tests__/config/jest.setup.js:125:17)

    console.log
      ­ƒøí´©Å [jest.setup] Prote├º├úo do banco de testes ativada - usando: nr-bps_db_test

      at Object.<anonymous> (__tests__/config/jest.setup.js:150:13)

    console.warn
      N├úo foi poss├¡vel aplicar semente RBAC para o banco de teste: Command failed: node ./scripts/seed-test-rbac.cjs

      188 | }));
      189 |
    > 190 | // Mock Next.js server components
          |             ^
      191 | jest.mock('next/server', () => ({
      192 |   NextResponse: class MockNextResponse {
      193 |     constructor(body, options) {

      at Object.<anonymous> (__tests__/config/jest.setup.js:190:13)

PASS __tests__/components/ConditionalHeader.test.tsx
  ÔùÅ Console

    console.log
      [dotenv@17.2.3] injecting env (0) from .env.test -- tip: ÔÜÖ´©Å  enable debug logging with { debug: true }

      at _log (node_modules/.pnpm/dotenv@17.2.3/node_modules/dotenv/lib/main.js:142:11)

    console.log
      ­ƒøí´©Å [jest.setup] Removendo DATABASE_URL do ambiente de testes (valor n├úo importa)

      at Object.<anonymous> (__tests__/config/jest.setup.js:125:17)

    console.log
      ­ƒøí´©Å [jest.setup] Prote├º├úo do banco de testes ativada - usando: nr-bps_db_test

      at Object.<anonymous> (__tests__/config/jest.setup.js:150:13)

    console.warn
      N├úo foi poss├¡vel aplicar semente RBAC para o banco de teste: Command failed: node ./scripts/seed-test-rbac.cjs

      188 | }));
      189 |
    > 190 | // Mock Next.js server components
          |             ^
      191 | jest.mock('next/server', () => ({
      192 |   NextResponse: class MockNextResponse {
      193 |     constructor(body, options) {

      at Object.<anonymous> (__tests__/config/jest.setup.js:190:13)

error: desculpe, muitos clientes conectados
    at Parser.parseErrorMessage (C:\apps\QWork\node_modules\.pnpm\pg-protocol@1.10.3\node_modules\pg-protocol\dist\parser.js:285:98)
    at Parser.handlePacket (C:\apps\QWork\node_modules\.pnpm\pg-protocol@1.10.3\node_modules\pg-protocol\dist\parser.js:122:29)
    at Parser.parse (C:\apps\QWork\node_modules\.pnpm\pg-protocol@1.10.3\node_modules\pg-protocol\dist\parser.js:35:38)
    at Socket.<anonymous> (C:\apps\QWork\node_modules\.pnpm\pg-protocol@1.10.3\node_modules\pg-protocol\dist\index.js:11:42)
    at Socket.emit (node:events:508:28)
    at addChunk (node:internal/streams/readable:559:12)
    at readableAddChunkPushByteMode (node:internal/streams/readable:510:3)
    at Readable.push (node:internal/streams/readable:390:5)
    at TCP.onStreamRead (node:internal/stream_base_commons:189:23) {
  length: 90,
  severity: 'FATAL',
  code: '53300',
  detail: undefined,
  hint: undefined,
  position: undefined,
  internalPosition: undefined,
  internalQuery: undefined,
  where: undefined,
  schema: undefined,
  table: undefined,
  column: undefined,
  dataType: undefined,
  constraint: undefined,
  file: 'proc.c',
  line: '357',
  routine: 'InitProcess'
}
FAIL __tests__/api/emissor/lotes-download-safety.test.ts
  ÔùÅ Console

    console.log
      [dotenv@17.2.3] injecting env (0) from .env.test -- tip: ­ƒöÉ prevent building .env in docker: https://dotenvx.com/prebuild

      at _log (node_modules/.pnpm/dotenv@17.2.3/node_modules/dotenv/lib/main.js:142:11)

    console.log
      ­ƒøí´©Å [jest.setup] Removendo DATABASE_URL do ambiente de testes (valor n├úo importa)

      at Object.<anonymous> (__tests__/config/jest.setup.js:125:17)

    console.log
      ­ƒøí´©Å [jest.setup] Prote├º├úo do banco de testes ativada - usando: nr-bps_db_test

      at Object.<anonymous> (__tests__/config/jest.setup.js:150:13)

    console.warn
      N├úo foi poss├¡vel aplicar semente RBAC para o banco de teste: Command failed: node ./scripts/seed-test-rbac.cjs

      188 | }));
      189 |
    > 190 | // Mock Next.js server components
          |             ^
      191 | jest.mock('next/server', () => ({
      192 |   NextResponse: class MockNextResponse {
      193 |     constructor(body, options) {

      at Object.<anonymous> (__tests__/config/jest.setup.js:190:13)

  ÔùÅ Lotes route - n├úo exp├Áe laudos antes de lote conclu├¡do ÔÇ║ deve ignorar laudo se lote n├úo estiver conclu├¡do e n├úo expor hash

    expect(received).toBeNull()

    Received: {"_emitido": true, "arquivo_remoto_key": null, "arquivo_remoto_uploaded_at": null, "arquivo_remoto_url": null, "emissor_cpf": null, "emissor_nome": null, "emitido_em": null, "enviado_em": null, "hash_pdf": null, "id": 42, "observacoes": null, "status": "enviado"}

      77 |
      78 |     // Como o lote n├úo est├í conclu├¡do, n├úo devemos expor a propriedade laudo (ou deve ser null)
    > 79 |     expect(lote.laudo).toBeNull();
         |                        ^
      80 |   });
      81 | });
      82 |

      at Object.toBeNull (__tests__/api/emissor/lotes-download-safety.test.ts:79:24)

error: desculpe, muitos clientes conectados
    at Parser.parseErrorMessage (C:\apps\QWork\node_modules\.pnpm\pg-protocol@1.10.3\node_modules\pg-protocol\dist\parser.js:285:98)
    at Parser.handlePacket (C:\apps\QWork\node_modules\.pnpm\pg-protocol@1.10.3\node_modules\pg-protocol\dist\parser.js:122:29)
    at Parser.parse (C:\apps\QWork\node_modules\.pnpm\pg-protocol@1.10.3\node_modules\pg-protocol\dist\parser.js:35:38)
    at Socket.<anonymous> (C:\apps\QWork\node_modules\.pnpm\pg-protocol@1.10.3\node_modules\pg-protocol\dist\index.js:11:42)
    at Socket.emit (node:events:508:28)
    at addChunk (node:internal/streams/readable:559:12)
    at readableAddChunkPushByteMode (node:internal/streams/readable:510:3)
    at Readable.push (node:internal/streams/readable:390:5)
    at TCP.onStreamRead (node:internal/stream_base_commons:189:23) {
  length: 90,
  severity: 'FATAL',
  code: '53300',
  detail: undefined,
  hint: undefined,
  position: undefined,
  internalPosition: undefined,
  internalQuery: undefined,
  where: undefined,
  schema: undefined,
  table: undefined,
  column: undefined,
  dataType: undefined,
  constraint: undefined,
  file: 'proc.c',
  line: '357',
  routine: 'InitProcess'
}
error: desculpe, muitos clientes conectados
    at Parser.parseErrorMessage (C:\apps\QWork\node_modules\.pnpm\pg-protocol@1.10.3\node_modules\pg-protocol\dist\parser.js:285:98)
    at Parser.handlePacket (C:\apps\QWork\node_modules\.pnpm\pg-protocol@1.10.3\node_modules\pg-protocol\dist\parser.js:122:29)
    at Parser.parse (C:\apps\QWork\node_modules\.pnpm\pg-protocol@1.10.3\node_modules\pg-protocol\dist\parser.js:35:38)
    at Socket.<anonymous> (C:\apps\QWork\node_modules\.pnpm\pg-protocol@1.10.3\node_modules\pg-protocol\dist\index.js:11:42)
    at Socket.emit (node:events:508:28)
    at addChunk (node:internal/streams/readable:559:12)
    at readableAddChunkPushByteMode (node:internal/streams/readable:510:3)
    at Readable.push (node:internal/streams/readable:390:5)
    at TCP.onStreamRead (node:internal/stream_base_commons:189:23) {
  length: 90,
  severity: 'FATAL',
  code: '53300',
  detail: undefined,
  hint: undefined,
  position: undefined,
  internalPosition: undefined,
  internalQuery: undefined,
  where: undefined,
  schema: undefined,
  table: undefined,
  column: undefined,
  dataType: undefined,
  constraint: undefined,
  file: 'proc.c',
  line: '357',
  routine: 'InitProcess'
}
error: desculpe, muitos clientes conectados
    at Parser.parseErrorMessage (C:\apps\QWork\node_modules\.pnpm\pg-protocol@1.10.3\node_modules\pg-protocol\dist\parser.js:285:98)
    at Parser.handlePacket (C:\apps\QWork\node_modules\.pnpm\pg-protocol@1.10.3\node_modules\pg-protocol\dist\parser.js:122:29)
    at Parser.parse (C:\apps\QWork\node_modules\.pnpm\pg-protocol@1.10.3\node_modules\pg-protocol\dist\parser.js:35:38)
    at Socket.<anonymous> (C:\apps\QWork\node_modules\.pnpm\pg-protocol@1.10.3\node_modules\pg-protocol\dist\index.js:11:42)
    at Socket.emit (node:events:508:28)
    at addChunk (node:internal/streams/readable:559:12)
    at readableAddChunkPushByteMode (node:internal/streams/readable:510:3)
    at Readable.push (node:internal/streams/readable:390:5)
    at TCP.onStreamRead (node:internal/stream_base_commons:189:23) {
  length: 90,
  severity: 'FATAL',
  code: '53300',
  detail: undefined,
  hint: undefined,
  position: undefined,
  internalPosition: undefined,
  internalQuery: undefined,
  where: undefined,
  schema: undefined,
  table: undefined,
  column: undefined,
  dataType: undefined,
  constraint: undefined,
  file: 'proc.c',
  line: '357',
  routine: 'InitProcess'
}
PASS __tests__/api/auth/login-emissor.test.ts
  ÔùÅ Console

    console.log
      [dotenv@17.2.3] injecting env (0) from .env.test -- tip: Ô£à audit secrets and track compliance: https://dotenvx.com/ops

      at _log (node_modules/.pnpm/dotenv@17.2.3/node_modules/dotenv/lib/main.js:142:11)

    console.log
      ­ƒøí´©Å [jest.setup] Removendo DATABASE_URL do ambiente de testes (valor n├úo importa)

      at Object.<anonymous> (__tests__/config/jest.setup.js:125:17)

    console.log
      ­ƒøí´©Å [jest.setup] Prote├º├úo do banco de testes ativada - usando: nr-bps_db_test

      at Object.<anonymous> (__tests__/config/jest.setup.js:150:13)

    console.warn
      N├úo foi poss├¡vel aplicar semente RBAC para o banco de teste: Command failed: node ./scripts/seed-test-rbac.cjs

      188 | }));
      189 |
    > 190 | // Mock Next.js server components
          |             ^
      191 | jest.mock('next/server', () => ({
      192 |   NextResponse: class MockNextResponse {
      193 |     constructor(body, options) {

      at Object.<anonymous> (__tests__/config/jest.setup.js:190:13)

    console.log
      ­ƒöî [lib/db.ts] Conectado ao banco: nr-bps_db_test @ localhost (ambiente: test)

      at Object.log (lib/db.ts:673:15)

    console.log
      Database info: undefined

      at log (app/api/auth/login/route.ts:29:13)

    console.log
      [LOGIN] Buscando usu├írio CPF 53051173991 em funcionarios...

      at log (app/api/auth/login/route.ts:46:13)

    console.log
      [LOGIN] N├úo encontrado em funcionarios; buscando em usuarios...

      at log (app/api/auth/login/route.ts:91:15)

    console.log
      [LOGIN] Usu├írio encontrado em usuarios: {
        cpf: '53051173991',
        tipo: 'emissor',
        clinica_id: null,
        entidade_id: null,
        ativo: true
      }

      at log (app/api/auth/login/route.ts:111:15)

    console.log
      [LOGIN] Usu├írio encontrado: {
        cpf: '53051173991',
        tipo: 'emissor',
        clinica_id: null,
        entidade_id: null,
        ativo: true
      }

      at log (app/api/auth/login/route.ts:119:13)

    console.log
      [LOGIN] emissor n├úo valida senha (configura├º├úo tempor├íria)

      at log (app/api/auth/login/route.ts:237:15)

    console.log
      LOGIN TEST RESPONSE: {
        success: true,
        cpf: '53051173991',
        nome: 'Emissor Teste',
        perfil: 'emissor',
        redirectTo: '/emissor'
      }

      at Object.log (__tests__/api/auth/login-emissor.test.ts:63:13)

PASS __tests__/database/vw_funcionarios_por_lote.test.ts
  ÔùÅ Console

    console.log
      [dotenv@17.2.3] injecting env (0) from .env.test -- tip: ­ƒöÉ prevent building .env in docker: https://dotenvx.com/prebuild

      at _log (node_modules/.pnpm/dotenv@17.2.3/node_modules/dotenv/lib/main.js:142:11)

    console.log
      ­ƒøí´©Å [jest.setup] Removendo DATABASE_URL do ambiente de testes (valor n├úo importa)

      at Object.<anonymous> (__tests__/config/jest.setup.js:125:17)

    console.log
      ­ƒøí´©Å [jest.setup] Prote├º├úo do banco de testes ativada - usando: nr-bps_db_test

      at Object.<anonymous> (__tests__/config/jest.setup.js:150:13)

    console.warn
      N├úo foi poss├¡vel aplicar semente RBAC para o banco de teste: Command failed: node ./scripts/seed-test-rbac.cjs

      188 | }));
      189 |
    > 190 | // Mock Next.js server components
          |             ^
      191 | jest.mock('next/server', () => ({
      192 |   NextResponse: class MockNextResponse {
      193 |     constructor(body, options) {

      at Object.<anonymous> (__tests__/config/jest.setup.js:190:13)

FAIL __tests__/lib/db-security.test.ts
  ÔùÅ Console

    console.log
      [dotenv@17.2.3] injecting env (0) from .env.test -- tip: ÔÜÖ´©Å  specify custom .env file path with { path: '/custom/path/.env' }

      at _log (node_modules/.pnpm/dotenv@17.2.3/node_modules/dotenv/lib/main.js:142:11)

    console.log
      ­ƒøí´©Å [jest.setup] Removendo DATABASE_URL do ambiente de testes (valor n├úo importa)

      at Object.<anonymous> (__tests__/config/jest.setup.js:125:17)

    console.log
      ­ƒøí´©Å [jest.setup] Prote├º├úo do banco de testes ativada - usando: nr-bps_db_test

      at Object.<anonymous> (__tests__/config/jest.setup.js:150:13)

    console.warn
      N├úo foi poss├¡vel aplicar semente RBAC para o banco de teste: Command failed: node ./scripts/seed-test-rbac.cjs

      188 | }));
      189 |
    > 190 | // Mock Next.js server components
          |             ^
      191 | jest.mock('next/server', () => ({
      192 |   NextResponse: class MockNextResponse {
      193 |     constructor(body, options) {

      at Object.<anonymous> (__tests__/config/jest.setup.js:190:13)

    console.log
      [queryWithContext] ­ƒöä TRANSA├ç├âO: CPF=11111111111, Perfil=rh

      at log (lib/db-security.ts:118:15)

    console.log
      [queryWithContext] ­ƒöä TRANSA├ç├âO: CPF=22222222222, Perfil=gestor

      at log (lib/db-security.ts:118:15)

  ÔùÅ db-security.queryWithContext ÔÇ║ deve setar app.current_user_clinica_id quando perfil for rh

    TypeError: (0 , _db.transaction) is not a function

      135 |
      136 |       // Ô£à USAR transaction() de lib/db.ts que garante cliente dedicado (mesma conex├úo)
    > 137 |       return await transaction(async (txClient) => {
          |                               ^
      138 |         // FASE 1: Buscar IDs de contexto (dentro da transa├º├úo, mesma conex├úo)
      139 |         let clinicaId: string | null = null;
      140 |         let entidadeId: string | null = null;

      at queryWithContext (lib/db-security.ts:137:31)
      at Object.<anonymous> (__tests__/lib/db-security.test.ts:41:27)

  ÔùÅ db-security.queryWithContext ÔÇ║ deve setar app.current_user_tomador_id quando perfil for gestor

    TypeError: (0 , _db.transaction) is not a function

      135 |
      136 |       // Ô£à USAR transaction() de lib/db.ts que garante cliente dedicado (mesma conex├úo)
    > 137 |       return await transaction(async (txClient) => {
          |                               ^
      138 |         // FASE 1: Buscar IDs de contexto (dentro da transa├º├úo, mesma conex├úo)
      139 |         let clinicaId: string | null = null;
      140 |         let entidadeId: string | null = null;

      at queryWithContext (lib/db-security.ts:137:31)
      at Object.<anonymous> (__tests__/lib/db-security.test.ts:73:27)

FAIL __tests__/api/cadastro-tomador-route.unit.test.ts
  ÔùÅ Console

    console.log
      [dotenv@17.2.3] injecting env (0) from .env.test -- tip: ÔÜÖ´©Å  specify custom .env file path with { path: '/custom/path/.env' }

      at _log (node_modules/.pnpm/dotenv@17.2.3/node_modules/dotenv/lib/main.js:142:11)

    console.log
      ­ƒøí´©Å [jest.setup] Removendo DATABASE_URL do ambiente de testes (valor n├úo importa)

      at Object.<anonymous> (__tests__/config/jest.setup.js:125:17)

    console.log
      ­ƒøí´©Å [jest.setup] Prote├º├úo do banco de testes ativada - usando: nr-bps_db_test

      at Object.<anonymous> (__tests__/config/jest.setup.js:150:13)

    console.warn
      N├úo foi poss├¡vel aplicar semente RBAC para o banco de teste: Command failed: node ./scripts/seed-test-rbac.cjs

      188 | }));
      189 |
    > 190 | // Mock Next.js server components
          |             ^
      191 | jest.mock('next/server', () => ({
      192 |   NextResponse: class MockNextResponse {
      193 |     constructor(body, options) {

      at Object.<anonymous> (__tests__/config/jest.setup.js:190:13)

    console.info
      {"event":"cadastro_tomador_start","cnpj":"11.444.777/0001-61","email":"mock-no-files@example.test","planoId":null,"ip":"127.0.0.1"}

      at info (app/api/cadastro/tomadores/route.ts:176:11)

    console.info
      {"event":"cadastro_anexos_desabilitados","flag":"NEXT_PUBLIC_DISABLE_ANEXOS=true"}

      at info (app/api/cadastro/tomadores/route.ts:297:13)

  ÔùÅ Route POST - unit├írio (sem DB real) ÔÇ║ deve retornar 201 quando NEXT_PUBLIC_DISABLE_ANEXOS=true e n├úo h├í arquivos

    expect(received).toBe(expected) // Object.is equality

    Expected: 201
    Received: 500

      58 |     const data = await response.json();
      59 |
    > 60 |     expect(response.status).toBe(201);
         |                             ^
      61 |     expect(data.success).toBe(true);
      62 |     expect(data.tomador).toBeDefined();
      63 |

      at Object.toBe (__tests__/api/cadastro-tomador-route.unit.test.ts:60:29)

error: desculpe, muitos clientes conectados
    at Parser.parseErrorMessage (C:\apps\QWork\node_modules\.pnpm\pg-protocol@1.10.3\node_modules\pg-protocol\dist\parser.js:285:98)
    at Parser.handlePacket (C:\apps\QWork\node_modules\.pnpm\pg-protocol@1.10.3\node_modules\pg-protocol\dist\parser.js:122:29)
    at Parser.parse (C:\apps\QWork\node_modules\.pnpm\pg-protocol@1.10.3\node_modules\pg-protocol\dist\parser.js:35:38)
    at Socket.<anonymous> (C:\apps\QWork\node_modules\.pnpm\pg-protocol@1.10.3\node_modules\pg-protocol\dist\index.js:11:42)
    at Socket.emit (node:events:508:28)
    at addChunk (node:internal/streams/readable:559:12)
    at readableAddChunkPushByteMode (node:internal/streams/readable:510:3)
    at Readable.push (node:internal/streams/readable:390:5)
    at TCP.onStreamRead (node:internal/stream_base_commons:189:23) {
  length: 90,
  severity: 'FATAL',
  code: '53300',
  detail: undefined,
  hint: undefined,
  position: undefined,
  internalPosition: undefined,
  internalQuery: undefined,
  where: undefined,
  schema: undefined,
  table: undefined,
  column: undefined,
  dataType: undefined,
  constraint: undefined,
  file: 'proc.c',
  line: '357',
  routine: 'InitProcess'
}
error: desculpe, muitos clientes conectados
    at Parser.parseErrorMessage (C:\apps\QWork\node_modules\.pnpm\pg-protocol@1.10.3\node_modules\pg-protocol\dist\parser.js:285:98)
    at Parser.handlePacket (C:\apps\QWork\node_modules\.pnpm\pg-protocol@1.10.3\node_modules\pg-protocol\dist\parser.js:122:29)
    at Parser.parse (C:\apps\QWork\node_modules\.pnpm\pg-protocol@1.10.3\node_modules\pg-protocol\dist\parser.js:35:38)
    at Socket.<anonymous> (C:\apps\QWork\node_modules\.pnpm\pg-protocol@1.10.3\node_modules\pg-protocol\dist\index.js:11:42)
    at Socket.emit (node:events:508:28)
    at addChunk (node:internal/streams/readable:559:12)
    at readableAddChunkPushByteMode (node:internal/streams/readable:510:3)
    at Readable.push (node:internal/streams/readable:390:5)
    at TCP.onStreamRead (node:internal/stream_base_commons:189:23) {
  length: 90,
  severity: 'FATAL',
  code: '53300',
  detail: undefined,
  hint: undefined,
  position: undefined,
  internalPosition: undefined,
  internalQuery: undefined,
  where: undefined,
  schema: undefined,
  table: undefined,
  column: undefined,
  dataType: undefined,
  constraint: undefined,
  file: 'proc.c',
  line: '357',
  routine: 'InitProcess'
}
error: desculpe, muitos clientes conectados
    at Parser.parseErrorMessage (C:\apps\QWork\node_modules\.pnpm\pg-protocol@1.10.3\node_modules\pg-protocol\dist\parser.js:285:98)
    at Parser.handlePacket (C:\apps\QWork\node_modules\.pnpm\pg-protocol@1.10.3\node_modules\pg-protocol\dist\parser.js:122:29)
    at Parser.parse (C:\apps\QWork\node_modules\.pnpm\pg-protocol@1.10.3\node_modules\pg-protocol\dist\parser.js:35:38)
    at Socket.<anonymous> (C:\apps\QWork\node_modules\.pnpm\pg-protocol@1.10.3\node_modules\pg-protocol\dist\index.js:11:42)
    at Socket.emit (node:events:508:28)
    at addChunk (node:internal/streams/readable:559:12)
    at readableAddChunkPushByteMode (node:internal/streams/readable:510:3)
    at Readable.push (node:internal/streams/readable:390:5)
    at TCP.onStreamRead (node:internal/stream_base_commons:189:23) {
  length: 90,
  severity: 'FATAL',
  code: '53300',
  detail: undefined,
  hint: undefined,
  position: undefined,
  internalPosition: undefined,
  internalQuery: undefined,
  where: undefined,
  schema: undefined,
  table: undefined,
  column: undefined,
  dataType: undefined,
  constraint: undefined,
  file: 'proc.c',
  line: '357',
  routine: 'InitProcess'
}
PASS __tests__/components/payments/PaymentSummaryCard.test.tsx
  ÔùÅ Console

    console.log
      [dotenv@17.2.3] injecting env (0) from .env.test -- tip: ­ƒùé´©Å backup and recover secrets: https://dotenvx.com/ops

      at _log (node_modules/.pnpm/dotenv@17.2.3/node_modules/dotenv/lib/main.js:142:11)

    console.log
      ­ƒøí´©Å [jest.setup] Removendo DATABASE_URL do ambiente de testes (valor n├úo importa)

      at Object.<anonymous> (__tests__/config/jest.setup.js:125:17)

    console.log
      ­ƒøí´©Å [jest.setup] Prote├º├úo do banco de testes ativada - usando: nr-bps_db_test

      at Object.<anonymous> (__tests__/config/jest.setup.js:150:13)

    console.warn
      N├úo foi poss├¡vel aplicar semente RBAC para o banco de teste: Command failed: node ./scripts/seed-test-rbac.cjs

      188 | }));
      189 |
    > 190 | // Mock Next.js server components
          |             ^
      191 | jest.mock('next/server', () => ({
      192 |   NextResponse: class MockNextResponse {
      193 |     constructor(body, options) {

      at Object.<anonymous> (__tests__/config/jest.setup.js:190:13)

error: desculpe, muitos clientes conectados
    at Parser.parseErrorMessage (C:\apps\QWork\node_modules\.pnpm\pg-protocol@1.10.3\node_modules\pg-protocol\dist\parser.js:285:98)
    at Parser.handlePacket (C:\apps\QWork\node_modules\.pnpm\pg-protocol@1.10.3\node_modules\pg-protocol\dist\parser.js:122:29)
    at Parser.parse (C:\apps\QWork\node_modules\.pnpm\pg-protocol@1.10.3\node_modules\pg-protocol\dist\parser.js:35:38)
    at Socket.<anonymous> (C:\apps\QWork\node_modules\.pnpm\pg-protocol@1.10.3\node_modules\pg-protocol\dist\index.js:11:42)
    at Socket.emit (node:events:508:28)
    at addChunk (node:internal/streams/readable:559:12)
    at readableAddChunkPushByteMode (node:internal/streams/readable:510:3)
    at Readable.push (node:internal/streams/readable:390:5)
    at TCP.onStreamRead (node:internal/stream_base_commons:189:23) {
  length: 90,
  severity: 'FATAL',
  code: '53300',
  detail: undefined,
  hint: undefined,
  position: undefined,
  internalPosition: undefined,
  internalQuery: undefined,
  where: undefined,
  schema: undefined,
  table: undefined,
  column: undefined,
  dataType: undefined,
  constraint: undefined,
  file: 'proc.c',
  line: '357',
  routine: 'InitProcess'
}
FAIL __tests__/api/avaliacao/finalizar.test.ts
  ÔùÅ Console

    console.log
      [dotenv@17.2.3] injecting env (0) from .env.test -- tip: ­ƒôí add observability to secrets: https://dotenvx.com/ops

      at _log (node_modules/.pnpm/dotenv@17.2.3/node_modules/dotenv/lib/main.js:142:11)

    console.log
      ­ƒøí´©Å [jest.setup] Removendo DATABASE_URL do ambiente de testes (valor n├úo importa)

      at Object.<anonymous> (__tests__/config/jest.setup.js:125:17)

    console.log
      ­ƒøí´©Å [jest.setup] Prote├º├úo do banco de testes ativada - usando: nr-bps_db_test

      at Object.<anonymous> (__tests__/config/jest.setup.js:150:13)

    console.warn
      N├úo foi poss├¡vel aplicar semente RBAC para o banco de teste: Command failed: node ./scripts/seed-test-rbac.cjs

      188 | }));
      189 |
    > 190 | // Mock Next.js server components
          |             ^
      191 | jest.mock('next/server', () => ({
      192 |   NextResponse: class MockNextResponse {
      193 |     constructor(body, options) {

      at Object.<anonymous> (__tests__/config/jest.setup.js:190:13)

  ÔùÅ API /api/avaliacao/finalizar ÔÇ║ n├úo permite finalizar se faltam respostas obrigat├│rias

    expect(received).toBe(expected) // Object.is equality

    Expected: 400
    Received: 410

      29 |     const res = await finalizarAvaliacao(req);
      30 |     const json = await res.json();
    > 31 |     expect(res.status).toBe(400);
         |                        ^
      32 |     expect(json.error).toMatch(/n├úo est├í completa/i);
      33 |   });
      34 |

      at Object.toBe (__tests__/api/avaliacao/finalizar.test.ts:31:24)

  ÔùÅ API /api/avaliacao/finalizar ÔÇ║ permite finalizar se todas as respostas obrigat├│rias est├úo presentes

    expect(received).toBe(expected) // Object.is equality

    Expected: 200
    Received: 410

      49 |     const res = await finalizarAvaliacao(req);
      50 |     const json = await res.json();
    > 51 |     expect(res.status).toBe(200);
         |                        ^
      52 |     expect(json.success).toBe(true);
      53 |
      54 |     // Verifica que anomalias / warnings foram detectados durante o c├ílculo

      at Object.toBe (__tests__/api/avaliacao/finalizar.test.ts:51:24)

FAIL __tests__/components/ModalCadastrotomador.test.tsx
  ÔùÅ Console

    console.log
      [dotenv@17.2.3] injecting env (0) from .env.test -- tip: Ô£à audit secrets and track compliance: https://dotenvx.com/ops

      at _log (node_modules/.pnpm/dotenv@17.2.3/node_modules/dotenv/lib/main.js:142:11)

    console.log
      ­ƒøí´©Å [jest.setup] Removendo DATABASE_URL do ambiente de testes (valor n├úo importa)

      at Object.<anonymous> (__tests__/config/jest.setup.js:125:17)

    console.log
      ­ƒøí´©Å [jest.setup] Prote├º├úo do banco de testes ativada - usando: nr-bps_db_test

      at Object.<anonymous> (__tests__/config/jest.setup.js:150:13)

    console.warn
      N├úo foi poss├¡vel aplicar semente RBAC para o banco de teste: Command failed: node ./scripts/seed-test-rbac.cjs

      188 | }));
      189 |
    > 190 | // Mock Next.js server components
          |             ^
      191 | jest.mock('next/server', () => ({
      192 |   NextResponse: class MockNextResponse {
      193 |     constructor(body, options) {

      at Object.<anonymous> (__tests__/config/jest.setup.js:190:13)

  ÔùÅ ModalCadastrotomador - valida├º├Áes de planos ÔÇ║ exibe aviso inline e impede avan├ºo quando n├║mero de funcion├írios excede limite

    Unable to find an element with the text: Plano B├ísico. This could be because the text is broken up by multiple elements. In this case, you can provide a function for your text matcher to make your matcher more flexible.

    Ignored nodes: comments, script, style
    <body>
      <div>
        <div
          class="fixed inset-0 bg-black bg-opacity-50 flex items-center justify-center z-50 p-4"
        >
          <div
            class="bg-white rounded-lg shadow-xl max-w-2xl w-full max-h-[90vh] overflow-y-auto"
          >
            <div
              class="flex justify-between items-center p-6 border-b"
            >
              <div
                class="flex items-center gap-4"
              >
                <div
                  class="flex-shrink-0"
                >
                  <div
                    class="flex flex-col items-center justify-center "
                  >
                    <div
                      class="w-8 h-8 flex items-center justify-center"
                    >
                      <img
                        alt="QWork"
                        class="w-full h-full object-contain"
                        data-nimg="1"
                        decoding="async"
                        height="48"
                        src="data:image/png;base64,iVBORw0KGgoAAAANSUhEUgAABEsAAAGnCAYAAABPZtklAAAKN2lDQ1BzUkdCIElFQzYxOTY2LTIuMQAAeJydlndUU9kWh8+9N71QkhCKlNBraFICSA29SJEuKjEJEErAkAAiNkRUcERRkaYIMijggKNDkbEiioUBUbHrBBlE1HFwFBuWSWStGd+8ee/Nm98f935rn73P3Wfvfda6AJD8gwXCTFgJgAyhWBTh58WIjYtnYAcBDPAAA2wA4HCzs0IW+EYCmQJ82IxsmRP4F726DiD5+yrTP4zBAP+flLlZIjEAUJiM5/L42VwZF8k4PVecJbdPyZi2NE3OMErOIlmCMlaTc/IsW3z2mWUPOfMyhDwZy3PO4mXw5Nwn4405Er6MkWAZF+cI+LkyviZjg3RJhkDGb+SxGXxONgAoktwu5nNTZGwtY5IoMoIt43kA4EjJX/DSL1jMzxPLD8XOzFouEiSniBkmXFOGjZMTi+HPz03ni8XMMA43jSPiMdiZGVkc4XIAZs/8WRR5bRmyIjvYODk4MG0tbb4o1H9d/JuS93aWXoR/7hlEH/jD9ld+mQ0AsKZltdn6h21pFQBd6wFQu/2HzWAvAIqyvnUOfXEeunxeUsTiLGcrq9zcXEsBn2spL+jv+p8Of0NffM9Svt3v5WF485M4knQxQ143bmZ6pkTEyM7icPkM5p+H+B8H/nUeFhH8JL6IL5RFRMumTCBMlrVbyBOIBZlChkD4n5r4D8P+pNm5lona+BHQllgCpSEaQH4eACgqESAJe2Qr0O99C8ZHA/nNi9GZmJ37z4L+fVe4TP7IFiR/jmNHRDK4ElHO7Jr8WgI0IABFQAPqQBvoAxPABLbAEbgAD+ADAkEoiARxYDHgghSQAUQgFxSAtaAYlIKtYCeoBnWgETSDNnAYdIFj4DQ4By6By2AE3AFSMA6egCnwCsxAEISFyBAVUod0IEPIHLKFWJAb5AMFQxFQHJQIJUNCSAIVQOugUqgcqobqoWboW+godBq6AA1Dt6BRaBL6FXoHIzAJpsFasBFsBbNgTzgIjoQXwcnwMjgfLoK3wJVwA3wQ7oRPw5fgEVgKP4GnEYAQETqiizARFsJGQpF4JAkRIauQEqQCaUDakB6kH7mKSJGnyFsUBkVFMVBMlAvKHxWF4qKWoVahNqOqUQdQnag+1FXUKGoK9RFNRmuizdHO6AB0LDoZnYsuRlegm9Ad6LPoEfQ4+hUGg6FjjDGOGH9MHCYVswKzGbMb0445hRnGjGGmsVisOtYc64oNxXKwYmwxtgp7EHsSewU7jn2DI+J0cLY4X1w8TogrxFXgWnAncFdwE7gZvBLeEO+MD8Xz8MvxZfhGfA9+CD+OnyEoE4wJroRIQiphLaGS0EY4S7hLeEEkEvWITsRwooC4hlhJPEQ8TxwlviVRSGYkNimBJCFtIe0nnSLdIr0gk8lGZA9yPFlM3kJuJp8h3ye/UaAqWCoEKPAUVivUKHQqXFF4pohXNFT0VFysmK9YoXhEcUjxqRJeyUiJrcRRWqVUo3RU6YbStDJV2UY5VDlDebNyi/IF5UcULMWI4kPhUYoo+yhnKGNUhKpPZVO51HXURupZ6jgNQzOmBdBSaaW0b2iDtCkVioqdSrRKnkqNynEVKR2hG9ED6On0Mvph+nX6O1UtVU9Vvuom1TbVK6qv1eaoeajx1UrU2tVG1N6pM9R91NPUt6l3qd/TQGmYaYRr5Grs0Tir8XQObY7LHO6ckjmH59zWhDXNNCM0V2ju0xzQnNbS1vLTytKq0jqj9VSbru2hnaq9Q/uE9qQOVcdNR6CzQ+ekzmOGCsOTkc6oZPQxpnQ1df11Jbr1uoO6M3rGelF6hXrtevf0Cfos/ST9Hfq9+lMGOgYhBgUGrQa3DfGGLMMUw12G/YavjYyNYow2GHUZPTJWMw4wzjduNb5rQjZxN1lm0mByzRRjyjJNM91tetkMNrM3SzGrMRsyh80dzAXmu82HLdAWThZCiwaLG0wS05OZw2xljlrSLYMtCy27LJ9ZGVjFW22z6rf6aG1vnW7daH3HhmITaFNo02Pzq62ZLde2xvbaXPJc37mr53bPfW5nbse322N3055qH2K/wb7X/oODo4PIoc1h0tHAMdGx1vEGi8YKY21mnXdCO3k5rXY65vTW2cFZ7HzY+RcXpkuaS4vLo3nG8/jzGueNueq5clzrXaVuDLdEt71uUnddd457g/sDD30PnkeTx4SnqWeq50HPZ17WXiKvDq/XbGf2SvYpb8Tbz7vEe9CH4hPlU+1z31fPN9m31XfKz95vhd8pf7R/kP82/xsBWgHcgOaAqUDHwJWBfUGkoAVB1UEPgs2CRcE9IXBIYMj2kLvzDecL53eFgtCA0O2h98KMw5aFfR+OCQ8Lrwl/GGETURDRv4C6YMmClgWvIr0iyyLvRJlESaJ6oxWjE6Kbo1/HeMeUx0hjrWJXxl6K04gTxHXHY+Oj45vipxf6LNy5cDzBPqE44foi40V5iy4s1licvvj4EsUlnCVHEtGJMYktie85oZwGzvTSgKW1S6e4bO4u7hOeB28Hb5Lvyi/nTyS5JpUnPUp2Td6ePJninlKR8lTAFlQLnqf6p9alvk4LTduf9ik9Jr09A5eRmHFUSBGmCfsytTPzMoezzLOKs6TLnJftXDYlChI1ZUPZi7K7xTTZz9SAxESyXjKa45ZTk/MmNzr3SJ5ynjBvYLnZ8k3LJ/J9879egVrBXdFboFuwtmB0pefK+lXQqqWrelfrry5aPb7Gb82BtYS1aWt/KLQuLC98uS5mXU+RVtGaorH1futbixWKRcU3NrhsqNuI2ijYOLhp7qaqTR9LeCUXS61LK0rfb+ZuvviVzVeVX33akrRlsMyhbM9WzFbh1uvb3LcdKFcuzy8f2x6yvXMHY0fJjpc7l+y8UGFXUbeLsEuyS1oZXNldZVC1tep9dUr1SI1XTXutZu2m2te7ebuv7PHY01anVVda926vYO/Ner/6zgajhop9mH05+x42Rjf2f836urlJo6m06cN+4X7pgYgDfc2Ozc0tmi1lrXCrpHXyYMLBy994f9Pdxmyrb6e3lx4ChySHHn+b+O31w0GHe4+wjrR9Z/hdbQe1o6QT6lzeOdWV0iXtjusePhp4tLfHpafje8vv9x/TPVZzXOV42QnCiaITn07mn5w+lXXq6enk02O9S3rvnIk9c60vvG/wbNDZ8+d8z53p9+w/ed71/LELzheOXmRd7LrkcKlzwH6g4wf7HzoGHQY7hxyHui87Xe4Znjd84or7ldNXva+euxZw7dLI/JHh61HXb95IuCG9ybv56Fb6ree3c27P3FlzF3235J7SvYr7mvcbfjT9sV3qID0+6j068GDBgztj3LEnP2X/9H686CH5YcWEzkTzI9tHxyZ9Jy8/Xvh4/EnWk5mnxT8r/1z7zOTZd794/DIwFTs1/lz0/NOvm1+ov9j/0u5l73TY9P1XGa9mXpe8UX9z4C3rbf+7mHcTM7nvse8rP5h+6PkY9PHup4xPn34D94Tz+49wZioAAAAJcEhZcwAALiMAAC4jAXilP3YAACAASURBVHic7N0JYBTl3T/w3++ZvZKQxMgliqJ4BMGQZHdms4JXudRatSoWRa211fr3qvaw59ta3r5v7W1tba1H6y1Qrbe1iuUVUEiyRxJTqGhFsZ4gonLk2p3n/zybYDkCZJOZeWZnfp827uaa+bLZY+a3z/N7ApxzIIT4i2EYExjAZxAwAcAPAcBy8UywXlx/OJlO32CaZk51RkIIIYQQQghRJaA6ACHEGQ2TJx+Ioci54up5GuLk/3wHt/33cPHfKfFYTFZQf6kkJCGEEEIIIYS4ABVLCPGw8ePHR0YNH34mB7wIw5Fp4kts77+FxwEVSwghhBBCCCE+RsUSQjyooa6uGgKhy0YNH3GB+HRfLOi3+Xp7UhFCCCGEEEJIcaBiCSEewRjT4rHYqRzwCgyGpsO2+TWFe9rKXIQQQgghhBBSbKhYQkiRq66urtinvPyLRky/Snw6frAVEokDrDYBHrEqGyGEEEIIIYQUIyqWEFKkotHoAUEWuKaqovJS8Wm5BZvcimbu/GQ63WPBtgghhBBCCCGkaFGxhJAio+v6kRqwb4aYNhcQQhZtdjM3c2c0pdMpi7ZHCCGEEEIIIUWLiiWEFIlYLFYbQO27AWSzIb+qzVAm3GyHw796eG52Op1us2aDhBBCCCGEEFLcqFhCiMvJIkmQafPEx2lgWYXkEw/mkF+cTqU/sni7hBBCCCGEEFK0qFhCiEvFYrGJAdSuCzLtbLC+SLLZ5HB1c6r5TxZvlxBCCCGEEEKKHhVLCHEZXdfHacB+GGTaBeJTzfo98Hbe03N2c2vrauu3TQghhBBC3Cqhx1OAUKY6hypd2R69paVli+ocpDhQsYQQlzAMY4TG8XsBZJeJT8N27IMDv/3ddeu+snbt2g47tk8IIYQQQlwM4QiwZhXFotTV1cVUZyDFg4olhChWXV0d3qei4ipZKBEvYPvYtJsODvzypmTyTpu2TwghhBBCCCGeQcUSQhSKx+KzqyoqfyKuHmp5V5L/eD3LzdmpVCpt2x4IIYQQQgghxEOoWEKIAg3RqIEs8EvG4Fh798Sfga1b56ZWrtxg734IIYQQQgghxDuoWEKIgxpqavbDSMnPUAucD9avcLMDzuEXyUz626Zp5uzcDyGEEEIIIYR4DRVLCHEAY0yLx2JXYKTkv8WnlTbvrpNz85KmVOpem/dDCCGEEEIIIZ5ExRJCbKbreiIe038vrtbbvjMOb+eQn5lMpZps3xchhBBCCCGEeBQVSzyAMYZ3vzBlJIZLxgYYH8sBR4mT5n0RYThwrBI/UgbIK8TXK8TXSxC5Bvm/Pcq/v1w+yxRn2Vlx2feBm8XlZg58KwLIdcg3iN/diBw+4AgbEMx3uk32ZidsfOeSaLJH3b/c3RKTJg2HkrIfB5BdDL23s704pLvN7OmZTOYt2/dFCCGEEEIIIR5GxZIiMW8eY0ecMuNgFjCP4hwnIOIh4svjxRnyofMzM8aK6+Hen8TeRhjbumF80hVj+6/31ypj16/hdl/b9mu9X2EQEqf+IagyF7bOek984TXxsYZzvkb8wBqe4//MfbBh5fkzW7YM6R9dxBp0/XwsLfu1uDrcmT3yB3IIX8hkMlud2R8hhBBCCCGEeBcVS1xo3oM1ocPG73eUxiAKHOoRMTbh9BmTxLeGyUIF7lDXsLVH6N7I0RJj+j6mYF8w1BDYyJGykPI659AOyDOmCRmNdWbm1C17W2VguzVMnnwghiO3ILKTHdolF//7UXMm/UPTNLlD+ySEEEIIIYQQT6NiiQvcsfzY8tJI+Ghg7FhxtnvchMPGxMWXI/lvKq2FDIkspIxHlKNf8HQtPwmlBBa2zvq3OLlfxjm8AMifX/3Y3/9x3XWmqTjrkMmpUPF6/VIMR34qPq1waLddAPxLjankfYP55YRhiN/DqNWhilouO7sxk1mpOobTxP2XxWN6CuSDlOyA57LnNmUyrapzOC1hxJOQL9CTPrl31r1nrF27tkN1EEIIIYQ4g4olCsxbMi0woZLFOeAMcbI6vbS05Gjx5aD8XvHWRgbsQPGPnIviQ/5rJ5w+4/2FrbMWA...

      43 |
      44 |     // Esperar pelo nome do plano
    > 45 |     expect(await screen.findByText('Plano B├ísico')).toBeInTheDocument();
         |                         ^
      46 |
      47 |     // Selecionar o plano
      48 |     userEvent.click(screen.getByText('Plano B├ísico'));

      at waitForWrapper (node_modules/.pnpm/@testing-library+dom@10.4.1/node_modules/@testing-library/dom/dist/wait-for.js:163:27)
      at node_modules/.pnpm/@testing-library+dom@10.4.1/node_modules/@testing-library/dom/dist/query-helpers.js:86:33
      at Object.findByText (__tests__/components/ModalCadastrotomador.test.tsx:45:25)

error: desculpe, muitos clientes conectados
    at Parser.parseErrorMessage (C:\apps\QWork\node_modules\.pnpm\pg-protocol@1.10.3\node_modules\pg-protocol\dist\parser.js:285:98)
    at Parser.handlePacket (C:\apps\QWork\node_modules\.pnpm\pg-protocol@1.10.3\node_modules\pg-protocol\dist\parser.js:122:29)
    at Parser.parse (C:\apps\QWork\node_modules\.pnpm\pg-protocol@1.10.3\node_modules\pg-protocol\dist\parser.js:35:38)
    at Socket.<anonymous> (C:\apps\QWork\node_modules\.pnpm\pg-protocol@1.10.3\node_modules\pg-protocol\dist\index.js:11:42)
    at Socket.emit (node:events:508:28)
    at addChunk (node:internal/streams/readable:559:12)
    at readableAddChunkPushByteMode (node:internal/streams/readable:510:3)
    at Readable.push (node:internal/streams/readable:390:5)
    at TCP.onStreamRead (node:internal/stream_base_commons:189:23) {
  length: 90,
  severity: 'FATAL',
  code: '53300',
  detail: undefined,
  hint: undefined,
  position: undefined,
  internalPosition: undefined,
  internalQuery: undefined,
  where: undefined,
  schema: undefined,
  table: undefined,
  column: undefined,
  dataType: undefined,
  constraint: undefined,
  file: 'proc.c',
  line: '357',
  routine: 'InitProcess'
}
PASS __tests__/api/entidade/account-info.enum-fallback.test.ts
  ÔùÅ Console

    console.log
      [dotenv@17.2.3] injecting env (0) from .env.test -- tip: ­ƒöÉ encrypt with Dotenvx: https://dotenvx.com

      at _log (node_modules/.pnpm/dotenv@17.2.3/node_modules/dotenv/lib/main.js:142:11)

    console.log
      ­ƒøí´©Å [jest.setup] Removendo DATABASE_URL do ambiente de testes (valor n├úo importa)

      at Object.<anonymous> (__tests__/config/jest.setup.js:125:17)

    console.log
      ­ƒøí´©Å [jest.setup] Prote├º├úo do banco de testes ativada - usando: nr-bps_db_test

      at Object.<anonymous> (__tests__/config/jest.setup.js:150:13)

    console.warn
      N├úo foi poss├¡vel aplicar semente RBAC para o banco de teste: Command failed: node ./scripts/seed-test-rbac.cjs

      188 | }));
      189 |
    > 190 | // Mock Next.js server components
          |             ^
      191 | jest.mock('next/server', () => ({
      192 |   NextResponse: class MockNextResponse {
      193 |     constructor(body, options) {

      at Object.<anonymous> (__tests__/config/jest.setup.js:190:13)

error: desculpe, muitos clientes conectados
    at Parser.parseErrorMessage (C:\apps\QWork\node_modules\.pnpm\pg-protocol@1.10.3\node_modules\pg-protocol\dist\parser.js:285:98)
    at Parser.handlePacket (C:\apps\QWork\node_modules\.pnpm\pg-protocol@1.10.3\node_modules\pg-protocol\dist\parser.js:122:29)
    at Parser.parse (C:\apps\QWork\node_modules\.pnpm\pg-protocol@1.10.3\node_modules\pg-protocol\dist\parser.js:35:38)
    at Socket.<anonymous> (C:\apps\QWork\node_modules\.pnpm\pg-protocol@1.10.3\node_modules\pg-protocol\dist\index.js:11:42)
    at Socket.emit (node:events:508:28)
    at addChunk (node:internal/streams/readable:559:12)
    at readableAddChunkPushByteMode (node:internal/streams/readable:510:3)
    at Readable.push (node:internal/streams/readable:390:5)
    at TCP.onStreamRead (node:internal/stream_base_commons:189:23) {
  length: 90,
  severity: 'FATAL',
  code: '53300',
  detail: undefined,
  hint: undefined,
  position: undefined,
  internalPosition: undefined,
  internalQuery: undefined,
  where: undefined,
  schema: undefined,
  table: undefined,
  column: undefined,
  dataType: undefined,
  constraint: undefined,
  file: 'proc.c',
  line: '357',
  routine: 'InitProcess'
}
error: desculpe, muitos clientes conectados
    at Parser.parseErrorMessage (C:\apps\QWork\node_modules\.pnpm\pg-protocol@1.10.3\node_modules\pg-protocol\dist\parser.js:285:98)
    at Parser.handlePacket (C:\apps\QWork\node_modules\.pnpm\pg-protocol@1.10.3\node_modules\pg-protocol\dist\parser.js:122:29)
    at Parser.parse (C:\apps\QWork\node_modules\.pnpm\pg-protocol@1.10.3\node_modules\pg-protocol\dist\parser.js:35:38)
    at Socket.<anonymous> (C:\apps\QWork\node_modules\.pnpm\pg-protocol@1.10.3\node_modules\pg-protocol\dist\index.js:11:42)
    at Socket.emit (node:events:508:28)
    at addChunk (node:internal/streams/readable:559:12)
    at readableAddChunkPushByteMode (node:internal/streams/readable:510:3)
    at Readable.push (node:internal/streams/readable:390:5)
    at TCP.onStreamRead (node:internal/stream_base_commons:189:23) {
  length: 90,
  severity: 'FATAL',
  code: '53300',
  detail: undefined,
  hint: undefined,
  position: undefined,
  internalPosition: undefined,
  internalQuery: undefined,
  where: undefined,
  schema: undefined,
  table: undefined,
  column: undefined,
  dataType: undefined,
  constraint: undefined,
  file: 'proc.c',
  line: '357',
  routine: 'InitProcess'
}
error: desculpe, muitos clientes conectados
    at Parser.parseErrorMessage (C:\apps\QWork\node_modules\.pnpm\pg-protocol@1.10.3\node_modules\pg-protocol\dist\parser.js:285:98)
    at Parser.handlePacket (C:\apps\QWork\node_modules\.pnpm\pg-protocol@1.10.3\node_modules\pg-protocol\dist\parser.js:122:29)
    at Parser.parse (C:\apps\QWork\node_modules\.pnpm\pg-protocol@1.10.3\node_modules\pg-protocol\dist\parser.js:35:38)
    at Socket.<anonymous> (C:\apps\QWork\node_modules\.pnpm\pg-protocol@1.10.3\node_modules\pg-protocol\dist\index.js:11:42)
    at Socket.emit (node:events:508:28)
    at addChunk (node:internal/streams/readable:559:12)
    at readableAddChunkPushByteMode (node:internal/streams/readable:510:3)
    at Readable.push (node:internal/streams/readable:390:5)
    at TCP.onStreamRead (node:internal/stream_base_commons:189:23) {
  length: 90,
  severity: 'FATAL',
  code: '53300',
  detail: undefined,
  hint: undefined,
  position: undefined,
  internalPosition: undefined,
  internalQuery: undefined,
  where: undefined,
  schema: undefined,
  table: undefined,
  column: undefined,
  dataType: undefined,
  constraint: undefined,
  file: 'proc.c',
  line: '357',
  routine: 'InitProcess'
}
FAIL __tests__/dashboard/dashboard.client.test.tsx
  ÔùÅ Console

    console.log
      [dotenv@17.2.3] injecting env (0) from .env.test -- tip: ÔÜÖ´©Å  write to custom object with { processEnv: myObject }

      at _log (node_modules/.pnpm/dotenv@17.2.3/node_modules/dotenv/lib/main.js:142:11)

    console.log
      ­ƒøí´©Å [jest.setup] Removendo DATABASE_URL do ambiente de testes (valor n├úo importa)

      at Object.<anonymous> (__tests__/config/jest.setup.js:125:17)

    console.log
      ­ƒøí´©Å [jest.setup] Prote├º├úo do banco de testes ativada - usando: nr-bps_db_test

      at Object.<anonymous> (__tests__/config/jest.setup.js:150:13)

    console.warn
      N├úo foi poss├¡vel aplicar semente RBAC para o banco de teste: Command failed: node ./scripts/seed-test-rbac.cjs

      188 | }));
      189 |
    > 190 | // Mock Next.js server components
          |             ^
      191 | jest.mock('next/server', () => ({
      192 |   NextResponse: class MockNextResponse {
      193 |     constructor(body, options) {

      at Object.<anonymous> (__tests__/config/jest.setup.js:190:13)

  ÔùÅ Dashboard n├úo redireciona gestor e exibe nome

    TypeError: Cannot redefine property: location
        at Object.defineProperty (<anonymous>)

      18 |   jest.clearAllMocks();
      19 |   // Resetar location para estado inicial
    > 20 |   Object.defineProperty(window, 'location', {
         |          ^
      21 |     value: { href: 'about:blank' },
      22 |     writable: true,
      23 |   });

      at Object.defineProperty (__tests__/dashboard/dashboard.client.test.tsx:20:10)

FAIL __tests__/api/entidade/contrato-fallback.test.ts
  ÔùÅ Console

    console.log
      [dotenv@17.2.3] injecting env (0) from .env.test -- tip: ÔÜÖ´©Å  enable debug logging with { debug: true }

      at _log (node_modules/.pnpm/dotenv@17.2.3/node_modules/dotenv/lib/main.js:142:11)

    console.log
      ­ƒøí´©Å [jest.setup] Removendo DATABASE_URL do ambiente de testes (valor n├úo importa)

      at Object.<anonymous> (__tests__/config/jest.setup.js:125:17)

    console.log
      ­ƒøí´©Å [jest.setup] Prote├º├úo do banco de testes ativada - usando: nr-bps_db_test

      at Object.<anonymous> (__tests__/config/jest.setup.js:150:13)

    console.warn
      N├úo foi poss├¡vel aplicar semente RBAC para o banco de teste: Command failed: node ./scripts/seed-test-rbac.cjs

      188 | }));
      189 |
    > 190 | // Mock Next.js server components
          |             ^
      191 | jest.mock('next/server', () => ({
      192 |   NextResponse: class MockNextResponse {
      193 |     constructor(body, options) {

      at Object.<anonymous> (__tests__/config/jest.setup.js:190:13)

  ÔùÅ API contrato-fallback ÔÇ║ retorna contrato baseado em contratos_planos quando existe

    expect(received).toBe(expected) // Object.is equality

    Expected: "Especial"
    Received: undefined

      46 |
      47 |     expect(data).toBeDefined();
    > 48 |     expect(data.plano_nome).toBe('Especial');
         |                             ^
      49 |     expect(data.valor_total).toBe(450);
      50 |     expect(data.numero_funcionarios).toBe(9);
      51 |     // plano_preco_unitario agora retorna o valor de plano_preco quando dispon├¡vel

      at Object.toBe (__tests__/api/entidade/contrato-fallback.test.ts:48:29)

  ÔùÅ API contrato-fallback ÔÇ║ retorna null quando n├úo houver contratos_planos

    expect(received).toBeNull()

    Received: {"error": "Erro interno"}

      67 |     const data = await resp.json();
      68 |
    > 69 |     expect(data).toBeNull();
         |                  ^
      70 |   });
      71 | });
      72 |

      at Object.toBeNull (__tests__/api/entidade/contrato-fallback.test.ts:69:18)

FAIL __tests__/api/rh/lotes-fila-emissao-compat.test.ts
  ÔùÅ Console

    console.log
      [dotenv@17.2.3] injecting env (0) from .env.test -- tip: ÔÜÖ´©Å  write to custom object with { processEnv: myObject }

      at _log (node_modules/.pnpm/dotenv@17.2.3/node_modules/dotenv/lib/main.js:142:11)

    console.log
      ­ƒøí´©Å [jest.setup] Removendo DATABASE_URL do ambiente de testes (valor n├úo importa)

      at Object.<anonymous> (__tests__/config/jest.setup.js:125:17)

    console.log
      ­ƒøí´©Å [jest.setup] Prote├º├úo do banco de testes ativada - usando: nr-bps_db_test

      at Object.<anonymous> (__tests__/config/jest.setup.js:150:13)

    console.warn
      N├úo foi poss├¡vel aplicar semente RBAC para o banco de teste: Command failed: node ./scripts/seed-test-rbac.cjs

      188 | }));
      189 |
    > 190 | // Mock Next.js server components
          |             ^
      191 | jest.mock('next/server', () => ({
      192 |   NextResponse: class MockNextResponse {
      193 |     constructor(body, options) {

      at Object.<anonymous> (__tests__/config/jest.setup.js:190:13)

    console.log
      [DEBUG] GET /api/rh/lotes: user= { cpf: '11111111111', nome: 'RH Teste', perfil: 'rh', clinica_id: 1 } empresaId= 1 limit= 10

      at log (app/api/rh/lotes/route.ts:37:13)

    console.log
      [DEBUG /api/rh/lotes] user=11111111111 empresa_id=1 clinica_id=1

      at log (app/api/rh/lotes/route.ts:103:13)

    console.log
      [DEBUG /api/rh/lotes] query returned rows=undefined

      at log (app/api/rh/lotes/route.ts:140:15)

  ÔùÅ /api/rh/lotes - compat v_fila_emissao ÔÇ║ usa a view v_fila_emissao na query principal

    expect(received).toBe(expected) // Object.is equality

    Expected: true
    Received: undefined

      60 |
      61 |     expect(response.status).toBe(200);
    > 62 |     expect(data.success).toBe(true);
         |                          ^
      63 |     // Verificar que alguma das chamadas cont├®m a view v_fila_emissao
      64 |     const containsView = mockQuery.mock.calls.some(
      65 |       (c) => typeof c[0] === 'string' && c[0].includes('v_fila_emissao')

      at Object.toBe (__tests__/api/rh/lotes-fila-emissao-compat.test.ts:62:26)

error: desculpe, muitos clientes conectados
    at Parser.parseErrorMessage (C:\apps\QWork\node_modules\.pnpm\pg-protocol@1.10.3\node_modules\pg-protocol\dist\parser.js:285:98)
    at Parser.handlePacket (C:\apps\QWork\node_modules\.pnpm\pg-protocol@1.10.3\node_modules\pg-protocol\dist\parser.js:122:29)
    at Parser.parse (C:\apps\QWork\node_modules\.pnpm\pg-protocol@1.10.3\node_modules\pg-protocol\dist\parser.js:35:38)
    at Socket.<anonymous> (C:\apps\QWork\node_modules\.pnpm\pg-protocol@1.10.3\node_modules\pg-protocol\dist\index.js:11:42)
    at Socket.emit (node:events:508:28)
    at addChunk (node:internal/streams/readable:559:12)
    at readableAddChunkPushByteMode (node:internal/streams/readable:510:3)
    at Readable.push (node:internal/streams/readable:390:5)
    at TCP.onStreamRead (node:internal/stream_base_commons:189:23) {
  length: 90,
  severity: 'FATAL',
  code: '53300',
  detail: undefined,
  hint: undefined,
  position: undefined,
  internalPosition: undefined,
  internalQuery: undefined,
  where: undefined,
  schema: undefined,
  table: undefined,
  column: undefined,
  dataType: undefined,
  constraint: undefined,
  file: 'proc.c',
  line: '357',
  routine: 'InitProcess'
}
error: desculpe, muitos clientes conectados
    at Parser.parseErrorMessage (C:\apps\QWork\node_modules\.pnpm\pg-protocol@1.10.3\node_modules\pg-protocol\dist\parser.js:285:98)
    at Parser.handlePacket (C:\apps\QWork\node_modules\.pnpm\pg-protocol@1.10.3\node_modules\pg-protocol\dist\parser.js:122:29)
    at Parser.parse (C:\apps\QWork\node_modules\.pnpm\pg-protocol@1.10.3\node_modules\pg-protocol\dist\parser.js:35:38)
    at Socket.<anonymous> (C:\apps\QWork\node_modules\.pnpm\pg-protocol@1.10.3\node_modules\pg-protocol\dist\index.js:11:42)
    at Socket.emit (node:events:508:28)
    at addChunk (node:internal/streams/readable:559:12)
    at readableAddChunkPushByteMode (node:internal/streams/readable:510:3)
    at Readable.push (node:internal/streams/readable:390:5)
    at TCP.onStreamRead (node:internal/stream_base_commons:189:23) {
  length: 90,
  severity: 'FATAL',
  code: '53300',
  detail: undefined,
  hint: undefined,
  position: undefined,
  internalPosition: undefined,
  internalQuery: undefined,
  where: undefined,
  schema: undefined,
  table: undefined,
  column: undefined,
  dataType: undefined,
  constraint: undefined,
  file: 'proc.c',
  line: '357',
  routine: 'InitProcess'
}
PASS __tests__/components/payments/ParcelItem.test.tsx
  ÔùÅ Console

    console.log
      [dotenv@17.2.3] injecting env (0) from .env.test -- tip: ÔÜÖ´©Å  write to custom object with { processEnv: myObject }

      at _log (node_modules/.pnpm/dotenv@17.2.3/node_modules/dotenv/lib/main.js:142:11)

    console.log
      ­ƒøí´©Å [jest.setup] Removendo DATABASE_URL do ambiente de testes (valor n├úo importa)

      at Object.<anonymous> (__tests__/config/jest.setup.js:125:17)

    console.log
      ­ƒøí´©Å [jest.setup] Prote├º├úo do banco de testes ativada - usando: nr-bps_db_test

      at Object.<anonymous> (__tests__/config/jest.setup.js:150:13)

    console.warn
      N├úo foi poss├¡vel aplicar semente RBAC para o banco de teste: Command failed: node ./scripts/seed-test-rbac.cjs

      188 | }));
      189 |
    > 190 | // Mock Next.js server components
          |             ^
      191 | jest.mock('next/server', () => ({
      192 |   NextResponse: class MockNextResponse {
      193 |     constructor(body, options) {

      at Object.<anonymous> (__tests__/config/jest.setup.js:190:13)

error: desculpe, muitos clientes conectados
    at Parser.parseErrorMessage (C:\apps\QWork\node_modules\.pnpm\pg-protocol@1.10.3\node_modules\pg-protocol\dist\parser.js:285:98)
    at Parser.handlePacket (C:\apps\QWork\node_modules\.pnpm\pg-protocol@1.10.3\node_modules\pg-protocol\dist\parser.js:122:29)
    at Parser.parse (C:\apps\QWork\node_modules\.pnpm\pg-protocol@1.10.3\node_modules\pg-protocol\dist\parser.js:35:38)
    at Socket.<anonymous> (C:\apps\QWork\node_modules\.pnpm\pg-protocol@1.10.3\node_modules\pg-protocol\dist\index.js:11:42)
    at Socket.emit (node:events:508:28)
    at addChunk (node:internal/streams/readable:559:12)
    at readableAddChunkPushByteMode (node:internal/streams/readable:510:3)
    at Readable.push (node:internal/streams/readable:390:5)
    at TCP.onStreamRead (node:internal/stream_base_commons:189:23) {
  length: 90,
  severity: 'FATAL',
  code: '53300',
  detail: undefined,
  hint: undefined,
  position: undefined,
  internalPosition: undefined,
  internalQuery: undefined,
  where: undefined,
  schema: undefined,
  table: undefined,
  column: undefined,
  dataType: undefined,
  constraint: undefined,
  file: 'proc.c',
  line: '357',
  routine: 'InitProcess'
}
error: desculpe, muitos clientes conectados
    at Parser.parseErrorMessage (C:\apps\QWork\node_modules\.pnpm\pg-protocol@1.10.3\node_modules\pg-protocol\dist\parser.js:285:98)
    at Parser.handlePacket (C:\apps\QWork\node_modules\.pnpm\pg-protocol@1.10.3\node_modules\pg-protocol\dist\parser.js:122:29)
    at Parser.parse (C:\apps\QWork\node_modules\.pnpm\pg-protocol@1.10.3\node_modules\pg-protocol\dist\parser.js:35:38)
    at Socket.<anonymous> (C:\apps\QWork\node_modules\.pnpm\pg-protocol@1.10.3\node_modules\pg-protocol\dist\index.js:11:42)
    at Socket.emit (node:events:508:28)
    at addChunk (node:internal/streams/readable:559:12)
    at readableAddChunkPushByteMode (node:internal/streams/readable:510:3)
    at Readable.push (node:internal/streams/readable:390:5)
    at TCP.onStreamRead (node:internal/stream_base_commons:189:23) {
  length: 90,
  severity: 'FATAL',
  code: '53300',
  detail: undefined,
  hint: undefined,
  position: undefined,
  internalPosition: undefined,
  internalQuery: undefined,
  where: undefined,
  schema: undefined,
  table: undefined,
  column: undefined,
  dataType: undefined,
  constraint: undefined,
  file: 'proc.c',
  line: '357',
  routine: 'InitProcess'
}
FAIL __tests__/integration/pagamento-iniciar-fallback.test.ts
  ÔùÅ Console

    console.log
      [dotenv@17.2.3] injecting env (0) from .env.test -- tip: ­ƒöÉ encrypt with Dotenvx: https://dotenvx.com

      at _log (node_modules/.pnpm/dotenv@17.2.3/node_modules/dotenv/lib/main.js:142:11)

    console.log
      ­ƒøí´©Å [jest.setup] Removendo DATABASE_URL do ambiente de testes (valor n├úo importa)

      at Object.<anonymous> (__tests__/config/jest.setup.js:125:17)

    console.log
      ­ƒøí´©Å [jest.setup] Prote├º├úo do banco de testes ativada - usando: nr-bps_db_test

      at Object.<anonymous> (__tests__/config/jest.setup.js:150:13)

    console.warn
      N├úo foi poss├¡vel aplicar semente RBAC para o banco de teste: Command failed: node ./scripts/seed-test-rbac.cjs

      188 | }));
      189 |
    > 190 | // Mock Next.js server components
          |             ^
      191 | jest.mock('next/server', () => ({
      192 |   NextResponse: class MockNextResponse {
      193 |     constructor(body, options) {

      at Object.<anonymous> (__tests__/config/jest.setup.js:190:13)

    console.log
      [PAGAMENTO] Nenhum contrato_id informado para tomador 41, buscando contrato aceito associado

      at log (app/api/pagamento/iniciar/route.ts:86:15)

  ÔùÅ POST /api/pagamento/iniciar - fallback quando tabela contratos ausente ÔÇ║ deve iniciar pagamento usando fallback quando contratos n├úo existe

    expect(received).toBe(expected) // Object.is equality

    Expected: "Contrato deve ser aceito antes do pagamento"
    Received: "Tomador n├úo encontrado"

      67 |
      68 |     // Agora, com pol├¡tica contract-first, iniciar pagamento sem contrato aceito deve falhar
    > 69 |     expect(body.error).toBe('Contrato deve ser aceito antes do pagamento');
         |                        ^
      70 |   });
      71 | });
      72 |

      at Object.toBe (__tests__/integration/pagamento-iniciar-fallback.test.ts:69:24)

error: desculpe, muitos clientes conectados
    at Parser.parseErrorMessage (C:\apps\QWork\node_modules\.pnpm\pg-protocol@1.10.3\node_modules\pg-protocol\dist\parser.js:285:98)
    at Parser.handlePacket (C:\apps\QWork\node_modules\.pnpm\pg-protocol@1.10.3\node_modules\pg-protocol\dist\parser.js:122:29)
    at Parser.parse (C:\apps\QWork\node_modules\.pnpm\pg-protocol@1.10.3\node_modules\pg-protocol\dist\parser.js:35:38)
    at Socket.<anonymous> (C:\apps\QWork\node_modules\.pnpm\pg-protocol@1.10.3\node_modules\pg-protocol\dist\index.js:11:42)
    at Socket.emit (node:events:508:28)
    at addChunk (node:internal/streams/readable:559:12)
    at readableAddChunkPushByteMode (node:internal/streams/readable:510:3)
    at Readable.push (node:internal/streams/readable:390:5)
    at TCP.onStreamRead (node:internal/stream_base_commons:189:23) {
  length: 90,
  severity: 'FATAL',
  code: '53300',
  detail: undefined,
  hint: undefined,
  position: undefined,
  internalPosition: undefined,
  internalQuery: undefined,
  where: undefined,
  schema: undefined,
  table: undefined,
  column: undefined,
  dataType: undefined,
  constraint: undefined,
  file: 'proc.c',
  line: '357',
  routine: 'InitProcess'
}
PASS __tests__/api/planos.test.ts
  ÔùÅ Console

    console.log
      [dotenv@17.2.3] injecting env (0) from .env.test -- tip: ÔÜÖ´©Å  enable debug logging with { debug: true }

      at _log (node_modules/.pnpm/dotenv@17.2.3/node_modules/dotenv/lib/main.js:142:11)

    console.log
      ­ƒøí´©Å [jest.setup] Removendo DATABASE_URL do ambiente de testes (valor n├úo importa)

      at Object.<anonymous> (__tests__/config/jest.setup.js:125:17)

    console.log
      ­ƒøí´©Å [jest.setup] Prote├º├úo do banco de testes ativada - usando: nr-bps_db_test

      at Object.<anonymous> (__tests__/config/jest.setup.js:150:13)

    console.warn
      N├úo foi poss├¡vel aplicar semente RBAC para o banco de teste: Command failed: node ./scripts/seed-test-rbac.cjs

      188 | }));
      189 |
    > 190 | // Mock Next.js server components
          |             ^
      191 | jest.mock('next/server', () => ({
      192 |   NextResponse: class MockNextResponse {
      193 |     constructor(body, options) {

      at Object.<anonymous> (__tests__/config/jest.setup.js:190:13)

    console.log
      ­ƒöî [lib/db.ts] Conectado ao banco: nr-bps_db_test @ localhost (ambiente: test)

      at Object.log (lib/db.ts:673:15)

FAIL __tests__/api/rh/funcionarios-access-map.test.ts
  ÔùÅ Console

    console.log
      [dotenv@17.2.3] injecting env (0) from .env.test -- tip: ÔÜÖ´©Å  suppress all logs with { quiet: true }

      at _log (node_modules/.pnpm/dotenv@17.2.3/node_modules/dotenv/lib/main.js:142:11)

    console.log
      ­ƒøí´©Å [jest.setup] Removendo DATABASE_URL do ambiente de testes (valor n├úo importa)

      at Object.<anonymous> (__tests__/config/jest.setup.js:125:17)

    console.log
      ­ƒøí´©Å [jest.setup] Prote├º├úo do banco de testes ativada - usando: nr-bps_db_test

      at Object.<anonymous> (__tests__/config/jest.setup.js:150:13)

    console.warn
      N├úo foi poss├¡vel aplicar semente RBAC para o banco de teste: Command failed: node ./scripts/seed-test-rbac.cjs

      188 | }));
      189 |
    > 190 | // Mock Next.js server components
          |             ^
      191 | jest.mock('next/server', () => ({
      192 |   NextResponse: class MockNextResponse {
      193 |     constructor(body, options) {

      at Object.<anonymous> (__tests__/config/jest.setup.js:190:13)

    console.log
      ­ƒöî [lib/db.ts] Conectado ao banco: nr-bps_db_test @ localhost (ambiente: test)

      at Object.log (lib/db.ts:673:15)

    console.log
      [TEST DEBUG] response status: 500 body: { error: 'Erro interno do servidor' }

      at Object.log (__tests__/api/rh/funcionarios-access-map.test.ts:63:13)

  ÔùÅ POST /api/rh/funcionarios - mapear clinica via tomador ÔÇ║ deve criar funcion├írio quando RH tem clinica mapeada via tomador

    expect(received).toBe(expected) // Object.is equality

    Expected: 200
    Received: 500

      68 |     );
      69 |
    > 70 |     expect(response.status).toBe(200);
         |                             ^
      71 |     expect(data.success).toBe(true);
      72 |     expect(mockQuery).toHaveBeenCalled();
      73 |   });

      at Object.toBe (__tests__/api/rh/funcionarios-access-map.test.ts:70:29)

error: desculpe, muitos clientes conectados
    at Parser.parseErrorMessage (C:\apps\QWork\node_modules\.pnpm\pg-protocol@1.10.3\node_modules\pg-protocol\dist\parser.js:285:98)
    at Parser.handlePacket (C:\apps\QWork\node_modules\.pnpm\pg-protocol@1.10.3\node_modules\pg-protocol\dist\parser.js:122:29)
    at Parser.parse (C:\apps\QWork\node_modules\.pnpm\pg-protocol@1.10.3\node_modules\pg-protocol\dist\parser.js:35:38)
    at Socket.<anonymous> (C:\apps\QWork\node_modules\.pnpm\pg-protocol@1.10.3\node_modules\pg-protocol\dist\index.js:11:42)
    at Socket.emit (node:events:508:28)
    at addChunk (node:internal/streams/readable:559:12)
    at readableAddChunkPushByteMode (node:internal/streams/readable:510:3)
    at Readable.push (node:internal/streams/readable:390:5)
    at TCP.onStreamRead (node:internal/stream_base_commons:189:23) {
  length: 90,
  severity: 'FATAL',
  code: '53300',
  detail: undefined,
  hint: undefined,
  position: undefined,
  internalPosition: undefined,
  internalQuery: undefined,
  where: undefined,
  schema: undefined,
  table: undefined,
  column: undefined,
  dataType: undefined,
  constraint: undefined,
  file: 'proc.c',
  line: '357',
  routine: 'InitProcess'
}
PASS __tests__/database/clinica-consistency.test.ts
  ÔùÅ Console

    console.log
      [dotenv@17.2.3] injecting env (0) from .env.test -- tip: ­ƒôí add observability to secrets: https://dotenvx.com/ops

      at _log (node_modules/.pnpm/dotenv@17.2.3/node_modules/dotenv/lib/main.js:142:11)

    console.log
      ­ƒøí´©Å [jest.setup] Removendo DATABASE_URL do ambiente de testes (valor n├úo importa)

      at Object.<anonymous> (__tests__/config/jest.setup.js:125:17)

    console.log
      ­ƒøí´©Å [jest.setup] Prote├º├úo do banco de testes ativada - usando: nr-bps_db_test

      at Object.<anonymous> (__tests__/config/jest.setup.js:150:13)

    console.warn
      N├úo foi poss├¡vel aplicar semente RBAC para o banco de teste: Command failed: node ./scripts/seed-test-rbac.cjs

      188 | }));
      189 |
    > 190 | // Mock Next.js server components
          |             ^
      191 | jest.mock('next/server', () => ({
      192 |   NextResponse: class MockNextResponse {
      193 |     constructor(body, options) {

      at Object.<anonymous> (__tests__/config/jest.setup.js:190:13)

error: desculpe, muitos clientes conectados
    at Parser.parseErrorMessage (C:\apps\QWork\node_modules\.pnpm\pg-protocol@1.10.3\node_modules\pg-protocol\dist\parser.js:285:98)
    at Parser.handlePacket (C:\apps\QWork\node_modules\.pnpm\pg-protocol@1.10.3\node_modules\pg-protocol\dist\parser.js:122:29)
    at Parser.parse (C:\apps\QWork\node_modules\.pnpm\pg-protocol@1.10.3\node_modules\pg-protocol\dist\parser.js:35:38)
    at Socket.<anonymous> (C:\apps\QWork\node_modules\.pnpm\pg-protocol@1.10.3\node_modules\pg-protocol\dist\index.js:11:42)
    at Socket.emit (node:events:508:28)
    at addChunk (node:internal/streams/readable:559:12)
    at readableAddChunkPushByteMode (node:internal/streams/readable:510:3)
    at Readable.push (node:internal/streams/readable:390:5)
    at TCP.onStreamRead (node:internal/stream_base_commons:189:23) {
  length: 90,
  severity: 'FATAL',
  code: '53300',
  detail: undefined,
  hint: undefined,
  position: undefined,
  internalPosition: undefined,
  internalQuery: undefined,
  where: undefined,
  schema: undefined,
  table: undefined,
  column: undefined,
  dataType: undefined,
  constraint: undefined,
  file: 'proc.c',
  line: '357',
  routine: 'InitProcess'
}
error: desculpe, muitos clientes conectados
    at Parser.parseErrorMessage (C:\apps\QWork\node_modules\.pnpm\pg-protocol@1.10.3\node_modules\pg-protocol\dist\parser.js:285:98)
    at Parser.handlePacket (C:\apps\QWork\node_modules\.pnpm\pg-protocol@1.10.3\node_modules\pg-protocol\dist\parser.js:122:29)
    at Parser.parse (C:\apps\QWork\node_modules\.pnpm\pg-protocol@1.10.3\node_modules\pg-protocol\dist\parser.js:35:38)
    at Socket.<anonymous> (C:\apps\QWork\node_modules\.pnpm\pg-protocol@1.10.3\node_modules\pg-protocol\dist\index.js:11:42)
    at Socket.emit (node:events:508:28)
    at addChunk (node:internal/streams/readable:559:12)
    at readableAddChunkPushByteMode (node:internal/streams/readable:510:3)
    at Readable.push (node:internal/streams/readable:390:5)
    at TCP.onStreamRead (node:internal/stream_base_commons:189:23) {
  length: 90,
  severity: 'FATAL',
  code: '53300',
  detail: undefined,
  hint: undefined,
  position: undefined,
  internalPosition: undefined,
  internalQuery: undefined,
  where: undefined,
  schema: undefined,
  table: undefined,
  column: undefined,
  dataType: undefined,
  constraint: undefined,
  file: 'proc.c',
  line: '357',
  routine: 'InitProcess'
}
FAIL __tests__/database/migration-300.test.ts
  ÔùÅ Console

    console.log
      [dotenv@17.2.3] injecting env (0) from .env.test -- tip: Ô£à audit secrets and track compliance: https://dotenvx.com/ops

      at _log (node_modules/.pnpm/dotenv@17.2.3/node_modules/dotenv/lib/main.js:142:11)

    console.log
      ­ƒøí´©Å [jest.setup] Removendo DATABASE_URL do ambiente de testes (valor n├úo importa)

      at Object.<anonymous> (__tests__/config/jest.setup.js:125:17)

    console.log
      ­ƒøí´©Å [jest.setup] Prote├º├úo do banco de testes ativada - usando: nr-bps_db_test

      at Object.<anonymous> (__tests__/config/jest.setup.js:150:13)

    console.warn
      N├úo foi poss├¡vel aplicar semente RBAC para o banco de teste: Command failed: node ./scripts/seed-test-rbac.cjs

      188 | }));
      189 |
    > 190 | // Mock Next.js server components
          |             ^
      191 | jest.mock('next/server', () => ({
      192 |   NextResponse: class MockNextResponse {
      193 |     constructor(body, options) {

      at Object.<anonymous> (__tests__/config/jest.setup.js:190:13)

  ÔùÅ Migration 300 - Estrutura b├ísica ÔÇ║ deve existir a tabela `usuarios`

    error: desculpe, muitos clientes conectados

       8 |
       9 | const query = async (text: string, params?: any[]) => {
    > 10 |   const client = await pool.connect();
         |                  ^
      11 |   try {
      12 |     await client.query('BEGIN');
      13 |     // padr├úo de contexto seguro para testes

      at node_modules/.pnpm/pg-pool@3.10.1_pg@8.16.3/node_modules/pg-pool/index.js:45:11
      at query (__tests__/database/migration-300.test.ts:10:18)
      at Object.<anonymous> (__tests__/database/migration-300.test.ts:34:17)

  ÔùÅ Migration 300 - Estrutura b├ísica ÔÇ║ deve existir a tabela de log `usuarios_migracao_log`

    error: desculpe, muitos clientes conectados

       8 |
       9 | const query = async (text: string, params?: any[]) => {
    > 10 |   const client = await pool.connect();
         |                  ^
      11 |   try {
      12 |     await client.query('BEGIN');
      13 |     // padr├úo de contexto seguro para testes

      at node_modules/.pnpm/pg-pool@3.10.1_pg@8.16.3/node_modules/pg-pool/index.js:45:11
      at query (__tests__/database/migration-300.test.ts:10:18)
      at Object.<anonymous> (__tests__/database/migration-300.test.ts:41:17)

  ÔùÅ Migration 300 - Estrutura b├ísica ÔÇ║ deve existir o backup `funcionarios_backup_pre_300`

    error: desculpe, muitos clientes conectados

       8 |
       9 | const query = async (text: string, params?: any[]) => {
    > 10 |   const client = await pool.connect();
         |                  ^
      11 |   try {
      12 |     await client.query('BEGIN');
      13 |     // padr├úo de contexto seguro para testes

      at node_modules/.pnpm/pg-pool@3.10.1_pg@8.16.3/node_modules/pg-pool/index.js:45:11
      at query (__tests__/database/migration-300.test.ts:10:18)
      at Object.<anonymous> (__tests__/database/migration-300.test.ts:48:17)

  ÔùÅ Migration 300 - Estrutura b├ísica ÔÇ║ tabela `usuarios` deve conter colunas principais (cpf, tipo_usuario, senha_hash)

    error: desculpe, muitos clientes conectados

       8 |
       9 | const query = async (text: string, params?: any[]) => {
    > 10 |   const client = await pool.connect();
         |                  ^
      11 |   try {
      12 |     await client.query('BEGIN');
      13 |     // padr├úo de contexto seguro para testes

      at node_modules/.pnpm/pg-pool@3.10.1_pg@8.16.3/node_modules/pg-pool/index.js:45:11
      at query (__tests__/database/migration-300.test.ts:10:18)
      at Object.<anonymous> (__tests__/database/migration-300.test.ts:55:17)

  ÔùÅ  process.exit called with "1"

      192 | main().catch((e) => {
      193 |   console.error('[SYNC] Erro n├úo tratado:', e);
    > 194 |   process.exit(1);
          |           ^
      195 | });
      196 |
      197 | export { main };

      at exit (scripts/batch-sync-laudos.ts:194:11)
PASS __tests__/components/ResponsavelStep.test.tsx
  ÔùÅ Console

    console.log
      [dotenv@17.2.3] injecting env (0) from .env.test -- tip: ­ƒöæ add access controls to secrets: https://dotenvx.com/ops

      at _log (node_modules/.pnpm/dotenv@17.2.3/node_modules/dotenv/lib/main.js:142:11)

    console.log
      ­ƒøí´©Å [jest.setup] Removendo DATABASE_URL do ambiente de testes (valor n├úo importa)

      at Object.<anonymous> (__tests__/config/jest.setup.js:125:17)

    console.log
      ­ƒøí´©Å [jest.setup] Prote├º├úo do banco de testes ativada - usando: nr-bps_db_test

      at Object.<anonymous> (__tests__/config/jest.setup.js:150:13)

    console.warn
      N├úo foi poss├¡vel aplicar semente RBAC para o banco de teste: Command failed: node ./scripts/seed-test-rbac.cjs

      188 | }));
      189 |
    > 190 | // Mock Next.js server components
          |             ^
      191 | jest.mock('next/server', () => ({
      192 |   NextResponse: class MockNextResponse {
      193 |     constructor(body, options) {

      at Object.<anonymous> (__tests__/config/jest.setup.js:190:13)

RBAC seed applied to test database
RBAC seed applied to test database
RBAC seed applied to test database
PASS __tests__/components/ResultadosChart.test.tsx
  ÔùÅ Console

    console.log
      [dotenv@17.2.3] injecting env (0) from .env.test -- tip: Ô£à audit secrets and track compliance: https://dotenvx.com/ops

      at _log (node_modules/.pnpm/dotenv@17.2.3/node_modules/dotenv/lib/main.js:142:11)

    console.log
      ­ƒøí´©Å [jest.setup] Removendo DATABASE_URL do ambiente de testes (valor n├úo importa)

      at Object.<anonymous> (__tests__/config/jest.setup.js:125:17)

    console.log
      ­ƒøí´©Å [jest.setup] Prote├º├úo do banco de testes ativada - usando: nr-bps_db_test

      at Object.<anonymous> (__tests__/config/jest.setup.js:150:13)

    console.warn
      N├úo foi poss├¡vel aplicar semente RBAC para o banco de teste: Command failed: node ./scripts/seed-test-rbac.cjs

      188 | }));
      189 |
    > 190 | // Mock Next.js server components
          |             ^
      191 | jest.mock('next/server', () => ({
      192 |   NextResponse: class MockNextResponse {
      193 |     constructor(body, options) {

      at Object.<anonymous> (__tests__/config/jest.setup.js:190:13)

FAIL __tests__/api/test/session.test.ts
  ÔùÅ Console

    console.log
      [dotenv@17.2.3] injecting env (0) from .env.test -- tip: Ô£à audit secrets and track compliance: https://dotenvx.com/ops

      at _log (node_modules/.pnpm/dotenv@17.2.3/node_modules/dotenv/lib/main.js:142:11)

    console.log
      ­ƒøí´©Å [jest.setup] Removendo DATABASE_URL do ambiente de testes (valor n├úo importa)

      at Object.<anonymous> (__tests__/config/jest.setup.js:125:17)

    console.log
      ­ƒøí´©Å [jest.setup] Prote├º├úo do banco de testes ativada - usando: nr-bps_db_test

      at Object.<anonymous> (__tests__/config/jest.setup.js:150:13)

    console.log
      ­ƒöî [lib/db.ts] Conectado ao banco: nr-bps_db_test @ localhost (ambiente: test)

      at Object.log (lib/db.ts:673:15)

    console.log
      [DEBUG] /api/test/session - Criando sess├úo: {
        cpf: '99900011122',
        perfil: 'rh',
        clinica_id: undefined,
        entidade_id: undefined,
        bodyPerfil: 'rh'
      }

      at log (app/api/test/session/route.ts:35:13)

    console.log
      [DEBUG] /api/test/session - Criando sess├úo: {
        cpf: '99900011123',
        perfil: 'rh',
        clinica_id: undefined,
        entidade_id: undefined,
        bodyPerfil: 'rh'
      }

      at log (app/api/test/session/route.ts:35:13)

  ÔùÅ /api/test/session ÔÇ║ mapeia clinica via tomador_id quando perfil = rh e clinica existe

    expect(received).toBe(expected) // Object.is equality

    Expected: 77
    Received: undefined

      39 |     expect(response.status).toBe(200);
      40 |     expect(data.ok).toBe(true);
    > 41 |     expect(data.session.clinica_id).toBe(77);
         |                                     ^
      42 |     expect(mockQuery).toHaveBeenCalledWith(
      43 |       expect.stringContaining('SELECT id FROM clinicas WHERE tomador_id'),
      44 |       [77]

      at Object.toBe (__tests__/api/test/session.test.ts:41:37)

FAIL __tests__/lib/criarContaResponsavel.clinica-creation.test.ts
  ÔùÅ Console

    console.log
      [dotenv@17.2.3] injecting env (0) from .env.test -- tip: ­ƒöÉ prevent committing .env to code: https://dotenvx.com/precommit

      at _log (node_modules/.pnpm/dotenv@17.2.3/node_modules/dotenv/lib/main.js:142:11)

    console.log
      ­ƒøí´©Å [jest.setup] Removendo DATABASE_URL do ambiente de testes (valor n├úo importa)

      at Object.<anonymous> (__tests__/config/jest.setup.js:125:17)

    console.log
      ­ƒøí´©Å [jest.setup] Prote├º├úo do banco de testes ativada - usando: nr-bps_db_test

      at Object.<anonymous> (__tests__/config/jest.setup.js:150:13)

    console.log
      ­ƒöî [lib/db.ts] Conectado ao banco: nr-bps_db_test @ localhost (ambiente: test)

      at Object.log (lib/db.ts:673:15)

  ÔùÅ criarContaResponsavel - cria cl├¡nica se ausente ÔÇ║ deve tentar criar clinica quando n├úo existe para a entidade

    TypeError: Cannot redefine property: query
        at Object.defineProperty (<anonymous>)

      17 |     // Mock sequencial responses based on sql snippets
      18 |     const mockQuery = jest
    > 19 |       .spyOn(db, 'query')
         |        ^
      20 |       .mockImplementation(async (sql: string, params?: any[]) => {
      21 |         if (sql.includes('SELECT * FROM entidades WHERE id = $1')) {
      22 |           return {

      at ModuleMocker.spyOn (node_modules/.pnpm/jest-mock@30.2.0/node_modules/jest-mock/build/index.js:616:16)
      at Object.spyOn (__tests__/lib/criarContaResponsavel.clinica-creation.test.ts:19:8)

  ÔùÅ criarContaResponsavel - cria cl├¡nica se ausente ÔÇ║ deve tentar criar clinica quando n├úo existe para a entidade

    TypeError: Cannot set property query of [object Object] which has only a getter

      11 |   afterEach(() => {
      12 |     // restore if we replaced
    > 13 |     (db.query as any) = realQuery;
         |              ^
      14 |   });
      15 |
      16 |   it('deve tentar criar clinica quando n├úo existe para a entidade', async () => {

      at Object.<anonymous> (__tests__/lib/criarContaResponsavel.clinica-creation.test.ts:13:14)

RBAC seed applied to test database
RBAC seed applied to test database
RBAC seed applied to test database
PASS __tests__/api/public-config.test.ts
  ÔùÅ Console

    console.log
      [dotenv@17.2.3] injecting env (0) from .env.test -- tip: ­ƒøá´©Å  run anywhere with `dotenvx run -- yourcommand`

      at _log (node_modules/.pnpm/dotenv@17.2.3/node_modules/dotenv/lib/main.js:142:11)

    console.log
      ­ƒøí´©Å [jest.setup] Removendo DATABASE_URL do ambiente de testes (valor n├úo importa)

      at Object.<anonymous> (__tests__/config/jest.setup.js:125:17)

    console.log
      ­ƒøí´©Å [jest.setup] Prote├º├úo do banco de testes ativada - usando: nr-bps_db_test

      at Object.<anonymous> (__tests__/config/jest.setup.js:150:13)

PASS __tests__/components/rh/EmpresaHeader.test.tsx
  ÔùÅ Console

    console.log
      [dotenv@17.2.3] injecting env (0) from .env.test -- tip: ­ƒæÑ sync secrets across teammates & machines: https://dotenvx.com/ops

      at _log (node_modules/.pnpm/dotenv@17.2.3/node_modules/dotenv/lib/main.js:142:11)

    console.log
      ­ƒøí´©Å [jest.setup] Removendo DATABASE_URL do ambiente de testes (valor n├úo importa)

      at Object.<anonymous> (__tests__/config/jest.setup.js:125:17)

    console.log
      ­ƒøí´©Å [jest.setup] Prote├º├úo do banco de testes ativada - usando: nr-bps_db_test

      at Object.<anonymous> (__tests__/config/jest.setup.js:150:13)

PASS __tests__/components/shared/SidebarLayout.test.tsx
  ÔùÅ Console

    console.log
      [dotenv@17.2.3] injecting env (0) from .env.test -- tip: ­ƒöÉ encrypt with Dotenvx: https://dotenvx.com

      at _log (node_modules/.pnpm/dotenv@17.2.3/node_modules/dotenv/lib/main.js:142:11)

    console.log
      ­ƒøí´©Å [jest.setup] Removendo DATABASE_URL do ambiente de testes (valor n├úo importa)

      at Object.<anonymous> (__tests__/config/jest.setup.js:125:17)

    console.log
      ­ƒøí´©Å [jest.setup] Prote├º├úo do banco de testes ativada - usando: nr-bps_db_test

      at Object.<anonymous> (__tests__/config/jest.setup.js:150:13)

RBAC seed applied to test database
RBAC seed applied to test database
FAIL __tests__/components/ModalCadastrotomador.precoString.test.tsx (8.412 s)
  ÔùÅ Console

    console.log
      [dotenv@17.2.3] injecting env (0) from .env.test -- tip: ­ƒöæ add access controls to secrets: https://dotenvx.com/ops

      at _log (node_modules/.pnpm/dotenv@17.2.3/node_modules/dotenv/lib/main.js:142:11)

    console.log
      ­ƒøí´©Å [jest.setup] Removendo DATABASE_URL do ambiente de testes (valor n├úo importa)

      at Object.<anonymous> (__tests__/config/jest.setup.js:125:17)

    console.log
      ­ƒøí´©Å [jest.setup] Prote├º├úo do banco de testes ativada - usando: nr-bps_db_test

      at Object.<anonymous> (__tests__/config/jest.setup.js:150:13)

    console.warn
      N├úo foi poss├¡vel aplicar semente RBAC para o banco de teste: Command failed: node ./scripts/seed-test-rbac.cjs

      188 | }));
      189 |
    > 190 | // Mock Next.js server components
          |             ^
      191 | jest.mock('next/server', () => ({
      192 |   NextResponse: class MockNextResponse {
      193 |     constructor(body, options) {

      at Object.<anonymous> (__tests__/config/jest.setup.js:190:13)

  ÔùÅ ModalCadastrotomador - pre├ºos como string ÔÇ║ mostra pre├ºo formatado e permite inserir n├║mero de funcion├írios e calcula total anual

    thrown: "Exceeded timeout of 5000 ms for a test.
    Add a timeout value to this test to increase the timeout, if this is a long-running test. See https://jestjs.io/docs/api#testname-fn-timeout."

      31 |   });
      32 |
    > 33 |   it('mostra pre├ºo formatado e permite inserir n├║mero de funcion├írios e calcula total anual', async () => {
         |   ^
      34 |     render(<ModalCadastrotomador isOpen={true} onClose={() => {}} />);
      35 |
      36 |     // Avan├ºar para sele├º├úo de plano

      at it (__tests__/components/ModalCadastrotomador.precoString.test.tsx:33:3)
      at Object.describe (__tests__/components/ModalCadastrotomador.precoString.test.tsx:7:1)

RBAC seed applied to test database
PASS __tests__/api/rh/funcionarios.route.test.ts
  ÔùÅ Console

    console.log
      [dotenv@17.2.3] injecting env (0) from .env.test -- tip: ÔÜÖ´©Å  specify custom .env file path with { path: '/custom/path/.env' }

      at _log (node_modules/.pnpm/dotenv@17.2.3/node_modules/dotenv/lib/main.js:142:11)

    console.log
      ­ƒøí´©Å [jest.setup] Removendo DATABASE_URL do ambiente de testes (valor n├úo importa)

      at Object.<anonymous> (__tests__/config/jest.setup.js:125:17)

    console.log
      ­ƒøí´©Å [jest.setup] Prote├º├úo do banco de testes ativada - usando: nr-bps_db_test

      at Object.<anonymous> (__tests__/config/jest.setup.js:150:13)

PASS __tests__/api/rh/relatorio-individual-pdf-corrections.test.ts
  ÔùÅ Console

    console.log
      [dotenv@17.2.3] injecting env (0) from .env.test -- tip: ÔÜÖ´©Å  specify custom .env file path with { path: '/custom/path/.env' }

      at _log (node_modules/.pnpm/dotenv@17.2.3/node_modules/dotenv/lib/main.js:142:11)

    console.log
      ­ƒøí´©Å [jest.setup] Removendo DATABASE_URL do ambiente de testes (valor n├úo importa)

      at Object.<anonymous> (__tests__/config/jest.setup.js:125:17)

    console.log
      ­ƒøí´©Å [jest.setup] Prote├º├úo do banco de testes ativada - usando: nr-bps_db_test

      at Object.<anonymous> (__tests__/config/jest.setup.js:150:13)

FAIL __tests__/database/migration-data.test.ts
  ÔùÅ Console

    console.log
      [dotenv@17.2.3] injecting env (0) from .env.test -- tip: ÔÜÖ´©Å  suppress all logs with { quiet: true }

      at _log (node_modules/.pnpm/dotenv@17.2.3/node_modules/dotenv/lib/main.js:142:11)

    console.log
      ­ƒøí´©Å [jest.setup] Removendo DATABASE_URL do ambiente de testes (valor n├úo importa)

      at Object.<anonymous> (__tests__/config/jest.setup.js:125:17)

    console.log
      ­ƒøí´©Å [jest.setup] Prote├º├úo do banco de testes ativada - usando: nr-bps_db_test

      at Object.<anonymous> (__tests__/config/jest.setup.js:150:13)

  ÔùÅ Migration 300 - Integridade de dados ÔÇ║ deve migrar a mesma quantidade de usu├írios que o backup

    error: rela├º├úo "funcionarios_backup_pre_300" n├úo existe

      13 |     await client.query("SET LOCAL app.current_user_cpf = '00000000000'");
      14 |     await client.query("SET LOCAL app.current_user_perfil = 'admin'");
    > 15 |     const res = await client.query(text, params);
         |                 ^
      16 |     await client.query('COMMIT');
      17 |     return res;
      18 |   } catch (err) {

      at node_modules/.pnpm/pg@8.16.3/node_modules/pg/lib/client.js:545:17
      at query (__tests__/database/migration-data.test.ts:15:17)
      at Object.<anonymous> (__tests__/database/migration-data.test.ts:35:20)

  ÔùÅ Migration 300 - Integridade de dados ÔÇ║ deve remover usu├írios do sistema da tabela `funcionarios`

    error: coluna "usuario_tipo" n├úo existe

      13 |     await client.query("SET LOCAL app.current_user_cpf = '00000000000'");
      14 |     await client.query("SET LOCAL app.current_user_perfil = 'admin'");
    > 15 |     const res = await client.query(text, params);
         |                 ^
      16 |     await client.query('COMMIT');
      17 |     return res;
      18 |   } catch (err) {

      at node_modules/.pnpm/pg@8.16.3/node_modules/pg/lib/client.js:545:17
      at query (__tests__/database/migration-data.test.ts:15:17)
      at Object.<anonymous> (__tests__/database/migration-data.test.ts:48:17)

  ÔùÅ Migration 300 - Integridade de dados ÔÇ║ deve ter registros de migra├º├úo em `usuarios_migracao_log`

    error: rela├º├úo "usuarios_migracao_log" n├úo existe

      13 |     await client.query("SET LOCAL app.current_user_cpf = '00000000000'");
      14 |     await client.query("SET LOCAL app.current_user_perfil = 'admin'");
    > 15 |     const res = await client.query(text, params);
         |                 ^
      16 |     await client.query('COMMIT');
      17 |     return res;
      18 |   } catch (err) {

      at node_modules/.pnpm/pg@8.16.3/node_modules/pg/lib/client.js:545:17
      at query (__tests__/database/migration-data.test.ts:15:17)
      at Object.<anonymous> (__tests__/database/migration-data.test.ts:55:17)

RBAC seed applied to test database
PASS __tests__/api/entidade/lotes-fila-emissao-compat.test.ts
  ÔùÅ Console

    console.log
      [dotenv@17.2.3] injecting env (0) from .env.test -- tip: ÔÜÖ´©Å  specify custom .env file path with { path: '/custom/path/.env' }

      at _log (node_modules/.pnpm/dotenv@17.2.3/node_modules/dotenv/lib/main.js:142:11)

    console.log
      ­ƒøí´©Å [jest.setup] Removendo DATABASE_URL do ambiente de testes (valor n├úo importa)

      at Object.<anonymous> (__tests__/config/jest.setup.js:125:17)

    console.log
      ­ƒøí´©Å [jest.setup] Prote├º├úo do banco de testes ativada - usando: nr-bps_db_test

      at Object.<anonymous> (__tests__/config/jest.setup.js:150:13)

    console.log
      [DEBUG /api/entidade/lotes] session={"perfil":"gestor","entidade_id":1}

      at log (app/api/entidade/lotes/route.ts:30:13)

    console.log
      [DEBUG /api/entidade/lotes] query returned rows=undefined

      at log (app/api/entidade/lotes/route.ts:80:15)

RBAC seed applied to test database
RBAC seed applied to test database
RBAC seed applied to test database
RBAC seed applied to test database
FAIL __tests__/components/ModalAdicionarFuncionarioEntidade.test.tsx
  ÔùÅ Console

    console.log
      [dotenv@17.2.3] injecting env (0) from .env.test -- tip: ­ƒæÑ sync secrets across teammates & machines: https://dotenvx.com/ops

      at _log (node_modules/.pnpm/dotenv@17.2.3/node_modules/dotenv/lib/main.js:142:11)

    console.log
      ­ƒøí´©Å [jest.setup] Removendo DATABASE_URL do ambiente de testes (valor n├úo importa)

      at Object.<anonymous> (__tests__/config/jest.setup.js:125:17)

    console.log
      ­ƒøí´©Å [jest.setup] Prote├º├úo do banco de testes ativada - usando: nr-bps_db_test

      at Object.<anonymous> (__tests__/config/jest.setup.js:150:13)

  ÔùÅ ModalAdicionarFuncionarioEntidade ÔÇ║ renders and submits with data_nascimento included

    TestingLibraryElementError: Unable to find a label with the text of: /Senha/i

    Ignored nodes: comments, script, style
    <body
      style="overflow: hidden;"
    >
      <div />
      <div
        class="fixed inset-0 z-50 flex items-center justify-center p-4 bg-black bg-opacity-50"
      >
        <div
          class="bg-white rounded-lg shadow-xl max-w-2xl w-full max-h-[90vh] overflow-hidden flex flex-col"
        >
          <div
            class="flex items-center justify-between p-6 border-b border-gray-200"
          >
            <div
              class="flex items-center gap-3"
            >
              <svg
                aria-hidden="true"
                class="lucide lucide-user-plus text-blue-600"
                fill="none"
                height="24"
                stroke="currentColor"
                stroke-linecap="round"
                stroke-linejoin="round"
                stroke-width="2"
                viewBox="0 0 24 24"
                width="24"
                xmlns="http://www.w3.org/2000/svg"
              >
                <path
                  d="M16 21v-2a4 4 0 0 0-4-4H6a4 4 0 0 0-4 4v2"
                />
                <circle
                  cx="9"
                  cy="7"
                  r="4"
                />
                <line
                  x1="19"
                  x2="19"
                  y1="8"
                  y2="14"
                />
                <line
                  x1="22"
                  x2="16"
                  y1="11"
                  y2="11"
                />
              </svg>
              <h2
                class="text-xl font-bold text-gray-900"
              >
                Adicionar Funcion├írio
              </h2>
            </div>
            <button
              class="p-2 hover:bg-gray-100 rounded-lg transition disabled:opacity-50"
            >
              <svg
                aria-hidden="true"
                class="lucide lucide-x"
                fill="none"
                height="20"
                stroke="currentColor"
                stroke-linecap="round"
                stroke-linejoin="round"
                stroke-width="2"
                viewBox="0 0 24 24"
                width="20"
                xmlns="http://www.w3.org/2000/svg"
              >
                <path
                  d="M18 6 6 18"
                />
                <path
                  d="m6 6 12 12"
                />
              </svg>
            </button>
          </div>
          <form
            class="flex-1 overflow-y-auto p-6"
          >
            <div
              class="grid grid-cols-1 md:grid-cols-2 gap-4"
            >
              <div>
                <label
                  class="block text-sm font-medium text-gray-700 mb-2"
                  for="cpf"
                >
                  CPF 
                  <span
                    class="text-red-600"
                  >
                    *
                  </span>
                </label>
                <input
                  class="w-full px-4 py-2 border border-gray-300 rounded-lg focus:outline-none focus:ring-2 focus:ring-primary disabled:opacity-50"
                  id="cpf"
                  maxlength="14"
                  placeholder="000.000.000-00"
                  type="text"
                  value=""
                />
              </div>
              <div>
                <label
                  class="block text-sm font-medium text-gray-700 mb-2"
                  for="nome"
                >
                  Nome Completo 
                  <span
                    class="text-red-600"
                  >
                    *
                  </span>
                </label>
                <input
                  class="w-full px-4 py-2 border border-gray-300 rounded-lg focus:outline-none focus:ring-2 focus:ring-primary disabled:opacity-50"
                  id="nome"
                  placeholder="Jo├úo da Silva"
                  type="text"
                  value=""
                />
              </div>
              <div>
                <label
                  class="block text-sm font-medium text-gray-700 mb-2"
                  for="data_nascimento"
                >
                  Data de Nascimento 
                  <span
                    class="text-red-600"
                  >
                    *
                  </span>
                </label>
                <input
                  class="w-full px-4 py-2 border border-gray-300 rounded-lg focus:outline-none focus:ring-2 focus:ring-primary disabled:opacity-50"
                  id="data_nascimento"
                  type="date"
                  value=""
                />
              </div>
              <div>
                <label
                  class="block text-sm font-medium text-gray-700 mb-2"
                  for="setor"
                >
                  Setor 
                  <span
                    class="text-red-600"
                  >
                    *
                  </span>
                </label>
                <input
                  class="w-full px-4 py-2 border border-gray-300 rounded-lg focus:outline-none focus:ring-2 focus:ring-primary disabled:opacity-50"
                  id="setor"
                  placeholder="ex: TI, RH, Vendas"
                  type="text"
                  value=""
                />
              </div>
              <div>
                <label
                  class="block text-sm font-medium text-gray-700 mb-2"
                  for="funcao"
                >
                  Fun├º├úo 
                  <span
                    class="text-red-600"
                  >
                    *
                  </span>
                </label>
                <input
                  class="w-full px-4 py-2 border border-gray-300 rounded-lg focus:outline-none focus:ring-2 focus:ring-primary disabled:opacity-50"
                  id="funcao"
                  placeholder="ex: Analista, Gerente"
                  type="text"
                  value=""
                />
              </div>
              <div>
                <label
                  class="block text-sm font-medium text-gray-700 mb-2"
                  for="email"
                >
                  Email 
                  <span
                    class="text-red-600"
                  >
                    *
                  </span>
                </label>
                <input
                  class="w-full px-4 py-2 border border-gray-300 rounded-lg focus:outline-none focus:ring-2 focus:ring-primary disabled:opacity-50"
                  id="email"
                  placeholder="funcionario@empresa.com"
                  type="email"
                  value=""
                />
              </div>
              <div
                class="col-span-2"
              >
                <div
                  class="bg-blue-50 border border-blue-200 rounded-md p-3"
                >
                  <p
                    class="text-sm text-blue-700"
                  >
                    Ôä╣´©Å 
                    <strong>
                      Senha autom├ítica:
                    </strong>
                     A senha ser├í gerada automaticamente a partir da data de nascimento (formato: DDMMYYYY)
                  </p>
                </div>
              </div>
              <div>
                <label
                  class="block text-sm font-medium text-gray-700 mb-2"
                >
                  Matr├¡cula
                </label>
                <input
                  class="w-full px-4 py-2 border border-gray-300 rounded-lg focus:outline-none focus:ring-2 focus:ring-primary disabled:opacity-50"
                  placeholder="Opcional"
                  type="text"
                  value=""
                />
              </div>
              <div>
                <label
                  class="block text-sm font-medium text-gray-700 mb-2"
                >
                  N├¡vel de Cargo *
                </label>
                <select
                  class="w-full px-4 py-2 border border-gray-300 rounded-lg focus:outline-none focus:ring-2 focus:ring-primary disabled:opacity-50"
                >
                  <option
                    value=""
                  >
                    Selecione
                  </option>
                  <option
                    value="operacional"
                  >
                    Operacional
                  </option>
                  <option
                    value="gestao"
                  >
                    Gest├úo
                  </option>
                </select>
              </div>
              <div>
                <label
                  class="block text-sm font-medium text-gray-700 mb-2"
                >
                  Turno
                </label>
                <input
                  class="w-full px-4 py-2 border border-gray-300 rounded-lg focus:outline-none focus:ring-2 focus:ring-primary disabled:opacity-50"
                  placeholder="ex: Diurno, Noturno"
                  type="text"
                  value=""
                />
              </div>
              <div>
                <label
                  class="block text-sm font-medium text-gray-700 mb-2"
                >
                  Escala
                </label>
                <input
                  class="w-full px-4 py-2 border border-gray-300 rounded-lg focus:outline-none focus:ring-2 focus:ring-primary disabled:opacity-50"
                  placeholder="ex: 5x2, 6x1"
                  type="text"
                  value=""
                />
              </div>
            </div>
          </form>
          <div
            class="flex items-center justify-end gap-3 p-6 border-t border-gray-200 bg-gray-50"
          >
            <button
              class="px-6 py-2 text-gray-700 hover:bg-gray-200 rounded-lg transition disabled:opacity-50"
              type="button"
            >
              Cancelar
            </button>
            <button
              class="px-6 py-2 bg-blue-600 text-white rounded-lg hover:bg-blue-700 transition disabled:opacity-50 flex items-center gap-2"
            >
              <svg
                aria-hidden="true"
                class="lucide lucide-user-plus"
                fill="none"
                height="18"
                stroke="currentColor"
                stroke-linecap="round"
                stroke-linejoin="round"
                stroke-width="2"
                viewBox="0 0 24 24"
                width="18"
                xmlns="http://www.w3.org/2000/svg"
              >
                <path
                  d="M16 21v-2a4 4 0 0 0-4-4H6a4 4 0 0 0-4 4v2"
                />
                <circle
                  cx="9"
                  cy="7"
                  r="4"
                />
                <line
                  x1="19"
                  x2="19"
                  y1="8"
                  y2="14"
                />
                <line
                  x1="22"
                  x2="16"
                  y1="11"
                  y2="11"
                />
              </svg>
              Adicionar Funcion├írio
            </button>
          </div>
        </div>
      </div>
    </body>

      25 |     const funcaoInput = screen.getByLabelText(/Fun├º├úo/i);
      26 |     const emailInput = screen.getByLabelText(/Email/i);
    > 27 |     const senhaInput = screen.getByLabelText(/Senha/i);
         |                               ^
      28 |
      29 |     fireEvent.change(cpfInput, { target: { value: '12345678909' } });
      30 |     fireEvent.change(nomeInput, { target: { value: 'Teste' } });

      at Object.getElementError (node_modules/.pnpm/@testing-library+dom@10.4.1/node_modules/@testing-library/dom/dist/config.js:37:19)
      at getAllByLabelText (node_modules/.pnpm/@testing-library+dom@10.4.1/node_modules/@testing-library/dom/dist/queries/label-text.js:111:38)
      at node_modules/.pnpm/@testing-library+dom@10.4.1/node_modules/@testing-library/dom/dist/query-helpers.js:52:17
      at node_modules/.pnpm/@testing-library+dom@10.4.1/node_modules/@testing-library/dom/dist/query-helpers.js:95:19
      at Object.getByLabelText (__tests__/components/ModalAdicionarFuncionarioEntidade.test.tsx:27:31)

PASS __tests__/api/recibo/gerar.test.ts
  ÔùÅ Console

    console.log
      [dotenv@17.2.3] injecting env (0) from .env.test -- tip: Ô£à audit secrets and track compliance: https://dotenvx.com/ops

      at _log (node_modules/.pnpm/dotenv@17.2.3/node_modules/dotenv/lib/main.js:142:11)

    console.log
      ­ƒøí´©Å [jest.setup] Removendo DATABASE_URL do ambiente de testes (valor n├úo importa)

      at Object.<anonymous> (__tests__/config/jest.setup.js:125:17)

    console.log
      ­ƒøí´©Å [jest.setup] Prote├º├úo do banco de testes ativada - usando: nr-bps_db_test

      at Object.<anonymous> (__tests__/config/jest.setup.js:150:13)

PASS __tests__/components/QuestionModalReset.test.tsx
  ÔùÅ Console

    console.log
      [dotenv@17.2.3] injecting env (0) from .env.test -- tip: ÔÜÖ´©Å  specify custom .env file path with { path: '/custom/path/.env' }

      at _log (node_modules/.pnpm/dotenv@17.2.3/node_modules/dotenv/lib/main.js:142:11)

    console.log
      ­ƒøí´©Å [jest.setup] Removendo DATABASE_URL do ambiente de testes (valor n├úo importa)

      at Object.<anonymous> (__tests__/config/jest.setup.js:125:17)

    console.log
      ­ƒøí´©Å [jest.setup] Prote├º├úo do banco de testes ativada - usando: nr-bps_db_test

      at Object.<anonymous> (__tests__/config/jest.setup.js:150:13)

FAIL __tests__/unit/migracao-165-simple-validation.test.ts
  ÔùÅ Console

    console.log
      [dotenv@17.2.3] injecting env (0) from .env.test -- tip: ­ƒæÑ sync secrets across teammates & machines: https://dotenvx.com/ops

      at _log (node_modules/.pnpm/dotenv@17.2.3/node_modules/dotenv/lib/main.js:142:11)

    console.log
      ­ƒøí´©Å [jest.setup] Removendo DATABASE_URL do ambiente de testes (valor n├úo importa)

      at Object.<anonymous> (__tests__/config/jest.setup.js:125:17)

    console.log
      ­ƒøí´©Å [jest.setup] Prote├º├úo do banco de testes ativada - usando: nr-bps_db_test

      at Object.<anonymous> (__tests__/config/jest.setup.js:150:13)

    console.log
      ­ƒöî [lib/db.ts] Conectado ao banco: nr-bps_db_test @ localhost (ambiente: test)

      at Object.log (lib/db.ts:673:15)

    console.log
      [SLOW QUERY] (545ms): SELECT pg_get_functiondef(oid) FROM pg_proc WHERE proname = 'atualizar_ultima_avaliacao_funcionario'...

      at log (lib/db.ts:494:21)

    console.log
      [SLOW QUERY] (521ms): SELECT column_name FROM information_schema.columns 
             WHERE table_name = 'funcionarios' 
            ...

      at log (lib/db.ts:494:21)

    console.log
      Ô£à Encontrados 3 campos denormalizados

      at Object.log (__tests__/unit/migracao-165-simple-validation.test.ts:34:13)

  ÔùÅ Migra├º├úo 165 - Valida├º├úo Simples ÔÇ║ Ô£à Fun├º├úo trigger existe e n├úo tenta acessar l.codigo

    expect(received).not.toMatch(expected)

    Expected pattern: not /SELECT.*l\.codigo/i
    Received string:      "CREATE OR REPLACE FUNCTION public.atualizar_ultima_avaliacao_funcionario()
     RETURNS trigger
     LANGUAGE plpgsql
    AS $function$
    DECLARE
      v_lote_codigo VARCHAR(20);
      v_motivo_inativacao TEXT;
    BEGIN
      -- Get batch code
      SELECT l.codigo INTO v_lote_codigo
      FROM lotes_avaliacao l
      WHERE l.id = NEW.lote_id;

      -- Get inactivation reason (if applicable)
      IF NEW.status = 'inativada' THEN
        v_motivo_inativacao := NEW.motivo_inativacao;
      ELSE
        v_motivo_inativacao := NULL;
      END IF;

      -- Update employee only if this evaluation is more recent
      -- IMPORTANT: ultima_avaliacao_data_conclusao is only updated for COMPLETED evaluations
      UPDATE funcionarios
      SET 
        ultima_avaliacao_id = NEW.id,
        ultimo_lote_codigo = v_lote_codigo,
        ultima_avaliacao_data_conclusao = CASE 
          WHEN NEW.status = 'concluida' THEN NEW.envio
          ELSE ultima_avaliacao_data_conclusao  -- Keep previous value if not completed
        END,
        ultima_avaliacao_status = NEW.status,
        ultimo_motivo_inativacao = v_motivo_inativacao,
        atualizado_em = NOW()
      WHERE cpf = NEW.funcionario_cpf
        AND (
          ultima_avaliacao_data_conclusao IS NULL 
          OR COALESCE(NEW.envio, NEW.inativada_em) > ultima_avaliacao_data_conclusao
          OR (COALESCE(NEW.envio, NEW.inativada_em) = ultima_avaliacao_data_conclusao AND NEW.id > ultima_avaliacao_id)
        );

      RETURN NEW;
    END;
    $function$
    "

      17 |
      18 |     // Valida├º├úo: n├úo deve tentar fazer SELECT l.codigo
    > 19 |     expect(funcao).not.toMatch(/SELECT.*l\.codigo/i);
         |                        ^
      20 |     console.log('Ô£à Fun├º├úo trigger corrigida - n├úo tenta acessar l.codigo');
      21 |   });
      22 |

      at Object.toMatch (__tests__/unit/migracao-165-simple-validation.test.ts:19:24)

  ÔùÅ Migra├º├úo 165 - Valida├º├úo Simples ÔÇ║ Ô£à Migra├º├úo 165 n├úo tenta atualizar colunas removidas

    expect(received).not.toMatch(expected)

    Expected pattern: not /ultimo_lote_codigo/i
    Received string:      "CREATE OR REPLACE FUNCTION public.atualizar_ultima_avaliacao_funcionario()
     RETURNS trigger
     LANGUAGE plpgsql
    AS $function$
    DECLARE
      v_lote_codigo VARCHAR(20);
      v_motivo_inativacao TEXT;
    BEGIN
      -- Get batch code
      SELECT l.codigo INTO v_lote_codigo
      FROM lotes_avaliacao l
      WHERE l.id = NEW.lote_id;

      -- Get inactivation reason (if applicable)
      IF NEW.status = 'inativada' THEN
        v_motivo_inativacao := NEW.motivo_inativacao;
      ELSE
        v_motivo_inativacao := NULL;
      END IF;

      -- Update employee only if this evaluation is more recent
      -- IMPORTANT: ultima_avaliacao_data_conclusao is only updated for COMPLETED evaluations
      UPDATE funcionarios
      SET 
        ultima_avaliacao_id = NEW.id,
        ultimo_lote_codigo = v_lote_codigo,
        ultima_avaliacao_data_conclusao = CASE 
          WHEN NEW.status = 'concluida' THEN NEW.envio
          ELSE ultima_avaliacao_data_conclusao  -- Keep previous value if not completed
        END,
        ultima_avaliacao_status = NEW.status,
        ultimo_motivo_inativacao = v_motivo_inativacao,
        atualizado_em = NOW()
      WHERE cpf = NEW.funcionario_cpf
        AND (
          ultima_avaliacao_data_conclusao IS NULL 
          OR COALESCE(NEW.envio, NEW.inativada_em) > ultima_avaliacao_data_conclusao
          OR (COALESCE(NEW.envio, NEW.inativada_em) = ultima_avaliacao_data_conclusao AND NEW.id > ultima_avaliacao_id)
        );

      RETURN NEW;
    END;
    $function$
    "

      44 |
      45 |     // N├úo deve tentar atualizar ultimo_lote_codigo
    > 46 |     expect(funcao).not.toMatch(/ultimo_lote_codigo/i);
         |                        ^
      47 |     console.log('Ô£à Fun├º├úo n├úo tenta atualizar colunas removidas');
      48 |   });
      49 | });

      at Object.toMatch (__tests__/unit/migracao-165-simple-validation.test.ts:46:24)

RBAC seed applied to test database
RBAC seed applied to test database
PASS __tests__/api/entidade/relatorio-individual-pdf-corrections.test.ts
  ÔùÅ Console

    console.log
      [dotenv@17.2.3] injecting env (0) from .env.test -- tip: ÔÜÖ´©Å  override existing env vars with { override: true }

      at _log (node_modules/.pnpm/dotenv@17.2.3/node_modules/dotenv/lib/main.js:142:11)

    console.log
      ­ƒøí´©Å [jest.setup] Removendo DATABASE_URL do ambiente de testes (valor n├úo importa)

      at Object.<anonymous> (__tests__/config/jest.setup.js:125:17)

    console.log
      ­ƒøí´©Å [jest.setup] Prote├º├úo do banco de testes ativada - usando: nr-bps_db_test

      at Object.<anonymous> (__tests__/config/jest.setup.js:150:13)

RBAC seed applied to test database
PASS __tests__/api/rh/account-info.test.ts
  ÔùÅ Console

    console.log
      [dotenv@17.2.3] injecting env (0) from .env.test -- tip: ­ƒùé´©Å backup and recover secrets: https://dotenvx.com/ops

      at _log (node_modules/.pnpm/dotenv@17.2.3/node_modules/dotenv/lib/main.js:142:11)

    console.log
      ­ƒøí´©Å [jest.setup] Removendo DATABASE_URL do ambiente de testes (valor n├úo importa)

      at Object.<anonymous> (__tests__/config/jest.setup.js:125:17)

    console.log
      ­ƒøí´©Å [jest.setup] Prote├º├úo do banco de testes ativada - usando: nr-bps_db_test

      at Object.<anonymous> (__tests__/config/jest.setup.js:150:13)

    console.log
      ­ƒöî [lib/db.ts] Conectado ao banco: nr-bps_db_test @ localhost (ambiente: test)

      at Object.log (lib/db.ts:673:15)

RBAC seed applied to test database
PASS __tests__/registration/cadastroApi.test.ts
  ÔùÅ Console

    console.log
      [dotenv@17.2.3] injecting env (0) from .env.test -- tip: ÔÜÖ´©Å  write to custom object with { processEnv: myObject }

      at _log (node_modules/.pnpm/dotenv@17.2.3/node_modules/dotenv/lib/main.js:142:11)

    console.log
      ­ƒøí´©Å [jest.setup] Removendo DATABASE_URL do ambiente de testes (valor n├úo importa)

      at Object.<anonymous> (__tests__/config/jest.setup.js:125:17)

    console.log
      ­ƒøí´©Å [jest.setup] Prote├º├úo do banco de testes ativada - usando: nr-bps_db_test

      at Object.<anonymous> (__tests__/config/jest.setup.js:150:13)

PASS __tests__/api/rh/funcionarios-create.test.ts
  ÔùÅ Console

    console.log
      [dotenv@17.2.3] injecting env (0) from .env.test -- tip: ­ƒöä add secrets lifecycle management: https://dotenvx.com/ops

      at _log (node_modules/.pnpm/dotenv@17.2.3/node_modules/dotenv/lib/main.js:142:11)

    console.log
      ­ƒøí´©Å [jest.setup] Removendo DATABASE_URL do ambiente de testes (valor n├úo importa)

      at Object.<anonymous> (__tests__/config/jest.setup.js:125:17)

    console.log
      ­ƒøí´©Å [jest.setup] Prote├º├úo do banco de testes ativada - usando: nr-bps_db_test

      at Object.<anonymous> (__tests__/config/jest.setup.js:150:13)

RBAC seed applied to test database
RBAC seed applied to test database
PASS __tests__/system/offline-system.test.ts
  ÔùÅ Console

    console.log
      [dotenv@17.2.3] injecting env (0) from .env.test -- tip: ­ƒöæ add access controls to secrets: https://dotenvx.com/ops

      at _log (node_modules/.pnpm/dotenv@17.2.3/node_modules/dotenv/lib/main.js:142:11)

    console.log
      ­ƒøí´©Å [jest.setup] Removendo DATABASE_URL do ambiente de testes (valor n├úo importa)

      at Object.<anonymous> (__tests__/config/jest.setup.js:125:17)

    console.log
      ­ƒøí´©Å [jest.setup] Prote├º├úo do banco de testes ativada - usando: nr-bps_db_test

      at Object.<anonymous> (__tests__/config/jest.setup.js:150:13)

RBAC seed applied to test database
PASS __tests__/integration/validacao-enum-estados.test.ts
  ÔùÅ Console

    console.log
      [dotenv@17.2.3] injecting env (0) from .env.test -- tip: ­ƒöä add secrets lifecycle management: https://dotenvx.com/ops

      at _log (node_modules/.pnpm/dotenv@17.2.3/node_modules/dotenv/lib/main.js:142:11)

    console.log
      ­ƒøí´©Å [jest.setup] Removendo DATABASE_URL do ambiente de testes (valor n├úo importa)

      at Object.<anonymous> (__tests__/config/jest.setup.js:125:17)

    console.log
      ­ƒøí´©Å [jest.setup] Prote├º├úo do banco de testes ativada - usando: nr-bps_db_test

      at Object.<anonymous> (__tests__/config/jest.setup.js:150:13)

    console.log
      ­ƒöî [lib/db.ts] Conectado ao banco: nr-bps_db_test @ localhost (ambiente: test)

      at Object.log (lib/db.ts:673:15)

RBAC seed applied to test database
PASS __tests__/components/PreviewLaudoCard.test.tsx
  ÔùÅ Console

    console.log
      [dotenv@17.2.3] injecting env (0) from .env.test -- tip: ­ƒöÉ encrypt with Dotenvx: https://dotenvx.com

      at _log (node_modules/.pnpm/dotenv@17.2.3/node_modules/dotenv/lib/main.js:142:11)

    console.log
      ­ƒøí´©Å [jest.setup] Removendo DATABASE_URL do ambiente de testes (valor n├úo importa)

      at Object.<anonymous> (__tests__/config/jest.setup.js:125:17)

    console.log
      ­ƒøí´©Å [jest.setup] Prote├º├úo do banco de testes ativada - usando: nr-bps_db_test

      at Object.<anonymous> (__tests__/config/jest.setup.js:150:13)

RBAC seed applied to test database
RBAC seed applied to test database
PASS __tests__/components/ImportXlsxModal.test.tsx
  ÔùÅ Console

    console.log
      [dotenv@17.2.3] injecting env (0) from .env.test -- tip: ­ƒöÉ encrypt with Dotenvx: https://dotenvx.com

      at _log (node_modules/.pnpm/dotenv@17.2.3/node_modules/dotenv/lib/main.js:142:11)

    console.log
      ­ƒøí´©Å [jest.setup] Removendo DATABASE_URL do ambiente de testes (valor n├úo importa)

      at Object.<anonymous> (__tests__/config/jest.setup.js:125:17)

    console.log
      ­ƒøí´©Å [jest.setup] Prote├º├úo do banco de testes ativada - usando: nr-bps_db_test

      at Object.<anonymous> (__tests__/config/jest.setup.js:150:13)

PASS __tests__/components/QuestionModalAutoAdvance.test.tsx
  ÔùÅ Console

    console.log
      [dotenv@17.2.3] injecting env (0) from .env.test -- tip: ­ƒôí add observability to secrets: https://dotenvx.com/ops

      at _log (node_modules/.pnpm/dotenv@17.2.3/node_modules/dotenv/lib/main.js:142:11)

    console.log
      ­ƒøí´©Å [jest.setup] Removendo DATABASE_URL do ambiente de testes (valor n├úo importa)

      at Object.<anonymous> (__tests__/config/jest.setup.js:125:17)

    console.log
      ­ƒøí´©Å [jest.setup] Prote├º├úo do banco de testes ativada - usando: nr-bps_db_test

      at Object.<anonymous> (__tests__/config/jest.setup.js:150:13)

RBAC seed applied to test database
PASS __tests__/api/auth/session.test.ts
  ÔùÅ Console

    console.log
      [dotenv@17.2.3] injecting env (0) from .env.test -- tip: ­ƒùé´©Å backup and recover secrets: https://dotenvx.com/ops

      at _log (node_modules/.pnpm/dotenv@17.2.3/node_modules/dotenv/lib/main.js:142:11)

    console.log
      ­ƒøí´©Å [jest.setup] Removendo DATABASE_URL do ambiente de testes (valor n├úo importa)

      at Object.<anonymous> (__tests__/config/jest.setup.js:125:17)

    console.log
      ­ƒøí´©Å [jest.setup] Prote├º├úo do banco de testes ativada - usando: nr-bps_db_test

      at Object.<anonymous> (__tests__/config/jest.setup.js:150:13)

    console.log
      ­ƒöî [lib/db.ts] Conectado ao banco: nr-bps_db_test @ localhost (ambiente: test)

      at Object.log (lib/db.ts:673:15)

RBAC seed applied to test database
RBAC seed applied to test database
RBAC seed applied to test database
PASS __tests__/integration/empresa-modal-interaction.test.tsx (6.372 s)
  ÔùÅ Console

    console.log
      [dotenv@17.2.3] injecting env (0) from .env.test -- tip: ­ƒùé´©Å backup and recover secrets: https://dotenvx.com/ops

      at _log (node_modules/.pnpm/dotenv@17.2.3/node_modules/dotenv/lib/main.js:142:11)

    console.log
      ­ƒøí´©Å [jest.setup] Removendo DATABASE_URL do ambiente de testes (valor n├úo importa)

      at Object.<anonymous> (__tests__/config/jest.setup.js:125:17)

    console.log
      ­ƒøí´©Å [jest.setup] Prote├º├úo do banco de testes ativada - usando: nr-bps_db_test

      at Object.<anonymous> (__tests__/config/jest.setup.js:150:13)

PASS __tests__/components/ModalResetarAvaliacao.test.tsx
  ÔùÅ Console

    console.log
      [dotenv@17.2.3] injecting env (0) from .env.test -- tip: ­ƒøá´©Å  run anywhere with `dotenvx run -- yourcommand`

      at _log (node_modules/.pnpm/dotenv@17.2.3/node_modules/dotenv/lib/main.js:142:11)

    console.log
      ­ƒøí´©Å [jest.setup] Removendo DATABASE_URL do ambiente de testes (valor n├úo importa)

      at Object.<anonymous> (__tests__/config/jest.setup.js:125:17)

    console.log
      ­ƒøí´©Å [jest.setup] Prote├º├úo do banco de testes ativada - usando: nr-bps_db_test

      at Object.<anonymous> (__tests__/config/jest.setup.js:150:13)

FAIL __tests__/integration/seed-admin.test.ts
  ÔùÅ Console

    console.log
      [dotenv@17.2.3] injecting env (0) from .env.test -- tip: ÔÜÖ´©Å  override existing env vars with { override: true }

      at _log (node_modules/.pnpm/dotenv@17.2.3/node_modules/dotenv/lib/main.js:142:11)

    console.log
      ­ƒøí´©Å [jest.setup] Removendo DATABASE_URL do ambiente de testes (valor n├úo importa)

      at Object.<anonymous> (__tests__/config/jest.setup.js:125:17)

    console.log
      ­ƒøí´©Å [jest.setup] Prote├º├úo do banco de testes ativada - usando: nr-bps_db_test

      at Object.<anonymous> (__tests__/config/jest.setup.js:150:13)

    console.log
      ­ƒöî [lib/db.ts] Conectado ao banco: nr-bps_db_test @ localhost (ambiente: test)

      at Object.log (lib/db.ts:673:15)

  ÔùÅ Seed: admin ÔÇ║ should ensure admin exists and password matches

    error: ERRO: Perfis de contas (admin/emissor/gestor/rh) n├â┬úo permitidos em funcionarios. Use a tabela usuarios.

      487 |         // No session: just execute the query normally
      488 |         try {
    > 489 |           const result = await client.query(text, params);
          |                          ^
      490 |           const duration = Date.now() - start;
      491 |
      492 |           // Log apenas queries lentas (>500ms)

      at node_modules/.pnpm/pg@8.16.3/node_modules/pg/lib/client.js:545:17
      at query (lib/db.ts:489:26)
      at Object.<anonymous> (__tests__/integration/seed-admin.test.ts:10:5)

PASS __tests__/components/Dashboard.test.tsx
  ÔùÅ Console

    console.log
      [dotenv@17.2.3] injecting env (0) from .env.test -- tip: ­ƒöæ add access controls to secrets: https://dotenvx.com/ops

      at _log (node_modules/.pnpm/dotenv@17.2.3/node_modules/dotenv/lib/main.js:142:11)

    console.log
      ­ƒøí´©Å [jest.setup] Removendo DATABASE_URL do ambiente de testes (valor n├úo importa)

      at Object.<anonymous> (__tests__/config/jest.setup.js:125:17)

    console.log
      ­ƒøí´©Å [jest.setup] Prote├º├úo do banco de testes ativada - usando: nr-bps_db_test

      at Object.<anonymous> (__tests__/config/jest.setup.js:150:13)

RBAC seed applied to test database
FAIL __tests__/api/cadastro-tomador-validation.test.ts
  ÔùÅ Console

    console.log
      [dotenv@17.2.3] injecting env (0) from .env.test -- tip: ­ƒøá´©Å  run anywhere with `dotenvx run -- yourcommand`

      at _log (node_modules/.pnpm/dotenv@17.2.3/node_modules/dotenv/lib/main.js:142:11)

    console.log
      ­ƒøí´©Å [jest.setup] Removendo DATABASE_URL do ambiente de testes (valor n├úo importa)

      at Object.<anonymous> (__tests__/config/jest.setup.js:125:17)

    console.log
      ­ƒøí´©Å [jest.setup] Prote├º├úo do banco de testes ativada - usando: nr-bps_db_test

      at Object.<anonymous> (__tests__/config/jest.setup.js:150:13)

  ÔùÅ API /api/cadastro/tomadores - valida├º├úo de limite de funcion├írios ÔÇ║ retorna 400 quando numero_funcionarios_estimado excede limite do plano

    expect(jest.fn()).toHaveBeenCalledWith(...expected)

    - Expected
    + Received

    - "SELECT caracteristicas->>'limite_funcionarios' as limite FROM planos WHERE id = $1",
    + "SELECT limite_funcionarios as limite FROM planos WHERE id = $1",
      [1],

    Number of calls: 1

      40 |     expect(body.error).toMatch(/excede o limite/);
      41 |
    > 42 |     expect(mockQuery).toHaveBeenCalledWith(
         |                       ^
      43 |       "SELECT caracteristicas->>'limite_funcionarios' as limite FROM planos WHERE id = $1",
      44 |       [1]
      45 |     );

      at Object.toHaveBeenCalledWith (__tests__/api/cadastro-tomador-validation.test.ts:42:23)

RBAC seed applied to test database
RBAC seed applied to test database
RBAC seed applied to test database
RBAC seed applied to test database
RBAC seed applied to test database
PASS __tests__/styles/print-styles.test.ts
  ÔùÅ Console

    console.log
      [dotenv@17.2.3] injecting env (0) from .env.test -- tip: ÔÜÖ´©Å  enable debug logging with { debug: true }

      at _log (node_modules/.pnpm/dotenv@17.2.3/node_modules/dotenv/lib/main.js:142:11)

    console.log
      ­ƒøí´©Å [jest.setup] Removendo DATABASE_URL do ambiente de testes (valor n├úo importa)

      at Object.<anonymous> (__tests__/config/jest.setup.js:125:17)

    console.log
      ­ƒøí´©Å [jest.setup] Prote├º├úo do banco de testes ativada - usando: nr-bps_db_test

      at Object.<anonymous> (__tests__/config/jest.setup.js:150:13)

FAIL __tests__/integration/ensure-admin-password.test.ts
  ÔùÅ Console

    console.log
      [dotenv@17.2.3] injecting env (0) from .env.test -- tip: ÔÜÖ´©Å  enable debug logging with { debug: true }

      at _log (node_modules/.pnpm/dotenv@17.2.3/node_modules/dotenv/lib/main.js:142:11)

    console.log
      ­ƒøí´©Å [jest.setup] Removendo DATABASE_URL do ambiente de testes (valor n├úo importa)

      at Object.<anonymous> (__tests__/config/jest.setup.js:125:17)

    console.log
      ­ƒøí´©Å [jest.setup] Prote├º├úo do banco de testes ativada - usando: nr-bps_db_test

      at Object.<anonymous> (__tests__/config/jest.setup.js:150:13)

    console.log
      ­ƒöî [lib/db.ts] Conectado ao banco: nr-bps_db_test @ localhost (ambiente: test)

      at Object.log (lib/db.ts:673:15)

  ÔùÅ Inicializa├º├úo: garantir hash do admin (dev/test) ÔÇ║ corrige hash corrompido do admin

    error: coluna "clinica_id" da rela├º├úo "funcionarios" n├úo existe

      487 |         // No session: just execute the query normally
      488 |         try {
    > 489 |           const result = await client.query(text, params);
          |                          ^
      490 |           const duration = Date.now() - start;
      491 |
      492 |           // Log apenas queries lentas (>500ms)

      at node_modules/.pnpm/pg@8.16.3/node_modules/pg/lib/client.js:545:17
      at query (lib/db.ts:489:26)
      at Object.<anonymous> (__tests__/integration/ensure-admin-password.test.ts:12:5)

PASS __tests__/components/ConfirmacaoStep.test.tsx
  ÔùÅ Console

    console.log
      [dotenv@17.2.3] injecting env (0) from .env.test -- tip: ­ƒôí add observability to secrets: https://dotenvx.com/ops

      at _log (node_modules/.pnpm/dotenv@17.2.3/node_modules/dotenv/lib/main.js:142:11)

    console.log
      ­ƒøí´©Å [jest.setup] Removendo DATABASE_URL do ambiente de testes (valor n├úo importa)

      at Object.<anonymous> (__tests__/config/jest.setup.js:125:17)

    console.log
      ­ƒøí´©Å [jest.setup] Prote├º├úo do banco de testes ativada - usando: nr-bps_db_test

      at Object.<anonymous> (__tests__/config/jest.setup.js:150:13)

RBAC seed applied to test database
PASS __tests__/components/admin/AdminSidebar-logout.test.tsx
  ÔùÅ Console

    console.log
      [dotenv@17.2.3] injecting env (0) from .env.test -- tip: ­ƒùé´©Å backup and recover secrets: https://dotenvx.com/ops

      at _log (node_modules/.pnpm/dotenv@17.2.3/node_modules/dotenv/lib/main.js:142:11)

    console.log
      ­ƒøí´©Å [jest.setup] Removendo DATABASE_URL do ambiente de testes (valor n├úo importa)

      at Object.<anonymous> (__tests__/config/jest.setup.js:125:17)

    console.log
      ­ƒøí´©Å [jest.setup] Prote├º├úo do banco de testes ativada - usando: nr-bps_db_test

      at Object.<anonymous> (__tests__/config/jest.setup.js:150:13)

RBAC seed applied to test database
PASS __tests__/components/CobrancaContent.pagination.test.tsx
  ÔùÅ Console

    console.log
      [dotenv@17.2.3] injecting env (0) from .env.test -- tip: ­ƒùé´©Å backup and recover secrets: https://dotenvx.com/ops

      at _log (node_modules/.pnpm/dotenv@17.2.3/node_modules/dotenv/lib/main.js:142:11)

    console.log
      ­ƒøí´©Å [jest.setup] Removendo DATABASE_URL do ambiente de testes (valor n├úo importa)

      at Object.<anonymous> (__tests__/config/jest.setup.js:125:17)

    console.log
      ­ƒøí´©Å [jest.setup] Prote├º├úo do banco de testes ativada - usando: nr-bps_db_test

      at Object.<anonymous> (__tests__/config/jest.setup.js:150:13)

RBAC seed applied to test database
RBAC seed applied to test database
RBAC seed applied to test database
PASS __tests__/api/novos-cadastros-action-schema.test.ts
  ÔùÅ Console

    console.log
      [dotenv@17.2.3] injecting env (0) from .env.test -- tip: ÔÜÖ´©Å  specify custom .env file path with { path: '/custom/path/.env' }

      at _log (node_modules/.pnpm/dotenv@17.2.3/node_modules/dotenv/lib/main.js:142:11)

    console.log
      ­ƒøí´©Å [jest.setup] Removendo DATABASE_URL do ambiente de testes (valor n├úo importa)

      at Object.<anonymous> (__tests__/config/jest.setup.js:125:17)

    console.log
      ­ƒøí´©Å [jest.setup] Prote├º├úo do banco de testes ativada - usando: nr-bps_db_test

      at Object.<anonymous> (__tests__/config/jest.setup.js:150:13)

PASS __tests__/api/auth/logout.test.ts
  ÔùÅ Console

    console.log
      [dotenv@17.2.3] injecting env (0) from .env.test -- tip: ­ƒöÉ encrypt with Dotenvx: https://dotenvx.com

      at _log (node_modules/.pnpm/dotenv@17.2.3/node_modules/dotenv/lib/main.js:142:11)

    console.log
      ­ƒøí´©Å [jest.setup] Removendo DATABASE_URL do ambiente de testes (valor n├úo importa)

      at Object.<anonymous> (__tests__/config/jest.setup.js:125:17)

    console.log
      ­ƒøí´©Å [jest.setup] Prote├º├úo do banco de testes ativada - usando: nr-bps_db_test

      at Object.<anonymous> (__tests__/config/jest.setup.js:150:13)

    console.log
      ­ƒöî [lib/db.ts] Conectado ao banco: nr-bps_db_test @ localhost (ambiente: test)

      at Object.log (lib/db.ts:673:15)

PASS __tests__/components/LotesGrid.test.tsx
  ÔùÅ Console

    console.log
      [dotenv@17.2.3] injecting env (0) from .env.test -- tip: ÔÜÖ´©Å  enable debug logging with { debug: true }

      at _log (node_modules/.pnpm/dotenv@17.2.3/node_modules/dotenv/lib/main.js:142:11)

    console.log
      ­ƒøí´©Å [jest.setup] Removendo DATABASE_URL do ambiente de testes (valor n├úo importa)

      at Object.<anonymous> (__tests__/config/jest.setup.js:125:17)

    console.log
      ­ƒøí´©Å [jest.setup] Prote├º├úo do banco de testes ativada - usando: nr-bps_db_test

      at Object.<anonymous> (__tests__/config/jest.setup.js:150:13)

RBAC seed applied to test database
PASS __tests__/api/entidade/funcionarios-status.test.ts
  ÔùÅ Console

    console.log
      [dotenv@17.2.3] injecting env (0) from .env.test -- tip: ­ƒôí add observability to secrets: https://dotenvx.com/ops

      at _log (node_modules/.pnpm/dotenv@17.2.3/node_modules/dotenv/lib/main.js:142:11)

    console.log
      ­ƒøí´©Å [jest.setup] Removendo DATABASE_URL do ambiente de testes (valor n├úo importa)

      at Object.<anonymous> (__tests__/config/jest.setup.js:125:17)

    console.log
      ­ƒøí´©Å [jest.setup] Prote├º├úo do banco de testes ativada - usando: nr-bps_db_test

      at Object.<anonymous> (__tests__/config/jest.setup.js:150:13)

    console.log
      ­ƒöî [lib/db.ts] Conectado ao banco: nr-bps_db_test @ localhost (ambiente: test)

      at Object.log (lib/db.ts:673:15)

RBAC seed applied to test database
RBAC seed applied to test database
RBAC seed applied to test database
FAIL __tests__/database/audit-log-with-context.test.ts
  ÔùÅ Console

    console.log
      [dotenv@17.2.3] injecting env (0) from .env.test -- tip: ÔÜÖ´©Å  load multiple .env files with { path: ['.env.local', '.env'] }

      at _log (node_modules/.pnpm/dotenv@17.2.3/node_modules/dotenv/lib/main.js:142:11)

    console.log
      ­ƒøí´©Å [jest.setup] Removendo DATABASE_URL do ambiente de testes (valor n├úo importa)

      at Object.<anonymous> (__tests__/config/jest.setup.js:125:17)

    console.log
      ­ƒøí´©Å [jest.setup] Prote├º├úo do banco de testes ativada - usando: nr-bps_db_test

      at Object.<anonymous> (__tests__/config/jest.setup.js:150:13)

    console.log
      ­ƒöî [lib/db.ts] Conectado ao banco: nr-bps_db_test @ localhost (ambiente: test)

      at Object.log (lib/db.ts:673:15)

  ÔùÅ audit_log_with_context defensive behavior ÔÇ║ should insert an audit log and return its id

    error: coluna "contratante_id" da rela├º├úo "audit_logs" n├úo existe

      487 |         // No session: just execute the query normally
      488 |         try {
    > 489 |           const result = await client.query(text, params);
          |                          ^
      490 |           const duration = Date.now() - start;
      491 |
      492 |           // Log apenas queries lentas (>500ms)

      at node_modules/.pnpm/pg@8.16.3/node_modules/pg/lib/client.js:545:17
      at query (lib/db.ts:489:26)
      at Object.<anonymous> (__tests__/database/audit-log-with-context.test.ts:11:17)

PASS __tests__/security/rls-context-visibility.test.ts
  ÔùÅ Console

    console.log
      [dotenv@17.2.3] injecting env (0) from .env.test -- tip: ­ƒöä add secrets lifecycle management: https://dotenvx.com/ops

      at _log (node_modules/.pnpm/dotenv@17.2.3/node_modules/dotenv/lib/main.js:142:11)

    console.log
      ­ƒøí´©Å [jest.setup] Removendo DATABASE_URL do ambiente de testes (valor n├úo importa)

      at Object.<anonymous> (__tests__/config/jest.setup.js:125:17)

    console.log
      ­ƒøí´©Å [jest.setup] Prote├º├úo do banco de testes ativada - usando: nr-bps_db_test

      at Object.<anonymous> (__tests__/config/jest.setup.js:150:13)

    console.log
      ­ƒöî [lib/db.ts] Conectado ao banco: nr-bps_db_test @ localhost (ambiente: test)

      at Object.log (lib/db.ts:673:15)

    console.log
      [db][query] local (194ms): SELECT current_setting('app.current_user_cpf', true) AS val...

      at log (lib/db.ts:468:23)

    console.log
      [db][query] local (3ms): SELECT current_setting('app.current_user_perfil', true) AS val...

      at log (lib/db.ts:468:23)

    console.log
      [db][query] local (3ms): SELECT current_setting('app.current_user_clinica_id', true) AS val...

      at log (lib/db.ts:468:23)

PASS __tests__/database/laudos-schema.test.ts
  ÔùÅ Console

    console.log
      [dotenv@17.2.3] injecting env (0) from .env.test -- tip: ­ƒöÉ prevent building .env in docker: https://dotenvx.com/prebuild

      at _log (node_modules/.pnpm/dotenv@17.2.3/node_modules/dotenv/lib/main.js:142:11)

    console.log
      ­ƒøí´©Å [jest.setup] Removendo DATABASE_URL do ambiente de testes (valor n├úo importa)

      at Object.<anonymous> (__tests__/config/jest.setup.js:125:17)

    console.log
      ­ƒøí´©Å [jest.setup] Prote├º├úo do banco de testes ativada - usando: nr-bps_db_test

      at Object.<anonymous> (__tests__/config/jest.setup.js:150:13)

    console.log
      ­ƒöî [lib/db.ts] Conectado ao banco: nr-bps_db_test @ localhost (ambiente: test)

      at Object.log (lib/db.ts:673:15)

RBAC seed applied to test database
PASS __tests__/components/QuestionModalExit.test.tsx
  ÔùÅ Console

    console.log
      [dotenv@17.2.3] injecting env (0) from .env.test -- tip: ÔÜÖ´©Å  override existing env vars with { override: true }

      at _log (node_modules/.pnpm/dotenv@17.2.3/node_modules/dotenv/lib/main.js:142:11)

    console.log
      ­ƒøí´©Å [jest.setup] Removendo DATABASE_URL do ambiente de testes (valor n├úo importa)

      at Object.<anonymous> (__tests__/config/jest.setup.js:125:17)

    console.log
      ­ƒøí´©Å [jest.setup] Prote├º├úo do banco de testes ativada - usando: nr-bps_db_test

      at Object.<anonymous> (__tests__/config/jest.setup.js:150:13)

RBAC seed applied to test database
RBAC seed applied to test database
PASS __tests__/api/rh/funcionarios.block-admin.test.ts
  ÔùÅ Console

    console.log
      [dotenv@17.2.3] injecting env (0) from .env.test -- tip: ­ƒöÉ prevent building .env in docker: https://dotenvx.com/prebuild

      at _log (node_modules/.pnpm/dotenv@17.2.3/node_modules/dotenv/lib/main.js:142:11)

    console.log
      ­ƒøí´©Å [jest.setup] Removendo DATABASE_URL do ambiente de testes (valor n├úo importa)

      at Object.<anonymous> (__tests__/config/jest.setup.js:125:17)

    console.log
      ­ƒøí´©Å [jest.setup] Prote├º├úo do banco de testes ativada - usando: nr-bps_db_test

      at Object.<anonymous> (__tests__/config/jest.setup.js:150:13)

    console.log
      ­ƒöî [lib/db.ts] Conectado ao banco: nr-bps_db_test @ localhost (ambiente: test)

      at Object.log (lib/db.ts:673:15)

    console.log
      ­ƒöî [lib/db.ts] Conectado ao banco: nr-bps_db_test @ localhost (ambiente: test)

      at Object.log (lib/db.ts:673:15)

RBAC seed applied to test database
FAIL __tests__/api/entidade/funcionarios.denorm.test.ts
  ÔùÅ Console

    console.log
      [dotenv@17.2.3] injecting env (0) from .env.test -- tip: ÔÜÖ´©Å  suppress all logs with { quiet: true }

      at _log (node_modules/.pnpm/dotenv@17.2.3/node_modules/dotenv/lib/main.js:142:11)

    console.log
      ­ƒøí´©Å [jest.setup] Removendo DATABASE_URL do ambiente de testes (valor n├úo importa)

      at Object.<anonymous> (__tests__/config/jest.setup.js:125:17)

    console.log
      ­ƒøí´©Å [jest.setup] Prote├º├úo do banco de testes ativada - usando: nr-bps_db_test

      at Object.<anonymous> (__tests__/config/jest.setup.js:150:13)

    console.log
      ­ƒöî [lib/db.ts] Conectado ao banco: nr-bps_db_test @ localhost (ambiente: test)

      at Object.log (lib/db.ts:673:15)

    console.log
      ­ƒöî [lib/db.ts] Conectado ao banco: nr-bps_db_test @ localhost (ambiente: test)

      at Object.log (lib/db.ts:673:15)

  ÔùÅ GET /api/entidade/funcionarios (denormalized columns present) ÔÇ║ deve retornar NextResponse sem erro (colunas denormalizadas presentes)

    expect(received).not.toBe(expected) // Object.is equality

    Expected: not 500

      21 |     expect(typeof (response as any).status).toBe('number');
      22 |     // Se a query executou com sucesso, n├úo deve conter erro 42703
    > 23 |     expect((response as any).status).not.toBe(500);
         |                                          ^
      24 |   }, 10000);
      25 | });
      26 |

      at Object.toBe (__tests__/api/entidade/funcionarios.denorm.test.ts:23:42)

FAIL __tests__/api/rh/pendencias.block-admin.test.ts
  ÔùÅ Console

    console.log
      [dotenv@17.2.3] injecting env (0) from .env.test -- tip: ­ƒöä add secrets lifecycle management: https://dotenvx.com/ops

      at _log (node_modules/.pnpm/dotenv@17.2.3/node_modules/dotenv/lib/main.js:142:11)

    console.log
      ­ƒøí´©Å [jest.setup] Removendo DATABASE_URL do ambiente de testes (valor n├úo importa)

      at Object.<anonymous> (__tests__/config/jest.setup.js:125:17)

    console.log
      ­ƒøí´©Å [jest.setup] Prote├º├úo do banco de testes ativada - usando: nr-bps_db_test

      at Object.<anonymous> (__tests__/config/jest.setup.js:150:13)

    console.log
      ­ƒöî [lib/db.ts] Conectado ao banco: nr-bps_db_test @ localhost (ambiente: test)

      at Object.log (lib/db.ts:673:15)

  ÔùÅ /api/rh/pendencias - admin blocked ÔÇ║ deve retornar 403 para admin

    expect(received).toBe(expected) // Object.is equality

    Expected: "Acesso negado"
    Received: "N├úo autorizado"

      26 |
      27 |     expect(response.status).toBe(403);
    > 28 |     expect(data.error).toBe('Acesso negado');
         |                        ^
      29 |   });
      30 | });
      31 |

      at Object.toBe (__tests__/api/rh/pendencias.block-admin.test.ts:28:24)

RBAC seed applied to test database
RBAC seed applied to test database
PASS __tests__/lib/date-formatting.test.ts
  ÔùÅ Console

    console.log
      [dotenv@17.2.3] injecting env (0) from .env.test -- tip: Ô£à audit secrets and track compliance: https://dotenvx.com/ops

      at _log (node_modules/.pnpm/dotenv@17.2.3/node_modules/dotenv/lib/main.js:142:11)

    console.log
      ­ƒøí´©Å [jest.setup] Removendo DATABASE_URL do ambiente de testes (valor n├úo importa)

      at Object.<anonymous> (__tests__/config/jest.setup.js:125:17)

    console.log
      ­ƒøí´©Å [jest.setup] Prote├º├úo do banco de testes ativada - usando: nr-bps_db_test

      at Object.<anonymous> (__tests__/config/jest.setup.js:150:13)

RBAC seed applied to test database
RBAC seed applied to test database
PASS __tests__/dashboard/Dashboard.test.tsx
  ÔùÅ Console

    console.log
      [dotenv@17.2.3] injecting env (0) from .env.test -- tip: ­ƒöÉ prevent building .env in docker: https://dotenvx.com/prebuild

      at _log (node_modules/.pnpm/dotenv@17.2.3/node_modules/dotenv/lib/main.js:142:11)

    console.log
      ­ƒøí´©Å [jest.setup] Removendo DATABASE_URL do ambiente de testes (valor n├úo importa)

      at Object.<anonymous> (__tests__/config/jest.setup.js:125:17)

    console.log
      ­ƒøí´©Å [jest.setup] Prote├º├úo do banco de testes ativada - usando: nr-bps_db_test

      at Object.<anonymous> (__tests__/config/jest.setup.js:150:13)

PASS __tests__/components/QuestionModal.test.tsx
  ÔùÅ Console

    console.log
      [dotenv@17.2.3] injecting env (0) from .env.test -- tip: ÔÜÖ´©Å  enable debug logging with { debug: true }

      at _log (node_modules/.pnpm/dotenv@17.2.3/node_modules/dotenv/lib/main.js:142:11)

    console.log
      ­ƒøí´©Å [jest.setup] Removendo DATABASE_URL do ambiente de testes (valor n├úo importa)

      at Object.<anonymous> (__tests__/config/jest.setup.js:125:17)

    console.log
      ­ƒøí´©Å [jest.setup] Prote├º├úo do banco de testes ativada - usando: nr-bps_db_test

      at Object.<anonymous> (__tests__/config/jest.setup.js:150:13)

PASS __tests__/api/jobs/process-pdf-disabled.test.ts
  ÔùÅ Console

    console.log
      [dotenv@17.2.3] injecting env (0) from .env.test -- tip: ­ƒöÉ prevent committing .env to code: https://dotenvx.com/precommit

      at _log (node_modules/.pnpm/dotenv@17.2.3/node_modules/dotenv/lib/main.js:142:11)

    console.log
      ­ƒøí´©Å [jest.setup] Removendo DATABASE_URL do ambiente de testes (valor n├úo importa)

      at Object.<anonymous> (__tests__/config/jest.setup.js:125:17)

    console.log
      ­ƒøí´©Å [jest.setup] Prote├º├úo do banco de testes ativada - usando: nr-bps_db_test

      at Object.<anonymous> (__tests__/config/jest.setup.js:150:13)

RBAC seed applied to test database
RBAC seed applied to test database
RBAC seed applied to test database
PASS __tests__/db/laudo-columns.test.ts
  ÔùÅ Console

    console.log
      [dotenv@17.2.3] injecting env (0) from .env.test -- tip: ÔÜÖ´©Å  enable debug logging with { debug: true }

      at _log (node_modules/.pnpm/dotenv@17.2.3/node_modules/dotenv/lib/main.js:142:11)

    console.log
      ­ƒøí´©Å [jest.setup] Removendo DATABASE_URL do ambiente de testes (valor n├úo importa)

      at Object.<anonymous> (__tests__/config/jest.setup.js:125:17)

    console.log
      ­ƒøí´©Å [jest.setup] Prote├º├úo do banco de testes ativada - usando: nr-bps_db_test

      at Object.<anonymous> (__tests__/config/jest.setup.js:150:13)

    console.log
      ­ƒöî [lib/db.ts] Conectado ao banco: nr-bps_db_test @ localhost (ambiente: test)

      at Object.log (lib/db.ts:673:15)

RBAC seed applied to test database
PASS __tests__/lib/lote-id-allocator.test.ts
  ÔùÅ Console

    console.log
      [dotenv@17.2.3] injecting env (0) from .env.test -- tip: Ô£à audit secrets and track compliance: https://dotenvx.com/ops

      at _log (node_modules/.pnpm/dotenv@17.2.3/node_modules/dotenv/lib/main.js:142:11)

    console.log
      ­ƒøí´©Å [jest.setup] Removendo DATABASE_URL do ambiente de testes (valor n├úo importa)

      at Object.<anonymous> (__tests__/config/jest.setup.js:125:17)

    console.log
      ­ƒøí´©Å [jest.setup] Prote├º├úo do banco de testes ativada - usando: nr-bps_db_test

      at Object.<anonymous> (__tests__/config/jest.setup.js:150:13)

    console.log
      ­ƒöî [lib/db.ts] Conectado ao banco: nr-bps_db_test @ localhost (ambiente: test)

      at Object.log (lib/db.ts:673:15)

RBAC seed applied to test database
FAIL __tests__/lib/build-grupos-from-respostas.test.ts (6.234 s)
  ÔùÅ Console

    console.log
      [dotenv@17.2.3] injecting env (0) from .env.test -- tip: ­ƒöÉ prevent building .env in docker: https://dotenvx.com/prebuild

      at _log (node_modules/.pnpm/dotenv@17.2.3/node_modules/dotenv/lib/main.js:142:11)

    console.log
      ­ƒøí´©Å [jest.setup] Removendo DATABASE_URL do ambiente de testes (valor n├úo importa)

      at Object.<anonymous> (__tests__/config/jest.setup.js:125:17)

    console.log
      ­ƒøí´©Å [jest.setup] Prote├º├úo do banco de testes ativada - usando: nr-bps_db_test

      at Object.<anonymous> (__tests__/config/jest.setup.js:150:13)

  ÔùÅ buildGruposFromRespostas ÔÇ║ deve filtrar respostas inv├ílidas e criar grupos corretamente

    expect(received).toEqual(expected) // deep equality

    - Expected  - 2
    + Received  + 2

      Array [
    -   1,
    -   2,
    +   undefined,
    +   undefined,
      ]

      13 |
      14 |     // Deve conter apenas grupos 1 e 2
    > 15 |     expect(grupos.map((g) => g.id).sort()).toEqual([1, 2]);
         |                                            ^
      16 |
      17 |     const g1 = grupos.find((g) => g.id === 1)!;
      18 |     expect(g1.respostas.map((r) => r.item)).toEqual(['Q1']);

      at Object.toEqual (__tests__/lib/build-grupos-from-respostas.test.ts:15:44)

PASS __tests__/lib/legacy-profiles.test.ts
  ÔùÅ Console

    console.log
      [dotenv@17.2.3] injecting env (0) from .env.test -- tip: ÔÜÖ´©Å  specify custom .env file path with { path: '/custom/path/.env' }

      at _log (node_modules/.pnpm/dotenv@17.2.3/node_modules/dotenv/lib/main.js:142:11)

    console.log
      ­ƒøí´©Å [jest.setup] Removendo DATABASE_URL do ambiente de testes (valor n├úo importa)

      at Object.<anonymous> (__tests__/config/jest.setup.js:125:17)

    console.log
      ­ƒøí´©Å [jest.setup] Prote├º├úo do banco de testes ativada - usando: nr-bps_db_test

      at Object.<anonymous> (__tests__/config/jest.setup.js:150:13)

RBAC seed applied to test database
RBAC seed applied to test database
PASS __tests__/system/query-client-provider.test.tsx (10.147 s)
  ÔùÅ Console

    console.log
      [dotenv@17.2.3] injecting env (0) from .env.test -- tip: ÔÜÖ´©Å  override existing env vars with { override: true }

      at _log (node_modules/.pnpm/dotenv@17.2.3/node_modules/dotenv/lib/main.js:142:11)

    console.log
      ­ƒøí´©Å [jest.setup] Removendo DATABASE_URL do ambiente de testes (valor n├úo importa)

      at Object.<anonymous> (__tests__/config/jest.setup.js:125:17)

    console.log
      ­ƒøí´©Å [jest.setup] Prote├º├úo do banco de testes ativada - usando: nr-bps_db_test

      at Object.<anonymous> (__tests__/config/jest.setup.js:150:13)

RBAC seed applied to test database
RBAC seed applied to test database
PASS __tests__/contracts/terms-contrato.page.test.tsx
  ÔùÅ Console

    console.log
      [dotenv@17.2.3] injecting env (0) from .env.test -- tip: ÔÜÖ´©Å  override existing env vars with { override: true }

      at _log (node_modules/.pnpm/dotenv@17.2.3/node_modules/dotenv/lib/main.js:142:11)

    console.log
      ­ƒøí´©Å [jest.setup] Removendo DATABASE_URL do ambiente de testes (valor n├úo importa)

      at Object.<anonymous> (__tests__/config/jest.setup.js:125:17)

    console.log
      ­ƒøí´©Å [jest.setup] Prote├º├úo do banco de testes ativada - usando: nr-bps_db_test

      at Object.<anonymous> (__tests__/config/jest.setup.js:150:13)

RBAC seed applied to test database
PASS __tests__/clinica/clinica-empresas-section.test.tsx
  ÔùÅ Console

    console.log
      [dotenv@17.2.3] injecting env (0) from .env.test -- tip: Ô£à audit secrets and track compliance: https://dotenvx.com/ops

      at _log (node_modules/.pnpm/dotenv@17.2.3/node_modules/dotenv/lib/main.js:142:11)

    console.log
      ­ƒøí´©Å [jest.setup] Removendo DATABASE_URL do ambiente de testes (valor n├úo importa)

      at Object.<anonymous> (__tests__/config/jest.setup.js:125:17)

    console.log
      ­ƒøí´©Å [jest.setup] Prote├º├úo do banco de testes ativada - usando: nr-bps_db_test

      at Object.<anonymous> (__tests__/config/jest.setup.js:150:13)

    console.error
      Warning: An update to EmpresasSection inside a test was not wrapped in act(...).
      
      When testing, code that causes React state updates should be wrapped into act(...):
      
      act(() => {
        /* fire events that update state */
      });
      /* assert on the output */
      
      This ensures that you're testing the behavior the user would see in the browser. Learn more at https://reactjs.org/link/wrap-tests-with-act
          at EmpresasSection (C:\apps\QWork\components\clinica\EmpresasSection.tsx:37:43)

      48 |       if (empresasRes.ok) {
      49 |         const empresasData = await empresasRes.json();
    > 50 |         setEmpresas(empresasData);
         |         ^
      51 |         setSessionError(null); // Limpar erro se sucesso
      52 |       } else if (empresasRes.status === 403) {
      53 |         const errorData = await empresasRes.json();

      at printWarning (node_modules/.pnpm/react-dom@18.3.1_react@18.3.1/node_modules/react-dom/cjs/react-dom.development.js:86:30)
      at error (node_modules/.pnpm/react-dom@18.3.1_react@18.3.1/node_modules/react-dom/cjs/react-dom.development.js:60:7)
      at warnIfUpdatesNotWrappedWithActDEV (node_modules/.pnpm/react-dom@18.3.1_react@18.3.1/node_modules/react-dom/cjs/react-dom.development.js:27628:9)
      at scheduleUpdateOnFiber (node_modules/.pnpm/react-dom@18.3.1_react@18.3.1/node_modules/react-dom/cjs/react-dom.development.js:25547:5)
      at dispatchSetState (node_modules/.pnpm/react-dom@18.3.1_react@18.3.1/node_modules/react-dom/cjs/react-dom.development.js:16708:7)
      at setEmpresas (components/clinica/EmpresasSection.tsx:50:9)
      at toggleEmpresaStatus (components/clinica/EmpresasSection.tsx:106:9)

    console.error
      Warning: An update to EmpresasSection inside a test was not wrapped in act(...).
      
      When testing, code that causes React state updates should be wrapped into act(...):
      
      act(() => {
        /* fire events that update state */
      });
      /* assert on the output */
      
      This ensures that you're testing the behavior the user would see in the browser. Learn more at https://reactjs.org/link/wrap-tests-with-act
          at EmpresasSection (C:\apps\QWork\components\clinica\EmpresasSection.tsx:37:43)

      49 |         const empresasData = await empresasRes.json();
      50 |         setEmpresas(empresasData);
    > 51 |         setSessionError(null); // Limpar erro se sucesso
         |         ^
      52 |       } else if (empresasRes.status === 403) {
      53 |         const errorData = await empresasRes.json();
      54 |         setSessionError(

      at printWarning (node_modules/.pnpm/react-dom@18.3.1_react@18.3.1/node_modules/react-dom/cjs/react-dom.development.js:86:30)
      at error (node_modules/.pnpm/react-dom@18.3.1_react@18.3.1/node_modules/react-dom/cjs/react-dom.development.js:60:7)
      at warnIfUpdatesNotWrappedWithActDEV (node_modules/.pnpm/react-dom@18.3.1_react@18.3.1/node_modules/react-dom/cjs/react-dom.development.js:27628:9)
      at scheduleUpdateOnFiber (node_modules/.pnpm/react-dom@18.3.1_react@18.3.1/node_modules/react-dom/cjs/react-dom.development.js:25547:5)
      at dispatchSetState (node_modules/.pnpm/react-dom@18.3.1_react@18.3.1/node_modules/react-dom/cjs/react-dom.development.js:16708:7)
      at setSessionError (components/clinica/EmpresasSection.tsx:51:9)
      at toggleEmpresaStatus (components/clinica/EmpresasSection.tsx:106:9)

    console.error
      Warning: An update to EmpresasSection inside a test was not wrapped in act(...).
      
      When testing, code that causes React state updates should be wrapped into act(...):
      
      act(() => {
        /* fire events that update state */
      });
      /* assert on the output */
      
      This ensures that you're testing the behavior the user would see in the browser. Learn more at https://reactjs.org/link/wrap-tests-with-act
          at EmpresasSection (C:\apps\QWork\components\clinica\EmpresasSection.tsx:37:43)

      68 |       if (statsRes.ok) {
      69 |         const statsData = await statsRes.json();
    > 70 |         setStats(statsData);
         |         ^
      71 |       }
      72 |     } catch (error) {
      73 |       console.error('Erro ao carregar dados:', error);

      at printWarning (node_modules/.pnpm/react-dom@18.3.1_react@18.3.1/node_modules/react-dom/cjs/react-dom.development.js:86:30)
      at error (node_modules/.pnpm/react-dom@18.3.1_react@18.3.1/node_modules/react-dom/cjs/react-dom.development.js:60:7)
      at warnIfUpdatesNotWrappedWithActDEV (node_modules/.pnpm/react-dom@18.3.1_react@18.3.1/node_modules/react-dom/cjs/react-dom.development.js:27628:9)
      at scheduleUpdateOnFiber (node_modules/.pnpm/react-dom@18.3.1_react@18.3.1/node_modules/react-dom/cjs/react-dom.development.js:25547:5)
      at dispatchSetState (node_modules/.pnpm/react-dom@18.3.1_react@18.3.1/node_modules/react-dom/cjs/react-dom.development.js:16708:7)
      at setStats (components/clinica/EmpresasSection.tsx:70:9)
      at toggleEmpresaStatus (components/clinica/EmpresasSection.tsx:106:9)

    console.error
      Warning: An update to EmpresasSection inside a test was not wrapped in act(...).
      
      When testing, code that causes React state updates should be wrapped into act(...):
      
      act(() => {
        /* fire events that update state */
      });
      /* assert on the output */
      
      This ensures that you're testing the behavior the user would see in the browser. Learn more at https://reactjs.org/link/wrap-tests-with-act
          at EmpresasSection (C:\apps\QWork\components\clinica\EmpresasSection.tsx:37:43)

      74 |       setSessionError('Erro ao carregar dados. Tente novamente mais tarde.');
      75 |     } finally {
    > 76 |       setLoading(false);
         |       ^
      77 |     }
      78 |   };
      79 |

      at printWarning (node_modules/.pnpm/react-dom@18.3.1_react@18.3.1/node_modules/react-dom/cjs/react-dom.development.js:86:30)
      at error (node_modules/.pnpm/react-dom@18.3.1_react@18.3.1/node_modules/react-dom/cjs/react-dom.development.js:60:7)
      at warnIfUpdatesNotWrappedWithActDEV (node_modules/.pnpm/react-dom@18.3.1_react@18.3.1/node_modules/react-dom/cjs/react-dom.development.js:27628:9)
      at scheduleUpdateOnFiber (node_modules/.pnpm/react-dom@18.3.1_react@18.3.1/node_modules/react-dom/cjs/react-dom.development.js:25547:5)
      at dispatchSetState (node_modules/.pnpm/react-dom@18.3.1_react@18.3.1/node_modules/react-dom/cjs/react-dom.development.js:16708:7)
      at setLoading (components/clinica/EmpresasSection.tsx:76:7)
      at toggleEmpresaStatus (components/clinica/EmpresasSection.tsx:106:9)

RBAC seed applied to test database
PASS __tests__/admin/admin-contagem.test.tsx
  ÔùÅ Console

    console.log
      [dotenv@17.2.3] injecting env (0) from .env.test -- tip: ­ƒæÑ sync secrets across teammates & machines: https://dotenvx.com/ops

      at _log (node_modules/.pnpm/dotenv@17.2.3/node_modules/dotenv/lib/main.js:142:11)

    console.log
      ­ƒøí´©Å [jest.setup] Removendo DATABASE_URL do ambiente de testes (valor n├úo importa)

      at Object.<anonymous> (__tests__/config/jest.setup.js:125:17)

    console.log
      ­ƒøí´©Å [jest.setup] Prote├º├úo do banco de testes ativada - usando: nr-bps_db_test

      at Object.<anonymous> (__tests__/config/jest.setup.js:150:13)

PASS __tests__/admin/admin-contagem-api.test.ts
  ÔùÅ Console

    console.log
      [dotenv@17.2.3] injecting env (0) from .env.test -- tip: ­ƒöÉ prevent committing .env to code: https://dotenvx.com/precommit

      at _log (node_modules/.pnpm/dotenv@17.2.3/node_modules/dotenv/lib/main.js:142:11)

    console.log
      ­ƒøí´©Å [jest.setup] Removendo DATABASE_URL do ambiente de testes (valor n├úo importa)

      at Object.<anonymous> (__tests__/config/jest.setup.js:125:17)

    console.log
      ­ƒøí´©Å [jest.setup] Prote├º├úo do banco de testes ativada - usando: nr-bps_db_test

      at Object.<anonymous> (__tests__/config/jest.setup.js:150:13)

RBAC seed applied to test database
PASS __tests__/components/FlowStepsExplainer.test.tsx
  ÔùÅ Console

    console.log
      [dotenv@17.2.3] injecting env (0) from .env.test -- tip: ­ƒùé´©Å backup and recover secrets: https://dotenvx.com/ops

      at _log (node_modules/.pnpm/dotenv@17.2.3/node_modules/dotenv/lib/main.js:142:11)

    console.log
      ­ƒøí´©Å [jest.setup] Removendo DATABASE_URL do ambiente de testes (valor n├úo importa)

      at Object.<anonymous> (__tests__/config/jest.setup.js:125:17)

    console.log
      ­ƒøí´©Å [jest.setup] Prote├º├úo do banco de testes ativada - usando: nr-bps_db_test

      at Object.<anonymous> (__tests__/config/jest.setup.js:150:13)

RBAC seed applied to test database
RBAC seed applied to test database
RBAC seed applied to test database
RBAC seed applied to test database
RBAC seed applied to test database
PASS __tests__/entidade/entidade-sidebar.test.tsx
  ÔùÅ Console

    console.log
      [dotenv@17.2.3] injecting env (0) from .env.test -- tip: ÔÜÖ´©Å  enable debug logging with { debug: true }

      at _log (node_modules/.pnpm/dotenv@17.2.3/node_modules/dotenv/lib/main.js:142:11)

    console.log
      ­ƒøí´©Å [jest.setup] Removendo DATABASE_URL do ambiente de testes (valor n├úo importa)

      at Object.<anonymous> (__tests__/config/jest.setup.js:125:17)

    console.log
      ­ƒøí´©Å [jest.setup] Prote├º├úo do banco de testes ativada - usando: nr-bps_db_test

      at Object.<anonymous> (__tests__/config/jest.setup.js:150:13)

PASS __tests__/integration/empresa-status-display.test.tsx
  ÔùÅ Console

    console.log
      [dotenv@17.2.3] injecting env (0) from .env.test -- tip: Ô£à audit secrets and track compliance: https://dotenvx.com/ops

      at _log (node_modules/.pnpm/dotenv@17.2.3/node_modules/dotenv/lib/main.js:142:11)

    console.log
      ­ƒøí´©Å [jest.setup] Removendo DATABASE_URL do ambiente de testes (valor n├úo importa)

      at Object.<anonymous> (__tests__/config/jest.setup.js:125:17)

    console.log
      ­ƒøí´©Å [jest.setup] Prote├º├úo do banco de testes ativada - usando: nr-bps_db_test

      at Object.<anonymous> (__tests__/config/jest.setup.js:150:13)

RBAC seed applied to test database
RBAC seed applied to test database
PASS __tests__/visual-regression/responsiveness.test.tsx
  ÔùÅ Console

    console.log
      [dotenv@17.2.3] injecting env (0) from .env.test -- tip: ÔÜÖ´©Å  write to custom object with { processEnv: myObject }

      at _log (node_modules/.pnpm/dotenv@17.2.3/node_modules/dotenv/lib/main.js:142:11)

    console.log
      ­ƒøí´©Å [jest.setup] Removendo DATABASE_URL do ambiente de testes (valor n├úo importa)

      at Object.<anonymous> (__tests__/config/jest.setup.js:125:17)

    console.log
      ­ƒøí´©Å [jest.setup] Prote├º├úo do banco de testes ativada - usando: nr-bps_db_test

      at Object.<anonymous> (__tests__/config/jest.setup.js:150:13)

PASS __tests__/visual-regression/page-snapshots.test.tsx
  ÔùÅ Console

    console.log
      [dotenv@17.2.3] injecting env (0) from .env.test -- tip: ÔÜÖ´©Å  specify custom .env file path with { path: '/custom/path/.env' }

      at _log (node_modules/.pnpm/dotenv@17.2.3/node_modules/dotenv/lib/main.js:142:11)

    console.log
      ­ƒøí´©Å [jest.setup] Removendo DATABASE_URL do ambiente de testes (valor n├úo importa)

      at Object.<anonymous> (__tests__/config/jest.setup.js:125:17)

    console.log
      ­ƒøí´©Å [jest.setup] Prote├º├úo do banco de testes ativada - usando: nr-bps_db_test

      at Object.<anonymous> (__tests__/config/jest.setup.js:150:13)

    console.log
      ­ƒöî [lib/db.ts] Conectado ao banco: nr-bps_db_test @ localhost (ambiente: test)

      at Object.log (lib/db.ts:673:15)

PASS __tests__/visual-regression/css-layout.test.tsx
  ÔùÅ Console

    console.log
      [dotenv@17.2.3] injecting env (0) from .env.test -- tip: ­ƒæÑ sync secrets across teammates & machines: https://dotenvx.com/ops

      at _log (node_modules/.pnpm/dotenv@17.2.3/node_modules/dotenv/lib/main.js:142:11)

    console.log
      ­ƒøí´©Å [jest.setup] Removendo DATABASE_URL do ambiente de testes (valor n├úo importa)

      at Object.<anonymous> (__tests__/config/jest.setup.js:125:17)

    console.log
      ­ƒøí´©Å [jest.setup] Prote├º├úo do banco de testes ativada - usando: nr-bps_db_test

      at Object.<anonymous> (__tests__/config/jest.setup.js:150:13)

PASS __tests__/monitor-lotes-laudos-19-02-2026.test.ts
  ÔùÅ Console

    console.log
      [dotenv@17.2.3] injecting env (0) from .env.test -- tip: ­ƒöä add secrets lifecycle management: https://dotenvx.com/ops

      at _log (node_modules/.pnpm/dotenv@17.2.3/node_modules/dotenv/lib/main.js:142:11)

    console.log
      ­ƒøí´©Å [jest.setup] Removendo DATABASE_URL do ambiente de testes (valor n├úo importa)

      at Object.<anonymous> (__tests__/config/jest.setup.js:125:17)

    console.log
      ­ƒøí´©Å [jest.setup] Prote├º├úo do banco de testes ativada - usando: nr-bps_db_test

      at Object.<anonymous> (__tests__/config/jest.setup.js:150:13)

    console.log
      ­ƒöî [lib/db.ts] Conectado ao banco: nr-bps_db_test @ localhost (ambiente: test)

      at Object.log (lib/db.ts:673:15)

  ÔùÅ  process.exit called with "1"

      192 | main().catch((e) => {
      193 |   console.error('[SYNC] Erro n├úo tratado:', e);
    > 194 |   process.exit(1);
          |           ^
      195 | });
      196 |
      197 | export { main };

      at exit (scripts/batch-sync-laudos.ts:194:11)
RBAC seed applied to test database
RBAC seed applied to test database
RBAC seed applied to test database
RBAC seed applied to test database
PASS __tests__/visual-regression/visual-consistency.test.tsx
  ÔùÅ Console

    console.log
      [dotenv@17.2.3] injecting env (0) from .env.test -- tip: ­ƒöÉ encrypt with Dotenvx: https://dotenvx.com

      at _log (node_modules/.pnpm/dotenv@17.2.3/node_modules/dotenv/lib/main.js:142:11)

    console.log
      ­ƒøí´©Å [jest.setup] Removendo DATABASE_URL do ambiente de testes (valor n├úo importa)

      at Object.<anonymous> (__tests__/config/jest.setup.js:125:17)

    console.log
      ­ƒøí´©Å [jest.setup] Prote├º├úo do banco de testes ativada - usando: nr-bps_db_test

      at Object.<anonymous> (__tests__/config/jest.setup.js:150:13)

PASS __tests__/entidade/account-info-plano.test.ts
  ÔùÅ Console

    console.log
      [dotenv@17.2.3] injecting env (0) from .env.test -- tip: ÔÜÖ´©Å  load multiple .env files with { path: ['.env.local', '.env'] }

      at _log (node_modules/.pnpm/dotenv@17.2.3/node_modules/dotenv/lib/main.js:142:11)

    console.log
      ­ƒøí´©Å [jest.setup] Removendo DATABASE_URL do ambiente de testes (valor n├úo importa)

      at Object.<anonymous> (__tests__/config/jest.setup.js:125:17)

    console.log
      ­ƒøí´©Å [jest.setup] Prote├º├úo do banco de testes ativada - usando: nr-bps_db_test

      at Object.<anonymous> (__tests__/config/jest.setup.js:150:13)

PASS __tests__/visual-regression/mobile-responsividade.test.tsx
  ÔùÅ Console

    console.log
      [dotenv@17.2.3] injecting env (0) from .env.test -- tip: ­ƒöÉ prevent committing .env to code: https://dotenvx.com/precommit

      at _log (node_modules/.pnpm/dotenv@17.2.3/node_modules/dotenv/lib/main.js:142:11)

    console.log
      ­ƒøí´©Å [jest.setup] Removendo DATABASE_URL do ambiente de testes (valor n├úo importa)

      at Object.<anonymous> (__tests__/config/jest.setup.js:125:17)

    console.log
      ­ƒøí´©Å [jest.setup] Prote├º├úo do banco de testes ativada - usando: nr-bps_db_test

      at Object.<anonymous> (__tests__/config/jest.setup.js:150:13)

PASS __tests__/visual-regression/component-specific.test.tsx
  ÔùÅ Console

    console.log
      [dotenv@17.2.3] injecting env (0) from .env.test -- tip: ­ƒöÉ encrypt with Dotenvx: https://dotenvx.com

      at _log (node_modules/.pnpm/dotenv@17.2.3/node_modules/dotenv/lib/main.js:142:11)

    console.log
      ­ƒøí´©Å [jest.setup] Removendo DATABASE_URL do ambiente de testes (valor n├úo importa)

      at Object.<anonymous> (__tests__/config/jest.setup.js:125:17)

    console.log
      ­ƒøí´©Å [jest.setup] Prote├º├úo do banco de testes ativada - usando: nr-bps_db_test

      at Object.<anonymous> (__tests__/config/jest.setup.js:150:13)

PASS __tests__/visual-regression/component-snapshots.test.tsx
  ÔùÅ Console

    console.log
      [dotenv@17.2.3] injecting env (0) from .env.test -- tip: ­ƒöæ add access controls to secrets: https://dotenvx.com/ops

      at _log (node_modules/.pnpm/dotenv@17.2.3/node_modules/dotenv/lib/main.js:142:11)

    console.log
      ­ƒøí´©Å [jest.setup] Removendo DATABASE_URL do ambiente de testes (valor n├úo importa)

      at Object.<anonymous> (__tests__/config/jest.setup.js:125:17)

    console.log
      ­ƒøí´©Å [jest.setup] Prote├º├úo do banco de testes ativada - usando: nr-bps_db_test

      at Object.<anonymous> (__tests__/config/jest.setup.js:150:13)

RBAC seed applied to test database
  ÔùÅ  process.exit called with "1"

      192 | main().catch((e) => {
      193 |   console.error('[SYNC] Erro n├úo tratado:', e);
    > 194 |   process.exit(1);
          |           ^
      195 | });
      196 |
      197 | export { main };

      at exit (scripts/batch-sync-laudos.ts:194:11)
RBAC seed applied to test database
  ÔùÅ  process.exit called with "1"

      192 | main().catch((e) => {
      193 |   console.error('[SYNC] Erro n├úo tratado:', e);
    > 194 |   process.exit(1);
          |           ^
      195 | });
      196 |
      197 | export { main };

      at exit (scripts/batch-sync-laudos.ts:194:11)
FAIL __tests__/scripts/batch-sync-laudos.test.ts
  ÔùÅ Test suite failed to run

    Jest worker encountered 4 child process exceptions, exceeding retry limit

      at ChildProcessWorker.initialize (node_modules/.pnpm/jest-worker@30.2.0/node_modules/jest-worker/build/index.js:805:21)

